Java HotSpot(TM) 64-Bit Server VM (25.221-b11) for bsd-amd64 JRE (1.8.0_221-b11), built on Jul  4 2019 04:36:22 by "java_re" with gcc 4.2.1 (Based on Apple Inc. build 5658) (LLVM build 2336.11.00)
Memory: 4k page, physical 8388608k(594180k free)

/proc/meminfo:

CommandLine flags: -XX:+ExplicitGCInvokesConcurrent -XX:GCLogFileSize=104857600 -XX:InitialHeapSize=1073741824 -XX:InitiatingHeapOccupancyPercent=35 -XX:+ManagementServer -XX:MaxGCPauseMillis=20 -XX:MaxHeapSize=1073741824 -XX:NumberOfGCLogFiles=10 -XX:+PrintGC -XX:+PrintGCDateStamps -XX:+PrintGCDetails -XX:+PrintGCTimeStamps -XX:+UseCompressedClassPointers -XX:+UseCompressedOops -XX:+UseG1GC -XX:+UseGCLogFileRotation 
2019-11-02T13:55:22.021+0800: 1.477: [GC pause (G1 Evacuation Pause) (young), 0.0143671 secs]
   [Parallel Time: 7.8 ms, GC Workers: 4]
      [GC Worker Start (ms): Min: 1477.3, Avg: 1477.4, Max: 1477.4, Diff: 0.1]
      [Ext Root Scanning (ms): Min: 0.9, Avg: 1.5, Max: 2.5, Diff: 1.5, Sum: 6.0]
      [Update RS (ms): Min: 0.0, Avg: 0.0, Max: 0.0, Diff: 0.0, Sum: 0.0]
         [Processed Buffers: Min: 0, Avg: 0.0, Max: 0, Diff: 0, Sum: 0]
      [Scan RS (ms): Min: 0.0, Avg: 0.0, Max: 0.0, Diff: 0.0, Sum: 0.0]
      [Code Root Scanning (ms): Min: 0.0, Avg: 0.6, Max: 1.5, Diff: 1.5, Sum: 2.5]
      [Object Copy (ms): Min: 4.9, Avg: 5.5, Max: 6.3, Diff: 1.4, Sum: 22.1]
      [Termination (ms): Min: 0.0, Avg: 0.0, Max: 0.0, Diff: 0.0, Sum: 0.0]
         [Termination Attempts: Min: 1, Avg: 1.8, Max: 4, Diff: 3, Sum: 7]
      [GC Worker Other (ms): Min: 0.0, Avg: 0.0, Max: 0.0, Diff: 0.0, Sum: 0.1]
      [GC Worker Total (ms): Min: 7.6, Avg: 7.7, Max: 7.7, Diff: 0.1, Sum: 30.7]
      [GC Worker End (ms): Min: 1485.0, Avg: 1485.1, Max: 1485.1, Diff: 0.0]
   [Code Root Fixup: 0.0 ms]
   [Code Root Purge: 0.0 ms]
   [Clear CT: 0.1 ms]
   [Other: 6.4 ms]
      [Choose CSet: 0.0 ms]
      [Ref Proc: 6.0 ms]
      [Ref Enq: 0.0 ms]
      [Redirty Cards: 0.1 ms]
      [Humongous Register: 0.0 ms]
      [Humongous Reclaim: 0.0 ms]
      [Free CSet: 0.1 ms]
   [Eden: 51.0M(51.0M)->0.0B(44.0M) Survivors: 0.0B->7168.0K Heap: 51.0M(1024.0M)->8614.5K(1024.0M)]
 [Times: user=0.03 sys=0.01, real=0.01 secs] 
2019-11-02T13:55:22.534+0800: 1.990: [GC pause (Metadata GC Threshold) (young) (initial-mark), 0.0094759 secs]
   [Parallel Time: 5.9 ms, GC Workers: 4]
      [GC Worker Start (ms): Min: 1990.4, Avg: 1990.4, Max: 1990.4, Diff: 0.0]
      [Ext Root Scanning (ms): Min: 1.2, Avg: 1.5, Max: 1.6, Diff: 0.5, Sum: 5.9]
      [Update RS (ms): Min: 0.0, Avg: 0.1, Max: 0.2, Diff: 0.2, Sum: 0.3]
         [Processed Buffers: Min: 0, Avg: 0.5, Max: 1, Diff: 1, Sum: 2]
      [Scan RS (ms): Min: 0.0, Avg: 0.0, Max: 0.0, Diff: 0.0, Sum: 0.0]
      [Code Root Scanning (ms): Min: 0.0, Avg: 0.3, Max: 1.3, Diff: 1.3, Sum: 1.4]
      [Object Copy (ms): Min: 2.8, Avg: 3.9, Max: 4.6, Diff: 1.8, Sum: 15.6]
      [Termination (ms): Min: 0.0, Avg: 0.0, Max: 0.0, Diff: 0.0, Sum: 0.0]
         [Termination Attempts: Min: 1, Avg: 1.0, Max: 1, Diff: 0, Sum: 4]
      [GC Worker Other (ms): Min: 0.0, Avg: 0.0, Max: 0.0, Diff: 0.0, Sum: 0.1]
      [GC Worker Total (ms): Min: 5.8, Avg: 5.8, Max: 5.8, Diff: 0.0, Sum: 23.2]
      [GC Worker End (ms): Min: 1996.2, Avg: 1996.2, Max: 1996.2, Diff: 0.0]
   [Code Root Fixup: 0.1 ms]
   [Code Root Purge: 0.0 ms]
   [Clear CT: 0.2 ms]
   [Other: 3.3 ms]
      [Choose CSet: 0.0 ms]
      [Ref Proc: 2.9 ms]
      [Ref Enq: 0.0 ms]
      [Redirty Cards: 0.1 ms]
      [Humongous Register: 0.0 ms]
      [Humongous Reclaim: 0.0 ms]
      [Free CSet: 0.1 ms]
   [Eden: 31.0M(44.0M)->0.0B(44.0M) Survivors: 7168.0K->7168.0K Heap: 166.9M(1024.0M)->138.9M(1024.0M)]
 [Times: user=0.02 sys=0.00, real=0.01 secs] 
2019-11-02T13:55:22.544+0800: 2.000: [GC concurrent-root-region-scan-start]
2019-11-02T13:55:22.551+0800: 2.007: [GC concurrent-root-region-scan-end, 0.0072238 secs]
2019-11-02T13:55:22.551+0800: 2.007: [GC concurrent-mark-start]
2019-11-02T13:55:22.551+0800: 2.008: [GC concurrent-mark-end, 0.0006083 secs]
2019-11-02T13:55:22.552+0800: 2.008: [GC remark 2019-11-02T13:55:22.552+0800: 2.008: [Finalize Marking, 0.0003923 secs] 2019-11-02T13:55:22.552+0800: 2.008: [GC ref-proc, 0.0000563 secs] 2019-11-02T13:55:22.552+0800: 2.008: [Unloading, 0.0054014 secs], 0.0074396 secs]
 [Times: user=0.02 sys=0.00, real=0.00 secs] 
2019-11-02T13:55:22.559+0800: 2.015: [GC cleanup 140M->139M(1024M), 0.0011901 secs]
 [Times: user=0.01 sys=0.00, real=0.01 secs] 
2019-11-02T13:55:22.560+0800: 2.017: [GC concurrent-cleanup-start]
2019-11-02T13:55:22.560+0800: 2.017: [GC concurrent-cleanup-end, 0.0000170 secs]
2019-11-02T13:57:04.878+0800: 104.331: [GC pause (G1 Evacuation Pause) (young), 0.0159959 secs]
   [Parallel Time: 11.7 ms, GC Workers: 4]
      [GC Worker Start (ms): Min: 104331.2, Avg: 104331.3, Max: 104331.6, Diff: 0.4]
      [Ext Root Scanning (ms): Min: 1.0, Avg: 1.6, Max: 2.6, Diff: 1.6, Sum: 6.3]
      [Update RS (ms): Min: 0.0, Avg: 0.2, Max: 0.4, Diff: 0.4, Sum: 0.8]
         [Processed Buffers: Min: 0, Avg: 1.0, Max: 2, Diff: 2, Sum: 4]
      [Scan RS (ms): Min: 0.0, Avg: 0.0, Max: 0.0, Diff: 0.0, Sum: 0.0]
      [Code Root Scanning (ms): Min: 0.0, Avg: 0.8, Max: 1.6, Diff: 1.6, Sum: 3.1]
      [Object Copy (ms): Min: 8.4, Avg: 8.9, Max: 9.6, Diff: 1.2, Sum: 35.7]
      [Termination (ms): Min: 0.0, Avg: 0.0, Max: 0.0, Diff: 0.0, Sum: 0.0]
         [Termination Attempts: Min: 1, Avg: 9.5, Max: 17, Diff: 16, Sum: 38]
      [GC Worker Other (ms): Min: 0.0, Avg: 0.0, Max: 0.0, Diff: 0.0, Sum: 0.1]
      [GC Worker Total (ms): Min: 11.2, Avg: 11.5, Max: 11.6, Diff: 0.4, Sum: 45.9]
      [GC Worker End (ms): Min: 104342.8, Avg: 104342.8, Max: 104342.8, Diff: 0.0]
   [Code Root Fixup: 0.2 ms]
   [Code Root Purge: 0.0 ms]
   [Clear CT: 0.1 ms]
   [Other: 4.0 ms]
      [Choose CSet: 0.0 ms]
      [Ref Proc: 3.2 ms]
      [Ref Enq: 0.0 ms]
      [Redirty Cards: 0.1 ms]
      [Humongous Register: 0.0 ms]
      [Humongous Reclaim: 0.0 ms]
      [Free CSet: 0.4 ms]
   [Eden: 44.0M(44.0M)->0.0B(44.0M) Survivors: 7168.0K->7168.0K Heap: 181.9M(1024.0M)->142.8M(1024.0M)]
 [Times: user=0.04 sys=0.00, real=0.02 secs] 
2019-11-02T14:00:10.586+0800: 290.032: [GC pause (G1 Evacuation Pause) (young), 0.0178592 secs]
   [Parallel Time: 16.1 ms, GC Workers: 4]
      [GC Worker Start (ms): Min: 290032.4, Avg: 290032.5, Max: 290032.7, Diff: 0.4]
      [Ext Root Scanning (ms): Min: 1.2, Avg: 1.8, Max: 2.6, Diff: 1.4, Sum: 7.2]
      [Update RS (ms): Min: 0.6, Avg: 1.1, Max: 1.7, Diff: 1.1, Sum: 4.3]
         [Processed Buffers: Min: 1, Avg: 6.5, Max: 15, Diff: 14, Sum: 26]
      [Scan RS (ms): Min: 0.0, Avg: 0.5, Max: 0.8, Diff: 0.8, Sum: 2.0]
      [Code Root Scanning (ms): Min: 1.2, Avg: 1.5, Max: 1.9, Diff: 0.7, Sum: 5.9]
      [Object Copy (ms): Min: 10.1, Avg: 11.0, Max: 11.9, Diff: 1.8, Sum: 43.8]
      [Termination (ms): Min: 0.0, Avg: 0.1, Max: 0.1, Diff: 0.1, Sum: 0.4]
         [Termination Attempts: Min: 1, Avg: 1.0, Max: 1, Diff: 0, Sum: 4]
      [GC Worker Other (ms): Min: 0.0, Avg: 0.0, Max: 0.0, Diff: 0.0, Sum: 0.1]
      [GC Worker Total (ms): Min: 15.7, Avg: 15.9, Max: 16.1, Diff: 0.4, Sum: 63.8]
      [GC Worker End (ms): Min: 290048.4, Avg: 290048.4, Max: 290048.4, Diff: 0.0]
   [Code Root Fixup: 0.0 ms]
   [Code Root Purge: 0.0 ms]
   [Clear CT: 0.1 ms]
   [Other: 1.6 ms]
      [Choose CSet: 0.0 ms]
      [Ref Proc: 1.0 ms]
      [Ref Enq: 0.0 ms]
      [Redirty Cards: 0.1 ms]
      [Humongous Register: 0.1 ms]
      [Humongous Reclaim: 0.0 ms]
      [Free CSet: 0.1 ms]
   [Eden: 44.0M(44.0M)->0.0B(44.0M) Survivors: 7168.0K->7168.0K Heap: 186.8M(1024.0M)->144.0M(1024.0M)]
 [Times: user=0.05 sys=0.00, real=0.02 secs] 
2019-11-02T14:00:34.015+0800: 313.460: [GC pause (G1 Evacuation Pause) (young), 0.0187803 secs]
   [Parallel Time: 17.7 ms, GC Workers: 4]
      [GC Worker Start (ms): Min: 313460.4, Avg: 313461.1, Max: 313461.9, Diff: 1.5]
      [Ext Root Scanning (ms): Min: 0.2, Avg: 1.9, Max: 5.0, Diff: 4.8, Sum: 7.6]
      [Update RS (ms): Min: 0.0, Avg: 0.5, Max: 0.8, Diff: 0.8, Sum: 2.2]
         [Processed Buffers: Min: 0, Avg: 3.8, Max: 10, Diff: 10, Sum: 15]
      [Scan RS (ms): Min: 0.0, Avg: 0.2, Max: 0.4, Diff: 0.4, Sum: 0.9]
      [Code Root Scanning (ms): Min: 0.0, Avg: 1.0, Max: 2.1, Diff: 2.1, Sum: 3.9]
      [Object Copy (ms): Min: 12.4, Avg: 13.1, Max: 14.6, Diff: 2.2, Sum: 52.4]
      [Termination (ms): Min: 0.0, Avg: 0.1, Max: 0.2, Diff: 0.2, Sum: 0.4]
         [Termination Attempts: Min: 1, Avg: 1.5, Max: 2, Diff: 1, Sum: 6]
      [GC Worker Other (ms): Min: 0.0, Avg: 0.0, Max: 0.0, Diff: 0.0, Sum: 0.1]
      [GC Worker Total (ms): Min: 16.1, Avg: 16.9, Max: 17.6, Diff: 1.5, Sum: 67.4]
      [GC Worker End (ms): Min: 313478.0, Avg: 313478.0, Max: 313478.0, Diff: 0.0]
   [Code Root Fixup: 0.0 ms]
   [Code Root Purge: 0.0 ms]
   [Clear CT: 0.1 ms]
   [Other: 1.0 ms]
      [Choose CSet: 0.0 ms]
      [Ref Proc: 0.4 ms]
      [Ref Enq: 0.0 ms]
      [Redirty Cards: 0.1 ms]
      [Humongous Register: 0.1 ms]
      [Humongous Reclaim: 0.0 ms]
      [Free CSet: 0.1 ms]
   [Eden: 44.0M(44.0M)->0.0B(46.0M) Survivors: 7168.0K->5120.0K Heap: 188.0M(1024.0M)->146.3M(1024.0M)]
 [Times: user=0.05 sys=0.01, real=0.02 secs] 
2019-11-02T14:01:23.285+0800: 362.728: [GC pause (G1 Evacuation Pause) (young), 0.0097232 secs]
   [Parallel Time: 8.7 ms, GC Workers: 4]
      [GC Worker Start (ms): Min: 362728.1, Avg: 362728.7, Max: 362730.3, Diff: 2.2]
      [Ext Root Scanning (ms): Min: 0.0, Avg: 0.5, Max: 0.7, Diff: 0.7, Sum: 1.9]
      [Update RS (ms): Min: 0.0, Avg: 0.7, Max: 1.0, Diff: 1.0, Sum: 2.8]
         [Processed Buffers: Min: 0, Avg: 9.8, Max: 21, Diff: 21, Sum: 39]
      [Scan RS (ms): Min: 0.0, Avg: 0.4, Max: 0.7, Diff: 0.6, Sum: 1.6]
      [Code Root Scanning (ms): Min: 0.0, Avg: 0.7, Max: 2.3, Diff: 2.3, Sum: 2.8]
      [Object Copy (ms): Min: 3.9, Avg: 5.8, Max: 6.6, Diff: 2.7, Sum: 23.3]
      [Termination (ms): Min: 0.0, Avg: 0.0, Max: 0.0, Diff: 0.0, Sum: 0.0]
         [Termination Attempts: Min: 1, Avg: 1.0, Max: 1, Diff: 0, Sum: 4]
      [GC Worker Other (ms): Min: 0.0, Avg: 0.0, Max: 0.0, Diff: 0.0, Sum: 0.2]
      [GC Worker Total (ms): Min: 6.5, Avg: 8.1, Max: 8.7, Diff: 2.2, Sum: 32.6]
      [GC Worker End (ms): Min: 362736.8, Avg: 362736.8, Max: 362736.8, Diff: 0.0]
   [Code Root Fixup: 0.0 ms]
   [Code Root Purge: 0.0 ms]
   [Clear CT: 0.1 ms]
   [Other: 0.8 ms]
      [Choose CSet: 0.0 ms]
      [Ref Proc: 0.2 ms]
      [Ref Enq: 0.0 ms]
      [Redirty Cards: 0.1 ms]
      [Humongous Register: 0.0 ms]
      [Humongous Reclaim: 0.0 ms]
      [Free CSet: 0.1 ms]
   [Eden: 46.0M(46.0M)->0.0B(46.0M) Survivors: 5120.0K->5120.0K Heap: 192.3M(1024.0M)->146.3M(1024.0M)]
 [Times: user=0.03 sys=0.00, real=0.01 secs] 
2019-11-02T14:01:53.788+0800: 393.230: [GC pause (G1 Evacuation Pause) (young), 0.0123159 secs]
   [Parallel Time: 11.6 ms, GC Workers: 4]
      [GC Worker Start (ms): Min: 393230.4, Avg: 393234.2, Max: 393240.7, Diff: 10.3]
      [Ext Root Scanning (ms): Min: 0.0, Avg: 0.8, Max: 1.6, Diff: 1.6, Sum: 3.0]
      [Update RS (ms): Min: 0.0, Avg: 0.8, Max: 1.7, Diff: 1.7, Sum: 3.4]
         [Processed Buffers: Min: 0, Avg: 6.0, Max: 12, Diff: 12, Sum: 24]
      [Scan RS (ms): Min: 0.0, Avg: 0.0, Max: 0.1, Diff: 0.1, Sum: 0.1]
      [Code Root Scanning (ms): Min: 0.0, Avg: 0.3, Max: 0.7, Diff: 0.7, Sum: 1.4]
      [Object Copy (ms): Min: 1.0, Avg: 5.6, Max: 7.6, Diff: 6.6, Sum: 22.3]
      [Termination (ms): Min: 0.0, Avg: 0.1, Max: 0.1, Diff: 0.1, Sum: 0.4]
         [Termination Attempts: Min: 1, Avg: 1.0, Max: 1, Diff: 0, Sum: 4]
      [GC Worker Other (ms): Min: 0.0, Avg: 0.0, Max: 0.0, Diff: 0.0, Sum: 0.1]
      [GC Worker Total (ms): Min: 1.2, Avg: 7.7, Max: 11.5, Diff: 10.3, Sum: 30.6]
      [GC Worker End (ms): Min: 393241.8, Avg: 393241.9, Max: 393241.9, Diff: 0.0]
   [Code Root Fixup: 0.0 ms]
   [Code Root Purge: 0.0 ms]
   [Clear CT: 0.1 ms]
   [Other: 0.6 ms]
      [Choose CSet: 0.0 ms]
      [Ref Proc: 0.2 ms]
      [Ref Enq: 0.0 ms]
      [Redirty Cards: 0.1 ms]
      [Humongous Register: 0.1 ms]
      [Humongous Reclaim: 0.0 ms]
      [Free CSet: 0.0 ms]
   [Eden: 46.0M(46.0M)->0.0B(46.0M) Survivors: 5120.0K->5120.0K Heap: 192.3M(1024.0M)->145.8M(1024.0M)]
 [Times: user=0.03 sys=0.00, real=0.02 secs] 
2019-11-02T14:02:25.799+0800: 425.240: [GC pause (G1 Evacuation Pause) (young), 0.0091606 secs]
   [Parallel Time: 8.4 ms, GC Workers: 4]
      [GC Worker Start (ms): Min: 425240.6, Avg: 425240.6, Max: 425240.6, Diff: 0.1]
      [Ext Root Scanning (ms): Min: 0.7, Avg: 0.8, Max: 0.9, Diff: 0.2, Sum: 3.0]
      [Update RS (ms): Min: 0.7, Avg: 0.9, Max: 1.2, Diff: 0.5, Sum: 3.6]
         [Processed Buffers: Min: 1, Avg: 5.5, Max: 16, Diff: 15, Sum: 22]
      [Scan RS (ms): Min: 0.0, Avg: 0.0, Max: 0.0, Diff: 0.0, Sum: 0.1]
      [Code Root Scanning (ms): Min: 0.0, Avg: 0.3, Max: 1.3, Diff: 1.3, Sum: 1.4]
      [Object Copy (ms): Min: 5.4, Avg: 6.2, Max: 6.6, Diff: 1.1, Sum: 24.9]
      [Termination (ms): Min: 0.0, Avg: 0.0, Max: 0.0, Diff: 0.0, Sum: 0.0]
         [Termination Attempts: Min: 1, Avg: 1.0, Max: 1, Diff: 0, Sum: 4]
      [GC Worker Other (ms): Min: 0.0, Avg: 0.0, Max: 0.0, Diff: 0.0, Sum: 0.1]
      [GC Worker Total (ms): Min: 8.2, Avg: 8.3, Max: 8.3, Diff: 0.1, Sum: 33.0]
      [GC Worker End (ms): Min: 425248.8, Avg: 425248.8, Max: 425248.8, Diff: 0.0]
   [Code Root Fixup: 0.0 ms]
   [Code Root Purge: 0.0 ms]
   [Clear CT: 0.1 ms]
   [Other: 0.7 ms]
      [Choose CSet: 0.0 ms]
      [Ref Proc: 0.3 ms]
      [Ref Enq: 0.0 ms]
      [Redirty Cards: 0.1 ms]
      [Humongous Register: 0.0 ms]
      [Humongous Reclaim: 0.0 ms]
      [Free CSet: 0.0 ms]
   [Eden: 46.0M(46.0M)->0.0B(46.0M) Survivors: 5120.0K->5120.0K Heap: 191.8M(1024.0M)->145.8M(1024.0M)]
 [Times: user=0.04 sys=0.00, real=0.01 secs] 
2019-11-02T14:02:57.787+0800: 457.227: [GC pause (G1 Evacuation Pause) (young), 0.0108653 secs]
   [Parallel Time: 10.1 ms, GC Workers: 4]
      [GC Worker Start (ms): Min: 457227.1, Avg: 457227.2, Max: 457227.6, Diff: 0.5]
      [Ext Root Scanning (ms): Min: 0.5, Avg: 1.0, Max: 1.2, Diff: 0.6, Sum: 3.8]
      [Update RS (ms): Min: 0.8, Avg: 0.9, Max: 1.0, Diff: 0.2, Sum: 3.6]
         [Processed Buffers: Min: 1, Avg: 4.8, Max: 15, Diff: 14, Sum: 19]
      [Scan RS (ms): Min: 0.0, Avg: 0.0, Max: 0.0, Diff: 0.0, Sum: 0.1]
      [Code Root Scanning (ms): Min: 0.0, Avg: 0.4, Max: 0.8, Diff: 0.8, Sum: 1.4]
      [Object Copy (ms): Min: 7.1, Avg: 7.6, Max: 8.0, Diff: 0.9, Sum: 30.5]
      [Termination (ms): Min: 0.0, Avg: 0.0, Max: 0.0, Diff: 0.0, Sum: 0.0]
         [Termination Attempts: Min: 1, Avg: 1.0, Max: 1, Diff: 0, Sum: 4]
      [GC Worker Other (ms): Min: 0.0, Avg: 0.0, Max: 0.0, Diff: 0.0, Sum: 0.1]
      [GC Worker Total (ms): Min: 9.5, Avg: 9.9, Max: 10.0, Diff: 0.5, Sum: 39.5]
      [GC Worker End (ms): Min: 457237.1, Avg: 457237.1, Max: 457237.1, Diff: 0.0]
   [Code Root Fixup: 0.0 ms]
   [Code Root Purge: 0.0 ms]
   [Clear CT: 0.1 ms]
   [Other: 0.7 ms]
      [Choose CSet: 0.0 ms]
      [Ref Proc: 0.3 ms]
      [Ref Enq: 0.0 ms]
      [Redirty Cards: 0.1 ms]
      [Humongous Register: 0.0 ms]
      [Humongous Reclaim: 0.0 ms]
      [Free CSet: 0.0 ms]
   [Eden: 46.0M(46.0M)->0.0B(45.0M) Survivors: 5120.0K->6144.0K Heap: 191.8M(1024.0M)->147.1M(1024.0M)]
 [Times: user=0.04 sys=0.00, real=0.01 secs] 
2019-11-02T14:03:29.451+0800: 488.890: [GC pause (G1 Evacuation Pause) (young), 0.0099850 secs]
   [Parallel Time: 9.4 ms, GC Workers: 4]
      [GC Worker Start (ms): Min: 488889.9, Avg: 488889.9, Max: 488890.0, Diff: 0.1]
      [Ext Root Scanning (ms): Min: 0.7, Avg: 0.8, Max: 0.9, Diff: 0.3, Sum: 3.1]
      [Update RS (ms): Min: 0.8, Avg: 0.9, Max: 1.1, Diff: 0.3, Sum: 3.6]
         [Processed Buffers: Min: 1, Avg: 5.5, Max: 12, Diff: 11, Sum: 22]
      [Scan RS (ms): Min: 0.0, Avg: 0.0, Max: 0.0, Diff: 0.0, Sum: 0.1]
      [Code Root Scanning (ms): Min: 0.0, Avg: 0.3, Max: 0.8, Diff: 0.8, Sum: 1.4]
      [Object Copy (ms): Min: 6.7, Avg: 7.2, Max: 7.5, Diff: 0.8, Sum: 28.7]
      [Termination (ms): Min: 0.0, Avg: 0.0, Max: 0.0, Diff: 0.0, Sum: 0.0]
         [Termination Attempts: Min: 1, Avg: 1.0, Max: 1, Diff: 0, Sum: 4]
      [GC Worker Other (ms): Min: 0.0, Avg: 0.0, Max: 0.0, Diff: 0.0, Sum: 0.2]
      [GC Worker Total (ms): Min: 9.2, Avg: 9.3, Max: 9.3, Diff: 0.0, Sum: 37.0]
      [GC Worker End (ms): Min: 488899.2, Avg: 488899.2, Max: 488899.2, Diff: 0.0]
   [Code Root Fixup: 0.0 ms]
   [Code Root Purge: 0.0 ms]
   [Clear CT: 0.1 ms]
   [Other: 0.5 ms]
      [Choose CSet: 0.0 ms]
      [Ref Proc: 0.1 ms]
      [Ref Enq: 0.0 ms]
      [Redirty Cards: 0.1 ms]
      [Humongous Register: 0.0 ms]
      [Humongous Reclaim: 0.0 ms]
      [Free CSet: 0.0 ms]
   [Eden: 45.0M(45.0M)->0.0B(60.0M) Survivors: 6144.0K->5120.0K Heap: 192.1M(1024.0M)->145.8M(1024.0M)]
 [Times: user=0.04 sys=0.00, real=0.01 secs] 
2019-11-02T14:04:11.283+0800: 530.721: [GC pause (G1 Evacuation Pause) (young), 0.0108963 secs]
   [Parallel Time: 10.2 ms, GC Workers: 4]
      [GC Worker Start (ms): Min: 530720.7, Avg: 530720.8, Max: 530721.3, Diff: 0.6]
      [Ext Root Scanning (ms): Min: 0.3, Avg: 0.8, Max: 1.1, Diff: 0.9, Sum: 3.2]
      [Update RS (ms): Min: 0.7, Avg: 0.9, Max: 1.2, Diff: 0.5, Sum: 3.6]
         [Processed Buffers: Min: 1, Avg: 5.0, Max: 16, Diff: 15, Sum: 20]
      [Scan RS (ms): Min: 0.0, Avg: 0.0, Max: 0.1, Diff: 0.1, Sum: 0.1]
      [Code Root Scanning (ms): Min: 0.0, Avg: 0.4, Max: 0.8, Diff: 0.8, Sum: 1.5]
      [Object Copy (ms): Min: 7.5, Avg: 7.8, Max: 8.2, Diff: 0.7, Sum: 31.1]
      [Termination (ms): Min: 0.0, Avg: 0.0, Max: 0.0, Diff: 0.0, Sum: 0.0]
         [Termination Attempts: Min: 1, Avg: 1.0, Max: 1, Diff: 0, Sum: 4]
      [GC Worker Other (ms): Min: 0.0, Avg: 0.0, Max: 0.0, Diff: 0.0, Sum: 0.1]
      [GC Worker Total (ms): Min: 9.4, Avg: 9.9, Max: 10.0, Diff: 0.6, Sum: 39.5]
      [GC Worker End (ms): Min: 530730.7, Avg: 530730.7, Max: 530730.7, Diff: 0.0]
   [Code Root Fixup: 0.0 ms]
   [Code Root Purge: 0.0 ms]
   [Clear CT: 0.1 ms]
   [Other: 0.6 ms]
      [Choose CSet: 0.0 ms]
      [Ref Proc: 0.1 ms]
      [Ref Enq: 0.0 ms]
      [Redirty Cards: 0.1 ms]
      [Humongous Register: 0.0 ms]
      [Humongous Reclaim: 0.0 ms]
      [Free CSet: 0.1 ms]
   [Eden: 60.0M(60.0M)->0.0B(133.0M) Survivors: 5120.0K->5120.0K Heap: 205.8M(1024.0M)->145.8M(1024.0M)]
 [Times: user=0.04 sys=0.00, real=0.01 secs] 
2019-11-02T14:05:43.441+0800: 622.875: [GC pause (G1 Evacuation Pause) (young), 0.0145093 secs]
   [Parallel Time: 13.6 ms, GC Workers: 4]
      [GC Worker Start (ms): Min: 622875.4, Avg: 622875.5, Max: 622875.5, Diff: 0.1]
      [Ext Root Scanning (ms): Min: 0.8, Avg: 0.9, Max: 1.1, Diff: 0.3, Sum: 3.5]
      [Update RS (ms): Min: 0.8, Avg: 0.9, Max: 1.0, Diff: 0.2, Sum: 3.6]
         [Processed Buffers: Min: 1, Avg: 5.2, Max: 17, Diff: 16, Sum: 21]
      [Scan RS (ms): Min: 0.0, Avg: 0.0, Max: 0.1, Diff: 0.1, Sum: 0.2]
      [Code Root Scanning (ms): Min: 0.0, Avg: 0.4, Max: 0.7, Diff: 0.7, Sum: 1.4]
      [Object Copy (ms): Min: 10.9, Avg: 11.4, Max: 11.7, Diff: 0.8, Sum: 45.4]
      [Termination (ms): Min: 0.0, Avg: 0.0, Max: 0.0, Diff: 0.0, Sum: 0.0]
         [Termination Attempts: Min: 1, Avg: 1.0, Max: 1, Diff: 0, Sum: 4]
      [GC Worker Other (ms): Min: 0.0, Avg: 0.0, Max: 0.0, Diff: 0.0, Sum: 0.1]
      [GC Worker Total (ms): Min: 13.5, Avg: 13.5, Max: 13.6, Diff: 0.1, Sum: 54.1]
      [GC Worker End (ms): Min: 622889.0, Avg: 622889.0, Max: 622889.0, Diff: 0.0]
   [Code Root Fixup: 0.0 ms]
   [Code Root Purge: 0.0 ms]
   [Clear CT: 0.1 ms]
   [Other: 0.8 ms]
      [Choose CSet: 0.0 ms]
      [Ref Proc: 0.3 ms]
      [Ref Enq: 0.0 ms]
      [Redirty Cards: 0.1 ms]
      [Humongous Register: 0.0 ms]
      [Humongous Reclaim: 0.0 ms]
      [Free CSet: 0.1 ms]
   [Eden: 133.0M(133.0M)->0.0B(178.0M) Survivors: 5120.0K->6144.0K Heap: 278.8M(1024.0M)->146.7M(1024.0M)]
 [Times: user=0.04 sys=0.01, real=0.01 secs] 
2019-11-02T16:50:11.803+0800: 1351.745: [GC pause (G1 Evacuation Pause) (young), 0.0181834 secs]
   [Parallel Time: 12.4 ms, GC Workers: 4]
      [GC Worker Start (ms): Min: 1351749.4, Avg: 1351749.5, Max: 1351749.7, Diff: 0.3]
      [Ext Root Scanning (ms): Min: 2.4, Avg: 3.2, Max: 5.5, Diff: 3.1, Sum: 12.8]
      [Update RS (ms): Min: 0.0, Avg: 1.3, Max: 2.0, Diff: 2.0, Sum: 5.3]
         [Processed Buffers: Min: 0, Avg: 8.5, Max: 16, Diff: 16, Sum: 34]
      [Scan RS (ms): Min: 0.0, Avg: 0.0, Max: 0.1, Diff: 0.1, Sum: 0.2]
      [Code Root Scanning (ms): Min: 0.0, Avg: 0.4, Max: 0.8, Diff: 0.8, Sum: 1.5]
      [Object Copy (ms): Min: 6.6, Avg: 7.0, Max: 7.5, Diff: 0.9, Sum: 27.9]
      [Termination (ms): Min: 0.0, Avg: 0.0, Max: 0.0, Diff: 0.0, Sum: 0.0]
         [Termination Attempts: Min: 1, Avg: 1.0, Max: 1, Diff: 0, Sum: 4]
      [GC Worker Other (ms): Min: 0.0, Avg: 0.1, Max: 0.1, Diff: 0.1, Sum: 0.3]
      [GC Worker Total (ms): Min: 11.9, Avg: 12.0, Max: 12.1, Diff: 0.3, Sum: 48.1]
      [GC Worker End (ms): Min: 1351761.5, Avg: 1351761.5, Max: 1351761.6, Diff: 0.0]
   [Code Root Fixup: 0.0 ms]
   [Code Root Purge: 0.0 ms]
   [Clear CT: 0.1 ms]
   [Other: 5.7 ms]
      [Choose CSet: 0.0 ms]
      [Ref Proc: 0.5 ms]
      [Ref Enq: 0.0 ms]
      [Redirty Cards: 0.1 ms]
      [Humongous Register: 3.8 ms]
      [Humongous Reclaim: 0.0 ms]
      [Free CSet: 0.4 ms]
   [Eden: 178.0M(178.0M)->0.0B(227.0M) Survivors: 6144.0K->5120.0K Heap: 324.7M(1024.0M)->145.8M(1024.0M)]
 [Times: user=0.04 sys=0.02, real=0.02 secs] 
2019-11-02T16:52:49.685+0800: 1509.621: [GC pause (G1 Evacuation Pause) (young), 0.0153453 secs]
   [Parallel Time: 14.4 ms, GC Workers: 4]
      [GC Worker Start (ms): Min: 1509621.3, Avg: 1509621.4, Max: 1509621.5, Diff: 0.2]
      [Ext Root Scanning (ms): Min: 0.7, Avg: 1.0, Max: 1.3, Diff: 0.5, Sum: 3.8]
      [Update RS (ms): Min: 0.8, Avg: 1.0, Max: 1.3, Diff: 0.5, Sum: 4.0]
         [Processed Buffers: Min: 1, Avg: 5.8, Max: 16, Diff: 15, Sum: 23]
      [Scan RS (ms): Min: 0.0, Avg: 0.1, Max: 0.1, Diff: 0.1, Sum: 0.3]
      [Code Root Scanning (ms): Min: 0.0, Avg: 0.5, Max: 1.0, Diff: 1.0, Sum: 1.9]
      [Object Copy (ms): Min: 11.4, Avg: 11.7, Max: 12.1, Diff: 0.7, Sum: 46.6]
      [Termination (ms): Min: 0.0, Avg: 0.1, Max: 0.2, Diff: 0.2, Sum: 0.3]
         [Termination Attempts: Min: 1, Avg: 1.0, Max: 1, Diff: 0, Sum: 4]
      [GC Worker Other (ms): Min: 0.0, Avg: 0.0, Max: 0.1, Diff: 0.0, Sum: 0.2]
      [GC Worker Total (ms): Min: 14.2, Avg: 14.3, Max: 14.3, Diff: 0.1, Sum: 57.1]
      [GC Worker End (ms): Min: 1509635.7, Avg: 1509635.7, Max: 1509635.7, Diff: 0.0]
   [Code Root Fixup: 0.0 ms]
   [Code Root Purge: 0.0 ms]
   [Clear CT: 0.1 ms]
   [Other: 0.8 ms]
      [Choose CSet: 0.0 ms]
      [Ref Proc: 0.3 ms]
      [Ref Enq: 0.0 ms]
      [Redirty Cards: 0.1 ms]
      [Humongous Register: 0.0 ms]
      [Humongous Reclaim: 0.0 ms]
      [Free CSet: 0.2 ms]
   [Eden: 227.0M(227.0M)->0.0B(243.0M) Survivors: 5120.0K->5120.0K Heap: 372.8M(1024.0M)->145.8M(1024.0M)]
 [Times: user=0.05 sys=0.01, real=0.02 secs] 
2019-11-02T16:55:38.795+0800: 1678.725: [GC pause (G1 Evacuation Pause) (young), 0.0124688 secs]
   [Parallel Time: 11.7 ms, GC Workers: 4]
      [GC Worker Start (ms): Min: 1678725.2, Avg: 1678725.2, Max: 1678725.2, Diff: 0.1]
      [Ext Root Scanning (ms): Min: 0.7, Avg: 1.0, Max: 1.9, Diff: 1.2, Sum: 4.1]
      [Update RS (ms): Min: 0.2, Avg: 1.0, Max: 1.7, Diff: 1.5, Sum: 4.0]
         [Processed Buffers: Min: 2, Avg: 6.2, Max: 11, Diff: 9, Sum: 25]
      [Scan RS (ms): Min: 0.0, Avg: 0.1, Max: 0.1, Diff: 0.1, Sum: 0.3]
      [Code Root Scanning (ms): Min: 0.0, Avg: 0.5, Max: 1.0, Diff: 1.0, Sum: 2.0]
      [Object Copy (ms): Min: 8.7, Avg: 9.0, Max: 9.4, Diff: 0.7, Sum: 35.8]
      [Termination (ms): Min: 0.0, Avg: 0.0, Max: 0.0, Diff: 0.0, Sum: 0.0]
         [Termination Attempts: Min: 1, Avg: 1.0, Max: 1, Diff: 0, Sum: 4]
      [GC Worker Other (ms): Min: 0.0, Avg: 0.1, Max: 0.1, Diff: 0.1, Sum: 0.2]
      [GC Worker Total (ms): Min: 11.6, Avg: 11.6, Max: 11.6, Diff: 0.1, Sum: 46.4]
      [GC Worker End (ms): Min: 1678736.8, Avg: 1678736.8, Max: 1678736.8, Diff: 0.0]
   [Code Root Fixup: 0.0 ms]
   [Code Root Purge: 0.0 ms]
   [Clear CT: 0.1 ms]
   [Other: 0.6 ms]
      [Choose CSet: 0.0 ms]
      [Ref Proc: 0.1 ms]
      [Ref Enq: 0.0 ms]
      [Redirty Cards: 0.1 ms]
      [Humongous Register: 0.0 ms]
      [Humongous Reclaim: 0.0 ms]
      [Free CSet: 0.1 ms]
   [Eden: 243.0M(243.0M)->0.0B(381.0M) Survivors: 5120.0K->5120.0K Heap: 388.8M(1024.0M)->145.8M(1024.0M)]
 [Times: user=0.04 sys=0.00, real=0.01 secs] 
2019-11-02T17:00:06.480+0800: 1946.401: [GC pause (G1 Evacuation Pause) (young), 0.0139112 secs]
   [Parallel Time: 12.7 ms, GC Workers: 4]
      [GC Worker Start (ms): Min: 1946401.5, Avg: 1946401.6, Max: 1946401.6, Diff: 0.1]
      [Ext Root Scanning (ms): Min: 0.8, Avg: 0.9, Max: 1.1, Diff: 0.4, Sum: 3.4]
      [Update RS (ms): Min: 0.9, Avg: 1.0, Max: 1.1, Diff: 0.2, Sum: 4.0]
         [Processed Buffers: Min: 1, Avg: 5.5, Max: 16, Diff: 15, Sum: 22]
      [Scan RS (ms): Min: 0.1, Avg: 0.1, Max: 0.1, Diff: 0.1, Sum: 0.5]
      [Code Root Scanning (ms): Min: 0.0, Avg: 0.5, Max: 1.1, Diff: 1.1, Sum: 2.1]
      [Object Copy (ms): Min: 9.5, Avg: 10.0, Max: 10.6, Diff: 1.1, Sum: 40.1]
      [Termination (ms): Min: 0.0, Avg: 0.0, Max: 0.0, Diff: 0.0, Sum: 0.0]
         [Termination Attempts: Min: 1, Avg: 1.0, Max: 1, Diff: 0, Sum: 4]
      [GC Worker Other (ms): Min: 0.0, Avg: 0.0, Max: 0.0, Diff: 0.0, Sum: 0.2]
      [GC Worker Total (ms): Min: 12.6, Avg: 12.6, Max: 12.7, Diff: 0.1, Sum: 50.4]
      [GC Worker End (ms): Min: 1946414.1, Avg: 1946414.2, Max: 1946414.2, Diff: 0.0]
   [Code Root Fixup: 0.0 ms]
   [Code Root Purge: 0.0 ms]
   [Clear CT: 0.1 ms]
   [Other: 1.0 ms]
      [Choose CSet: 0.0 ms]
      [Ref Proc: 0.2 ms]
      [Ref Enq: 0.0 ms]
      [Redirty Cards: 0.1 ms]
      [Humongous Register: 0.0 ms]
      [Humongous Reclaim: 0.0 ms]
      [Free CSet: 0.4 ms]
   [Eden: 381.0M(381.0M)->0.0B(566.0M) Survivors: 5120.0K->5120.0K Heap: 526.8M(1024.0M)->145.8M(1024.0M)]
 [Times: user=0.05 sys=0.00, real=0.01 secs] 
2019-11-02T17:54:29.877+0800: 4644.180: [GC pause (G1 Evacuation Pause) (young), 0.0384180 secs]
   [Parallel Time: 32.1 ms, GC Workers: 4]
      [GC Worker Start (ms): Min: 4644184.0, Avg: 4644184.1, Max: 4644184.4, Diff: 0.4]
      [Ext Root Scanning (ms): Min: 3.0, Avg: 4.4, Max: 7.9, Diff: 4.9, Sum: 17.7]
      [Update RS (ms): Min: 0.0, Avg: 2.9, Max: 4.1, Diff: 4.1, Sum: 11.7]
         [Processed Buffers: Min: 0, Avg: 8.5, Max: 28, Diff: 28, Sum: 34]
      [Scan RS (ms): Min: 0.0, Avg: 0.1, Max: 0.2, Diff: 0.1, Sum: 0.4]
      [Code Root Scanning (ms): Min: 0.0, Avg: 0.4, Max: 1.0, Diff: 1.0, Sum: 1.7]
      [Object Copy (ms): Min: 15.0, Avg: 18.3, Max: 21.7, Diff: 6.8, Sum: 73.3]
      [Termination (ms): Min: 2.5, Avg: 5.5, Max: 8.9, Diff: 6.4, Sum: 21.9]
         [Termination Attempts: Min: 53, Avg: 77.2, Max: 116, Diff: 63, Sum: 309]
      [GC Worker Other (ms): Min: 0.0, Avg: 0.1, Max: 0.1, Diff: 0.0, Sum: 0.2]
      [GC Worker Total (ms): Min: 31.5, Avg: 31.7, Max: 31.9, Diff: 0.4, Sum: 127.0]
      [GC Worker End (ms): Min: 4644215.9, Avg: 4644215.9, Max: 4644215.9, Diff: 0.0]
   [Code Root Fixup: 0.0 ms]
   [Code Root Purge: 0.0 ms]
   [Clear CT: 0.3 ms]
   [Other: 6.0 ms]
      [Choose CSet: 0.0 ms]
      [Ref Proc: 0.9 ms]
      [Ref Enq: 0.0 ms]
      [Redirty Cards: 0.1 ms]
      [Humongous Register: 1.9 ms]
      [Humongous Reclaim: 0.0 ms]
      [Free CSet: 0.9 ms]
   [Eden: 566.0M(566.0M)->0.0B(119.0M) Survivors: 5120.0K->6144.0K Heap: 711.8M(1024.0M)->146.8M(1024.0M)]
 [Times: user=0.06 sys=0.04, real=0.04 secs] 
2019-11-02T17:55:36.794+0800: 4711.095: [GC pause (G1 Evacuation Pause) (young), 0.0121671 secs]
   [Parallel Time: 11.5 ms, GC Workers: 4]
      [GC Worker Start (ms): Min: 4711095.3, Avg: 4711095.4, Max: 4711095.7, Diff: 0.4]
      [Ext Root Scanning (ms): Min: 0.6, Avg: 0.9, Max: 1.2, Diff: 0.6, Sum: 3.8]
      [Update RS (ms): Min: 1.0, Avg: 1.0, Max: 1.1, Diff: 0.1, Sum: 4.1]
         [Processed Buffers: Min: 1, Avg: 5.0, Max: 9, Diff: 8, Sum: 20]
      [Scan RS (ms): Min: 0.0, Avg: 0.0, Max: 0.1, Diff: 0.0, Sum: 0.2]
      [Code Root Scanning (ms): Min: 0.0, Avg: 0.5, Max: 1.1, Diff: 1.1, Sum: 2.1]
      [Object Copy (ms): Min: 8.1, Avg: 8.7, Max: 9.2, Diff: 1.1, Sum: 34.6]
      [Termination (ms): Min: 0.0, Avg: 0.0, Max: 0.0, Diff: 0.0, Sum: 0.0]
         [Termination Attempts: Min: 1, Avg: 1.0, Max: 1, Diff: 0, Sum: 4]
      [GC Worker Other (ms): Min: 0.0, Avg: 0.0, Max: 0.0, Diff: 0.0, Sum: 0.1]
      [GC Worker Total (ms): Min: 10.9, Avg: 11.2, Max: 11.3, Diff: 0.4, Sum: 44.9]
      [GC Worker End (ms): Min: 4711106.6, Avg: 4711106.6, Max: 4711106.7, Diff: 0.0]
   [Code Root Fixup: 0.0 ms]
   [Code Root Purge: 0.0 ms]
   [Clear CT: 0.1 ms]
   [Other: 0.6 ms]
      [Choose CSet: 0.0 ms]
      [Ref Proc: 0.2 ms]
      [Ref Enq: 0.0 ms]
      [Redirty Cards: 0.1 ms]
      [Humongous Register: 0.0 ms]
      [Humongous Reclaim: 0.0 ms]
      [Free CSet: 0.1 ms]
   [Eden: 119.0M(119.0M)->0.0B(232.0M) Survivors: 6144.0K->5120.0K Heap: 265.8M(1024.0M)->146.3M(1024.0M)]
 [Times: user=0.04 sys=0.00, real=0.01 secs] 
2019-11-02T17:57:48.011+0800: 4842.308: [GC pause (G1 Evacuation Pause) (young), 0.0142117 secs]
   [Parallel Time: 13.4 ms, GC Workers: 4]
      [GC Worker Start (ms): Min: 4842307.9, Avg: 4842307.9, Max: 4842307.9, Diff: 0.1]
      [Ext Root Scanning (ms): Min: 1.1, Avg: 2.4, Max: 3.9, Diff: 2.8, Sum: 9.6]
      [Update RS (ms): Min: 0.0, Avg: 1.0, Max: 1.9, Diff: 1.9, Sum: 4.2]
         [Processed Buffers: Min: 0, Avg: 5.5, Max: 17, Diff: 17, Sum: 22]
      [Scan RS (ms): Min: 0.0, Avg: 0.1, Max: 0.2, Diff: 0.2, Sum: 0.3]
      [Code Root Scanning (ms): Min: 0.0, Avg: 0.9, Max: 2.3, Diff: 2.3, Sum: 3.5]
      [Object Copy (ms): Min: 7.2, Avg: 8.9, Max: 10.2, Diff: 3.0, Sum: 35.4]
      [Termination (ms): Min: 0.0, Avg: 0.0, Max: 0.0, Diff: 0.0, Sum: 0.0]
         [Termination Attempts: Min: 1, Avg: 1.0, Max: 1, Diff: 0, Sum: 4]
      [GC Worker Other (ms): Min: 0.0, Avg: 0.0, Max: 0.1, Diff: 0.0, Sum: 0.2]
      [GC Worker Total (ms): Min: 13.3, Avg: 13.3, Max: 13.3, Diff: 0.1, Sum: 53.2]
      [GC Worker End (ms): Min: 4842321.2, Avg: 4842321.2, Max: 4842321.2, Diff: 0.0]
   [Code Root Fixup: 0.0 ms]
   [Code Root Purge: 0.0 ms]
   [Clear CT: 0.1 ms]
   [Other: 0.6 ms]
      [Choose CSet: 0.0 ms]
      [Ref Proc: 0.2 ms]
      [Ref Enq: 0.0 ms]
      [Redirty Cards: 0.1 ms]
      [Humongous Register: 0.0 ms]
      [Humongous Reclaim: 0.0 ms]
      [Free CSet: 0.1 ms]
   [Eden: 232.0M(232.0M)->0.0B(352.0M) Survivors: 5120.0K->5120.0K Heap: 378.3M(1024.0M)->146.5M(1024.0M)]
 [Times: user=0.04 sys=0.00, real=0.01 secs] 
2019-11-02T18:01:06.603+0800: 5040.892: [GC pause (G1 Evacuation Pause) (young), 0.0122376 secs]
   [Parallel Time: 11.4 ms, GC Workers: 4]
      [GC Worker Start (ms): Min: 5040892.6, Avg: 5040893.0, Max: 5040893.9, Diff: 1.4]
      [Ext Root Scanning (ms): Min: 0.0, Avg: 0.9, Max: 1.2, Diff: 1.2, Sum: 3.4]
      [Update RS (ms): Min: 2.2, Avg: 2.3, Max: 2.4, Diff: 0.2, Sum: 9.3]
         [Processed Buffers: Min: 3, Avg: 6.5, Max: 10, Diff: 7, Sum: 26]
      [Scan RS (ms): Min: 0.0, Avg: 0.1, Max: 0.2, Diff: 0.1, Sum: 0.4]
      [Code Root Scanning (ms): Min: 0.0, Avg: 0.2, Max: 0.3, Diff: 0.3, Sum: 0.6]
      [Object Copy (ms): Min: 7.2, Avg: 7.4, Max: 7.6, Diff: 0.4, Sum: 29.8]
      [Termination (ms): Min: 0.0, Avg: 0.0, Max: 0.0, Diff: 0.0, Sum: 0.0]
         [Termination Attempts: Min: 1, Avg: 1.0, Max: 1, Diff: 0, Sum: 4]
      [GC Worker Other (ms): Min: 0.1, Avg: 0.1, Max: 0.1, Diff: 0.0, Sum: 0.3]
      [GC Worker Total (ms): Min: 10.0, Avg: 11.0, Max: 11.4, Diff: 1.4, Sum: 43.9]
      [GC Worker End (ms): Min: 5040903.9, Avg: 5040903.9, Max: 5040903.9, Diff: 0.0]
   [Code Root Fixup: 0.0 ms]
   [Code Root Purge: 0.0 ms]
   [Clear CT: 0.1 ms]
   [Other: 0.7 ms]
      [Choose CSet: 0.0 ms]
      [Ref Proc: 0.2 ms]
      [Ref Enq: 0.0 ms]
      [Redirty Cards: 0.1 ms]
      [Humongous Register: 0.0 ms]
      [Humongous Reclaim: 0.0 ms]
      [Free CSet: 0.1 ms]
   [Eden: 352.0M(352.0M)->0.0B(504.0M) Survivors: 5120.0K->5120.0K Heap: 498.5M(1024.0M)->147.0M(1024.0M)]
 [Times: user=0.04 sys=0.00, real=0.01 secs] 
2019-11-02T19:23:13.738+0800: 6933.100: [GC pause (G1 Evacuation Pause) (young), 0.0293568 secs]
   [Parallel Time: 27.1 ms, GC Workers: 4]
      [GC Worker Start (ms): Min: 6933100.1, Avg: 6933101.0, Max: 6933102.2, Diff: 2.1]
      [Ext Root Scanning (ms): Min: 0.1, Avg: 1.3, Max: 2.7, Diff: 2.6, Sum: 5.2]
      [Update RS (ms): Min: 5.6, Avg: 7.3, Max: 11.9, Diff: 6.3, Sum: 29.2]
         [Processed Buffers: Min: 1, Avg: 10.0, Max: 28, Diff: 27, Sum: 40]
      [Scan RS (ms): Min: 0.1, Avg: 0.2, Max: 0.2, Diff: 0.2, Sum: 0.6]
      [Code Root Scanning (ms): Min: 0.0, Avg: 0.6, Max: 1.3, Diff: 1.3, Sum: 2.2]
      [Object Copy (ms): Min: 13.0, Avg: 16.7, Max: 18.0, Diff: 5.0, Sum: 66.9]
      [Termination (ms): Min: 0.0, Avg: 0.0, Max: 0.0, Diff: 0.0, Sum: 0.1]
         [Termination Attempts: Min: 3, Avg: 3.2, Max: 4, Diff: 1, Sum: 13]
      [GC Worker Other (ms): Min: 0.1, Avg: 0.1, Max: 0.1, Diff: 0.0, Sum: 0.3]
      [GC Worker Total (ms): Min: 25.0, Avg: 26.1, Max: 27.1, Diff: 2.1, Sum: 104.5]
      [GC Worker End (ms): Min: 6933127.1, Avg: 6933127.1, Max: 6933127.1, Diff: 0.0]
   [Code Root Fixup: 0.0 ms]
   [Code Root Purge: 0.0 ms]
   [Clear CT: 0.3 ms]
   [Other: 1.9 ms]
      [Choose CSet: 0.0 ms]
      [Ref Proc: 1.0 ms]
      [Ref Enq: 0.0 ms]
      [Redirty Cards: 0.1 ms]
      [Humongous Register: 0.1 ms]
      [Humongous Reclaim: 0.0 ms]
      [Free CSet: 0.3 ms]
   [Eden: 504.0M(504.0M)->0.0B(86.0M) Survivors: 5120.0K->5120.0K Heap: 651.0M(1024.0M)->147.6M(1024.0M)]
 [Times: user=0.04 sys=0.02, real=0.03 secs] 
2019-11-02T19:48:20.019+0800: 7475.091: [GC pause (G1 Evacuation Pause) (young), 0.0143227 secs]
   [Parallel Time: 13.2 ms, GC Workers: 4]
      [GC Worker Start (ms): Min: 7475091.4, Avg: 7475091.4, Max: 7475091.4, Diff: 0.1]
      [Ext Root Scanning (ms): Min: 0.8, Avg: 0.8, Max: 0.9, Diff: 0.2, Sum: 3.3]
      [Update RS (ms): Min: 0.9, Avg: 1.1, Max: 1.3, Diff: 0.4, Sum: 4.2]
         [Processed Buffers: Min: 1, Avg: 10.0, Max: 29, Diff: 28, Sum: 40]
      [Scan RS (ms): Min: 0.0, Avg: 0.0, Max: 0.1, Diff: 0.0, Sum: 0.1]
      [Code Root Scanning (ms): Min: 0.0, Avg: 0.2, Max: 0.3, Diff: 0.3, Sum: 0.6]
      [Object Copy (ms): Min: 9.3, Avg: 9.5, Max: 9.7, Diff: 0.3, Sum: 38.1]
      [Termination (ms): Min: 0.0, Avg: 0.8, Max: 1.6, Diff: 1.6, Sum: 3.2]
         [Termination Attempts: Min: 1, Avg: 1.0, Max: 1, Diff: 0, Sum: 4]
      [GC Worker Other (ms): Min: 0.0, Avg: 0.0, Max: 0.0, Diff: 0.0, Sum: 0.1]
      [GC Worker Total (ms): Min: 11.8, Avg: 12.4, Max: 13.1, Diff: 1.3, Sum: 49.7]
      [GC Worker End (ms): Min: 7475103.2, Avg: 7475103.8, Max: 7475104.5, Diff: 1.4]
   [Code Root Fixup: 0.0 ms]
   [Code Root Purge: 0.0 ms]
   [Clear CT: 0.1 ms]
   [Other: 1.0 ms]
      [Choose CSet: 0.0 ms]
      [Ref Proc: 0.4 ms]
      [Ref Enq: 0.0 ms]
      [Redirty Cards: 0.1 ms]
      [Humongous Register: 0.1 ms]
      [Humongous Reclaim: 0.0 ms]
      [Free CSet: 0.1 ms]
   [Eden: 86.0M(86.0M)->0.0B(226.0M) Survivors: 5120.0K->4096.0K Heap: 233.6M(1024.0M)->146.2M(1024.0M)]
 [Times: user=0.03 sys=0.00, real=0.02 secs] 
2019-11-02T19:59:26.326+0800: 8141.374: [GC pause (G1 Evacuation Pause) (young), 0.0121659 secs]
   [Parallel Time: 11.0 ms, GC Workers: 4]
      [GC Worker Start (ms): Min: 8141374.5, Avg: 8141375.4, Max: 8141377.9, Diff: 3.4]
      [Ext Root Scanning (ms): Min: 0.0, Avg: 0.6, Max: 0.8, Diff: 0.8, Sum: 2.3]
      [Update RS (ms): Min: 0.0, Avg: 0.8, Max: 1.2, Diff: 1.2, Sum: 3.3]
         [Processed Buffers: Min: 0, Avg: 10.2, Max: 15, Diff: 15, Sum: 41]
      [Scan RS (ms): Min: 0.0, Avg: 0.0, Max: 0.1, Diff: 0.1, Sum: 0.2]
      [Code Root Scanning (ms): Min: 0.0, Avg: 0.1, Max: 0.3, Diff: 0.3, Sum: 0.4]
      [Object Copy (ms): Min: 7.4, Avg: 8.4, Max: 8.8, Diff: 1.4, Sum: 33.7]
      [Termination (ms): Min: 0.0, Avg: 0.0, Max: 0.0, Diff: 0.0, Sum: 0.0]
         [Termination Attempts: Min: 1, Avg: 1.0, Max: 1, Diff: 0, Sum: 4]
      [GC Worker Other (ms): Min: 0.1, Avg: 0.1, Max: 0.1, Diff: 0.0, Sum: 0.2]
      [GC Worker Total (ms): Min: 7.5, Avg: 10.1, Max: 10.9, Diff: 3.4, Sum: 40.2]
      [GC Worker End (ms): Min: 8141385.4, Avg: 8141385.4, Max: 8141385.4, Diff: 0.0]
   [Code Root Fixup: 0.0 ms]
   [Code Root Purge: 0.0 ms]
   [Clear CT: 0.1 ms]
   [Other: 1.1 ms]
      [Choose CSet: 0.0 ms]
      [Ref Proc: 0.2 ms]
      [Ref Enq: 0.0 ms]
      [Redirty Cards: 0.1 ms]
      [Humongous Register: 0.1 ms]
      [Humongous Reclaim: 0.0 ms]
      [Free CSet: 0.5 ms]
   [Eden: 226.0M(226.0M)->0.0B(351.0M) Survivors: 4096.0K->5120.0K Heap: 372.2M(1024.0M)->147.3M(1024.0M)]
 [Times: user=0.03 sys=0.01, real=0.02 secs] 
2019-11-02T20:02:58.406+0800: 8353.446: [GC pause (G1 Evacuation Pause) (young), 0.0164168 secs]
   [Parallel Time: 15.2 ms, GC Workers: 4]
      [GC Worker Start (ms): Min: 8353446.7, Avg: 8353446.8, Max: 8353447.0, Diff: 0.3]
      [Ext Root Scanning (ms): Min: 0.7, Avg: 0.8, Max: 0.9, Diff: 0.3, Sum: 3.2]
      [Update RS (ms): Min: 1.0, Avg: 1.1, Max: 1.3, Diff: 0.3, Sum: 4.4]
         [Processed Buffers: Min: 1, Avg: 9.2, Max: 25, Diff: 24, Sum: 37]
      [Scan RS (ms): Min: 0.0, Avg: 0.1, Max: 0.2, Diff: 0.2, Sum: 0.4]
      [Code Root Scanning (ms): Min: 0.0, Avg: 0.2, Max: 0.3, Diff: 0.3, Sum: 0.7]
      [Object Copy (ms): Min: 12.6, Avg: 12.7, Max: 12.8, Diff: 0.2, Sum: 50.8]
      [Termination (ms): Min: 0.0, Avg: 0.1, Max: 0.1, Diff: 0.1, Sum: 0.4]
         [Termination Attempts: Min: 1, Avg: 1.2, Max: 2, Diff: 1, Sum: 5]
      [GC Worker Other (ms): Min: 0.0, Avg: 0.1, Max: 0.1, Diff: 0.1, Sum: 0.2]
      [GC Worker Total (ms): Min: 14.8, Avg: 15.0, Max: 15.1, Diff: 0.3, Sum: 60.1]
      [GC Worker End (ms): Min: 8353461.8, Avg: 8353461.8, Max: 8353461.8, Diff: 0.0]
   [Code Root Fixup: 0.0 ms]
   [Code Root Purge: 0.0 ms]
   [Clear CT: 0.1 ms]
   [Other: 1.0 ms]
      [Choose CSet: 0.0 ms]
      [Ref Proc: 0.3 ms]
      [Ref Enq: 0.0 ms]
      [Redirty Cards: 0.1 ms]
      [Humongous Register: 0.0 ms]
      [Humongous Reclaim: 0.0 ms]
      [Free CSet: 0.4 ms]
   [Eden: 351.0M(351.0M)->0.0B(444.0M) Survivors: 5120.0K->5120.0K Heap: 498.3M(1024.0M)->147.3M(1024.0M)]
 [Times: user=0.04 sys=0.01, real=0.02 secs] 
2019-11-02T20:06:17.544+0800: 8552.577: [GC pause (G1 Evacuation Pause) (young), 0.0133772 secs]
   [Parallel Time: 11.9 ms, GC Workers: 4]
      [GC Worker Start (ms): Min: 8552577.8, Avg: 8552578.0, Max: 8552578.2, Diff: 0.5]
      [Ext Root Scanning (ms): Min: 0.9, Avg: 1.2, Max: 1.5, Diff: 0.6, Sum: 4.7]
      [Update RS (ms): Min: 1.0, Avg: 1.1, Max: 1.4, Diff: 0.5, Sum: 4.5]
         [Processed Buffers: Min: 1, Avg: 9.2, Max: 26, Diff: 25, Sum: 37]
      [Scan RS (ms): Min: 0.0, Avg: 0.1, Max: 0.2, Diff: 0.2, Sum: 0.5]
      [Code Root Scanning (ms): Min: 0.0, Avg: 0.2, Max: 0.4, Diff: 0.4, Sum: 0.8]
      [Object Copy (ms): Min: 8.6, Avg: 8.9, Max: 9.2, Diff: 0.6, Sum: 35.6]
      [Termination (ms): Min: 0.0, Avg: 0.0, Max: 0.0, Diff: 0.0, Sum: 0.0]
         [Termination Attempts: Min: 1, Avg: 1.2, Max: 2, Diff: 1, Sum: 5]
      [GC Worker Other (ms): Min: 0.0, Avg: 0.1, Max: 0.1, Diff: 0.0, Sum: 0.2]
      [GC Worker Total (ms): Min: 11.4, Avg: 11.6, Max: 11.9, Diff: 0.5, Sum: 46.4]
      [GC Worker End (ms): Min: 8552589.6, Avg: 8552589.6, Max: 8552589.6, Diff: 0.0]
   [Code Root Fixup: 0.0 ms]
   [Code Root Purge: 0.0 ms]
   [Clear CT: 0.2 ms]
   [Other: 1.2 ms]
      [Choose CSet: 0.0 ms]
      [Ref Proc: 0.3 ms]
      [Ref Enq: 0.0 ms]
      [Redirty Cards: 0.1 ms]
      [Humongous Register: 0.2 ms]
      [Humongous Reclaim: 0.0 ms]
      [Free CSet: 0.4 ms]
   [Eden: 444.0M(444.0M)->0.0B(609.0M) Survivors: 5120.0K->5120.0K Heap: 591.3M(1024.0M)->147.3M(1024.0M)]
 [Times: user=0.04 sys=0.01, real=0.01 secs] 
2019-11-02T21:40:25.305+0800: 8883.553: [GC pause (G1 Evacuation Pause) (young), 0.0137108 secs]
   [Parallel Time: 12.4 ms, GC Workers: 4]
      [GC Worker Start (ms): Min: 8883553.1, Avg: 8883553.1, Max: 8883553.2, Diff: 0.1]
      [Ext Root Scanning (ms): Min: 0.7, Avg: 0.8, Max: 0.9, Diff: 0.2, Sum: 3.2]
      [Update RS (ms): Min: 1.2, Avg: 1.4, Max: 1.6, Diff: 0.3, Sum: 5.4]
         [Processed Buffers: Min: 1, Avg: 8.5, Max: 30, Diff: 29, Sum: 34]
      [Scan RS (ms): Min: 0.0, Avg: 0.2, Max: 0.3, Diff: 0.2, Sum: 0.7]
      [Code Root Scanning (ms): Min: 0.0, Avg: 0.2, Max: 0.5, Diff: 0.5, Sum: 0.8]
      [Object Copy (ms): Min: 9.6, Avg: 9.7, Max: 9.8, Diff: 0.3, Sum: 38.7]
      [Termination (ms): Min: 0.0, Avg: 0.0, Max: 0.0, Diff: 0.0, Sum: 0.0]
         [Termination Attempts: Min: 1, Avg: 1.0, Max: 1, Diff: 0, Sum: 4]
      [GC Worker Other (ms): Min: 0.0, Avg: 0.1, Max: 0.1, Diff: 0.1, Sum: 0.3]
      [GC Worker Total (ms): Min: 12.2, Avg: 12.3, Max: 12.4, Diff: 0.1, Sum: 49.2]
      [GC Worker End (ms): Min: 8883565.4, Avg: 8883565.4, Max: 8883565.4, Diff: 0.0]
   [Code Root Fixup: 0.0 ms]
   [Code Root Purge: 0.0 ms]
   [Clear CT: 0.2 ms]
   [Other: 1.0 ms]
      [Choose CSet: 0.0 ms]
      [Ref Proc: 0.2 ms]
      [Ref Enq: 0.0 ms]
      [Redirty Cards: 0.1 ms]
      [Humongous Register: 0.0 ms]
      [Humongous Reclaim: 0.0 ms]
      [Free CSet: 0.5 ms]
   [Eden: 609.0M(609.0M)->0.0B(609.0M) Survivors: 5120.0K->5120.0K Heap: 756.3M(1024.0M)->147.3M(1024.0M)]
 [Times: user=0.04 sys=0.01, real=0.02 secs] 
2019-11-02T21:44:42.346+0800: 9140.585: [GC pause (G1 Evacuation Pause) (young), 0.0144032 secs]
   [Parallel Time: 13.4 ms, GC Workers: 4]
      [GC Worker Start (ms): Min: 9140584.9, Avg: 9140585.3, Max: 9140586.4, Diff: 1.5]
      [Ext Root Scanning (ms): Min: 0.0, Avg: 0.8, Max: 1.1, Diff: 1.1, Sum: 3.1]
      [Update RS (ms): Min: 0.8, Avg: 1.1, Max: 1.4, Diff: 0.6, Sum: 4.5]
         [Processed Buffers: Min: 1, Avg: 8.8, Max: 25, Diff: 24, Sum: 35]
      [Scan RS (ms): Min: 0.1, Avg: 0.2, Max: 0.3, Diff: 0.3, Sum: 0.7]
      [Code Root Scanning (ms): Min: 0.0, Avg: 0.2, Max: 0.4, Diff: 0.4, Sum: 0.8]
      [Object Copy (ms): Min: 10.2, Avg: 10.6, Max: 10.8, Diff: 0.6, Sum: 42.4]
      [Termination (ms): Min: 0.0, Avg: 0.0, Max: 0.0, Diff: 0.0, Sum: 0.0]
         [Termination Attempts: Min: 1, Avg: 1.0, Max: 1, Diff: 0, Sum: 4]
      [GC Worker Other (ms): Min: 0.0, Avg: 0.1, Max: 0.1, Diff: 0.1, Sum: 0.3]
      [GC Worker Total (ms): Min: 11.8, Avg: 12.9, Max: 13.3, Diff: 1.5, Sum: 51.7]
      [GC Worker End (ms): Min: 9140598.2, Avg: 9140598.2, Max: 9140598.2, Diff: 0.0]
   [Code Root Fixup: 0.0 ms]
   [Code Root Purge: 0.0 ms]
   [Clear CT: 0.2 ms]
   [Other: 0.8 ms]
      [Choose CSet: 0.0 ms]
      [Ref Proc: 0.1 ms]
      [Ref Enq: 0.0 ms]
      [Redirty Cards: 0.1 ms]
      [Humongous Register: 0.0 ms]
      [Humongous Reclaim: 0.0 ms]
      [Free CSet: 0.3 ms]
   [Eden: 609.0M(609.0M)->0.0B(609.0M) Survivors: 5120.0K->5120.0K Heap: 756.3M(1024.0M)->147.3M(1024.0M)]
 [Times: user=0.05 sys=0.01, real=0.02 secs] 
2019-11-02T21:49:00.362+0800: 9398.591: [GC pause (G1 Evacuation Pause) (young), 0.0134770 secs]
   [Parallel Time: 12.5 ms, GC Workers: 4]
      [GC Worker Start (ms): Min: 9398591.4, Avg: 9398591.4, Max: 9398591.5, Diff: 0.2]
      [Ext Root Scanning (ms): Min: 0.6, Avg: 0.8, Max: 0.9, Diff: 0.2, Sum: 3.0]
      [Update RS (ms): Min: 1.1, Avg: 1.1, Max: 1.2, Diff: 0.1, Sum: 4.5]
         [Processed Buffers: Min: 1, Avg: 8.2, Max: 29, Diff: 28, Sum: 33]
      [Scan RS (ms): Min: 0.1, Avg: 0.2, Max: 0.2, Diff: 0.1, Sum: 0.8]
      [Code Root Scanning (ms): Min: 0.0, Avg: 0.2, Max: 0.5, Diff: 0.5, Sum: 0.8]
      [Object Copy (ms): Min: 9.6, Avg: 10.0, Max: 10.2, Diff: 0.5, Sum: 39.9]
      [Termination (ms): Min: 0.0, Avg: 0.0, Max: 0.0, Diff: 0.0, Sum: 0.0]
         [Termination Attempts: Min: 1, Avg: 1.8, Max: 2, Diff: 1, Sum: 7]
      [GC Worker Other (ms): Min: 0.1, Avg: 0.1, Max: 0.1, Diff: 0.0, Sum: 0.4]
      [GC Worker Total (ms): Min: 12.2, Avg: 12.4, Max: 12.4, Diff: 0.2, Sum: 49.5]
      [GC Worker End (ms): Min: 9398603.8, Avg: 9398603.8, Max: 9398603.8, Diff: 0.0]
   [Code Root Fixup: 0.0 ms]
   [Code Root Purge: 0.0 ms]
   [Clear CT: 0.2 ms]
   [Other: 0.8 ms]
      [Choose CSet: 0.0 ms]
      [Ref Proc: 0.2 ms]
      [Ref Enq: 0.0 ms]
      [Redirty Cards: 0.1 ms]
      [Humongous Register: 0.0 ms]
      [Humongous Reclaim: 0.0 ms]
      [Free CSet: 0.2 ms]
   [Eden: 609.0M(609.0M)->0.0B(609.0M) Survivors: 5120.0K->5120.0K Heap: 756.3M(1024.0M)->147.4M(1024.0M)]
 [Times: user=0.05 sys=0.00, real=0.01 secs] 
2019-11-02T21:54:08.486+0800: 9706.704: [GC pause (G1 Evacuation Pause) (young), 0.0137332 secs]
   [Parallel Time: 12.7 ms, GC Workers: 4]
      [GC Worker Start (ms): Min: 9706704.1, Avg: 9706704.6, Max: 9706705.2, Diff: 1.1]
      [Ext Root Scanning (ms): Min: 0.5, Avg: 1.2, Max: 1.8, Diff: 1.3, Sum: 4.7]
      [Update RS (ms): Min: 1.2, Avg: 1.3, Max: 1.4, Diff: 0.2, Sum: 5.2]
         [Processed Buffers: Min: 2, Avg: 9.8, Max: 30, Diff: 28, Sum: 39]
      [Scan RS (ms): Min: 0.1, Avg: 0.2, Max: 0.2, Diff: 0.1, Sum: 0.8]
      [Code Root Scanning (ms): Min: 0.0, Avg: 0.2, Max: 0.4, Diff: 0.4, Sum: 0.9]
      [Object Copy (ms): Min: 9.0, Avg: 9.2, Max: 9.4, Diff: 0.4, Sum: 36.7]
      [Termination (ms): Min: 0.0, Avg: 0.0, Max: 0.0, Diff: 0.0, Sum: 0.0]
         [Termination Attempts: Min: 1, Avg: 1.0, Max: 1, Diff: 0, Sum: 4]
      [GC Worker Other (ms): Min: 0.0, Avg: 0.1, Max: 0.1, Diff: 0.0, Sum: 0.2]
      [GC Worker Total (ms): Min: 11.5, Avg: 12.1, Max: 12.6, Diff: 1.1, Sum: 48.5]
      [GC Worker End (ms): Min: 9706716.7, Avg: 9706716.8, Max: 9706716.8, Diff: 0.0]
   [Code Root Fixup: 0.0 ms]
   [Code Root Purge: 0.0 ms]
   [Clear CT: 0.2 ms]
   [Other: 0.8 ms]
      [Choose CSet: 0.0 ms]
      [Ref Proc: 0.2 ms]
      [Ref Enq: 0.0 ms]
      [Redirty Cards: 0.1 ms]
      [Humongous Register: 0.1 ms]
      [Humongous Reclaim: 0.0 ms]
      [Free CSet: 0.2 ms]
   [Eden: 609.0M(609.0M)->0.0B(609.0M) Survivors: 5120.0K->5120.0K Heap: 756.4M(1024.0M)->147.4M(1024.0M)]
 [Times: user=0.05 sys=0.00, real=0.02 secs] 
2019-11-02T21:59:07.334+0800: 10005.542: [GC pause (G1 Evacuation Pause) (young), 0.0110811 secs]
   [Parallel Time: 9.8 ms, GC Workers: 4]
      [GC Worker Start (ms): Min: 10005541.9, Avg: 10005543.4, Max: 10005547.8, Diff: 5.9]
      [Ext Root Scanning (ms): Min: 0.0, Avg: 0.5, Max: 0.7, Diff: 0.7, Sum: 2.0]
      [Update RS (ms): Min: 0.0, Avg: 0.6, Max: 0.9, Diff: 0.9, Sum: 2.4]
         [Processed Buffers: Min: 0, Avg: 9.0, Max: 21, Diff: 21, Sum: 36]
      [Scan RS (ms): Min: 0.0, Avg: 0.1, Max: 0.2, Diff: 0.1, Sum: 0.5]
      [Code Root Scanning (ms): Min: 0.0, Avg: 0.1, Max: 0.3, Diff: 0.3, Sum: 0.4]
      [Object Copy (ms): Min: 3.7, Avg: 6.9, Max: 8.0, Diff: 4.3, Sum: 27.5]
      [Termination (ms): Min: 0.0, Avg: 0.0, Max: 0.0, Diff: 0.0, Sum: 0.0]
         [Termination Attempts: Min: 1, Avg: 1.0, Max: 1, Diff: 0, Sum: 4]
      [GC Worker Other (ms): Min: 0.0, Avg: 0.0, Max: 0.0, Diff: 0.0, Sum: 0.2]
      [GC Worker Total (ms): Min: 3.8, Avg: 8.2, Max: 9.7, Diff: 5.9, Sum: 33.0]
      [GC Worker End (ms): Min: 10005551.6, Avg: 10005551.6, Max: 10005551.7, Diff: 0.0]
   [Code Root Fixup: 0.0 ms]
   [Code Root Purge: 0.0 ms]
   [Clear CT: 0.2 ms]
   [Other: 1.1 ms]
      [Choose CSet: 0.0 ms]
      [Ref Proc: 0.2 ms]
      [Ref Enq: 0.0 ms]
      [Redirty Cards: 0.1 ms]
      [Humongous Register: 0.1 ms]
      [Humongous Reclaim: 0.0 ms]
      [Free CSet: 0.4 ms]
   [Eden: 609.0M(609.0M)->0.0B(608.0M) Survivors: 5120.0K->6144.0K Heap: 756.4M(1024.0M)->148.4M(1024.0M)]
 [Times: user=0.03 sys=0.00, real=0.01 secs] 
2019-11-02T22:03:12.243+0800: 10250.442: [GC pause (G1 Evacuation Pause) (young), 0.0178603 secs]
   [Parallel Time: 14.9 ms, GC Workers: 4]
      [GC Worker Start (ms): Min: 10250444.3, Avg: 10250444.5, Max: 10250444.6, Diff: 0.3]
      [Ext Root Scanning (ms): Min: 4.0, Avg: 4.9, Max: 7.3, Diff: 3.3, Sum: 19.5]
      [Update RS (ms): Min: 0.0, Avg: 1.6, Max: 2.1, Diff: 2.1, Sum: 6.2]
         [Processed Buffers: Min: 0, Avg: 9.0, Max: 20, Diff: 20, Sum: 36]
      [Scan RS (ms): Min: 0.0, Avg: 0.2, Max: 0.3, Diff: 0.3, Sum: 0.6]
      [Code Root Scanning (ms): Min: 0.0, Avg: 0.2, Max: 0.4, Diff: 0.4, Sum: 0.8]
      [Object Copy (ms): Min: 7.2, Avg: 7.7, Max: 8.0, Diff: 0.8, Sum: 30.7]
      [Termination (ms): Min: 0.0, Avg: 0.0, Max: 0.0, Diff: 0.0, Sum: 0.0]
         [Termination Attempts: Min: 1, Avg: 1.0, Max: 1, Diff: 0, Sum: 4]
      [GC Worker Other (ms): Min: 0.1, Avg: 0.1, Max: 0.1, Diff: 0.1, Sum: 0.4]
      [GC Worker Total (ms): Min: 14.4, Avg: 14.6, Max: 14.7, Diff: 0.3, Sum: 58.2]
      [GC Worker End (ms): Min: 10250459.0, Avg: 10250459.0, Max: 10250459.1, Diff: 0.0]
   [Code Root Fixup: 0.0 ms]
   [Code Root Purge: 0.0 ms]
   [Clear CT: 0.2 ms]
   [Other: 2.8 ms]
      [Choose CSet: 0.0 ms]
      [Ref Proc: 0.1 ms]
      [Ref Enq: 0.0 ms]
      [Redirty Cards: 0.1 ms]
      [Humongous Register: 1.7 ms]
      [Humongous Reclaim: 0.0 ms]
      [Free CSet: 0.3 ms]
   [Eden: 608.0M(608.0M)->0.0B(609.0M) Survivors: 6144.0K->5120.0K Heap: 756.4M(1024.0M)->147.5M(1024.0M)]
 [Times: user=0.04 sys=0.02, real=0.02 secs] 
2019-11-02T22:19:10.617+0800: 10497.706: [GC pause (G1 Evacuation Pause) (young), 0.0139736 secs]
   [Parallel Time: 12.9 ms, GC Workers: 4]
      [GC Worker Start (ms): Min: 10497705.9, Avg: 10497706.0, Max: 10497706.0, Diff: 0.1]
      [Ext Root Scanning (ms): Min: 0.7, Avg: 0.8, Max: 0.9, Diff: 0.2, Sum: 3.3]
      [Update RS (ms): Min: 1.0, Avg: 1.2, Max: 1.3, Diff: 0.3, Sum: 4.7]
         [Processed Buffers: Min: 1, Avg: 8.5, Max: 30, Diff: 29, Sum: 34]
      [Scan RS (ms): Min: 0.1, Avg: 0.2, Max: 0.3, Diff: 0.2, Sum: 0.8]
      [Code Root Scanning (ms): Min: 0.0, Avg: 0.2, Max: 0.5, Diff: 0.5, Sum: 0.9]
      [Object Copy (ms): Min: 10.2, Avg: 10.4, Max: 10.5, Diff: 0.3, Sum: 41.4]
      [Termination (ms): Min: 0.0, Avg: 0.0, Max: 0.0, Diff: 0.0, Sum: 0.0]
         [Termination Attempts: Min: 1, Avg: 1.0, Max: 1, Diff: 0, Sum: 4]
      [GC Worker Other (ms): Min: 0.0, Avg: 0.1, Max: 0.1, Diff: 0.1, Sum: 0.2]
      [GC Worker Total (ms): Min: 12.8, Avg: 12.8, Max: 12.9, Diff: 0.0, Sum: 51.3]
      [GC Worker End (ms): Min: 10497718.8, Avg: 10497718.8, Max: 10497718.8, Diff: 0.0]
   [Code Root Fixup: 0.1 ms]
   [Code Root Purge: 0.0 ms]
   [Clear CT: 0.2 ms]
   [Other: 0.8 ms]
      [Choose CSet: 0.0 ms]
      [Ref Proc: 0.2 ms]
      [Ref Enq: 0.0 ms]
      [Redirty Cards: 0.1 ms]
      [Humongous Register: 0.0 ms]
      [Humongous Reclaim: 0.0 ms]
      [Free CSet: 0.3 ms]
   [Eden: 609.0M(609.0M)->0.0B(609.0M) Survivors: 5120.0K->5120.0K Heap: 756.5M(1024.0M)->148.2M(1024.0M)]
 [Times: user=0.04 sys=0.00, real=0.02 secs] 
2019-11-02T22:23:16.332+0800: 10743.412: [GC pause (G1 Evacuation Pause) (young), 0.0131596 secs]
   [Parallel Time: 12.2 ms, GC Workers: 4]
      [GC Worker Start (ms): Min: 10743412.5, Avg: 10743412.7, Max: 10743413.2, Diff: 0.7]
      [Ext Root Scanning (ms): Min: 0.3, Avg: 0.8, Max: 1.0, Diff: 0.7, Sum: 3.3]
      [Update RS (ms): Min: 1.4, Avg: 1.6, Max: 1.7, Diff: 0.3, Sum: 6.2]
         [Processed Buffers: Min: 5, Avg: 8.0, Max: 17, Diff: 12, Sum: 32]
      [Scan RS (ms): Min: 0.1, Avg: 0.2, Max: 0.3, Diff: 0.2, Sum: 0.8]
      [Code Root Scanning (ms): Min: 0.0, Avg: 0.2, Max: 0.3, Diff: 0.3, Sum: 0.7]
      [Object Copy (ms): Min: 9.1, Avg: 9.2, Max: 9.3, Diff: 0.2, Sum: 36.8]
      [Termination (ms): Min: 0.0, Avg: 0.0, Max: 0.0, Diff: 0.0, Sum: 0.0]
         [Termination Attempts: Min: 1, Avg: 1.0, Max: 1, Diff: 0, Sum: 4]
      [GC Worker Other (ms): Min: 0.1, Avg: 0.1, Max: 0.1, Diff: 0.0, Sum: 0.3]
      [GC Worker Total (ms): Min: 11.5, Avg: 12.0, Max: 12.2, Diff: 0.7, Sum: 48.0]
      [GC Worker End (ms): Min: 10743424.7, Avg: 10743424.7, Max: 10743424.7, Diff: 0.0]
   [Code Root Fixup: 0.0 ms]
   [Code Root Purge: 0.0 ms]
   [Clear CT: 0.2 ms]
   [Other: 0.7 ms]
      [Choose CSet: 0.0 ms]
      [Ref Proc: 0.2 ms]
      [Ref Enq: 0.0 ms]
      [Redirty Cards: 0.1 ms]
      [Humongous Register: 0.1 ms]
      [Humongous Reclaim: 0.0 ms]
      [Free CSet: 0.2 ms]
   [Eden: 609.0M(609.0M)->0.0B(609.0M) Survivors: 5120.0K->5120.0K Heap: 757.2M(1024.0M)->147.8M(1024.0M)]
 [Times: user=0.05 sys=0.00, real=0.01 secs] 
2019-11-02T22:27:21.435+0800: 10988.507: [GC pause (G1 Evacuation Pause) (young), 0.0121473 secs]
   [Parallel Time: 11.2 ms, GC Workers: 4]
      [GC Worker Start (ms): Min: 10988506.7, Avg: 10988506.8, Max: 10988506.9, Diff: 0.2]
      [Ext Root Scanning (ms): Min: 0.8, Avg: 1.2, Max: 2.3, Diff: 1.5, Sum: 4.7]
      [Update RS (ms): Min: 0.0, Avg: 1.3, Max: 1.9, Diff: 1.9, Sum: 5.3]
         [Processed Buffers: Min: 2, Avg: 8.2, Max: 19, Diff: 17, Sum: 33]
      [Scan RS (ms): Min: 0.0, Avg: 0.2, Max: 0.4, Diff: 0.3, Sum: 0.7]
      [Code Root Scanning (ms): Min: 0.0, Avg: 0.3, Max: 0.5, Diff: 0.5, Sum: 1.1]
      [Object Copy (ms): Min: 7.8, Avg: 8.0, Max: 8.3, Diff: 0.5, Sum: 32.0]
      [Termination (ms): Min: 0.0, Avg: 0.0, Max: 0.0, Diff: 0.0, Sum: 0.0]
         [Termination Attempts: Min: 1, Avg: 1.0, Max: 1, Diff: 0, Sum: 4]
      [GC Worker Other (ms): Min: 0.1, Avg: 0.1, Max: 0.1, Diff: 0.0, Sum: 0.3]
      [GC Worker Total (ms): Min: 10.9, Avg: 11.0, Max: 11.1, Diff: 0.2, Sum: 44.2]
      [GC Worker End (ms): Min: 10988517.8, Avg: 10988517.8, Max: 10988517.8, Diff: 0.0]
   [Code Root Fixup: 0.0 ms]
   [Code Root Purge: 0.0 ms]
   [Clear CT: 0.2 ms]
   [Other: 0.8 ms]
      [Choose CSet: 0.0 ms]
      [Ref Proc: 0.2 ms]
      [Ref Enq: 0.0 ms]
      [Redirty Cards: 0.1 ms]
      [Humongous Register: 0.0 ms]
      [Humongous Reclaim: 0.0 ms]
      [Free CSet: 0.2 ms]
   [Eden: 609.0M(609.0M)->0.0B(609.0M) Survivors: 5120.0K->5120.0K Heap: 756.8M(1024.0M)->147.8M(1024.0M)]
 [Times: user=0.04 sys=0.00, real=0.01 secs] 
2019-11-02T22:31:26.863+0800: 11233.926: [GC pause (G1 Evacuation Pause) (young), 0.0104756 secs]
   [Parallel Time: 9.5 ms, GC Workers: 4]
      [GC Worker Start (ms): Min: 11233926.2, Avg: 11233926.3, Max: 11233926.5, Diff: 0.3]
      [Ext Root Scanning (ms): Min: 0.6, Avg: 0.8, Max: 0.9, Diff: 0.3, Sum: 3.1]
      [Update RS (ms): Min: 0.8, Avg: 0.9, Max: 1.2, Diff: 0.4, Sum: 3.7]
         [Processed Buffers: Min: 1, Avg: 8.0, Max: 24, Diff: 23, Sum: 32]
      [Scan RS (ms): Min: 0.1, Avg: 0.2, Max: 0.2, Diff: 0.1, Sum: 0.7]
      [Code Root Scanning (ms): Min: 0.0, Avg: 0.2, Max: 0.3, Diff: 0.3, Sum: 0.6]
      [Object Copy (ms): Min: 7.2, Avg: 7.2, Max: 7.2, Diff: 0.0, Sum: 28.8]
      [Termination (ms): Min: 0.0, Avg: 0.0, Max: 0.0, Diff: 0.0, Sum: 0.0]
         [Termination Attempts: Min: 1, Avg: 1.0, Max: 1, Diff: 0, Sum: 4]
      [GC Worker Other (ms): Min: 0.0, Avg: 0.1, Max: 0.1, Diff: 0.0, Sum: 0.3]
      [GC Worker Total (ms): Min: 9.1, Avg: 9.3, Max: 9.4, Diff: 0.3, Sum: 37.2]
      [GC Worker End (ms): Min: 11233935.6, Avg: 11233935.6, Max: 11233935.6, Diff: 0.0]
   [Code Root Fixup: 0.0 ms]
   [Code Root Purge: 0.0 ms]
   [Clear CT: 0.2 ms]
   [Other: 0.8 ms]
      [Choose CSet: 0.0 ms]
      [Ref Proc: 0.1 ms]
      [Ref Enq: 0.0 ms]
      [Redirty Cards: 0.1 ms]
      [Humongous Register: 0.0 ms]
      [Humongous Reclaim: 0.0 ms]
      [Free CSet: 0.3 ms]
   [Eden: 609.0M(609.0M)->0.0B(609.0M) Survivors: 5120.0K->5120.0K Heap: 756.8M(1024.0M)->147.8M(1024.0M)]
 [Times: user=0.04 sys=0.00, real=0.01 secs] 
2019-11-02T22:35:32.722+0800: 11479.777: [GC pause (G1 Evacuation Pause) (young), 0.0119671 secs]
   [Parallel Time: 10.9 ms, GC Workers: 4]
      [GC Worker Start (ms): Min: 11479777.1, Avg: 11479777.5, Max: 11479778.9, Diff: 1.8]
      [Ext Root Scanning (ms): Min: 0.0, Avg: 0.8, Max: 1.0, Diff: 1.0, Sum: 3.0]
      [Update RS (ms): Min: 0.4, Avg: 1.0, Max: 1.3, Diff: 1.0, Sum: 3.9]
         [Processed Buffers: Min: 1, Avg: 8.5, Max: 14, Diff: 13, Sum: 34]
      [Scan RS (ms): Min: 0.1, Avg: 0.2, Max: 0.3, Diff: 0.3, Sum: 0.8]
      [Code Root Scanning (ms): Min: 0.0, Avg: 0.2, Max: 0.3, Diff: 0.3, Sum: 0.7]
      [Object Copy (ms): Min: 8.0, Avg: 8.2, Max: 8.4, Diff: 0.3, Sum: 32.7]
      [Termination (ms): Min: 0.0, Avg: 0.0, Max: 0.0, Diff: 0.0, Sum: 0.0]
         [Termination Attempts: Min: 1, Avg: 1.0, Max: 1, Diff: 0, Sum: 4]
      [GC Worker Other (ms): Min: 0.0, Avg: 0.1, Max: 0.1, Diff: 0.1, Sum: 0.3]
      [GC Worker Total (ms): Min: 9.0, Avg: 10.4, Max: 10.8, Diff: 1.8, Sum: 41.4]
      [GC Worker End (ms): Min: 11479787.9, Avg: 11479787.9, Max: 11479787.9, Diff: 0.1]
   [Code Root Fixup: 0.0 ms]
   [Code Root Purge: 0.0 ms]
   [Clear CT: 0.2 ms]
   [Other: 0.8 ms]
      [Choose CSet: 0.1 ms]
      [Ref Proc: 0.2 ms]
      [Ref Enq: 0.0 ms]
      [Redirty Cards: 0.1 ms]
      [Humongous Register: 0.0 ms]
      [Humongous Reclaim: 0.0 ms]
      [Free CSet: 0.2 ms]
   [Eden: 609.0M(609.0M)->0.0B(609.0M) Survivors: 5120.0K->5120.0K Heap: 756.8M(1024.0M)->147.8M(1024.0M)]
 [Times: user=0.04 sys=0.00, real=0.01 secs] 
2019-11-02T22:39:37.086+0800: 11724.132: [GC pause (G1 Evacuation Pause) (young), 0.0116681 secs]
   [Parallel Time: 10.5 ms, GC Workers: 4]
      [GC Worker Start (ms): Min: 11724131.9, Avg: 11724132.0, Max: 11724132.0, Diff: 0.1]
      [Ext Root Scanning (ms): Min: 0.8, Avg: 0.8, Max: 0.9, Diff: 0.1, Sum: 3.2]
      [Update RS (ms): Min: 0.8, Avg: 1.0, Max: 1.1, Diff: 0.3, Sum: 3.8]
         [Processed Buffers: Min: 1, Avg: 8.5, Max: 14, Diff: 13, Sum: 34]
      [Scan RS (ms): Min: 0.1, Avg: 0.2, Max: 0.2, Diff: 0.1, Sum: 0.7]
      [Code Root Scanning (ms): Min: 0.0, Avg: 0.1, Max: 0.3, Diff: 0.2, Sum: 0.6]
      [Object Copy (ms): Min: 8.0, Avg: 8.1, Max: 8.1, Diff: 0.1, Sum: 32.3]
      [Termination (ms): Min: 0.0, Avg: 0.1, Max: 0.2, Diff: 0.2, Sum: 0.3]
         [Termination Attempts: Min: 1, Avg: 1.0, Max: 1, Diff: 0, Sum: 4]
      [GC Worker Other (ms): Min: 0.0, Avg: 0.0, Max: 0.1, Diff: 0.1, Sum: 0.1]
      [GC Worker Total (ms): Min: 10.2, Avg: 10.3, Max: 10.3, Diff: 0.1, Sum: 41.1]
      [GC Worker End (ms): Min: 11724142.2, Avg: 11724142.2, Max: 11724142.3, Diff: 0.1]
   [Code Root Fixup: 0.0 ms]
   [Code Root Purge: 0.0 ms]
   [Clear CT: 0.2 ms]
   [Other: 1.0 ms]
      [Choose CSet: 0.0 ms]
      [Ref Proc: 0.4 ms]
      [Ref Enq: 0.0 ms]
      [Redirty Cards: 0.1 ms]
      [Humongous Register: 0.1 ms]
      [Humongous Reclaim: 0.0 ms]
      [Free CSet: 0.2 ms]
   [Eden: 609.0M(609.0M)->0.0B(609.0M) Survivors: 5120.0K->5120.0K Heap: 756.8M(1024.0M)->148.3M(1024.0M)]
 [Times: user=0.04 sys=0.00, real=0.01 secs] 
2019-11-02T22:43:43.504+0800: 11970.541: [GC pause (G1 Evacuation Pause) (young), 0.0126204 secs]
   [Parallel Time: 11.7 ms, GC Workers: 4]
      [GC Worker Start (ms): Min: 11970541.1, Avg: 11970541.2, Max: 11970541.2, Diff: 0.0]
      [Ext Root Scanning (ms): Min: 0.8, Avg: 0.8, Max: 0.9, Diff: 0.1, Sum: 3.3]
      [Update RS (ms): Min: 0.9, Avg: 1.1, Max: 1.2, Diff: 0.3, Sum: 4.3]
         [Processed Buffers: Min: 1, Avg: 8.2, Max: 27, Diff: 26, Sum: 33]
      [Scan RS (ms): Min: 0.1, Avg: 0.2, Max: 0.3, Diff: 0.2, Sum: 0.7]
      [Code Root Scanning (ms): Min: 0.0, Avg: 0.1, Max: 0.2, Diff: 0.2, Sum: 0.5]
      [Object Copy (ms): Min: 9.3, Avg: 9.3, Max: 9.4, Diff: 0.1, Sum: 37.3]
      [Termination (ms): Min: 0.0, Avg: 0.0, Max: 0.0, Diff: 0.0, Sum: 0.0]
         [Termination Attempts: Min: 1, Avg: 1.0, Max: 1, Diff: 0, Sum: 4]
      [GC Worker Other (ms): Min: 0.0, Avg: 0.1, Max: 0.1, Diff: 0.0, Sum: 0.3]
      [GC Worker Total (ms): Min: 11.6, Avg: 11.6, Max: 11.6, Diff: 0.0, Sum: 46.4]
      [GC Worker End (ms): Min: 11970552.7, Avg: 11970552.8, Max: 11970552.8, Diff: 0.0]
   [Code Root Fixup: 0.0 ms]
   [Code Root Purge: 0.0 ms]
   [Clear CT: 0.2 ms]
   [Other: 0.7 ms]
      [Choose CSet: 0.0 ms]
      [Ref Proc: 0.2 ms]
      [Ref Enq: 0.0 ms]
      [Redirty Cards: 0.1 ms]
      [Humongous Register: 0.0 ms]
      [Humongous Reclaim: 0.0 ms]
      [Free CSet: 0.2 ms]
   [Eden: 609.0M(609.0M)->0.0B(609.0M) Survivors: 5120.0K->5120.0K Heap: 757.3M(1024.0M)->148.8M(1024.0M)]
 [Times: user=0.04 sys=0.00, real=0.01 secs] 
2019-11-02T22:47:49.217+0800: 12216.245: [GC pause (G1 Evacuation Pause) (young), 0.0134286 secs]
   [Parallel Time: 12.2 ms, GC Workers: 4]
      [GC Worker Start (ms): Min: 12216245.4, Avg: 12216245.5, Max: 12216245.7, Diff: 0.3]
      [Ext Root Scanning (ms): Min: 0.5, Avg: 0.7, Max: 0.8, Diff: 0.3, Sum: 2.9]
      [Update RS (ms): Min: 1.6, Avg: 1.9, Max: 2.1, Diff: 0.4, Sum: 7.5]
         [Processed Buffers: Min: 2, Avg: 10.2, Max: 17, Diff: 15, Sum: 41]
      [Scan RS (ms): Min: 0.1, Avg: 0.2, Max: 0.3, Diff: 0.3, Sum: 0.7]
      [Code Root Scanning (ms): Min: 0.0, Avg: 0.1, Max: 0.2, Diff: 0.2, Sum: 0.4]
      [Object Copy (ms): Min: 8.8, Avg: 8.9, Max: 9.0, Diff: 0.3, Sum: 35.6]
      [Termination (ms): Min: 0.0, Avg: 0.1, Max: 0.2, Diff: 0.2, Sum: 0.5]
         [Termination Attempts: Min: 1, Avg: 1.8, Max: 3, Diff: 2, Sum: 7]
      [GC Worker Other (ms): Min: 0.0, Avg: 0.0, Max: 0.1, Diff: 0.1, Sum: 0.2]
      [GC Worker Total (ms): Min: 11.7, Avg: 12.0, Max: 12.0, Diff: 0.3, Sum: 47.8]
      [GC Worker End (ms): Min: 12216257.4, Avg: 12216257.5, Max: 12216257.5, Diff: 0.0]
   [Code Root Fixup: 0.0 ms]
   [Code Root Purge: 0.0 ms]
   [Clear CT: 0.2 ms]
   [Other: 1.0 ms]
      [Choose CSet: 0.0 ms]
      [Ref Proc: 0.4 ms]
      [Ref Enq: 0.0 ms]
      [Redirty Cards: 0.2 ms]
      [Humongous Register: 0.1 ms]
      [Humongous Reclaim: 0.0 ms]
      [Free CSet: 0.2 ms]
   [Eden: 609.0M(609.0M)->0.0B(609.0M) Survivors: 5120.0K->5120.0K Heap: 757.8M(1024.0M)->148.6M(1024.0M)]
 [Times: user=0.05 sys=0.00, real=0.02 secs] 
2019-11-02T22:51:55.519+0800: 12462.538: [GC pause (G1 Evacuation Pause) (young), 0.0134377 secs]
   [Parallel Time: 12.4 ms, GC Workers: 4]
      [GC Worker Start (ms): Min: 12462538.2, Avg: 12462539.0, Max: 12462539.9, Diff: 1.8]
      [Ext Root Scanning (ms): Min: 0.0, Avg: 0.7, Max: 1.5, Diff: 1.5, Sum: 2.9]
      [Update RS (ms): Min: 1.2, Avg: 1.6, Max: 2.4, Diff: 1.2, Sum: 6.2]
         [Processed Buffers: Min: 1, Avg: 9.0, Max: 29, Diff: 28, Sum: 36]
      [Scan RS (ms): Min: 0.1, Avg: 0.2, Max: 0.3, Diff: 0.2, Sum: 0.8]
      [Code Root Scanning (ms): Min: 0.0, Avg: 1.6, Max: 6.0, Diff: 6.0, Sum: 6.2]
      [Object Copy (ms): Min: 2.9, Avg: 7.2, Max: 8.8, Diff: 5.9, Sum: 28.7]
      [Termination (ms): Min: 0.0, Avg: 0.1, Max: 0.2, Diff: 0.2, Sum: 0.5]
         [Termination Attempts: Min: 1, Avg: 1.0, Max: 1, Diff: 0, Sum: 4]
      [GC Worker Other (ms): Min: 0.0, Avg: 0.0, Max: 0.1, Diff: 0.0, Sum: 0.2]
      [GC Worker Total (ms): Min: 10.5, Avg: 11.4, Max: 12.2, Diff: 1.7, Sum: 45.5]
      [GC Worker End (ms): Min: 12462550.4, Avg: 12462550.4, Max: 12462550.4, Diff: 0.1]
   [Code Root Fixup: 0.0 ms]
   [Code Root Purge: 0.0 ms]
   [Clear CT: 0.2 ms]
   [Other: 0.9 ms]
      [Choose CSet: 0.0 ms]
      [Ref Proc: 0.2 ms]
      [Ref Enq: 0.0 ms]
      [Redirty Cards: 0.1 ms]
      [Humongous Register: 0.0 ms]
      [Humongous Reclaim: 0.0 ms]
      [Free CSet: 0.2 ms]
   [Eden: 609.0M(609.0M)->0.0B(610.0M) Survivors: 5120.0K->4096.0K Heap: 757.6M(1024.0M)->148.3M(1024.0M)]
 [Times: user=0.04 sys=0.00, real=0.02 secs] 
2019-11-02T22:55:53.163+0800: 12700.173: [GC pause (G1 Evacuation Pause) (young), 0.0128711 secs]
   [Parallel Time: 11.8 ms, GC Workers: 4]
      [GC Worker Start (ms): Min: 12700173.6, Avg: 12700173.8, Max: 12700174.0, Diff: 0.4]
      [Ext Root Scanning (ms): Min: 0.8, Avg: 1.2, Max: 1.4, Diff: 0.6, Sum: 4.9]
      [Update RS (ms): Min: 2.2, Avg: 2.4, Max: 2.6, Diff: 0.4, Sum: 9.7]
         [Processed Buffers: Min: 1, Avg: 9.5, Max: 19, Diff: 18, Sum: 38]
      [Scan RS (ms): Min: 0.0, Avg: 0.2, Max: 0.3, Diff: 0.2, Sum: 0.6]
      [Code Root Scanning (ms): Min: 0.0, Avg: 0.1, Max: 0.2, Diff: 0.2, Sum: 0.2]
      [Object Copy (ms): Min: 7.6, Avg: 7.7, Max: 7.8, Diff: 0.2, Sum: 30.7]
      [Termination (ms): Min: 0.0, Avg: 0.0, Max: 0.0, Diff: 0.0, Sum: 0.0]
         [Termination Attempts: Min: 1, Avg: 1.0, Max: 1, Diff: 0, Sum: 4]
      [GC Worker Other (ms): Min: 0.0, Avg: 0.1, Max: 0.1, Diff: 0.1, Sum: 0.2]
      [GC Worker Total (ms): Min: 11.3, Avg: 11.6, Max: 11.7, Diff: 0.4, Sum: 46.4]
      [GC Worker End (ms): Min: 12700185.3, Avg: 12700185.4, Max: 12700185.4, Diff: 0.1]
   [Code Root Fixup: 0.0 ms]
   [Code Root Purge: 0.0 ms]
   [Clear CT: 0.2 ms]
   [Other: 0.9 ms]
      [Choose CSet: 0.0 ms]
      [Ref Proc: 0.1 ms]
      [Ref Enq: 0.0 ms]
      [Redirty Cards: 0.1 ms]
      [Humongous Register: 0.2 ms]
      [Humongous Reclaim: 0.0 ms]
      [Free CSet: 0.2 ms]
   [Eden: 610.0M(610.0M)->0.0B(609.0M) Survivors: 4096.0K->5120.0K Heap: 758.3M(1024.0M)->148.9M(1024.0M)]
 [Times: user=0.04 sys=0.00, real=0.01 secs] 
2019-11-02T22:59:26.111+0800: 12913.114: [GC pause (G1 Evacuation Pause) (young), 0.0121250 secs]
   [Parallel Time: 10.9 ms, GC Workers: 4]
      [GC Worker Start (ms): Min: 12913114.6, Avg: 12913114.9, Max: 12913115.4, Diff: 0.8]
      [Ext Root Scanning (ms): Min: 0.6, Avg: 1.1, Max: 1.4, Diff: 0.8, Sum: 4.2]
      [Update RS (ms): Min: 1.7, Avg: 1.8, Max: 1.9, Diff: 0.2, Sum: 7.4]
         [Processed Buffers: Min: 3, Avg: 9.8, Max: 25, Diff: 22, Sum: 39]
      [Scan RS (ms): Min: 0.1, Avg: 0.2, Max: 0.2, Diff: 0.1, Sum: 0.7]
      [Code Root Scanning (ms): Min: 0.0, Avg: 0.1, Max: 0.2, Diff: 0.2, Sum: 0.2]
      [Object Copy (ms): Min: 7.2, Avg: 7.3, Max: 7.3, Diff: 0.1, Sum: 29.0]
      [Termination (ms): Min: 0.0, Avg: 0.0, Max: 0.0, Diff: 0.0, Sum: 0.0]
         [Termination Attempts: Min: 1, Avg: 1.0, Max: 1, Diff: 0, Sum: 4]
      [GC Worker Other (ms): Min: 0.0, Avg: 0.1, Max: 0.1, Diff: 0.0, Sum: 0.3]
      [GC Worker Total (ms): Min: 10.0, Avg: 10.5, Max: 10.7, Diff: 0.8, Sum: 41.8]
      [GC Worker End (ms): Min: 12913125.3, Avg: 12913125.3, Max: 12913125.4, Diff: 0.0]
   [Code Root Fixup: 0.0 ms]
   [Code Root Purge: 0.0 ms]
   [Clear CT: 0.3 ms]
   [Other: 0.9 ms]
      [Choose CSet: 0.0 ms]
      [Ref Proc: 0.3 ms]
      [Ref Enq: 0.0 ms]
      [Redirty Cards: 0.1 ms]
      [Humongous Register: 0.0 ms]
      [Humongous Reclaim: 0.0 ms]
      [Free CSet: 0.2 ms]
   [Eden: 609.0M(609.0M)->0.0B(609.0M) Survivors: 5120.0K->5120.0K Heap: 757.9M(1024.0M)->149.0M(1024.0M)]
 [Times: user=0.04 sys=0.00, real=0.01 secs] 
2019-11-02T23:03:09.133+0800: 13136.128: [GC pause (G1 Evacuation Pause) (young), 0.0166335 secs]
   [Parallel Time: 15.0 ms, GC Workers: 4]
      [GC Worker Start (ms): Min: 13136128.5, Avg: 13136128.6, Max: 13136128.6, Diff: 0.1]
      [Ext Root Scanning (ms): Min: 0.8, Avg: 0.8, Max: 0.9, Diff: 0.1, Sum: 3.2]
      [Update RS (ms): Min: 1.9, Avg: 2.2, Max: 2.3, Diff: 0.4, Sum: 8.6]
         [Processed Buffers: Min: 1, Avg: 9.5, Max: 21, Diff: 20, Sum: 38]
      [Scan RS (ms): Min: 0.1, Avg: 0.2, Max: 0.3, Diff: 0.2, Sum: 0.8]
      [Code Root Scanning (ms): Min: 0.0, Avg: 0.1, Max: 0.2, Diff: 0.2, Sum: 0.3]
      [Object Copy (ms): Min: 11.4, Avg: 11.5, Max: 11.6, Diff: 0.1, Sum: 46.0]
      [Termination (ms): Min: 0.0, Avg: 0.1, Max: 0.1, Diff: 0.1, Sum: 0.4]
         [Termination Attempts: Min: 1, Avg: 1.2, Max: 2, Diff: 1, Sum: 5]
      [GC Worker Other (ms): Min: 0.0, Avg: 0.0, Max: 0.0, Diff: 0.0, Sum: 0.1]
      [GC Worker Total (ms): Min: 14.8, Avg: 14.8, Max: 14.9, Diff: 0.1, Sum: 59.4]
      [GC Worker End (ms): Min: 13136143.4, Avg: 13136143.4, Max: 13136143.5, Diff: 0.0]
   [Code Root Fixup: 0.0 ms]
   [Code Root Purge: 0.0 ms]
   [Clear CT: 0.2 ms]
   [Other: 1.4 ms]
      [Choose CSet: 0.0 ms]
      [Ref Proc: 0.3 ms]
      [Ref Enq: 0.0 ms]
      [Redirty Cards: 0.1 ms]
      [Humongous Register: 0.0 ms]
      [Humongous Reclaim: 0.0 ms]
      [Free CSet: 0.8 ms]
   [Eden: 609.0M(609.0M)->0.0B(609.0M) Survivors: 5120.0K->5120.0K Heap: 758.0M(1024.0M)->149.5M(1024.0M)]
 [Times: user=0.06 sys=0.01, real=0.02 secs] 
2019-11-02T23:06:45.717+0800: 13352.704: [GC pause (G1 Evacuation Pause) (young), 0.0142057 secs]
   [Parallel Time: 13.3 ms, GC Workers: 4]
      [GC Worker Start (ms): Min: 13352704.5, Avg: 13352704.6, Max: 13352704.7, Diff: 0.1]
      [Ext Root Scanning (ms): Min: 0.7, Avg: 0.8, Max: 0.9, Diff: 0.2, Sum: 3.1]
      [Update RS (ms): Min: 1.7, Avg: 1.9, Max: 2.3, Diff: 0.6, Sum: 7.6]
         [Processed Buffers: Min: 2, Avg: 10.0, Max: 28, Diff: 26, Sum: 40]
      [Scan RS (ms): Min: 0.0, Avg: 0.2, Max: 0.3, Diff: 0.3, Sum: 0.8]
      [Code Root Scanning (ms): Min: 0.0, Avg: 0.1, Max: 0.3, Diff: 0.3, Sum: 0.5]
      [Object Copy (ms): Min: 10.0, Avg: 10.1, Max: 10.1, Diff: 0.1, Sum: 40.3]
      [Termination (ms): Min: 0.0, Avg: 0.0, Max: 0.0, Diff: 0.0, Sum: 0.0]
         [Termination Attempts: Min: 1, Avg: 1.0, Max: 1, Diff: 0, Sum: 4]
      [GC Worker Other (ms): Min: 0.1, Avg: 0.1, Max: 0.1, Diff: 0.0, Sum: 0.3]
      [GC Worker Total (ms): Min: 13.0, Avg: 13.1, Max: 13.2, Diff: 0.2, Sum: 52.5]
      [GC Worker End (ms): Min: 13352717.7, Avg: 13352717.7, Max: 13352717.7, Diff: 0.0]
   [Code Root Fixup: 0.0 ms]
   [Code Root Purge: 0.0 ms]
   [Clear CT: 0.2 ms]
   [Other: 0.7 ms]
      [Choose CSet: 0.0 ms]
      [Ref Proc: 0.2 ms]
      [Ref Enq: 0.0 ms]
      [Redirty Cards: 0.1 ms]
      [Humongous Register: 0.0 ms]
      [Humongous Reclaim: 0.0 ms]
      [Free CSet: 0.2 ms]
   [Eden: 609.0M(609.0M)->0.0B(609.0M) Survivors: 5120.0K->5120.0K Heap: 758.5M(1024.0M)->149.6M(1024.0M)]
 [Times: user=0.05 sys=0.00, real=0.02 secs] 
2019-11-02T23:10:15.784+0800: 13562.764: [GC pause (G1 Evacuation Pause) (young), 0.0137842 secs]
   [Parallel Time: 12.8 ms, GC Workers: 4]
      [GC Worker Start (ms): Min: 13562763.9, Avg: 13562763.9, Max: 13562764.0, Diff: 0.1]
      [Ext Root Scanning (ms): Min: 0.7, Avg: 0.7, Max: 0.8, Diff: 0.1, Sum: 2.9]
      [Update RS (ms): Min: 1.9, Avg: 2.1, Max: 2.3, Diff: 0.5, Sum: 8.5]
         [Processed Buffers: Min: 2, Avg: 9.5, Max: 29, Diff: 27, Sum: 38]
      [Scan RS (ms): Min: 0.1, Avg: 0.2, Max: 0.4, Diff: 0.2, Sum: 0.8]
      [Code Root Scanning (ms): Min: 0.0, Avg: 0.1, Max: 0.2, Diff: 0.2, Sum: 0.5]
      [Object Copy (ms): Min: 9.4, Avg: 9.4, Max: 9.5, Diff: 0.1, Sum: 37.6]
      [Termination (ms): Min: 0.0, Avg: 0.0, Max: 0.0, Diff: 0.0, Sum: 0.0]
         [Termination Attempts: Min: 1, Avg: 1.5, Max: 2, Diff: 1, Sum: 6]
      [GC Worker Other (ms): Min: 0.1, Avg: 0.1, Max: 0.1, Diff: 0.0, Sum: 0.3]
      [GC Worker Total (ms): Min: 12.6, Avg: 12.7, Max: 12.7, Diff: 0.0, Sum: 50.6]
      [GC Worker End (ms): Min: 13562776.6, Avg: 13562776.6, Max: 13562776.6, Diff: 0.0]
   [Code Root Fixup: 0.0 ms]
   [Code Root Purge: 0.0 ms]
   [Clear CT: 0.2 ms]
   [Other: 0.8 ms]
      [Choose CSet: 0.0 ms]
      [Ref Proc: 0.2 ms]
      [Ref Enq: 0.0 ms]
      [Redirty Cards: 0.1 ms]
      [Humongous Register: 0.0 ms]
      [Humongous Reclaim: 0.0 ms]
      [Free CSet: 0.2 ms]
   [Eden: 609.0M(609.0M)->0.0B(609.0M) Survivors: 5120.0K->5120.0K Heap: 758.6M(1024.0M)->149.2M(1024.0M)]
 [Times: user=0.05 sys=0.01, real=0.01 secs] 
2019-11-02T23:13:41.737+0800: 13768.709: [GC pause (G1 Evacuation Pause) (young), 0.0148995 secs]
   [Parallel Time: 14.1 ms, GC Workers: 4]
      [GC Worker Start (ms): Min: 13768709.5, Avg: 13768709.5, Max: 13768709.5, Diff: 0.1]
      [Ext Root Scanning (ms): Min: 0.9, Avg: 0.9, Max: 1.0, Diff: 0.1, Sum: 3.7]
      [Update RS (ms): Min: 1.8, Avg: 2.1, Max: 2.5, Diff: 0.8, Sum: 8.3]
         [Processed Buffers: Min: 2, Avg: 10.0, Max: 32, Diff: 30, Sum: 40]
      [Scan RS (ms): Min: 0.0, Avg: 0.2, Max: 0.3, Diff: 0.3, Sum: 0.8]
      [Code Root Scanning (ms): Min: 0.0, Avg: 0.1, Max: 0.2, Diff: 0.2, Sum: 0.3]
      [Object Copy (ms): Min: 10.4, Avg: 10.6, Max: 10.7, Diff: 0.3, Sum: 42.4]
      [Termination (ms): Min: 0.0, Avg: 0.0, Max: 0.0, Diff: 0.0, Sum: 0.0]
         [Termination Attempts: Min: 1, Avg: 1.0, Max: 1, Diff: 0, Sum: 4]
      [GC Worker Other (ms): Min: 0.1, Avg: 0.1, Max: 0.1, Diff: 0.0, Sum: 0.4]
      [GC Worker Total (ms): Min: 14.0, Avg: 14.0, Max: 14.0, Diff: 0.0, Sum: 55.9]
      [GC Worker End (ms): Min: 13768723.5, Avg: 13768723.5, Max: 13768723.5, Diff: 0.0]
   [Code Root Fixup: 0.0 ms]
   [Code Root Purge: 0.0 ms]
   [Clear CT: 0.2 ms]
   [Other: 0.6 ms]
      [Choose CSet: 0.0 ms]
      [Ref Proc: 0.1 ms]
      [Ref Enq: 0.0 ms]
      [Redirty Cards: 0.1 ms]
      [Humongous Register: 0.0 ms]
      [Humongous Reclaim: 0.0 ms]
      [Free CSet: 0.2 ms]
   [Eden: 609.0M(609.0M)->0.0B(609.0M) Survivors: 5120.0K->5120.0K Heap: 758.2M(1024.0M)->149.2M(1024.0M)]
 [Times: user=0.05 sys=0.00, real=0.02 secs] 
2019-11-02T23:17:07.755+0800: 13975.885: [GC pause (G1 Evacuation Pause) (young), 0.0141048 secs]
   [Parallel Time: 13.0 ms, GC Workers: 4]
      [GC Worker Start (ms): Min: 13975885.3, Avg: 13975887.7, Max: 13975893.6, Diff: 8.4]
      [Ext Root Scanning (ms): Min: 0.0, Avg: 0.8, Max: 1.5, Diff: 1.4, Sum: 3.1]
      [Update RS (ms): Min: 0.0, Avg: 1.5, Max: 2.1, Diff: 2.1, Sum: 6.1]
         [Processed Buffers: Min: 0, Avg: 10.2, Max: 26, Diff: 26, Sum: 41]
      [Scan RS (ms): Min: 0.1, Avg: 0.1, Max: 0.2, Diff: 0.1, Sum: 0.5]
      [Code Root Scanning (ms): Min: 0.0, Avg: 0.2, Max: 0.4, Diff: 0.4, Sum: 0.6]
      [Object Copy (ms): Min: 4.3, Avg: 7.7, Max: 8.9, Diff: 4.7, Sum: 30.9]
      [Termination (ms): Min: 0.0, Avg: 0.1, Max: 0.1, Diff: 0.1, Sum: 0.4]
         [Termination Attempts: Min: 1, Avg: 1.2, Max: 2, Diff: 1, Sum: 5]
      [GC Worker Other (ms): Min: 0.0, Avg: 0.0, Max: 0.1, Diff: 0.0, Sum: 0.1]
      [GC Worker Total (ms): Min: 4.5, Avg: 10.4, Max: 12.9, Diff: 8.4, Sum: 41.8]
      [GC Worker End (ms): Min: 13975898.2, Avg: 13975898.2, Max: 13975898.2, Diff: 0.0]
   [Code Root Fixup: 0.0 ms]
   [Code Root Purge: 0.0 ms]
   [Clear CT: 0.2 ms]
   [Other: 0.9 ms]
      [Choose CSet: 0.0 ms]
      [Ref Proc: 0.3 ms]
      [Ref Enq: 0.0 ms]
      [Redirty Cards: 0.1 ms]
      [Humongous Register: 0.1 ms]
      [Humongous Reclaim: 0.0 ms]
      [Free CSet: 0.3 ms]
   [Eden: 609.0M(609.0M)->0.0B(609.0M) Survivors: 5120.0K->5120.0K Heap: 758.2M(1024.0M)->149.3M(1024.0M)]
 [Times: user=0.04 sys=0.00, real=0.02 secs] 
2019-11-02T23:20:33.524+0800: 14181.647: [GC pause (G1 Evacuation Pause) (young), 0.0144337 secs]
   [Parallel Time: 13.5 ms, GC Workers: 4]
      [GC Worker Start (ms): Min: 14181646.8, Avg: 14181646.9, Max: 14181647.2, Diff: 0.3]
      [Ext Root Scanning (ms): Min: 0.7, Avg: 1.3, Max: 2.3, Diff: 1.5, Sum: 5.1]
      [Update RS (ms): Min: 1.2, Avg: 2.1, Max: 2.6, Diff: 1.4, Sum: 8.6]
         [Processed Buffers: Min: 1, Avg: 10.0, Max: 32, Diff: 31, Sum: 40]
      [Scan RS (ms): Min: 0.1, Avg: 0.2, Max: 0.3, Diff: 0.2, Sum: 0.8]
      [Code Root Scanning (ms): Min: 0.0, Avg: 0.2, Max: 0.3, Diff: 0.3, Sum: 0.6]
      [Object Copy (ms): Min: 9.3, Avg: 9.5, Max: 9.6, Diff: 0.3, Sum: 37.9]
      [Termination (ms): Min: 0.0, Avg: 0.0, Max: 0.0, Diff: 0.0, Sum: 0.0]
         [Termination Attempts: Min: 1, Avg: 1.0, Max: 1, Diff: 0, Sum: 4]
      [GC Worker Other (ms): Min: 0.1, Avg: 0.1, Max: 0.1, Diff: 0.0, Sum: 0.5]
      [GC Worker Total (ms): Min: 13.1, Avg: 13.4, Max: 13.5, Diff: 0.4, Sum: 53.5]
      [GC Worker End (ms): Min: 14181660.3, Avg: 14181660.3, Max: 14181660.3, Diff: 0.0]
   [Code Root Fixup: 0.0 ms]
   [Code Root Purge: 0.0 ms]
   [Clear CT: 0.2 ms]
   [Other: 0.7 ms]
      [Choose CSet: 0.0 ms]
      [Ref Proc: 0.1 ms]
      [Ref Enq: 0.0 ms]
      [Redirty Cards: 0.1 ms]
      [Humongous Register: 0.0 ms]
      [Humongous Reclaim: 0.0 ms]
      [Free CSet: 0.2 ms]
   [Eden: 609.0M(609.0M)->0.0B(609.0M) Survivors: 5120.0K->5120.0K Heap: 758.3M(1024.0M)->149.3M(1024.0M)]
 [Times: user=0.05 sys=0.00, real=0.01 secs] 
2019-11-02T23:24:00.758+0800: 14388.874: [GC pause (G1 Evacuation Pause) (young), 0.0139021 secs]
   [Parallel Time: 12.7 ms, GC Workers: 4]
      [GC Worker Start (ms): Min: 14388874.0, Avg: 14388874.1, Max: 14388874.2, Diff: 0.2]
      [Ext Root Scanning (ms): Min: 0.2, Avg: 0.9, Max: 1.2, Diff: 0.9, Sum: 3.6]
      [Update RS (ms): Min: 1.9, Avg: 2.0, Max: 2.2, Diff: 0.3, Sum: 8.2]
         [Processed Buffers: Min: 2, Avg: 9.8, Max: 30, Diff: 28, Sum: 39]
      [Scan RS (ms): Min: 0.1, Avg: 0.2, Max: 0.4, Diff: 0.3, Sum: 1.0]
      [Code Root Scanning (ms): Min: 0.0, Avg: 0.1, Max: 0.4, Diff: 0.4, Sum: 0.5]
      [Object Copy (ms): Min: 8.8, Avg: 8.9, Max: 9.0, Diff: 0.2, Sum: 35.7]
      [Termination (ms): Min: 0.0, Avg: 0.0, Max: 0.0, Diff: 0.0, Sum: 0.0]
         [Termination Attempts: Min: 1, Avg: 1.0, Max: 1, Diff: 0, Sum: 4]
      [GC Worker Other (ms): Min: 0.1, Avg: 0.3, Max: 0.8, Diff: 0.7, Sum: 1.0]
      [GC Worker Total (ms): Min: 12.4, Avg: 12.5, Max: 12.6, Diff: 0.3, Sum: 50.0]
      [GC Worker End (ms): Min: 14388886.5, Avg: 14388886.6, Max: 14388886.6, Diff: 0.0]
   [Code Root Fixup: 0.0 ms]
   [Code Root Purge: 0.0 ms]
   [Clear CT: 0.2 ms]
   [Other: 1.0 ms]
      [Choose CSet: 0.0 ms]
      [Ref Proc: 0.3 ms]
      [Ref Enq: 0.0 ms]
      [Redirty Cards: 0.1 ms]
      [Humongous Register: 0.1 ms]
      [Humongous Reclaim: 0.0 ms]
      [Free CSet: 0.2 ms]
   [Eden: 609.0M(609.0M)->0.0B(609.0M) Survivors: 5120.0K->5120.0K Heap: 758.3M(1024.0M)->149.8M(1024.0M)]
 [Times: user=0.05 sys=0.01, real=0.02 secs] 
2019-11-02T23:27:28.727+0800: 14596.835: [GC pause (G1 Evacuation Pause) (young), 0.0162685 secs]
   [Parallel Time: 15.3 ms, GC Workers: 4]
      [GC Worker Start (ms): Min: 14596835.0, Avg: 14596835.2, Max: 14596835.5, Diff: 0.5]
      [Ext Root Scanning (ms): Min: 0.5, Avg: 0.9, Max: 1.0, Diff: 0.5, Sum: 3.4]
      [Update RS (ms): Min: 1.8, Avg: 2.1, Max: 2.4, Diff: 0.6, Sum: 8.6]
         [Processed Buffers: Min: 2, Avg: 10.5, Max: 24, Diff: 22, Sum: 42]
      [Scan RS (ms): Min: 0.0, Avg: 0.2, Max: 0.4, Diff: 0.3, Sum: 0.7]
      [Code Root Scanning (ms): Min: 0.0, Avg: 0.2, Max: 0.4, Diff: 0.4, Sum: 0.7]
      [Object Copy (ms): Min: 11.5, Avg: 11.7, Max: 11.8, Diff: 0.2, Sum: 46.7]
      [Termination (ms): Min: 0.0, Avg: 0.0, Max: 0.0, Diff: 0.0, Sum: 0.0]
         [Termination Attempts: Min: 1, Avg: 1.5, Max: 2, Diff: 1, Sum: 6]
      [GC Worker Other (ms): Min: 0.0, Avg: 0.1, Max: 0.1, Diff: 0.0, Sum: 0.2]
      [GC Worker Total (ms): Min: 14.7, Avg: 15.1, Max: 15.2, Diff: 0.5, Sum: 60.3]
      [GC Worker End (ms): Min: 14596850.2, Avg: 14596850.3, Max: 14596850.3, Diff: 0.0]
   [Code Root Fixup: 0.0 ms]
   [Code Root Purge: 0.0 ms]
   [Clear CT: 0.2 ms]
   [Other: 0.8 ms]
      [Choose CSet: 0.0 ms]
      [Ref Proc: 0.2 ms]
      [Ref Enq: 0.0 ms]
      [Redirty Cards: 0.1 ms]
      [Humongous Register: 0.0 ms]
      [Humongous Reclaim: 0.0 ms]
      [Free CSet: 0.2 ms]
   [Eden: 609.0M(609.0M)->0.0B(608.0M) Survivors: 5120.0K->6144.0K Heap: 758.8M(1024.0M)->150.8M(1024.0M)]
 [Times: user=0.05 sys=0.00, real=0.02 secs] 
2019-11-02T23:30:52.121+0800: 14800.221: [GC pause (G1 Evacuation Pause) (young), 0.0148698 secs]
   [Parallel Time: 13.8 ms, GC Workers: 4]
      [GC Worker Start (ms): Min: 14800221.0, Avg: 14800221.0, Max: 14800221.0, Diff: 0.1]
      [Ext Root Scanning (ms): Min: 0.8, Avg: 0.8, Max: 0.9, Diff: 0.1, Sum: 3.3]
      [Update RS (ms): Min: 1.9, Avg: 2.1, Max: 2.4, Diff: 0.5, Sum: 8.4]
         [Processed Buffers: Min: 2, Avg: 10.0, Max: 26, Diff: 24, Sum: 40]
      [Scan RS (ms): Min: 0.1, Avg: 0.2, Max: 0.2, Diff: 0.1, Sum: 0.8]
      [Code Root Scanning (ms): Min: 0.0, Avg: 0.3, Max: 0.5, Diff: 0.5, Sum: 1.0]
      [Object Copy (ms): Min: 10.3, Avg: 10.3, Max: 10.3, Diff: 0.0, Sum: 41.2]
      [Termination (ms): Min: 0.0, Avg: 0.0, Max: 0.0, Diff: 0.0, Sum: 0.0]
         [Termination Attempts: Min: 1, Avg: 1.0, Max: 1, Diff: 0, Sum: 4]
      [GC Worker Other (ms): Min: 0.0, Avg: 0.1, Max: 0.1, Diff: 0.0, Sum: 0.2]
      [GC Worker Total (ms): Min: 13.7, Avg: 13.7, Max: 13.8, Diff: 0.1, Sum: 55.0]
      [GC Worker End (ms): Min: 14800234.7, Avg: 14800234.7, Max: 14800234.8, Diff: 0.0]
   [Code Root Fixup: 0.0 ms]
   [Code Root Purge: 0.0 ms]
   [Clear CT: 0.2 ms]
   [Other: 0.8 ms]
      [Choose CSet: 0.0 ms]
      [Ref Proc: 0.2 ms]
      [Ref Enq: 0.0 ms]
      [Redirty Cards: 0.1 ms]
      [Humongous Register: 0.0 ms]
      [Humongous Reclaim: 0.0 ms]
      [Free CSet: 0.2 ms]
   [Eden: 608.0M(608.0M)->0.0B(609.0M) Survivors: 6144.0K->5120.0K Heap: 758.8M(1024.0M)->149.3M(1024.0M)]
 [Times: user=0.06 sys=0.00, real=0.01 secs] 
2019-11-02T23:34:16.714+0800: 15004.806: [GC pause (G1 Evacuation Pause) (young), 0.0166014 secs]
   [Parallel Time: 15.2 ms, GC Workers: 4]
      [GC Worker Start (ms): Min: 15004806.5, Avg: 15004806.6, Max: 15004806.7, Diff: 0.2]
      [Ext Root Scanning (ms): Min: 0.9, Avg: 1.1, Max: 1.3, Diff: 0.4, Sum: 4.3]
      [Update RS (ms): Min: 1.9, Avg: 2.1, Max: 2.4, Diff: 0.5, Sum: 8.3]
         [Processed Buffers: Min: 3, Avg: 9.8, Max: 19, Diff: 16, Sum: 39]
      [Scan RS (ms): Min: 0.1, Avg: 0.2, Max: 0.3, Diff: 0.3, Sum: 0.8]
      [Code Root Scanning (ms): Min: 0.0, Avg: 0.5, Max: 1.3, Diff: 1.3, Sum: 1.9]
      [Object Copy (ms): Min: 10.4, Avg: 11.1, Max: 11.4, Diff: 1.0, Sum: 44.4]
      [Termination (ms): Min: 0.0, Avg: 0.1, Max: 0.3, Diff: 0.3, Sum: 0.5]
         [Termination Attempts: Min: 1, Avg: 1.0, Max: 1, Diff: 0, Sum: 4]
      [GC Worker Other (ms): Min: 0.0, Avg: 0.0, Max: 0.0, Diff: 0.0, Sum: 0.1]
      [GC Worker Total (ms): Min: 14.9, Avg: 15.0, Max: 15.1, Diff: 0.2, Sum: 60.2]
      [GC Worker End (ms): Min: 15004821.6, Avg: 15004821.6, Max: 15004821.7, Diff: 0.0]
   [Code Root Fixup: 0.0 ms]
   [Code Root Purge: 0.0 ms]
   [Clear CT: 0.4 ms]
   [Other: 1.0 ms]
      [Choose CSet: 0.0 ms]
      [Ref Proc: 0.3 ms]
      [Ref Enq: 0.0 ms]
      [Redirty Cards: 0.1 ms]
      [Humongous Register: 0.0 ms]
      [Humongous Reclaim: 0.0 ms]
      [Free CSet: 0.3 ms]
   [Eden: 609.0M(609.0M)->0.0B(608.0M) Survivors: 5120.0K->6144.0K Heap: 758.3M(1024.0M)->150.8M(1024.0M)]
 [Times: user=0.05 sys=0.01, real=0.02 secs] 
2019-11-03T09:59:05.208+0800: 20819.497: [GC pause (G1 Evacuation Pause) (young), 0.1549653 secs]
   [Parallel Time: 144.9 ms, GC Workers: 4]
      [GC Worker Start (ms): Min: 20819500.0, Avg: 20819500.2, Max: 20819500.3, Diff: 0.3]
      [Ext Root Scanning (ms): Min: 3.6, Avg: 4.5, Max: 6.7, Diff: 3.1, Sum: 18.0]
      [Update RS (ms): Min: 10.6, Avg: 12.1, Max: 13.3, Diff: 2.7, Sum: 48.6]
         [Processed Buffers: Min: 2, Avg: 12.0, Max: 41, Diff: 39, Sum: 48]
      [Scan RS (ms): Min: 0.0, Avg: 0.1, Max: 0.3, Diff: 0.3, Sum: 0.4]
      [Code Root Scanning (ms): Min: 0.0, Avg: 0.2, Max: 0.9, Diff: 0.9, Sum: 0.9]
      [Object Copy (ms): Min: 127.3, Avg: 127.5, Max: 127.9, Diff: 0.6, Sum: 510.1]
      [Termination (ms): Min: 0.0, Avg: 0.0, Max: 0.0, Diff: 0.0, Sum: 0.1]
         [Termination Attempts: Min: 1, Avg: 1.2, Max: 2, Diff: 1, Sum: 5]
      [GC Worker Other (ms): Min: 0.1, Avg: 0.1, Max: 0.1, Diff: 0.0, Sum: 0.3]
      [GC Worker Total (ms): Min: 144.5, Avg: 144.6, Max: 144.8, Diff: 0.3, Sum: 578.5]
      [GC Worker End (ms): Min: 20819644.8, Avg: 20819644.8, Max: 20819644.8, Diff: 0.0]
   [Code Root Fixup: 0.0 ms]
   [Code Root Purge: 0.0 ms]
   [Clear CT: 0.7 ms]
   [Other: 9.3 ms]
      [Choose CSet: 0.0 ms]
      [Ref Proc: 4.3 ms]
      [Ref Enq: 0.0 ms]
      [Redirty Cards: 0.1 ms]
      [Humongous Register: 1.6 ms]
      [Humongous Reclaim: 0.0 ms]
      [Free CSet: 1.2 ms]
   [Eden: 608.0M(608.0M)->0.0B(45.0M) Survivors: 6144.0K->6144.0K Heap: 758.8M(1024.0M)->150.3M(1024.0M)]
 [Times: user=0.09 sys=0.27, real=0.16 secs] 
2019-11-03T10:08:53.386+0800: 21408.931: [GC pause (G1 Evacuation Pause) (young), 0.0210526 secs]
   [Parallel Time: 20.0 ms, GC Workers: 4]
      [GC Worker Start (ms): Min: 21408931.4, Avg: 21408931.8, Max: 21408932.2, Diff: 0.8]
      [Ext Root Scanning (ms): Min: 0.2, Avg: 0.6, Max: 1.0, Diff: 0.8, Sum: 2.4]
      [Update RS (ms): Min: 1.3, Avg: 1.4, Max: 1.6, Diff: 0.3, Sum: 5.5]
         [Processed Buffers: Min: 2, Avg: 11.0, Max: 19, Diff: 17, Sum: 44]
      [Scan RS (ms): Min: 0.0, Avg: 0.0, Max: 0.0, Diff: 0.0, Sum: 0.0]
      [Code Root Scanning (ms): Min: 0.0, Avg: 0.2, Max: 0.4, Diff: 0.4, Sum: 0.6]
      [Object Copy (ms): Min: 17.2, Avg: 17.3, Max: 17.5, Diff: 0.3, Sum: 69.3]
      [Termination (ms): Min: 0.0, Avg: 0.1, Max: 0.2, Diff: 0.2, Sum: 0.5]
         [Termination Attempts: Min: 1, Avg: 1.0, Max: 1, Diff: 0, Sum: 4]
      [GC Worker Other (ms): Min: 0.0, Avg: 0.0, Max: 0.0, Diff: 0.0, Sum: 0.1]
      [GC Worker Total (ms): Min: 19.2, Avg: 19.6, Max: 19.9, Diff: 0.7, Sum: 78.4]
      [GC Worker End (ms): Min: 21408951.3, Avg: 21408951.4, Max: 21408951.4, Diff: 0.1]
   [Code Root Fixup: 0.0 ms]
   [Code Root Purge: 0.0 ms]
   [Clear CT: 0.1 ms]
   [Other: 0.9 ms]
      [Choose CSet: 0.0 ms]
      [Ref Proc: 0.3 ms]
      [Ref Enq: 0.0 ms]
      [Redirty Cards: 0.1 ms]
      [Humongous Register: 0.1 ms]
      [Humongous Reclaim: 0.0 ms]
      [Free CSet: 0.1 ms]
   [Eden: 45.0M(45.0M)->0.0B(46.0M) Survivors: 6144.0K->5120.0K Heap: 195.3M(1024.0M)->150.1M(1024.0M)]
 [Times: user=0.04 sys=0.02, real=0.02 secs] 
2019-11-03T10:09:05.210+0800: 21420.755: [GC pause (G1 Evacuation Pause) (young), 0.0170137 secs]
   [Parallel Time: 16.2 ms, GC Workers: 4]
      [GC Worker Start (ms): Min: 21420755.6, Avg: 21420755.6, Max: 21420755.7, Diff: 0.1]
      [Ext Root Scanning (ms): Min: 1.0, Avg: 1.1, Max: 1.2, Diff: 0.2, Sum: 4.5]
      [Update RS (ms): Min: 3.0, Avg: 3.6, Max: 4.9, Diff: 1.8, Sum: 14.4]
         [Processed Buffers: Min: 2, Avg: 8.5, Max: 17, Diff: 15, Sum: 34]
      [Scan RS (ms): Min: 0.0, Avg: 0.1, Max: 0.2, Diff: 0.2, Sum: 0.3]
      [Code Root Scanning (ms): Min: 0.0, Avg: 0.2, Max: 0.5, Diff: 0.5, Sum: 0.9]
      [Object Copy (ms): Min: 9.9, Avg: 10.9, Max: 11.5, Diff: 1.6, Sum: 43.6]
      [Termination (ms): Min: 0.0, Avg: 0.1, Max: 0.2, Diff: 0.2, Sum: 0.6]
         [Termination Attempts: Min: 1, Avg: 1.0, Max: 1, Diff: 0, Sum: 4]
      [GC Worker Other (ms): Min: 0.0, Avg: 0.0, Max: 0.0, Diff: 0.0, Sum: 0.1]
      [GC Worker Total (ms): Min: 16.0, Avg: 16.1, Max: 16.1, Diff: 0.1, Sum: 64.3]
      [GC Worker End (ms): Min: 21420771.7, Avg: 21420771.7, Max: 21420771.7, Diff: 0.1]
   [Code Root Fixup: 0.0 ms]
   [Code Root Purge: 0.0 ms]
   [Clear CT: 0.1 ms]
   [Other: 0.7 ms]
      [Choose CSet: 0.0 ms]
      [Ref Proc: 0.2 ms]
      [Ref Enq: 0.0 ms]
      [Redirty Cards: 0.1 ms]
      [Humongous Register: 0.1 ms]
      [Humongous Reclaim: 0.0 ms]
      [Free CSet: 0.1 ms]
   [Eden: 46.0M(46.0M)->0.0B(48.0M) Survivors: 5120.0K->3072.0K Heap: 196.1M(1024.0M)->149.9M(1024.0M)]
 [Times: user=0.04 sys=0.01, real=0.01 secs] 
2019-11-03T10:09:18.160+0800: 21433.704: [GC pause (G1 Evacuation Pause) (young), 0.0102704 secs]
   [Parallel Time: 9.7 ms, GC Workers: 4]
      [GC Worker Start (ms): Min: 21433704.6, Avg: 21433704.7, Max: 21433704.9, Diff: 0.4]
      [Ext Root Scanning (ms): Min: 0.2, Avg: 0.5, Max: 0.6, Diff: 0.4, Sum: 1.9]
      [Update RS (ms): Min: 2.3, Avg: 2.5, Max: 2.8, Diff: 0.5, Sum: 10.0]
         [Processed Buffers: Min: 3, Avg: 10.5, Max: 20, Diff: 17, Sum: 42]
      [Scan RS (ms): Min: 0.0, Avg: 0.2, Max: 0.3, Diff: 0.3, Sum: 0.7]
      [Code Root Scanning (ms): Min: 0.0, Avg: 0.0, Max: 0.0, Diff: 0.0, Sum: 0.0]
      [Object Copy (ms): Min: 6.3, Avg: 6.4, Max: 6.5, Diff: 0.2, Sum: 25.6]
      [Termination (ms): Min: 0.0, Avg: 0.0, Max: 0.0, Diff: 0.0, Sum: 0.0]
         [Termination Attempts: Min: 1, Avg: 1.0, Max: 1, Diff: 0, Sum: 4]
      [GC Worker Other (ms): Min: 0.0, Avg: 0.0, Max: 0.0, Diff: 0.0, Sum: 0.1]
      [GC Worker Total (ms): Min: 9.3, Avg: 9.6, Max: 9.7, Diff: 0.4, Sum: 38.2]
      [GC Worker End (ms): Min: 21433714.2, Avg: 21433714.2, Max: 21433714.2, Diff: 0.0]
   [Code Root Fixup: 0.0 ms]
   [Code Root Purge: 0.0 ms]
   [Clear CT: 0.1 ms]
   [Other: 0.4 ms]
      [Choose CSet: 0.0 ms]
      [Ref Proc: 0.1 ms]
      [Ref Enq: 0.0 ms]
      [Redirty Cards: 0.1 ms]
      [Humongous Register: 0.0 ms]
      [Humongous Reclaim: 0.0 ms]
      [Free CSet: 0.0 ms]
   [Eden: 48.0M(48.0M)->0.0B(46.0M) Survivors: 3072.0K->5120.0K Heap: 197.9M(1024.0M)->152.1M(1024.0M)]
 [Times: user=0.02 sys=0.00, real=0.01 secs] 
2019-11-03T10:09:30.545+0800: 21446.089: [GC pause (G1 Evacuation Pause) (young), 0.0129234 secs]
   [Parallel Time: 12.1 ms, GC Workers: 4]
      [GC Worker Start (ms): Min: 21446089.0, Avg: 21446089.6, Max: 21446091.3, Diff: 2.3]
      [Ext Root Scanning (ms): Min: 0.0, Avg: 1.2, Max: 1.6, Diff: 1.6, Sum: 4.7]
      [Update RS (ms): Min: 0.5, Avg: 1.2, Max: 1.6, Diff: 1.1, Sum: 4.9]
         [Processed Buffers: Min: 2, Avg: 7.8, Max: 12, Diff: 10, Sum: 31]
      [Scan RS (ms): Min: 0.0, Avg: 0.0, Max: 0.0, Diff: 0.0, Sum: 0.0]
      [Code Root Scanning (ms): Min: 0.0, Avg: 0.0, Max: 0.0, Diff: 0.0, Sum: 0.0]
      [Object Copy (ms): Min: 8.7, Avg: 9.0, Max: 9.1, Diff: 0.3, Sum: 35.9]
      [Termination (ms): Min: 0.0, Avg: 0.1, Max: 0.1, Diff: 0.1, Sum: 0.3]
         [Termination Attempts: Min: 1, Avg: 1.0, Max: 1, Diff: 0, Sum: 4]
      [GC Worker Other (ms): Min: 0.0, Avg: 0.0, Max: 0.0, Diff: 0.0, Sum: 0.1]
      [GC Worker Total (ms): Min: 9.7, Avg: 11.5, Max: 12.1, Diff: 2.3, Sum: 45.9]
      [GC Worker End (ms): Min: 21446101.1, Avg: 21446101.1, Max: 21446101.1, Diff: 0.0]
   [Code Root Fixup: 0.0 ms]
   [Code Root Purge: 0.0 ms]
   [Clear CT: 0.1 ms]
   [Other: 0.7 ms]
      [Choose CSet: 0.0 ms]
      [Ref Proc: 0.2 ms]
      [Ref Enq: 0.0 ms]
      [Redirty Cards: 0.1 ms]
      [Humongous Register: 0.1 ms]
      [Humongous Reclaim: 0.0 ms]
      [Free CSet: 0.1 ms]
   [Eden: 46.0M(46.0M)->0.0B(45.0M) Survivors: 5120.0K->6144.0K Heap: 198.1M(1024.0M)->152.7M(1024.0M)]
 [Times: user=0.03 sys=0.01, real=0.01 secs] 
2019-11-03T10:09:42.690+0800: 21458.233: [GC pause (G1 Evacuation Pause) (young), 0.0147283 secs]
   [Parallel Time: 14.1 ms, GC Workers: 4]
      [GC Worker Start (ms): Min: 21458233.6, Avg: 21458233.8, Max: 21458234.4, Diff: 0.8]
      [Ext Root Scanning (ms): Min: 0.3, Avg: 0.8, Max: 1.1, Diff: 0.8, Sum: 3.4]
      [Update RS (ms): Min: 1.7, Avg: 1.9, Max: 2.1, Diff: 0.5, Sum: 7.4]
         [Processed Buffers: Min: 2, Avg: 9.0, Max: 15, Diff: 13, Sum: 36]
      [Scan RS (ms): Min: 0.0, Avg: 0.0, Max: 0.0, Diff: 0.0, Sum: 0.1]
      [Code Root Scanning (ms): Min: 0.0, Avg: 0.0, Max: 0.0, Diff: 0.0, Sum: 0.0]
      [Object Copy (ms): Min: 10.8, Avg: 11.1, Max: 11.2, Diff: 0.4, Sum: 44.3]
      [Termination (ms): Min: 0.0, Avg: 0.0, Max: 0.0, Diff: 0.0, Sum: 0.0]
         [Termination Attempts: Min: 1, Avg: 1.0, Max: 1, Diff: 0, Sum: 4]
      [GC Worker Other (ms): Min: 0.0, Avg: 0.0, Max: 0.0, Diff: 0.0, Sum: 0.1]
      [GC Worker Total (ms): Min: 13.3, Avg: 13.8, Max: 14.0, Diff: 0.8, Sum: 55.3]
      [GC Worker End (ms): Min: 21458247.6, Avg: 21458247.6, Max: 21458247.6, Diff: 0.0]
   [Code Root Fixup: 0.0 ms]
   [Code Root Purge: 0.0 ms]
   [Clear CT: 0.1 ms]
   [Other: 0.6 ms]
      [Choose CSet: 0.0 ms]
      [Ref Proc: 0.1 ms]
      [Ref Enq: 0.0 ms]
      [Redirty Cards: 0.1 ms]
      [Humongous Register: 0.0 ms]
      [Humongous Reclaim: 0.0 ms]
      [Free CSet: 0.0 ms]
   [Eden: 45.0M(45.0M)->0.0B(46.0M) Survivors: 6144.0K->5120.0K Heap: 197.7M(1024.0M)->152.8M(1024.0M)]
 [Times: user=0.05 sys=0.01, real=0.01 secs] 
2019-11-03T10:09:55.105+0800: 21470.648: [GC pause (G1 Evacuation Pause) (young), 0.0168243 secs]
   [Parallel Time: 16.2 ms, GC Workers: 4]
      [GC Worker Start (ms): Min: 21470648.6, Avg: 21470648.6, Max: 21470648.7, Diff: 0.1]
      [Ext Root Scanning (ms): Min: 0.7, Avg: 0.8, Max: 0.8, Diff: 0.1, Sum: 3.1]
      [Update RS (ms): Min: 6.6, Avg: 6.9, Max: 7.1, Diff: 0.5, Sum: 27.6]
         [Processed Buffers: Min: 3, Avg: 9.0, Max: 16, Diff: 13, Sum: 36]
      [Scan RS (ms): Min: 0.0, Avg: 0.0, Max: 0.0, Diff: 0.0, Sum: 0.0]
      [Code Root Scanning (ms): Min: 0.0, Avg: 0.0, Max: 0.0, Diff: 0.0, Sum: 0.0]
      [Object Copy (ms): Min: 8.1, Avg: 8.3, Max: 8.6, Diff: 0.4, Sum: 33.3]
      [Termination (ms): Min: 0.0, Avg: 0.0, Max: 0.0, Diff: 0.0, Sum: 0.0]
         [Termination Attempts: Min: 1, Avg: 1.0, Max: 1, Diff: 0, Sum: 4]
      [GC Worker Other (ms): Min: 0.0, Avg: 0.0, Max: 0.1, Diff: 0.0, Sum: 0.2]
      [GC Worker Total (ms): Min: 16.0, Avg: 16.1, Max: 16.1, Diff: 0.0, Sum: 64.2]
      [GC Worker End (ms): Min: 21470664.7, Avg: 21470664.7, Max: 21470664.7, Diff: 0.0]
   [Code Root Fixup: 0.0 ms]
   [Code Root Purge: 0.0 ms]
   [Clear CT: 0.1 ms]
   [Other: 0.6 ms]
      [Choose CSet: 0.0 ms]
      [Ref Proc: 0.1 ms]
      [Ref Enq: 0.0 ms]
      [Redirty Cards: 0.1 ms]
      [Humongous Register: 0.0 ms]
      [Humongous Reclaim: 0.0 ms]
      [Free CSet: 0.0 ms]
   [Eden: 46.0M(46.0M)->0.0B(46.0M) Survivors: 5120.0K->5120.0K Heap: 198.8M(1024.0M)->152.8M(1024.0M)]
 [Times: user=0.05 sys=0.00, real=0.02 secs] 
2019-11-03T10:10:07.615+0800: 21483.158: [GC pause (G1 Evacuation Pause) (young), 0.0163200 secs]
   [Parallel Time: 15.6 ms, GC Workers: 4]
      [GC Worker Start (ms): Min: 21483157.8, Avg: 21483157.9, Max: 21483158.1, Diff: 0.3]
      [Ext Root Scanning (ms): Min: 0.4, Avg: 0.6, Max: 0.7, Diff: 0.3, Sum: 2.3]
      [Update RS (ms): Min: 2.0, Avg: 2.1, Max: 2.3, Diff: 0.4, Sum: 8.6]
         [Processed Buffers: Min: 4, Avg: 9.2, Max: 16, Diff: 12, Sum: 37]
      [Scan RS (ms): Min: 0.0, Avg: 0.2, Max: 0.3, Diff: 0.3, Sum: 0.7]
      [Code Root Scanning (ms): Min: 0.0, Avg: 0.0, Max: 0.0, Diff: 0.0, Sum: 0.0]
      [Object Copy (ms): Min: 12.2, Avg: 12.3, Max: 12.4, Diff: 0.2, Sum: 49.3]
      [Termination (ms): Min: 0.0, Avg: 0.1, Max: 0.2, Diff: 0.2, Sum: 0.4]
         [Termination Attempts: Min: 1, Avg: 1.0, Max: 1, Diff: 0, Sum: 4]
      [GC Worker Other (ms): Min: 0.0, Avg: 0.0, Max: 0.0, Diff: 0.0, Sum: 0.1]
      [GC Worker Total (ms): Min: 15.1, Avg: 15.3, Max: 15.5, Diff: 0.3, Sum: 61.4]
      [GC Worker End (ms): Min: 21483173.2, Avg: 21483173.3, Max: 21483173.3, Diff: 0.0]
   [Code Root Fixup: 0.0 ms]
   [Code Root Purge: 0.0 ms]
   [Clear CT: 0.1 ms]
   [Other: 0.7 ms]
      [Choose CSet: 0.0 ms]
      [Ref Proc: 0.2 ms]
      [Ref Enq: 0.0 ms]
      [Redirty Cards: 0.1 ms]
      [Humongous Register: 0.0 ms]
      [Humongous Reclaim: 0.0 ms]
      [Free CSet: 0.1 ms]
   [Eden: 46.0M(46.0M)->0.0B(45.0M) Survivors: 5120.0K->6144.0K Heap: 198.8M(1024.0M)->154.3M(1024.0M)]
 [Times: user=0.05 sys=0.01, real=0.02 secs] 
2019-11-03T10:10:19.707+0800: 21495.249: [GC pause (G1 Evacuation Pause) (young), 0.0177817 secs]
   [Parallel Time: 16.8 ms, GC Workers: 4]
      [GC Worker Start (ms): Min: 21495249.5, Avg: 21495249.9, Max: 21495250.8, Diff: 1.3]
      [Ext Root Scanning (ms): Min: 0.0, Avg: 0.9, Max: 1.2, Diff: 1.2, Sum: 3.5]
      [Update RS (ms): Min: 2.7, Avg: 2.8, Max: 2.9, Diff: 0.2, Sum: 11.2]
         [Processed Buffers: Min: 3, Avg: 9.8, Max: 17, Diff: 14, Sum: 39]
      [Scan RS (ms): Min: 1.4, Avg: 1.5, Max: 1.6, Diff: 0.2, Sum: 5.9]
      [Code Root Scanning (ms): Min: 0.0, Avg: 0.0, Max: 0.0, Diff: 0.0, Sum: 0.0]
      [Object Copy (ms): Min: 11.0, Avg: 11.1, Max: 11.3, Diff: 0.3, Sum: 44.5]
      [Termination (ms): Min: 0.0, Avg: 0.0, Max: 0.0, Diff: 0.0, Sum: 0.0]
         [Termination Attempts: Min: 1, Avg: 1.0, Max: 1, Diff: 0, Sum: 4]
      [GC Worker Other (ms): Min: 0.0, Avg: 0.1, Max: 0.1, Diff: 0.0, Sum: 0.2]
      [GC Worker Total (ms): Min: 15.4, Avg: 16.3, Max: 16.7, Diff: 1.3, Sum: 65.3]
      [GC Worker End (ms): Min: 21495266.2, Avg: 21495266.2, Max: 21495266.2, Diff: 0.0]
   [Code Root Fixup: 0.0 ms]
   [Code Root Purge: 0.0 ms]
   [Clear CT: 0.1 ms]
   [Other: 0.9 ms]
      [Choose CSet: 0.0 ms]
      [Ref Proc: 0.3 ms]
      [Ref Enq: 0.0 ms]
      [Redirty Cards: 0.1 ms]
      [Humongous Register: 0.1 ms]
      [Humongous Reclaim: 0.0 ms]
      [Free CSet: 0.1 ms]
   [Eden: 45.0M(45.0M)->0.0B(46.0M) Survivors: 6144.0K->5120.0K Heap: 199.3M(1024.0M)->154.4M(1024.0M)]
 [Times: user=0.07 sys=0.01, real=0.02 secs] 
2019-11-03T10:10:32.231+0800: 21507.773: [GC pause (G1 Evacuation Pause) (young), 0.0174395 secs]
   [Parallel Time: 16.7 ms, GC Workers: 4]
      [GC Worker Start (ms): Min: 21507773.2, Avg: 21507773.2, Max: 21507773.4, Diff: 0.2]
      [Ext Root Scanning (ms): Min: 0.7, Avg: 0.9, Max: 1.0, Diff: 0.2, Sum: 3.5]
      [Update RS (ms): Min: 2.9, Avg: 3.3, Max: 3.6, Diff: 0.7, Sum: 13.3]
         [Processed Buffers: Min: 2, Avg: 9.8, Max: 13, Diff: 11, Sum: 39]
      [Scan RS (ms): Min: 2.9, Avg: 3.2, Max: 3.3, Diff: 0.4, Sum: 12.6]
      [Code Root Scanning (ms): Min: 0.0, Avg: 0.0, Max: 0.0, Diff: 0.0, Sum: 0.0]
      [Object Copy (ms): Min: 8.9, Avg: 9.2, Max: 9.6, Diff: 0.7, Sum: 36.7]
      [Termination (ms): Min: 0.0, Avg: 0.0, Max: 0.0, Diff: 0.0, Sum: 0.1]
         [Termination Attempts: Min: 1, Avg: 1.0, Max: 1, Diff: 0, Sum: 4]
      [GC Worker Other (ms): Min: 0.0, Avg: 0.0, Max: 0.0, Diff: 0.0, Sum: 0.1]
      [GC Worker Total (ms): Min: 16.5, Avg: 16.6, Max: 16.6, Diff: 0.2, Sum: 66.3]
      [GC Worker End (ms): Min: 21507789.8, Avg: 21507789.8, Max: 21507789.8, Diff: 0.0]
   [Code Root Fixup: 0.0 ms]
   [Code Root Purge: 0.0 ms]
   [Clear CT: 0.1 ms]
   [Other: 0.6 ms]
      [Choose CSet: 0.0 ms]
      [Ref Proc: 0.2 ms]
      [Ref Enq: 0.0 ms]
      [Redirty Cards: 0.1 ms]
      [Humongous Register: 0.0 ms]
      [Humongous Reclaim: 0.0 ms]
      [Free CSet: 0.1 ms]
   [Eden: 46.0M(46.0M)->0.0B(46.0M) Survivors: 5120.0K->5120.0K Heap: 200.4M(1024.0M)->153.9M(1024.0M)]
 [Times: user=0.06 sys=0.01, real=0.01 secs] 
2019-11-03T10:10:44.786+0800: 21520.327: [GC pause (G1 Evacuation Pause) (young), 0.0198153 secs]
   [Parallel Time: 19.1 ms, GC Workers: 4]
      [GC Worker Start (ms): Min: 21520327.5, Avg: 21520327.8, Max: 21520327.9, Diff: 0.4]
      [Ext Root Scanning (ms): Min: 0.8, Avg: 0.9, Max: 1.1, Diff: 0.4, Sum: 3.4]
      [Update RS (ms): Min: 3.1, Avg: 3.2, Max: 3.3, Diff: 0.2, Sum: 12.7]
         [Processed Buffers: Min: 4, Avg: 8.8, Max: 21, Diff: 17, Sum: 35]
      [Scan RS (ms): Min: 2.7, Avg: 2.9, Max: 3.1, Diff: 0.4, Sum: 11.7]
      [Code Root Scanning (ms): Min: 0.0, Avg: 0.0, Max: 0.0, Diff: 0.0, Sum: 0.0]
      [Object Copy (ms): Min: 11.5, Avg: 11.8, Max: 11.9, Diff: 0.4, Sum: 47.1]
      [Termination (ms): Min: 0.0, Avg: 0.0, Max: 0.0, Diff: 0.0, Sum: 0.0]
         [Termination Attempts: Min: 1, Avg: 1.0, Max: 1, Diff: 0, Sum: 4]
      [GC Worker Other (ms): Min: 0.0, Avg: 0.1, Max: 0.1, Diff: 0.0, Sum: 0.2]
      [GC Worker Total (ms): Min: 18.7, Avg: 18.8, Max: 19.1, Diff: 0.4, Sum: 75.2]
      [GC Worker End (ms): Min: 21520346.6, Avg: 21520346.6, Max: 21520346.6, Diff: 0.0]
   [Code Root Fixup: 0.0 ms]
   [Code Root Purge: 0.0 ms]
   [Clear CT: 0.1 ms]
   [Other: 0.6 ms]
      [Choose CSet: 0.0 ms]
      [Ref Proc: 0.1 ms]
      [Ref Enq: 0.0 ms]
      [Redirty Cards: 0.1 ms]
      [Humongous Register: 0.0 ms]
      [Humongous Reclaim: 0.0 ms]
      [Free CSet: 0.1 ms]
   [Eden: 46.0M(46.0M)->0.0B(46.0M) Survivors: 5120.0K->5120.0K Heap: 199.9M(1024.0M)->155.2M(1024.0M)]
 [Times: user=0.06 sys=0.00, real=0.02 secs] 
2019-11-03T10:10:57.299+0800: 21532.840: [GC pause (G1 Evacuation Pause) (young), 0.0171334 secs]
   [Parallel Time: 16.4 ms, GC Workers: 4]
      [GC Worker Start (ms): Min: 21532839.8, Avg: 21532839.9, Max: 21532839.9, Diff: 0.1]
      [Ext Root Scanning (ms): Min: 0.8, Avg: 0.9, Max: 0.9, Diff: 0.1, Sum: 3.4]
      [Update RS (ms): Min: 2.1, Avg: 2.3, Max: 2.8, Diff: 0.7, Sum: 9.3]
         [Processed Buffers: Min: 2, Avg: 9.5, Max: 17, Diff: 15, Sum: 38]
      [Scan RS (ms): Min: 2.9, Avg: 3.4, Max: 3.6, Diff: 0.8, Sum: 13.5]
      [Code Root Scanning (ms): Min: 0.0, Avg: 0.0, Max: 0.0, Diff: 0.0, Sum: 0.0]
      [Object Copy (ms): Min: 9.6, Avg: 9.7, Max: 9.8, Diff: 0.2, Sum: 38.7]
      [Termination (ms): Min: 0.0, Avg: 0.0, Max: 0.0, Diff: 0.0, Sum: 0.0]
         [Termination Attempts: Min: 1, Avg: 1.0, Max: 1, Diff: 0, Sum: 4]
      [GC Worker Other (ms): Min: 0.0, Avg: 0.1, Max: 0.1, Diff: 0.1, Sum: 0.2]
      [GC Worker Total (ms): Min: 16.3, Avg: 16.3, Max: 16.3, Diff: 0.0, Sum: 65.1]
      [GC Worker End (ms): Min: 21532856.1, Avg: 21532856.1, Max: 21532856.2, Diff: 0.0]
   [Code Root Fixup: 0.0 ms]
   [Code Root Purge: 0.0 ms]
   [Clear CT: 0.1 ms]
   [Other: 0.6 ms]
      [Choose CSet: 0.0 ms]
      [Ref Proc: 0.1 ms]
      [Ref Enq: 0.0 ms]
      [Redirty Cards: 0.1 ms]
      [Humongous Register: 0.0 ms]
      [Humongous Reclaim: 0.0 ms]
      [Free CSet: 0.1 ms]
   [Eden: 46.0M(46.0M)->0.0B(46.0M) Survivors: 5120.0K->5120.0K Heap: 201.2M(1024.0M)->155.5M(1024.0M)]
 [Times: user=0.07 sys=0.00, real=0.02 secs] 
2019-11-03T10:11:09.890+0800: 21545.430: [GC pause (G1 Evacuation Pause) (young), 0.0174007 secs]
   [Parallel Time: 16.5 ms, GC Workers: 4]
      [GC Worker Start (ms): Min: 21545430.3, Avg: 21545430.4, Max: 21545430.8, Diff: 0.5]
      [Ext Root Scanning (ms): Min: 0.4, Avg: 0.8, Max: 0.9, Diff: 0.5, Sum: 3.1]
      [Update RS (ms): Min: 2.6, Avg: 3.0, Max: 3.3, Diff: 0.7, Sum: 12.0]
         [Processed Buffers: Min: 4, Avg: 10.2, Max: 19, Diff: 15, Sum: 41]
      [Scan RS (ms): Min: 2.8, Avg: 3.1, Max: 3.6, Diff: 0.7, Sum: 12.5]
      [Code Root Scanning (ms): Min: 0.0, Avg: 0.0, Max: 0.0, Diff: 0.0, Sum: 0.0]
      [Object Copy (ms): Min: 9.2, Avg: 9.3, Max: 9.3, Diff: 0.1, Sum: 37.1]
      [Termination (ms): Min: 0.0, Avg: 0.0, Max: 0.0, Diff: 0.0, Sum: 0.0]
         [Termination Attempts: Min: 1, Avg: 1.0, Max: 1, Diff: 0, Sum: 4]
      [GC Worker Other (ms): Min: 0.0, Avg: 0.0, Max: 0.1, Diff: 0.0, Sum: 0.2]
      [GC Worker Total (ms): Min: 15.9, Avg: 16.2, Max: 16.4, Diff: 0.5, Sum: 65.0]
      [GC Worker End (ms): Min: 21545446.6, Avg: 21545446.7, Max: 21545446.7, Diff: 0.0]
   [Code Root Fixup: 0.0 ms]
   [Code Root Purge: 0.0 ms]
   [Clear CT: 0.1 ms]
   [Other: 0.9 ms]
      [Choose CSet: 0.0 ms]
      [Ref Proc: 0.4 ms]
      [Ref Enq: 0.0 ms]
      [Redirty Cards: 0.1 ms]
      [Humongous Register: 0.0 ms]
      [Humongous Reclaim: 0.0 ms]
      [Free CSet: 0.1 ms]
   [Eden: 46.0M(46.0M)->0.0B(46.0M) Survivors: 5120.0K->5120.0K Heap: 201.5M(1024.0M)->156.1M(1024.0M)]
 [Times: user=0.07 sys=0.01, real=0.01 secs] 
2019-11-03T10:11:22.429+0800: 21557.969: [GC pause (G1 Evacuation Pause) (young), 0.0190485 secs]
   [Parallel Time: 16.6 ms, GC Workers: 4]
      [GC Worker Start (ms): Min: 21557970.8, Avg: 21557970.8, Max: 21557970.8, Diff: 0.1]
      [Ext Root Scanning (ms): Min: 0.8, Avg: 0.8, Max: 0.9, Diff: 0.1, Sum: 3.3]
      [Update RS (ms): Min: 3.0, Avg: 3.3, Max: 3.8, Diff: 0.8, Sum: 13.4]
         [Processed Buffers: Min: 2, Avg: 9.0, Max: 18, Diff: 16, Sum: 36]
      [Scan RS (ms): Min: 3.2, Avg: 3.6, Max: 4.0, Diff: 0.8, Sum: 14.6]
      [Code Root Scanning (ms): Min: 0.0, Avg: 0.0, Max: 0.0, Diff: 0.0, Sum: 0.0]
      [Object Copy (ms): Min: 8.6, Avg: 8.7, Max: 8.7, Diff: 0.1, Sum: 34.7]
      [Termination (ms): Min: 0.0, Avg: 0.0, Max: 0.0, Diff: 0.0, Sum: 0.0]
         [Termination Attempts: Min: 1, Avg: 1.8, Max: 3, Diff: 2, Sum: 7]
      [GC Worker Other (ms): Min: 0.0, Avg: 0.0, Max: 0.1, Diff: 0.0, Sum: 0.2]
      [GC Worker Total (ms): Min: 16.5, Avg: 16.5, Max: 16.5, Diff: 0.1, Sum: 66.1]
      [GC Worker End (ms): Min: 21557987.3, Avg: 21557987.3, Max: 21557987.3, Diff: 0.0]
   [Code Root Fixup: 0.0 ms]
   [Code Root Purge: 0.0 ms]
   [Clear CT: 0.1 ms]
   [Other: 2.3 ms]
      [Choose CSet: 0.0 ms]
      [Ref Proc: 0.2 ms]
      [Ref Enq: 0.0 ms]
      [Redirty Cards: 0.1 ms]
      [Humongous Register: 0.0 ms]
      [Humongous Reclaim: 0.0 ms]
      [Free CSet: 0.1 ms]
   [Eden: 46.0M(46.0M)->0.0B(46.0M) Survivors: 5120.0K->5120.0K Heap: 202.1M(1024.0M)->156.1M(1024.0M)]
 [Times: user=0.07 sys=0.00, real=0.02 secs] 
2019-11-03T10:11:35.031+0800: 21570.571: [GC pause (G1 Evacuation Pause) (young), 0.0175801 secs]
   [Parallel Time: 16.3 ms, GC Workers: 4]
      [GC Worker Start (ms): Min: 21570570.7, Avg: 21570570.8, Max: 21570570.8, Diff: 0.1]
      [Ext Root Scanning (ms): Min: 0.7, Avg: 0.8, Max: 0.8, Diff: 0.1, Sum: 3.1]
      [Update RS (ms): Min: 2.6, Avg: 2.8, Max: 3.0, Diff: 0.4, Sum: 11.2]
         [Processed Buffers: Min: 2, Avg: 8.8, Max: 18, Diff: 16, Sum: 35]
      [Scan RS (ms): Min: 3.2, Avg: 3.5, Max: 3.7, Diff: 0.5, Sum: 14.0]
      [Code Root Scanning (ms): Min: 0.0, Avg: 0.0, Max: 0.0, Diff: 0.0, Sum: 0.0]
      [Object Copy (ms): Min: 8.9, Avg: 9.0, Max: 9.1, Diff: 0.2, Sum: 36.1]
      [Termination (ms): Min: 0.0, Avg: 0.0, Max: 0.0, Diff: 0.0, Sum: 0.0]
         [Termination Attempts: Min: 1, Avg: 1.0, Max: 1, Diff: 0, Sum: 4]
      [GC Worker Other (ms): Min: 0.0, Avg: 0.0, Max: 0.0, Diff: 0.0, Sum: 0.1]
      [GC Worker Total (ms): Min: 16.1, Avg: 16.1, Max: 16.2, Diff: 0.1, Sum: 64.4]
      [GC Worker End (ms): Min: 21570586.9, Avg: 21570586.9, Max: 21570586.9, Diff: 0.0]
   [Code Root Fixup: 0.0 ms]
   [Code Root Purge: 0.0 ms]
   [Clear CT: 0.2 ms]
   [Other: 1.1 ms]
      [Choose CSet: 0.0 ms]
      [Ref Proc: 0.7 ms]
      [Ref Enq: 0.0 ms]
      [Redirty Cards: 0.2 ms]
      [Humongous Register: 0.0 ms]
      [Humongous Reclaim: 0.0 ms]
      [Free CSet: 0.1 ms]
   [Eden: 46.0M(46.0M)->0.0B(46.0M) Survivors: 5120.0K->5120.0K Heap: 202.1M(1024.0M)->156.1M(1024.0M)]
 [Times: user=0.06 sys=0.00, real=0.01 secs] 
2019-11-03T10:11:47.428+0800: 21582.967: [GC pause (G1 Evacuation Pause) (young), 0.0192241 secs]
   [Parallel Time: 18.5 ms, GC Workers: 4]
      [GC Worker Start (ms): Min: 21582967.4, Avg: 21582967.4, Max: 21582967.4, Diff: 0.1]
      [Ext Root Scanning (ms): Min: 0.8, Avg: 0.9, Max: 0.9, Diff: 0.1, Sum: 3.5]
      [Update RS (ms): Min: 2.6, Avg: 2.8, Max: 3.1, Diff: 0.5, Sum: 11.2]
         [Processed Buffers: Min: 5, Avg: 8.5, Max: 13, Diff: 8, Sum: 34]
      [Scan RS (ms): Min: 3.1, Avg: 3.5, Max: 3.7, Diff: 0.6, Sum: 14.0]
      [Code Root Scanning (ms): Min: 0.0, Avg: 0.0, Max: 0.0, Diff: 0.0, Sum: 0.0]
      [Object Copy (ms): Min: 11.1, Avg: 11.2, Max: 11.3, Diff: 0.2, Sum: 44.8]
      [Termination (ms): Min: 0.0, Avg: 0.0, Max: 0.0, Diff: 0.0, Sum: 0.0]
         [Termination Attempts: Min: 1, Avg: 1.2, Max: 2, Diff: 1, Sum: 5]
      [GC Worker Other (ms): Min: 0.0, Avg: 0.0, Max: 0.0, Diff: 0.0, Sum: 0.1]
      [GC Worker Total (ms): Min: 18.4, Avg: 18.4, Max: 18.4, Diff: 0.1, Sum: 73.6]
      [GC Worker End (ms): Min: 21582985.8, Avg: 21582985.8, Max: 21582985.8, Diff: 0.0]
   [Code Root Fixup: 0.0 ms]
   [Code Root Purge: 0.0 ms]
   [Clear CT: 0.1 ms]
   [Other: 0.6 ms]
      [Choose CSet: 0.0 ms]
      [Ref Proc: 0.2 ms]
      [Ref Enq: 0.0 ms]
      [Redirty Cards: 0.1 ms]
      [Humongous Register: 0.0 ms]
      [Humongous Reclaim: 0.0 ms]
      [Free CSet: 0.0 ms]
   [Eden: 46.0M(46.0M)->0.0B(44.0M) Survivors: 5120.0K->7168.0K Heap: 202.1M(1024.0M)->158.1M(1024.0M)]
 [Times: user=0.07 sys=0.00, real=0.02 secs] 
2019-11-03T10:11:59.417+0800: 21594.955: [GC pause (G1 Evacuation Pause) (young), 0.0209268 secs]
   [Parallel Time: 20.0 ms, GC Workers: 4]
      [GC Worker Start (ms): Min: 21594955.6, Avg: 21594955.8, Max: 21594956.5, Diff: 0.9]
      [Ext Root Scanning (ms): Min: 0.0, Avg: 0.6, Max: 0.9, Diff: 0.9, Sum: 2.5]
      [Update RS (ms): Min: 0.0, Avg: 1.9, Max: 2.6, Diff: 2.6, Sum: 7.4]
         [Processed Buffers: Min: 0, Avg: 8.0, Max: 16, Diff: 16, Sum: 32]
      [Scan RS (ms): Min: 0.0, Avg: 2.3, Max: 3.1, Diff: 3.1, Sum: 9.2]
      [Code Root Scanning (ms): Min: 0.0, Avg: 0.0, Max: 0.0, Diff: 0.0, Sum: 0.0]
      [Object Copy (ms): Min: 13.3, Avg: 14.8, Max: 19.0, Diff: 5.7, Sum: 59.3]
      [Termination (ms): Min: 0.0, Avg: 0.0, Max: 0.0, Diff: 0.0, Sum: 0.0]
         [Termination Attempts: Min: 1, Avg: 1.0, Max: 1, Diff: 0, Sum: 4]
      [GC Worker Other (ms): Min: 0.0, Avg: 0.0, Max: 0.0, Diff: 0.0, Sum: 0.1]
      [GC Worker Total (ms): Min: 19.0, Avg: 19.6, Max: 19.9, Diff: 0.9, Sum: 78.5]
      [GC Worker End (ms): Min: 21594975.5, Avg: 21594975.5, Max: 21594975.5, Diff: 0.0]
   [Code Root Fixup: 0.0 ms]
   [Code Root Purge: 0.0 ms]
   [Clear CT: 0.2 ms]
   [Other: 0.7 ms]
      [Choose CSet: 0.0 ms]
      [Ref Proc: 0.2 ms]
      [Ref Enq: 0.0 ms]
      [Redirty Cards: 0.2 ms]
      [Humongous Register: 0.1 ms]
      [Humongous Reclaim: 0.0 ms]
      [Free CSet: 0.1 ms]
   [Eden: 44.0M(44.0M)->0.0B(46.0M) Survivors: 7168.0K->5120.0K Heap: 202.1M(1024.0M)->157.4M(1024.0M)]
 [Times: user=0.06 sys=0.00, real=0.02 secs] 
2019-11-03T10:12:12.052+0800: 21607.590: [GC pause (G1 Evacuation Pause) (young), 0.0160587 secs]
   [Parallel Time: 15.3 ms, GC Workers: 4]
      [GC Worker Start (ms): Min: 21607590.1, Avg: 21607590.1, Max: 21607590.1, Diff: 0.0]
      [Ext Root Scanning (ms): Min: 0.4, Avg: 0.5, Max: 0.5, Diff: 0.1, Sum: 1.9]
      [Update RS (ms): Min: 1.4, Avg: 1.6, Max: 1.9, Diff: 0.4, Sum: 6.4]
         [Processed Buffers: Min: 2, Avg: 9.2, Max: 22, Diff: 20, Sum: 37]
      [Scan RS (ms): Min: 3.3, Avg: 3.6, Max: 4.0, Diff: 0.7, Sum: 14.3]
      [Code Root Scanning (ms): Min: 0.0, Avg: 0.0, Max: 0.0, Diff: 0.0, Sum: 0.0]
      [Object Copy (ms): Min: 8.9, Avg: 9.6, Max: 9.8, Diff: 1.0, Sum: 38.2]
      [Termination (ms): Min: 0.0, Avg: 0.0, Max: 0.0, Diff: 0.0, Sum: 0.0]
         [Termination Attempts: Min: 1, Avg: 1.0, Max: 1, Diff: 0, Sum: 4]
      [GC Worker Other (ms): Min: 0.0, Avg: 0.0, Max: 0.1, Diff: 0.0, Sum: 0.2]
      [GC Worker Total (ms): Min: 15.3, Avg: 15.3, Max: 15.3, Diff: 0.0, Sum: 61.1]
      [GC Worker End (ms): Min: 21607605.3, Avg: 21607605.4, Max: 21607605.4, Diff: 0.0]
   [Code Root Fixup: 0.0 ms]
   [Code Root Purge: 0.0 ms]
   [Clear CT: 0.1 ms]
   [Other: 0.6 ms]
      [Choose CSet: 0.0 ms]
      [Ref Proc: 0.2 ms]
      [Ref Enq: 0.0 ms]
      [Redirty Cards: 0.1 ms]
      [Humongous Register: 0.1 ms]
      [Humongous Reclaim: 0.0 ms]
      [Free CSet: 0.1 ms]
   [Eden: 46.0M(46.0M)->0.0B(80.0M) Survivors: 5120.0K->5120.0K Heap: 203.4M(1024.0M)->157.4M(1024.0M)]
 [Times: user=0.05 sys=0.00, real=0.01 secs] 
2019-11-03T10:12:25.732+0800: 21621.269: [GC pause (G1 Evacuation Pause) (young), 0.0208858 secs]
   [Parallel Time: 20.2 ms, GC Workers: 4]
      [GC Worker Start (ms): Min: 21621269.2, Avg: 21621269.4, Max: 21621269.9, Diff: 0.7]
      [Ext Root Scanning (ms): Min: 0.5, Avg: 1.0, Max: 1.3, Diff: 0.8, Sum: 4.1]
      [Update RS (ms): Min: 2.6, Avg: 2.7, Max: 3.1, Diff: 0.5, Sum: 10.9]
         [Processed Buffers: Min: 1, Avg: 7.0, Max: 15, Diff: 14, Sum: 28]
      [Scan RS (ms): Min: 4.7, Avg: 5.0, Max: 5.1, Diff: 0.5, Sum: 19.8]
      [Code Root Scanning (ms): Min: 0.0, Avg: 0.0, Max: 0.0, Diff: 0.0, Sum: 0.0]
      [Object Copy (ms): Min: 11.2, Avg: 11.2, Max: 11.3, Diff: 0.1, Sum: 44.9]
      [Termination (ms): Min: 0.0, Avg: 0.0, Max: 0.0, Diff: 0.0, Sum: 0.0]
         [Termination Attempts: Min: 1, Avg: 1.0, Max: 1, Diff: 0, Sum: 4]
      [GC Worker Other (ms): Min: 0.0, Avg: 0.0, Max: 0.0, Diff: 0.0, Sum: 0.1]
      [GC Worker Total (ms): Min: 19.5, Avg: 20.0, Max: 20.2, Diff: 0.7, Sum: 79.9]
      [GC Worker End (ms): Min: 21621289.4, Avg: 21621289.4, Max: 21621289.4, Diff: 0.0]
   [Code Root Fixup: 0.0 ms]
   [Code Root Purge: 0.0 ms]
   [Clear CT: 0.1 ms]
   [Other: 0.6 ms]
      [Choose CSet: 0.0 ms]
      [Ref Proc: 0.1 ms]
      [Ref Enq: 0.0 ms]
      [Redirty Cards: 0.1 ms]
      [Humongous Register: 0.1 ms]
      [Humongous Reclaim: 0.0 ms]
      [Free CSet: 0.1 ms]
   [Eden: 50.0M(46.0M)->0.0B(53.0M) Survivors: 5120.0K->5120.0K Heap: 207.4M(1024.0M)->157.4M(1024.0M)]
 [Times: user=0.06 sys=0.01, real=0.02 secs] 
2019-11-03T10:15:42.592+0800: 21818.122: [GC pause (G1 Evacuation Pause) (young), 0.0202548 secs]
   [Parallel Time: 19.4 ms, GC Workers: 4]
      [GC Worker Start (ms): Min: 21818121.8, Avg: 21818121.9, Max: 21818121.9, Diff: 0.1]
      [Ext Root Scanning (ms): Min: 0.7, Avg: 0.8, Max: 0.8, Diff: 0.1, Sum: 3.1]
      [Update RS (ms): Min: 2.9, Avg: 3.1, Max: 3.5, Diff: 0.6, Sum: 12.4]
         [Processed Buffers: Min: 2, Avg: 9.8, Max: 14, Diff: 12, Sum: 39]
      [Scan RS (ms): Min: 4.0, Avg: 4.4, Max: 4.7, Diff: 0.7, Sum: 17.7]
      [Code Root Scanning (ms): Min: 0.0, Avg: 0.0, Max: 0.0, Diff: 0.0, Sum: 0.0]
      [Object Copy (ms): Min: 10.9, Avg: 10.9, Max: 11.0, Diff: 0.1, Sum: 43.8]
      [Termination (ms): Min: 0.0, Avg: 0.0, Max: 0.0, Diff: 0.0, Sum: 0.0]
         [Termination Attempts: Min: 1, Avg: 1.0, Max: 1, Diff: 0, Sum: 4]
      [GC Worker Other (ms): Min: 0.0, Avg: 0.0, Max: 0.1, Diff: 0.0, Sum: 0.2]
      [GC Worker Total (ms): Min: 19.3, Avg: 19.3, Max: 19.3, Diff: 0.1, Sum: 77.2]
      [GC Worker End (ms): Min: 21818141.2, Avg: 21818141.2, Max: 21818141.2, Diff: 0.0]
   [Code Root Fixup: 0.0 ms]
   [Code Root Purge: 0.0 ms]
   [Clear CT: 0.1 ms]
   [Other: 0.7 ms]
      [Choose CSet: 0.0 ms]
      [Ref Proc: 0.3 ms]
      [Ref Enq: 0.0 ms]
      [Redirty Cards: 0.1 ms]
      [Humongous Register: 0.0 ms]
      [Humongous Reclaim: 0.0 ms]
      [Free CSet: 0.1 ms]
   [Eden: 46.0M(46.0M)->0.0B(49.0M) Survivors: 5120.0K->6144.0K Heap: 203.4M(1024.0M)->159.3M(1024.0M)]
 [Times: user=0.08 sys=0.01, real=0.02 secs] 
2019-11-03T10:27:23.012+0800: 22249.154: [GC pause (G1 Evacuation Pause) (young), 0.0370952 secs]
   [Parallel Time: 35.6 ms, GC Workers: 4]
      [GC Worker Start (ms): Min: 22249154.0, Avg: 22249154.4, Max: 22249154.7, Diff: 0.6]
      [Ext Root Scanning (ms): Min: 0.3, Avg: 2.1, Max: 6.6, Diff: 6.3, Sum: 8.4]
      [Update RS (ms): Min: 0.0, Avg: 1.4, Max: 2.0, Diff: 2.0, Sum: 5.5]
         [Processed Buffers: Min: 0, Avg: 11.8, Max: 21, Diff: 21, Sum: 47]
      [Scan RS (ms): Min: 0.2, Avg: 5.5, Max: 9.1, Diff: 8.9, Sum: 22.0]
      [Code Root Scanning (ms): Min: 0.0, Avg: 0.0, Max: 0.0, Diff: 0.0, Sum: 0.0]
      [Object Copy (ms): Min: 22.6, Avg: 25.3, Max: 27.5, Diff: 4.9, Sum: 101.2]
      [Termination (ms): Min: 0.0, Avg: 0.5, Max: 0.9, Diff: 0.9, Sum: 2.0]
         [Termination Attempts: Min: 1, Avg: 1.0, Max: 1, Diff: 0, Sum: 4]
      [GC Worker Other (ms): Min: 0.0, Avg: 0.0, Max: 0.0, Diff: 0.0, Sum: 0.1]
      [GC Worker Total (ms): Min: 34.1, Avg: 34.8, Max: 35.5, Diff: 1.4, Sum: 139.2]
      [GC Worker End (ms): Min: 22249188.8, Avg: 22249189.2, Max: 22249189.6, Diff: 0.8]
   [Code Root Fixup: 0.0 ms]
   [Code Root Purge: 0.0 ms]
   [Clear CT: 0.1 ms]
   [Other: 1.4 ms]
      [Choose CSet: 0.0 ms]
      [Ref Proc: 0.7 ms]
      [Ref Enq: 0.0 ms]
      [Redirty Cards: 0.2 ms]
      [Humongous Register: 0.1 ms]
      [Humongous Reclaim: 0.0 ms]
      [Free CSet: 0.1 ms]
   [Eden: 45.0M(45.0M)->0.0B(44.0M) Survivors: 6144.0K->7168.0K Heap: 204.3M(1024.0M)->161.4M(1024.0M)]
 [Times: user=0.08 sys=0.01, real=0.04 secs] 
2019-11-03T10:42:07.420+0800: 23133.528: [GC pause (G1 Evacuation Pause) (young), 0.0302696 secs]
   [Parallel Time: 29.5 ms, GC Workers: 4]
      [GC Worker Start (ms): Min: 23133528.2, Avg: 23133528.2, Max: 23133528.3, Diff: 0.1]
      [Ext Root Scanning (ms): Min: 0.7, Avg: 0.8, Max: 0.8, Diff: 0.1, Sum: 3.2]
      [Update RS (ms): Min: 2.8, Avg: 3.6, Max: 5.2, Diff: 2.3, Sum: 14.5]
         [Processed Buffers: Min: 1, Avg: 9.8, Max: 20, Diff: 19, Sum: 39]
      [Scan RS (ms): Min: 3.4, Avg: 4.9, Max: 5.7, Diff: 2.3, Sum: 19.7]
      [Code Root Scanning (ms): Min: 0.0, Avg: 0.0, Max: 0.0, Diff: 0.0, Sum: 0.1]
      [Object Copy (ms): Min: 19.9, Avg: 20.0, Max: 20.1, Diff: 0.1, Sum: 80.0]
      [Termination (ms): Min: 0.0, Avg: 0.0, Max: 0.0, Diff: 0.0, Sum: 0.0]
         [Termination Attempts: Min: 1, Avg: 1.0, Max: 1, Diff: 0, Sum: 4]
      [GC Worker Other (ms): Min: 0.0, Avg: 0.1, Max: 0.1, Diff: 0.1, Sum: 0.2]
      [GC Worker Total (ms): Min: 29.4, Avg: 29.4, Max: 29.5, Diff: 0.1, Sum: 117.7]
      [GC Worker End (ms): Min: 23133557.6, Avg: 23133557.7, Max: 23133557.7, Diff: 0.0]
   [Code Root Fixup: 0.0 ms]
   [Code Root Purge: 0.0 ms]
   [Clear CT: 0.1 ms]
   [Other: 0.7 ms]
      [Choose CSet: 0.0 ms]
      [Ref Proc: 0.2 ms]
      [Ref Enq: 0.0 ms]
      [Redirty Cards: 0.1 ms]
      [Humongous Register: 0.0 ms]
      [Humongous Reclaim: 0.0 ms]
      [Free CSet: 0.1 ms]
   [Eden: 44.0M(44.0M)->0.0B(44.0M) Survivors: 7168.0K->7168.0K Heap: 205.4M(1024.0M)->164.8M(1024.0M)]
 [Times: user=0.10 sys=0.01, real=0.03 secs] 
2019-11-03T10:42:18.939+0800: 23145.047: [GC pause (G1 Evacuation Pause) (young), 0.0284741 secs]
   [Parallel Time: 27.6 ms, GC Workers: 4]
      [GC Worker Start (ms): Min: 23145046.9, Avg: 23145049.4, Max: 23145057.0, Diff: 10.2]
      [Ext Root Scanning (ms): Min: 0.0, Avg: 0.8, Max: 1.1, Diff: 1.1, Sum: 3.3]
      [Update RS (ms): Min: 0.0, Avg: 2.8, Max: 4.4, Diff: 4.4, Sum: 11.3]
         [Processed Buffers: Min: 0, Avg: 7.0, Max: 15, Diff: 15, Sum: 28]
      [Scan RS (ms): Min: 0.0, Avg: 3.8, Max: 5.6, Diff: 5.6, Sum: 15.2]
      [Code Root Scanning (ms): Min: 0.0, Avg: 0.0, Max: 0.0, Diff: 0.0, Sum: 0.1]
      [Object Copy (ms): Min: 16.2, Avg: 17.1, Max: 17.5, Diff: 1.3, Sum: 68.5]
      [Termination (ms): Min: 0.0, Avg: 0.0, Max: 0.0, Diff: 0.0, Sum: 0.0]
         [Termination Attempts: Min: 1, Avg: 1.0, Max: 1, Diff: 0, Sum: 4]
      [GC Worker Other (ms): Min: 0.0, Avg: 0.4, Max: 1.4, Diff: 1.3, Sum: 1.5]
      [GC Worker Total (ms): Min: 17.4, Avg: 25.0, Max: 27.5, Diff: 10.2, Sum: 99.9]
      [GC Worker End (ms): Min: 23145074.4, Avg: 23145074.4, Max: 23145074.4, Diff: 0.0]
   [Code Root Fixup: 0.0 ms]
   [Code Root Purge: 0.0 ms]
   [Clear CT: 0.1 ms]
   [Other: 0.8 ms]
      [Choose CSet: 0.0 ms]
      [Ref Proc: 0.2 ms]
      [Ref Enq: 0.0 ms]
      [Redirty Cards: 0.1 ms]
      [Humongous Register: 0.1 ms]
      [Humongous Reclaim: 0.0 ms]
      [Free CSet: 0.1 ms]
   [Eden: 44.0M(44.0M)->0.0B(44.0M) Survivors: 7168.0K->7168.0K Heap: 208.8M(1024.0M)->168.5M(1024.0M)]
 [Times: user=0.09 sys=0.01, real=0.03 secs] 
2019-11-03T10:42:30.839+0800: 23156.947: [GC pause (G1 Evacuation Pause) (young), 0.0234277 secs]
   [Parallel Time: 22.7 ms, GC Workers: 4]
      [GC Worker Start (ms): Min: 23156947.2, Avg: 23156947.3, Max: 23156947.7, Diff: 0.5]
      [Ext Root Scanning (ms): Min: 0.4, Avg: 0.8, Max: 1.0, Diff: 0.5, Sum: 3.3]
      [Update RS (ms): Min: 1.9, Avg: 3.1, Max: 4.2, Diff: 2.3, Sum: 12.5]
         [Processed Buffers: Min: 0, Avg: 7.8, Max: 16, Diff: 16, Sum: 31]
      [Scan RS (ms): Min: 3.2, Avg: 4.3, Max: 5.4, Diff: 2.1, Sum: 17.2]
      [Code Root Scanning (ms): Min: 0.0, Avg: 0.0, Max: 0.0, Diff: 0.0, Sum: 0.0]
      [Object Copy (ms): Min: 14.2, Avg: 14.3, Max: 14.4, Diff: 0.2, Sum: 57.0]
      [Termination (ms): Min: 0.0, Avg: 0.0, Max: 0.0, Diff: 0.0, Sum: 0.0]
         [Termination Attempts: Min: 1, Avg: 1.0, Max: 1, Diff: 0, Sum: 4]
      [GC Worker Other (ms): Min: 0.0, Avg: 0.0, Max: 0.0, Diff: 0.0, Sum: 0.1]
      [GC Worker Total (ms): Min: 22.2, Avg: 22.6, Max: 22.7, Diff: 0.5, Sum: 90.2]
      [GC Worker End (ms): Min: 23156969.8, Avg: 23156969.8, Max: 23156969.9, Diff: 0.0]
   [Code Root Fixup: 0.0 ms]
   [Code Root Purge: 0.0 ms]
   [Clear CT: 0.1 ms]
   [Other: 0.6 ms]
      [Choose CSet: 0.0 ms]
      [Ref Proc: 0.1 ms]
      [Ref Enq: 0.0 ms]
      [Redirty Cards: 0.1 ms]
      [Humongous Register: 0.0 ms]
      [Humongous Reclaim: 0.0 ms]
      [Free CSet: 0.1 ms]
   [Eden: 44.0M(44.0M)->0.0B(46.0M) Survivors: 7168.0K->5120.0K Heap: 212.5M(1024.0M)->169.5M(1024.0M)]
 [Times: user=0.08 sys=0.01, real=0.03 secs] 
2019-11-03T10:42:43.330+0800: 23169.437: [GC pause (G1 Evacuation Pause) (young), 0.0183609 secs]
   [Parallel Time: 17.3 ms, GC Workers: 4]
      [GC Worker Start (ms): Min: 23169437.0, Avg: 23169438.0, Max: 23169439.7, Diff: 2.7]
      [Ext Root Scanning (ms): Min: 0.0, Avg: 0.7, Max: 1.4, Diff: 1.4, Sum: 2.7]
      [Update RS (ms): Min: 1.1, Avg: 1.8, Max: 2.2, Diff: 1.1, Sum: 7.2]
         [Processed Buffers: Min: 5, Avg: 6.8, Max: 9, Diff: 4, Sum: 27]
      [Scan RS (ms): Min: 2.1, Avg: 3.1, Max: 5.6, Diff: 3.4, Sum: 12.5]
      [Code Root Scanning (ms): Min: 0.0, Avg: 0.0, Max: 0.0, Diff: 0.0, Sum: 0.0]
      [Object Copy (ms): Min: 7.6, Avg: 10.3, Max: 11.5, Diff: 4.0, Sum: 41.1]
      [Termination (ms): Min: 0.0, Avg: 0.2, Max: 0.3, Diff: 0.3, Sum: 0.9]
         [Termination Attempts: Min: 1, Avg: 1.5, Max: 2, Diff: 1, Sum: 6]
      [GC Worker Other (ms): Min: 0.0, Avg: 0.0, Max: 0.0, Diff: 0.0, Sum: 0.1]
      [GC Worker Total (ms): Min: 14.5, Avg: 16.1, Max: 17.2, Diff: 2.7, Sum: 64.5]
      [GC Worker End (ms): Min: 23169454.1, Avg: 23169454.2, Max: 23169454.2, Diff: 0.1]
   [Code Root Fixup: 0.0 ms]
   [Code Root Purge: 0.0 ms]
   [Clear CT: 0.1 ms]
   [Other: 1.0 ms]
      [Choose CSet: 0.0 ms]
      [Ref Proc: 0.4 ms]
      [Ref Enq: 0.0 ms]
      [Redirty Cards: 0.1 ms]
      [Humongous Register: 0.1 ms]
      [Humongous Reclaim: 0.0 ms]
      [Free CSet: 0.1 ms]
   [Eden: 46.0M(46.0M)->0.0B(47.0M) Survivors: 5120.0K->4096.0K Heap: 215.5M(1024.0M)->171.5M(1024.0M)]
 [Times: user=0.05 sys=0.00, real=0.01 secs] 
2019-11-03T10:42:56.005+0800: 23182.112: [GC pause (G1 Evacuation Pause) (young), 0.0138178 secs]
   [Parallel Time: 13.1 ms, GC Workers: 4]
      [GC Worker Start (ms): Min: 23182111.8, Avg: 23182112.0, Max: 23182112.8, Diff: 1.0]
      [Ext Root Scanning (ms): Min: 0.0, Avg: 0.7, Max: 1.0, Diff: 1.0, Sum: 2.8]
      [Update RS (ms): Min: 2.1, Avg: 2.3, Max: 2.5, Diff: 0.4, Sum: 9.1]
         [Processed Buffers: Min: 2, Avg: 6.2, Max: 9, Diff: 7, Sum: 25]
      [Scan RS (ms): Min: 2.0, Avg: 2.2, Max: 2.4, Diff: 0.3, Sum: 8.8]
      [Code Root Scanning (ms): Min: 0.0, Avg: 0.0, Max: 0.0, Diff: 0.0, Sum: 0.0]
      [Object Copy (ms): Min: 7.4, Avg: 7.5, Max: 7.5, Diff: 0.1, Sum: 29.8]
      [Termination (ms): Min: 0.0, Avg: 0.0, Max: 0.0, Diff: 0.0, Sum: 0.0]
         [Termination Attempts: Min: 1, Avg: 1.0, Max: 1, Diff: 0, Sum: 4]
      [GC Worker Other (ms): Min: 0.0, Avg: 0.1, Max: 0.1, Diff: 0.0, Sum: 0.2]
      [GC Worker Total (ms): Min: 12.0, Avg: 12.7, Max: 13.0, Diff: 1.0, Sum: 50.9]
      [GC Worker End (ms): Min: 23182124.7, Avg: 23182124.7, Max: 23182124.8, Diff: 0.0]
   [Code Root Fixup: 0.0 ms]
   [Code Root Purge: 0.0 ms]
   [Clear CT: 0.1 ms]
   [Other: 0.7 ms]
      [Choose CSet: 0.0 ms]
      [Ref Proc: 0.2 ms]
      [Ref Enq: 0.0 ms]
      [Redirty Cards: 0.1 ms]
      [Humongous Register: 0.0 ms]
      [Humongous Reclaim: 0.0 ms]
      [Free CSet: 0.1 ms]
   [Eden: 47.0M(47.0M)->0.0B(45.0M) Survivors: 4096.0K->6144.0K Heap: 218.5M(1024.0M)->173.4M(1024.0M)]
 [Times: user=0.04 sys=0.00, real=0.01 secs] 
2019-11-03T10:43:08.332+0800: 23194.438: [GC pause (G1 Evacuation Pause) (young), 0.0163493 secs]
   [Parallel Time: 15.5 ms, GC Workers: 4]
      [GC Worker Start (ms): Min: 23194438.4, Avg: 23194438.6, Max: 23194439.1, Diff: 0.7]
      [Ext Root Scanning (ms): Min: 0.0, Avg: 0.5, Max: 0.7, Diff: 0.7, Sum: 1.9]
      [Update RS (ms): Min: 0.0, Avg: 1.2, Max: 1.7, Diff: 1.7, Sum: 4.8]
         [Processed Buffers: Min: 0, Avg: 7.2, Max: 17, Diff: 17, Sum: 29]
      [Scan RS (ms): Min: 0.0, Avg: 1.6, Max: 2.3, Diff: 2.3, Sum: 6.5]
      [Code Root Scanning (ms): Min: 0.0, Avg: 0.0, Max: 0.0, Diff: 0.0, Sum: 0.0]
      [Object Copy (ms): Min: 10.8, Avg: 11.9, Max: 14.7, Diff: 3.9, Sum: 47.4]
      [Termination (ms): Min: 0.0, Avg: 0.1, Max: 0.1, Diff: 0.1, Sum: 0.4]
         [Termination Attempts: Min: 1, Avg: 2.2, Max: 4, Diff: 3, Sum: 9]
      [GC Worker Other (ms): Min: 0.0, Avg: 0.0, Max: 0.0, Diff: 0.0, Sum: 0.0]
      [GC Worker Total (ms): Min: 14.8, Avg: 15.3, Max: 15.5, Diff: 0.7, Sum: 61.1]
      [GC Worker End (ms): Min: 23194453.9, Avg: 23194453.9, Max: 23194453.9, Diff: 0.0]
   [Code Root Fixup: 0.0 ms]
   [Code Root Purge: 0.0 ms]
   [Clear CT: 0.1 ms]
   [Other: 0.7 ms]
      [Choose CSet: 0.0 ms]
      [Ref Proc: 0.2 ms]
      [Ref Enq: 0.0 ms]
      [Redirty Cards: 0.1 ms]
      [Humongous Register: 0.1 ms]
      [Humongous Reclaim: 0.0 ms]
      [Free CSet: 0.1 ms]
   [Eden: 45.0M(45.0M)->0.0B(47.0M) Survivors: 6144.0K->4096.0K Heap: 218.4M(1024.0M)->173.3M(1024.0M)]
 [Times: user=0.04 sys=0.00, real=0.01 secs] 
2019-11-03T10:43:21.043+0800: 23207.149: [GC pause (G1 Evacuation Pause) (young), 0.0162393 secs]
   [Parallel Time: 15.6 ms, GC Workers: 4]
      [GC Worker Start (ms): Min: 23207149.2, Avg: 23207149.2, Max: 23207149.3, Diff: 0.1]
      [Ext Root Scanning (ms): Min: 1.2, Avg: 1.3, Max: 1.6, Diff: 0.5, Sum: 5.3]
      [Update RS (ms): Min: 2.5, Avg: 3.2, Max: 3.6, Diff: 1.1, Sum: 12.8]
         [Processed Buffers: Min: 2, Avg: 8.5, Max: 15, Diff: 13, Sum: 34]
      [Scan RS (ms): Min: 2.6, Avg: 3.3, Max: 4.7, Diff: 2.1, Sum: 13.2]
      [Code Root Scanning (ms): Min: 0.0, Avg: 0.0, Max: 0.0, Diff: 0.0, Sum: 0.0]
      [Object Copy (ms): Min: 7.0, Avg: 7.6, Max: 7.8, Diff: 0.9, Sum: 30.4]
      [Termination (ms): Min: 0.0, Avg: 0.0, Max: 0.0, Diff: 0.0, Sum: 0.0]
         [Termination Attempts: Min: 1, Avg: 3.5, Max: 6, Diff: 5, Sum: 14]
      [GC Worker Other (ms): Min: 0.0, Avg: 0.0, Max: 0.1, Diff: 0.1, Sum: 0.2]
      [GC Worker Total (ms): Min: 15.4, Avg: 15.5, Max: 15.5, Diff: 0.1, Sum: 61.9]
      [GC Worker End (ms): Min: 23207164.7, Avg: 23207164.7, Max: 23207164.7, Diff: 0.0]
   [Code Root Fixup: 0.0 ms]
   [Code Root Purge: 0.0 ms]
   [Clear CT: 0.1 ms]
   [Other: 0.6 ms]
      [Choose CSet: 0.0 ms]
      [Ref Proc: 0.1 ms]
      [Ref Enq: 0.0 ms]
      [Redirty Cards: 0.1 ms]
      [Humongous Register: 0.0 ms]
      [Humongous Reclaim: 0.0 ms]
      [Free CSet: 0.1 ms]
   [Eden: 47.0M(47.0M)->0.0B(59.0M) Survivors: 4096.0K->5120.0K Heap: 220.3M(1024.0M)->173.8M(1024.0M)]
 [Times: user=0.05 sys=0.00, real=0.02 secs] 
2019-11-03T10:43:36.170+0800: 23222.275: [GC pause (G1 Evacuation Pause) (young), 0.0191065 secs]
   [Parallel Time: 18.4 ms, GC Workers: 4]
      [GC Worker Start (ms): Min: 23222275.4, Avg: 23222275.7, Max: 23222276.1, Diff: 0.7]
      [Ext Root Scanning (ms): Min: 0.4, Avg: 0.8, Max: 1.2, Diff: 0.7, Sum: 3.4]
      [Update RS (ms): Min: 2.5, Avg: 2.7, Max: 2.8, Diff: 0.3, Sum: 10.6]
         [Processed Buffers: Min: 5, Avg: 7.5, Max: 14, Diff: 9, Sum: 30]
      [Scan RS (ms): Min: 3.9, Avg: 4.1, Max: 4.3, Diff: 0.4, Sum: 16.2]
      [Code Root Scanning (ms): Min: 0.0, Avg: 0.0, Max: 0.0, Diff: 0.0, Sum: 0.0]
      [Object Copy (ms): Min: 10.3, Avg: 10.4, Max: 10.6, Diff: 0.3, Sum: 41.6]
      [Termination (ms): Min: 0.0, Avg: 0.0, Max: 0.0, Diff: 0.0, Sum: 0.0]
         [Termination Attempts: Min: 1, Avg: 1.2, Max: 2, Diff: 1, Sum: 5]
      [GC Worker Other (ms): Min: 0.0, Avg: 0.0, Max: 0.0, Diff: 0.0, Sum: 0.1]
      [GC Worker Total (ms): Min: 17.6, Avg: 18.0, Max: 18.3, Diff: 0.7, Sum: 72.0]
      [GC Worker End (ms): Min: 23222293.7, Avg: 23222293.7, Max: 23222293.7, Diff: 0.0]
   [Code Root Fixup: 0.0 ms]
   [Code Root Purge: 0.0 ms]
   [Clear CT: 0.1 ms]
   [Other: 0.6 ms]
      [Choose CSet: 0.0 ms]
      [Ref Proc: 0.1 ms]
      [Ref Enq: 0.0 ms]
      [Redirty Cards: 0.1 ms]
      [Humongous Register: 0.0 ms]
      [Humongous Reclaim: 0.0 ms]
      [Free CSet: 0.1 ms]
   [Eden: 46.0M(46.0M)->0.0B(53.0M) Survivors: 5120.0K->6144.0K Heap: 219.8M(1024.0M)->174.8M(1024.0M)]
 [Times: user=0.07 sys=0.00, real=0.01 secs] 
2019-11-03T10:43:50.441+0800: 23236.545: [GC pause (G1 Evacuation Pause) (young), 0.0197132 secs]
   [Parallel Time: 19.0 ms, GC Workers: 4]
      [GC Worker Start (ms): Min: 23236545.5, Avg: 23236545.6, Max: 23236545.6, Diff: 0.1]
      [Ext Root Scanning (ms): Min: 0.7, Avg: 0.8, Max: 0.9, Diff: 0.1, Sum: 3.2]
      [Update RS (ms): Min: 1.8, Avg: 2.3, Max: 2.9, Diff: 1.1, Sum: 9.3]
         [Processed Buffers: Min: 4, Avg: 8.0, Max: 13, Diff: 9, Sum: 32]
      [Scan RS (ms): Min: 3.2, Avg: 3.8, Max: 4.4, Diff: 1.2, Sum: 15.1]
      [Code Root Scanning (ms): Min: 0.0, Avg: 0.0, Max: 0.0, Diff: 0.0, Sum: 0.0]
      [Object Copy (ms): Min: 11.9, Avg: 12.0, Max: 12.1, Diff: 0.2, Sum: 48.0]
      [Termination (ms): Min: 0.0, Avg: 0.0, Max: 0.0, Diff: 0.0, Sum: 0.0]
         [Termination Attempts: Min: 1, Avg: 1.0, Max: 1, Diff: 0, Sum: 4]
      [GC Worker Other (ms): Min: 0.0, Avg: 0.0, Max: 0.0, Diff: 0.0, Sum: 0.1]
      [GC Worker Total (ms): Min: 18.9, Avg: 18.9, Max: 18.9, Diff: 0.0, Sum: 75.7]
      [GC Worker End (ms): Min: 23236564.5, Avg: 23236564.5, Max: 23236564.5, Diff: 0.0]
   [Code Root Fixup: 0.0 ms]
   [Code Root Purge: 0.0 ms]
   [Clear CT: 0.1 ms]
   [Other: 0.6 ms]
      [Choose CSet: 0.0 ms]
      [Ref Proc: 0.1 ms]
      [Ref Enq: 0.0 ms]
      [Redirty Cards: 0.1 ms]
      [Humongous Register: 0.0 ms]
      [Humongous Reclaim: 0.0 ms]
      [Free CSet: 0.1 ms]
   [Eden: 53.0M(53.0M)->0.0B(50.0M) Survivors: 6144.0K->5120.0K Heap: 227.8M(1024.0M)->174.6M(1024.0M)]
 [Times: user=0.06 sys=0.01, real=0.02 secs] 
2019-11-03T10:44:03.052+0800: 23249.156: [GC pause (G1 Evacuation Pause) (young), 0.0180660 secs]
   [Parallel Time: 17.3 ms, GC Workers: 4]
      [GC Worker Start (ms): Min: 23249156.1, Avg: 23249156.1, Max: 23249156.1, Diff: 0.1]
      [Ext Root Scanning (ms): Min: 0.8, Avg: 0.9, Max: 1.0, Diff: 0.2, Sum: 3.6]
      [Update RS (ms): Min: 0.0, Avg: 1.6, Max: 2.3, Diff: 2.3, Sum: 6.4]
         [Processed Buffers: Min: 2, Avg: 8.2, Max: 16, Diff: 14, Sum: 33]
      [Scan RS (ms): Min: 2.6, Avg: 2.8, Max: 3.0, Diff: 0.4, Sum: 11.4]
      [Code Root Scanning (ms): Min: 0.0, Avg: 0.0, Max: 0.0, Diff: 0.0, Sum: 0.0]
      [Object Copy (ms): Min: 11.1, Avg: 11.7, Max: 13.2, Diff: 2.1, Sum: 46.7]
      [Termination (ms): Min: 0.0, Avg: 0.1, Max: 0.2, Diff: 0.2, Sum: 0.3]
         [Termination Attempts: Min: 1, Avg: 1.0, Max: 1, Diff: 0, Sum: 4]
      [GC Worker Other (ms): Min: 0.0, Avg: 0.0, Max: 0.0, Diff: 0.0, Sum: 0.1]
      [GC Worker Total (ms): Min: 17.1, Avg: 17.1, Max: 17.2, Diff: 0.1, Sum: 68.5]
      [GC Worker End (ms): Min: 23249173.2, Avg: 23249173.2, Max: 23249173.3, Diff: 0.1]
   [Code Root Fixup: 0.0 ms]
   [Code Root Purge: 0.0 ms]
   [Clear CT: 0.1 ms]
   [Other: 0.7 ms]
      [Choose CSet: 0.0 ms]
      [Ref Proc: 0.2 ms]
      [Ref Enq: 0.0 ms]
      [Redirty Cards: 0.1 ms]
      [Humongous Register: 0.1 ms]
      [Humongous Reclaim: 0.0 ms]
      [Free CSet: 0.1 ms]
   [Eden: 46.0M(46.0M)->0.0B(57.0M) Survivors: 5120.0K->5120.0K Heap: 220.6M(1024.0M)->174.6M(1024.0M)]
 [Times: user=0.05 sys=0.00, real=0.02 secs] 
2019-11-03T10:44:18.042+0800: 23264.146: [GC pause (G1 Evacuation Pause) (young), 0.0165582 secs]
   [Parallel Time: 15.8 ms, GC Workers: 4]
      [GC Worker Start (ms): Min: 23264146.0, Avg: 23264146.0, Max: 23264146.0, Diff: 0.1]
      [Ext Root Scanning (ms): Min: 0.5, Avg: 0.6, Max: 0.6, Diff: 0.1, Sum: 2.3]
      [Update RS (ms): Min: 1.4, Avg: 2.5, Max: 5.1, Diff: 3.7, Sum: 10.0]
         [Processed Buffers: Min: 1, Avg: 8.2, Max: 17, Diff: 16, Sum: 33]
      [Scan RS (ms): Min: 0.1, Avg: 2.7, Max: 3.8, Diff: 3.7, Sum: 10.7]
      [Code Root Scanning (ms): Min: 0.0, Avg: 0.0, Max: 0.0, Diff: 0.0, Sum: 0.0]
      [Object Copy (ms): Min: 9.9, Avg: 9.9, Max: 9.9, Diff: 0.1, Sum: 39.6]
      [Termination (ms): Min: 0.0, Avg: 0.0, Max: 0.0, Diff: 0.0, Sum: 0.0]
         [Termination Attempts: Min: 1, Avg: 1.0, Max: 1, Diff: 0, Sum: 4]
      [GC Worker Other (ms): Min: 0.0, Avg: 0.0, Max: 0.1, Diff: 0.0, Sum: 0.2]
      [GC Worker Total (ms): Min: 15.7, Avg: 15.7, Max: 15.7, Diff: 0.0, Sum: 62.9]
      [GC Worker End (ms): Min: 23264161.7, Avg: 23264161.7, Max: 23264161.7, Diff: 0.0]
   [Code Root Fixup: 0.0 ms]
   [Code Root Purge: 0.0 ms]
   [Clear CT: 0.1 ms]
   [Other: 0.6 ms]
      [Choose CSet: 0.0 ms]
      [Ref Proc: 0.2 ms]
      [Ref Enq: 0.0 ms]
      [Redirty Cards: 0.1 ms]
      [Humongous Register: 0.0 ms]
      [Humongous Reclaim: 0.0 ms]
      [Free CSet: 0.1 ms]
   [Eden: 50.0M(46.0M)->0.0B(69.0M) Survivors: 5120.0K->7168.0K Heap: 224.6M(1024.0M)->176.6M(1024.0M)]
 [Times: user=0.06 sys=0.00, real=0.01 secs] 
2019-11-03T10:44:36.209+0800: 23282.312: [GC pause (G1 Evacuation Pause) (young), 0.0219589 secs]
   [Parallel Time: 21.2 ms, GC Workers: 4]
      [GC Worker Start (ms): Min: 23282311.8, Avg: 23282311.9, Max: 23282312.0, Diff: 0.2]
      [Ext Root Scanning (ms): Min: 0.7, Avg: 0.8, Max: 0.9, Diff: 0.2, Sum: 3.3]
      [Update RS (ms): Min: 1.7, Avg: 2.2, Max: 2.8, Diff: 1.1, Sum: 9.0]
         [Processed Buffers: Min: 5, Avg: 8.2, Max: 11, Diff: 6, Sum: 33]
      [Scan RS (ms): Min: 3.6, Avg: 4.1, Max: 4.6, Diff: 1.0, Sum: 16.6]
      [Code Root Scanning (ms): Min: 0.0, Avg: 0.0, Max: 0.0, Diff: 0.0, Sum: 0.0]
      [Object Copy (ms): Min: 13.7, Avg: 13.8, Max: 14.0, Diff: 0.2, Sum: 55.2]
      [Termination (ms): Min: 0.0, Avg: 0.0, Max: 0.0, Diff: 0.0, Sum: 0.0]
         [Termination Attempts: Min: 1, Avg: 1.0, Max: 1, Diff: 0, Sum: 4]
      [GC Worker Other (ms): Min: 0.0, Avg: 0.0, Max: 0.0, Diff: 0.0, Sum: 0.1]
      [GC Worker Total (ms): Min: 21.0, Avg: 21.1, Max: 21.1, Diff: 0.2, Sum: 84.3]
      [GC Worker End (ms): Min: 23282333.0, Avg: 23282333.0, Max: 23282333.0, Diff: 0.0]
   [Code Root Fixup: 0.0 ms]
   [Code Root Purge: 0.0 ms]
   [Clear CT: 0.1 ms]
   [Other: 0.7 ms]
      [Choose CSet: 0.0 ms]
      [Ref Proc: 0.2 ms]
      [Ref Enq: 0.0 ms]
      [Redirty Cards: 0.1 ms]
      [Humongous Register: 0.0 ms]
      [Humongous Reclaim: 0.0 ms]
      [Free CSet: 0.1 ms]
   [Eden: 67.0M(44.0M)->0.0B(64.0M) Survivors: 7168.0K->5120.0K Heap: 243.6M(1024.0M)->176.2M(1024.0M)]
 [Times: user=0.08 sys=0.01, real=0.03 secs] 
2019-11-03T10:44:48.650+0800: 23294.752: [GC pause (G1 Evacuation Pause) (young), 0.0168096 secs]
   [Parallel Time: 16.1 ms, GC Workers: 4]
      [GC Worker Start (ms): Min: 23294752.2, Avg: 23294752.4, Max: 23294752.9, Diff: 0.7]
      [Ext Root Scanning (ms): Min: 0.4, Avg: 0.9, Max: 1.1, Diff: 0.7, Sum: 3.5]
      [Update RS (ms): Min: 2.4, Avg: 2.7, Max: 2.9, Diff: 0.5, Sum: 10.6]
         [Processed Buffers: Min: 4, Avg: 8.8, Max: 15, Diff: 11, Sum: 35]
      [Scan RS (ms): Min: 4.9, Avg: 5.2, Max: 5.6, Diff: 0.6, Sum: 20.8]
      [Code Root Scanning (ms): Min: 0.0, Avg: 0.0, Max: 0.0, Diff: 0.0, Sum: 0.0]
      [Object Copy (ms): Min: 6.9, Avg: 7.0, Max: 7.1, Diff: 0.2, Sum: 28.1]
      [Termination (ms): Min: 0.0, Avg: 0.0, Max: 0.0, Diff: 0.0, Sum: 0.0]
         [Termination Attempts: Min: 1, Avg: 1.0, Max: 1, Diff: 0, Sum: 4]
      [GC Worker Other (ms): Min: 0.0, Avg: 0.0, Max: 0.0, Diff: 0.0, Sum: 0.1]
      [GC Worker Total (ms): Min: 15.3, Avg: 15.8, Max: 16.0, Diff: 0.7, Sum: 63.2]
      [GC Worker End (ms): Min: 23294768.2, Avg: 23294768.2, Max: 23294768.2, Diff: 0.0]
   [Code Root Fixup: 0.0 ms]
   [Code Root Purge: 0.0 ms]
   [Clear CT: 0.1 ms]
   [Other: 0.6 ms]
      [Choose CSet: 0.0 ms]
      [Ref Proc: 0.1 ms]
      [Ref Enq: 0.0 ms]
      [Redirty Cards: 0.1 ms]
      [Humongous Register: 0.0 ms]
      [Humongous Reclaim: 0.0 ms]
      [Free CSet: 0.1 ms]
   [Eden: 46.0M(46.0M)->0.0B(95.0M) Survivors: 5120.0K->5120.0K Heap: 222.2M(1024.0M)->176.2M(1024.0M)]
 [Times: user=0.06 sys=0.00, real=0.01 secs] 
2019-11-03T10:45:01.191+0800: 23307.293: [GC pause (G1 Evacuation Pause) (young), 0.0179411 secs]
   [Parallel Time: 17.2 ms, GC Workers: 4]
      [GC Worker Start (ms): Min: 23307293.4, Avg: 23307293.5, Max: 23307293.5, Diff: 0.1]
      [Ext Root Scanning (ms): Min: 0.8, Avg: 0.8, Max: 0.9, Diff: 0.1, Sum: 3.4]
      [Update RS (ms): Min: 1.9, Avg: 2.1, Max: 2.5, Diff: 0.6, Sum: 8.5]
         [Processed Buffers: Min: 4, Avg: 7.2, Max: 10, Diff: 6, Sum: 29]
      [Scan RS (ms): Min: 4.4, Avg: 4.8, Max: 4.9, Diff: 0.5, Sum: 19.1]
      [Code Root Scanning (ms): Min: 0.0, Avg: 0.0, Max: 0.0, Diff: 0.0, Sum: 0.0]
      [Object Copy (ms): Min: 9.2, Avg: 9.2, Max: 9.3, Diff: 0.1, Sum: 37.0]
      [Termination (ms): Min: 0.0, Avg: 0.0, Max: 0.0, Diff: 0.0, Sum: 0.0]
         [Termination Attempts: Min: 1, Avg: 1.0, Max: 1, Diff: 0, Sum: 4]
      [GC Worker Other (ms): Min: 0.0, Avg: 0.0, Max: 0.1, Diff: 0.0, Sum: 0.2]
      [GC Worker Total (ms): Min: 17.0, Avg: 17.0, Max: 17.1, Diff: 0.1, Sum: 68.1]
      [GC Worker End (ms): Min: 23307310.5, Avg: 23307310.5, Max: 23307310.5, Diff: 0.0]
   [Code Root Fixup: 0.0 ms]
   [Code Root Purge: 0.0 ms]
   [Clear CT: 0.1 ms]
   [Other: 0.6 ms]
      [Choose CSet: 0.0 ms]
      [Ref Proc: 0.2 ms]
      [Ref Enq: 0.0 ms]
      [Redirty Cards: 0.1 ms]
      [Humongous Register: 0.0 ms]
      [Humongous Reclaim: 0.0 ms]
      [Free CSet: 0.1 ms]
   [Eden: 46.0M(46.0M)->0.0B(98.0M) Survivors: 5120.0K->6144.0K Heap: 222.2M(1024.0M)->177.2M(1024.0M)]
 [Times: user=0.07 sys=0.00, real=0.01 secs] 
2019-11-03T10:45:17.380+0800: 23323.482: [GC pause (G1 Evacuation Pause) (young), 0.0201392 secs]
   [Parallel Time: 19.5 ms, GC Workers: 4]
      [GC Worker Start (ms): Min: 23323481.8, Avg: 23323481.8, Max: 23323481.9, Diff: 0.1]
      [Ext Root Scanning (ms): Min: 0.7, Avg: 0.8, Max: 0.9, Diff: 0.1, Sum: 3.2]
      [Update RS (ms): Min: 1.8, Avg: 2.1, Max: 2.3, Diff: 0.5, Sum: 8.3]
         [Processed Buffers: Min: 3, Avg: 8.2, Max: 12, Diff: 9, Sum: 33]
      [Scan RS (ms): Min: 5.5, Avg: 5.8, Max: 6.2, Diff: 0.7, Sum: 23.1]
      [Code Root Scanning (ms): Min: 0.0, Avg: 0.0, Max: 0.0, Diff: 0.0, Sum: 0.0]
      [Object Copy (ms): Min: 10.5, Avg: 10.6, Max: 10.8, Diff: 0.3, Sum: 42.6]
      [Termination (ms): Min: 0.0, Avg: 0.0, Max: 0.0, Diff: 0.0, Sum: 0.0]
         [Termination Attempts: Min: 1, Avg: 1.5, Max: 2, Diff: 1, Sum: 6]
      [GC Worker Other (ms): Min: 0.0, Avg: 0.0, Max: 0.1, Diff: 0.1, Sum: 0.2]
      [GC Worker Total (ms): Min: 19.3, Avg: 19.4, Max: 19.4, Diff: 0.1, Sum: 77.4]
      [GC Worker End (ms): Min: 23323501.2, Avg: 23323501.2, Max: 23323501.2, Diff: 0.0]
   [Code Root Fixup: 0.0 ms]
   [Code Root Purge: 0.0 ms]
   [Clear CT: 0.1 ms]
   [Other: 0.6 ms]
      [Choose CSet: 0.0 ms]
      [Ref Proc: 0.1 ms]
      [Ref Enq: 0.0 ms]
      [Redirty Cards: 0.1 ms]
      [Humongous Register: 0.0 ms]
      [Humongous Reclaim: 0.0 ms]
      [Free CSet: 0.1 ms]
   [Eden: 60.0M(45.0M)->0.0B(89.0M) Survivors: 6144.0K->5120.0K Heap: 237.2M(1024.0M)->177.2M(1024.0M)]
 [Times: user=0.07 sys=0.00, real=0.02 secs] 
2019-11-03T10:45:29.806+0800: 23335.907: [GC pause (G1 Evacuation Pause) (young), 0.0179190 secs]
   [Parallel Time: 17.2 ms, GC Workers: 4]
      [GC Worker Start (ms): Min: 23335907.5, Avg: 23335907.6, Max: 23335907.8, Diff: 0.3]
      [Ext Root Scanning (ms): Min: 0.5, Avg: 0.7, Max: 0.8, Diff: 0.3, Sum: 2.8]
      [Update RS (ms): Min: 1.6, Avg: 1.7, Max: 1.8, Diff: 0.2, Sum: 6.6]
         [Processed Buffers: Min: 5, Avg: 8.5, Max: 12, Diff: 7, Sum: 34]
      [Scan RS (ms): Min: 5.1, Avg: 5.3, Max: 5.4, Diff: 0.3, Sum: 21.2]
      [Code Root Scanning (ms): Min: 0.0, Avg: 0.0, Max: 0.0, Diff: 0.0, Sum: 0.0]
      [Object Copy (ms): Min: 9.2, Avg: 9.3, Max: 9.3, Diff: 0.1, Sum: 37.1]
      [Termination (ms): Min: 0.0, Avg: 0.0, Max: 0.0, Diff: 0.0, Sum: 0.1]
         [Termination Attempts: Min: 1, Avg: 1.0, Max: 1, Diff: 0, Sum: 4]
      [GC Worker Other (ms): Min: 0.0, Avg: 0.0, Max: 0.0, Diff: 0.0, Sum: 0.1]
      [GC Worker Total (ms): Min: 16.8, Avg: 17.0, Max: 17.1, Diff: 0.3, Sum: 68.0]
      [GC Worker End (ms): Min: 23335924.5, Avg: 23335924.6, Max: 23335924.6, Diff: 0.0]
   [Code Root Fixup: 0.0 ms]
   [Code Root Purge: 0.0 ms]
   [Clear CT: 0.1 ms]
   [Other: 0.7 ms]
      [Choose CSet: 0.0 ms]
      [Ref Proc: 0.1 ms]
      [Ref Enq: 0.0 ms]
      [Redirty Cards: 0.1 ms]
      [Humongous Register: 0.1 ms]
      [Humongous Reclaim: 0.0 ms]
      [Free CSet: 0.1 ms]
   [Eden: 46.0M(46.0M)->0.0B(115.0M) Survivors: 5120.0K->5120.0K Heap: 223.2M(1024.0M)->177.7M(1024.0M)]
 [Times: user=0.05 sys=0.00, real=0.02 secs] 
2019-11-03T10:45:45.180+0800: 23351.280: [GC pause (G1 Evacuation Pause) (young), 0.0179294 secs]
   [Parallel Time: 17.1 ms, GC Workers: 4]
      [GC Worker Start (ms): Min: 23351280.6, Avg: 23351281.6, Max: 23351284.6, Diff: 4.0]
      [Ext Root Scanning (ms): Min: 0.6, Avg: 0.7, Max: 0.7, Diff: 0.1, Sum: 2.6]
      [Update RS (ms): Min: 0.0, Avg: 1.2, Max: 1.7, Diff: 1.7, Sum: 4.6]
         [Processed Buffers: Min: 0, Avg: 8.2, Max: 23, Diff: 23, Sum: 33]
      [Scan RS (ms): Min: 1.9, Avg: 4.1, Max: 6.1, Diff: 4.3, Sum: 16.5]
      [Code Root Scanning (ms): Min: 0.0, Avg: 0.0, Max: 0.0, Diff: 0.0, Sum: 0.0]
      [Object Copy (ms): Min: 8.4, Avg: 10.0, Max: 10.5, Diff: 2.2, Sum: 40.0]
      [Termination (ms): Min: 0.0, Avg: 0.1, Max: 0.2, Diff: 0.2, Sum: 0.5]
         [Termination Attempts: Min: 1, Avg: 1.0, Max: 1, Diff: 0, Sum: 4]
      [GC Worker Other (ms): Min: 0.0, Avg: 0.0, Max: 0.0, Diff: 0.0, Sum: 0.1]
      [GC Worker Total (ms): Min: 13.1, Avg: 16.1, Max: 17.1, Diff: 4.0, Sum: 64.3]
      [GC Worker End (ms): Min: 23351297.6, Avg: 23351297.7, Max: 23351297.7, Diff: 0.1]
   [Code Root Fixup: 0.0 ms]
   [Code Root Purge: 0.0 ms]
   [Clear CT: 0.1 ms]
   [Other: 0.7 ms]
      [Choose CSet: 0.0 ms]
      [Ref Proc: 0.2 ms]
      [Ref Enq: 0.0 ms]
      [Redirty Cards: 0.2 ms]
      [Humongous Register: 0.0 ms]
      [Humongous Reclaim: 0.0 ms]
      [Free CSet: 0.1 ms]
   [Eden: 51.0M(46.0M)->0.0B(124.0M) Survivors: 5120.0K->6144.0K Heap: 228.7M(1024.0M)->178.2M(1024.0M)]
 [Times: user=0.05 sys=0.00, real=0.01 secs] 
2019-11-03T10:46:16.695+0800: 23382.794: [GC pause (G1 Evacuation Pause) (young), 0.0275761 secs]
   [Parallel Time: 26.8 ms, GC Workers: 4]
      [GC Worker Start (ms): Min: 23382794.5, Avg: 23382794.5, Max: 23382794.6, Diff: 0.1]
      [Ext Root Scanning (ms): Min: 0.7, Avg: 0.8, Max: 0.8, Diff: 0.1, Sum: 3.2]
      [Update RS (ms): Min: 2.5, Avg: 2.6, Max: 2.7, Diff: 0.2, Sum: 10.4]
         [Processed Buffers: Min: 1, Avg: 9.0, Max: 24, Diff: 23, Sum: 36]
      [Scan RS (ms): Min: 5.6, Avg: 5.7, Max: 5.8, Diff: 0.2, Sum: 22.7]
      [Code Root Scanning (ms): Min: 0.0, Avg: 0.0, Max: 0.0, Diff: 0.0, Sum: 0.0]
      [Object Copy (ms): Min: 17.5, Avg: 17.6, Max: 17.7, Diff: 0.2, Sum: 70.2]
      [Termination (ms): Min: 0.0, Avg: 0.0, Max: 0.0, Diff: 0.0, Sum: 0.0]
         [Termination Attempts: Min: 1, Avg: 2.5, Max: 5, Diff: 4, Sum: 10]
      [GC Worker Other (ms): Min: 0.0, Avg: 0.0, Max: 0.0, Diff: 0.0, Sum: 0.1]
      [GC Worker Total (ms): Min: 26.7, Avg: 26.7, Max: 26.7, Diff: 0.0, Sum: 106.7]
      [GC Worker End (ms): Min: 23382821.2, Avg: 23382821.2, Max: 23382821.2, Diff: 0.0]
   [Code Root Fixup: 0.0 ms]
   [Code Root Purge: 0.0 ms]
   [Clear CT: 0.1 ms]
   [Other: 0.6 ms]
      [Choose CSet: 0.0 ms]
      [Ref Proc: 0.2 ms]
      [Ref Enq: 0.0 ms]
      [Redirty Cards: 0.1 ms]
      [Humongous Register: 0.0 ms]
      [Humongous Reclaim: 0.0 ms]
      [Free CSet: 0.1 ms]
   [Eden: 115.0M(45.0M)->0.0B(60.0M) Survivors: 6144.0K->7168.0K Heap: 293.2M(1024.0M)->180.1M(1024.0M)]
 [Times: user=0.08 sys=0.02, real=0.03 secs] 
2019-11-03T10:46:31.965+0800: 23398.063: [GC pause (G1 Evacuation Pause) (young), 0.0198815 secs]
   [Parallel Time: 19.0 ms, GC Workers: 4]
      [GC Worker Start (ms): Min: 23398063.6, Avg: 23398063.7, Max: 23398064.0, Diff: 0.4]
      [Ext Root Scanning (ms): Min: 0.5, Avg: 0.8, Max: 0.9, Diff: 0.5, Sum: 3.2]
      [Update RS (ms): Min: 1.8, Avg: 2.3, Max: 2.7, Diff: 1.0, Sum: 9.2]
         [Processed Buffers: Min: 1, Avg: 8.2, Max: 13, Diff: 12, Sum: 33]
      [Scan RS (ms): Min: 5.4, Avg: 5.9, Max: 6.4, Diff: 0.9, Sum: 23.5]
      [Code Root Scanning (ms): Min: 0.0, Avg: 0.0, Max: 0.0, Diff: 0.0, Sum: 0.0]
      [Object Copy (ms): Min: 9.8, Avg: 9.8, Max: 9.9, Diff: 0.1, Sum: 39.3]
      [Termination (ms): Min: 0.0, Avg: 0.0, Max: 0.0, Diff: 0.0, Sum: 0.0]
         [Termination Attempts: Min: 1, Avg: 1.0, Max: 1, Diff: 0, Sum: 4]
      [GC Worker Other (ms): Min: 0.0, Avg: 0.0, Max: 0.0, Diff: 0.0, Sum: 0.1]
      [GC Worker Total (ms): Min: 18.5, Avg: 18.8, Max: 18.9, Diff: 0.4, Sum: 75.3]
      [GC Worker End (ms): Min: 23398082.5, Avg: 23398082.5, Max: 23398082.5, Diff: 0.0]
   [Code Root Fixup: 0.0 ms]
   [Code Root Purge: 0.0 ms]
   [Clear CT: 0.1 ms]
   [Other: 0.7 ms]
      [Choose CSet: 0.0 ms]
      [Ref Proc: 0.2 ms]
      [Ref Enq: 0.0 ms]
      [Redirty Cards: 0.1 ms]
      [Humongous Register: 0.1 ms]
      [Humongous Reclaim: 0.0 ms]
      [Free CSet: 0.1 ms]
   [Eden: 56.0M(44.0M)->0.0B(75.0M) Survivors: 7168.0K->5120.0K Heap: 236.1M(1024.0M)->179.4M(1024.0M)]
 [Times: user=0.08 sys=0.00, real=0.02 secs] 
2019-11-03T10:46:45.826+0800: 23411.924: [GC pause (G1 Evacuation Pause) (young), 0.0209581 secs]
   [Parallel Time: 20.3 ms, GC Workers: 4]
      [GC Worker Start (ms): Min: 23411924.3, Avg: 23411924.4, Max: 23411924.4, Diff: 0.1]
      [Ext Root Scanning (ms): Min: 0.8, Avg: 0.8, Max: 0.9, Diff: 0.1, Sum: 3.2]
      [Update RS (ms): Min: 2.3, Avg: 2.5, Max: 2.7, Diff: 0.4, Sum: 9.9]
         [Processed Buffers: Min: 6, Avg: 9.2, Max: 15, Diff: 9, Sum: 37]
      [Scan RS (ms): Min: 6.9, Avg: 7.2, Max: 7.6, Diff: 0.7, Sum: 28.8]
      [Code Root Scanning (ms): Min: 0.0, Avg: 0.0, Max: 0.0, Diff: 0.0, Sum: 0.0]
      [Object Copy (ms): Min: 9.5, Avg: 9.7, Max: 9.8, Diff: 0.3, Sum: 38.9]
      [Termination (ms): Min: 0.0, Avg: 0.0, Max: 0.0, Diff: 0.0, Sum: 0.0]
         [Termination Attempts: Min: 1, Avg: 1.0, Max: 1, Diff: 0, Sum: 4]
      [GC Worker Other (ms): Min: 0.0, Avg: 0.0, Max: 0.0, Diff: 0.0, Sum: 0.1]
      [GC Worker Total (ms): Min: 20.2, Avg: 20.2, Max: 20.3, Diff: 0.1, Sum: 80.9]
      [GC Worker End (ms): Min: 23411944.6, Avg: 23411944.6, Max: 23411944.6, Diff: 0.0]
   [Code Root Fixup: 0.0 ms]
   [Code Root Purge: 0.0 ms]
   [Clear CT: 0.0 ms]
   [Other: 0.6 ms]
      [Choose CSet: 0.0 ms]
      [Ref Proc: 0.1 ms]
      [Ref Enq: 0.0 ms]
      [Redirty Cards: 0.0 ms]
      [Humongous Register: 0.0 ms]
      [Humongous Reclaim: 0.0 ms]
      [Free CSet: 0.1 ms]
   [Eden: 46.0M(46.0M)->0.0B(59.0M) Survivors: 5120.0K->7168.0K Heap: 225.4M(1024.0M)->181.4M(1024.0M)]
 [Times: user=0.07 sys=0.00, real=0.02 secs] 
2019-11-03T10:46:57.727+0800: 23423.825: [GC pause (G1 Evacuation Pause) (young), 0.0251143 secs]
   [Parallel Time: 23.8 ms, GC Workers: 4]
      [GC Worker Start (ms): Min: 23423824.8, Avg: 23423824.8, Max: 23423825.0, Diff: 0.2]
      [Ext Root Scanning (ms): Min: 0.9, Avg: 1.0, Max: 1.1, Diff: 0.2, Sum: 4.1]
      [Update RS (ms): Min: 0.0, Avg: 2.6, Max: 4.0, Diff: 4.0, Sum: 10.5]
         [Processed Buffers: Min: 0, Avg: 8.5, Max: 23, Diff: 23, Sum: 34]
      [Scan RS (ms): Min: 1.0, Avg: 5.5, Max: 7.3, Diff: 6.3, Sum: 21.9]
      [Code Root Scanning (ms): Min: 0.0, Avg: 0.0, Max: 0.0, Diff: 0.0, Sum: 0.0]
      [Object Copy (ms): Min: 10.2, Avg: 12.8, Max: 20.0, Diff: 9.8, Sum: 51.1]
      [Termination (ms): Min: 0.0, Avg: 0.5, Max: 1.7, Diff: 1.7, Sum: 1.9]
         [Termination Attempts: Min: 1, Avg: 1.0, Max: 1, Diff: 0, Sum: 4]
      [GC Worker Other (ms): Min: 0.0, Avg: 0.0, Max: 0.1, Diff: 0.0, Sum: 0.2]
      [GC Worker Total (ms): Min: 21.9, Avg: 22.4, Max: 23.6, Diff: 1.7, Sum: 89.7]
      [GC Worker End (ms): Min: 23423846.9, Avg: 23423847.3, Max: 23423848.4, Diff: 1.5]
   [Code Root Fixup: 0.0 ms]
   [Code Root Purge: 0.0 ms]
   [Clear CT: 0.2 ms]
   [Other: 1.2 ms]
      [Choose CSet: 0.0 ms]
      [Ref Proc: 0.2 ms]
      [Ref Enq: 0.0 ms]
      [Redirty Cards: 0.1 ms]
      [Humongous Register: 0.0 ms]
      [Humongous Reclaim: 0.1 ms]
      [Free CSet: 0.2 ms]
   [Eden: 44.0M(44.0M)->0.0B(46.0M) Survivors: 7168.0K->5120.0K Heap: 225.4M(1024.0M)->180.7M(1024.0M)]
 [Times: user=0.07 sys=0.00, real=0.03 secs] 
2019-11-03T10:47:10.092+0800: 23436.189: [GC pause (G1 Evacuation Pause) (young), 0.0206005 secs]
   [Parallel Time: 19.8 ms, GC Workers: 4]
      [GC Worker Start (ms): Min: 23436188.7, Avg: 23436193.0, Max: 23436200.0, Diff: 11.3]
      [Ext Root Scanning (ms): Min: 0.0, Avg: 0.4, Max: 1.7, Diff: 1.7, Sum: 1.8]
      [Update RS (ms): Min: 0.0, Avg: 1.1, Max: 2.3, Diff: 2.3, Sum: 4.4]
         [Processed Buffers: Min: 0, Avg: 9.2, Max: 15, Diff: 15, Sum: 37]
      [Scan RS (ms): Min: 0.0, Avg: 3.7, Max: 5.0, Diff: 5.0, Sum: 14.8]
      [Code Root Scanning (ms): Min: 0.0, Avg: 0.0, Max: 0.0, Diff: 0.0, Sum: 0.0]
      [Object Copy (ms): Min: 8.3, Avg: 10.1, Max: 10.7, Diff: 2.4, Sum: 40.3]
      [Termination (ms): Min: 0.0, Avg: 0.1, Max: 0.2, Diff: 0.2, Sum: 0.5]
         [Termination Attempts: Min: 1, Avg: 1.5, Max: 2, Diff: 1, Sum: 6]
      [GC Worker Other (ms): Min: 0.0, Avg: 0.0, Max: 0.0, Diff: 0.0, Sum: 0.1]
      [GC Worker Total (ms): Min: 8.5, Avg: 15.5, Max: 19.8, Diff: 11.2, Sum: 61.9]
      [GC Worker End (ms): Min: 23436208.5, Avg: 23436208.5, Max: 23436208.5, Diff: 0.0]
   [Code Root Fixup: 0.0 ms]
   [Code Root Purge: 0.0 ms]
   [Clear CT: 0.1 ms]
   [Other: 0.7 ms]
      [Choose CSet: 0.0 ms]
      [Ref Proc: 0.2 ms]
      [Ref Enq: 0.0 ms]
      [Redirty Cards: 0.1 ms]
      [Humongous Register: 0.0 ms]
      [Humongous Reclaim: 0.0 ms]
      [Free CSet: 0.1 ms]
   [Eden: 46.0M(46.0M)->0.0B(46.0M) Survivors: 5120.0K->5120.0K Heap: 226.7M(1024.0M)->180.7M(1024.0M)]
 [Times: user=0.05 sys=0.00, real=0.02 secs] 
2019-11-03T10:47:22.679+0800: 23448.776: [GC pause (G1 Evacuation Pause) (young), 0.0189753 secs]
   [Parallel Time: 18.3 ms, GC Workers: 4]
      [GC Worker Start (ms): Min: 23448775.7, Avg: 23448775.8, Max: 23448776.1, Diff: 0.4]
      [Ext Root Scanning (ms): Min: 0.6, Avg: 1.0, Max: 1.2, Diff: 0.5, Sum: 4.0]
      [Update RS (ms): Min: 3.0, Avg: 3.1, Max: 3.4, Diff: 0.4, Sum: 12.4]
         [Processed Buffers: Min: 2, Avg: 8.2, Max: 15, Diff: 13, Sum: 33]
      [Scan RS (ms): Min: 4.6, Avg: 4.8, Max: 4.9, Diff: 0.3, Sum: 19.2]
      [Code Root Scanning (ms): Min: 0.0, Avg: 0.0, Max: 0.0, Diff: 0.0, Sum: 0.0]
      [Object Copy (ms): Min: 9.0, Avg: 9.1, Max: 9.2, Diff: 0.1, Sum: 36.4]
      [Termination (ms): Min: 0.0, Avg: 0.0, Max: 0.0, Diff: 0.0, Sum: 0.0]
         [Termination Attempts: Min: 1, Avg: 1.0, Max: 1, Diff: 0, Sum: 4]
      [GC Worker Other (ms): Min: 0.0, Avg: 0.1, Max: 0.1, Diff: 0.0, Sum: 0.2]
      [GC Worker Total (ms): Min: 17.7, Avg: 18.1, Max: 18.2, Diff: 0.5, Sum: 72.3]
      [GC Worker End (ms): Min: 23448793.9, Avg: 23448793.9, Max: 23448793.9, Diff: 0.0]
   [Code Root Fixup: 0.0 ms]
   [Code Root Purge: 0.0 ms]
   [Clear CT: 0.1 ms]
   [Other: 0.6 ms]
      [Choose CSet: 0.0 ms]
      [Ref Proc: 0.1 ms]
      [Ref Enq: 0.0 ms]
      [Redirty Cards: 0.1 ms]
      [Humongous Register: 0.0 ms]
      [Humongous Reclaim: 0.0 ms]
      [Free CSet: 0.1 ms]
   [Eden: 46.0M(46.0M)->0.0B(44.0M) Survivors: 5120.0K->7168.0K Heap: 226.7M(1024.0M)->182.7M(1024.0M)]
 [Times: user=0.07 sys=0.00, real=0.02 secs] 
2019-11-03T10:47:34.666+0800: 23460.762: [GC pause (G1 Evacuation Pause) (young), 0.0202718 secs]
   [Parallel Time: 19.5 ms, GC Workers: 4]
      [GC Worker Start (ms): Min: 23460762.0, Avg: 23460762.5, Max: 23460763.5, Diff: 1.5]
      [Ext Root Scanning (ms): Min: 0.0, Avg: 0.9, Max: 1.4, Diff: 1.4, Sum: 3.4]
      [Update RS (ms): Min: 1.1, Avg: 2.1, Max: 2.5, Diff: 1.4, Sum: 8.5]
         [Processed Buffers: Min: 5, Avg: 8.5, Max: 13, Diff: 8, Sum: 34]
      [Scan RS (ms): Min: 5.7, Avg: 5.7, Max: 5.8, Diff: 0.1, Sum: 23.0]
      [Code Root Scanning (ms): Min: 0.0, Avg: 0.0, Max: 0.0, Diff: 0.0, Sum: 0.0]
      [Object Copy (ms): Min: 9.6, Avg: 10.1, Max: 11.1, Diff: 1.5, Sum: 40.3]
      [Termination (ms): Min: 0.0, Avg: 0.0, Max: 0.0, Diff: 0.0, Sum: 0.0]
         [Termination Attempts: Min: 1, Avg: 1.0, Max: 1, Diff: 0, Sum: 4]
      [GC Worker Other (ms): Min: 0.0, Avg: 0.0, Max: 0.0, Diff: 0.0, Sum: 0.1]
      [GC Worker Total (ms): Min: 17.9, Avg: 18.8, Max: 19.4, Diff: 1.5, Sum: 75.3]
      [GC Worker End (ms): Min: 23460781.4, Avg: 23460781.4, Max: 23460781.4, Diff: 0.0]
   [Code Root Fixup: 0.0 ms]
   [Code Root Purge: 0.0 ms]
   [Clear CT: 0.0 ms]
   [Other: 0.7 ms]
      [Choose CSet: 0.0 ms]
      [Ref Proc: 0.2 ms]
      [Ref Enq: 0.0 ms]
      [Redirty Cards: 0.1 ms]
      [Humongous Register: 0.1 ms]
      [Humongous Reclaim: 0.0 ms]
      [Free CSet: 0.1 ms]
   [Eden: 44.0M(44.0M)->0.0B(46.0M) Survivors: 7168.0K->5120.0K Heap: 226.7M(1024.0M)->182.0M(1024.0M)]
 [Times: user=0.07 sys=0.01, real=0.02 secs] 
2019-11-03T10:47:47.293+0800: 23473.389: [GC pause (G1 Evacuation Pause) (young), 0.0171261 secs]
   [Parallel Time: 16.4 ms, GC Workers: 4]
      [GC Worker Start (ms): Min: 23473388.9, Avg: 23473389.0, Max: 23473389.3, Diff: 0.4]
      [Ext Root Scanning (ms): Min: 0.7, Avg: 0.9, Max: 1.0, Diff: 0.3, Sum: 3.8]
      [Update RS (ms): Min: 0.0, Avg: 2.2, Max: 3.1, Diff: 3.1, Sum: 8.6]
         [Processed Buffers: Min: 0, Avg: 9.0, Max: 15, Diff: 15, Sum: 36]
      [Scan RS (ms): Min: 3.6, Avg: 5.0, Max: 5.7, Diff: 2.1, Sum: 20.0]
      [Code Root Scanning (ms): Min: 0.0, Avg: 0.0, Max: 0.0, Diff: 0.0, Sum: 0.0]
      [Object Copy (ms): Min: 6.8, Avg: 8.1, Max: 11.6, Diff: 4.8, Sum: 32.2]
      [Termination (ms): Min: 0.0, Avg: 0.0, Max: 0.0, Diff: 0.0, Sum: 0.0]
         [Termination Attempts: Min: 1, Avg: 1.2, Max: 2, Diff: 1, Sum: 5]
      [GC Worker Other (ms): Min: 0.0, Avg: 0.0, Max: 0.0, Diff: 0.0, Sum: 0.1]
      [GC Worker Total (ms): Min: 15.9, Avg: 16.2, Max: 16.3, Diff: 0.4, Sum: 64.8]
      [GC Worker End (ms): Min: 23473405.2, Avg: 23473405.2, Max: 23473405.2, Diff: 0.0]
   [Code Root Fixup: 0.0 ms]
   [Code Root Purge: 0.0 ms]
   [Clear CT: 0.1 ms]
   [Other: 0.6 ms]
      [Choose CSet: 0.0 ms]
      [Ref Proc: 0.1 ms]
      [Ref Enq: 0.0 ms]
      [Redirty Cards: 0.1 ms]
      [Humongous Register: 0.0 ms]
      [Humongous Reclaim: 0.0 ms]
      [Free CSet: 0.1 ms]
   [Eden: 46.0M(46.0M)->0.0B(79.0M) Survivors: 5120.0K->5120.0K Heap: 228.0M(1024.0M)->182.0M(1024.0M)]
 [Times: user=0.06 sys=0.00, real=0.02 secs] 
2019-11-03T10:48:03.879+0800: 23489.974: [GC pause (G1 Evacuation Pause) (young), 0.0140010 secs]
   [Parallel Time: 13.2 ms, GC Workers: 4]
      [GC Worker Start (ms): Min: 23489973.8, Avg: 23489973.9, Max: 23489974.5, Diff: 0.7]
      [Ext Root Scanning (ms): Min: 0.1, Avg: 0.6, Max: 0.8, Diff: 0.7, Sum: 2.4]
      [Update RS (ms): Min: 1.2, Avg: 1.4, Max: 1.6, Diff: 0.4, Sum: 5.6]
         [Processed Buffers: Min: 5, Avg: 8.5, Max: 12, Diff: 7, Sum: 34]
      [Scan RS (ms): Min: 3.5, Avg: 3.7, Max: 3.9, Diff: 0.4, Sum: 14.8]
      [Code Root Scanning (ms): Min: 0.0, Avg: 0.0, Max: 0.0, Diff: 0.0, Sum: 0.0]
      [Object Copy (ms): Min: 7.2, Avg: 7.2, Max: 7.3, Diff: 0.1, Sum: 29.0]
      [Termination (ms): Min: 0.0, Avg: 0.0, Max: 0.0, Diff: 0.0, Sum: 0.0]
         [Termination Attempts: Min: 1, Avg: 1.5, Max: 2, Diff: 1, Sum: 6]
      [GC Worker Other (ms): Min: 0.0, Avg: 0.1, Max: 0.1, Diff: 0.0, Sum: 0.2]
      [GC Worker Total (ms): Min: 12.4, Avg: 13.0, Max: 13.2, Diff: 0.7, Sum: 51.9]
      [GC Worker End (ms): Min: 23489986.9, Avg: 23489986.9, Max: 23489987.0, Diff: 0.0]
   [Code Root Fixup: 0.0 ms]
   [Code Root Purge: 0.0 ms]
   [Clear CT: 0.1 ms]
   [Other: 0.7 ms]
      [Choose CSet: 0.0 ms]
      [Ref Proc: 0.1 ms]
      [Ref Enq: 0.0 ms]
      [Redirty Cards: 0.0 ms]
      [Humongous Register: 0.1 ms]
      [Humongous Reclaim: 0.0 ms]
      [Free CSet: 0.1 ms]
   [Eden: 61.0M(46.0M)->0.0B(150.0M) Survivors: 5120.0K->5120.0K Heap: 243.0M(1024.0M)->182.0M(1024.0M)]
 [Times: user=0.06 sys=0.00, real=0.02 secs] 
2019-11-03T10:48:31.988+0800: 23518.082: [GC pause (G1 Evacuation Pause) (young), 0.0246178 secs]
   [Parallel Time: 23.8 ms, GC Workers: 4]
      [GC Worker Start (ms): Min: 23518082.1, Avg: 23518082.6, Max: 23518083.6, Diff: 1.4]
      [Ext Root Scanning (ms): Min: 0.0, Avg: 0.9, Max: 1.3, Diff: 1.3, Sum: 3.5]
      [Update RS (ms): Min: 0.0, Avg: 2.3, Max: 4.2, Diff: 4.2, Sum: 9.1]
         [Processed Buffers: Min: 0, Avg: 9.8, Max: 27, Diff: 27, Sum: 39]
      [Scan RS (ms): Min: 2.7, Avg: 5.6, Max: 8.2, Diff: 5.5, Sum: 22.5]
      [Code Root Scanning (ms): Min: 0.0, Avg: 0.0, Max: 0.0, Diff: 0.0, Sum: 0.0]
      [Object Copy (ms): Min: 9.8, Avg: 14.3, Max: 19.6, Diff: 9.8, Sum: 57.4]
      [Termination (ms): Min: 0.0, Avg: 0.0, Max: 0.0, Diff: 0.0, Sum: 0.0]
         [Termination Attempts: Min: 1, Avg: 1.2, Max: 2, Diff: 1, Sum: 5]
      [GC Worker Other (ms): Min: 0.0, Avg: 0.1, Max: 0.1, Diff: 0.0, Sum: 0.3]
      [GC Worker Total (ms): Min: 22.3, Avg: 23.2, Max: 23.7, Diff: 1.4, Sum: 92.8]
      [GC Worker End (ms): Min: 23518105.8, Avg: 23518105.8, Max: 23518105.8, Diff: 0.0]
   [Code Root Fixup: 0.0 ms]
   [Code Root Purge: 0.0 ms]
   [Clear CT: 0.1 ms]
   [Other: 0.7 ms]
      [Choose CSet: 0.0 ms]
      [Ref Proc: 0.2 ms]
      [Ref Enq: 0.0 ms]
      [Redirty Cards: 0.1 ms]
      [Humongous Register: 0.0 ms]
      [Humongous Reclaim: 0.0 ms]
      [Free CSet: 0.1 ms]
   [Eden: 104.0M(46.0M)->0.0B(80.0M) Survivors: 5120.0K->6144.0K Heap: 286.0M(1024.0M)->183.5M(1024.0M)]
 [Times: user=0.07 sys=0.00, real=0.03 secs] 
2019-11-03T10:48:53.629+0800: 23539.722: [GC pause (G1 Evacuation Pause) (young), 0.0217852 secs]
   [Parallel Time: 21.0 ms, GC Workers: 4]
      [GC Worker Start (ms): Min: 23539722.3, Avg: 23539722.3, Max: 23539722.4, Diff: 0.1]
      [Ext Root Scanning (ms): Min: 0.7, Avg: 0.7, Max: 0.8, Diff: 0.1, Sum: 3.0]
      [Update RS (ms): Min: 1.9, Avg: 2.0, Max: 2.3, Diff: 0.4, Sum: 8.0]
         [Processed Buffers: Min: 7, Avg: 9.8, Max: 15, Diff: 8, Sum: 39]
      [Scan RS (ms): Min: 6.7, Avg: 7.1, Max: 7.3, Diff: 0.5, Sum: 28.2]
      [Code Root Scanning (ms): Min: 0.0, Avg: 0.0, Max: 0.0, Diff: 0.0, Sum: 0.0]
      [Object Copy (ms): Min: 11.0, Avg: 11.1, Max: 11.2, Diff: 0.2, Sum: 44.3]
      [Termination (ms): Min: 0.0, Avg: 0.0, Max: 0.0, Diff: 0.0, Sum: 0.0]
         [Termination Attempts: Min: 1, Avg: 1.0, Max: 1, Diff: 0, Sum: 4]
      [GC Worker Other (ms): Min: 0.0, Avg: 0.0, Max: 0.0, Diff: 0.0, Sum: 0.1]
      [GC Worker Total (ms): Min: 20.9, Avg: 20.9, Max: 20.9, Diff: 0.1, Sum: 83.7]
      [GC Worker End (ms): Min: 23539743.2, Avg: 23539743.2, Max: 23539743.2, Diff: 0.0]
   [Code Root Fixup: 0.0 ms]
   [Code Root Purge: 0.0 ms]
   [Clear CT: 0.1 ms]
   [Other: 0.6 ms]
      [Choose CSet: 0.0 ms]
      [Ref Proc: 0.2 ms]
      [Ref Enq: 0.0 ms]
      [Redirty Cards: 0.1 ms]
      [Humongous Register: 0.0 ms]
      [Humongous Reclaim: 0.0 ms]
      [Free CSet: 0.1 ms]
   [Eden: 80.0M(80.0M)->0.0B(55.0M) Survivors: 6144.0K->7168.0K Heap: 263.5M(1024.0M)->184.0M(1024.0M)]
 [Times: user=0.08 sys=0.00, real=0.03 secs] 
2019-11-03T10:49:08.403+0800: 23554.495: [GC pause (G1 Evacuation Pause) (young), 0.0270480 secs]
   [Parallel Time: 26.1 ms, GC Workers: 4]
      [GC Worker Start (ms): Min: 23554495.4, Avg: 23554495.8, Max: 23554496.6, Diff: 1.2]
      [Ext Root Scanning (ms): Min: 0.0, Avg: 0.8, Max: 1.1, Diff: 1.1, Sum: 3.1]
      [Update RS (ms): Min: 1.9, Avg: 3.3, Max: 5.3, Diff: 3.3, Sum: 13.1]
         [Processed Buffers: Min: 6, Avg: 9.5, Max: 14, Diff: 8, Sum: 38]
      [Scan RS (ms): Min: 3.6, Avg: 5.3, Max: 6.0, Diff: 2.4, Sum: 21.2]
      [Code Root Scanning (ms): Min: 0.0, Avg: 0.0, Max: 0.0, Diff: 0.0, Sum: 0.0]
      [Object Copy (ms): Min: 15.9, Avg: 16.2, Max: 17.0, Diff: 1.0, Sum: 64.8]
      [Termination (ms): Min: 0.0, Avg: 0.1, Max: 0.2, Diff: 0.2, Sum: 0.5]
         [Termination Attempts: Min: 1, Avg: 1.0, Max: 1, Diff: 0, Sum: 4]
      [GC Worker Other (ms): Min: 0.0, Avg: 0.0, Max: 0.0, Diff: 0.0, Sum: 0.1]
      [GC Worker Total (ms): Min: 24.8, Avg: 25.7, Max: 26.0, Diff: 1.2, Sum: 102.9]
      [GC Worker End (ms): Min: 23554521.4, Avg: 23554521.5, Max: 23554521.5, Diff: 0.0]
   [Code Root Fixup: 0.0 ms]
   [Code Root Purge: 0.0 ms]
   [Clear CT: 0.1 ms]
   [Other: 0.8 ms]
      [Choose CSet: 0.0 ms]
      [Ref Proc: 0.3 ms]
      [Ref Enq: 0.0 ms]
      [Redirty Cards: 0.1 ms]
      [Humongous Register: 0.0 ms]
      [Humongous Reclaim: 0.0 ms]
      [Free CSet: 0.1 ms]
   [Eden: 55.0M(55.0M)->0.0B(44.0M) Survivors: 7168.0K->7168.0K Heap: 239.0M(1024.0M)->184.8M(1024.0M)]
 [Times: user=0.08 sys=0.00, real=0.03 secs] 
2019-11-03T10:49:20.421+0800: 23566.513: [GC pause (G1 Evacuation Pause) (young), 0.0224420 secs]
   [Parallel Time: 21.7 ms, GC Workers: 4]
      [GC Worker Start (ms): Min: 23566512.7, Avg: 23566512.9, Max: 23566513.4, Diff: 0.7]
      [Ext Root Scanning (ms): Min: 0.0, Avg: 0.5, Max: 0.6, Diff: 0.6, Sum: 1.8]
      [Update RS (ms): Min: 0.0, Avg: 1.2, Max: 1.7, Diff: 1.7, Sum: 4.7]
         [Processed Buffers: Min: 0, Avg: 8.2, Max: 14, Diff: 14, Sum: 33]
      [Scan RS (ms): Min: 0.0, Avg: 4.0, Max: 5.4, Diff: 5.4, Sum: 15.8]
      [Code Root Scanning (ms): Min: 0.0, Avg: 0.0, Max: 0.0, Diff: 0.0, Sum: 0.0]
      [Object Copy (ms): Min: 13.9, Avg: 15.7, Max: 20.8, Diff: 6.9, Sum: 62.9]
      [Termination (ms): Min: 0.0, Avg: 0.1, Max: 0.1, Diff: 0.1, Sum: 0.4]
         [Termination Attempts: Min: 1, Avg: 1.0, Max: 1, Diff: 0, Sum: 4]
      [GC Worker Other (ms): Min: 0.0, Avg: 0.0, Max: 0.0, Diff: 0.0, Sum: 0.1]
      [GC Worker Total (ms): Min: 20.9, Avg: 21.4, Max: 21.6, Diff: 0.7, Sum: 85.7]
      [GC Worker End (ms): Min: 23566534.3, Avg: 23566534.3, Max: 23566534.4, Diff: 0.0]
   [Code Root Fixup: 0.0 ms]
   [Code Root Purge: 0.0 ms]
   [Clear CT: 0.1 ms]
   [Other: 0.7 ms]
      [Choose CSet: 0.0 ms]
      [Ref Proc: 0.2 ms]
      [Ref Enq: 0.0 ms]
      [Redirty Cards: 0.1 ms]
      [Humongous Register: 0.0 ms]
      [Humongous Reclaim: 0.0 ms]
      [Free CSet: 0.1 ms]
   [Eden: 44.0M(44.0M)->0.0B(46.0M) Survivors: 7168.0K->5120.0K Heap: 228.8M(1024.0M)->185.2M(1024.0M)]
 [Times: user=0.06 sys=0.01, real=0.02 secs] 
2019-11-03T10:49:32.976+0800: 23579.067: [GC pause (G1 Evacuation Pause) (young), 0.0223229 secs]
   [Parallel Time: 20.1 ms, GC Workers: 4]
      [GC Worker Start (ms): Min: 23579067.2, Avg: 23579067.3, Max: 23579067.3, Diff: 0.1]
      [Ext Root Scanning (ms): Min: 0.6, Avg: 0.7, Max: 0.7, Diff: 0.1, Sum: 2.7]
      [Update RS (ms): Min: 2.0, Avg: 2.2, Max: 2.3, Diff: 0.4, Sum: 8.6]
         [Processed Buffers: Min: 1, Avg: 8.2, Max: 16, Diff: 15, Sum: 33]
      [Scan RS (ms): Min: 6.4, Avg: 6.7, Max: 6.9, Diff: 0.5, Sum: 26.6]
      [Code Root Scanning (ms): Min: 0.0, Avg: 0.0, Max: 0.0, Diff: 0.0, Sum: 0.0]
      [Object Copy (ms): Min: 9.6, Avg: 9.9, Max: 10.1, Diff: 0.4, Sum: 39.6]
      [Termination (ms): Min: 0.0, Avg: 0.3, Max: 0.6, Diff: 0.6, Sum: 1.3]
         [Termination Attempts: Min: 1, Avg: 1.0, Max: 1, Diff: 0, Sum: 4]
      [GC Worker Other (ms): Min: 0.0, Avg: 0.0, Max: 0.0, Diff: 0.0, Sum: 0.1]
      [GC Worker Total (ms): Min: 19.5, Avg: 19.8, Max: 20.0, Diff: 0.4, Sum: 79.0]
      [GC Worker End (ms): Min: 23579086.8, Avg: 23579087.0, Max: 23579087.3, Diff: 0.5]
   [Code Root Fixup: 0.0 ms]
   [Code Root Purge: 0.0 ms]
   [Clear CT: 0.2 ms]
   [Other: 2.0 ms]
      [Choose CSet: 0.0 ms]
      [Ref Proc: 1.3 ms]
      [Ref Enq: 0.0 ms]
      [Redirty Cards: 0.2 ms]
      [Humongous Register: 0.0 ms]
      [Humongous Reclaim: 0.0 ms]
      [Free CSet: 0.1 ms]
   [Eden: 46.0M(46.0M)->0.0B(45.0M) Survivors: 5120.0K->6144.0K Heap: 231.2M(1024.0M)->186.2M(1024.0M)]
 [Times: user=0.07 sys=0.00, real=0.02 secs] 
2019-11-03T10:49:45.234+0800: 23591.325: [GC pause (G1 Evacuation Pause) (young), 0.0221737 secs]
   [Parallel Time: 21.5 ms, GC Workers: 4]
      [GC Worker Start (ms): Min: 23591325.4, Avg: 23591325.5, Max: 23591325.6, Diff: 0.2]
      [Ext Root Scanning (ms): Min: 0.6, Avg: 0.9, Max: 1.1, Diff: 0.5, Sum: 3.5]
      [Update RS (ms): Min: 2.3, Avg: 2.5, Max: 2.9, Diff: 0.6, Sum: 10.1]
         [Processed Buffers: Min: 5, Avg: 8.2, Max: 15, Diff: 10, Sum: 33]
      [Scan RS (ms): Min: 6.1, Avg: 6.4, Max: 7.0, Diff: 0.8, Sum: 25.7]
      [Code Root Scanning (ms): Min: 0.0, Avg: 0.0, Max: 0.0, Diff: 0.0, Sum: 0.0]
      [Object Copy (ms): Min: 11.0, Avg: 11.5, Max: 12.0, Diff: 0.9, Sum: 45.8]
      [Termination (ms): Min: 0.0, Avg: 0.0, Max: 0.0, Diff: 0.0, Sum: 0.0]
         [Termination Attempts: Min: 1, Avg: 1.8, Max: 2, Diff: 1, Sum: 7]
      [GC Worker Other (ms): Min: 0.0, Avg: 0.0, Max: 0.1, Diff: 0.0, Sum: 0.2]
      [GC Worker Total (ms): Min: 21.2, Avg: 21.3, Max: 21.4, Diff: 0.2, Sum: 85.4]
      [GC Worker End (ms): Min: 23591346.8, Avg: 23591346.8, Max: 23591346.8, Diff: 0.0]
   [Code Root Fixup: 0.0 ms]
   [Code Root Purge: 0.0 ms]
   [Clear CT: 0.1 ms]
   [Other: 0.6 ms]
      [Choose CSet: 0.0 ms]
      [Ref Proc: 0.1 ms]
      [Ref Enq: 0.0 ms]
      [Redirty Cards: 0.1 ms]
      [Humongous Register: 0.0 ms]
      [Humongous Reclaim: 0.0 ms]
      [Free CSet: 0.1 ms]
   [Eden: 45.0M(45.0M)->0.0B(46.0M) Survivors: 6144.0K->5120.0K Heap: 231.2M(1024.0M)->186.4M(1024.0M)]
 [Times: user=0.08 sys=0.01, real=0.02 secs] 
2019-11-03T10:49:57.765+0800: 23603.855: [GC pause (G1 Evacuation Pause) (young), 0.0178295 secs]
   [Parallel Time: 17.2 ms, GC Workers: 4]
      [GC Worker Start (ms): Min: 23603855.6, Avg: 23603855.8, Max: 23603856.0, Diff: 0.3]
      [Ext Root Scanning (ms): Min: 0.8, Avg: 1.0, Max: 1.1, Diff: 0.3, Sum: 3.8]
      [Update RS (ms): Min: 1.9, Avg: 2.3, Max: 2.6, Diff: 0.7, Sum: 9.1]
         [Processed Buffers: Min: 4, Avg: 8.2, Max: 12, Diff: 8, Sum: 33]
      [Scan RS (ms): Min: 6.4, Avg: 6.8, Max: 7.1, Diff: 0.7, Sum: 27.0]
      [Code Root Scanning (ms): Min: 0.0, Avg: 0.0, Max: 0.0, Diff: 0.0, Sum: 0.0]
      [Object Copy (ms): Min: 6.8, Avg: 6.9, Max: 6.9, Diff: 0.1, Sum: 27.6]
      [Termination (ms): Min: 0.0, Avg: 0.0, Max: 0.0, Diff: 0.0, Sum: 0.0]
         [Termination Attempts: Min: 1, Avg: 1.0, Max: 1, Diff: 0, Sum: 4]
      [GC Worker Other (ms): Min: 0.0, Avg: 0.0, Max: 0.0, Diff: 0.0, Sum: 0.1]
      [GC Worker Total (ms): Min: 16.8, Avg: 16.9, Max: 17.1, Diff: 0.3, Sum: 67.7]
      [GC Worker End (ms): Min: 23603872.7, Avg: 23603872.7, Max: 23603872.8, Diff: 0.0]
   [Code Root Fixup: 0.0 ms]
   [Code Root Purge: 0.0 ms]
   [Clear CT: 0.1 ms]
   [Other: 0.5 ms]
      [Choose CSet: 0.0 ms]
      [Ref Proc: 0.1 ms]
      [Ref Enq: 0.0 ms]
      [Redirty Cards: 0.1 ms]
      [Humongous Register: 0.0 ms]
      [Humongous Reclaim: 0.0 ms]
      [Free CSet: 0.1 ms]
   [Eden: 46.0M(46.0M)->0.0B(46.0M) Survivors: 5120.0K->5120.0K Heap: 232.4M(1024.0M)->186.4M(1024.0M)]
 [Times: user=0.06 sys=0.00, real=0.02 secs] 
2019-11-03T10:50:10.114+0800: 23616.204: [GC pause (G1 Evacuation Pause) (young), 0.0168446 secs]
   [Parallel Time: 16.0 ms, GC Workers: 4]
      [GC Worker Start (ms): Min: 23616204.5, Avg: 23616204.5, Max: 23616204.5, Diff: 0.1]
      [Ext Root Scanning (ms): Min: 0.8, Avg: 0.9, Max: 0.9, Diff: 0.1, Sum: 3.5]
      [Update RS (ms): Min: 1.7, Avg: 2.3, Max: 2.8, Diff: 1.1, Sum: 9.2]
         [Processed Buffers: Min: 4, Avg: 8.8, Max: 17, Diff: 13, Sum: 35]
      [Scan RS (ms): Min: 5.3, Avg: 5.8, Max: 6.4, Diff: 1.1, Sum: 23.3]
      [Code Root Scanning (ms): Min: 0.0, Avg: 0.0, Max: 0.0, Diff: 0.0, Sum: 0.0]
      [Object Copy (ms): Min: 6.7, Avg: 6.9, Max: 6.9, Diff: 0.2, Sum: 27.4]
      [Termination (ms): Min: 0.0, Avg: 0.0, Max: 0.0, Diff: 0.0, Sum: 0.0]
         [Termination Attempts: Min: 1, Avg: 1.0, Max: 1, Diff: 0, Sum: 4]
      [GC Worker Other (ms): Min: 0.0, Avg: 0.0, Max: 0.1, Diff: 0.0, Sum: 0.1]
      [GC Worker Total (ms): Min: 15.9, Avg: 15.9, Max: 16.0, Diff: 0.1, Sum: 63.6]
      [GC Worker End (ms): Min: 23616220.4, Avg: 23616220.4, Max: 23616220.4, Diff: 0.0]
   [Code Root Fixup: 0.0 ms]
   [Code Root Purge: 0.0 ms]
   [Clear CT: 0.1 ms]
   [Other: 0.7 ms]
      [Choose CSet: 0.0 ms]
      [Ref Proc: 0.2 ms]
      [Ref Enq: 0.0 ms]
      [Redirty Cards: 0.1 ms]
      [Humongous Register: 0.0 ms]
      [Humongous Reclaim: 0.0 ms]
      [Free CSet: 0.1 ms]
   [Eden: 46.0M(46.0M)->0.0B(123.0M) Survivors: 5120.0K->5120.0K Heap: 232.4M(1024.0M)->186.4M(1024.0M)]
 [Times: user=0.06 sys=0.00, real=0.02 secs] 
2019-11-03T10:50:30.484+0800: 23636.574: [GC pause (G1 Evacuation Pause) (young), 0.0222233 secs]
   [Parallel Time: 21.5 ms, GC Workers: 4]
      [GC Worker Start (ms): Min: 23636574.0, Avg: 23636574.1, Max: 23636574.1, Diff: 0.1]
      [Ext Root Scanning (ms): Min: 0.8, Avg: 0.9, Max: 1.1, Diff: 0.3, Sum: 3.5]
      [Update RS (ms): Min: 0.0, Avg: 2.7, Max: 3.8, Diff: 3.8, Sum: 11.0]
         [Processed Buffers: Min: 0, Avg: 8.8, Max: 14, Diff: 14, Sum: 35]
      [Scan RS (ms): Min: 5.0, Avg: 6.7, Max: 7.4, Diff: 2.4, Sum: 26.7]
      [Code Root Scanning (ms): Min: 0.0, Avg: 0.0, Max: 0.0, Diff: 0.0, Sum: 0.0]
      [Object Copy (ms): Min: 9.4, Avg: 10.9, Max: 15.4, Diff: 6.0, Sum: 43.7]
      [Termination (ms): Min: 0.0, Avg: 0.1, Max: 0.1, Diff: 0.1, Sum: 0.4]
         [Termination Attempts: Min: 1, Avg: 1.0, Max: 1, Diff: 0, Sum: 4]
      [GC Worker Other (ms): Min: 0.0, Avg: 0.0, Max: 0.1, Diff: 0.0, Sum: 0.2]
      [GC Worker Total (ms): Min: 21.3, Avg: 21.3, Max: 21.3, Diff: 0.0, Sum: 85.3]
      [GC Worker End (ms): Min: 23636595.4, Avg: 23636595.4, Max: 23636595.4, Diff: 0.0]
   [Code Root Fixup: 0.0 ms]
   [Code Root Purge: 0.0 ms]
   [Clear CT: 0.1 ms]
   [Other: 0.7 ms]
      [Choose CSet: 0.0 ms]
      [Ref Proc: 0.2 ms]
      [Ref Enq: 0.0 ms]
      [Redirty Cards: 0.1 ms]
      [Humongous Register: 0.0 ms]
      [Humongous Reclaim: 0.0 ms]
      [Free CSet: 0.1 ms]
   [Eden: 75.0M(46.0M)->0.0B(64.0M) Survivors: 5120.0K->5120.0K Heap: 261.4M(1024.0M)->186.4M(1024.0M)]
 [Times: user=0.07 sys=0.00, real=0.02 secs] 
2019-11-03T10:50:47.908+0800: 23653.996: [GC pause (G1 Evacuation Pause) (young), 0.0225413 secs]
   [Parallel Time: 21.7 ms, GC Workers: 4]
      [GC Worker Start (ms): Min: 23653996.7, Avg: 23653997.5, Max: 23653998.7, Diff: 1.9]
      [Ext Root Scanning (ms): Min: 0.0, Avg: 1.1, Max: 1.8, Diff: 1.8, Sum: 4.2]
      [Update RS (ms): Min: 0.6, Avg: 2.6, Max: 3.4, Diff: 2.8, Sum: 10.2]
         [Processed Buffers: Min: 1, Avg: 8.5, Max: 17, Diff: 16, Sum: 34]
      [Scan RS (ms): Min: 4.8, Avg: 5.2, Max: 6.1, Diff: 1.3, Sum: 20.8]
      [Code Root Scanning (ms): Min: 0.0, Avg: 0.0, Max: 0.0, Diff: 0.0, Sum: 0.0]
      [Object Copy (ms): Min: 10.2, Avg: 12.0, Max: 14.2, Diff: 4.0, Sum: 48.0]
      [Termination (ms): Min: 0.0, Avg: 0.0, Max: 0.0, Diff: 0.0, Sum: 0.0]
         [Termination Attempts: Min: 1, Avg: 2.2, Max: 6, Diff: 5, Sum: 9]
      [GC Worker Other (ms): Min: 0.0, Avg: 0.0, Max: 0.1, Diff: 0.0, Sum: 0.2]
      [GC Worker Total (ms): Min: 19.7, Avg: 20.9, Max: 21.6, Diff: 1.9, Sum: 83.4]
      [GC Worker End (ms): Min: 23654018.3, Avg: 23654018.3, Max: 23654018.3, Diff: 0.0]
   [Code Root Fixup: 0.0 ms]
   [Code Root Purge: 0.0 ms]
   [Clear CT: 0.1 ms]
   [Other: 0.7 ms]
      [Choose CSet: 0.0 ms]
      [Ref Proc: 0.2 ms]
      [Ref Enq: 0.0 ms]
      [Redirty Cards: 0.1 ms]
      [Humongous Register: 0.1 ms]
      [Humongous Reclaim: 0.0 ms]
      [Free CSet: 0.1 ms]
   [Eden: 64.0M(64.0M)->0.0B(45.0M) Survivors: 5120.0K->6144.0K Heap: 250.4M(1024.0M)->187.4M(1024.0M)]
 [Times: user=0.06 sys=0.00, real=0.03 secs] 
2019-11-03T10:51:00.190+0800: 23666.278: [GC pause (G1 Evacuation Pause) (young), 0.0196261 secs]
   [Parallel Time: 18.9 ms, GC Workers: 4]
      [GC Worker Start (ms): Min: 23666278.6, Avg: 23666278.8, Max: 23666279.3, Diff: 0.7]
      [Ext Root Scanning (ms): Min: 0.4, Avg: 0.9, Max: 1.2, Diff: 0.7, Sum: 3.7]
      [Update RS (ms): Min: 1.7, Avg: 2.1, Max: 2.7, Diff: 1.0, Sum: 8.6]
         [Processed Buffers: Min: 5, Avg: 7.5, Max: 12, Diff: 7, Sum: 30]
      [Scan RS (ms): Min: 5.2, Avg: 5.7, Max: 6.2, Diff: 1.0, Sum: 22.8]
      [Code Root Scanning (ms): Min: 0.0, Avg: 0.0, Max: 0.0, Diff: 0.0, Sum: 0.0]
      [Object Copy (ms): Min: 9.8, Avg: 9.8, Max: 9.9, Diff: 0.0, Sum: 39.3]
      [Termination (ms): Min: 0.0, Avg: 0.0, Max: 0.0, Diff: 0.0, Sum: 0.0]
         [Termination Attempts: Min: 1, Avg: 3.2, Max: 7, Diff: 6, Sum: 13]
      [GC Worker Other (ms): Min: 0.0, Avg: 0.0, Max: 0.1, Diff: 0.0, Sum: 0.2]
      [GC Worker Total (ms): Min: 18.2, Avg: 18.7, Max: 18.8, Diff: 0.7, Sum: 74.6]
      [GC Worker End (ms): Min: 23666297.4, Avg: 23666297.5, Max: 23666297.5, Diff: 0.0]
   [Code Root Fixup: 0.0 ms]
   [Code Root Purge: 0.0 ms]
   [Clear CT: 0.1 ms]
   [Other: 0.6 ms]
      [Choose CSet: 0.0 ms]
      [Ref Proc: 0.2 ms]
      [Ref Enq: 0.0 ms]
      [Redirty Cards: 0.1 ms]
      [Humongous Register: 0.0 ms]
      [Humongous Reclaim: 0.0 ms]
      [Free CSet: 0.1 ms]
   [Eden: 45.0M(45.0M)->0.0B(55.0M) Survivors: 6144.0K->5120.0K Heap: 232.4M(1024.0M)->187.3M(1024.0M)]
 [Times: user=0.07 sys=0.00, real=0.02 secs] 
2019-11-03T10:51:15.024+0800: 23681.112: [GC pause (G1 Evacuation Pause) (young), 0.0192089 secs]
   [Parallel Time: 18.1 ms, GC Workers: 4]
      [GC Worker Start (ms): Min: 23681112.2, Avg: 23681112.5, Max: 23681113.3, Diff: 1.1]
      [Ext Root Scanning (ms): Min: 0.0, Avg: 0.8, Max: 1.0, Diff: 1.0, Sum: 3.0]
      [Update RS (ms): Min: 2.0, Avg: 2.3, Max: 2.6, Diff: 0.6, Sum: 9.2]
         [Processed Buffers: Min: 6, Avg: 9.0, Max: 18, Diff: 12, Sum: 36]
      [Scan RS (ms): Min: 5.5, Avg: 6.0, Max: 6.8, Diff: 1.3, Sum: 24.2]
      [Code Root Scanning (ms): Min: 0.0, Avg: 0.0, Max: 0.0, Diff: 0.0, Sum: 0.0]
      [Object Copy (ms): Min: 8.1, Avg: 8.6, Max: 8.9, Diff: 0.8, Sum: 34.3]
      [Termination (ms): Min: 0.0, Avg: 0.0, Max: 0.0, Diff: 0.0, Sum: 0.0]
         [Termination Attempts: Min: 1, Avg: 1.5, Max: 2, Diff: 1, Sum: 6]
      [GC Worker Other (ms): Min: 0.0, Avg: 0.0, Max: 0.1, Diff: 0.0, Sum: 0.2]
      [GC Worker Total (ms): Min: 16.9, Avg: 17.7, Max: 18.0, Diff: 1.1, Sum: 70.9]
      [GC Worker End (ms): Min: 23681130.2, Avg: 23681130.2, Max: 23681130.3, Diff: 0.0]
   [Code Root Fixup: 0.0 ms]
   [Code Root Purge: 0.0 ms]
   [Clear CT: 0.1 ms]
   [Other: 1.0 ms]
      [Choose CSet: 0.0 ms]
      [Ref Proc: 0.5 ms]
      [Ref Enq: 0.0 ms]
      [Redirty Cards: 0.1 ms]
      [Humongous Register: 0.1 ms]
      [Humongous Reclaim: 0.0 ms]
      [Free CSet: 0.1 ms]
   [Eden: 55.0M(55.0M)->0.0B(73.0M) Survivors: 5120.0K->6144.0K Heap: 242.3M(1024.0M)->188.3M(1024.0M)]
 [Times: user=0.07 sys=0.00, real=0.02 secs] 
2019-11-03T10:51:34.827+0800: 23700.914: [GC pause (G1 Evacuation Pause) (young), 0.0206530 secs]
   [Parallel Time: 20.0 ms, GC Workers: 4]
      [GC Worker Start (ms): Min: 23700914.0, Avg: 23700914.0, Max: 23700914.0, Diff: 0.1]
      [Ext Root Scanning (ms): Min: 0.8, Avg: 0.8, Max: 0.9, Diff: 0.1, Sum: 3.3]
      [Update RS (ms): Min: 2.5, Avg: 2.6, Max: 2.7, Diff: 0.2, Sum: 10.3]
         [Processed Buffers: Min: 5, Avg: 8.2, Max: 14, Diff: 9, Sum: 33]
      [Scan RS (ms): Min: 6.1, Avg: 6.3, Max: 6.4, Diff: 0.2, Sum: 25.1]
      [Code Root Scanning (ms): Min: 0.0, Avg: 0.0, Max: 0.0, Diff: 0.0, Sum: 0.0]
      [Object Copy (ms): Min: 10.0, Avg: 10.2, Max: 10.3, Diff: 0.3, Sum: 40.7]
      [Termination (ms): Min: 0.0, Avg: 0.0, Max: 0.0, Diff: 0.0, Sum: 0.0]
         [Termination Attempts: Min: 1, Avg: 1.0, Max: 1, Diff: 0, Sum: 4]
      [GC Worker Other (ms): Min: 0.0, Avg: 0.1, Max: 0.1, Diff: 0.0, Sum: 0.2]
      [GC Worker Total (ms): Min: 19.9, Avg: 19.9, Max: 19.9, Diff: 0.1, Sum: 79.6]
      [GC Worker End (ms): Min: 23700933.9, Avg: 23700933.9, Max: 23700933.9, Diff: 0.0]
   [Code Root Fixup: 0.0 ms]
   [Code Root Purge: 0.0 ms]
   [Clear CT: 0.1 ms]
   [Other: 0.6 ms]
      [Choose CSet: 0.0 ms]
      [Ref Proc: 0.1 ms]
      [Ref Enq: 0.0 ms]
      [Redirty Cards: 0.1 ms]
      [Humongous Register: 0.0 ms]
      [Humongous Reclaim: 0.0 ms]
      [Free CSet: 0.1 ms]
   [Eden: 73.0M(73.0M)->0.0B(82.0M) Survivors: 6144.0K->7168.0K Heap: 261.3M(1024.0M)->189.3M(1024.0M)]
 [Times: user=0.07 sys=0.00, real=0.02 secs] 
2019-11-03T10:51:50.916+0800: 23717.002: [GC pause (G1 Evacuation Pause) (young), 0.0207027 secs]
   [Parallel Time: 19.9 ms, GC Workers: 4]
      [GC Worker Start (ms): Min: 23717002.3, Avg: 23717002.3, Max: 23717002.4, Diff: 0.1]
      [Ext Root Scanning (ms): Min: 0.7, Avg: 0.8, Max: 0.8, Diff: 0.1, Sum: 3.1]
      [Update RS (ms): Min: 1.6, Avg: 1.6, Max: 1.9, Diff: 0.3, Sum: 6.6]
         [Processed Buffers: Min: 4, Avg: 9.0, Max: 16, Diff: 12, Sum: 36]
      [Scan RS (ms): Min: 6.1, Avg: 6.3, Max: 6.4, Diff: 0.3, Sum: 25.1]
      [Code Root Scanning (ms): Min: 0.0, Avg: 0.0, Max: 0.0, Diff: 0.0, Sum: 0.0]
      [Object Copy (ms): Min: 11.1, Avg: 11.1, Max: 11.2, Diff: 0.1, Sum: 44.4]
      [Termination (ms): Min: 0.0, Avg: 0.0, Max: 0.0, Diff: 0.0, Sum: 0.0]
         [Termination Attempts: Min: 1, Avg: 1.2, Max: 2, Diff: 1, Sum: 5]
      [GC Worker Other (ms): Min: 0.0, Avg: 0.0, Max: 0.0, Diff: 0.0, Sum: 0.1]
      [GC Worker Total (ms): Min: 19.8, Avg: 19.8, Max: 19.9, Diff: 0.1, Sum: 79.3]
      [GC Worker End (ms): Min: 23717022.2, Avg: 23717022.2, Max: 23717022.2, Diff: 0.0]
   [Code Root Fixup: 0.0 ms]
   [Code Root Purge: 0.0 ms]
   [Clear CT: 0.1 ms]
   [Other: 0.7 ms]
      [Choose CSet: 0.0 ms]
      [Ref Proc: 0.3 ms]
      [Ref Enq: 0.0 ms]
      [Redirty Cards: 0.1 ms]
      [Humongous Register: 0.0 ms]
      [Humongous Reclaim: 0.0 ms]
      [Free CSet: 0.1 ms]
   [Eden: 59.0M(44.0M)->0.0B(46.0M) Survivors: 7168.0K->5120.0K Heap: 248.3M(1024.0M)->188.4M(1024.0M)]
 [Times: user=0.08 sys=0.01, real=0.02 secs] 
2019-11-03T10:52:03.388+0800: 23729.474: [GC pause (G1 Evacuation Pause) (young), 0.0228663 secs]
   [Parallel Time: 21.9 ms, GC Workers: 4]
      [GC Worker Start (ms): Min: 23729473.9, Avg: 23729475.2, Max: 23729476.7, Diff: 2.8]
      [Ext Root Scanning (ms): Min: 0.0, Avg: 0.9, Max: 2.1, Diff: 2.0, Sum: 3.6]
      [Update RS (ms): Min: 1.4, Avg: 2.2, Max: 2.8, Diff: 1.4, Sum: 8.8]
         [Processed Buffers: Min: 1, Avg: 8.8, Max: 18, Diff: 17, Sum: 35]
      [Scan RS (ms): Min: 6.2, Avg: 6.6, Max: 6.9, Diff: 0.7, Sum: 26.6]
      [Code Root Scanning (ms): Min: 0.0, Avg: 0.0, Max: 0.0, Diff: 0.0, Sum: 0.0]
      [Object Copy (ms): Min: 10.5, Avg: 10.6, Max: 10.7, Diff: 0.2, Sum: 42.5]
      [Termination (ms): Min: 0.0, Avg: 0.0, Max: 0.0, Diff: 0.0, Sum: 0.0]
         [Termination Attempts: Min: 1, Avg: 2.5, Max: 5, Diff: 4, Sum: 10]
      [GC Worker Other (ms): Min: 0.0, Avg: 0.1, Max: 0.1, Diff: 0.0, Sum: 0.2]
      [GC Worker Total (ms): Min: 19.0, Avg: 20.5, Max: 21.8, Diff: 2.8, Sum: 81.8]
      [GC Worker End (ms): Min: 23729495.6, Avg: 23729495.7, Max: 23729495.7, Diff: 0.0]
   [Code Root Fixup: 0.0 ms]
   [Code Root Purge: 0.0 ms]
   [Clear CT: 0.1 ms]
   [Other: 0.8 ms]
      [Choose CSet: 0.0 ms]
      [Ref Proc: 0.2 ms]
      [Ref Enq: 0.0 ms]
      [Redirty Cards: 0.1 ms]
      [Humongous Register: 0.1 ms]
      [Humongous Reclaim: 0.0 ms]
      [Free CSet: 0.1 ms]
   [Eden: 46.0M(46.0M)->0.0B(44.0M) Survivors: 5120.0K->7168.0K Heap: 234.4M(1024.0M)->191.3M(1024.0M)]
 [Times: user=0.08 sys=0.00, real=0.03 secs] 
2019-11-03T10:52:15.301+0800: 23741.387: [GC pause (G1 Evacuation Pause) (young), 0.0200500 secs]
   [Parallel Time: 19.1 ms, GC Workers: 4]
      [GC Worker Start (ms): Min: 23741387.1, Avg: 23741387.3, Max: 23741387.8, Diff: 0.7]
      [Ext Root Scanning (ms): Min: 0.3, Avg: 0.8, Max: 1.0, Diff: 0.7, Sum: 3.2]
      [Update RS (ms): Min: 2.0, Avg: 2.2, Max: 2.4, Diff: 0.3, Sum: 8.7]
         [Processed Buffers: Min: 7, Avg: 8.8, Max: 10, Diff: 3, Sum: 35]
      [Scan RS (ms): Min: 5.7, Avg: 5.9, Max: 6.0, Diff: 0.4, Sum: 23.5]
      [Code Root Scanning (ms): Min: 0.0, Avg: 0.0, Max: 0.0, Diff: 0.0, Sum: 0.0]
      [Object Copy (ms): Min: 9.9, Avg: 10.0, Max: 10.0, Diff: 0.1, Sum: 39.9]
      [Termination (ms): Min: 0.0, Avg: 0.0, Max: 0.0, Diff: 0.0, Sum: 0.0]
         [Termination Attempts: Min: 1, Avg: 2.0, Max: 5, Diff: 4, Sum: 8]
      [GC Worker Other (ms): Min: 0.0, Avg: 0.0, Max: 0.0, Diff: 0.0, Sum: 0.1]
      [GC Worker Total (ms): Min: 18.4, Avg: 18.8, Max: 19.0, Diff: 0.7, Sum: 75.4]
      [GC Worker End (ms): Min: 23741406.1, Avg: 23741406.2, Max: 23741406.2, Diff: 0.0]
   [Code Root Fixup: 0.0 ms]
   [Code Root Purge: 0.0 ms]
   [Clear CT: 0.1 ms]
   [Other: 0.8 ms]
      [Choose CSet: 0.0 ms]
      [Ref Proc: 0.3 ms]
      [Ref Enq: 0.0 ms]
      [Redirty Cards: 0.1 ms]
      [Humongous Register: 0.0 ms]
      [Humongous Reclaim: 0.0 ms]
      [Free CSet: 0.1 ms]
   [Eden: 44.0M(44.0M)->0.0B(46.0M) Survivors: 7168.0K->5120.0K Heap: 235.3M(1024.0M)->190.7M(1024.0M)]
 [Times: user=0.07 sys=0.00, real=0.02 secs] 
2019-11-03T10:52:27.857+0800: 23753.942: [GC pause (G1 Evacuation Pause) (young), 0.0173770 secs]
   [Parallel Time: 16.7 ms, GC Workers: 4]
      [GC Worker Start (ms): Min: 23753942.3, Avg: 23753942.4, Max: 23753942.4, Diff: 0.1]
      [Ext Root Scanning (ms): Min: 0.7, Avg: 0.7, Max: 0.8, Diff: 0.1, Sum: 2.9]
      [Update RS (ms): Min: 2.0, Avg: 2.0, Max: 2.0, Diff: 0.0, Sum: 8.0]
         [Processed Buffers: Min: 4, Avg: 8.5, Max: 18, Diff: 14, Sum: 34]
      [Scan RS (ms): Min: 6.6, Avg: 6.7, Max: 6.7, Diff: 0.1, Sum: 26.7]
      [Code Root Scanning (ms): Min: 0.0, Avg: 0.0, Max: 0.0, Diff: 0.0, Sum: 0.0]
      [Object Copy (ms): Min: 7.1, Avg: 7.1, Max: 7.2, Diff: 0.1, Sum: 28.6]
      [Termination (ms): Min: 0.0, Avg: 0.0, Max: 0.0, Diff: 0.0, Sum: 0.0]
         [Termination Attempts: Min: 1, Avg: 1.2, Max: 2, Diff: 1, Sum: 5]
      [GC Worker Other (ms): Min: 0.0, Avg: 0.1, Max: 0.1, Diff: 0.0, Sum: 0.2]
      [GC Worker Total (ms): Min: 16.6, Avg: 16.6, Max: 16.7, Diff: 0.1, Sum: 66.4]
      [GC Worker End (ms): Min: 23753959.0, Avg: 23753959.0, Max: 23753959.0, Diff: 0.0]
   [Code Root Fixup: 0.0 ms]
   [Code Root Purge: 0.0 ms]
   [Clear CT: 0.1 ms]
   [Other: 0.6 ms]
      [Choose CSet: 0.0 ms]
      [Ref Proc: 0.1 ms]
      [Ref Enq: 0.0 ms]
      [Redirty Cards: 0.1 ms]
      [Humongous Register: 0.0 ms]
      [Humongous Reclaim: 0.0 ms]
      [Free CSet: 0.1 ms]
   [Eden: 46.0M(46.0M)->0.0B(84.0M) Survivors: 5120.0K->5120.0K Heap: 236.7M(1024.0M)->190.7M(1024.0M)]
 [Times: user=0.07 sys=0.00, real=0.02 secs] 
2019-11-03T10:52:42.385+0800: 23768.469: [GC pause (G1 Evacuation Pause) (young), 0.0193576 secs]
   [Parallel Time: 18.6 ms, GC Workers: 4]
      [GC Worker Start (ms): Min: 23768469.3, Avg: 23768469.4, Max: 23768469.4, Diff: 0.1]
      [Ext Root Scanning (ms): Min: 0.7, Avg: 0.8, Max: 0.8, Diff: 0.1, Sum: 3.0]
      [Update RS (ms): Min: 1.6, Avg: 2.2, Max: 2.5, Diff: 0.9, Sum: 8.7]
         [Processed Buffers: Min: 6, Avg: 8.2, Max: 9, Diff: 3, Sum: 33]
      [Scan RS (ms): Min: 6.5, Avg: 6.8, Max: 7.2, Diff: 0.7, Sum: 27.1]
      [Code Root Scanning (ms): Min: 0.0, Avg: 0.0, Max: 0.0, Diff: 0.0, Sum: 0.0]
      [Object Copy (ms): Min: 8.6, Avg: 8.7, Max: 8.9, Diff: 0.2, Sum: 35.0]
      [Termination (ms): Min: 0.0, Avg: 0.0, Max: 0.0, Diff: 0.0, Sum: 0.0]
         [Termination Attempts: Min: 1, Avg: 1.0, Max: 1, Diff: 0, Sum: 4]
      [GC Worker Other (ms): Min: 0.0, Avg: 0.1, Max: 0.1, Diff: 0.0, Sum: 0.2]
      [GC Worker Total (ms): Min: 18.5, Avg: 18.5, Max: 18.5, Diff: 0.1, Sum: 74.0]
      [GC Worker End (ms): Min: 23768487.9, Avg: 23768487.9, Max: 23768487.9, Diff: 0.0]
   [Code Root Fixup: 0.0 ms]
   [Code Root Purge: 0.0 ms]
   [Clear CT: 0.1 ms]
   [Other: 0.6 ms]
      [Choose CSet: 0.0 ms]
      [Ref Proc: 0.1 ms]
      [Ref Enq: 0.0 ms]
      [Redirty Cards: 0.2 ms]
      [Humongous Register: 0.0 ms]
      [Humongous Reclaim: 0.0 ms]
      [Free CSet: 0.1 ms]
   [Eden: 54.0M(46.0M)->0.0B(93.0M) Survivors: 5120.0K->5120.0K Heap: 244.7M(1024.0M)->191.2M(1024.0M)]
 [Times: user=0.08 sys=0.00, real=0.02 secs] 
2019-11-03T10:53:02.270+0800: 23788.354: [GC pause (G1 Evacuation Pause) (young), 0.0226130 secs]
   [Parallel Time: 21.9 ms, GC Workers: 4]
      [GC Worker Start (ms): Min: 23788353.9, Avg: 23788354.0, Max: 23788354.1, Diff: 0.3]
      [Ext Root Scanning (ms): Min: 0.7, Avg: 0.9, Max: 0.9, Diff: 0.3, Sum: 3.4]
      [Update RS (ms): Min: 1.6, Avg: 2.2, Max: 2.8, Diff: 1.2, Sum: 8.8]
         [Processed Buffers: Min: 6, Avg: 9.2, Max: 14, Diff: 8, Sum: 37]
      [Scan RS (ms): Min: 6.5, Avg: 7.5, Max: 8.5, Diff: 1.9, Sum: 30.1]
      [Code Root Scanning (ms): Min: 0.0, Avg: 0.0, Max: 0.0, Diff: 0.0, Sum: 0.0]
      [Object Copy (ms): Min: 9.9, Avg: 11.1, Max: 11.6, Diff: 1.6, Sum: 44.5]
      [Termination (ms): Min: 0.0, Avg: 0.0, Max: 0.0, Diff: 0.0, Sum: 0.0]
         [Termination Attempts: Min: 1, Avg: 1.0, Max: 1, Diff: 0, Sum: 4]
      [GC Worker Other (ms): Min: 0.0, Avg: 0.0, Max: 0.0, Diff: 0.0, Sum: 0.1]
      [GC Worker Total (ms): Min: 21.6, Avg: 21.8, Max: 21.8, Diff: 0.2, Sum: 87.0]
      [GC Worker End (ms): Min: 23788375.7, Avg: 23788375.7, Max: 23788375.7, Diff: 0.0]
   [Code Root Fixup: 0.0 ms]
   [Code Root Purge: 0.0 ms]
   [Clear CT: 0.1 ms]
   [Other: 0.6 ms]
      [Choose CSet: 0.0 ms]
      [Ref Proc: 0.1 ms]
      [Ref Enq: 0.0 ms]
      [Redirty Cards: 0.1 ms]
      [Humongous Register: 0.0 ms]
      [Humongous Reclaim: 0.0 ms]
      [Free CSet: 0.1 ms]
   [Eden: 73.0M(46.0M)->0.0B(46.0M) Survivors: 5120.0K->5120.0K Heap: 264.2M(1024.0M)->191.5M(1024.0M)]
 [Times: user=0.08 sys=0.00, real=0.02 secs] 
2019-11-03T10:53:14.802+0800: 23800.886: [GC pause (G1 Evacuation Pause) (young), 0.0186386 secs]
   [Parallel Time: 17.9 ms, GC Workers: 4]
      [GC Worker Start (ms): Min: 23800885.7, Avg: 23800885.9, Max: 23800886.1, Diff: 0.4]
      [Ext Root Scanning (ms): Min: 0.6, Avg: 0.9, Max: 1.0, Diff: 0.4, Sum: 3.4]
      [Update RS (ms): Min: 2.1, Avg: 2.4, Max: 2.9, Diff: 0.8, Sum: 9.5]
         [Processed Buffers: Min: 5, Avg: 9.0, Max: 18, Diff: 13, Sum: 36]
      [Scan RS (ms): Min: 5.4, Avg: 5.9, Max: 6.3, Diff: 0.9, Sum: 23.6]
      [Code Root Scanning (ms): Min: 0.0, Avg: 0.0, Max: 0.0, Diff: 0.0, Sum: 0.0]
      [Object Copy (ms): Min: 8.4, Avg: 8.5, Max: 8.5, Diff: 0.1, Sum: 34.0]
      [Termination (ms): Min: 0.0, Avg: 0.0, Max: 0.0, Diff: 0.0, Sum: 0.0]
         [Termination Attempts: Min: 1, Avg: 1.0, Max: 1, Diff: 0, Sum: 4]
      [GC Worker Other (ms): Min: 0.0, Avg: 0.0, Max: 0.0, Diff: 0.0, Sum: 0.1]
      [GC Worker Total (ms): Min: 17.5, Avg: 17.7, Max: 17.8, Diff: 0.3, Sum: 70.7]
      [GC Worker End (ms): Min: 23800903.5, Avg: 23800903.5, Max: 23800903.5, Diff: 0.0]
   [Code Root Fixup: 0.0 ms]
   [Code Root Purge: 0.0 ms]
   [Clear CT: 0.1 ms]
   [Other: 0.6 ms]
      [Choose CSet: 0.0 ms]
      [Ref Proc: 0.2 ms]
      [Ref Enq: 0.0 ms]
      [Redirty Cards: 0.0 ms]
      [Humongous Register: 0.0 ms]
      [Humongous Reclaim: 0.0 ms]
      [Free CSet: 0.1 ms]
   [Eden: 46.0M(46.0M)->0.0B(80.0M) Survivors: 5120.0K->5120.0K Heap: 237.5M(1024.0M)->192.2M(1024.0M)]
 [Times: user=0.07 sys=0.01, real=0.02 secs] 
2019-11-03T10:53:27.411+0800: 23813.494: [GC pause (G1 Evacuation Pause) (young), 0.0209578 secs]
   [Parallel Time: 20.1 ms, GC Workers: 4]
      [GC Worker Start (ms): Min: 23813494.2, Avg: 23813495.8, Max: 23813498.9, Diff: 4.7]
      [Ext Root Scanning (ms): Min: 0.0, Avg: 0.7, Max: 1.5, Diff: 1.5, Sum: 2.9]
      [Update RS (ms): Min: 0.7, Avg: 2.5, Max: 4.2, Diff: 3.5, Sum: 9.9]
         [Processed Buffers: Min: 7, Avg: 8.2, Max: 10, Diff: 3, Sum: 33]
      [Scan RS (ms): Min: 6.4, Avg: 6.8, Max: 7.8, Diff: 1.5, Sum: 27.4]
      [Code Root Scanning (ms): Min: 0.0, Avg: 0.0, Max: 0.0, Diff: 0.0, Sum: 0.0]
      [Object Copy (ms): Min: 6.3, Avg: 8.4, Max: 10.5, Diff: 4.2, Sum: 33.5]
      [Termination (ms): Min: 0.0, Avg: 0.0, Max: 0.0, Diff: 0.0, Sum: 0.0]
         [Termination Attempts: Min: 1, Avg: 1.0, Max: 1, Diff: 0, Sum: 4]
      [GC Worker Other (ms): Min: 0.0, Avg: 0.0, Max: 0.0, Diff: 0.0, Sum: 0.1]
      [GC Worker Total (ms): Min: 15.3, Avg: 18.5, Max: 20.1, Diff: 4.7, Sum: 74.0]
      [GC Worker End (ms): Min: 23813514.2, Avg: 23813514.3, Max: 23813514.3, Diff: 0.0]
   [Code Root Fixup: 0.0 ms]
   [Code Root Purge: 0.0 ms]
   [Clear CT: 0.1 ms]
   [Other: 0.7 ms]
      [Choose CSet: 0.0 ms]
      [Ref Proc: 0.2 ms]
      [Ref Enq: 0.0 ms]
      [Redirty Cards: 0.1 ms]
      [Humongous Register: 0.0 ms]
      [Humongous Reclaim: 0.0 ms]
      [Free CSet: 0.1 ms]
   [Eden: 46.0M(46.0M)->0.0B(61.0M) Survivors: 5120.0K->5120.0K Heap: 238.2M(1024.0M)->192.2M(1024.0M)]
 [Times: user=0.07 sys=0.00, real=0.02 secs] 
2019-11-03T10:53:43.810+0800: 23829.892: [GC pause (G1 Evacuation Pause) (young), 0.0189051 secs]
   [Parallel Time: 18.2 ms, GC Workers: 4]
      [GC Worker Start (ms): Min: 23829892.3, Avg: 23829892.6, Max: 23829893.5, Diff: 1.2]
      [Ext Root Scanning (ms): Min: 0.0, Avg: 0.7, Max: 1.0, Diff: 1.0, Sum: 3.0]
      [Update RS (ms): Min: 2.1, Avg: 2.6, Max: 2.9, Diff: 0.8, Sum: 10.4]
         [Processed Buffers: Min: 6, Avg: 9.8, Max: 18, Diff: 12, Sum: 39]
      [Scan RS (ms): Min: 5.8, Avg: 6.1, Max: 6.7, Diff: 0.9, Sum: 24.5]
      [Code Root Scanning (ms): Min: 0.0, Avg: 0.0, Max: 0.0, Diff: 0.0, Sum: 0.0]
      [Object Copy (ms): Min: 8.1, Avg: 8.2, Max: 8.3, Diff: 0.2, Sum: 32.7]
      [Termination (ms): Min: 0.0, Avg: 0.0, Max: 0.0, Diff: 0.0, Sum: 0.1]
         [Termination Attempts: Min: 1, Avg: 1.0, Max: 1, Diff: 0, Sum: 4]
      [GC Worker Other (ms): Min: 0.0, Avg: 0.0, Max: 0.0, Diff: 0.0, Sum: 0.1]
      [GC Worker Total (ms): Min: 16.8, Avg: 17.7, Max: 18.0, Diff: 1.2, Sum: 70.8]
      [GC Worker End (ms): Min: 23829910.3, Avg: 23829910.3, Max: 23829910.3, Diff: 0.0]
   [Code Root Fixup: 0.0 ms]
   [Code Root Purge: 0.0 ms]
   [Clear CT: 0.1 ms]
   [Other: 0.6 ms]
      [Choose CSet: 0.0 ms]
      [Ref Proc: 0.2 ms]
      [Ref Enq: 0.0 ms]
      [Redirty Cards: 0.1 ms]
      [Humongous Register: 0.0 ms]
      [Humongous Reclaim: 0.0 ms]
      [Free CSet: 0.1 ms]
   [Eden: 61.0M(61.0M)->0.0B(78.0M) Survivors: 5120.0K->5120.0K Heap: 253.2M(1024.0M)->192.2M(1024.0M)]
 [Times: user=0.07 sys=0.00, real=0.01 secs] 
2019-11-03T10:54:05.095+0800: 23851.176: [GC pause (G1 Evacuation Pause) (young), 0.0186927 secs]
   [Parallel Time: 17.8 ms, GC Workers: 4]
      [GC Worker Start (ms): Min: 23851176.3, Avg: 23851176.3, Max: 23851176.4, Diff: 0.1]
      [Ext Root Scanning (ms): Min: 0.7, Avg: 0.8, Max: 0.8, Diff: 0.1, Sum: 3.1]
      [Update RS (ms): Min: 2.0, Avg: 2.1, Max: 2.4, Diff: 0.4, Sum: 8.4]
         [Processed Buffers: Min: 4, Avg: 8.8, Max: 18, Diff: 14, Sum: 35]
      [Scan RS (ms): Min: 4.8, Avg: 5.1, Max: 5.3, Diff: 0.5, Sum: 20.2]
      [Code Root Scanning (ms): Min: 0.0, Avg: 0.0, Max: 0.0, Diff: 0.0, Sum: 0.0]
      [Object Copy (ms): Min: 9.6, Avg: 9.7, Max: 9.7, Diff: 0.1, Sum: 38.7]
      [Termination (ms): Min: 0.0, Avg: 0.0, Max: 0.0, Diff: 0.0, Sum: 0.0]
         [Termination Attempts: Min: 1, Avg: 1.0, Max: 1, Diff: 0, Sum: 4]
      [GC Worker Other (ms): Min: 0.0, Avg: 0.0, Max: 0.1, Diff: 0.0, Sum: 0.1]
      [GC Worker Total (ms): Min: 17.6, Avg: 17.6, Max: 17.7, Diff: 0.1, Sum: 70.6]
      [GC Worker End (ms): Min: 23851194.0, Avg: 23851194.0, Max: 23851194.0, Diff: 0.0]
   [Code Root Fixup: 0.0 ms]
   [Code Root Purge: 0.0 ms]
   [Clear CT: 0.1 ms]
   [Other: 0.8 ms]
      [Choose CSet: 0.0 ms]
      [Ref Proc: 0.3 ms]
      [Ref Enq: 0.0 ms]
      [Redirty Cards: 0.1 ms]
      [Humongous Register: 0.0 ms]
      [Humongous Reclaim: 0.0 ms]
      [Free CSet: 0.1 ms]
   [Eden: 78.0M(78.0M)->0.0B(100.0M) Survivors: 5120.0K->7168.0K Heap: 270.2M(1024.0M)->194.2M(1024.0M)]
 [Times: user=0.08 sys=0.00, real=0.02 secs] 
2019-11-03T10:54:22.653+0800: 23868.733: [GC pause (G1 Evacuation Pause) (young), 0.0216124 secs]
   [Parallel Time: 21.0 ms, GC Workers: 4]
      [GC Worker Start (ms): Min: 23868733.5, Avg: 23868733.5, Max: 23868733.5, Diff: 0.0]
      [Ext Root Scanning (ms): Min: 0.8, Avg: 0.8, Max: 0.8, Diff: 0.0, Sum: 3.2]
      [Update RS (ms): Min: 1.5, Avg: 1.7, Max: 2.0, Diff: 0.4, Sum: 6.9]
         [Processed Buffers: Min: 3, Avg: 9.5, Max: 13, Diff: 10, Sum: 38]
      [Scan RS (ms): Min: 6.0, Avg: 6.3, Max: 6.5, Diff: 0.4, Sum: 25.1]
      [Code Root Scanning (ms): Min: 0.0, Avg: 0.0, Max: 0.0, Diff: 0.0, Sum: 0.0]
      [Object Copy (ms): Min: 12.0, Avg: 12.0, Max: 12.0, Diff: 0.0, Sum: 48.0]
      [Termination (ms): Min: 0.0, Avg: 0.0, Max: 0.0, Diff: 0.0, Sum: 0.0]
         [Termination Attempts: Min: 1, Avg: 1.0, Max: 1, Diff: 0, Sum: 4]
      [GC Worker Other (ms): Min: 0.0, Avg: 0.0, Max: 0.1, Diff: 0.0, Sum: 0.2]
      [GC Worker Total (ms): Min: 20.8, Avg: 20.8, Max: 20.9, Diff: 0.1, Sum: 83.4]
      [GC Worker End (ms): Min: 23868754.3, Avg: 23868754.4, Max: 23868754.4, Diff: 0.0]
   [Code Root Fixup: 0.0 ms]
   [Code Root Purge: 0.0 ms]
   [Clear CT: 0.1 ms]
   [Other: 0.6 ms]
      [Choose CSet: 0.0 ms]
      [Ref Proc: 0.1 ms]
      [Ref Enq: 0.0 ms]
      [Redirty Cards: 0.1 ms]
      [Humongous Register: 0.0 ms]
      [Humongous Reclaim: 0.0 ms]
      [Free CSet: 0.1 ms]
   [Eden: 65.0M(44.0M)->0.0B(54.0M) Survivors: 7168.0K->6144.0K Heap: 259.2M(1024.0M)->194.8M(1024.0M)]
 [Times: user=0.08 sys=0.00, real=0.02 secs] 
2019-11-03T10:54:37.149+0800: 23883.229: [GC pause (G1 Evacuation Pause) (young), 0.0212889 secs]
   [Parallel Time: 20.6 ms, GC Workers: 4]
      [GC Worker Start (ms): Min: 23883229.6, Avg: 23883229.7, Max: 23883229.7, Diff: 0.1]
      [Ext Root Scanning (ms): Min: 0.7, Avg: 0.8, Max: 0.8, Diff: 0.1, Sum: 3.1]
      [Update RS (ms): Min: 2.2, Avg: 2.5, Max: 2.7, Diff: 0.5, Sum: 10.1]
         [Processed Buffers: Min: 1, Avg: 8.0, Max: 12, Diff: 11, Sum: 32]
      [Scan RS (ms): Min: 5.9, Avg: 6.1, Max: 6.4, Diff: 0.6, Sum: 24.6]
      [Code Root Scanning (ms): Min: 0.0, Avg: 0.0, Max: 0.0, Diff: 0.0, Sum: 0.0]
      [Object Copy (ms): Min: 10.9, Avg: 11.0, Max: 11.0, Diff: 0.1, Sum: 43.9]
      [Termination (ms): Min: 0.0, Avg: 0.0, Max: 0.0, Diff: 0.0, Sum: 0.0]
         [Termination Attempts: Min: 1, Avg: 1.0, Max: 1, Diff: 0, Sum: 4]
      [GC Worker Other (ms): Min: 0.0, Avg: 0.0, Max: 0.1, Diff: 0.0, Sum: 0.2]
      [GC Worker Total (ms): Min: 20.4, Avg: 20.5, Max: 20.5, Diff: 0.1, Sum: 81.9]
      [GC Worker End (ms): Min: 23883250.1, Avg: 23883250.1, Max: 23883250.1, Diff: 0.0]
   [Code Root Fixup: 0.0 ms]
   [Code Root Purge: 0.0 ms]
   [Clear CT: 0.1 ms]
   [Other: 0.6 ms]
      [Choose CSet: 0.0 ms]
      [Ref Proc: 0.1 ms]
      [Ref Enq: 0.0 ms]
      [Redirty Cards: 0.1 ms]
      [Humongous Register: 0.0 ms]
      [Humongous Reclaim: 0.0 ms]
      [Free CSet: 0.1 ms]
   [Eden: 54.0M(54.0M)->0.0B(53.0M) Survivors: 6144.0K->7168.0K Heap: 248.8M(1024.0M)->196.1M(1024.0M)]
 [Times: user=0.08 sys=0.00, real=0.03 secs] 
2019-11-03T10:54:51.516+0800: 23897.596: [GC pause (G1 Evacuation Pause) (young), 0.0204496 secs]
   [Parallel Time: 19.8 ms, GC Workers: 4]
      [GC Worker Start (ms): Min: 23897596.0, Avg: 23897596.1, Max: 23897596.1, Diff: 0.1]
      [Ext Root Scanning (ms): Min: 0.7, Avg: 0.8, Max: 0.8, Diff: 0.1, Sum: 3.2]
      [Update RS (ms): Min: 2.2, Avg: 2.4, Max: 2.7, Diff: 0.5, Sum: 9.8]
         [Processed Buffers: Min: 4, Avg: 8.0, Max: 15, Diff: 11, Sum: 32]
      [Scan RS (ms): Min: 6.3, Avg: 6.5, Max: 6.8, Diff: 0.5, Sum: 26.0]
      [Code Root Scanning (ms): Min: 0.0, Avg: 0.0, Max: 0.0, Diff: 0.0, Sum: 0.0]
      [Object Copy (ms): Min: 9.7, Avg: 9.8, Max: 9.9, Diff: 0.2, Sum: 39.3]
      [Termination (ms): Min: 0.0, Avg: 0.0, Max: 0.0, Diff: 0.0, Sum: 0.0]
         [Termination Attempts: Min: 1, Avg: 1.0, Max: 1, Diff: 0, Sum: 4]
      [GC Worker Other (ms): Min: 0.0, Avg: 0.0, Max: 0.0, Diff: 0.0, Sum: 0.1]
      [GC Worker Total (ms): Min: 19.6, Avg: 19.6, Max: 19.6, Diff: 0.0, Sum: 78.4]
      [GC Worker End (ms): Min: 23897615.7, Avg: 23897615.7, Max: 23897615.7, Diff: 0.0]
   [Code Root Fixup: 0.0 ms]
   [Code Root Purge: 0.0 ms]
   [Clear CT: 0.1 ms]
   [Other: 0.5 ms]
      [Choose CSet: 0.0 ms]
      [Ref Proc: 0.1 ms]
      [Ref Enq: 0.0 ms]
      [Redirty Cards: 0.1 ms]
      [Humongous Register: 0.0 ms]
      [Humongous Reclaim: 0.0 ms]
      [Free CSet: 0.1 ms]
   [Eden: 53.0M(53.0M)->0.0B(69.0M) Survivors: 7168.0K->5120.0K Heap: 249.1M(1024.0M)->195.3M(1024.0M)]
 [Times: user=0.08 sys=0.00, real=0.02 secs] 
2019-11-03T10:55:04.406+0800: 23910.485: [GC pause (G1 Evacuation Pause) (young), 0.0190084 secs]
   [Parallel Time: 18.3 ms, GC Workers: 4]
      [GC Worker Start (ms): Min: 23910485.1, Avg: 23910485.4, Max: 23910486.2, Diff: 1.1]
      [Ext Root Scanning (ms): Min: 0.1, Avg: 0.9, Max: 1.2, Diff: 1.1, Sum: 3.4]
      [Update RS (ms): Min: 2.2, Avg: 2.4, Max: 2.7, Diff: 0.6, Sum: 9.7]
         [Processed Buffers: Min: 4, Avg: 8.5, Max: 15, Diff: 11, Sum: 34]
      [Scan RS (ms): Min: 6.3, Avg: 6.7, Max: 7.2, Diff: 0.9, Sum: 27.0]
      [Code Root Scanning (ms): Min: 0.0, Avg: 0.0, Max: 0.0, Diff: 0.0, Sum: 0.0]
      [Object Copy (ms): Min: 7.7, Avg: 7.8, Max: 8.0, Diff: 0.3, Sum: 31.3]
      [Termination (ms): Min: 0.0, Avg: 0.0, Max: 0.0, Diff: 0.0, Sum: 0.0]
         [Termination Attempts: Min: 1, Avg: 1.0, Max: 1, Diff: 0, Sum: 4]
      [GC Worker Other (ms): Min: 0.0, Avg: 0.0, Max: 0.1, Diff: 0.0, Sum: 0.2]
      [GC Worker Total (ms): Min: 17.1, Avg: 17.9, Max: 18.2, Diff: 1.2, Sum: 71.6]
      [GC Worker End (ms): Min: 23910503.3, Avg: 23910503.3, Max: 23910503.3, Diff: 0.0]
   [Code Root Fixup: 0.0 ms]
   [Code Root Purge: 0.0 ms]
   [Clear CT: 0.1 ms]
   [Other: 0.6 ms]
      [Choose CSet: 0.0 ms]
      [Ref Proc: 0.2 ms]
      [Ref Enq: 0.0 ms]
      [Redirty Cards: 0.1 ms]
      [Humongous Register: 0.0 ms]
      [Humongous Reclaim: 0.0 ms]
      [Free CSet: 0.1 ms]
   [Eden: 48.0M(46.0M)->0.0B(89.0M) Survivors: 5120.0K->5120.0K Heap: 243.3M(1024.0M)->195.3M(1024.0M)]
 [Times: user=0.06 sys=0.00, real=0.02 secs] 
2019-11-03T10:55:25.151+0800: 23931.230: [GC pause (G1 Evacuation Pause) (young), 0.0195207 secs]
   [Parallel Time: 18.5 ms, GC Workers: 4]
      [GC Worker Start (ms): Min: 23931229.9, Avg: 23931230.2, Max: 23931231.1, Diff: 1.2]
      [Ext Root Scanning (ms): Min: 0.0, Avg: 0.8, Max: 1.2, Diff: 1.2, Sum: 3.3]
      [Update RS (ms): Min: 1.7, Avg: 2.1, Max: 2.5, Diff: 0.8, Sum: 8.6]
         [Processed Buffers: Min: 7, Avg: 8.8, Max: 11, Diff: 4, Sum: 35]
      [Scan RS (ms): Min: 5.6, Avg: 5.9, Max: 6.2, Diff: 0.7, Sum: 23.5]
      [Code Root Scanning (ms): Min: 0.0, Avg: 0.0, Max: 0.0, Diff: 0.0, Sum: 0.0]
      [Object Copy (ms): Min: 9.1, Avg: 9.2, Max: 9.3, Diff: 0.2, Sum: 36.9]
      [Termination (ms): Min: 0.0, Avg: 0.0, Max: 0.0, Diff: 0.0, Sum: 0.0]
         [Termination Attempts: Min: 1, Avg: 1.0, Max: 1, Diff: 0, Sum: 4]
      [GC Worker Other (ms): Min: 0.0, Avg: 0.0, Max: 0.1, Diff: 0.0, Sum: 0.2]
      [GC Worker Total (ms): Min: 17.2, Avg: 18.1, Max: 18.4, Diff: 1.3, Sum: 72.4]
      [GC Worker End (ms): Min: 23931248.3, Avg: 23931248.3, Max: 23931248.3, Diff: 0.1]
   [Code Root Fixup: 0.0 ms]
   [Code Root Purge: 0.0 ms]
   [Clear CT: 0.2 ms]
   [Other: 0.9 ms]
      [Choose CSet: 0.0 ms]
      [Ref Proc: 0.3 ms]
      [Ref Enq: 0.0 ms]
      [Redirty Cards: 0.1 ms]
      [Humongous Register: 0.0 ms]
      [Humongous Reclaim: 0.0 ms]
      [Free CSet: 0.1 ms]
   [Eden: 75.0M(46.0M)->0.0B(103.0M) Survivors: 5120.0K->6144.0K Heap: 270.3M(1024.0M)->196.3M(1024.0M)]
 [Times: user=0.07 sys=0.00, real=0.02 secs] 
2019-11-03T11:20:41.751+0800: 23980.203: [GC pause (G1 Evacuation Pause) (young), 0.0296580 secs]
   [Parallel Time: 28.8 ms, GC Workers: 4]
      [GC Worker Start (ms): Min: 23980202.7, Avg: 23980205.4, Max: 23980213.1, Diff: 10.4]
      [Ext Root Scanning (ms): Min: 0.0, Avg: 0.5, Max: 0.7, Diff: 0.7, Sum: 2.0]
      [Update RS (ms): Min: 0.0, Avg: 1.5, Max: 2.2, Diff: 2.2, Sum: 5.9]
         [Processed Buffers: Min: 0, Avg: 10.8, Max: 23, Diff: 23, Sum: 43]
      [Scan RS (ms): Min: 0.0, Avg: 4.2, Max: 5.8, Diff: 5.8, Sum: 16.9]
      [Code Root Scanning (ms): Min: 0.0, Avg: 0.0, Max: 0.0, Diff: 0.0, Sum: 0.0]
      [Object Copy (ms): Min: 18.2, Avg: 19.8, Max: 20.4, Diff: 2.2, Sum: 79.1]
      [Termination (ms): Min: 0.0, Avg: 0.1, Max: 0.1, Diff: 0.1, Sum: 0.4]
         [Termination Attempts: Min: 1, Avg: 1.2, Max: 2, Diff: 1, Sum: 5]
      [GC Worker Other (ms): Min: 0.0, Avg: 0.0, Max: 0.0, Diff: 0.0, Sum: 0.1]
      [GC Worker Total (ms): Min: 18.4, Avg: 26.1, Max: 28.8, Diff: 10.4, Sum: 104.4]
      [GC Worker End (ms): Min: 23980231.5, Avg: 23980231.5, Max: 23980231.5, Diff: 0.0]
   [Code Root Fixup: 0.0 ms]
   [Code Root Purge: 0.0 ms]
   [Clear CT: 0.1 ms]
   [Other: 0.7 ms]
      [Choose CSet: 0.0 ms]
      [Ref Proc: 0.2 ms]
      [Ref Enq: 0.0 ms]
      [Redirty Cards: 0.1 ms]
      [Humongous Register: 0.1 ms]
      [Humongous Reclaim: 0.0 ms]
      [Free CSet: 0.1 ms]
   [Eden: 81.0M(45.0M)->0.0B(44.0M) Survivors: 6144.0K->7168.0K Heap: 277.3M(1024.0M)->198.5M(1024.0M)]
 [Times: user=0.08 sys=0.00, real=0.03 secs] 
2019-11-03T11:20:53.290+0800: 23991.741: [GC pause (G1 Evacuation Pause) (young), 0.0297692 secs]
   [Parallel Time: 29.1 ms, GC Workers: 4]
      [GC Worker Start (ms): Min: 23991741.1, Avg: 23991741.1, Max: 23991741.2, Diff: 0.1]
      [Ext Root Scanning (ms): Min: 0.7, Avg: 0.7, Max: 0.8, Diff: 0.1, Sum: 3.0]
      [Update RS (ms): Min: 2.2, Avg: 2.3, Max: 2.4, Diff: 0.2, Sum: 9.2]
         [Processed Buffers: Min: 4, Avg: 7.5, Max: 10, Diff: 6, Sum: 30]
      [Scan RS (ms): Min: 6.8, Avg: 7.7, Max: 9.9, Diff: 3.1, Sum: 30.7]
      [Code Root Scanning (ms): Min: 0.0, Avg: 0.0, Max: 0.1, Diff: 0.1, Sum: 0.1]
      [Object Copy (ms): Min: 16.1, Avg: 18.2, Max: 19.1, Diff: 3.0, Sum: 72.8]
      [Termination (ms): Min: 0.0, Avg: 0.0, Max: 0.0, Diff: 0.0, Sum: 0.0]
         [Termination Attempts: Min: 1, Avg: 1.2, Max: 2, Diff: 1, Sum: 5]
      [GC Worker Other (ms): Min: 0.0, Avg: 0.0, Max: 0.1, Diff: 0.0, Sum: 0.1]
      [GC Worker Total (ms): Min: 28.9, Avg: 29.0, Max: 29.0, Diff: 0.1, Sum: 115.9]
      [GC Worker End (ms): Min: 23991770.1, Avg: 23991770.1, Max: 23991770.1, Diff: 0.0]
   [Code Root Fixup: 0.0 ms]
   [Code Root Purge: 0.0 ms]
   [Clear CT: 0.1 ms]
   [Other: 0.5 ms]
      [Choose CSet: 0.0 ms]
      [Ref Proc: 0.1 ms]
      [Ref Enq: 0.0 ms]
      [Redirty Cards: 0.1 ms]
      [Humongous Register: 0.0 ms]
      [Humongous Reclaim: 0.0 ms]
      [Free CSet: 0.1 ms]
   [Eden: 44.0M(44.0M)->0.0B(44.0M) Survivors: 7168.0K->7168.0K Heap: 242.5M(1024.0M)->201.2M(1024.0M)]
 [Times: user=0.11 sys=0.00, real=0.02 secs] 
2019-11-03T11:21:05.015+0800: 24003.466: [GC pause (G1 Evacuation Pause) (young), 0.0261636 secs]
   [Parallel Time: 25.6 ms, GC Workers: 4]
      [GC Worker Start (ms): Min: 24003465.9, Avg: 24003466.0, Max: 24003466.0, Diff: 0.1]
      [Ext Root Scanning (ms): Min: 0.7, Avg: 0.8, Max: 0.9, Diff: 0.1, Sum: 3.2]
      [Update RS (ms): Min: 2.2, Avg: 2.4, Max: 2.8, Diff: 0.6, Sum: 9.7]
         [Processed Buffers: Min: 7, Avg: 8.8, Max: 11, Diff: 4, Sum: 35]
      [Scan RS (ms): Min: 5.9, Avg: 6.3, Max: 6.5, Diff: 0.6, Sum: 25.1]
      [Code Root Scanning (ms): Min: 0.0, Avg: 0.0, Max: 0.0, Diff: 0.0, Sum: 0.0]
      [Object Copy (ms): Min: 15.6, Avg: 15.8, Max: 15.9, Diff: 0.3, Sum: 63.2]
      [Termination (ms): Min: 0.0, Avg: 0.0, Max: 0.0, Diff: 0.0, Sum: 0.0]
         [Termination Attempts: Min: 1, Avg: 2.5, Max: 3, Diff: 2, Sum: 10]
      [GC Worker Other (ms): Min: 0.0, Avg: 0.1, Max: 0.1, Diff: 0.1, Sum: 0.2]
      [GC Worker Total (ms): Min: 25.4, Avg: 25.4, Max: 25.4, Diff: 0.0, Sum: 101.5]
      [GC Worker End (ms): Min: 24003491.3, Avg: 24003491.3, Max: 24003491.4, Diff: 0.0]
   [Code Root Fixup: 0.0 ms]
   [Code Root Purge: 0.0 ms]
   [Clear CT: 0.1 ms]
   [Other: 0.5 ms]
      [Choose CSet: 0.0 ms]
      [Ref Proc: 0.1 ms]
      [Ref Enq: 0.0 ms]
      [Redirty Cards: 0.1 ms]
      [Humongous Register: 0.0 ms]
      [Humongous Reclaim: 0.0 ms]
      [Free CSet: 0.1 ms]
   [Eden: 44.0M(44.0M)->0.0B(46.0M) Survivors: 7168.0K->5120.0K Heap: 245.2M(1024.0M)->202.9M(1024.0M)]
 [Times: user=0.10 sys=0.00, real=0.03 secs] 
2019-11-03T11:21:17.477+0800: 24015.927: [GC pause (G1 Evacuation Pause) (young), 0.0204390 secs]
   [Parallel Time: 19.8 ms, GC Workers: 4]
      [GC Worker Start (ms): Min: 24015927.1, Avg: 24015927.3, Max: 24015927.8, Diff: 0.6]
      [Ext Root Scanning (ms): Min: 0.0, Avg: 0.4, Max: 0.6, Diff: 0.6, Sum: 1.7]
      [Update RS (ms): Min: 0.5, Avg: 2.0, Max: 4.5, Diff: 4.0, Sum: 8.2]
         [Processed Buffers: Min: 0, Avg: 8.2, Max: 19, Diff: 19, Sum: 33]
      [Scan RS (ms): Min: 0.0, Avg: 2.1, Max: 3.0, Diff: 3.0, Sum: 8.3]
      [Code Root Scanning (ms): Min: 0.0, Avg: 0.0, Max: 0.0, Diff: 0.0, Sum: 0.0]
      [Object Copy (ms): Min: 14.5, Avg: 14.8, Max: 15.5, Diff: 1.0, Sum: 59.3]
      [Termination (ms): Min: 0.0, Avg: 0.1, Max: 0.2, Diff: 0.2, Sum: 0.6]
         [Termination Attempts: Min: 1, Avg: 1.0, Max: 1, Diff: 0, Sum: 4]
      [GC Worker Other (ms): Min: 0.0, Avg: 0.0, Max: 0.0, Diff: 0.0, Sum: 0.1]
      [GC Worker Total (ms): Min: 19.0, Avg: 19.6, Max: 19.8, Diff: 0.7, Sum: 78.2]
      [GC Worker End (ms): Min: 24015946.8, Avg: 24015946.8, Max: 24015946.9, Diff: 0.1]
   [Code Root Fixup: 0.0 ms]
   [Code Root Purge: 0.0 ms]
   [Clear CT: 0.1 ms]
   [Other: 0.6 ms]
      [Choose CSet: 0.0 ms]
      [Ref Proc: 0.2 ms]
      [Ref Enq: 0.0 ms]
      [Redirty Cards: 0.1 ms]
      [Humongous Register: 0.0 ms]
      [Humongous Reclaim: 0.0 ms]
      [Free CSet: 0.1 ms]
   [Eden: 46.0M(46.0M)->0.0B(47.0M) Survivors: 5120.0K->4096.0K Heap: 248.9M(1024.0M)->206.0M(1024.0M)]
 [Times: user=0.06 sys=0.00, real=0.02 secs] 
2019-11-03T11:21:30.185+0800: 24028.635: [GC pause (G1 Evacuation Pause) (young), 0.0158492 secs]
   [Parallel Time: 15.1 ms, GC Workers: 4]
      [GC Worker Start (ms): Min: 24028634.8, Avg: 24028634.9, Max: 24028635.0, Diff: 0.2]
      [Ext Root Scanning (ms): Min: 0.6, Avg: 0.8, Max: 0.9, Diff: 0.3, Sum: 3.2]
      [Update RS (ms): Min: 2.1, Avg: 2.6, Max: 3.0, Diff: 0.9, Sum: 10.6]
         [Processed Buffers: Min: 2, Avg: 6.8, Max: 16, Diff: 14, Sum: 27]
      [Scan RS (ms): Min: 3.2, Avg: 3.6, Max: 4.1, Diff: 0.9, Sum: 14.3]
      [Code Root Scanning (ms): Min: 0.0, Avg: 0.0, Max: 0.0, Diff: 0.0, Sum: 0.0]
      [Object Copy (ms): Min: 7.9, Avg: 7.9, Max: 7.9, Diff: 0.0, Sum: 31.6]
      [Termination (ms): Min: 0.0, Avg: 0.0, Max: 0.0, Diff: 0.0, Sum: 0.0]
         [Termination Attempts: Min: 1, Avg: 1.0, Max: 1, Diff: 0, Sum: 4]
      [GC Worker Other (ms): Min: 0.0, Avg: 0.0, Max: 0.0, Diff: 0.0, Sum: 0.1]
      [GC Worker Total (ms): Min: 14.8, Avg: 14.9, Max: 15.0, Diff: 0.2, Sum: 59.8]
      [GC Worker End (ms): Min: 24028649.8, Avg: 24028649.8, Max: 24028649.8, Diff: 0.0]
   [Code Root Fixup: 0.0 ms]
   [Code Root Purge: 0.0 ms]
   [Clear CT: 0.1 ms]
   [Other: 0.7 ms]
      [Choose CSet: 0.0 ms]
      [Ref Proc: 0.2 ms]
      [Ref Enq: 0.0 ms]
      [Redirty Cards: 0.1 ms]
      [Humongous Register: 0.0 ms]
      [Humongous Reclaim: 0.0 ms]
      [Free CSet: 0.1 ms]
   [Eden: 47.0M(47.0M)->0.0B(46.0M) Survivors: 4096.0K->5120.0K Heap: 253.0M(1024.0M)->206.5M(1024.0M)]
 [Times: user=0.06 sys=0.00, real=0.02 secs] 
2019-11-03T11:21:42.564+0800: 24041.014: [GC pause (G1 Evacuation Pause) (young), 0.0159563 secs]
   [Parallel Time: 15.2 ms, GC Workers: 4]
      [GC Worker Start (ms): Min: 24041014.1, Avg: 24041014.1, Max: 24041014.1, Diff: 0.1]
      [Ext Root Scanning (ms): Min: 0.8, Avg: 0.8, Max: 0.8, Diff: 0.1, Sum: 3.3]
      [Update RS (ms): Min: 1.8, Avg: 2.0, Max: 2.5, Diff: 0.7, Sum: 8.1]
         [Processed Buffers: Min: 3, Avg: 9.0, Max: 15, Diff: 12, Sum: 36]
      [Scan RS (ms): Min: 3.0, Avg: 3.6, Max: 4.5, Diff: 1.5, Sum: 14.5]
      [Code Root Scanning (ms): Min: 0.0, Avg: 0.0, Max: 0.0, Diff: 0.0, Sum: 0.0]
      [Object Copy (ms): Min: 8.1, Avg: 8.7, Max: 8.9, Diff: 0.8, Sum: 34.6]
      [Termination (ms): Min: 0.0, Avg: 0.0, Max: 0.0, Diff: 0.0, Sum: 0.0]
         [Termination Attempts: Min: 1, Avg: 1.0, Max: 1, Diff: 0, Sum: 4]
      [GC Worker Other (ms): Min: 0.0, Avg: 0.0, Max: 0.1, Diff: 0.0, Sum: 0.2]
      [GC Worker Total (ms): Min: 15.2, Avg: 15.2, Max: 15.2, Diff: 0.0, Sum: 60.7]
      [GC Worker End (ms): Min: 24041029.2, Avg: 24041029.3, Max: 24041029.3, Diff: 0.0]
   [Code Root Fixup: 0.0 ms]
   [Code Root Purge: 0.0 ms]
   [Clear CT: 0.1 ms]
   [Other: 0.6 ms]
      [Choose CSet: 0.0 ms]
      [Ref Proc: 0.1 ms]
      [Ref Enq: 0.0 ms]
      [Redirty Cards: 0.1 ms]
      [Humongous Register: 0.0 ms]
      [Humongous Reclaim: 0.0 ms]
      [Free CSet: 0.1 ms]
   [Eden: 46.0M(46.0M)->0.0B(46.0M) Survivors: 5120.0K->5120.0K Heap: 252.5M(1024.0M)->206.5M(1024.0M)]
 [Times: user=0.06 sys=0.01, real=0.02 secs] 
2019-11-03T11:21:55.022+0800: 24053.471: [GC pause (G1 Evacuation Pause) (young), 0.0159732 secs]
   [Parallel Time: 14.9 ms, GC Workers: 4]
      [GC Worker Start (ms): Min: 24053471.0, Avg: 24053472.6, Max: 24053474.5, Diff: 3.5]
      [Ext Root Scanning (ms): Min: 0.0, Avg: 0.7, Max: 1.7, Diff: 1.7, Sum: 2.7]
      [Update RS (ms): Min: 1.2, Avg: 2.0, Max: 2.8, Diff: 1.6, Sum: 7.9]
         [Processed Buffers: Min: 3, Avg: 6.5, Max: 11, Diff: 8, Sum: 26]
      [Scan RS (ms): Min: 1.6, Avg: 1.7, Max: 1.8, Diff: 0.2, Sum: 6.9]
      [Code Root Scanning (ms): Min: 0.0, Avg: 0.0, Max: 0.0, Diff: 0.0, Sum: 0.0]
      [Object Copy (ms): Min: 8.4, Avg: 8.9, Max: 10.0, Diff: 1.6, Sum: 35.5]
      [Termination (ms): Min: 0.0, Avg: 0.0, Max: 0.0, Diff: 0.0, Sum: 0.0]
         [Termination Attempts: Min: 1, Avg: 1.0, Max: 1, Diff: 0, Sum: 4]
      [GC Worker Other (ms): Min: 0.0, Avg: 0.0, Max: 0.0, Diff: 0.0, Sum: 0.1]
      [GC Worker Total (ms): Min: 11.4, Avg: 13.3, Max: 14.9, Diff: 3.5, Sum: 53.1]
      [GC Worker End (ms): Min: 24053485.8, Avg: 24053485.8, Max: 24053485.8, Diff: 0.0]
   [Code Root Fixup: 0.0 ms]
   [Code Root Purge: 0.0 ms]
   [Clear CT: 0.1 ms]
   [Other: 1.0 ms]
      [Choose CSet: 0.0 ms]
      [Ref Proc: 0.2 ms]
      [Ref Enq: 0.0 ms]
      [Redirty Cards: 0.1 ms]
      [Humongous Register: 0.1 ms]
      [Humongous Reclaim: 0.0 ms]
      [Free CSet: 0.1 ms]
   [Eden: 46.0M(46.0M)->0.0B(47.0M) Survivors: 5120.0K->5120.0K Heap: 252.5M(1024.0M)->206.5M(1024.0M)]
 [Times: user=0.05 sys=0.00, real=0.01 secs] 
2019-11-03T11:22:07.677+0800: 24066.126: [GC pause (G1 Evacuation Pause) (young), 0.0171847 secs]
   [Parallel Time: 16.5 ms, GC Workers: 4]
      [GC Worker Start (ms): Min: 24066125.7, Avg: 24066125.8, Max: 24066125.8, Diff: 0.0]
      [Ext Root Scanning (ms): Min: 0.5, Avg: 0.5, Max: 0.6, Diff: 0.1, Sum: 2.2]
      [Update RS (ms): Min: 1.5, Avg: 1.7, Max: 1.9, Diff: 0.4, Sum: 6.7]
         [Processed Buffers: Min: 4, Avg: 8.0, Max: 13, Diff: 9, Sum: 32]
      [Scan RS (ms): Min: 1.4, Avg: 1.7, Max: 1.9, Diff: 0.4, Sum: 6.8]
      [Code Root Scanning (ms): Min: 0.0, Avg: 0.0, Max: 0.0, Diff: 0.0, Sum: 0.0]
      [Object Copy (ms): Min: 12.5, Avg: 12.5, Max: 12.6, Diff: 0.1, Sum: 50.2]
      [Termination (ms): Min: 0.0, Avg: 0.0, Max: 0.0, Diff: 0.0, Sum: 0.0]
         [Termination Attempts: Min: 1, Avg: 1.0, Max: 1, Diff: 0, Sum: 4]
      [GC Worker Other (ms): Min: 0.0, Avg: 0.0, Max: 0.0, Diff: 0.0, Sum: 0.1]
      [GC Worker Total (ms): Min: 16.5, Avg: 16.5, Max: 16.5, Diff: 0.0, Sum: 65.9]
      [GC Worker End (ms): Min: 24066142.2, Avg: 24066142.2, Max: 24066142.3, Diff: 0.0]
   [Code Root Fixup: 0.0 ms]
   [Code Root Purge: 0.0 ms]
   [Clear CT: 0.1 ms]
   [Other: 0.5 ms]
      [Choose CSet: 0.0 ms]
      [Ref Proc: 0.1 ms]
      [Ref Enq: 0.0 ms]
      [Redirty Cards: 0.1 ms]
      [Humongous Register: 0.0 ms]
      [Humongous Reclaim: 0.0 ms]
      [Free CSet: 0.1 ms]
   [Eden: 47.0M(47.0M)->0.0B(56.0M) Survivors: 5120.0K->6144.0K Heap: 253.5M(1024.0M)->208.6M(1024.0M)]
 [Times: user=0.05 sys=0.00, real=0.02 secs] 
2019-11-03T11:22:22.690+0800: 24081.138: [GC pause (G1 Evacuation Pause) (young), 0.0142373 secs]
   [Parallel Time: 13.7 ms, GC Workers: 4]
      [GC Worker Start (ms): Min: 24081138.2, Avg: 24081138.5, Max: 24081138.9, Diff: 0.7]
      [Ext Root Scanning (ms): Min: 0.1, Avg: 0.6, Max: 0.8, Diff: 0.7, Sum: 2.4]
      [Update RS (ms): Min: 1.6, Avg: 1.7, Max: 1.8, Diff: 0.2, Sum: 6.8]
         [Processed Buffers: Min: 1, Avg: 8.0, Max: 14, Diff: 13, Sum: 32]
      [Scan RS (ms): Min: 2.5, Avg: 2.6, Max: 2.8, Diff: 0.3, Sum: 10.6]
      [Code Root Scanning (ms): Min: 0.0, Avg: 0.0, Max: 0.0, Diff: 0.0, Sum: 0.0]
      [Object Copy (ms): Min: 8.3, Avg: 8.4, Max: 8.5, Diff: 0.1, Sum: 33.6]
      [Termination (ms): Min: 0.0, Avg: 0.0, Max: 0.0, Diff: 0.0, Sum: 0.0]
         [Termination Attempts: Min: 1, Avg: 1.2, Max: 2, Diff: 1, Sum: 5]
      [GC Worker Other (ms): Min: 0.0, Avg: 0.0, Max: 0.1, Diff: 0.0, Sum: 0.1]
      [GC Worker Total (ms): Min: 12.9, Avg: 13.4, Max: 13.6, Diff: 0.7, Sum: 53.5]
      [GC Worker End (ms): Min: 24081151.8, Avg: 24081151.8, Max: 24081151.8, Diff: 0.0]
   [Code Root Fixup: 0.0 ms]
   [Code Root Purge: 0.0 ms]
   [Clear CT: 0.0 ms]
   [Other: 0.5 ms]
      [Choose CSet: 0.0 ms]
      [Ref Proc: 0.1 ms]
      [Ref Enq: 0.0 ms]
      [Redirty Cards: 0.0 ms]
      [Humongous Register: 0.0 ms]
      [Humongous Reclaim: 0.0 ms]
      [Free CSet: 0.1 ms]
   [Eden: 56.0M(56.0M)->0.0B(98.0M) Survivors: 6144.0K->5120.0K Heap: 264.6M(1024.0M)->208.1M(1024.0M)]
 [Times: user=0.05 sys=0.00, real=0.01 secs] 
2019-11-03T11:22:49.284+0800: 24107.731: [GC pause (G1 Evacuation Pause) (young), 0.0205627 secs]
   [Parallel Time: 19.6 ms, GC Workers: 4]
      [GC Worker Start (ms): Min: 24107731.5, Avg: 24107731.5, Max: 24107731.5, Diff: 0.1]
      [Ext Root Scanning (ms): Min: 0.8, Avg: 0.8, Max: 0.9, Diff: 0.1, Sum: 3.3]
      [Update RS (ms): Min: 2.7, Avg: 2.9, Max: 3.3, Diff: 0.6, Sum: 11.7]
         [Processed Buffers: Min: 4, Avg: 9.5, Max: 21, Diff: 17, Sum: 38]
      [Scan RS (ms): Min: 4.1, Avg: 4.4, Max: 4.7, Diff: 0.7, Sum: 17.7]
      [Code Root Scanning (ms): Min: 0.0, Avg: 0.0, Max: 0.0, Diff: 0.0, Sum: 0.0]
      [Object Copy (ms): Min: 11.2, Avg: 11.3, Max: 11.3, Diff: 0.1, Sum: 45.0]
      [Termination (ms): Min: 0.0, Avg: 0.0, Max: 0.0, Diff: 0.0, Sum: 0.0]
         [Termination Attempts: Min: 1, Avg: 1.0, Max: 1, Diff: 0, Sum: 4]
      [GC Worker Other (ms): Min: 0.0, Avg: 0.0, Max: 0.1, Diff: 0.1, Sum: 0.2]
      [GC Worker Total (ms): Min: 19.4, Avg: 19.5, Max: 19.5, Diff: 0.1, Sum: 78.0]
      [GC Worker End (ms): Min: 24107751.0, Avg: 24107751.0, Max: 24107751.0, Diff: 0.0]
   [Code Root Fixup: 0.0 ms]
   [Code Root Purge: 0.0 ms]
   [Clear CT: 0.1 ms]
   [Other: 0.9 ms]
      [Choose CSet: 0.0 ms]
      [Ref Proc: 0.3 ms]
      [Ref Enq: 0.0 ms]
      [Redirty Cards: 0.1 ms]
      [Humongous Register: 0.1 ms]
      [Humongous Reclaim: 0.0 ms]
      [Free CSet: 0.1 ms]
   [Eden: 98.0M(98.0M)->0.0B(88.0M) Survivors: 5120.0K->7168.0K Heap: 306.1M(1024.0M)->209.6M(1024.0M)]
 [Times: user=0.07 sys=0.00, real=0.02 secs] 
2019-11-03T11:23:13.109+0800: 24131.555: [GC pause (G1 Evacuation Pause) (young), 0.0245564 secs]
   [Parallel Time: 23.8 ms, GC Workers: 4]
      [GC Worker Start (ms): Min: 24131554.9, Avg: 24131557.0, Max: 24131563.2, Diff: 8.4]
      [Ext Root Scanning (ms): Min: 0.0, Avg: 0.4, Max: 0.6, Diff: 0.6, Sum: 1.7]
      [Update RS (ms): Min: 0.0, Avg: 1.6, Max: 2.2, Diff: 2.1, Sum: 6.3]
         [Processed Buffers: Min: 0, Avg: 9.2, Max: 21, Diff: 21, Sum: 37]
      [Scan RS (ms): Min: 0.4, Avg: 4.7, Max: 6.1, Diff: 5.7, Sum: 18.6]
      [Code Root Scanning (ms): Min: 0.0, Avg: 0.0, Max: 0.0, Diff: 0.0, Sum: 0.0]
      [Object Copy (ms): Min: 14.8, Avg: 14.9, Max: 14.9, Diff: 0.1, Sum: 59.5]
      [Termination (ms): Min: 0.0, Avg: 0.0, Max: 0.0, Diff: 0.0, Sum: 0.0]
         [Termination Attempts: Min: 1, Avg: 2.0, Max: 4, Diff: 3, Sum: 8]
      [GC Worker Other (ms): Min: 0.0, Avg: 0.0, Max: 0.1, Diff: 0.0, Sum: 0.2]
      [GC Worker Total (ms): Min: 15.3, Avg: 21.6, Max: 23.7, Diff: 8.4, Sum: 86.4]
      [GC Worker End (ms): Min: 24131578.5, Avg: 24131578.6, Max: 24131578.6, Diff: 0.1]
   [Code Root Fixup: 0.0 ms]
   [Code Root Purge: 0.0 ms]
   [Clear CT: 0.1 ms]
   [Other: 0.7 ms]
      [Choose CSet: 0.0 ms]
      [Ref Proc: 0.2 ms]
      [Ref Enq: 0.0 ms]
      [Redirty Cards: 0.1 ms]
      [Humongous Register: 0.0 ms]
      [Humongous Reclaim: 0.0 ms]
      [Free CSet: 0.1 ms]
   [Eden: 88.0M(88.0M)->0.0B(44.0M) Survivors: 7168.0K->7168.0K Heap: 297.6M(1024.0M)->210.1M(1024.0M)]
 [Times: user=0.06 sys=0.00, real=0.03 secs] 
2019-11-03T11:23:25.199+0800: 24143.644: [GC pause (G1 Evacuation Pause) (young), 0.0227235 secs]
   [Parallel Time: 22.1 ms, GC Workers: 4]
      [GC Worker Start (ms): Min: 24143644.5, Avg: 24143646.4, Max: 24143651.1, Diff: 6.6]
      [Ext Root Scanning (ms): Min: 0.0, Avg: 0.6, Max: 1.1, Diff: 1.1, Sum: 2.4]
      [Update RS (ms): Min: 0.0, Avg: 1.9, Max: 2.7, Diff: 2.7, Sum: 7.6]
         [Processed Buffers: Min: 0, Avg: 9.2, Max: 17, Diff: 17, Sum: 37]
      [Scan RS (ms): Min: 0.4, Avg: 2.5, Max: 3.4, Diff: 3.0, Sum: 10.0]
      [Code Root Scanning (ms): Min: 0.0, Avg: 0.0, Max: 0.0, Diff: 0.0, Sum: 0.0]
      [Object Copy (ms): Min: 14.9, Avg: 15.0, Max: 15.1, Diff: 0.2, Sum: 59.9]
      [Termination (ms): Min: 0.0, Avg: 0.1, Max: 0.1, Diff: 0.1, Sum: 0.3]
         [Termination Attempts: Min: 1, Avg: 1.8, Max: 3, Diff: 2, Sum: 7]
      [GC Worker Other (ms): Min: 0.0, Avg: 0.0, Max: 0.0, Diff: 0.0, Sum: 0.1]
      [GC Worker Total (ms): Min: 15.4, Avg: 20.1, Max: 22.0, Diff: 6.6, Sum: 80.5]
      [GC Worker End (ms): Min: 24143666.5, Avg: 24143666.5, Max: 24143666.5, Diff: 0.0]
   [Code Root Fixup: 0.0 ms]
   [Code Root Purge: 0.0 ms]
   [Clear CT: 0.1 ms]
   [Other: 0.5 ms]
      [Choose CSet: 0.0 ms]
      [Ref Proc: 0.1 ms]
      [Ref Enq: 0.0 ms]
      [Redirty Cards: 0.1 ms]
      [Humongous Register: 0.1 ms]
      [Humongous Reclaim: 0.0 ms]
      [Free CSet: 0.1 ms]
   [Eden: 44.0M(44.0M)->0.0B(47.0M) Survivors: 7168.0K->4096.0K Heap: 254.1M(1024.0M)->209.6M(1024.0M)]
 [Times: user=0.07 sys=0.00, real=0.03 secs] 
2019-11-03T11:23:38.035+0800: 24156.480: [GC pause (G1 Evacuation Pause) (young), 0.0231743 secs]
   [Parallel Time: 22.0 ms, GC Workers: 4]
      [GC Worker Start (ms): Min: 24156480.6, Avg: 24156481.9, Max: 24156485.9, Diff: 5.3]
      [Ext Root Scanning (ms): Min: 0.0, Avg: 0.8, Max: 1.1, Diff: 1.0, Sum: 3.2]
      [Update RS (ms): Min: 0.2, Avg: 3.3, Max: 4.5, Diff: 4.3, Sum: 13.4]
         [Processed Buffers: Min: 2, Avg: 10.8, Max: 26, Diff: 24, Sum: 43]
      [Scan RS (ms): Min: 3.3, Avg: 3.4, Max: 3.5, Diff: 0.2, Sum: 13.7]
      [Code Root Scanning (ms): Min: 0.0, Avg: 0.0, Max: 0.0, Diff: 0.0, Sum: 0.0]
      [Object Copy (ms): Min: 12.7, Avg: 12.8, Max: 12.9, Diff: 0.2, Sum: 51.1]
      [Termination (ms): Min: 0.0, Avg: 0.1, Max: 0.2, Diff: 0.2, Sum: 0.4]
         [Termination Attempts: Min: 1, Avg: 1.2, Max: 2, Diff: 1, Sum: 5]
      [GC Worker Other (ms): Min: 0.0, Avg: 0.0, Max: 0.0, Diff: 0.0, Sum: 0.1]
      [GC Worker Total (ms): Min: 16.5, Avg: 20.5, Max: 21.8, Diff: 5.4, Sum: 81.9]
      [GC Worker End (ms): Min: 24156502.4, Avg: 24156502.4, Max: 24156502.4, Diff: 0.1]
   [Code Root Fixup: 0.0 ms]
   [Code Root Purge: 0.0 ms]
   [Clear CT: 0.1 ms]
   [Other: 1.1 ms]
      [Choose CSet: 0.0 ms]
      [Ref Proc: 0.5 ms]
      [Ref Enq: 0.0 ms]
      [Redirty Cards: 0.1 ms]
      [Humongous Register: 0.1 ms]
      [Humongous Reclaim: 0.0 ms]
      [Free CSet: 0.1 ms]
   [Eden: 47.0M(47.0M)->0.0B(45.0M) Survivors: 4096.0K->6144.0K Heap: 256.6M(1024.0M)->211.6M(1024.0M)]
 [Times: user=0.07 sys=0.00, real=0.02 secs] 
2019-11-03T11:23:50.388+0800: 24168.833: [GC pause (G1 Evacuation Pause) (young), 0.0177294 secs]
   [Parallel Time: 17.1 ms, GC Workers: 4]
      [GC Worker Start (ms): Min: 24168832.7, Avg: 24168833.1, Max: 24168834.2, Diff: 1.5]
      [Ext Root Scanning (ms): Min: 0.0, Avg: 0.9, Max: 1.3, Diff: 1.3, Sum: 3.7]
      [Update RS (ms): Min: 2.9, Avg: 3.0, Max: 3.1, Diff: 0.2, Sum: 12.1]
         [Processed Buffers: Min: 2, Avg: 7.2, Max: 18, Diff: 16, Sum: 29]
      [Scan RS (ms): Min: 3.1, Avg: 3.2, Max: 3.4, Diff: 0.2, Sum: 13.0]
      [Code Root Scanning (ms): Min: 0.0, Avg: 0.0, Max: 0.0, Diff: 0.0, Sum: 0.0]
      [Object Copy (ms): Min: 9.3, Avg: 9.4, Max: 9.5, Diff: 0.1, Sum: 37.7]
      [Termination (ms): Min: 0.0, Avg: 0.0, Max: 0.0, Diff: 0.0, Sum: 0.0]
         [Termination Attempts: Min: 1, Avg: 1.0, Max: 1, Diff: 0, Sum: 4]
      [GC Worker Other (ms): Min: 0.0, Avg: 0.0, Max: 0.0, Diff: 0.0, Sum: 0.1]
      [GC Worker Total (ms): Min: 15.6, Avg: 16.7, Max: 17.1, Diff: 1.5, Sum: 66.6]
      [GC Worker End (ms): Min: 24168849.8, Avg: 24168849.8, Max: 24168849.8, Diff: 0.0]
   [Code Root Fixup: 0.0 ms]
   [Code Root Purge: 0.0 ms]
   [Clear CT: 0.1 ms]
   [Other: 0.5 ms]
      [Choose CSet: 0.0 ms]
      [Ref Proc: 0.1 ms]
      [Ref Enq: 0.0 ms]
      [Redirty Cards: 0.1 ms]
      [Humongous Register: 0.0 ms]
      [Humongous Reclaim: 0.0 ms]
      [Free CSet: 0.1 ms]
   [Eden: 45.0M(45.0M)->0.0B(46.0M) Survivors: 6144.0K->5120.0K Heap: 256.6M(1024.0M)->211.9M(1024.0M)]
 [Times: user=0.06 sys=0.00, real=0.02 secs] 
2019-11-03T11:24:02.888+0800: 24181.332: [GC pause (G1 Evacuation Pause) (young), 0.0195912 secs]
   [Parallel Time: 18.7 ms, GC Workers: 4]
      [GC Worker Start (ms): Min: 24181332.4, Avg: 24181334.5, Max: 24181340.2, Diff: 7.8]
      [Ext Root Scanning (ms): Min: 0.0, Avg: 0.5, Max: 0.8, Diff: 0.8, Sum: 2.1]
      [Update RS (ms): Min: 0.0, Avg: 1.9, Max: 2.6, Diff: 2.6, Sum: 7.4]
         [Processed Buffers: Min: 0, Avg: 7.2, Max: 21, Diff: 21, Sum: 29]
      [Scan RS (ms): Min: 0.0, Avg: 2.9, Max: 4.0, Diff: 4.0, Sum: 11.6]
      [Code Root Scanning (ms): Min: 0.0, Avg: 0.0, Max: 0.0, Diff: 0.0, Sum: 0.0]
      [Object Copy (ms): Min: 10.7, Avg: 11.2, Max: 11.4, Diff: 0.7, Sum: 44.7]
      [Termination (ms): Min: 0.0, Avg: 0.1, Max: 0.2, Diff: 0.2, Sum: 0.5]
         [Termination Attempts: Min: 1, Avg: 2.0, Max: 3, Diff: 2, Sum: 8]
      [GC Worker Other (ms): Min: 0.0, Avg: 0.0, Max: 0.0, Diff: 0.0, Sum: 0.1]
      [GC Worker Total (ms): Min: 10.8, Avg: 16.6, Max: 18.6, Diff: 7.8, Sum: 66.4]
      [GC Worker End (ms): Min: 24181351.0, Avg: 24181351.1, Max: 24181351.1, Diff: 0.1]
   [Code Root Fixup: 0.0 ms]
   [Code Root Purge: 0.0 ms]
   [Clear CT: 0.1 ms]
   [Other: 0.8 ms]
      [Choose CSet: 0.0 ms]
      [Ref Proc: 0.3 ms]
      [Ref Enq: 0.0 ms]
      [Redirty Cards: 0.1 ms]
      [Humongous Register: 0.0 ms]
      [Humongous Reclaim: 0.0 ms]
      [Free CSet: 0.1 ms]
   [Eden: 46.0M(46.0M)->0.0B(46.0M) Survivors: 5120.0K->5120.0K Heap: 257.9M(1024.0M)->211.4M(1024.0M)]
 [Times: user=0.05 sys=0.00, real=0.02 secs] 
2019-11-03T11:24:15.524+0800: 24193.968: [GC pause (G1 Evacuation Pause) (young), 0.0182064 secs]
   [Parallel Time: 17.5 ms, GC Workers: 4]
      [GC Worker Start (ms): Min: 24193967.9, Avg: 24193968.3, Max: 24193969.7, Diff: 1.9]
      [Ext Root Scanning (ms): Min: 0.0, Avg: 0.8, Max: 1.1, Diff: 1.1, Sum: 3.3]
      [Update RS (ms): Min: 2.4, Avg: 2.9, Max: 3.6, Diff: 1.1, Sum: 11.8]
         [Processed Buffers: Min: 1, Avg: 9.0, Max: 30, Diff: 29, Sum: 36]
      [Scan RS (ms): Min: 4.2, Avg: 4.5, Max: 4.7, Diff: 0.5, Sum: 18.0]
      [Code Root Scanning (ms): Min: 0.0, Avg: 0.0, Max: 0.0, Diff: 0.0, Sum: 0.0]
      [Object Copy (ms): Min: 8.5, Avg: 8.6, Max: 8.7, Diff: 0.1, Sum: 34.5]
      [Termination (ms): Min: 0.0, Avg: 0.0, Max: 0.0, Diff: 0.0, Sum: 0.0]
         [Termination Attempts: Min: 1, Avg: 3.2, Max: 9, Diff: 8, Sum: 13]
      [GC Worker Other (ms): Min: 0.0, Avg: 0.0, Max: 0.1, Diff: 0.0, Sum: 0.1]
      [GC Worker Total (ms): Min: 15.5, Avg: 16.9, Max: 17.4, Diff: 1.9, Sum: 67.8]
      [GC Worker End (ms): Min: 24193985.3, Avg: 24193985.3, Max: 24193985.3, Diff: 0.0]
   [Code Root Fixup: 0.0 ms]
   [Code Root Purge: 0.0 ms]
   [Clear CT: 0.1 ms]
   [Other: 0.6 ms]
      [Choose CSet: 0.0 ms]
      [Ref Proc: 0.2 ms]
      [Ref Enq: 0.0 ms]
      [Redirty Cards: 0.1 ms]
      [Humongous Register: 0.0 ms]
      [Humongous Reclaim: 0.0 ms]
      [Free CSet: 0.1 ms]
   [Eden: 46.0M(46.0M)->0.0B(54.0M) Survivors: 5120.0K->5120.0K Heap: 257.4M(1024.0M)->211.4M(1024.0M)]
 [Times: user=0.06 sys=0.00, real=0.02 secs] 
2019-11-03T11:24:30.153+0800: 24208.596: [GC pause (G1 Evacuation Pause) (young), 0.0227468 secs]
   [Parallel Time: 21.9 ms, GC Workers: 4]
      [GC Worker Start (ms): Min: 24208596.0, Avg: 24208596.1, Max: 24208596.1, Diff: 0.1]
      [Ext Root Scanning (ms): Min: 0.7, Avg: 0.8, Max: 0.9, Diff: 0.1, Sum: 3.1]
      [Update RS (ms): Min: 3.0, Avg: 4.2, Max: 7.4, Diff: 4.4, Sum: 16.8]
         [Processed Buffers: Min: 2, Avg: 9.0, Max: 21, Diff: 19, Sum: 36]
      [Scan RS (ms): Min: 2.1, Avg: 5.2, Max: 6.3, Diff: 4.2, Sum: 20.7]
      [Code Root Scanning (ms): Min: 0.0, Avg: 0.0, Max: 0.0, Diff: 0.0, Sum: 0.0]
      [Object Copy (ms): Min: 10.8, Avg: 11.2, Max: 11.6, Diff: 0.9, Sum: 44.6]
      [Termination (ms): Min: 0.0, Avg: 0.4, Max: 0.8, Diff: 0.8, Sum: 1.7]
         [Termination Attempts: Min: 1, Avg: 1.0, Max: 1, Diff: 0, Sum: 4]
      [GC Worker Other (ms): Min: 0.0, Avg: 0.1, Max: 0.1, Diff: 0.1, Sum: 0.2]
      [GC Worker Total (ms): Min: 21.7, Avg: 21.8, Max: 21.9, Diff: 0.1, Sum: 87.2]
      [GC Worker End (ms): Min: 24208617.8, Avg: 24208617.9, Max: 24208617.9, Diff: 0.1]
   [Code Root Fixup: 0.0 ms]
   [Code Root Purge: 0.0 ms]
   [Clear CT: 0.1 ms]
   [Other: 0.7 ms]
      [Choose CSet: 0.0 ms]
      [Ref Proc: 0.3 ms]
      [Ref Enq: 0.0 ms]
      [Redirty Cards: 0.1 ms]
      [Humongous Register: 0.0 ms]
      [Humongous Reclaim: 0.0 ms]
      [Free CSet: 0.1 ms]
   [Eden: 54.0M(54.0M)->0.0B(44.0M) Survivors: 5120.0K->7168.0K Heap: 265.4M(1024.0M)->213.4M(1024.0M)]
 [Times: user=0.07 sys=0.00, real=0.02 secs] 
2019-11-03T11:24:41.980+0800: 24220.423: [GC pause (G1 Evacuation Pause) (young), 0.0191811 secs]
   [Parallel Time: 18.4 ms, GC Workers: 4]
      [GC Worker Start (ms): Min: 24220422.9, Avg: 24220422.9, Max: 24220423.0, Diff: 0.1]
      [Ext Root Scanning (ms): Min: 0.7, Avg: 0.8, Max: 0.8, Diff: 0.1, Sum: 3.1]
      [Update RS (ms): Min: 2.6, Avg: 2.9, Max: 3.2, Diff: 0.6, Sum: 11.4]
         [Processed Buffers: Min: 7, Avg: 8.5, Max: 10, Diff: 3, Sum: 34]
      [Scan RS (ms): Min: 4.1, Avg: 4.5, Max: 4.8, Diff: 0.7, Sum: 17.9]
      [Code Root Scanning (ms): Min: 0.0, Avg: 0.0, Max: 0.0, Diff: 0.0, Sum: 0.0]
      [Object Copy (ms): Min: 10.1, Avg: 10.2, Max: 10.3, Diff: 0.2, Sum: 40.8]
      [Termination (ms): Min: 0.0, Avg: 0.0, Max: 0.0, Diff: 0.0, Sum: 0.0]
         [Termination Attempts: Min: 1, Avg: 1.0, Max: 1, Diff: 0, Sum: 4]
      [GC Worker Other (ms): Min: 0.0, Avg: 0.0, Max: 0.1, Diff: 0.0, Sum: 0.2]
      [GC Worker Total (ms): Min: 18.3, Avg: 18.3, Max: 18.4, Diff: 0.0, Sum: 73.3]
      [GC Worker End (ms): Min: 24220441.2, Avg: 24220441.3, Max: 24220441.3, Diff: 0.0]
   [Code Root Fixup: 0.0 ms]
   [Code Root Purge: 0.0 ms]
   [Clear CT: 0.1 ms]
   [Other: 0.6 ms]
      [Choose CSet: 0.0 ms]
      [Ref Proc: 0.1 ms]
      [Ref Enq: 0.0 ms]
      [Redirty Cards: 0.1 ms]
      [Humongous Register: 0.0 ms]
      [Humongous Reclaim: 0.0 ms]
      [Free CSet: 0.1 ms]
   [Eden: 44.0M(44.0M)->0.0B(50.0M) Survivors: 7168.0K->5120.0K Heap: 257.4M(1024.0M)->212.3M(1024.0M)]
 [Times: user=0.07 sys=0.00, real=0.02 secs] 
2019-11-03T11:24:54.618+0800: 24233.060: [GC pause (G1 Evacuation Pause) (young), 0.0196691 secs]
   [Parallel Time: 19.0 ms, GC Workers: 4]
      [GC Worker Start (ms): Min: 24233060.3, Avg: 24233060.3, Max: 24233060.4, Diff: 0.1]
      [Ext Root Scanning (ms): Min: 0.8, Avg: 0.9, Max: 1.3, Diff: 0.5, Sum: 3.8]
      [Update RS (ms): Min: 1.6, Avg: 2.0, Max: 2.3, Diff: 0.7, Sum: 7.9]
         [Processed Buffers: Min: 3, Avg: 7.8, Max: 13, Diff: 10, Sum: 31]
      [Scan RS (ms): Min: 5.5, Avg: 5.8, Max: 6.0, Diff: 0.5, Sum: 23.0]
      [Code Root Scanning (ms): Min: 0.0, Avg: 0.0, Max: 0.0, Diff: 0.0, Sum: 0.0]
      [Object Copy (ms): Min: 10.0, Avg: 10.1, Max: 10.2, Diff: 0.2, Sum: 40.5]
      [Termination (ms): Min: 0.0, Avg: 0.0, Max: 0.0, Diff: 0.0, Sum: 0.0]
         [Termination Attempts: Min: 1, Avg: 1.2, Max: 2, Diff: 1, Sum: 5]
      [GC Worker Other (ms): Min: 0.0, Avg: 0.0, Max: 0.0, Diff: 0.0, Sum: 0.1]
      [GC Worker Total (ms): Min: 18.8, Avg: 18.8, Max: 18.9, Diff: 0.1, Sum: 75.4]
      [GC Worker End (ms): Min: 24233079.2, Avg: 24233079.2, Max: 24233079.2, Diff: 0.0]
   [Code Root Fixup: 0.0 ms]
   [Code Root Purge: 0.0 ms]
   [Clear CT: 0.1 ms]
   [Other: 0.6 ms]
      [Choose CSet: 0.0 ms]
      [Ref Proc: 0.1 ms]
      [Ref Enq: 0.0 ms]
      [Redirty Cards: 0.1 ms]
      [Humongous Register: 0.0 ms]
      [Humongous Reclaim: 0.0 ms]
      [Free CSet: 0.1 ms]
   [Eden: 46.0M(46.0M)->0.0B(44.0M) Survivors: 5120.0K->7168.0K Heap: 258.3M(1024.0M)->214.3M(1024.0M)]
 [Times: user=0.07 sys=0.00, real=0.02 secs] 
2019-11-03T11:25:06.658+0800: 24245.100: [GC pause (G1 Evacuation Pause) (young), 0.0271722 secs]
   [Parallel Time: 26.4 ms, GC Workers: 4]
      [GC Worker Start (ms): Min: 24245100.3, Avg: 24245104.1, Max: 24245108.0, Diff: 7.7]
      [Ext Root Scanning (ms): Min: 0.0, Avg: 0.8, Max: 1.7, Diff: 1.7, Sum: 3.3]
      [Update RS (ms): Min: 0.3, Avg: 3.4, Max: 6.4, Diff: 6.0, Sum: 13.5]
         [Processed Buffers: Min: 1, Avg: 7.5, Max: 25, Diff: 24, Sum: 30]
      [Scan RS (ms): Min: 2.8, Avg: 3.0, Max: 3.3, Diff: 0.5, Sum: 12.1]
      [Code Root Scanning (ms): Min: 0.0, Avg: 0.0, Max: 0.0, Diff: 0.0, Sum: 0.0]
      [Object Copy (ms): Min: 15.2, Avg: 15.3, Max: 15.3, Diff: 0.1, Sum: 61.1]
      [Termination (ms): Min: 0.0, Avg: 0.0, Max: 0.0, Diff: 0.0, Sum: 0.0]
         [Termination Attempts: Min: 1, Avg: 1.0, Max: 1, Diff: 0, Sum: 4]
      [GC Worker Other (ms): Min: 0.0, Avg: 0.0, Max: 0.0, Diff: 0.0, Sum: 0.1]
      [GC Worker Total (ms): Min: 18.6, Avg: 22.5, Max: 26.3, Diff: 7.7, Sum: 90.2]
      [GC Worker End (ms): Min: 24245126.6, Avg: 24245126.6, Max: 24245126.6, Diff: 0.0]
   [Code Root Fixup: 0.0 ms]
   [Code Root Purge: 0.0 ms]
   [Clear CT: 0.1 ms]
   [Other: 0.7 ms]
      [Choose CSet: 0.0 ms]
      [Ref Proc: 0.2 ms]
      [Ref Enq: 0.0 ms]
      [Redirty Cards: 0.1 ms]
      [Humongous Register: 0.1 ms]
      [Humongous Reclaim: 0.0 ms]
      [Free CSet: 0.1 ms]
   [Eden: 44.0M(44.0M)->0.0B(46.0M) Survivors: 7168.0K->5120.0K Heap: 258.3M(1024.0M)->213.4M(1024.0M)]
 [Times: user=0.06 sys=0.00, real=0.03 secs] 
2019-11-03T11:25:19.166+0800: 24257.608: [GC pause (G1 Evacuation Pause) (young), 0.0171140 secs]
   [Parallel Time: 16.3 ms, GC Workers: 4]
      [GC Worker Start (ms): Min: 24257607.8, Avg: 24257607.9, Max: 24257608.1, Diff: 0.3]
      [Ext Root Scanning (ms): Min: 0.6, Avg: 0.8, Max: 0.9, Diff: 0.3, Sum: 3.2]
      [Update RS (ms): Min: 2.2, Avg: 2.4, Max: 2.9, Diff: 0.6, Sum: 9.7]
         [Processed Buffers: Min: 6, Avg: 8.0, Max: 11, Diff: 5, Sum: 32]
      [Scan RS (ms): Min: 4.6, Avg: 5.1, Max: 5.3, Diff: 0.7, Sum: 20.3]
      [Code Root Scanning (ms): Min: 0.0, Avg: 0.0, Max: 0.0, Diff: 0.0, Sum: 0.0]
      [Object Copy (ms): Min: 7.7, Avg: 7.8, Max: 7.9, Diff: 0.2, Sum: 31.2]
      [Termination (ms): Min: 0.0, Avg: 0.0, Max: 0.0, Diff: 0.0, Sum: 0.0]
         [Termination Attempts: Min: 1, Avg: 1.0, Max: 1, Diff: 0, Sum: 4]
      [GC Worker Other (ms): Min: 0.0, Avg: 0.0, Max: 0.1, Diff: 0.0, Sum: 0.2]
      [GC Worker Total (ms): Min: 16.0, Avg: 16.2, Max: 16.3, Diff: 0.3, Sum: 64.7]
      [GC Worker End (ms): Min: 24257624.1, Avg: 24257624.1, Max: 24257624.1, Diff: 0.0]
   [Code Root Fixup: 0.0 ms]
   [Code Root Purge: 0.0 ms]
   [Clear CT: 0.1 ms]
   [Other: 0.7 ms]
      [Choose CSet: 0.0 ms]
      [Ref Proc: 0.1 ms]
      [Ref Enq: 0.0 ms]
      [Redirty Cards: 0.1 ms]
      [Humongous Register: 0.1 ms]
      [Humongous Reclaim: 0.0 ms]
      [Free CSet: 0.1 ms]
   [Eden: 46.0M(46.0M)->0.0B(46.0M) Survivors: 5120.0K->5120.0K Heap: 259.4M(1024.0M)->213.4M(1024.0M)]
 [Times: user=0.06 sys=0.00, real=0.02 secs] 
2019-11-03T11:25:31.822+0800: 24270.263: [GC pause (G1 Evacuation Pause) (young), 0.0190496 secs]
   [Parallel Time: 18.4 ms, GC Workers: 4]
      [GC Worker Start (ms): Min: 24270263.1, Avg: 24270263.4, Max: 24270264.3, Diff: 1.2]
      [Ext Root Scanning (ms): Min: 0.0, Avg: 0.8, Max: 1.1, Diff: 1.1, Sum: 3.3]
      [Update RS (ms): Min: 1.6, Avg: 2.2, Max: 2.6, Diff: 0.9, Sum: 8.7]
         [Processed Buffers: Min: 3, Avg: 7.0, Max: 10, Diff: 7, Sum: 28]
      [Scan RS (ms): Min: 4.7, Avg: 5.0, Max: 5.2, Diff: 0.5, Sum: 20.0]
      [Code Root Scanning (ms): Min: 0.0, Avg: 0.0, Max: 0.0, Diff: 0.0, Sum: 0.0]
      [Object Copy (ms): Min: 9.6, Avg: 9.9, Max: 10.8, Diff: 1.2, Sum: 39.8]
      [Termination (ms): Min: 0.0, Avg: 0.0, Max: 0.0, Diff: 0.0, Sum: 0.0]
         [Termination Attempts: Min: 1, Avg: 1.0, Max: 1, Diff: 0, Sum: 4]
      [GC Worker Other (ms): Min: 0.0, Avg: 0.0, Max: 0.0, Diff: 0.0, Sum: 0.1]
      [GC Worker Total (ms): Min: 17.1, Avg: 18.0, Max: 18.3, Diff: 1.2, Sum: 71.9]
      [GC Worker End (ms): Min: 24270281.4, Avg: 24270281.4, Max: 24270281.4, Diff: 0.0]
   [Code Root Fixup: 0.0 ms]
   [Code Root Purge: 0.0 ms]
   [Clear CT: 0.1 ms]
   [Other: 0.6 ms]
      [Choose CSet: 0.0 ms]
      [Ref Proc: 0.1 ms]
      [Ref Enq: 0.0 ms]
      [Redirty Cards: 0.1 ms]
      [Humongous Register: 0.0 ms]
      [Humongous Reclaim: 0.0 ms]
      [Free CSet: 0.1 ms]
   [Eden: 46.0M(46.0M)->0.0B(44.0M) Survivors: 5120.0K->7168.0K Heap: 259.4M(1024.0M)->215.4M(1024.0M)]
 [Times: user=0.07 sys=0.00, real=0.02 secs] 
2019-11-03T11:25:43.716+0800: 24282.156: [GC pause (G1 Evacuation Pause) (young), 0.0200027 secs]
   [Parallel Time: 19.3 ms, GC Workers: 4]
      [GC Worker Start (ms): Min: 24282156.3, Avg: 24282156.3, Max: 24282156.4, Diff: 0.1]
      [Ext Root Scanning (ms): Min: 0.8, Avg: 0.8, Max: 0.9, Diff: 0.1, Sum: 3.2]
      [Update RS (ms): Min: 1.9, Avg: 2.4, Max: 2.6, Diff: 0.7, Sum: 9.5]
         [Processed Buffers: Min: 3, Avg: 7.0, Max: 14, Diff: 11, Sum: 28]
      [Scan RS (ms): Min: 4.6, Avg: 4.9, Max: 5.3, Diff: 0.7, Sum: 19.6]
      [Code Root Scanning (ms): Min: 0.0, Avg: 0.0, Max: 0.0, Diff: 0.0, Sum: 0.0]
      [Object Copy (ms): Min: 10.9, Avg: 11.1, Max: 11.1, Diff: 0.2, Sum: 44.2]
      [Termination (ms): Min: 0.0, Avg: 0.0, Max: 0.0, Diff: 0.0, Sum: 0.0]
         [Termination Attempts: Min: 1, Avg: 1.0, Max: 1, Diff: 0, Sum: 4]
      [GC Worker Other (ms): Min: 0.0, Avg: 0.0, Max: 0.0, Diff: 0.0, Sum: 0.1]
      [GC Worker Total (ms): Min: 19.2, Avg: 19.2, Max: 19.2, Diff: 0.0, Sum: 76.7]
      [GC Worker End (ms): Min: 24282175.5, Avg: 24282175.5, Max: 24282175.5, Diff: 0.0]
   [Code Root Fixup: 0.0 ms]
   [Code Root Purge: 0.0 ms]
   [Clear CT: 0.1 ms]
   [Other: 0.6 ms]
      [Choose CSet: 0.0 ms]
      [Ref Proc: 0.2 ms]
      [Ref Enq: 0.0 ms]
      [Redirty Cards: 0.1 ms]
      [Humongous Register: 0.0 ms]
      [Humongous Reclaim: 0.0 ms]
      [Free CSet: 0.1 ms]
   [Eden: 44.0M(44.0M)->0.0B(46.0M) Survivors: 7168.0K->5120.0K Heap: 259.4M(1024.0M)->214.9M(1024.0M)]
 [Times: user=0.08 sys=0.00, real=0.02 secs] 
2019-11-03T11:25:56.265+0800: 24294.705: [GC pause (G1 Evacuation Pause) (young), 0.0159587 secs]
   [Parallel Time: 15.2 ms, GC Workers: 4]
      [GC Worker Start (ms): Min: 24294704.7, Avg: 24294704.8, Max: 24294704.9, Diff: 0.2]
      [Ext Root Scanning (ms): Min: 0.7, Avg: 0.8, Max: 0.9, Diff: 0.2, Sum: 3.2]
      [Update RS (ms): Min: 1.9, Avg: 2.3, Max: 2.5, Diff: 0.6, Sum: 9.3]
         [Processed Buffers: Min: 5, Avg: 8.0, Max: 14, Diff: 9, Sum: 32]
      [Scan RS (ms): Min: 4.9, Avg: 5.2, Max: 5.6, Diff: 0.7, Sum: 20.6]
      [Code Root Scanning (ms): Min: 0.0, Avg: 0.0, Max: 0.0, Diff: 0.0, Sum: 0.0]
      [Object Copy (ms): Min: 6.7, Avg: 6.7, Max: 6.8, Diff: 0.0, Sum: 26.9]
      [Termination (ms): Min: 0.0, Avg: 0.0, Max: 0.0, Diff: 0.0, Sum: 0.0]
         [Termination Attempts: Min: 1, Avg: 1.0, Max: 1, Diff: 0, Sum: 4]
      [GC Worker Other (ms): Min: 0.0, Avg: 0.0, Max: 0.1, Diff: 0.0, Sum: 0.2]
      [GC Worker Total (ms): Min: 14.9, Avg: 15.1, Max: 15.1, Diff: 0.3, Sum: 60.2]
      [GC Worker End (ms): Min: 24294719.8, Avg: 24294719.9, Max: 24294719.9, Diff: 0.0]
   [Code Root Fixup: 0.0 ms]
   [Code Root Purge: 0.0 ms]
   [Clear CT: 0.1 ms]
   [Other: 0.6 ms]
      [Choose CSet: 0.0 ms]
      [Ref Proc: 0.1 ms]
      [Ref Enq: 0.0 ms]
      [Redirty Cards: 0.1 ms]
      [Humongous Register: 0.0 ms]
      [Humongous Reclaim: 0.0 ms]
      [Free CSet: 0.1 ms]
   [Eden: 46.0M(46.0M)->0.0B(100.0M) Survivors: 5120.0K->5120.0K Heap: 260.9M(1024.0M)->214.9M(1024.0M)]
 [Times: user=0.06 sys=0.00, real=0.02 secs] 
2019-11-03T11:26:08.588+0800: 24307.028: [GC pause (G1 Evacuation Pause) (young), 0.0191321 secs]
   [Parallel Time: 18.3 ms, GC Workers: 4]
      [GC Worker Start (ms): Min: 24307027.8, Avg: 24307027.9, Max: 24307028.1, Diff: 0.3]
      [Ext Root Scanning (ms): Min: 0.6, Avg: 0.8, Max: 0.9, Diff: 0.3, Sum: 3.2]
      [Update RS (ms): Min: 2.0, Avg: 2.3, Max: 2.5, Diff: 0.5, Sum: 9.2]
         [Processed Buffers: Min: 4, Avg: 8.0, Max: 18, Diff: 14, Sum: 32]
      [Scan RS (ms): Min: 5.5, Avg: 5.7, Max: 6.0, Diff: 0.5, Sum: 22.9]
      [Code Root Scanning (ms): Min: 0.0, Avg: 0.0, Max: 0.0, Diff: 0.0, Sum: 0.0]
      [Object Copy (ms): Min: 9.1, Avg: 9.2, Max: 9.3, Diff: 0.1, Sum: 36.7]
      [Termination (ms): Min: 0.0, Avg: 0.0, Max: 0.0, Diff: 0.0, Sum: 0.0]
         [Termination Attempts: Min: 1, Avg: 1.0, Max: 1, Diff: 0, Sum: 4]
      [GC Worker Other (ms): Min: 0.0, Avg: 0.0, Max: 0.1, Diff: 0.0, Sum: 0.2]
      [GC Worker Total (ms): Min: 17.8, Avg: 18.1, Max: 18.2, Diff: 0.3, Sum: 72.2]
      [GC Worker End (ms): Min: 24307046.0, Avg: 24307046.0, Max: 24307046.0, Diff: 0.0]
   [Code Root Fixup: 0.0 ms]
   [Code Root Purge: 0.0 ms]
   [Clear CT: 0.0 ms]
   [Other: 0.8 ms]
      [Choose CSet: 0.0 ms]
      [Ref Proc: 0.2 ms]
      [Ref Enq: 0.0 ms]
      [Redirty Cards: 0.2 ms]
      [Humongous Register: 0.1 ms]
      [Humongous Reclaim: 0.0 ms]
      [Free CSet: 0.1 ms]
   [Eden: 46.0M(46.0M)->0.0B(97.0M) Survivors: 5120.0K->7168.0K Heap: 260.9M(1024.0M)->216.9M(1024.0M)]
 [Times: user=0.08 sys=0.00, real=0.02 secs] 
2019-11-03T11:26:21.932+0800: 24320.371: [GC pause (G1 Evacuation Pause) (young), 0.0186739 secs]
   [Parallel Time: 18.0 ms, GC Workers: 4]
      [GC Worker Start (ms): Min: 24320370.9, Avg: 24320371.2, Max: 24320371.9, Diff: 1.0]
      [Ext Root Scanning (ms): Min: 0.1, Avg: 0.8, Max: 1.1, Diff: 1.0, Sum: 3.3]
      [Update RS (ms): Min: 1.6, Avg: 2.0, Max: 2.4, Diff: 0.7, Sum: 7.9]
         [Processed Buffers: Min: 4, Avg: 8.2, Max: 13, Diff: 9, Sum: 33]
      [Scan RS (ms): Min: 4.5, Avg: 4.8, Max: 5.1, Diff: 0.6, Sum: 19.2]
      [Code Root Scanning (ms): Min: 0.0, Avg: 0.0, Max: 0.0, Diff: 0.0, Sum: 0.0]
      [Object Copy (ms): Min: 9.9, Avg: 10.0, Max: 10.2, Diff: 0.2, Sum: 40.1]
      [Termination (ms): Min: 0.0, Avg: 0.0, Max: 0.0, Diff: 0.0, Sum: 0.0]
         [Termination Attempts: Min: 1, Avg: 1.2, Max: 2, Diff: 1, Sum: 5]
      [GC Worker Other (ms): Min: 0.0, Avg: 0.0, Max: 0.0, Diff: 0.0, Sum: 0.1]
      [GC Worker Total (ms): Min: 16.9, Avg: 17.7, Max: 17.9, Diff: 1.0, Sum: 70.7]
      [GC Worker End (ms): Min: 24320388.9, Avg: 24320388.9, Max: 24320388.9, Diff: 0.0]
   [Code Root Fixup: 0.0 ms]
   [Code Root Purge: 0.0 ms]
   [Clear CT: 0.1 ms]
   [Other: 0.6 ms]
      [Choose CSet: 0.0 ms]
      [Ref Proc: 0.1 ms]
      [Ref Enq: 0.0 ms]
      [Redirty Cards: 0.1 ms]
      [Humongous Register: 0.0 ms]
      [Humongous Reclaim: 0.0 ms]
      [Free CSet: 0.1 ms]
   [Eden: 49.0M(44.0M)->0.0B(103.0M) Survivors: 7168.0K->5120.0K Heap: 265.9M(1024.0M)->216.1M(1024.0M)]
 [Times: user=0.07 sys=0.00, real=0.02 secs] 
2019-11-03T11:26:43.302+0800: 24341.740: [GC pause (G1 Evacuation Pause) (young), 0.0201111 secs]
   [Parallel Time: 19.2 ms, GC Workers: 4]
      [GC Worker Start (ms): Min: 24341740.6, Avg: 24341740.8, Max: 24341741.2, Diff: 0.6]
      [Ext Root Scanning (ms): Min: 0.4, Avg: 0.8, Max: 1.0, Diff: 0.6, Sum: 3.2]
      [Update RS (ms): Min: 2.8, Avg: 2.9, Max: 3.1, Diff: 0.3, Sum: 11.8]
         [Processed Buffers: Min: 3, Avg: 9.5, Max: 17, Diff: 14, Sum: 38]
      [Scan RS (ms): Min: 6.0, Avg: 6.3, Max: 6.6, Diff: 0.6, Sum: 25.0]
      [Code Root Scanning (ms): Min: 0.0, Avg: 0.0, Max: 0.0, Diff: 0.0, Sum: 0.0]
      [Object Copy (ms): Min: 8.6, Avg: 8.9, Max: 9.0, Diff: 0.4, Sum: 35.6]
      [Termination (ms): Min: 0.0, Avg: 0.0, Max: 0.0, Diff: 0.0, Sum: 0.0]
         [Termination Attempts: Min: 1, Avg: 1.0, Max: 1, Diff: 0, Sum: 4]
      [GC Worker Other (ms): Min: 0.0, Avg: 0.0, Max: 0.1, Diff: 0.0, Sum: 0.1]
      [GC Worker Total (ms): Min: 18.6, Avg: 19.0, Max: 19.1, Diff: 0.6, Sum: 75.8]
      [GC Worker End (ms): Min: 24341759.8, Avg: 24341759.8, Max: 24341759.8, Diff: 0.0]
   [Code Root Fixup: 0.0 ms]
   [Code Root Purge: 0.0 ms]
   [Clear CT: 0.1 ms]
   [Other: 0.8 ms]
      [Choose CSet: 0.0 ms]
      [Ref Proc: 0.2 ms]
      [Ref Enq: 0.0 ms]
      [Redirty Cards: 0.1 ms]
      [Humongous Register: 0.1 ms]
      [Humongous Reclaim: 0.0 ms]
      [Free CSet: 0.1 ms]
   [Eden: 79.0M(46.0M)->0.0B(106.0M) Survivors: 5120.0K->5120.0K Heap: 295.1M(1024.0M)->216.8M(1024.0M)]
 [Times: user=0.08 sys=0.01, real=0.02 secs] 
2019-11-03T11:26:55.773+0800: 24354.211: [GC pause (G1 Evacuation Pause) (young), 0.0172599 secs]
   [Parallel Time: 16.4 ms, GC Workers: 4]
      [GC Worker Start (ms): Min: 24354211.1, Avg: 24354211.2, Max: 24354211.5, Diff: 0.4]
      [Ext Root Scanning (ms): Min: 0.5, Avg: 0.8, Max: 1.0, Diff: 0.4, Sum: 3.3]
      [Update RS (ms): Min: 1.6, Avg: 1.9, Max: 2.1, Diff: 0.4, Sum: 7.7]
         [Processed Buffers: Min: 3, Avg: 7.5, Max: 16, Diff: 13, Sum: 30]
      [Scan RS (ms): Min: 4.7, Avg: 4.9, Max: 5.2, Diff: 0.4, Sum: 19.7]
      [Code Root Scanning (ms): Min: 0.0, Avg: 0.0, Max: 0.0, Diff: 0.0, Sum: 0.0]
      [Object Copy (ms): Min: 8.3, Avg: 8.4, Max: 8.5, Diff: 0.2, Sum: 33.8]
      [Termination (ms): Min: 0.0, Avg: 0.0, Max: 0.0, Diff: 0.0, Sum: 0.0]
         [Termination Attempts: Min: 1, Avg: 1.8, Max: 2, Diff: 1, Sum: 7]
      [GC Worker Other (ms): Min: 0.0, Avg: 0.0, Max: 0.1, Diff: 0.0, Sum: 0.2]
      [GC Worker Total (ms): Min: 15.9, Avg: 16.2, Max: 16.3, Diff: 0.4, Sum: 64.7]
      [GC Worker End (ms): Min: 24354227.4, Avg: 24354227.4, Max: 24354227.4, Diff: 0.0]
   [Code Root Fixup: 0.0 ms]
   [Code Root Purge: 0.0 ms]
   [Clear CT: 0.1 ms]
   [Other: 0.7 ms]
      [Choose CSet: 0.0 ms]
      [Ref Proc: 0.2 ms]
      [Ref Enq: 0.0 ms]
      [Redirty Cards: 0.1 ms]
      [Humongous Register: 0.0 ms]
      [Humongous Reclaim: 0.0 ms]
      [Free CSet: 0.1 ms]
   [Eden: 46.0M(46.0M)->0.0B(133.0M) Survivors: 5120.0K->7168.0K Heap: 262.8M(1024.0M)->218.8M(1024.0M)]
 [Times: user=0.07 sys=0.00, real=0.02 secs] 
2019-11-03T11:27:18.215+0800: 24376.652: [GC pause (G1 Evacuation Pause) (young), 0.0193330 secs]
   [Parallel Time: 18.6 ms, GC Workers: 4]
      [GC Worker Start (ms): Min: 24376651.8, Avg: 24376652.5, Max: 24376654.8, Diff: 3.0]
      [Ext Root Scanning (ms): Min: 0.0, Avg: 0.8, Max: 1.0, Diff: 1.0, Sum: 3.1]
      [Update RS (ms): Min: 1.1, Avg: 2.6, Max: 3.3, Diff: 2.2, Sum: 10.4]
         [Processed Buffers: Min: 1, Avg: 7.5, Max: 16, Diff: 15, Sum: 30]
      [Scan RS (ms): Min: 4.3, Avg: 4.6, Max: 4.7, Diff: 0.3, Sum: 18.3]
      [Code Root Scanning (ms): Min: 0.0, Avg: 0.0, Max: 0.0, Diff: 0.0, Sum: 0.0]
      [Object Copy (ms): Min: 9.7, Avg: 9.7, Max: 9.8, Diff: 0.1, Sum: 38.9]
      [Termination (ms): Min: 0.0, Avg: 0.0, Max: 0.0, Diff: 0.0, Sum: 0.0]
         [Termination Attempts: Min: 1, Avg: 1.0, Max: 1, Diff: 0, Sum: 4]
      [GC Worker Other (ms): Min: 0.0, Avg: 0.0, Max: 0.1, Diff: 0.0, Sum: 0.2]
      [GC Worker Total (ms): Min: 15.5, Avg: 17.7, Max: 18.5, Diff: 3.0, Sum: 70.8]
      [GC Worker End (ms): Min: 24376670.2, Avg: 24376670.2, Max: 24376670.3, Diff: 0.0]
   [Code Root Fixup: 0.0 ms]
   [Code Root Purge: 0.0 ms]
   [Clear CT: 0.1 ms]
   [Other: 0.6 ms]
      [Choose CSet: 0.0 ms]
      [Ref Proc: 0.1 ms]
      [Ref Enq: 0.0 ms]
      [Redirty Cards: 0.1 ms]
      [Humongous Register: 0.0 ms]
      [Humongous Reclaim: 0.0 ms]
      [Free CSet: 0.1 ms]
   [Eden: 82.0M(44.0M)->0.0B(119.0M) Survivors: 7168.0K->5120.0K Heap: 300.8M(1024.0M)->217.8M(1024.0M)]
 [Times: user=0.07 sys=0.00, real=0.02 secs] 
2019-11-03T11:27:31.521+0800: 24389.957: [GC pause (G1 Evacuation Pause) (young), 0.0185138 secs]
   [Parallel Time: 17.7 ms, GC Workers: 4]
      [GC Worker Start (ms): Min: 24389957.7, Avg: 24389958.0, Max: 24389958.8, Diff: 1.2]
      [Ext Root Scanning (ms): Min: 0.0, Avg: 0.8, Max: 1.1, Diff: 1.0, Sum: 3.1]
      [Update RS (ms): Min: 2.2, Avg: 2.6, Max: 2.9, Diff: 0.7, Sum: 10.3]
         [Processed Buffers: Min: 3, Avg: 6.8, Max: 12, Diff: 9, Sum: 27]
      [Scan RS (ms): Min: 5.4, Avg: 5.6, Max: 6.0, Diff: 0.6, Sum: 22.5]
      [Code Root Scanning (ms): Min: 0.0, Avg: 0.0, Max: 0.0, Diff: 0.0, Sum: 0.0]
      [Object Copy (ms): Min: 8.1, Avg: 8.2, Max: 8.4, Diff: 0.3, Sum: 32.8]
      [Termination (ms): Min: 0.0, Avg: 0.0, Max: 0.0, Diff: 0.0, Sum: 0.0]
         [Termination Attempts: Min: 1, Avg: 1.0, Max: 1, Diff: 0, Sum: 4]
      [GC Worker Other (ms): Min: 0.0, Avg: 0.0, Max: 0.1, Diff: 0.0, Sum: 0.2]
      [GC Worker Total (ms): Min: 16.4, Avg: 17.2, Max: 17.5, Diff: 1.1, Sum: 68.9]
      [GC Worker End (ms): Min: 24389975.2, Avg: 24389975.2, Max: 24389975.2, Diff: 0.0]
   [Code Root Fixup: 0.0 ms]
   [Code Root Purge: 0.0 ms]
   [Clear CT: 0.1 ms]
   [Other: 0.7 ms]
      [Choose CSet: 0.0 ms]
      [Ref Proc: 0.2 ms]
      [Ref Enq: 0.0 ms]
      [Redirty Cards: 0.1 ms]
      [Humongous Register: 0.0 ms]
      [Humongous Reclaim: 0.0 ms]
      [Free CSet: 0.1 ms]
   [Eden: 49.0M(46.0M)->0.0B(100.0M) Survivors: 5120.0K->5120.0K Heap: 266.8M(1024.0M)->217.8M(1024.0M)]
 [Times: user=0.07 sys=0.00, real=0.02 secs] 
2019-11-03T11:27:48.116+0800: 24406.552: [GC pause (G1 Evacuation Pause) (young), 0.0206348 secs]
   [Parallel Time: 19.6 ms, GC Workers: 4]
      [GC Worker Start (ms): Min: 24406551.9, Avg: 24406552.0, Max: 24406552.0, Diff: 0.1]
      [Ext Root Scanning (ms): Min: 0.8, Avg: 0.8, Max: 0.9, Diff: 0.1, Sum: 3.2]
      [Update RS (ms): Min: 2.2, Avg: 2.4, Max: 2.7, Diff: 0.6, Sum: 9.8]
         [Processed Buffers: Min: 4, Avg: 8.5, Max: 15, Diff: 11, Sum: 34]
      [Scan RS (ms): Min: 6.1, Avg: 6.4, Max: 6.6, Diff: 0.5, Sum: 25.6]
      [Code Root Scanning (ms): Min: 0.0, Avg: 0.0, Max: 0.0, Diff: 0.0, Sum: 0.0]
      [Object Copy (ms): Min: 9.7, Avg: 9.8, Max: 9.8, Diff: 0.1, Sum: 39.1]
      [Termination (ms): Min: 0.0, Avg: 0.0, Max: 0.0, Diff: 0.0, Sum: 0.0]
         [Termination Attempts: Min: 1, Avg: 1.5, Max: 2, Diff: 1, Sum: 6]
      [GC Worker Other (ms): Min: 0.0, Avg: 0.0, Max: 0.1, Diff: 0.0, Sum: 0.2]
      [GC Worker Total (ms): Min: 19.4, Avg: 19.4, Max: 19.5, Diff: 0.1, Sum: 77.8]
      [GC Worker End (ms): Min: 24406571.4, Avg: 24406571.4, Max: 24406571.4, Diff: 0.0]
   [Code Root Fixup: 0.0 ms]
   [Code Root Purge: 0.0 ms]
   [Clear CT: 0.1 ms]
   [Other: 0.9 ms]
      [Choose CSet: 0.0 ms]
      [Ref Proc: 0.3 ms]
      [Ref Enq: 0.0 ms]
      [Redirty Cards: 0.1 ms]
      [Humongous Register: 0.0 ms]
      [Humongous Reclaim: 0.0 ms]
      [Free CSet: 0.1 ms]
   [Eden: 61.0M(46.0M)->0.0B(80.0M) Survivors: 5120.0K->5120.0K Heap: 278.8M(1024.0M)->218.2M(1024.0M)]
 [Times: user=0.08 sys=0.00, real=0.02 secs] 
2019-11-03T11:28:00.673+0800: 24419.108: [GC pause (G1 Evacuation Pause) (young), 0.0176747 secs]
   [Parallel Time: 16.9 ms, GC Workers: 4]
      [GC Worker Start (ms): Min: 24419108.1, Avg: 24419108.2, Max: 24419108.4, Diff: 0.3]
      [Ext Root Scanning (ms): Min: 0.6, Avg: 0.8, Max: 0.9, Diff: 0.3, Sum: 3.1]
      [Update RS (ms): Min: 1.9, Avg: 2.1, Max: 2.2, Diff: 0.4, Sum: 8.5]
         [Processed Buffers: Min: 4, Avg: 7.5, Max: 13, Diff: 9, Sum: 30]
      [Scan RS (ms): Min: 5.2, Avg: 5.3, Max: 5.6, Diff: 0.4, Sum: 21.4]
      [Code Root Scanning (ms): Min: 0.0, Avg: 0.0, Max: 0.0, Diff: 0.0, Sum: 0.0]
      [Object Copy (ms): Min: 8.4, Avg: 8.4, Max: 8.4, Diff: 0.1, Sum: 33.6]
      [Termination (ms): Min: 0.0, Avg: 0.0, Max: 0.0, Diff: 0.0, Sum: 0.0]
         [Termination Attempts: Min: 1, Avg: 1.0, Max: 1, Diff: 0, Sum: 4]
      [GC Worker Other (ms): Min: 0.0, Avg: 0.0, Max: 0.1, Diff: 0.0, Sum: 0.2]
      [GC Worker Total (ms): Min: 16.4, Avg: 16.7, Max: 16.8, Diff: 0.4, Sum: 66.8]
      [GC Worker End (ms): Min: 24419124.8, Avg: 24419124.9, Max: 24419124.9, Diff: 0.0]
   [Code Root Fixup: 0.0 ms]
   [Code Root Purge: 0.0 ms]
   [Clear CT: 0.1 ms]
   [Other: 0.7 ms]
      [Choose CSet: 0.0 ms]
      [Ref Proc: 0.2 ms]
      [Ref Enq: 0.0 ms]
      [Redirty Cards: 0.0 ms]
      [Humongous Register: 0.1 ms]
      [Humongous Reclaim: 0.0 ms]
      [Free CSet: 0.1 ms]
   [Eden: 46.0M(46.0M)->0.0B(97.0M) Survivors: 5120.0K->5120.0K Heap: 264.2M(1024.0M)->218.8M(1024.0M)]
 [Times: user=0.07 sys=0.00, real=0.02 secs] 
2019-11-03T11:28:18.846+0800: 24437.280: [GC pause (G1 Evacuation Pause) (young), 0.0214293 secs]
   [Parallel Time: 20.7 ms, GC Workers: 4]
      [GC Worker Start (ms): Min: 24437280.2, Avg: 24437280.7, Max: 24437282.1, Diff: 1.9]
      [Ext Root Scanning (ms): Min: 0.0, Avg: 0.7, Max: 0.9, Diff: 0.9, Sum: 2.7]
      [Update RS (ms): Min: 1.8, Avg: 2.6, Max: 3.1, Diff: 1.3, Sum: 10.3]
         [Processed Buffers: Min: 3, Avg: 8.0, Max: 16, Diff: 13, Sum: 32]
      [Scan RS (ms): Min: 6.5, Avg: 6.8, Max: 7.3, Diff: 0.8, Sum: 27.3]
      [Code Root Scanning (ms): Min: 0.0, Avg: 0.0, Max: 0.0, Diff: 0.0, Sum: 0.0]
      [Object Copy (ms): Min: 9.9, Avg: 10.0, Max: 10.1, Diff: 0.2, Sum: 39.9]
      [Termination (ms): Min: 0.0, Avg: 0.0, Max: 0.0, Diff: 0.0, Sum: 0.1]
         [Termination Attempts: Min: 1, Avg: 1.0, Max: 1, Diff: 0, Sum: 4]
      [GC Worker Other (ms): Min: 0.0, Avg: 0.0, Max: 0.0, Diff: 0.0, Sum: 0.1]
      [GC Worker Total (ms): Min: 18.7, Avg: 20.1, Max: 20.6, Diff: 1.9, Sum: 80.5]
      [GC Worker End (ms): Min: 24437300.8, Avg: 24437300.8, Max: 24437300.8, Diff: 0.0]
   [Code Root Fixup: 0.0 ms]
   [Code Root Purge: 0.0 ms]
   [Clear CT: 0.1 ms]
   [Other: 0.6 ms]
      [Choose CSet: 0.0 ms]
      [Ref Proc: 0.1 ms]
      [Ref Enq: 0.0 ms]
      [Redirty Cards: 0.1 ms]
      [Humongous Register: 0.0 ms]
      [Humongous Reclaim: 0.0 ms]
      [Free CSet: 0.1 ms]
   [Eden: 66.0M(46.0M)->0.0B(93.0M) Survivors: 5120.0K->7168.0K Heap: 284.8M(1024.0M)->220.8M(1024.0M)]
 [Times: user=0.08 sys=0.00, real=0.02 secs] 
2019-11-03T11:45:56.017+0800: 24464.460: [GC pause (G1 Evacuation Pause) (young), 0.1039903 secs]
   [Parallel Time: 89.1 ms, GC Workers: 4]
      [GC Worker Start (ms): Min: 24464460.2, Avg: 24464480.8, Max: 24464512.9, Diff: 52.7]
      [Ext Root Scanning (ms): Min: 0.0, Avg: 0.5, Max: 1.9, Diff: 1.8, Sum: 1.9]
      [Update RS (ms): Min: 0.0, Avg: 4.7, Max: 14.7, Diff: 14.7, Sum: 18.7]
         [Processed Buffers: Min: 0, Avg: 9.5, Max: 38, Diff: 38, Sum: 38]
      [Scan RS (ms): Min: 0.0, Avg: 22.0, Max: 40.6, Diff: 40.6, Sum: 88.1]
      [Code Root Scanning (ms): Min: 0.0, Avg: 0.0, Max: 0.0, Diff: 0.0, Sum: 0.0]
      [Object Copy (ms): Min: 21.2, Avg: 30.8, Max: 42.7, Diff: 21.5, Sum: 123.3]
      [Termination (ms): Min: 0.0, Avg: 7.6, Max: 10.2, Diff: 10.2, Sum: 30.5]
         [Termination Attempts: Min: 1, Avg: 1.5, Max: 3, Diff: 2, Sum: 6]
      [GC Worker Other (ms): Min: 0.0, Avg: 0.1, Max: 0.3, Diff: 0.3, Sum: 0.4]
      [GC Worker Total (ms): Min: 36.3, Avg: 65.7, Max: 88.8, Diff: 52.5, Sum: 262.9]
      [GC Worker End (ms): Min: 24464539.1, Avg: 24464546.6, Max: 24464549.2, Diff: 10.1]
   [Code Root Fixup: 0.0 ms]
   [Code Root Purge: 0.0 ms]
   [Clear CT: 0.1 ms]
   [Other: 14.7 ms]
      [Choose CSet: 0.0 ms]
      [Ref Proc: 14.2 ms]
      [Ref Enq: 0.0 ms]
      [Redirty Cards: 0.1 ms]
      [Humongous Register: 0.1 ms]
      [Humongous Reclaim: 0.0 ms]
      [Free CSet: 0.1 ms]
   [Eden: 92.0M(44.0M)->0.0B(46.0M) Survivors: 7168.0K->5120.0K Heap: 312.8M(1024.0M)->220.6M(1024.0M)]
 [Times: user=0.07 sys=0.00, real=0.11 secs] 
2019-11-03T12:08:16.690+0800: 25804.489: [GC pause (G1 Evacuation Pause) (young), 0.0199377 secs]
   [Parallel Time: 18.8 ms, GC Workers: 4]
      [GC Worker Start (ms): Min: 25804489.1, Avg: 25804489.1, Max: 25804489.2, Diff: 0.1]
      [Ext Root Scanning (ms): Min: 0.7, Avg: 0.8, Max: 0.8, Diff: 0.1, Sum: 3.0]
      [Update RS (ms): Min: 2.0, Avg: 2.3, Max: 2.5, Diff: 0.5, Sum: 9.2]
         [Processed Buffers: Min: 9, Avg: 11.0, Max: 13, Diff: 4, Sum: 44]
      [Scan RS (ms): Min: 7.1, Avg: 7.4, Max: 7.7, Diff: 0.6, Sum: 29.5]
      [Code Root Scanning (ms): Min: 0.0, Avg: 0.0, Max: 0.0, Diff: 0.0, Sum: 0.0]
      [Object Copy (ms): Min: 8.1, Avg: 8.2, Max: 8.3, Diff: 0.2, Sum: 32.8]
      [Termination (ms): Min: 0.0, Avg: 0.0, Max: 0.0, Diff: 0.0, Sum: 0.0]
         [Termination Attempts: Min: 1, Avg: 1.0, Max: 1, Diff: 0, Sum: 4]
      [GC Worker Other (ms): Min: 0.0, Avg: 0.0, Max: 0.1, Diff: 0.0, Sum: 0.1]
      [GC Worker Total (ms): Min: 18.7, Avg: 18.7, Max: 18.7, Diff: 0.0, Sum: 74.8]
      [GC Worker End (ms): Min: 25804507.8, Avg: 25804507.8, Max: 25804507.8, Diff: 0.0]
   [Code Root Fixup: 0.0 ms]
   [Code Root Purge: 0.0 ms]
   [Clear CT: 0.1 ms]
   [Other: 1.0 ms]
      [Choose CSet: 0.0 ms]
      [Ref Proc: 0.5 ms]
      [Ref Enq: 0.0 ms]
      [Redirty Cards: 0.1 ms]
      [Humongous Register: 0.0 ms]
      [Humongous Reclaim: 0.0 ms]
      [Free CSet: 0.1 ms]
   [Eden: 46.0M(46.0M)->0.0B(46.0M) Survivors: 5120.0K->5120.0K Heap: 266.6M(1024.0M)->220.1M(1024.0M)]
 [Times: user=0.08 sys=0.00, real=0.02 secs] 
2019-11-03T12:28:56.622+0800: 26799.893: [GC pause (G1 Evacuation Pause) (young), 0.0241848 secs]
   [Parallel Time: 23.1 ms, GC Workers: 4]
      [GC Worker Start (ms): Min: 26799893.2, Avg: 26799893.3, Max: 26799893.5, Diff: 0.2]
      [Ext Root Scanning (ms): Min: 0.5, Avg: 1.1, Max: 2.6, Diff: 2.2, Sum: 4.5]
      [Update RS (ms): Min: 0.4, Avg: 1.7, Max: 2.2, Diff: 1.8, Sum: 6.7]
         [Processed Buffers: Min: 7, Avg: 11.5, Max: 17, Diff: 10, Sum: 46]
      [Scan RS (ms): Min: 5.0, Avg: 5.1, Max: 5.2, Diff: 0.2, Sum: 20.5]
      [Code Root Scanning (ms): Min: 0.0, Avg: 0.0, Max: 0.0, Diff: 0.0, Sum: 0.0]
      [Object Copy (ms): Min: 15.0, Avg: 15.0, Max: 15.1, Diff: 0.1, Sum: 60.2]
      [Termination (ms): Min: 0.0, Avg: 0.0, Max: 0.0, Diff: 0.0, Sum: 0.0]
         [Termination Attempts: Min: 1, Avg: 1.8, Max: 3, Diff: 2, Sum: 7]
      [GC Worker Other (ms): Min: 0.0, Avg: 0.0, Max: 0.0, Diff: 0.0, Sum: 0.1]
      [GC Worker Total (ms): Min: 22.8, Avg: 23.0, Max: 23.1, Diff: 0.2, Sum: 92.0]
      [GC Worker End (ms): Min: 26799916.3, Avg: 26799916.3, Max: 26799916.3, Diff: 0.0]
   [Code Root Fixup: 0.0 ms]
   [Code Root Purge: 0.0 ms]
   [Clear CT: 0.1 ms]
   [Other: 1.0 ms]
      [Choose CSet: 0.0 ms]
      [Ref Proc: 0.5 ms]
      [Ref Enq: 0.0 ms]
      [Redirty Cards: 0.1 ms]
      [Humongous Register: 0.0 ms]
      [Humongous Reclaim: 0.0 ms]
      [Free CSet: 0.1 ms]
   [Eden: 46.0M(46.0M)->0.0B(44.0M) Survivors: 5120.0K->7168.0K Heap: 266.1M(1024.0M)->223.4M(1024.0M)]
 [Times: user=0.09 sys=0.00, real=0.02 secs] 
2019-11-03T12:29:06.813+0800: 26810.084: [GC pause (G1 Evacuation Pause) (young), 0.0289241 secs]
   [Parallel Time: 28.1 ms, GC Workers: 4]
      [GC Worker Start (ms): Min: 26810084.1, Avg: 26810084.1, Max: 26810084.2, Diff: 0.1]
      [Ext Root Scanning (ms): Min: 0.8, Avg: 0.8, Max: 0.9, Diff: 0.1, Sum: 3.3]
      [Update RS (ms): Min: 1.6, Avg: 1.8, Max: 2.2, Diff: 0.5, Sum: 7.3]
         [Processed Buffers: Min: 1, Avg: 7.0, Max: 10, Diff: 9, Sum: 28]
      [Scan RS (ms): Min: 8.9, Avg: 9.5, Max: 10.6, Diff: 1.7, Sum: 38.0]
      [Code Root Scanning (ms): Min: 0.0, Avg: 0.0, Max: 0.0, Diff: 0.0, Sum: 0.1]
      [Object Copy (ms): Min: 14.9, Avg: 15.8, Max: 16.1, Diff: 1.1, Sum: 63.0]
      [Termination (ms): Min: 0.0, Avg: 0.0, Max: 0.0, Diff: 0.0, Sum: 0.0]
         [Termination Attempts: Min: 1, Avg: 1.0, Max: 1, Diff: 0, Sum: 4]
      [GC Worker Other (ms): Min: 0.0, Avg: 0.1, Max: 0.1, Diff: 0.1, Sum: 0.3]
      [GC Worker Total (ms): Min: 28.0, Avg: 28.0, Max: 28.0, Diff: 0.0, Sum: 112.0]
      [GC Worker End (ms): Min: 26810112.1, Avg: 26810112.1, Max: 26810112.1, Diff: 0.1]
   [Code Root Fixup: 0.0 ms]
   [Code Root Purge: 0.0 ms]
   [Clear CT: 0.1 ms]
   [Other: 0.7 ms]
      [Choose CSet: 0.0 ms]
      [Ref Proc: 0.2 ms]
      [Ref Enq: 0.0 ms]
      [Redirty Cards: 0.1 ms]
      [Humongous Register: 0.0 ms]
      [Humongous Reclaim: 0.0 ms]
      [Free CSet: 0.1 ms]
   [Eden: 44.0M(44.0M)->0.0B(45.0M) Survivors: 7168.0K->6144.0K Heap: 267.4M(1024.0M)->225.3M(1024.0M)]
 [Times: user=0.10 sys=0.00, real=0.03 secs] 
2019-11-03T12:29:17.696+0800: 26820.966: [GC pause (G1 Evacuation Pause) (young), 0.0221777 secs]
   [Parallel Time: 21.0 ms, GC Workers: 4]
      [GC Worker Start (ms): Min: 26820966.0, Avg: 26820966.0, Max: 26820966.1, Diff: 0.1]
      [Ext Root Scanning (ms): Min: 0.8, Avg: 0.8, Max: 0.9, Diff: 0.1, Sum: 3.2]
      [Update RS (ms): Min: 1.8, Avg: 2.1, Max: 2.5, Diff: 0.7, Sum: 8.4]
         [Processed Buffers: Min: 1, Avg: 8.5, Max: 13, Diff: 12, Sum: 34]
      [Scan RS (ms): Min: 8.1, Avg: 8.5, Max: 8.7, Diff: 0.6, Sum: 33.8]
      [Code Root Scanning (ms): Min: 0.0, Avg: 0.0, Max: 0.0, Diff: 0.0, Sum: 0.1]
      [Object Copy (ms): Min: 9.2, Avg: 9.5, Max: 9.6, Diff: 0.4, Sum: 37.8]
      [Termination (ms): Min: 0.0, Avg: 0.0, Max: 0.0, Diff: 0.0, Sum: 0.0]
         [Termination Attempts: Min: 1, Avg: 1.0, Max: 1, Diff: 0, Sum: 4]
      [GC Worker Other (ms): Min: 0.0, Avg: 0.0, Max: 0.1, Diff: 0.0, Sum: 0.2]
      [GC Worker Total (ms): Min: 20.8, Avg: 20.9, Max: 20.9, Diff: 0.1, Sum: 83.5]
      [GC Worker End (ms): Min: 26820986.9, Avg: 26820986.9, Max: 26820986.9, Diff: 0.0]
   [Code Root Fixup: 0.0 ms]
   [Code Root Purge: 0.0 ms]
   [Clear CT: 0.1 ms]
   [Other: 1.1 ms]
      [Choose CSet: 0.0 ms]
      [Ref Proc: 0.5 ms]
      [Ref Enq: 0.0 ms]
      [Redirty Cards: 0.1 ms]
      [Humongous Register: 0.0 ms]
      [Humongous Reclaim: 0.0 ms]
      [Free CSet: 0.1 ms]
   [Eden: 45.0M(45.0M)->0.0B(48.0M) Survivors: 6144.0K->3072.0K Heap: 270.3M(1024.0M)->225.9M(1024.0M)]
 [Times: user=0.08 sys=0.01, real=0.02 secs] 
2019-11-03T12:31:26.227+0800: 26949.492: [GC pause (G1 Evacuation Pause) (young), 0.0184755 secs]
   [Parallel Time: 17.7 ms, GC Workers: 4]
      [GC Worker Start (ms): Min: 26949492.2, Avg: 26949492.2, Max: 26949492.2, Diff: 0.1]
      [Ext Root Scanning (ms): Min: 0.8, Avg: 1.3, Max: 2.4, Diff: 1.6, Sum: 5.1]
      [Update RS (ms): Min: 2.0, Avg: 3.3, Max: 3.9, Diff: 2.0, Sum: 13.1]
         [Processed Buffers: Min: 2, Avg: 11.0, Max: 24, Diff: 22, Sum: 44]
      [Scan RS (ms): Min: 1.0, Avg: 1.3, Max: 1.5, Diff: 0.5, Sum: 5.1]
      [Code Root Scanning (ms): Min: 0.0, Avg: 0.0, Max: 0.0, Diff: 0.0, Sum: 0.0]
      [Object Copy (ms): Min: 11.0, Avg: 11.2, Max: 11.2, Diff: 0.2, Sum: 44.7]
      [Termination (ms): Min: 0.0, Avg: 0.3, Max: 0.6, Diff: 0.6, Sum: 1.3]
         [Termination Attempts: Min: 1, Avg: 1.0, Max: 1, Diff: 0, Sum: 4]
      [GC Worker Other (ms): Min: 0.0, Avg: 0.0, Max: 0.0, Diff: 0.0, Sum: 0.1]
      [GC Worker Total (ms): Min: 17.1, Avg: 17.4, Max: 17.6, Diff: 0.4, Sum: 69.4]
      [GC Worker End (ms): Min: 26949509.4, Avg: 26949509.6, Max: 26949509.8, Diff: 0.4]
   [Code Root Fixup: 0.0 ms]
   [Code Root Purge: 0.0 ms]
   [Clear CT: 0.1 ms]
   [Other: 0.7 ms]
      [Choose CSet: 0.0 ms]
      [Ref Proc: 0.3 ms]
      [Ref Enq: 0.0 ms]
      [Redirty Cards: 0.1 ms]
      [Humongous Register: 0.0 ms]
      [Humongous Reclaim: 0.0 ms]
      [Free CSet: 0.1 ms]
   [Eden: 48.0M(48.0M)->0.0B(45.0M) Survivors: 3072.0K->6144.0K Heap: 273.9M(1024.0M)->228.8M(1024.0M)]
 [Times: user=0.06 sys=0.00, real=0.02 secs] 
2019-11-03T12:32:19.830+0800: 27003.093: [GC pause (G1 Evacuation Pause) (young), 0.0210900 secs]
   [Parallel Time: 20.2 ms, GC Workers: 4]
      [GC Worker Start (ms): Min: 27003093.1, Avg: 27003093.4, Max: 27003094.3, Diff: 1.3]
      [Ext Root Scanning (ms): Min: 0.0, Avg: 0.8, Max: 1.1, Diff: 1.1, Sum: 3.3]
      [Update RS (ms): Min: 1.5, Avg: 2.9, Max: 4.0, Diff: 2.4, Sum: 11.7]
         [Processed Buffers: Min: 0, Avg: 8.5, Max: 15, Diff: 15, Sum: 34]
      [Scan RS (ms): Min: 0.5, Avg: 1.5, Max: 2.8, Diff: 2.3, Sum: 6.0]
      [Code Root Scanning (ms): Min: 0.0, Avg: 0.0, Max: 0.0, Diff: 0.0, Sum: 0.1]
      [Object Copy (ms): Min: 14.2, Avg: 14.4, Max: 14.5, Diff: 0.2, Sum: 57.4]
      [Termination (ms): Min: 0.0, Avg: 0.1, Max: 0.1, Diff: 0.1, Sum: 0.4]
         [Termination Attempts: Min: 1, Avg: 1.0, Max: 1, Diff: 0, Sum: 4]
      [GC Worker Other (ms): Min: 0.0, Avg: 0.0, Max: 0.0, Diff: 0.0, Sum: 0.1]
      [GC Worker Total (ms): Min: 18.8, Avg: 19.7, Max: 20.1, Diff: 1.3, Sum: 78.9]
      [GC Worker End (ms): Min: 27003113.1, Avg: 27003113.1, Max: 27003113.2, Diff: 0.0]
   [Code Root Fixup: 0.0 ms]
   [Code Root Purge: 0.0 ms]
   [Clear CT: 0.1 ms]
   [Other: 0.9 ms]
      [Choose CSet: 0.0 ms]
      [Ref Proc: 0.3 ms]
      [Ref Enq: 0.0 ms]
      [Redirty Cards: 0.1 ms]
      [Humongous Register: 0.1 ms]
      [Humongous Reclaim: 0.0 ms]
      [Free CSet: 0.1 ms]
   [Eden: 45.0M(45.0M)->0.0B(44.0M) Survivors: 6144.0K->7168.0K Heap: 273.8M(1024.0M)->230.1M(1024.0M)]
 [Times: user=0.07 sys=0.00, real=0.02 secs] 
2019-11-03T12:32:30.222+0800: 27013.485: [GC pause (G1 Evacuation Pause) (young), 0.0247647 secs]
   [Parallel Time: 24.0 ms, GC Workers: 4]
      [GC Worker Start (ms): Min: 27013485.1, Avg: 27013487.8, Max: 27013492.6, Diff: 7.4]
      [Ext Root Scanning (ms): Min: 0.0, Avg: 0.5, Max: 1.7, Diff: 1.7, Sum: 2.1]
      [Update RS (ms): Min: 0.0, Avg: 1.0, Max: 1.3, Diff: 1.3, Sum: 3.8]
         [Processed Buffers: Min: 0, Avg: 6.5, Max: 14, Diff: 14, Sum: 26]
      [Scan RS (ms): Min: 0.0, Avg: 0.8, Max: 1.2, Diff: 1.2, Sum: 3.4]
      [Code Root Scanning (ms): Min: 0.0, Avg: 0.0, Max: 0.0, Diff: 0.0, Sum: 0.0]
      [Object Copy (ms): Min: 16.4, Avg: 18.8, Max: 19.7, Diff: 3.3, Sum: 75.2]
      [Termination (ms): Min: 0.0, Avg: 0.1, Max: 0.2, Diff: 0.2, Sum: 0.4]
         [Termination Attempts: Min: 1, Avg: 1.0, Max: 1, Diff: 0, Sum: 4]
      [GC Worker Other (ms): Min: 0.0, Avg: 0.0, Max: 0.0, Diff: 0.0, Sum: 0.1]
      [GC Worker Total (ms): Min: 16.4, Avg: 21.3, Max: 23.9, Diff: 7.5, Sum: 85.0]
      [GC Worker End (ms): Min: 27013509.0, Avg: 27013509.0, Max: 27013509.1, Diff: 0.1]
   [Code Root Fixup: 0.0 ms]
   [Code Root Purge: 0.0 ms]
   [Clear CT: 0.1 ms]
   [Other: 0.7 ms]
      [Choose CSet: 0.0 ms]
      [Ref Proc: 0.2 ms]
      [Ref Enq: 0.0 ms]
      [Redirty Cards: 0.1 ms]
      [Humongous Register: 0.1 ms]
      [Humongous Reclaim: 0.0 ms]
      [Free CSet: 0.1 ms]
   [Eden: 44.0M(44.0M)->0.0B(45.0M) Survivors: 7168.0K->6144.0K Heap: 274.1M(1024.0M)->231.2M(1024.0M)]
 [Times: user=0.06 sys=0.00, real=0.02 secs] 
2019-11-03T12:32:41.037+0800: 27024.300: [GC pause (G1 Evacuation Pause) (young), 0.0177617 secs]
   [Parallel Time: 17.1 ms, GC Workers: 4]
      [GC Worker Start (ms): Min: 27024300.0, Avg: 27024300.1, Max: 27024300.3, Diff: 0.3]
      [Ext Root Scanning (ms): Min: 0.8, Avg: 1.0, Max: 1.2, Diff: 0.4, Sum: 4.2]
      [Update RS (ms): Min: 2.2, Avg: 2.5, Max: 2.8, Diff: 0.6, Sum: 10.1]
         [Processed Buffers: Min: 3, Avg: 6.5, Max: 9, Diff: 6, Sum: 26]
      [Scan RS (ms): Min: 2.4, Avg: 2.6, Max: 2.8, Diff: 0.3, Sum: 10.6]
      [Code Root Scanning (ms): Min: 0.0, Avg: 0.0, Max: 0.0, Diff: 0.0, Sum: 0.0]
      [Object Copy (ms): Min: 10.4, Avg: 10.7, Max: 11.1, Diff: 0.6, Sum: 42.7]
      [Termination (ms): Min: 0.0, Avg: 0.0, Max: 0.0, Diff: 0.0, Sum: 0.0]
         [Termination Attempts: Min: 1, Avg: 2.2, Max: 4, Diff: 3, Sum: 9]
      [GC Worker Other (ms): Min: 0.0, Avg: 0.0, Max: 0.1, Diff: 0.0, Sum: 0.1]
      [GC Worker Total (ms): Min: 16.7, Avg: 16.9, Max: 17.0, Diff: 0.3, Sum: 67.6]
      [GC Worker End (ms): Min: 27024317.0, Avg: 27024317.0, Max: 27024317.0, Diff: 0.0]
   [Code Root Fixup: 0.0 ms]
   [Code Root Purge: 0.0 ms]
   [Clear CT: 0.1 ms]
   [Other: 0.6 ms]
      [Choose CSet: 0.0 ms]
      [Ref Proc: 0.1 ms]
      [Ref Enq: 0.0 ms]
      [Redirty Cards: 0.1 ms]
      [Humongous Register: 0.0 ms]
      [Humongous Reclaim: 0.0 ms]
      [Free CSet: 0.1 ms]
   [Eden: 45.0M(45.0M)->0.0B(48.0M) Survivors: 6144.0K->3072.0K Heap: 276.2M(1024.0M)->232.5M(1024.0M)]
 [Times: user=0.07 sys=0.00, real=0.02 secs] 
2019-11-03T12:32:52.395+0800: 27035.657: [GC pause (G1 Evacuation Pause) (young), 0.0158583 secs]
   [Parallel Time: 15.2 ms, GC Workers: 4]
      [GC Worker Start (ms): Min: 27035656.7, Avg: 27035656.7, Max: 27035656.8, Diff: 0.1]
      [Ext Root Scanning (ms): Min: 0.7, Avg: 0.8, Max: 0.8, Diff: 0.1, Sum: 3.1]
      [Update RS (ms): Min: 1.7, Avg: 1.9, Max: 2.2, Diff: 0.5, Sum: 7.8]
         [Processed Buffers: Min: 5, Avg: 6.2, Max: 8, Diff: 3, Sum: 25]
      [Scan RS (ms): Min: 3.3, Avg: 3.6, Max: 3.8, Diff: 0.6, Sum: 14.2]
      [Code Root Scanning (ms): Min: 0.0, Avg: 0.0, Max: 0.0, Diff: 0.0, Sum: 0.0]
      [Object Copy (ms): Min: 8.6, Avg: 8.7, Max: 8.8, Diff: 0.2, Sum: 34.7]
      [Termination (ms): Min: 0.0, Avg: 0.0, Max: 0.0, Diff: 0.0, Sum: 0.0]
         [Termination Attempts: Min: 1, Avg: 1.0, Max: 1, Diff: 0, Sum: 4]
      [GC Worker Other (ms): Min: 0.0, Avg: 0.1, Max: 0.1, Diff: 0.1, Sum: 0.2]
      [GC Worker Total (ms): Min: 15.0, Avg: 15.0, Max: 15.0, Diff: 0.0, Sum: 60.0]
      [GC Worker End (ms): Min: 27035671.7, Avg: 27035671.7, Max: 27035671.8, Diff: 0.1]
   [Code Root Fixup: 0.0 ms]
   [Code Root Purge: 0.0 ms]
   [Clear CT: 0.1 ms]
   [Other: 0.6 ms]
      [Choose CSet: 0.0 ms]
      [Ref Proc: 0.2 ms]
      [Ref Enq: 0.0 ms]
      [Redirty Cards: 0.1 ms]
      [Humongous Register: 0.0 ms]
      [Humongous Reclaim: 0.0 ms]
      [Free CSet: 0.1 ms]
   [Eden: 48.0M(48.0M)->0.0B(46.0M) Survivors: 3072.0K->5120.0K Heap: 280.5M(1024.0M)->234.0M(1024.0M)]
 [Times: user=0.06 sys=0.00, real=0.02 secs] 
2019-11-03T12:33:03.461+0800: 27046.722: [GC pause (G1 Evacuation Pause) (young), 0.0168561 secs]
   [Parallel Time: 16.1 ms, GC Workers: 4]
      [GC Worker Start (ms): Min: 27046722.5, Avg: 27046722.5, Max: 27046722.6, Diff: 0.1]
      [Ext Root Scanning (ms): Min: 0.8, Avg: 0.8, Max: 0.9, Diff: 0.1, Sum: 3.4]
      [Update RS (ms): Min: 1.7, Avg: 1.8, Max: 2.1, Diff: 0.4, Sum: 7.4]
         [Processed Buffers: Min: 1, Avg: 6.8, Max: 12, Diff: 11, Sum: 27]
      [Scan RS (ms): Min: 2.8, Avg: 3.0, Max: 3.2, Diff: 0.3, Sum: 12.0]
      [Code Root Scanning (ms): Min: 0.0, Avg: 0.0, Max: 0.0, Diff: 0.0, Sum: 0.0]
      [Object Copy (ms): Min: 10.2, Avg: 10.3, Max: 10.4, Diff: 0.3, Sum: 41.0]
      [Termination (ms): Min: 0.0, Avg: 0.1, Max: 0.1, Diff: 0.1, Sum: 0.2]
         [Termination Attempts: Min: 1, Avg: 1.0, Max: 1, Diff: 0, Sum: 4]
      [GC Worker Other (ms): Min: 0.0, Avg: 0.0, Max: 0.0, Diff: 0.0, Sum: 0.1]
      [GC Worker Total (ms): Min: 16.0, Avg: 16.0, Max: 16.1, Diff: 0.1, Sum: 64.1]
      [GC Worker End (ms): Min: 27046738.5, Avg: 27046738.6, Max: 27046738.6, Diff: 0.0]
   [Code Root Fixup: 0.0 ms]
   [Code Root Purge: 0.0 ms]
   [Clear CT: 0.1 ms]
   [Other: 0.6 ms]
      [Choose CSet: 0.0 ms]
      [Ref Proc: 0.1 ms]
      [Ref Enq: 0.0 ms]
      [Redirty Cards: 0.1 ms]
      [Humongous Register: 0.1 ms]
      [Humongous Reclaim: 0.0 ms]
      [Free CSet: 0.1 ms]
   [Eden: 46.0M(46.0M)->0.0B(46.0M) Survivors: 5120.0K->5120.0K Heap: 280.0M(1024.0M)->235.5M(1024.0M)]
 [Times: user=0.06 sys=0.01, real=0.01 secs] 
2019-11-03T12:33:14.625+0800: 27057.886: [GC pause (G1 Evacuation Pause) (young), 0.0131665 secs]
   [Parallel Time: 12.4 ms, GC Workers: 4]
      [GC Worker Start (ms): Min: 27057886.4, Avg: 27057886.8, Max: 27057887.8, Diff: 1.3]
      [Ext Root Scanning (ms): Min: 0.0, Avg: 0.7, Max: 0.9, Diff: 0.9, Sum: 2.6]
      [Update RS (ms): Min: 1.4, Avg: 1.9, Max: 2.2, Diff: 0.8, Sum: 7.7]
         [Processed Buffers: Min: 3, Avg: 7.0, Max: 10, Diff: 7, Sum: 28]
      [Scan RS (ms): Min: 1.5, Avg: 1.7, Max: 1.9, Diff: 0.3, Sum: 6.6]
      [Code Root Scanning (ms): Min: 0.0, Avg: 0.0, Max: 0.0, Diff: 0.0, Sum: 0.0]
      [Object Copy (ms): Min: 7.7, Avg: 7.8, Max: 7.8, Diff: 0.0, Sum: 31.0]
      [Termination (ms): Min: 0.0, Avg: 0.0, Max: 0.0, Diff: 0.0, Sum: 0.0]
         [Termination Attempts: Min: 1, Avg: 1.0, Max: 1, Diff: 0, Sum: 4]
      [GC Worker Other (ms): Min: 0.0, Avg: 0.0, Max: 0.1, Diff: 0.0, Sum: 0.1]
      [GC Worker Total (ms): Min: 11.0, Avg: 12.0, Max: 12.4, Diff: 1.4, Sum: 48.1]
      [GC Worker End (ms): Min: 27057898.8, Avg: 27057898.8, Max: 27057898.8, Diff: 0.0]
   [Code Root Fixup: 0.0 ms]
   [Code Root Purge: 0.0 ms]
   [Clear CT: 0.1 ms]
   [Other: 0.6 ms]
      [Choose CSet: 0.0 ms]
      [Ref Proc: 0.2 ms]
      [Ref Enq: 0.0 ms]
      [Redirty Cards: 0.1 ms]
      [Humongous Register: 0.0 ms]
      [Humongous Reclaim: 0.0 ms]
      [Free CSet: 0.1 ms]
   [Eden: 46.0M(46.0M)->0.0B(58.0M) Survivors: 5120.0K->5120.0K Heap: 281.5M(1024.0M)->235.5M(1024.0M)]
 [Times: user=0.04 sys=0.00, real=0.02 secs] 
2019-11-03T12:33:28.491+0800: 27071.752: [GC pause (G1 Evacuation Pause) (young), 0.0170553 secs]
   [Parallel Time: 16.3 ms, GC Workers: 4]
      [GC Worker Start (ms): Min: 27071752.1, Avg: 27071752.3, Max: 27071752.8, Diff: 0.6]
      [Ext Root Scanning (ms): Min: 0.3, Avg: 0.8, Max: 1.0, Diff: 0.6, Sum: 3.1]
      [Update RS (ms): Min: 2.7, Avg: 3.1, Max: 3.4, Diff: 0.7, Sum: 12.4]
         [Processed Buffers: Min: 4, Avg: 7.5, Max: 15, Diff: 11, Sum: 30]
      [Scan RS (ms): Min: 1.5, Avg: 1.7, Max: 2.1, Diff: 0.6, Sum: 6.9]
      [Code Root Scanning (ms): Min: 0.0, Avg: 0.0, Max: 0.0, Diff: 0.0, Sum: 0.0]
      [Object Copy (ms): Min: 10.3, Avg: 10.3, Max: 10.3, Diff: 0.1, Sum: 41.2]
      [Termination (ms): Min: 0.0, Avg: 0.1, Max: 0.2, Diff: 0.2, Sum: 0.4]
         [Termination Attempts: Min: 1, Avg: 1.8, Max: 3, Diff: 2, Sum: 7]
      [GC Worker Other (ms): Min: 0.0, Avg: 0.0, Max: 0.0, Diff: 0.0, Sum: 0.1]
      [GC Worker Total (ms): Min: 15.6, Avg: 16.1, Max: 16.2, Diff: 0.6, Sum: 64.2]
      [GC Worker End (ms): Min: 27071768.4, Avg: 27071768.4, Max: 27071768.4, Diff: 0.0]
   [Code Root Fixup: 0.0 ms]
   [Code Root Purge: 0.0 ms]
   [Clear CT: 0.1 ms]
   [Other: 0.7 ms]
      [Choose CSet: 0.0 ms]
      [Ref Proc: 0.3 ms]
      [Ref Enq: 0.0 ms]
      [Redirty Cards: 0.1 ms]
      [Humongous Register: 0.0 ms]
      [Humongous Reclaim: 0.0 ms]
      [Free CSet: 0.1 ms]
   [Eden: 58.0M(58.0M)->0.0B(61.0M) Survivors: 5120.0K->4096.0K Heap: 293.5M(1024.0M)->235.0M(1024.0M)]
 [Times: user=0.05 sys=0.00, real=0.01 secs] 
2019-11-03T12:33:43.073+0800: 27086.333: [GC pause (G1 Evacuation Pause) (young), 0.0181531 secs]
   [Parallel Time: 17.2 ms, GC Workers: 4]
      [GC Worker Start (ms): Min: 27086332.8, Avg: 27086332.8, Max: 27086332.8, Diff: 0.1]
      [Ext Root Scanning (ms): Min: 0.7, Avg: 0.8, Max: 0.8, Diff: 0.1, Sum: 3.1]
      [Update RS (ms): Min: 4.4, Avg: 4.7, Max: 5.0, Diff: 0.6, Sum: 18.8]
         [Processed Buffers: Min: 0, Avg: 6.8, Max: 12, Diff: 12, Sum: 27]
      [Scan RS (ms): Min: 1.9, Avg: 2.2, Max: 2.5, Diff: 0.6, Sum: 8.7]
      [Code Root Scanning (ms): Min: 0.0, Avg: 0.0, Max: 0.0, Diff: 0.0, Sum: 0.0]
      [Object Copy (ms): Min: 9.3, Avg: 9.4, Max: 9.4, Diff: 0.1, Sum: 37.5]
      [Termination (ms): Min: 0.0, Avg: 0.0, Max: 0.0, Diff: 0.0, Sum: 0.0]
         [Termination Attempts: Min: 1, Avg: 1.0, Max: 1, Diff: 0, Sum: 4]
      [GC Worker Other (ms): Min: 0.0, Avg: 0.0, Max: 0.1, Diff: 0.0, Sum: 0.2]
      [GC Worker Total (ms): Min: 17.0, Avg: 17.1, Max: 17.1, Diff: 0.1, Sum: 68.2]
      [GC Worker End (ms): Min: 27086349.8, Avg: 27086349.8, Max: 27086349.9, Diff: 0.0]
   [Code Root Fixup: 0.0 ms]
   [Code Root Purge: 0.0 ms]
   [Clear CT: 0.1 ms]
   [Other: 0.8 ms]
      [Choose CSet: 0.0 ms]
      [Ref Proc: 0.3 ms]
      [Ref Enq: 0.0 ms]
      [Redirty Cards: 0.1 ms]
      [Humongous Register: 0.0 ms]
      [Humongous Reclaim: 0.0 ms]
      [Free CSet: 0.1 ms]
   [Eden: 61.0M(61.0M)->0.0B(61.0M) Survivors: 4096.0K->5120.0K Heap: 296.0M(1024.0M)->235.5M(1024.0M)]
 [Times: user=0.05 sys=0.00, real=0.02 secs] 
2019-11-03T12:33:57.602+0800: 27100.861: [GC pause (G1 Evacuation Pause) (young), 0.0183633 secs]
   [Parallel Time: 17.6 ms, GC Workers: 4]
      [GC Worker Start (ms): Min: 27100861.4, Avg: 27100861.4, Max: 27100861.4, Diff: 0.0]
      [Ext Root Scanning (ms): Min: 0.6, Avg: 0.7, Max: 0.7, Diff: 0.1, Sum: 2.7]
      [Update RS (ms): Min: 0.0, Avg: 2.5, Max: 3.5, Diff: 3.4, Sum: 10.0]
         [Processed Buffers: Min: 0, Avg: 8.0, Max: 18, Diff: 18, Sum: 32]
      [Scan RS (ms): Min: 0.8, Avg: 1.5, Max: 1.9, Diff: 1.1, Sum: 6.2]
      [Code Root Scanning (ms): Min: 0.0, Avg: 0.0, Max: 0.0, Diff: 0.0, Sum: 0.0]
      [Object Copy (ms): Min: 11.4, Avg: 12.5, Max: 15.7, Diff: 4.3, Sum: 50.1]
      [Termination (ms): Min: 0.0, Avg: 0.2, Max: 0.3, Diff: 0.3, Sum: 0.7]
         [Termination Attempts: Min: 1, Avg: 1.8, Max: 4, Diff: 3, Sum: 7]
      [GC Worker Other (ms): Min: 0.0, Avg: 0.0, Max: 0.0, Diff: 0.0, Sum: 0.1]
      [GC Worker Total (ms): Min: 17.4, Avg: 17.4, Max: 17.5, Diff: 0.2, Sum: 69.6]
      [GC Worker End (ms): Min: 27100878.7, Avg: 27100878.8, Max: 27100878.9, Diff: 0.2]
   [Code Root Fixup: 0.0 ms]
   [Code Root Purge: 0.0 ms]
   [Clear CT: 0.1 ms]
   [Other: 0.7 ms]
      [Choose CSet: 0.0 ms]
      [Ref Proc: 0.1 ms]
      [Ref Enq: 0.0 ms]
      [Redirty Cards: 0.1 ms]
      [Humongous Register: 0.0 ms]
      [Humongous Reclaim: 0.0 ms]
      [Free CSet: 0.1 ms]
   [Eden: 61.0M(61.0M)->0.0B(55.0M) Survivors: 5120.0K->7168.0K Heap: 296.5M(1024.0M)->237.5M(1024.0M)]
 [Times: user=0.05 sys=0.00, real=0.02 secs] 
2019-11-03T12:34:10.874+0800: 27114.133: [GC pause (G1 Evacuation Pause) (young), 0.0188718 secs]
   [Parallel Time: 18.2 ms, GC Workers: 4]
      [GC Worker Start (ms): Min: 27114133.5, Avg: 27114133.8, Max: 27114134.9, Diff: 1.4]
      [Ext Root Scanning (ms): Min: 0.0, Avg: 0.8, Max: 1.1, Diff: 1.0, Sum: 3.0]
      [Update RS (ms): Min: 1.9, Avg: 2.3, Max: 2.8, Diff: 0.8, Sum: 9.1]
         [Processed Buffers: Min: 4, Avg: 6.5, Max: 9, Diff: 5, Sum: 26]
      [Scan RS (ms): Min: 1.8, Avg: 2.3, Max: 2.6, Diff: 0.8, Sum: 9.3]
      [Code Root Scanning (ms): Min: 0.0, Avg: 0.0, Max: 0.0, Diff: 0.0, Sum: 0.0]
      [Object Copy (ms): Min: 12.2, Avg: 12.3, Max: 12.5, Diff: 0.3, Sum: 49.4]
      [Termination (ms): Min: 0.0, Avg: 0.0, Max: 0.0, Diff: 0.0, Sum: 0.0]
         [Termination Attempts: Min: 1, Avg: 1.0, Max: 1, Diff: 0, Sum: 4]
      [GC Worker Other (ms): Min: 0.0, Avg: 0.0, Max: 0.1, Diff: 0.0, Sum: 0.2]
      [GC Worker Total (ms): Min: 16.7, Avg: 17.7, Max: 18.1, Diff: 1.4, Sum: 71.0]
      [GC Worker End (ms): Min: 27114151.6, Avg: 27114151.6, Max: 27114151.6, Diff: 0.0]
   [Code Root Fixup: 0.0 ms]
   [Code Root Purge: 0.0 ms]
   [Clear CT: 0.1 ms]
   [Other: 0.6 ms]
      [Choose CSet: 0.0 ms]
      [Ref Proc: 0.1 ms]
      [Ref Enq: 0.0 ms]
      [Redirty Cards: 0.1 ms]
      [Humongous Register: 0.0 ms]
      [Humongous Reclaim: 0.0 ms]
      [Free CSet: 0.1 ms]
   [Eden: 55.0M(55.0M)->0.0B(80.0M) Survivors: 7168.0K->5120.0K Heap: 292.5M(1024.0M)->236.9M(1024.0M)]
 [Times: user=0.07 sys=0.00, real=0.02 secs] 
2019-11-03T12:34:21.950+0800: 27125.209: [GC pause (G1 Evacuation Pause) (young), 0.0168425 secs]
   [Parallel Time: 16.2 ms, GC Workers: 4]
      [GC Worker Start (ms): Min: 27125208.8, Avg: 27125208.9, Max: 27125208.9, Diff: 0.1]
      [Ext Root Scanning (ms): Min: 0.8, Avg: 0.8, Max: 0.9, Diff: 0.1, Sum: 3.4]
      [Update RS (ms): Min: 1.6, Avg: 2.0, Max: 2.4, Diff: 0.8, Sum: 8.0]
         [Processed Buffers: Min: 4, Avg: 7.8, Max: 12, Diff: 8, Sum: 31]
      [Scan RS (ms): Min: 3.9, Avg: 4.3, Max: 4.7, Diff: 0.8, Sum: 17.3]
      [Code Root Scanning (ms): Min: 0.0, Avg: 0.0, Max: 0.0, Diff: 0.0, Sum: 0.0]
      [Object Copy (ms): Min: 8.9, Avg: 8.9, Max: 8.9, Diff: 0.1, Sum: 35.5]
      [Termination (ms): Min: 0.0, Avg: 0.0, Max: 0.0, Diff: 0.0, Sum: 0.0]
         [Termination Attempts: Min: 1, Avg: 1.2, Max: 2, Diff: 1, Sum: 5]
      [GC Worker Other (ms): Min: 0.0, Avg: 0.0, Max: 0.0, Diff: 0.0, Sum: 0.1]
      [GC Worker Total (ms): Min: 16.1, Avg: 16.1, Max: 16.1, Diff: 0.0, Sum: 64.3]
      [GC Worker End (ms): Min: 27125224.9, Avg: 27125224.9, Max: 27125225.0, Diff: 0.0]
   [Code Root Fixup: 0.0 ms]
   [Code Root Purge: 0.0 ms]
   [Clear CT: 0.1 ms]
   [Other: 0.6 ms]
      [Choose CSet: 0.0 ms]
      [Ref Proc: 0.1 ms]
      [Ref Enq: 0.0 ms]
      [Redirty Cards: 0.1 ms]
      [Humongous Register: 0.0 ms]
      [Humongous Reclaim: 0.0 ms]
      [Free CSet: 0.1 ms]
   [Eden: 46.0M(46.0M)->0.0B(106.0M) Survivors: 5120.0K->5120.0K Heap: 282.9M(1024.0M)->238.0M(1024.0M)]
 [Times: user=0.07 sys=0.00, real=0.01 secs] 
2019-11-03T12:34:32.840+0800: 27136.098: [GC pause (G1 Evacuation Pause) (young), 0.0176839 secs]
   [Parallel Time: 17.0 ms, GC Workers: 4]
      [GC Worker Start (ms): Min: 27136097.9, Avg: 27136098.3, Max: 27136099.2, Diff: 1.3]
      [Ext Root Scanning (ms): Min: 0.0, Avg: 0.9, Max: 1.2, Diff: 1.2, Sum: 3.4]
      [Update RS (ms): Min: 0.0, Avg: 2.0, Max: 3.0, Diff: 3.0, Sum: 8.2]
         [Processed Buffers: Min: 0, Avg: 7.5, Max: 13, Diff: 13, Sum: 30]
      [Scan RS (ms): Min: 3.6, Avg: 4.0, Max: 4.4, Diff: 0.8, Sum: 16.0]
      [Code Root Scanning (ms): Min: 0.0, Avg: 0.0, Max: 0.0, Diff: 0.0, Sum: 0.0]
      [Object Copy (ms): Min: 8.7, Avg: 9.6, Max: 12.1, Diff: 3.4, Sum: 38.5]
      [Termination (ms): Min: 0.0, Avg: 0.0, Max: 0.0, Diff: 0.0, Sum: 0.0]
         [Termination Attempts: Min: 1, Avg: 1.0, Max: 1, Diff: 0, Sum: 4]
      [GC Worker Other (ms): Min: 0.0, Avg: 0.0, Max: 0.0, Diff: 0.0, Sum: 0.1]
      [GC Worker Total (ms): Min: 15.6, Avg: 16.6, Max: 16.9, Diff: 1.2, Sum: 66.3]
      [GC Worker End (ms): Min: 27136114.8, Avg: 27136114.8, Max: 27136114.8, Diff: 0.0]
   [Code Root Fixup: 0.0 ms]
   [Code Root Purge: 0.0 ms]
   [Clear CT: 0.1 ms]
   [Other: 0.6 ms]
      [Choose CSet: 0.0 ms]
      [Ref Proc: 0.1 ms]
      [Ref Enq: 0.0 ms]
      [Redirty Cards: 0.0 ms]
      [Humongous Register: 0.1 ms]
      [Humongous Reclaim: 0.0 ms]
      [Free CSet: 0.1 ms]
   [Eden: 46.0M(46.0M)->0.0B(97.0M) Survivors: 5120.0K->6144.0K Heap: 284.0M(1024.0M)->239.5M(1024.0M)]
 [Times: user=0.06 sys=0.00, real=0.01 secs] 
2019-11-03T12:34:50.889+0800: 27154.146: [GC pause (G1 Evacuation Pause) (young), 0.0190694 secs]
   [Parallel Time: 18.2 ms, GC Workers: 4]
      [GC Worker Start (ms): Min: 27154146.2, Avg: 27154146.3, Max: 27154146.4, Diff: 0.3]
      [Ext Root Scanning (ms): Min: 0.7, Avg: 0.9, Max: 1.0, Diff: 0.3, Sum: 3.7]
      [Update RS (ms): Min: 1.6, Avg: 2.3, Max: 2.8, Diff: 1.2, Sum: 9.0]
         [Processed Buffers: Min: 4, Avg: 7.2, Max: 10, Diff: 6, Sum: 29]
      [Scan RS (ms): Min: 3.3, Avg: 3.9, Max: 4.6, Diff: 1.2, Sum: 15.7]
      [Code Root Scanning (ms): Min: 0.0, Avg: 0.0, Max: 0.0, Diff: 0.0, Sum: 0.0]
      [Object Copy (ms): Min: 10.8, Avg: 10.9, Max: 10.9, Diff: 0.1, Sum: 43.5]
      [Termination (ms): Min: 0.0, Avg: 0.0, Max: 0.0, Diff: 0.0, Sum: 0.0]
         [Termination Attempts: Min: 1, Avg: 1.0, Max: 1, Diff: 0, Sum: 4]
      [GC Worker Other (ms): Min: 0.0, Avg: 0.1, Max: 0.1, Diff: 0.0, Sum: 0.2]
      [GC Worker Total (ms): Min: 17.8, Avg: 18.0, Max: 18.1, Diff: 0.3, Sum: 72.1]
      [GC Worker End (ms): Min: 27154164.3, Avg: 27154164.3, Max: 27154164.3, Diff: 0.0]
   [Code Root Fixup: 0.0 ms]
   [Code Root Purge: 0.0 ms]
   [Clear CT: 0.1 ms]
   [Other: 0.8 ms]
      [Choose CSet: 0.0 ms]
      [Ref Proc: 0.2 ms]
      [Ref Enq: 0.0 ms]
      [Redirty Cards: 0.1 ms]
      [Humongous Register: 0.0 ms]
      [Humongous Reclaim: 0.0 ms]
      [Free CSet: 0.1 ms]
   [Eden: 75.0M(45.0M)->0.0B(108.0M) Survivors: 6144.0K->5120.0K Heap: 314.5M(1024.0M)->239.6M(1024.0M)]
 [Times: user=0.07 sys=0.00, real=0.02 secs] 
2019-11-03T12:35:01.815+0800: 27165.072: [GC pause (G1 Evacuation Pause) (young), 0.0160552 secs]
   [Parallel Time: 15.4 ms, GC Workers: 4]
      [GC Worker Start (ms): Min: 27165071.7, Avg: 27165072.1, Max: 27165073.0, Diff: 1.2]
      [Ext Root Scanning (ms): Min: 0.0, Avg: 0.8, Max: 1.1, Diff: 1.1, Sum: 3.3]
      [Update RS (ms): Min: 1.5, Avg: 1.7, Max: 1.9, Diff: 0.4, Sum: 6.9]
         [Processed Buffers: Min: 4, Avg: 9.0, Max: 15, Diff: 11, Sum: 36]
      [Scan RS (ms): Min: 4.0, Avg: 4.1, Max: 4.1, Diff: 0.1, Sum: 16.2]
      [Code Root Scanning (ms): Min: 0.0, Avg: 0.0, Max: 0.0, Diff: 0.0, Sum: 0.0]
      [Object Copy (ms): Min: 8.2, Avg: 8.4, Max: 8.7, Diff: 0.5, Sum: 33.7]
      [Termination (ms): Min: 0.0, Avg: 0.0, Max: 0.0, Diff: 0.0, Sum: 0.0]
         [Termination Attempts: Min: 1, Avg: 1.0, Max: 1, Diff: 0, Sum: 4]
      [GC Worker Other (ms): Min: 0.0, Avg: 0.0, Max: 0.0, Diff: 0.0, Sum: 0.1]
      [GC Worker Total (ms): Min: 14.2, Avg: 15.1, Max: 15.4, Diff: 1.2, Sum: 60.3]
      [GC Worker End (ms): Min: 27165087.1, Avg: 27165087.1, Max: 27165087.1, Diff: 0.0]
   [Code Root Fixup: 0.0 ms]
   [Code Root Purge: 0.0 ms]
   [Clear CT: 0.1 ms]
   [Other: 0.6 ms]
      [Choose CSet: 0.0 ms]
      [Ref Proc: 0.1 ms]
      [Ref Enq: 0.0 ms]
      [Redirty Cards: 0.0 ms]
      [Humongous Register: 0.0 ms]
      [Humongous Reclaim: 0.0 ms]
      [Free CSet: 0.1 ms]
   [Eden: 46.0M(46.0M)->0.0B(149.0M) Survivors: 5120.0K->5120.0K Heap: 285.6M(1024.0M)->240.1M(1024.0M)]
 [Times: user=0.06 sys=0.00, real=0.02 secs] 
2019-11-03T12:35:17.832+0800: 27181.089: [GC pause (G1 Evacuation Pause) (young), 0.0157414 secs]
   [Parallel Time: 15.0 ms, GC Workers: 4]
      [GC Worker Start (ms): Min: 27181089.0, Avg: 27181089.0, Max: 27181089.1, Diff: 0.1]
      [Ext Root Scanning (ms): Min: 0.8, Avg: 0.8, Max: 0.9, Diff: 0.1, Sum: 3.3]
      [Update RS (ms): Min: 2.6, Avg: 2.8, Max: 3.0, Diff: 0.4, Sum: 11.2]
         [Processed Buffers: Min: 1, Avg: 7.2, Max: 10, Diff: 9, Sum: 29]
      [Scan RS (ms): Min: 3.9, Avg: 4.1, Max: 4.4, Diff: 0.5, Sum: 16.6]
      [Code Root Scanning (ms): Min: 0.0, Avg: 0.0, Max: 0.0, Diff: 0.0, Sum: 0.0]
      [Object Copy (ms): Min: 7.0, Avg: 7.1, Max: 7.2, Diff: 0.2, Sum: 28.6]
      [Termination (ms): Min: 0.0, Avg: 0.0, Max: 0.0, Diff: 0.0, Sum: 0.0]
         [Termination Attempts: Min: 1, Avg: 1.0, Max: 1, Diff: 0, Sum: 4]
      [GC Worker Other (ms): Min: 0.0, Avg: 0.0, Max: 0.0, Diff: 0.0, Sum: 0.1]
      [GC Worker Total (ms): Min: 14.9, Avg: 14.9, Max: 15.0, Diff: 0.1, Sum: 59.7]
      [GC Worker End (ms): Min: 27181104.0, Avg: 27181104.0, Max: 27181104.0, Diff: 0.0]
   [Code Root Fixup: 0.0 ms]
   [Code Root Purge: 0.0 ms]
   [Clear CT: 0.1 ms]
   [Other: 0.6 ms]
      [Choose CSet: 0.0 ms]
      [Ref Proc: 0.1 ms]
      [Ref Enq: 0.0 ms]
      [Redirty Cards: 0.1 ms]
      [Humongous Register: 0.0 ms]
      [Humongous Reclaim: 0.0 ms]
      [Free CSet: 0.1 ms]
   [Eden: 67.0M(46.0M)->0.0B(192.0M) Survivors: 5120.0K->5120.0K Heap: 307.1M(1024.0M)->240.1M(1024.0M)]
 [Times: user=0.06 sys=0.00, real=0.01 secs] 
2019-11-03T12:35:28.711+0800: 27191.967: [GC pause (G1 Evacuation Pause) (young), 0.0176528 secs]
   [Parallel Time: 16.8 ms, GC Workers: 4]
      [GC Worker Start (ms): Min: 27191967.4, Avg: 27191967.5, Max: 27191967.7, Diff: 0.2]
      [Ext Root Scanning (ms): Min: 0.7, Avg: 0.9, Max: 1.0, Diff: 0.3, Sum: 3.5]
      [Update RS (ms): Min: 2.2, Avg: 2.5, Max: 2.8, Diff: 0.6, Sum: 10.0]
         [Processed Buffers: Min: 4, Avg: 7.2, Max: 11, Diff: 7, Sum: 29]
      [Scan RS (ms): Min: 4.0, Avg: 4.4, Max: 4.7, Diff: 0.7, Sum: 17.4]
      [Code Root Scanning (ms): Min: 0.0, Avg: 0.0, Max: 0.0, Diff: 0.0, Sum: 0.0]
      [Object Copy (ms): Min: 8.8, Avg: 8.8, Max: 8.9, Diff: 0.1, Sum: 35.4]
      [Termination (ms): Min: 0.0, Avg: 0.0, Max: 0.0, Diff: 0.0, Sum: 0.0]
         [Termination Attempts: Min: 1, Avg: 1.0, Max: 1, Diff: 0, Sum: 4]
      [GC Worker Other (ms): Min: 0.0, Avg: 0.0, Max: 0.0, Diff: 0.0, Sum: 0.1]
      [GC Worker Total (ms): Min: 16.5, Avg: 16.6, Max: 16.7, Diff: 0.2, Sum: 66.4]
      [GC Worker End (ms): Min: 27191984.1, Avg: 27191984.1, Max: 27191984.1, Diff: 0.0]
   [Code Root Fixup: 0.0 ms]
   [Code Root Purge: 0.0 ms]
   [Clear CT: 0.1 ms]
   [Other: 0.8 ms]
      [Choose CSet: 0.0 ms]
      [Ref Proc: 0.3 ms]
      [Ref Enq: 0.0 ms]
      [Redirty Cards: 0.1 ms]
      [Humongous Register: 0.0 ms]
      [Humongous Reclaim: 0.0 ms]
      [Free CSet: 0.1 ms]
   [Eden: 46.0M(46.0M)->0.0B(141.0M) Survivors: 5120.0K->6144.0K Heap: 286.1M(1024.0M)->241.6M(1024.0M)]
 [Times: user=0.06 sys=0.00, real=0.01 secs] 
2019-11-03T12:35:39.452+0800: 27202.708: [GC pause (G1 Evacuation Pause) (young), 0.0199219 secs]
   [Parallel Time: 19.2 ms, GC Workers: 4]
      [GC Worker Start (ms): Min: 27202707.8, Avg: 27202707.9, Max: 27202708.0, Diff: 0.1]
      [Ext Root Scanning (ms): Min: 0.6, Avg: 0.7, Max: 0.8, Diff: 0.2, Sum: 2.9]
      [Update RS (ms): Min: 1.7, Avg: 1.9, Max: 2.1, Diff: 0.4, Sum: 7.5]
         [Processed Buffers: Min: 6, Avg: 8.2, Max: 13, Diff: 7, Sum: 33]
      [Scan RS (ms): Min: 5.7, Avg: 5.9, Max: 6.1, Diff: 0.4, Sum: 23.6]
      [Code Root Scanning (ms): Min: 0.0, Avg: 0.0, Max: 0.0, Diff: 0.0, Sum: 0.0]
      [Object Copy (ms): Min: 10.4, Avg: 10.5, Max: 10.6, Diff: 0.2, Sum: 42.0]
      [Termination (ms): Min: 0.0, Avg: 0.0, Max: 0.0, Diff: 0.0, Sum: 0.0]
         [Termination Attempts: Min: 1, Avg: 2.5, Max: 5, Diff: 4, Sum: 10]
      [GC Worker Other (ms): Min: 0.0, Avg: 0.1, Max: 0.1, Diff: 0.0, Sum: 0.2]
      [GC Worker Total (ms): Min: 19.0, Avg: 19.1, Max: 19.1, Diff: 0.2, Sum: 76.3]
      [GC Worker End (ms): Min: 27202726.9, Avg: 27202726.9, Max: 27202726.9, Diff: 0.0]
   [Code Root Fixup: 0.0 ms]
   [Code Root Purge: 0.0 ms]
   [Clear CT: 0.1 ms]
   [Other: 0.6 ms]
      [Choose CSet: 0.0 ms]
      [Ref Proc: 0.2 ms]
      [Ref Enq: 0.0 ms]
      [Redirty Cards: 0.1 ms]
      [Humongous Register: 0.1 ms]
      [Humongous Reclaim: 0.0 ms]
      [Free CSet: 0.1 ms]
   [Eden: 45.0M(45.0M)->0.0B(121.0M) Survivors: 6144.0K->5120.0K Heap: 286.6M(1024.0M)->241.0M(1024.0M)]
 [Times: user=0.07 sys=0.00, real=0.02 secs] 
2019-11-03T12:35:56.238+0800: 27219.493: [GC pause (G1 Evacuation Pause) (young), 0.0204104 secs]
   [Parallel Time: 19.6 ms, GC Workers: 4]
      [GC Worker Start (ms): Min: 27219493.3, Avg: 27219493.3, Max: 27219493.4, Diff: 0.1]
      [Ext Root Scanning (ms): Min: 0.7, Avg: 0.8, Max: 0.9, Diff: 0.1, Sum: 3.2]
      [Update RS (ms): Min: 2.4, Avg: 2.7, Max: 2.9, Diff: 0.5, Sum: 10.6]
         [Processed Buffers: Min: 1, Avg: 7.8, Max: 11, Diff: 10, Sum: 31]
      [Scan RS (ms): Min: 6.2, Avg: 6.4, Max: 6.6, Diff: 0.5, Sum: 25.6]
      [Code Root Scanning (ms): Min: 0.0, Avg: 0.0, Max: 0.0, Diff: 0.0, Sum: 0.0]
      [Object Copy (ms): Min: 9.5, Avg: 9.6, Max: 9.6, Diff: 0.2, Sum: 38.2]
      [Termination (ms): Min: 0.0, Avg: 0.0, Max: 0.0, Diff: 0.0, Sum: 0.0]
         [Termination Attempts: Min: 1, Avg: 1.0, Max: 1, Diff: 0, Sum: 4]
      [GC Worker Other (ms): Min: 0.0, Avg: 0.0, Max: 0.1, Diff: 0.0, Sum: 0.1]
      [GC Worker Total (ms): Min: 19.4, Avg: 19.5, Max: 19.5, Diff: 0.1, Sum: 77.8]
      [GC Worker End (ms): Min: 27219512.8, Avg: 27219512.8, Max: 27219512.8, Diff: 0.0]
   [Code Root Fixup: 0.0 ms]
   [Code Root Purge: 0.0 ms]
   [Clear CT: 0.1 ms]
   [Other: 0.7 ms]
      [Choose CSet: 0.0 ms]
      [Ref Proc: 0.3 ms]
      [Ref Enq: 0.0 ms]
      [Redirty Cards: 0.0 ms]
      [Humongous Register: 0.0 ms]
      [Humongous Reclaim: 0.0 ms]
      [Free CSet: 0.1 ms]
   [Eden: 70.0M(46.0M)->0.0B(113.0M) Survivors: 5120.0K->7168.0K Heap: 311.0M(1024.0M)->243.0M(1024.0M)]
 [Times: user=0.08 sys=0.00, real=0.02 secs] 
2019-11-03T12:36:06.706+0800: 27229.961: [GC pause (G1 Evacuation Pause) (young), 0.0180758 secs]
   [Parallel Time: 17.4 ms, GC Workers: 4]
      [GC Worker Start (ms): Min: 27229961.0, Avg: 27229961.1, Max: 27229961.3, Diff: 0.2]
      [Ext Root Scanning (ms): Min: 0.7, Avg: 0.8, Max: 0.9, Diff: 0.2, Sum: 3.3]
      [Update RS (ms): Min: 1.9, Avg: 2.0, Max: 2.1, Diff: 0.3, Sum: 7.9]
         [Processed Buffers: Min: 3, Avg: 8.5, Max: 16, Diff: 13, Sum: 34]
      [Scan RS (ms): Min: 5.0, Avg: 5.1, Max: 5.3, Diff: 0.3, Sum: 20.5]
      [Code Root Scanning (ms): Min: 0.0, Avg: 0.0, Max: 0.0, Diff: 0.0, Sum: 0.0]
      [Object Copy (ms): Min: 9.2, Avg: 9.3, Max: 9.3, Diff: 0.1, Sum: 37.0]
      [Termination (ms): Min: 0.0, Avg: 0.0, Max: 0.0, Diff: 0.0, Sum: 0.0]
         [Termination Attempts: Min: 1, Avg: 1.0, Max: 1, Diff: 0, Sum: 4]
      [GC Worker Other (ms): Min: 0.0, Avg: 0.0, Max: 0.0, Diff: 0.0, Sum: 0.1]
      [GC Worker Total (ms): Min: 17.1, Avg: 17.2, Max: 17.3, Diff: 0.2, Sum: 68.9]
      [GC Worker End (ms): Min: 27229978.3, Avg: 27229978.3, Max: 27229978.3, Diff: 0.0]
   [Code Root Fixup: 0.0 ms]
   [Code Root Purge: 0.0 ms]
   [Clear CT: 0.1 ms]
   [Other: 0.6 ms]
      [Choose CSet: 0.0 ms]
      [Ref Proc: 0.1 ms]
      [Ref Enq: 0.0 ms]
      [Redirty Cards: 0.1 ms]
      [Humongous Register: 0.0 ms]
      [Humongous Reclaim: 0.0 ms]
      [Free CSet: 0.1 ms]
   [Eden: 44.0M(44.0M)->0.0B(141.0M) Survivors: 7168.0K->5120.0K Heap: 287.0M(1024.0M)->242.3M(1024.0M)]
 [Times: user=0.07 sys=0.00, real=0.02 secs] 
2019-11-03T12:36:19.039+0800: 27242.293: [GC pause (G1 Evacuation Pause) (young), 0.0150559 secs]
   [Parallel Time: 14.5 ms, GC Workers: 4]
      [GC Worker Start (ms): Min: 27242293.0, Avg: 27242293.3, Max: 27242294.0, Diff: 1.0]
      [Ext Root Scanning (ms): Min: 0.0, Avg: 0.7, Max: 0.9, Diff: 0.9, Sum: 2.6]
      [Update RS (ms): Min: 1.3, Avg: 2.1, Max: 2.6, Diff: 1.3, Sum: 8.4]
         [Processed Buffers: Min: 1, Avg: 8.2, Max: 16, Diff: 15, Sum: 33]
      [Scan RS (ms): Min: 3.6, Avg: 3.8, Max: 4.0, Diff: 0.4, Sum: 15.2]
      [Code Root Scanning (ms): Min: 0.0, Avg: 0.0, Max: 0.0, Diff: 0.0, Sum: 0.0]
      [Object Copy (ms): Min: 7.1, Avg: 7.5, Max: 8.4, Diff: 1.3, Sum: 30.0]
      [Termination (ms): Min: 0.0, Avg: 0.0, Max: 0.0, Diff: 0.0, Sum: 0.0]
         [Termination Attempts: Min: 1, Avg: 2.0, Max: 3, Diff: 2, Sum: 8]
      [GC Worker Other (ms): Min: 0.0, Avg: 0.1, Max: 0.1, Diff: 0.1, Sum: 0.2]
      [GC Worker Total (ms): Min: 13.4, Avg: 14.1, Max: 14.4, Diff: 1.0, Sum: 56.5]
      [GC Worker End (ms): Min: 27242307.4, Avg: 27242307.4, Max: 27242307.4, Diff: 0.1]
   [Code Root Fixup: 0.0 ms]
   [Code Root Purge: 0.0 ms]
   [Clear CT: 0.1 ms]
   [Other: 0.5 ms]
      [Choose CSet: 0.0 ms]
      [Ref Proc: 0.1 ms]
      [Ref Enq: 0.0 ms]
      [Redirty Cards: 0.0 ms]
      [Humongous Register: 0.0 ms]
      [Humongous Reclaim: 0.0 ms]
      [Free CSet: 0.1 ms]
   [Eden: 52.0M(46.0M)->0.0B(172.0M) Survivors: 5120.0K->5120.0K Heap: 294.3M(1024.0M)->242.3M(1024.0M)]
 [Times: user=0.06 sys=0.00, real=0.02 secs] 
2019-11-03T12:36:29.987+0800: 27253.241: [GC pause (G1 Evacuation Pause) (young), 0.0163705 secs]
   [Parallel Time: 15.6 ms, GC Workers: 4]
      [GC Worker Start (ms): Min: 27253241.0, Avg: 27253241.0, Max: 27253241.0, Diff: 0.1]
      [Ext Root Scanning (ms): Min: 0.7, Avg: 0.8, Max: 0.8, Diff: 0.1, Sum: 3.1]
      [Update RS (ms): Min: 1.5, Avg: 2.1, Max: 2.5, Diff: 1.0, Sum: 8.6]
         [Processed Buffers: Min: 3, Avg: 7.5, Max: 14, Diff: 11, Sum: 30]
      [Scan RS (ms): Min: 4.6, Avg: 5.1, Max: 5.7, Diff: 1.1, Sum: 20.3]
      [Code Root Scanning (ms): Min: 0.0, Avg: 0.0, Max: 0.0, Diff: 0.0, Sum: 0.0]
      [Object Copy (ms): Min: 7.4, Avg: 7.5, Max: 7.6, Diff: 0.2, Sum: 30.1]
      [Termination (ms): Min: 0.0, Avg: 0.0, Max: 0.0, Diff: 0.0, Sum: 0.0]
         [Termination Attempts: Min: 1, Avg: 1.0, Max: 1, Diff: 0, Sum: 4]
      [GC Worker Other (ms): Min: 0.0, Avg: 0.0, Max: 0.0, Diff: 0.0, Sum: 0.1]
      [GC Worker Total (ms): Min: 15.5, Avg: 15.5, Max: 15.6, Diff: 0.1, Sum: 62.1]
      [GC Worker End (ms): Min: 27253256.5, Avg: 27253256.5, Max: 27253256.5, Diff: 0.0]
   [Code Root Fixup: 0.0 ms]
   [Code Root Purge: 0.0 ms]
   [Clear CT: 0.1 ms]
   [Other: 0.6 ms]
      [Choose CSet: 0.0 ms]
      [Ref Proc: 0.2 ms]
      [Ref Enq: 0.0 ms]
      [Redirty Cards: 0.1 ms]
      [Humongous Register: 0.0 ms]
      [Humongous Reclaim: 0.0 ms]
      [Free CSet: 0.1 ms]
   [Eden: 46.0M(46.0M)->0.0B(165.0M) Survivors: 5120.0K->5120.0K Heap: 288.3M(1024.0M)->242.3M(1024.0M)]
 [Times: user=0.06 sys=0.00, real=0.02 secs] 
2019-11-03T12:36:40.954+0800: 27264.208: [GC pause (G1 Evacuation Pause) (young), 0.0146447 secs]
   [Parallel Time: 14.0 ms, GC Workers: 4]
      [GC Worker Start (ms): Min: 27264207.9, Avg: 27264207.9, Max: 27264208.0, Diff: 0.1]
      [Ext Root Scanning (ms): Min: 0.6, Avg: 0.6, Max: 0.7, Diff: 0.1, Sum: 2.4]
      [Update RS (ms): Min: 1.7, Avg: 1.7, Max: 1.8, Diff: 0.2, Sum: 6.9]
         [Processed Buffers: Min: 3, Avg: 7.8, Max: 15, Diff: 12, Sum: 31]
      [Scan RS (ms): Min: 4.3, Avg: 4.4, Max: 4.4, Diff: 0.1, Sum: 17.4]
      [Code Root Scanning (ms): Min: 0.0, Avg: 0.0, Max: 0.0, Diff: 0.0, Sum: 0.0]
      [Object Copy (ms): Min: 7.1, Avg: 7.1, Max: 7.2, Diff: 0.1, Sum: 28.5]
      [Termination (ms): Min: 0.0, Avg: 0.0, Max: 0.0, Diff: 0.0, Sum: 0.0]
         [Termination Attempts: Min: 1, Avg: 2.2, Max: 4, Diff: 3, Sum: 9]
      [GC Worker Other (ms): Min: 0.0, Avg: 0.0, Max: 0.1, Diff: 0.0, Sum: 0.2]
      [GC Worker Total (ms): Min: 13.8, Avg: 13.9, Max: 13.9, Diff: 0.1, Sum: 55.5]
      [GC Worker End (ms): Min: 27264221.8, Avg: 27264221.8, Max: 27264221.8, Diff: 0.0]
   [Code Root Fixup: 0.0 ms]
   [Code Root Purge: 0.0 ms]
   [Clear CT: 0.1 ms]
   [Other: 0.5 ms]
      [Choose CSet: 0.0 ms]
      [Ref Proc: 0.1 ms]
      [Ref Enq: 0.0 ms]
      [Redirty Cards: 0.1 ms]
      [Humongous Register: 0.0 ms]
      [Humongous Reclaim: 0.0 ms]
      [Free CSet: 0.1 ms]
   [Eden: 46.0M(46.0M)->0.0B(218.0M) Survivors: 5120.0K->5120.0K Heap: 288.3M(1024.0M)->242.3M(1024.0M)]
 [Times: user=0.06 sys=0.00, real=0.01 secs] 
2019-11-03T12:37:07.004+0800: 27290.257: [GC pause (G1 Evacuation Pause) (young), 0.0205420 secs]
   [Parallel Time: 19.8 ms, GC Workers: 4]
      [GC Worker Start (ms): Min: 27290256.9, Avg: 27290257.6, Max: 27290259.8, Diff: 3.0]
      [Ext Root Scanning (ms): Min: 0.0, Avg: 0.8, Max: 1.1, Diff: 1.1, Sum: 3.3]
      [Update RS (ms): Min: 0.9, Avg: 2.4, Max: 2.9, Diff: 2.0, Sum: 9.5]
         [Processed Buffers: Min: 1, Avg: 9.5, Max: 17, Diff: 16, Sum: 38]
      [Scan RS (ms): Min: 4.7, Avg: 4.9, Max: 5.0, Diff: 0.3, Sum: 19.4]
      [Code Root Scanning (ms): Min: 0.0, Avg: 0.0, Max: 0.0, Diff: 0.0, Sum: 0.0]
      [Object Copy (ms): Min: 10.8, Avg: 10.9, Max: 11.0, Diff: 0.2, Sum: 43.5]
      [Termination (ms): Min: 0.0, Avg: 0.0, Max: 0.0, Diff: 0.0, Sum: 0.0]
         [Termination Attempts: Min: 1, Avg: 1.0, Max: 1, Diff: 0, Sum: 4]
      [GC Worker Other (ms): Min: 0.0, Avg: 0.0, Max: 0.1, Diff: 0.1, Sum: 0.2]
      [GC Worker Total (ms): Min: 16.7, Avg: 19.0, Max: 19.7, Diff: 3.0, Sum: 75.9]
      [GC Worker End (ms): Min: 27290276.6, Avg: 27290276.6, Max: 27290276.6, Diff: 0.1]
   [Code Root Fixup: 0.0 ms]
   [Code Root Purge: 0.0 ms]
   [Clear CT: 0.1 ms]
   [Other: 0.6 ms]
      [Choose CSet: 0.0 ms]
      [Ref Proc: 0.2 ms]
      [Ref Enq: 0.0 ms]
      [Redirty Cards: 0.0 ms]
      [Humongous Register: 0.0 ms]
      [Humongous Reclaim: 0.0 ms]
      [Free CSet: 0.1 ms]
   [Eden: 107.0M(46.0M)->0.0B(190.0M) Survivors: 5120.0K->7168.0K Heap: 349.3M(1024.0M)->244.3M(1024.0M)]
 [Times: user=0.07 sys=0.01, real=0.02 secs] 
2019-11-03T12:39:13.121+0800: 27384.098: [GC pause (G1 Evacuation Pause) (young), 0.0314038 secs]
   [Parallel Time: 30.6 ms, GC Workers: 4]
      [GC Worker Start (ms): Min: 27384098.7, Avg: 27384098.7, Max: 27384098.7, Diff: 0.1]
      [Ext Root Scanning (ms): Min: 0.9, Avg: 0.9, Max: 1.0, Diff: 0.1, Sum: 3.7]
      [Update RS (ms): Min: 2.4, Avg: 2.6, Max: 2.8, Diff: 0.4, Sum: 10.2]
         [Processed Buffers: Min: 6, Avg: 10.0, Max: 15, Diff: 9, Sum: 40]
      [Scan RS (ms): Min: 5.1, Avg: 5.3, Max: 5.5, Diff: 0.4, Sum: 21.2]
      [Code Root Scanning (ms): Min: 0.0, Avg: 0.0, Max: 0.0, Diff: 0.0, Sum: 0.0]
      [Object Copy (ms): Min: 21.5, Avg: 21.5, Max: 21.6, Diff: 0.1, Sum: 86.1]
      [Termination (ms): Min: 0.0, Avg: 0.1, Max: 0.2, Diff: 0.2, Sum: 0.4]
         [Termination Attempts: Min: 1, Avg: 1.0, Max: 1, Diff: 0, Sum: 4]
      [GC Worker Other (ms): Min: 0.0, Avg: 0.0, Max: 0.0, Diff: 0.0, Sum: 0.1]
      [GC Worker Total (ms): Min: 30.4, Avg: 30.4, Max: 30.5, Diff: 0.0, Sum: 121.8]
      [GC Worker End (ms): Min: 27384129.1, Avg: 27384129.2, Max: 27384129.2, Diff: 0.0]
   [Code Root Fixup: 0.0 ms]
   [Code Root Purge: 0.0 ms]
   [Clear CT: 0.1 ms]
   [Other: 0.7 ms]
      [Choose CSet: 0.0 ms]
      [Ref Proc: 0.2 ms]
      [Ref Enq: 0.0 ms]
      [Redirty Cards: 0.1 ms]
      [Humongous Register: 0.0 ms]
      [Humongous Reclaim: 0.0 ms]
      [Free CSet: 0.1 ms]
   [Eden: 128.0M(44.0M)->0.0B(45.0M) Survivors: 7168.0K->6144.0K Heap: 372.3M(1024.0M)->244.7M(1024.0M)]
 [Times: user=0.09 sys=0.01, real=0.03 secs] 
2019-11-03T12:39:24.051+0800: 27395.028: [GC pause (G1 Evacuation Pause) (young), 0.0196670 secs]
   [Parallel Time: 19.0 ms, GC Workers: 4]
      [GC Worker Start (ms): Min: 27395028.2, Avg: 27395028.3, Max: 27395028.4, Diff: 0.1]
      [Ext Root Scanning (ms): Min: 0.6, Avg: 0.7, Max: 0.7, Diff: 0.1, Sum: 2.7]
      [Update RS (ms): Min: 1.9, Avg: 2.0, Max: 2.1, Diff: 0.2, Sum: 8.0]
         [Processed Buffers: Min: 5, Avg: 8.5, Max: 11, Diff: 6, Sum: 34]
      [Scan RS (ms): Min: 4.4, Avg: 4.5, Max: 4.6, Diff: 0.2, Sum: 17.8]
      [Code Root Scanning (ms): Min: 0.0, Avg: 0.0, Max: 0.0, Diff: 0.0, Sum: 0.0]
      [Object Copy (ms): Min: 11.7, Avg: 11.7, Max: 11.8, Diff: 0.1, Sum: 46.9]
      [Termination (ms): Min: 0.0, Avg: 0.0, Max: 0.0, Diff: 0.0, Sum: 0.0]
         [Termination Attempts: Min: 1, Avg: 1.8, Max: 3, Diff: 2, Sum: 7]
      [GC Worker Other (ms): Min: 0.0, Avg: 0.0, Max: 0.0, Diff: 0.0, Sum: 0.1]
      [GC Worker Total (ms): Min: 18.8, Avg: 18.9, Max: 18.9, Diff: 0.1, Sum: 75.6]
      [GC Worker End (ms): Min: 27395047.2, Avg: 27395047.2, Max: 27395047.2, Diff: 0.0]
   [Code Root Fixup: 0.0 ms]
   [Code Root Purge: 0.0 ms]
   [Clear CT: 0.1 ms]
   [Other: 0.6 ms]
      [Choose CSet: 0.0 ms]
      [Ref Proc: 0.2 ms]
      [Ref Enq: 0.0 ms]
      [Redirty Cards: 0.0 ms]
      [Humongous Register: 0.0 ms]
      [Humongous Reclaim: 0.0 ms]
      [Free CSet: 0.1 ms]
   [Eden: 45.0M(45.0M)->0.0B(45.0M) Survivors: 6144.0K->6144.0K Heap: 289.7M(1024.0M)->246.5M(1024.0M)]
 [Times: user=0.06 sys=0.00, real=0.02 secs] 
2019-11-03T12:39:35.177+0800: 27406.153: [GC pause (G1 Evacuation Pause) (young), 0.0235156 secs]
   [Parallel Time: 22.9 ms, GC Workers: 4]
      [GC Worker Start (ms): Min: 27406153.4, Avg: 27406153.4, Max: 27406153.4, Diff: 0.1]
      [Ext Root Scanning (ms): Min: 0.8, Avg: 0.8, Max: 0.9, Diff: 0.1, Sum: 3.2]
      [Update RS (ms): Min: 3.0, Avg: 3.3, Max: 3.6, Diff: 0.6, Sum: 13.1]
         [Processed Buffers: Min: 1, Avg: 7.0, Max: 11, Diff: 10, Sum: 28]
      [Scan RS (ms): Min: 6.8, Avg: 7.1, Max: 7.5, Diff: 0.7, Sum: 28.4]
      [Code Root Scanning (ms): Min: 0.0, Avg: 0.0, Max: 0.0, Diff: 0.0, Sum: 0.0]
      [Object Copy (ms): Min: 11.4, Avg: 11.5, Max: 11.6, Diff: 0.2, Sum: 46.1]
      [Termination (ms): Min: 0.0, Avg: 0.0, Max: 0.0, Diff: 0.0, Sum: 0.0]
         [Termination Attempts: Min: 1, Avg: 1.2, Max: 2, Diff: 1, Sum: 5]
      [GC Worker Other (ms): Min: 0.0, Avg: 0.0, Max: 0.1, Diff: 0.0, Sum: 0.2]
      [GC Worker Total (ms): Min: 22.7, Avg: 22.7, Max: 22.8, Diff: 0.1, Sum: 91.0]
      [GC Worker End (ms): Min: 27406176.1, Avg: 27406176.1, Max: 27406176.2, Diff: 0.0]
   [Code Root Fixup: 0.0 ms]
   [Code Root Purge: 0.0 ms]
   [Clear CT: 0.1 ms]
   [Other: 0.5 ms]
      [Choose CSet: 0.0 ms]
      [Ref Proc: 0.1 ms]
      [Ref Enq: 0.0 ms]
      [Redirty Cards: 0.1 ms]
      [Humongous Register: 0.0 ms]
      [Humongous Reclaim: 0.0 ms]
      [Free CSet: 0.1 ms]
   [Eden: 45.0M(45.0M)->0.0B(44.0M) Survivors: 6144.0K->7168.0K Heap: 291.5M(1024.0M)->247.9M(1024.0M)]
 [Times: user=0.09 sys=0.00, real=0.03 secs] 
2019-11-03T12:39:45.843+0800: 27416.819: [GC pause (G1 Evacuation Pause) (young), 0.0222699 secs]
   [Parallel Time: 21.6 ms, GC Workers: 4]
      [GC Worker Start (ms): Min: 27416819.1, Avg: 27416819.5, Max: 27416820.7, Diff: 1.6]
      [Ext Root Scanning (ms): Min: 0.0, Avg: 0.8, Max: 1.1, Diff: 1.1, Sum: 3.2]
      [Update RS (ms): Min: 1.8, Avg: 2.1, Max: 2.2, Diff: 0.5, Sum: 8.2]
         [Processed Buffers: Min: 4, Avg: 7.5, Max: 13, Diff: 9, Sum: 30]
      [Scan RS (ms): Min: 6.5, Avg: 6.5, Max: 6.7, Diff: 0.2, Sum: 26.1]
      [Code Root Scanning (ms): Min: 0.0, Avg: 0.0, Max: 0.0, Diff: 0.0, Sum: 0.0]
      [Object Copy (ms): Min: 11.6, Avg: 11.7, Max: 11.8, Diff: 0.2, Sum: 46.8]
      [Termination (ms): Min: 0.0, Avg: 0.0, Max: 0.0, Diff: 0.0, Sum: 0.0]
         [Termination Attempts: Min: 1, Avg: 1.0, Max: 1, Diff: 0, Sum: 4]
      [GC Worker Other (ms): Min: 0.0, Avg: 0.0, Max: 0.0, Diff: 0.0, Sum: 0.1]
      [GC Worker Total (ms): Min: 19.9, Avg: 21.1, Max: 21.5, Diff: 1.6, Sum: 84.4]
      [GC Worker End (ms): Min: 27416840.6, Avg: 27416840.6, Max: 27416840.7, Diff: 0.0]
   [Code Root Fixup: 0.0 ms]
   [Code Root Purge: 0.0 ms]
   [Clear CT: 0.1 ms]
   [Other: 0.5 ms]
      [Choose CSet: 0.0 ms]
      [Ref Proc: 0.1 ms]
      [Ref Enq: 0.0 ms]
      [Redirty Cards: 0.1 ms]
      [Humongous Register: 0.0 ms]
      [Humongous Reclaim: 0.0 ms]
      [Free CSet: 0.1 ms]
   [Eden: 44.0M(44.0M)->0.0B(47.0M) Survivors: 7168.0K->4096.0K Heap: 291.9M(1024.0M)->248.1M(1024.0M)]
 [Times: user=0.08 sys=0.01, real=0.02 secs] 
2019-11-03T12:39:57.117+0800: 27428.092: [GC pause (G1 Evacuation Pause) (young), 0.0170230 secs]
   [Parallel Time: 16.0 ms, GC Workers: 4]
      [GC Worker Start (ms): Min: 27428092.3, Avg: 27428092.6, Max: 27428093.0, Diff: 0.7]
      [Ext Root Scanning (ms): Min: 1.4, Avg: 1.6, Max: 2.0, Diff: 0.6, Sum: 6.6]
      [Update RS (ms): Min: 1.2, Avg: 1.9, Max: 2.9, Diff: 1.7, Sum: 7.8]
         [Processed Buffers: Min: 3, Avg: 8.8, Max: 15, Diff: 12, Sum: 35]
      [Scan RS (ms): Min: 4.5, Avg: 4.9, Max: 5.4, Diff: 0.8, Sum: 19.5]
      [Code Root Scanning (ms): Min: 0.0, Avg: 0.0, Max: 0.0, Diff: 0.0, Sum: 0.0]
      [Object Copy (ms): Min: 5.8, Avg: 7.0, Max: 8.7, Diff: 2.9, Sum: 28.1]
      [Termination (ms): Min: 0.0, Avg: 0.0, Max: 0.0, Diff: 0.0, Sum: 0.0]
         [Termination Attempts: Min: 1, Avg: 1.0, Max: 1, Diff: 0, Sum: 4]
      [GC Worker Other (ms): Min: 0.0, Avg: 0.1, Max: 0.3, Diff: 0.3, Sum: 0.4]
      [GC Worker Total (ms): Min: 15.2, Avg: 15.6, Max: 15.9, Diff: 0.7, Sum: 62.4]
      [GC Worker End (ms): Min: 27428108.1, Avg: 27428108.2, Max: 27428108.2, Diff: 0.1]
   [Code Root Fixup: 0.0 ms]
   [Code Root Purge: 0.0 ms]
   [Clear CT: 0.1 ms]
   [Other: 0.9 ms]
      [Choose CSet: 0.0 ms]
      [Ref Proc: 0.3 ms]
      [Ref Enq: 0.0 ms]
      [Redirty Cards: 0.1 ms]
      [Humongous Register: 0.0 ms]
      [Humongous Reclaim: 0.0 ms]
      [Free CSet: 0.2 ms]
   [Eden: 47.0M(47.0M)->0.0B(46.0M) Survivors: 4096.0K->5120.0K Heap: 295.1M(1024.0M)->248.6M(1024.0M)]
 [Times: user=0.05 sys=0.00, real=0.02 secs] 
2019-11-03T12:40:08.317+0800: 27439.292: [GC pause (G1 Evacuation Pause) (young), 0.0174202 secs]
   [Parallel Time: 16.7 ms, GC Workers: 4]
      [GC Worker Start (ms): Min: 27439292.4, Avg: 27439292.5, Max: 27439292.5, Diff: 0.1]
      [Ext Root Scanning (ms): Min: 0.8, Avg: 0.8, Max: 0.9, Diff: 0.1, Sum: 3.2]
      [Update RS (ms): Min: 2.5, Avg: 2.7, Max: 2.9, Diff: 0.4, Sum: 10.9]
         [Processed Buffers: Min: 1, Avg: 6.8, Max: 13, Diff: 12, Sum: 27]
      [Scan RS (ms): Min: 4.2, Avg: 4.4, Max: 4.6, Diff: 0.4, Sum: 17.5]
      [Code Root Scanning (ms): Min: 0.0, Avg: 0.0, Max: 0.0, Diff: 0.0, Sum: 0.0]
      [Object Copy (ms): Min: 8.6, Avg: 8.7, Max: 8.7, Diff: 0.2, Sum: 34.7]
      [Termination (ms): Min: 0.0, Avg: 0.0, Max: 0.0, Diff: 0.0, Sum: 0.0]
         [Termination Attempts: Min: 1, Avg: 1.0, Max: 1, Diff: 0, Sum: 4]
      [GC Worker Other (ms): Min: 0.0, Avg: 0.0, Max: 0.1, Diff: 0.0, Sum: 0.1]
      [GC Worker Total (ms): Min: 16.6, Avg: 16.6, Max: 16.7, Diff: 0.1, Sum: 66.5]
      [GC Worker End (ms): Min: 27439309.1, Avg: 27439309.1, Max: 27439309.1, Diff: 0.0]
   [Code Root Fixup: 0.0 ms]
   [Code Root Purge: 0.0 ms]
   [Clear CT: 0.2 ms]
   [Other: 0.5 ms]
      [Choose CSet: 0.0 ms]
      [Ref Proc: 0.1 ms]
      [Ref Enq: 0.0 ms]
      [Redirty Cards: 0.0 ms]
      [Humongous Register: 0.0 ms]
      [Humongous Reclaim: 0.0 ms]
      [Free CSet: 0.1 ms]
   [Eden: 46.0M(46.0M)->0.0B(64.0M) Survivors: 5120.0K->7168.0K Heap: 294.6M(1024.0M)->250.5M(1024.0M)]
 [Times: user=0.07 sys=0.00, real=0.02 secs] 
2019-11-03T12:40:31.728+0800: 27462.702: [GC pause (G1 Evacuation Pause) (young), 0.0206064 secs]
   [Parallel Time: 19.8 ms, GC Workers: 4]
      [GC Worker Start (ms): Min: 27462701.8, Avg: 27462701.8, Max: 27462701.9, Diff: 0.1]
      [Ext Root Scanning (ms): Min: 0.7, Avg: 0.8, Max: 0.8, Diff: 0.1, Sum: 3.2]
      [Update RS (ms): Min: 2.7, Avg: 2.8, Max: 2.9, Diff: 0.1, Sum: 11.1]
         [Processed Buffers: Min: 3, Avg: 8.0, Max: 21, Diff: 18, Sum: 32]
      [Scan RS (ms): Min: 5.6, Avg: 5.7, Max: 5.7, Diff: 0.1, Sum: 22.7]
      [Code Root Scanning (ms): Min: 0.0, Avg: 0.0, Max: 0.0, Diff: 0.0, Sum: 0.0]
      [Object Copy (ms): Min: 10.3, Avg: 10.3, Max: 10.4, Diff: 0.1, Sum: 41.4]
      [Termination (ms): Min: 0.0, Avg: 0.0, Max: 0.0, Diff: 0.0, Sum: 0.0]
         [Termination Attempts: Min: 1, Avg: 2.0, Max: 4, Diff: 3, Sum: 8]
      [GC Worker Other (ms): Min: 0.0, Avg: 0.0, Max: 0.0, Diff: 0.0, Sum: 0.2]
      [GC Worker Total (ms): Min: 19.6, Avg: 19.6, Max: 19.7, Diff: 0.0, Sum: 78.6]
      [GC Worker End (ms): Min: 27462721.5, Avg: 27462721.5, Max: 27462721.5, Diff: 0.0]
   [Code Root Fixup: 0.0 ms]
   [Code Root Purge: 0.0 ms]
   [Clear CT: 0.1 ms]
   [Other: 0.7 ms]
      [Choose CSet: 0.0 ms]
      [Ref Proc: 0.2 ms]
      [Ref Enq: 0.0 ms]
      [Redirty Cards: 0.1 ms]
      [Humongous Register: 0.1 ms]
      [Humongous Reclaim: 0.0 ms]
      [Free CSet: 0.1 ms]
   [Eden: 64.0M(64.0M)->0.0B(53.0M) Survivors: 7168.0K->7168.0K Heap: 314.5M(1024.0M)->250.6M(1024.0M)]
 [Times: user=0.08 sys=0.00, real=0.02 secs] 
2019-11-03T12:40:44.496+0800: 27475.469: [GC pause (G1 Evacuation Pause) (young), 0.0227674 secs]
   [Parallel Time: 21.7 ms, GC Workers: 4]
      [GC Worker Start (ms): Min: 27475469.5, Avg: 27475471.6, Max: 27475476.5, Diff: 7.0]
      [Ext Root Scanning (ms): Min: 0.0, Avg: 0.9, Max: 1.6, Diff: 1.6, Sum: 3.6]
      [Update RS (ms): Min: 0.0, Avg: 1.8, Max: 2.6, Diff: 2.5, Sum: 7.2]
         [Processed Buffers: Min: 0, Avg: 8.5, Max: 17, Diff: 17, Sum: 34]
      [Scan RS (ms): Min: 3.3, Avg: 5.6, Max: 6.4, Diff: 3.1, Sum: 22.2]
      [Code Root Scanning (ms): Min: 0.0, Avg: 0.0, Max: 0.0, Diff: 0.0, Sum: 0.0]
      [Object Copy (ms): Min: 10.8, Avg: 11.1, Max: 11.4, Diff: 0.5, Sum: 44.5]
      [Termination (ms): Min: 0.0, Avg: 0.1, Max: 0.2, Diff: 0.2, Sum: 0.4]
         [Termination Attempts: Min: 1, Avg: 1.2, Max: 2, Diff: 1, Sum: 5]
      [GC Worker Other (ms): Min: 0.0, Avg: 0.0, Max: 0.0, Diff: 0.0, Sum: 0.1]
      [GC Worker Total (ms): Min: 14.6, Avg: 19.5, Max: 21.6, Diff: 7.0, Sum: 78.0]
      [GC Worker End (ms): Min: 27475491.0, Avg: 27475491.1, Max: 27475491.1, Diff: 0.0]
   [Code Root Fixup: 0.0 ms]
   [Code Root Purge: 0.0 ms]
   [Clear CT: 0.1 ms]
   [Other: 1.0 ms]
      [Choose CSet: 0.0 ms]
      [Ref Proc: 0.2 ms]
      [Ref Enq: 0.0 ms]
      [Redirty Cards: 0.2 ms]
      [Humongous Register: 0.1 ms]
      [Humongous Reclaim: 0.0 ms]
      [Free CSet: 0.1 ms]
   [Eden: 53.0M(53.0M)->0.0B(46.0M) Survivors: 7168.0K->5120.0K Heap: 303.6M(1024.0M)->249.9M(1024.0M)]
 [Times: user=0.07 sys=0.00, real=0.03 secs] 
2019-11-03T12:40:55.590+0800: 27486.563: [GC pause (G1 Evacuation Pause) (young), 0.0206624 secs]
   [Parallel Time: 19.9 ms, GC Workers: 4]
      [GC Worker Start (ms): Min: 27486562.8, Avg: 27486562.9, Max: 27486562.9, Diff: 0.1]
      [Ext Root Scanning (ms): Min: 0.7, Avg: 0.8, Max: 0.8, Diff: 0.1, Sum: 3.1]
      [Update RS (ms): Min: 2.1, Avg: 2.3, Max: 2.6, Diff: 0.6, Sum: 9.0]
         [Processed Buffers: Min: 1, Avg: 10.0, Max: 20, Diff: 19, Sum: 40]
      [Scan RS (ms): Min: 5.4, Avg: 5.7, Max: 5.8, Diff: 0.4, Sum: 22.7]
      [Code Root Scanning (ms): Min: 0.0, Avg: 0.0, Max: 0.0, Diff: 0.0, Sum: 0.0]
      [Object Copy (ms): Min: 10.9, Avg: 11.0, Max: 11.1, Diff: 0.2, Sum: 44.1]
      [Termination (ms): Min: 0.0, Avg: 0.0, Max: 0.0, Diff: 0.0, Sum: 0.0]
         [Termination Attempts: Min: 1, Avg: 1.0, Max: 1, Diff: 0, Sum: 4]
      [GC Worker Other (ms): Min: 0.0, Avg: 0.0, Max: 0.1, Diff: 0.1, Sum: 0.2]
      [GC Worker Total (ms): Min: 19.7, Avg: 19.8, Max: 19.8, Diff: 0.1, Sum: 79.1]
      [GC Worker End (ms): Min: 27486582.6, Avg: 27486582.6, Max: 27486582.7, Diff: 0.0]
   [Code Root Fixup: 0.0 ms]
   [Code Root Purge: 0.0 ms]
   [Clear CT: 0.1 ms]
   [Other: 0.7 ms]
      [Choose CSet: 0.0 ms]
      [Ref Proc: 0.2 ms]
      [Ref Enq: 0.0 ms]
      [Redirty Cards: 0.1 ms]
      [Humongous Register: 0.0 ms]
      [Humongous Reclaim: 0.0 ms]
      [Free CSet: 0.1 ms]
   [Eden: 46.0M(46.0M)->0.0B(45.0M) Survivors: 5120.0K->6144.0K Heap: 295.9M(1024.0M)->251.9M(1024.0M)]
 [Times: user=0.08 sys=0.01, real=0.02 secs] 
2019-11-03T12:41:06.544+0800: 27497.517: [GC pause (G1 Evacuation Pause) (young), 0.0195987 secs]
   [Parallel Time: 18.9 ms, GC Workers: 4]
      [GC Worker Start (ms): Min: 27497517.0, Avg: 27497517.3, Max: 27497518.1, Diff: 1.1]
      [Ext Root Scanning (ms): Min: 0.0, Avg: 0.7, Max: 1.0, Diff: 1.0, Sum: 3.0]
      [Update RS (ms): Min: 0.0, Avg: 2.3, Max: 3.2, Diff: 3.2, Sum: 9.3]
         [Processed Buffers: Min: 0, Avg: 7.2, Max: 14, Diff: 14, Sum: 29]
      [Scan RS (ms): Min: 5.2, Avg: 5.4, Max: 5.6, Diff: 0.4, Sum: 21.6]
      [Code Root Scanning (ms): Min: 0.0, Avg: 0.0, Max: 0.0, Diff: 0.0, Sum: 0.0]
      [Object Copy (ms): Min: 9.2, Avg: 10.1, Max: 12.4, Diff: 3.1, Sum: 40.4]
      [Termination (ms): Min: 0.0, Avg: 0.0, Max: 0.0, Diff: 0.0, Sum: 0.0]
         [Termination Attempts: Min: 1, Avg: 1.0, Max: 1, Diff: 0, Sum: 4]
      [GC Worker Other (ms): Min: 0.0, Avg: 0.0, Max: 0.0, Diff: 0.0, Sum: 0.1]
      [GC Worker Total (ms): Min: 17.8, Avg: 18.6, Max: 18.9, Diff: 1.1, Sum: 74.4]
      [GC Worker End (ms): Min: 27497535.9, Avg: 27497535.9, Max: 27497535.9, Diff: 0.0]
   [Code Root Fixup: 0.0 ms]
   [Code Root Purge: 0.0 ms]
   [Clear CT: 0.1 ms]
   [Other: 0.6 ms]
      [Choose CSet: 0.0 ms]
      [Ref Proc: 0.1 ms]
      [Ref Enq: 0.0 ms]
      [Redirty Cards: 0.1 ms]
      [Humongous Register: 0.0 ms]
      [Humongous Reclaim: 0.0 ms]
      [Free CSet: 0.1 ms]
   [Eden: 45.0M(45.0M)->0.0B(59.0M) Survivors: 6144.0K->5120.0K Heap: 296.9M(1024.0M)->252.0M(1024.0M)]
 [Times: user=0.07 sys=0.00, real=0.02 secs] 
2019-11-03T12:41:17.546+0800: 27508.518: [GC pause (G1 Evacuation Pause) (young), 0.0178374 secs]
   [Parallel Time: 17.1 ms, GC Workers: 4]
      [GC Worker Start (ms): Min: 27508518.4, Avg: 27508518.4, Max: 27508518.5, Diff: 0.1]
      [Ext Root Scanning (ms): Min: 0.7, Avg: 0.8, Max: 0.8, Diff: 0.1, Sum: 3.1]
      [Update RS (ms): Min: 1.9, Avg: 2.3, Max: 3.2, Diff: 1.3, Sum: 9.1]
         [Processed Buffers: Min: 4, Avg: 8.2, Max: 15, Diff: 11, Sum: 33]
      [Scan RS (ms): Min: 5.5, Avg: 6.4, Max: 6.8, Diff: 1.3, Sum: 25.6]
      [Code Root Scanning (ms): Min: 0.0, Avg: 0.0, Max: 0.0, Diff: 0.0, Sum: 0.0]
      [Object Copy (ms): Min: 7.4, Avg: 7.5, Max: 7.5, Diff: 0.0, Sum: 29.8]
      [Termination (ms): Min: 0.0, Avg: 0.0, Max: 0.0, Diff: 0.0, Sum: 0.0]
         [Termination Attempts: Min: 1, Avg: 1.0, Max: 1, Diff: 0, Sum: 4]
      [GC Worker Other (ms): Min: 0.0, Avg: 0.0, Max: 0.0, Diff: 0.0, Sum: 0.1]
      [GC Worker Total (ms): Min: 16.9, Avg: 16.9, Max: 17.0, Diff: 0.1, Sum: 67.7]
      [GC Worker End (ms): Min: 27508535.4, Avg: 27508535.4, Max: 27508535.4, Diff: 0.0]
   [Code Root Fixup: 0.0 ms]
   [Code Root Purge: 0.0 ms]
   [Clear CT: 0.1 ms]
   [Other: 0.6 ms]
      [Choose CSet: 0.0 ms]
      [Ref Proc: 0.1 ms]
      [Ref Enq: 0.0 ms]
      [Redirty Cards: 0.1 ms]
      [Humongous Register: 0.1 ms]
      [Humongous Reclaim: 0.0 ms]
      [Free CSet: 0.1 ms]
   [Eden: 46.0M(46.0M)->0.0B(75.0M) Survivors: 5120.0K->5120.0K Heap: 298.0M(1024.0M)->252.0M(1024.0M)]
 [Times: user=0.07 sys=0.00, real=0.02 secs] 
2019-11-03T12:41:33.442+0800: 27524.414: [GC pause (G1 Evacuation Pause) (young), 0.0200334 secs]
   [Parallel Time: 19.4 ms, GC Workers: 4]
      [GC Worker Start (ms): Min: 27524414.1, Avg: 27524414.2, Max: 27524414.4, Diff: 0.3]
      [Ext Root Scanning (ms): Min: 0.5, Avg: 0.8, Max: 0.9, Diff: 0.3, Sum: 3.1]
      [Update RS (ms): Min: 1.8, Avg: 2.3, Max: 2.6, Diff: 0.8, Sum: 9.1]
         [Processed Buffers: Min: 6, Avg: 9.2, Max: 13, Diff: 7, Sum: 37]
      [Scan RS (ms): Min: 6.1, Avg: 6.5, Max: 7.1, Diff: 1.0, Sum: 26.1]
      [Code Root Scanning (ms): Min: 0.0, Avg: 0.0, Max: 0.0, Diff: 0.0, Sum: 0.0]
      [Object Copy (ms): Min: 9.6, Avg: 9.6, Max: 9.7, Diff: 0.1, Sum: 38.4]
      [Termination (ms): Min: 0.0, Avg: 0.0, Max: 0.0, Diff: 0.0, Sum: 0.0]
         [Termination Attempts: Min: 1, Avg: 1.0, Max: 1, Diff: 0, Sum: 4]
      [GC Worker Other (ms): Min: 0.0, Avg: 0.0, Max: 0.1, Diff: 0.0, Sum: 0.2]
      [GC Worker Total (ms): Min: 19.0, Avg: 19.2, Max: 19.3, Diff: 0.3, Sum: 76.9]
      [GC Worker End (ms): Min: 27524433.4, Avg: 27524433.4, Max: 27524433.4, Diff: 0.0]
   [Code Root Fixup: 0.0 ms]
   [Code Root Purge: 0.0 ms]
   [Clear CT: 0.1 ms]
   [Other: 0.6 ms]
      [Choose CSet: 0.0 ms]
      [Ref Proc: 0.1 ms]
      [Ref Enq: 0.0 ms]
      [Redirty Cards: 0.1 ms]
      [Humongous Register: 0.0 ms]
      [Humongous Reclaim: 0.0 ms]
      [Free CSet: 0.1 ms]
   [Eden: 66.0M(46.0M)->0.0B(89.0M) Survivors: 5120.0K->6144.0K Heap: 318.0M(1024.0M)->253.5M(1024.0M)]
 [Times: user=0.08 sys=0.01, real=0.02 secs] 
2019-11-03T12:41:44.159+0800: 27535.130: [GC pause (G1 Evacuation Pause) (young), 0.0195472 secs]
   [Parallel Time: 18.9 ms, GC Workers: 4]
      [GC Worker Start (ms): Min: 27535130.2, Avg: 27535130.2, Max: 27535130.2, Diff: 0.1]
      [Ext Root Scanning (ms): Min: 0.8, Avg: 0.8, Max: 0.9, Diff: 0.1, Sum: 3.4]
      [Update RS (ms): Min: 1.7, Avg: 1.8, Max: 2.2, Diff: 0.5, Sum: 7.4]
         [Processed Buffers: Min: 4, Avg: 8.2, Max: 12, Diff: 8, Sum: 33]
      [Scan RS (ms): Min: 5.5, Avg: 5.9, Max: 6.1, Diff: 0.5, Sum: 23.6]
      [Code Root Scanning (ms): Min: 0.0, Avg: 0.0, Max: 0.0, Diff: 0.0, Sum: 0.0]
      [Object Copy (ms): Min: 10.2, Avg: 10.2, Max: 10.2, Diff: 0.0, Sum: 40.7]
      [Termination (ms): Min: 0.0, Avg: 0.0, Max: 0.0, Diff: 0.0, Sum: 0.0]
         [Termination Attempts: Min: 1, Avg: 1.0, Max: 1, Diff: 0, Sum: 4]
      [GC Worker Other (ms): Min: 0.0, Avg: 0.0, Max: 0.0, Diff: 0.0, Sum: 0.1]
      [GC Worker Total (ms): Min: 18.8, Avg: 18.8, Max: 18.8, Diff: 0.0, Sum: 75.1]
      [GC Worker End (ms): Min: 27535149.0, Avg: 27535149.0, Max: 27535149.0, Diff: 0.0]
   [Code Root Fixup: 0.0 ms]
   [Code Root Purge: 0.0 ms]
   [Clear CT: 0.1 ms]
   [Other: 0.6 ms]
      [Choose CSet: 0.0 ms]
      [Ref Proc: 0.1 ms]
      [Ref Enq: 0.0 ms]
      [Redirty Cards: 0.1 ms]
      [Humongous Register: 0.0 ms]
      [Humongous Reclaim: 0.0 ms]
      [Free CSet: 0.1 ms]
   [Eden: 45.0M(45.0M)->0.0B(98.0M) Survivors: 6144.0K->5120.0K Heap: 298.5M(1024.0M)->253.1M(1024.0M)]
 [Times: user=0.07 sys=0.00, real=0.02 secs] 
2019-11-03T12:41:58.359+0800: 27549.329: [GC pause (G1 Evacuation Pause) (young), 0.0179348 secs]
   [Parallel Time: 17.2 ms, GC Workers: 4]
      [GC Worker Start (ms): Min: 27549329.6, Avg: 27549329.6, Max: 27549329.7, Diff: 0.1]
      [Ext Root Scanning (ms): Min: 0.7, Avg: 0.8, Max: 0.9, Diff: 0.1, Sum: 3.2]
      [Update RS (ms): Min: 2.4, Avg: 2.7, Max: 3.1, Diff: 0.7, Sum: 11.0]
         [Processed Buffers: Min: 1, Avg: 8.5, Max: 16, Diff: 15, Sum: 34]
      [Scan RS (ms): Min: 6.0, Avg: 6.4, Max: 6.6, Diff: 0.6, Sum: 25.5]
      [Code Root Scanning (ms): Min: 0.0, Avg: 0.0, Max: 0.0, Diff: 0.0, Sum: 0.0]
      [Object Copy (ms): Min: 7.0, Avg: 7.2, Max: 7.2, Diff: 0.2, Sum: 28.6]
      [Termination (ms): Min: 0.0, Avg: 0.0, Max: 0.0, Diff: 0.0, Sum: 0.0]
         [Termination Attempts: Min: 1, Avg: 1.0, Max: 1, Diff: 0, Sum: 4]
      [GC Worker Other (ms): Min: 0.0, Avg: 0.1, Max: 0.1, Diff: 0.1, Sum: 0.2]
      [GC Worker Total (ms): Min: 17.1, Avg: 17.1, Max: 17.1, Diff: 0.0, Sum: 68.5]
      [GC Worker End (ms): Min: 27549346.7, Avg: 27549346.8, Max: 27549346.8, Diff: 0.0]
   [Code Root Fixup: 0.0 ms]
   [Code Root Purge: 0.0 ms]
   [Clear CT: 0.1 ms]
   [Other: 0.6 ms]
      [Choose CSet: 0.0 ms]
      [Ref Proc: 0.2 ms]
      [Ref Enq: 0.0 ms]
      [Redirty Cards: 0.1 ms]
      [Humongous Register: 0.0 ms]
      [Humongous Reclaim: 0.0 ms]
      [Free CSet: 0.1 ms]
   [Eden: 59.0M(46.0M)->0.0B(115.0M) Survivors: 5120.0K->5120.0K Heap: 312.1M(1024.0M)->253.1M(1024.0M)]
 [Times: user=0.06 sys=0.00, real=0.02 secs] 
2019-11-03T12:42:13.168+0800: 27564.138: [GC pause (G1 Evacuation Pause) (young), 0.0222325 secs]
   [Parallel Time: 21.1 ms, GC Workers: 4]
      [GC Worker Start (ms): Min: 27564137.9, Avg: 27564138.2, Max: 27564139.1, Diff: 1.2]
      [Ext Root Scanning (ms): Min: 0.0, Avg: 0.8, Max: 1.1, Diff: 1.1, Sum: 3.2]
      [Update RS (ms): Min: 1.4, Avg: 3.4, Max: 4.3, Diff: 2.9, Sum: 13.7]
         [Processed Buffers: Min: 0, Avg: 7.2, Max: 12, Diff: 12, Sum: 29]
      [Scan RS (ms): Min: 5.7, Avg: 6.5, Max: 7.5, Diff: 1.9, Sum: 25.8]
      [Code Root Scanning (ms): Min: 0.0, Avg: 0.0, Max: 0.0, Diff: 0.0, Sum: 0.0]
      [Object Copy (ms): Min: 8.3, Avg: 10.0, Max: 12.4, Diff: 4.1, Sum: 40.1]
      [Termination (ms): Min: 0.0, Avg: 0.0, Max: 0.0, Diff: 0.0, Sum: 0.0]
         [Termination Attempts: Min: 1, Avg: 1.2, Max: 2, Diff: 1, Sum: 5]
      [GC Worker Other (ms): Min: 0.0, Avg: 0.0, Max: 0.1, Diff: 0.0, Sum: 0.2]
      [GC Worker Total (ms): Min: 19.9, Avg: 20.8, Max: 21.1, Diff: 1.2, Sum: 83.0]
      [GC Worker End (ms): Min: 27564159.0, Avg: 27564159.0, Max: 27564159.0, Diff: 0.0]
   [Code Root Fixup: 0.0 ms]
   [Code Root Purge: 0.0 ms]
   [Clear CT: 0.1 ms]
   [Other: 1.0 ms]
      [Choose CSet: 0.0 ms]
      [Ref Proc: 0.5 ms]
      [Ref Enq: 0.0 ms]
      [Redirty Cards: 0.1 ms]
      [Humongous Register: 0.0 ms]
      [Humongous Reclaim: 0.0 ms]
      [Free CSet: 0.1 ms]
   [Eden: 62.0M(46.0M)->0.0B(59.0M) Survivors: 5120.0K->5120.0K Heap: 315.1M(1024.0M)->253.1M(1024.0M)]
 [Times: user=0.07 sys=0.00, real=0.03 secs] 
2019-11-03T12:42:27.470+0800: 27578.440: [GC pause (G1 Evacuation Pause) (young), 0.0243192 secs]
   [Parallel Time: 23.4 ms, GC Workers: 4]
      [GC Worker Start (ms): Min: 27578440.3, Avg: 27578443.1, Max: 27578445.0, Diff: 4.7]
      [Ext Root Scanning (ms): Min: 0.0, Avg: 1.0, Max: 3.6, Diff: 3.6, Sum: 4.1]
      [Update RS (ms): Min: 1.3, Avg: 1.7, Max: 2.0, Diff: 0.7, Sum: 6.9]
         [Processed Buffers: Min: 7, Avg: 9.5, Max: 13, Diff: 6, Sum: 38]
      [Scan RS (ms): Min: 4.1, Avg: 4.9, Max: 6.7, Diff: 2.6, Sum: 19.4]
      [Code Root Scanning (ms): Min: 0.0, Avg: 0.0, Max: 0.0, Diff: 0.0, Sum: 0.0]
      [Object Copy (ms): Min: 11.2, Avg: 12.8, Max: 13.9, Diff: 2.7, Sum: 51.1]
      [Termination (ms): Min: 0.0, Avg: 0.0, Max: 0.0, Diff: 0.0, Sum: 0.0]
         [Termination Attempts: Min: 1, Avg: 1.0, Max: 1, Diff: 0, Sum: 4]
      [GC Worker Other (ms): Min: 0.0, Avg: 0.0, Max: 0.0, Diff: 0.0, Sum: 0.1]
      [GC Worker Total (ms): Min: 18.5, Avg: 20.4, Max: 23.2, Diff: 4.7, Sum: 81.7]
      [GC Worker End (ms): Min: 27578463.5, Avg: 27578463.5, Max: 27578463.5, Diff: 0.0]
   [Code Root Fixup: 0.0 ms]
   [Code Root Purge: 0.0 ms]
   [Clear CT: 0.1 ms]
   [Other: 0.8 ms]
      [Choose CSet: 0.0 ms]
      [Ref Proc: 0.2 ms]
      [Ref Enq: 0.0 ms]
      [Redirty Cards: 0.1 ms]
      [Humongous Register: 0.1 ms]
      [Humongous Reclaim: 0.0 ms]
      [Free CSet: 0.1 ms]
   [Eden: 59.0M(59.0M)->0.0B(44.0M) Survivors: 5120.0K->7168.0K Heap: 312.1M(1024.0M)->255.1M(1024.0M)]
 [Times: user=0.07 sys=0.00, real=0.02 secs] 
2019-11-03T12:42:37.992+0800: 27588.961: [GC pause (G1 Evacuation Pause) (young), 0.0248012 secs]
   [Parallel Time: 23.9 ms, GC Workers: 4]
      [GC Worker Start (ms): Min: 27588961.3, Avg: 27588961.7, Max: 27588962.5, Diff: 1.2]
      [Ext Root Scanning (ms): Min: 0.0, Avg: 0.8, Max: 1.2, Diff: 1.2, Sum: 3.3]
      [Update RS (ms): Min: 1.7, Avg: 2.3, Max: 2.6, Diff: 1.0, Sum: 9.3]
         [Processed Buffers: Min: 1, Avg: 7.8, Max: 15, Diff: 14, Sum: 31]
      [Scan RS (ms): Min: 4.9, Avg: 5.1, Max: 5.4, Diff: 0.5, Sum: 20.2]
      [Code Root Scanning (ms): Min: 0.0, Avg: 0.0, Max: 0.0, Diff: 0.0, Sum: 0.0]
      [Object Copy (ms): Min: 15.0, Avg: 15.2, Max: 15.5, Diff: 0.5, Sum: 61.0]
      [Termination (ms): Min: 0.0, Avg: 0.0, Max: 0.0, Diff: 0.0, Sum: 0.0]
         [Termination Attempts: Min: 1, Avg: 1.0, Max: 1, Diff: 0, Sum: 4]
      [GC Worker Other (ms): Min: 0.0, Avg: 0.0, Max: 0.0, Diff: 0.0, Sum: 0.1]
      [GC Worker Total (ms): Min: 22.6, Avg: 23.5, Max: 23.9, Diff: 1.2, Sum: 93.8]
      [GC Worker End (ms): Min: 27588985.1, Avg: 27588985.1, Max: 27588985.1, Diff: 0.0]
   [Code Root Fixup: 0.0 ms]
   [Code Root Purge: 0.0 ms]
   [Clear CT: 0.1 ms]
   [Other: 0.8 ms]
      [Choose CSet: 0.0 ms]
      [Ref Proc: 0.3 ms]
      [Ref Enq: 0.0 ms]
      [Redirty Cards: 0.1 ms]
      [Humongous Register: 0.0 ms]
      [Humongous Reclaim: 0.0 ms]
      [Free CSet: 0.1 ms]
   [Eden: 44.0M(44.0M)->0.0B(46.0M) Survivors: 7168.0K->5120.0K Heap: 299.1M(1024.0M)->255.2M(1024.0M)]
 [Times: user=0.08 sys=0.01, real=0.02 secs] 
2019-11-03T12:42:49.135+0800: 27600.104: [GC pause (G1 Evacuation Pause) (young), 0.0180548 secs]
   [Parallel Time: 17.3 ms, GC Workers: 4]
      [GC Worker Start (ms): Min: 27600103.9, Avg: 27600104.0, Max: 27600104.4, Diff: 0.5]
      [Ext Root Scanning (ms): Min: 0.5, Avg: 0.8, Max: 1.0, Diff: 0.5, Sum: 3.4]
      [Update RS (ms): Min: 1.9, Avg: 2.3, Max: 3.0, Diff: 1.1, Sum: 9.0]
         [Processed Buffers: Min: 6, Avg: 8.5, Max: 13, Diff: 7, Sum: 34]
      [Scan RS (ms): Min: 6.2, Avg: 6.7, Max: 7.0, Diff: 0.8, Sum: 27.0]
      [Code Root Scanning (ms): Min: 0.0, Avg: 0.0, Max: 0.0, Diff: 0.0, Sum: 0.0]
      [Object Copy (ms): Min: 7.0, Avg: 7.2, Max: 7.3, Diff: 0.3, Sum: 28.9]
      [Termination (ms): Min: 0.0, Avg: 0.0, Max: 0.0, Diff: 0.0, Sum: 0.0]
         [Termination Attempts: Min: 1, Avg: 1.0, Max: 1, Diff: 0, Sum: 4]
      [GC Worker Other (ms): Min: 0.0, Avg: 0.0, Max: 0.0, Diff: 0.0, Sum: 0.1]
      [GC Worker Total (ms): Min: 16.8, Avg: 17.1, Max: 17.3, Diff: 0.5, Sum: 68.5]
      [GC Worker End (ms): Min: 27600121.1, Avg: 27600121.1, Max: 27600121.2, Diff: 0.0]
   [Code Root Fixup: 0.0 ms]
   [Code Root Purge: 0.0 ms]
   [Clear CT: 0.1 ms]
   [Other: 0.6 ms]
      [Choose CSet: 0.0 ms]
      [Ref Proc: 0.1 ms]
      [Ref Enq: 0.0 ms]
      [Redirty Cards: 0.1 ms]
      [Humongous Register: 0.0 ms]
      [Humongous Reclaim: 0.0 ms]
      [Free CSet: 0.1 ms]
   [Eden: 46.0M(46.0M)->0.0B(46.0M) Survivors: 5120.0K->5120.0K Heap: 301.2M(1024.0M)->254.7M(1024.0M)]
 [Times: user=0.07 sys=0.01, real=0.02 secs] 
2019-11-03T12:43:00.338+0800: 27611.307: [GC pause (G1 Evacuation Pause) (young), 0.0171149 secs]
   [Parallel Time: 16.4 ms, GC Workers: 4]
      [GC Worker Start (ms): Min: 27611306.7, Avg: 27611307.0, Max: 27611307.9, Diff: 1.3]
      [Ext Root Scanning (ms): Min: 0.0, Avg: 0.6, Max: 0.8, Diff: 0.8, Sum: 2.5]
      [Update RS (ms): Min: 1.9, Avg: 2.2, Max: 2.6, Diff: 0.8, Sum: 8.7]
         [Processed Buffers: Min: 3, Avg: 7.5, Max: 12, Diff: 9, Sum: 30]
      [Scan RS (ms): Min: 4.8, Avg: 5.1, Max: 5.3, Diff: 0.5, Sum: 20.4]
      [Code Root Scanning (ms): Min: 0.0, Avg: 0.0, Max: 0.0, Diff: 0.0, Sum: 0.0]
      [Object Copy (ms): Min: 8.0, Avg: 8.1, Max: 8.1, Diff: 0.1, Sum: 32.3]
      [Termination (ms): Min: 0.0, Avg: 0.0, Max: 0.0, Diff: 0.0, Sum: 0.0]
         [Termination Attempts: Min: 1, Avg: 1.8, Max: 3, Diff: 2, Sum: 7]
      [GC Worker Other (ms): Min: 0.0, Avg: 0.0, Max: 0.0, Diff: 0.0, Sum: 0.1]
      [GC Worker Total (ms): Min: 15.0, Avg: 16.0, Max: 16.3, Diff: 1.3, Sum: 63.9]
      [GC Worker End (ms): Min: 27611323.0, Avg: 27611323.0, Max: 27611323.0, Diff: 0.0]
   [Code Root Fixup: 0.0 ms]
   [Code Root Purge: 0.0 ms]
   [Clear CT: 0.1 ms]
   [Other: 0.6 ms]
      [Choose CSet: 0.0 ms]
      [Ref Proc: 0.2 ms]
      [Ref Enq: 0.0 ms]
      [Redirty Cards: 0.1 ms]
      [Humongous Register: 0.0 ms]
      [Humongous Reclaim: 0.0 ms]
      [Free CSet: 0.1 ms]
   [Eden: 46.0M(46.0M)->0.0B(67.0M) Survivors: 5120.0K->5120.0K Heap: 300.7M(1024.0M)->254.7M(1024.0M)]
 [Times: user=0.06 sys=0.00, real=0.02 secs] 
2019-11-03T12:43:11.363+0800: 27622.330: [GC pause (G1 Evacuation Pause) (young), 0.0310509 secs]
   [Parallel Time: 30.0 ms, GC Workers: 4]
      [GC Worker Start (ms): Min: 27622330.7, Avg: 27622331.1, Max: 27622332.0, Diff: 1.3]
      [Ext Root Scanning (ms): Min: 0.0, Avg: 0.8, Max: 1.2, Diff: 1.2, Sum: 3.0]
      [Update RS (ms): Min: 0.0, Avg: 3.4, Max: 5.2, Diff: 5.2, Sum: 13.4]
         [Processed Buffers: Min: 0, Avg: 7.8, Max: 13, Diff: 13, Sum: 31]
      [Scan RS (ms): Min: 0.0, Avg: 6.2, Max: 8.8, Diff: 8.8, Sum: 25.0]
      [Code Root Scanning (ms): Min: 0.0, Avg: 0.0, Max: 0.0, Diff: 0.0, Sum: 0.0]
      [Object Copy (ms): Min: 12.8, Avg: 17.2, Max: 26.8, Diff: 13.9, Sum: 68.7]
      [Termination (ms): Min: 0.0, Avg: 0.5, Max: 1.9, Diff: 1.9, Sum: 2.2]
         [Termination Attempts: Min: 1, Avg: 2.2, Max: 4, Diff: 3, Sum: 9]
      [GC Worker Other (ms): Min: 0.0, Avg: 0.0, Max: 0.0, Diff: 0.0, Sum: 0.1]
      [GC Worker Total (ms): Min: 26.8, Avg: 28.1, Max: 29.9, Diff: 3.0, Sum: 112.5]
      [GC Worker End (ms): Min: 27622358.8, Avg: 27622359.3, Max: 27622360.6, Diff: 1.8]
   [Code Root Fixup: 0.0 ms]
   [Code Root Purge: 0.0 ms]
   [Clear CT: 0.1 ms]
   [Other: 1.0 ms]
      [Choose CSet: 0.0 ms]
      [Ref Proc: 0.3 ms]
      [Ref Enq: 0.0 ms]
      [Redirty Cards: 0.1 ms]
      [Humongous Register: 0.1 ms]
      [Humongous Reclaim: 0.0 ms]
      [Free CSet: 0.2 ms]
   [Eden: 46.0M(46.0M)->0.0B(45.0M) Survivors: 5120.0K->6144.0K Heap: 300.7M(1024.0M)->255.7M(1024.0M)]
 [Times: user=0.07 sys=0.00, real=0.03 secs] 
2019-11-03T12:43:22.120+0800: 27633.087: [GC pause (G1 Evacuation Pause) (young), 0.0204977 secs]
   [Parallel Time: 19.7 ms, GC Workers: 4]
      [GC Worker Start (ms): Min: 27633087.6, Avg: 27633087.8, Max: 27633088.4, Diff: 0.8]
      [Ext Root Scanning (ms): Min: 0.5, Avg: 1.2, Max: 1.4, Diff: 0.9, Sum: 4.7]
      [Update RS (ms): Min: 1.9, Avg: 2.1, Max: 2.4, Diff: 0.5, Sum: 8.4]
         [Processed Buffers: Min: 7, Avg: 8.8, Max: 14, Diff: 7, Sum: 35]
      [Scan RS (ms): Min: 5.2, Avg: 5.7, Max: 6.0, Diff: 0.7, Sum: 22.7]
      [Code Root Scanning (ms): Min: 0.0, Avg: 0.0, Max: 0.0, Diff: 0.0, Sum: 0.0]
      [Object Copy (ms): Min: 10.2, Avg: 10.3, Max: 10.4, Diff: 0.3, Sum: 41.2]
      [Termination (ms): Min: 0.0, Avg: 0.1, Max: 0.1, Diff: 0.1, Sum: 0.4]
         [Termination Attempts: Min: 1, Avg: 1.2, Max: 2, Diff: 1, Sum: 5]
      [GC Worker Other (ms): Min: 0.0, Avg: 0.0, Max: 0.0, Diff: 0.0, Sum: 0.1]
      [GC Worker Total (ms): Min: 18.7, Avg: 19.4, Max: 19.6, Diff: 0.9, Sum: 77.5]
      [GC Worker End (ms): Min: 27633107.2, Avg: 27633107.2, Max: 27633107.2, Diff: 0.0]
   [Code Root Fixup: 0.0 ms]
   [Code Root Purge: 0.0 ms]
   [Clear CT: 0.1 ms]
   [Other: 0.7 ms]
      [Choose CSet: 0.0 ms]
      [Ref Proc: 0.3 ms]
      [Ref Enq: 0.0 ms]
      [Redirty Cards: 0.1 ms]
      [Humongous Register: 0.0 ms]
      [Humongous Reclaim: 0.0 ms]
      [Free CSet: 0.1 ms]
   [Eden: 45.0M(45.0M)->0.0B(46.0M) Survivors: 6144.0K->5120.0K Heap: 300.7M(1024.0M)->256.1M(1024.0M)]
 [Times: user=0.07 sys=0.00, real=0.02 secs] 
2019-11-03T12:43:33.178+0800: 27644.145: [GC pause (G1 Evacuation Pause) (young), 0.0196896 secs]
   [Parallel Time: 19.1 ms, GC Workers: 4]
      [GC Worker Start (ms): Min: 27644145.3, Avg: 27644145.5, Max: 27644145.8, Diff: 0.4]
      [Ext Root Scanning (ms): Min: 0.5, Avg: 0.8, Max: 0.9, Diff: 0.4, Sum: 3.0]
      [Update RS (ms): Min: 2.1, Avg: 2.4, Max: 2.8, Diff: 0.7, Sum: 9.5]
         [Processed Buffers: Min: 4, Avg: 8.5, Max: 14, Diff: 10, Sum: 34]
      [Scan RS (ms): Min: 7.3, Avg: 7.6, Max: 7.8, Diff: 0.5, Sum: 30.3]
      [Code Root Scanning (ms): Min: 0.0, Avg: 0.0, Max: 0.0, Diff: 0.0, Sum: 0.0]
      [Object Copy (ms): Min: 8.1, Avg: 8.2, Max: 8.2, Diff: 0.2, Sum: 32.7]
      [Termination (ms): Min: 0.0, Avg: 0.0, Max: 0.0, Diff: 0.0, Sum: 0.0]
         [Termination Attempts: Min: 1, Avg: 1.0, Max: 1, Diff: 0, Sum: 4]
      [GC Worker Other (ms): Min: 0.0, Avg: 0.0, Max: 0.1, Diff: 0.0, Sum: 0.2]
      [GC Worker Total (ms): Min: 18.6, Avg: 18.9, Max: 19.0, Diff: 0.4, Sum: 75.6]
      [GC Worker End (ms): Min: 27644164.3, Avg: 27644164.4, Max: 27644164.4, Diff: 0.0]
   [Code Root Fixup: 0.0 ms]
   [Code Root Purge: 0.0 ms]
   [Clear CT: 0.1 ms]
   [Other: 0.5 ms]
      [Choose CSet: 0.0 ms]
      [Ref Proc: 0.1 ms]
      [Ref Enq: 0.0 ms]
      [Redirty Cards: 0.1 ms]
      [Humongous Register: 0.0 ms]
      [Humongous Reclaim: 0.0 ms]
      [Free CSet: 0.1 ms]
   [Eden: 46.0M(46.0M)->0.0B(46.0M) Survivors: 5120.0K->5120.0K Heap: 302.1M(1024.0M)->255.6M(1024.0M)]
 [Times: user=0.07 sys=0.01, real=0.02 secs] 
2019-11-03T12:43:44.230+0800: 27655.196: [GC pause (G1 Evacuation Pause) (young), 0.0248282 secs]
   [Parallel Time: 23.5 ms, GC Workers: 4]
      [GC Worker Start (ms): Min: 27655196.6, Avg: 27655196.7, Max: 27655196.7, Diff: 0.1]
      [Ext Root Scanning (ms): Min: 0.8, Avg: 0.8, Max: 0.9, Diff: 0.1, Sum: 3.2]
      [Update RS (ms): Min: 2.4, Avg: 3.1, Max: 5.1, Diff: 2.7, Sum: 12.5]
         [Processed Buffers: Min: 4, Avg: 8.0, Max: 12, Diff: 8, Sum: 32]
      [Scan RS (ms): Min: 4.8, Avg: 6.7, Max: 7.5, Diff: 2.7, Sum: 26.9]
      [Code Root Scanning (ms): Min: 0.0, Avg: 0.0, Max: 0.0, Diff: 0.0, Sum: 0.1]
      [Object Copy (ms): Min: 12.5, Avg: 12.7, Max: 12.8, Diff: 0.3, Sum: 50.9]
      [Termination (ms): Min: 0.0, Avg: 0.0, Max: 0.0, Diff: 0.0, Sum: 0.0]
         [Termination Attempts: Min: 1, Avg: 1.0, Max: 1, Diff: 0, Sum: 4]
      [GC Worker Other (ms): Min: 0.0, Avg: 0.0, Max: 0.1, Diff: 0.0, Sum: 0.1]
      [GC Worker Total (ms): Min: 23.4, Avg: 23.4, Max: 23.5, Diff: 0.1, Sum: 93.7]
      [GC Worker End (ms): Min: 27655220.1, Avg: 27655220.1, Max: 27655220.1, Diff: 0.0]
   [Code Root Fixup: 0.0 ms]
   [Code Root Purge: 0.0 ms]
   [Clear CT: 0.1 ms]
   [Other: 1.2 ms]
      [Choose CSet: 0.0 ms]
      [Ref Proc: 0.5 ms]
      [Ref Enq: 0.0 ms]
      [Redirty Cards: 0.1 ms]
      [Humongous Register: 0.1 ms]
      [Humongous Reclaim: 0.0 ms]
      [Free CSet: 0.1 ms]
   [Eden: 46.0M(46.0M)->0.0B(45.0M) Survivors: 5120.0K->6144.0K Heap: 301.6M(1024.0M)->257.1M(1024.0M)]
 [Times: user=0.07 sys=0.00, real=0.02 secs] 
2019-11-03T12:43:55.080+0800: 27666.047: [GC pause (G1 Evacuation Pause) (young), 0.0205130 secs]
   [Parallel Time: 19.7 ms, GC Workers: 4]
      [GC Worker Start (ms): Min: 27666046.7, Avg: 27666046.8, Max: 27666046.9, Diff: 0.2]
      [Ext Root Scanning (ms): Min: 0.7, Avg: 0.8, Max: 0.9, Diff: 0.2, Sum: 3.2]
      [Update RS (ms): Min: 1.8, Avg: 1.9, Max: 2.2, Diff: 0.4, Sum: 7.6]
         [Processed Buffers: Min: 6, Avg: 8.8, Max: 12, Diff: 6, Sum: 35]
      [Scan RS (ms): Min: 6.1, Avg: 6.6, Max: 7.4, Diff: 1.3, Sum: 26.3]
      [Code Root Scanning (ms): Min: 0.0, Avg: 0.0, Max: 0.0, Diff: 0.0, Sum: 0.0]
      [Object Copy (ms): Min: 9.5, Avg: 10.2, Max: 10.5, Diff: 1.0, Sum: 41.0]
      [Termination (ms): Min: 0.0, Avg: 0.0, Max: 0.0, Diff: 0.0, Sum: 0.0]
         [Termination Attempts: Min: 1, Avg: 1.0, Max: 1, Diff: 0, Sum: 4]
      [GC Worker Other (ms): Min: 0.0, Avg: 0.0, Max: 0.0, Diff: 0.0, Sum: 0.1]
      [GC Worker Total (ms): Min: 19.4, Avg: 19.6, Max: 19.6, Diff: 0.2, Sum: 78.3]
      [GC Worker End (ms): Min: 27666066.3, Avg: 27666066.3, Max: 27666066.3, Diff: 0.0]
   [Code Root Fixup: 0.0 ms]
   [Code Root Purge: 0.0 ms]
   [Clear CT: 0.1 ms]
   [Other: 0.7 ms]
      [Choose CSet: 0.0 ms]
      [Ref Proc: 0.2 ms]
      [Ref Enq: 0.0 ms]
      [Redirty Cards: 0.2 ms]
      [Humongous Register: 0.0 ms]
      [Humongous Reclaim: 0.0 ms]
      [Free CSet: 0.1 ms]
   [Eden: 45.0M(45.0M)->0.0B(46.0M) Survivors: 6144.0K->5120.0K Heap: 302.1M(1024.0M)->257.4M(1024.0M)]
 [Times: user=0.07 sys=0.00, real=0.02 secs] 
2019-11-03T12:44:06.185+0800: 27677.151: [GC pause (G1 Evacuation Pause) (young), 0.0189648 secs]
   [Parallel Time: 18.2 ms, GC Workers: 4]
      [GC Worker Start (ms): Min: 27677151.0, Avg: 27677151.0, Max: 27677151.0, Diff: 0.1]
      [Ext Root Scanning (ms): Min: 0.7, Avg: 0.8, Max: 0.8, Diff: 0.1, Sum: 3.0]
      [Update RS (ms): Min: 2.7, Avg: 2.8, Max: 3.1, Diff: 0.4, Sum: 11.4]
         [Processed Buffers: Min: 3, Avg: 7.8, Max: 13, Diff: 10, Sum: 31]
      [Scan RS (ms): Min: 6.8, Avg: 7.0, Max: 7.1, Diff: 0.4, Sum: 27.8]
      [Code Root Scanning (ms): Min: 0.0, Avg: 0.0, Max: 0.0, Diff: 0.0, Sum: 0.0]
      [Object Copy (ms): Min: 7.4, Avg: 7.5, Max: 7.7, Diff: 0.2, Sum: 30.1]
      [Termination (ms): Min: 0.0, Avg: 0.0, Max: 0.0, Diff: 0.0, Sum: 0.0]
         [Termination Attempts: Min: 1, Avg: 1.8, Max: 3, Diff: 2, Sum: 7]
      [GC Worker Other (ms): Min: 0.0, Avg: 0.0, Max: 0.0, Diff: 0.0, Sum: 0.1]
      [GC Worker Total (ms): Min: 18.1, Avg: 18.1, Max: 18.1, Diff: 0.1, Sum: 72.5]
      [GC Worker End (ms): Min: 27677169.1, Avg: 27677169.1, Max: 27677169.1, Diff: 0.0]
   [Code Root Fixup: 0.0 ms]
   [Code Root Purge: 0.0 ms]
   [Clear CT: 0.1 ms]
   [Other: 0.6 ms]
      [Choose CSet: 0.0 ms]
      [Ref Proc: 0.1 ms]
      [Ref Enq: 0.0 ms]
      [Redirty Cards: 0.1 ms]
      [Humongous Register: 0.0 ms]
      [Humongous Reclaim: 0.0 ms]
      [Free CSet: 0.1 ms]
   [Eden: 46.0M(46.0M)->0.0B(46.0M) Survivors: 5120.0K->5120.0K Heap: 303.4M(1024.0M)->256.9M(1024.0M)]
 [Times: user=0.07 sys=0.00, real=0.02 secs] 
2019-11-03T12:44:17.441+0800: 27688.406: [GC pause (G1 Evacuation Pause) (young), 0.0179475 secs]
   [Parallel Time: 17.3 ms, GC Workers: 4]
      [GC Worker Start (ms): Min: 27688406.3, Avg: 27688406.3, Max: 27688406.4, Diff: 0.1]
      [Ext Root Scanning (ms): Min: 0.8, Avg: 0.8, Max: 0.9, Diff: 0.1, Sum: 3.4]
      [Update RS (ms): Min: 2.1, Avg: 2.3, Max: 2.4, Diff: 0.3, Sum: 9.0]
         [Processed Buffers: Min: 5, Avg: 8.5, Max: 15, Diff: 10, Sum: 34]
      [Scan RS (ms): Min: 6.0, Avg: 6.1, Max: 6.3, Diff: 0.4, Sum: 24.6]
      [Code Root Scanning (ms): Min: 0.0, Avg: 0.0, Max: 0.0, Diff: 0.0, Sum: 0.0]
      [Object Copy (ms): Min: 7.8, Avg: 7.8, Max: 7.9, Diff: 0.1, Sum: 31.3]
      [Termination (ms): Min: 0.0, Avg: 0.0, Max: 0.0, Diff: 0.0, Sum: 0.0]
         [Termination Attempts: Min: 1, Avg: 4.5, Max: 8, Diff: 7, Sum: 18]
      [GC Worker Other (ms): Min: 0.0, Avg: 0.1, Max: 0.1, Diff: 0.0, Sum: 0.2]
      [GC Worker Total (ms): Min: 17.1, Avg: 17.1, Max: 17.2, Diff: 0.1, Sum: 68.6]
      [GC Worker End (ms): Min: 27688423.5, Avg: 27688423.5, Max: 27688423.5, Diff: 0.0]
   [Code Root Fixup: 0.0 ms]
   [Code Root Purge: 0.0 ms]
   [Clear CT: 0.1 ms]
   [Other: 0.6 ms]
      [Choose CSet: 0.0 ms]
      [Ref Proc: 0.2 ms]
      [Ref Enq: 0.0 ms]
      [Redirty Cards: 0.0 ms]
      [Humongous Register: 0.0 ms]
      [Humongous Reclaim: 0.0 ms]
      [Free CSet: 0.1 ms]
   [Eden: 46.0M(46.0M)->0.0B(46.0M) Survivors: 5120.0K->5120.0K Heap: 302.9M(1024.0M)->256.9M(1024.0M)]
 [Times: user=0.07 sys=0.00, real=0.01 secs] 
2019-11-03T12:44:28.497+0800: 27699.462: [GC pause (G1 Evacuation Pause) (young), 0.0201393 secs]
   [Parallel Time: 19.4 ms, GC Workers: 4]
      [GC Worker Start (ms): Min: 27699462.1, Avg: 27699462.9, Max: 27699465.2, Diff: 3.0]
      [Ext Root Scanning (ms): Min: 0.0, Avg: 0.8, Max: 1.1, Diff: 1.1, Sum: 3.2]
      [Update RS (ms): Min: 1.0, Avg: 2.2, Max: 3.0, Diff: 2.1, Sum: 8.8]
         [Processed Buffers: Min: 5, Avg: 9.8, Max: 17, Diff: 12, Sum: 39]
      [Scan RS (ms): Min: 5.5, Avg: 6.0, Max: 6.3, Diff: 0.8, Sum: 23.9]
      [Code Root Scanning (ms): Min: 0.0, Avg: 0.0, Max: 0.0, Diff: 0.0, Sum: 0.0]
      [Object Copy (ms): Min: 9.4, Avg: 9.5, Max: 9.6, Diff: 0.2, Sum: 38.1]
      [Termination (ms): Min: 0.0, Avg: 0.0, Max: 0.0, Diff: 0.0, Sum: 0.0]
         [Termination Attempts: Min: 1, Avg: 3.2, Max: 5, Diff: 4, Sum: 13]
      [GC Worker Other (ms): Min: 0.0, Avg: 0.1, Max: 0.1, Diff: 0.0, Sum: 0.2]
      [GC Worker Total (ms): Min: 16.3, Avg: 18.6, Max: 19.3, Diff: 3.0, Sum: 74.3]
      [GC Worker End (ms): Min: 27699481.4, Avg: 27699481.5, Max: 27699481.5, Diff: 0.0]
   [Code Root Fixup: 0.0 ms]
   [Code Root Purge: 0.0 ms]
   [Clear CT: 0.1 ms]
   [Other: 0.6 ms]
      [Choose CSet: 0.0 ms]
      [Ref Proc: 0.1 ms]
      [Ref Enq: 0.0 ms]
      [Redirty Cards: 0.1 ms]
      [Humongous Register: 0.0 ms]
      [Humongous Reclaim: 0.0 ms]
      [Free CSet: 0.1 ms]
   [Eden: 46.0M(46.0M)->0.0B(54.0M) Survivors: 5120.0K->7168.0K Heap: 302.9M(1024.0M)->258.9M(1024.0M)]
 [Times: user=0.07 sys=0.00, real=0.02 secs] 
2019-11-03T12:44:41.461+0800: 27712.425: [GC pause (G1 Evacuation Pause) (young), 0.0193523 secs]
   [Parallel Time: 18.4 ms, GC Workers: 4]
      [GC Worker Start (ms): Min: 27712425.5, Avg: 27712425.5, Max: 27712425.6, Diff: 0.1]
      [Ext Root Scanning (ms): Min: 0.8, Avg: 0.8, Max: 0.9, Diff: 0.1, Sum: 3.3]
      [Update RS (ms): Min: 2.1, Avg: 2.3, Max: 2.5, Diff: 0.4, Sum: 9.0]
         [Processed Buffers: Min: 5, Avg: 8.0, Max: 11, Diff: 6, Sum: 32]
      [Scan RS (ms): Min: 5.6, Avg: 5.8, Max: 6.0, Diff: 0.4, Sum: 23.1]
      [Code Root Scanning (ms): Min: 0.0, Avg: 0.0, Max: 0.0, Diff: 0.0, Sum: 0.0]
      [Object Copy (ms): Min: 9.3, Avg: 9.4, Max: 9.5, Diff: 0.1, Sum: 37.6]
      [Termination (ms): Min: 0.0, Avg: 0.0, Max: 0.0, Diff: 0.0, Sum: 0.0]
         [Termination Attempts: Min: 1, Avg: 1.0, Max: 1, Diff: 0, Sum: 4]
      [GC Worker Other (ms): Min: 0.0, Avg: 0.0, Max: 0.1, Diff: 0.0, Sum: 0.2]
      [GC Worker Total (ms): Min: 18.3, Avg: 18.3, Max: 18.4, Diff: 0.1, Sum: 73.3]
      [GC Worker End (ms): Min: 27712443.8, Avg: 27712443.8, Max: 27712443.8, Diff: 0.0]
   [Code Root Fixup: 0.0 ms]
   [Code Root Purge: 0.0 ms]
   [Clear CT: 0.1 ms]
   [Other: 0.8 ms]
      [Choose CSet: 0.0 ms]
      [Ref Proc: 0.3 ms]
      [Ref Enq: 0.0 ms]
      [Redirty Cards: 0.1 ms]
      [Humongous Register: 0.0 ms]
      [Humongous Reclaim: 0.0 ms]
      [Free CSet: 0.1 ms]
   [Eden: 54.0M(54.0M)->0.0B(78.0M) Survivors: 7168.0K->5120.0K Heap: 312.9M(1024.0M)->257.5M(1024.0M)]
 [Times: user=0.08 sys=0.00, real=0.02 secs] 
2019-11-03T12:44:59.996+0800: 27730.959: [GC pause (G1 Evacuation Pause) (young), 0.0167894 secs]
   [Parallel Time: 16.1 ms, GC Workers: 4]
      [GC Worker Start (ms): Min: 27730959.3, Avg: 27730959.4, Max: 27730959.7, Diff: 0.4]
      [Ext Root Scanning (ms): Min: 0.5, Avg: 0.7, Max: 0.8, Diff: 0.4, Sum: 2.8]
      [Update RS (ms): Min: 1.3, Avg: 1.4, Max: 1.5, Diff: 0.2, Sum: 5.7]
         [Processed Buffers: Min: 6, Avg: 9.2, Max: 15, Diff: 9, Sum: 37]
      [Scan RS (ms): Min: 3.8, Avg: 4.0, Max: 4.1, Diff: 0.3, Sum: 15.9]
      [Code Root Scanning (ms): Min: 0.0, Avg: 0.0, Max: 0.0, Diff: 0.0, Sum: 0.0]
      [Object Copy (ms): Min: 9.7, Avg: 9.8, Max: 9.8, Diff: 0.1, Sum: 39.1]
      [Termination (ms): Min: 0.0, Avg: 0.0, Max: 0.0, Diff: 0.0, Sum: 0.0]
         [Termination Attempts: Min: 1, Avg: 2.0, Max: 3, Diff: 2, Sum: 8]
      [GC Worker Other (ms): Min: 0.0, Avg: 0.0, Max: 0.0, Diff: 0.0, Sum: 0.1]
      [GC Worker Total (ms): Min: 15.7, Avg: 15.9, Max: 16.0, Diff: 0.3, Sum: 63.6]
      [GC Worker End (ms): Min: 27730975.3, Avg: 27730975.3, Max: 27730975.3, Diff: 0.0]
   [Code Root Fixup: 0.0 ms]
   [Code Root Purge: 0.0 ms]
   [Clear CT: 0.1 ms]
   [Other: 0.6 ms]
      [Choose CSet: 0.0 ms]
      [Ref Proc: 0.2 ms]
      [Ref Enq: 0.0 ms]
      [Redirty Cards: 0.1 ms]
      [Humongous Register: 0.0 ms]
      [Humongous Reclaim: 0.0 ms]
      [Free CSet: 0.1 ms]
   [Eden: 77.0M(46.0M)->0.0B(137.0M) Survivors: 5120.0K->6144.0K Heap: 334.5M(1024.0M)->259.0M(1024.0M)]
 [Times: user=0.06 sys=0.00, real=0.02 secs] 
2019-11-03T12:45:33.108+0800: 27764.071: [GC pause (G1 Evacuation Pause) (young), 0.0290502 secs]
   [Parallel Time: 28.1 ms, GC Workers: 4]
      [GC Worker Start (ms): Min: 27764070.9, Avg: 27764071.3, Max: 27764071.8, Diff: 0.9]
      [Ext Root Scanning (ms): Min: 0.4, Avg: 0.8, Max: 1.3, Diff: 0.8, Sum: 3.4]
      [Update RS (ms): Min: 2.5, Avg: 2.7, Max: 2.9, Diff: 0.4, Sum: 10.8]
         [Processed Buffers: Min: 2, Avg: 10.0, Max: 17, Diff: 15, Sum: 40]
      [Scan RS (ms): Min: 6.2, Avg: 6.5, Max: 6.6, Diff: 0.4, Sum: 25.9]
      [Code Root Scanning (ms): Min: 0.0, Avg: 0.0, Max: 0.0, Diff: 0.0, Sum: 0.0]
      [Object Copy (ms): Min: 17.5, Avg: 17.6, Max: 17.8, Diff: 0.3, Sum: 70.4]
      [Termination (ms): Min: 0.0, Avg: 0.0, Max: 0.0, Diff: 0.0, Sum: 0.0]
         [Termination Attempts: Min: 1, Avg: 1.0, Max: 1, Diff: 0, Sum: 4]
      [GC Worker Other (ms): Min: 0.0, Avg: 0.0, Max: 0.0, Diff: 0.0, Sum: 0.1]
      [GC Worker Total (ms): Min: 27.2, Avg: 27.7, Max: 28.1, Diff: 0.9, Sum: 110.6]
      [GC Worker End (ms): Min: 27764099.0, Avg: 27764099.0, Max: 27764099.0, Diff: 0.0]
   [Code Root Fixup: 0.0 ms]
   [Code Root Purge: 0.0 ms]
   [Clear CT: 0.1 ms]
   [Other: 0.8 ms]
      [Choose CSet: 0.0 ms]
      [Ref Proc: 0.3 ms]
      [Ref Enq: 0.0 ms]
      [Redirty Cards: 0.1 ms]
      [Humongous Register: 0.0 ms]
      [Humongous Reclaim: 0.0 ms]
      [Free CSet: 0.1 ms]
   [Eden: 137.0M(137.0M)->0.0B(44.0M) Survivors: 6144.0K->7168.0K Heap: 396.0M(1024.0M)->259.5M(1024.0M)]
 [Times: user=0.09 sys=0.02, real=0.03 secs] 
2019-11-03T12:45:43.817+0800: 27774.779: [GC pause (G1 Evacuation Pause) (young), 0.0422373 secs]
   [Parallel Time: 41.3 ms, GC Workers: 4]
      [GC Worker Start (ms): Min: 27774779.0, Avg: 27774780.7, Max: 27774784.6, Diff: 5.6]
      [Ext Root Scanning (ms): Min: 0.0, Avg: 0.4, Max: 1.0, Diff: 1.0, Sum: 1.8]
      [Update RS (ms): Min: 0.0, Avg: 1.9, Max: 4.6, Diff: 4.6, Sum: 7.7]
         [Processed Buffers: Min: 0, Avg: 7.8, Max: 26, Diff: 26, Sum: 31]
      [Scan RS (ms): Min: 0.0, Avg: 4.5, Max: 8.5, Diff: 8.5, Sum: 18.0]
      [Code Root Scanning (ms): Min: 0.0, Avg: 0.0, Max: 0.0, Diff: 0.0, Sum: 0.0]
      [Object Copy (ms): Min: 23.7, Avg: 29.4, Max: 37.0, Diff: 13.3, Sum: 117.7]
      [Termination (ms): Min: 0.0, Avg: 1.6, Max: 3.2, Diff: 3.2, Sum: 6.4]
         [Termination Attempts: Min: 1, Avg: 1.0, Max: 1, Diff: 0, Sum: 4]
      [GC Worker Other (ms): Min: 0.0, Avg: 0.0, Max: 0.1, Diff: 0.1, Sum: 0.2]
      [GC Worker Total (ms): Min: 35.6, Avg: 37.9, Max: 40.1, Diff: 4.4, Sum: 151.7]
      [GC Worker End (ms): Min: 27774817.1, Avg: 27774818.6, Max: 27774820.2, Diff: 3.1]
   [Code Root Fixup: 0.0 ms]
   [Code Root Purge: 0.0 ms]
   [Clear CT: 0.1 ms]
   [Other: 0.8 ms]
      [Choose CSet: 0.0 ms]
      [Ref Proc: 0.2 ms]
      [Ref Enq: 0.0 ms]
      [Redirty Cards: 0.2 ms]
      [Humongous Register: 0.1 ms]
      [Humongous Reclaim: 0.0 ms]
      [Free CSet: 0.1 ms]
   [Eden: 44.0M(44.0M)->0.0B(46.0M) Survivors: 7168.0K->5120.0K Heap: 303.5M(1024.0M)->259.9M(1024.0M)]
 [Times: user=0.07 sys=0.00, real=0.05 secs] 
2019-11-03T12:45:55.033+0800: 27785.995: [GC pause (G1 Evacuation Pause) (young), 0.0187229 secs]
   [Parallel Time: 18.0 ms, GC Workers: 4]
      [GC Worker Start (ms): Min: 27785994.9, Avg: 27785995.0, Max: 27785995.0, Diff: 0.1]
      [Ext Root Scanning (ms): Min: 0.9, Avg: 1.0, Max: 1.0, Diff: 0.1, Sum: 3.9]
      [Update RS (ms): Min: 2.3, Avg: 2.4, Max: 2.6, Diff: 0.3, Sum: 9.7]
         [Processed Buffers: Min: 1, Avg: 9.2, Max: 16, Diff: 15, Sum: 37]
      [Scan RS (ms): Min: 5.8, Avg: 6.1, Max: 6.8, Diff: 1.0, Sum: 24.5]
      [Code Root Scanning (ms): Min: 0.0, Avg: 0.0, Max: 0.0, Diff: 0.0, Sum: 0.0]
      [Object Copy (ms): Min: 7.7, Avg: 8.2, Max: 8.7, Diff: 1.1, Sum: 33.0]
      [Termination (ms): Min: 0.0, Avg: 0.0, Max: 0.0, Diff: 0.0, Sum: 0.0]
         [Termination Attempts: Min: 1, Avg: 1.0, Max: 1, Diff: 0, Sum: 4]
      [GC Worker Other (ms): Min: 0.0, Avg: 0.1, Max: 0.1, Diff: 0.1, Sum: 0.3]
      [GC Worker Total (ms): Min: 17.8, Avg: 17.9, Max: 17.9, Diff: 0.1, Sum: 71.4]
      [GC Worker End (ms): Min: 27786012.8, Avg: 27786012.8, Max: 27786012.9, Diff: 0.1]
   [Code Root Fixup: 0.0 ms]
   [Code Root Purge: 0.0 ms]
   [Clear CT: 0.1 ms]
   [Other: 0.6 ms]
      [Choose CSet: 0.0 ms]
      [Ref Proc: 0.2 ms]
      [Ref Enq: 0.0 ms]
      [Redirty Cards: 0.1 ms]
      [Humongous Register: 0.0 ms]
      [Humongous Reclaim: 0.0 ms]
      [Free CSet: 0.1 ms]
   [Eden: 46.0M(46.0M)->0.0B(46.0M) Survivors: 5120.0K->5120.0K Heap: 305.9M(1024.0M)->259.4M(1024.0M)]
 [Times: user=0.07 sys=0.00, real=0.02 secs] 
2019-11-03T12:46:06.230+0800: 27797.191: [GC pause (G1 Evacuation Pause) (young), 0.0283690 secs]
   [Parallel Time: 27.1 ms, GC Workers: 4]
      [GC Worker Start (ms): Min: 27797191.1, Avg: 27797191.6, Max: 27797192.2, Diff: 1.0]
      [Ext Root Scanning (ms): Min: 0.0, Avg: 0.5, Max: 1.0, Diff: 1.0, Sum: 2.1]
      [Update RS (ms): Min: 0.0, Avg: 1.2, Max: 1.8, Diff: 1.8, Sum: 4.8]
         [Processed Buffers: Min: 0, Avg: 7.0, Max: 12, Diff: 12, Sum: 28]
      [Scan RS (ms): Min: 0.0, Avg: 5.5, Max: 8.5, Diff: 8.5, Sum: 22.2]
      [Code Root Scanning (ms): Min: 0.0, Avg: 0.0, Max: 0.0, Diff: 0.0, Sum: 0.0]
      [Object Copy (ms): Min: 15.0, Avg: 18.2, Max: 24.8, Diff: 9.8, Sum: 72.6]
      [Termination (ms): Min: 0.0, Avg: 0.3, Max: 1.1, Diff: 1.1, Sum: 1.3]
         [Termination Attempts: Min: 1, Avg: 1.2, Max: 2, Diff: 1, Sum: 5]
      [GC Worker Other (ms): Min: 0.0, Avg: 0.0, Max: 0.0, Diff: 0.0, Sum: 0.1]
      [GC Worker Total (ms): Min: 24.9, Avg: 25.8, Max: 27.0, Diff: 2.0, Sum: 103.1]
      [GC Worker End (ms): Min: 27797217.1, Avg: 27797217.4, Max: 27797218.1, Diff: 1.0]
   [Code Root Fixup: 0.0 ms]
   [Code Root Purge: 0.0 ms]
   [Clear CT: 0.1 ms]
   [Other: 1.2 ms]
      [Choose CSet: 0.0 ms]
      [Ref Proc: 0.5 ms]
      [Ref Enq: 0.0 ms]
      [Redirty Cards: 0.1 ms]
      [Humongous Register: 0.1 ms]
      [Humongous Reclaim: 0.0 ms]
      [Free CSet: 0.2 ms]
   [Eden: 46.0M(46.0M)->0.0B(45.0M) Survivors: 5120.0K->6144.0K Heap: 305.4M(1024.0M)->260.9M(1024.0M)]
 [Times: user=0.06 sys=0.01, real=0.02 secs] 
2019-11-03T12:46:17.184+0800: 27808.145: [GC pause (G1 Evacuation Pause) (young), 0.0214768 secs]
   [Parallel Time: 20.5 ms, GC Workers: 4]
      [GC Worker Start (ms): Min: 27808144.9, Avg: 27808145.3, Max: 27808145.7, Diff: 0.8]
      [Ext Root Scanning (ms): Min: 0.5, Avg: 0.9, Max: 1.3, Diff: 0.8, Sum: 3.6]
      [Update RS (ms): Min: 1.7, Avg: 1.9, Max: 2.4, Diff: 0.7, Sum: 7.7]
         [Processed Buffers: Min: 1, Avg: 9.0, Max: 13, Diff: 12, Sum: 36]
      [Scan RS (ms): Min: 4.9, Avg: 5.4, Max: 5.6, Diff: 0.7, Sum: 21.7]
      [Code Root Scanning (ms): Min: 0.0, Avg: 0.0, Max: 0.0, Diff: 0.0, Sum: 0.0]
      [Object Copy (ms): Min: 11.6, Avg: 11.8, Max: 11.9, Diff: 0.3, Sum: 47.1]
      [Termination (ms): Min: 0.0, Avg: 0.0, Max: 0.0, Diff: 0.0, Sum: 0.0]
         [Termination Attempts: Min: 1, Avg: 1.0, Max: 1, Diff: 0, Sum: 4]
      [GC Worker Other (ms): Min: 0.0, Avg: 0.0, Max: 0.0, Diff: 0.0, Sum: 0.1]
      [GC Worker Total (ms): Min: 19.6, Avg: 20.1, Max: 20.4, Diff: 0.8, Sum: 80.2]
      [GC Worker End (ms): Min: 27808165.4, Avg: 27808165.4, Max: 27808165.4, Diff: 0.0]
   [Code Root Fixup: 0.0 ms]
   [Code Root Purge: 0.0 ms]
   [Clear CT: 0.1 ms]
   [Other: 0.8 ms]
      [Choose CSet: 0.0 ms]
      [Ref Proc: 0.2 ms]
      [Ref Enq: 0.0 ms]
      [Redirty Cards: 0.1 ms]
      [Humongous Register: 0.1 ms]
      [Humongous Reclaim: 0.0 ms]
      [Free CSet: 0.1 ms]
   [Eden: 45.0M(45.0M)->0.0B(46.0M) Survivors: 6144.0K->5120.0K Heap: 305.9M(1024.0M)->260.7M(1024.0M)]
 [Times: user=0.07 sys=0.00, real=0.02 secs] 
2019-11-03T12:46:28.344+0800: 27819.304: [GC pause (G1 Evacuation Pause) (young), 0.0192235 secs]
   [Parallel Time: 18.5 ms, GC Workers: 4]
      [GC Worker Start (ms): Min: 27819304.1, Avg: 27819304.5, Max: 27819305.4, Diff: 1.4]
      [Ext Root Scanning (ms): Min: 0.0, Avg: 0.8, Max: 1.2, Diff: 1.2, Sum: 3.2]
      [Update RS (ms): Min: 2.7, Avg: 3.2, Max: 3.6, Diff: 1.0, Sum: 13.0]
         [Processed Buffers: Min: 2, Avg: 9.5, Max: 16, Diff: 14, Sum: 38]
      [Scan RS (ms): Min: 5.8, Avg: 6.2, Max: 6.5, Diff: 0.7, Sum: 24.8]
      [Code Root Scanning (ms): Min: 0.0, Avg: 0.0, Max: 0.0, Diff: 0.0, Sum: 0.0]
      [Object Copy (ms): Min: 7.3, Avg: 7.6, Max: 7.9, Diff: 0.6, Sum: 30.3]
      [Termination (ms): Min: 0.0, Avg: 0.0, Max: 0.0, Diff: 0.0, Sum: 0.0]
         [Termination Attempts: Min: 1, Avg: 1.0, Max: 1, Diff: 0, Sum: 4]
      [GC Worker Other (ms): Min: 0.0, Avg: 0.0, Max: 0.1, Diff: 0.1, Sum: 0.2]
      [GC Worker Total (ms): Min: 17.0, Avg: 17.9, Max: 18.3, Diff: 1.3, Sum: 71.6]
      [GC Worker End (ms): Min: 27819322.4, Avg: 27819322.4, Max: 27819322.4, Diff: 0.1]
   [Code Root Fixup: 0.0 ms]
   [Code Root Purge: 0.0 ms]
   [Clear CT: 0.1 ms]
   [Other: 0.7 ms]
      [Choose CSet: 0.0 ms]
      [Ref Proc: 0.2 ms]
      [Ref Enq: 0.0 ms]
      [Redirty Cards: 0.1 ms]
      [Humongous Register: 0.1 ms]
      [Humongous Reclaim: 0.0 ms]
      [Free CSet: 0.1 ms]
   [Eden: 46.0M(46.0M)->0.0B(46.0M) Survivors: 5120.0K->5120.0K Heap: 306.7M(1024.0M)->260.7M(1024.0M)]
 [Times: user=0.07 sys=0.00, real=0.02 secs] 
2019-11-03T12:46:39.570+0800: 27830.530: [GC pause (G1 Evacuation Pause) (young), 0.0242154 secs]
   [Parallel Time: 23.2 ms, GC Workers: 4]
      [GC Worker Start (ms): Min: 27830530.1, Avg: 27830530.4, Max: 27830531.0, Diff: 0.8]
      [Ext Root Scanning (ms): Min: 0.0, Avg: 0.5, Max: 0.7, Diff: 0.7, Sum: 1.9]
      [Update RS (ms): Min: 0.0, Avg: 3.1, Max: 6.1, Diff: 6.1, Sum: 12.3]
         [Processed Buffers: Min: 0, Avg: 8.0, Max: 23, Diff: 23, Sum: 32]
      [Scan RS (ms): Min: 0.0, Avg: 3.9, Max: 6.4, Diff: 6.4, Sum: 15.7]
      [Code Root Scanning (ms): Min: 0.0, Avg: 0.0, Max: 0.0, Diff: 0.0, Sum: 0.0]
      [Object Copy (ms): Min: 12.9, Avg: 15.3, Max: 22.2, Diff: 9.4, Sum: 61.1]
      [Termination (ms): Min: 0.0, Avg: 0.1, Max: 0.2, Diff: 0.2, Sum: 0.4]
         [Termination Attempts: Min: 1, Avg: 1.0, Max: 1, Diff: 0, Sum: 4]
      [GC Worker Other (ms): Min: 0.0, Avg: 0.0, Max: 0.0, Diff: 0.0, Sum: 0.1]
      [GC Worker Total (ms): Min: 22.3, Avg: 22.9, Max: 23.2, Diff: 0.9, Sum: 91.5]
      [GC Worker End (ms): Min: 27830553.3, Avg: 27830553.3, Max: 27830553.3, Diff: 0.0]
   [Code Root Fixup: 0.0 ms]
   [Code Root Purge: 0.0 ms]
   [Clear CT: 0.1 ms]
   [Other: 0.9 ms]
      [Choose CSet: 0.0 ms]
      [Ref Proc: 0.4 ms]
      [Ref Enq: 0.0 ms]
      [Redirty Cards: 0.1 ms]
      [Humongous Register: 0.0 ms]
      [Humongous Reclaim: 0.0 ms]
      [Free CSet: 0.1 ms]
   [Eden: 46.0M(46.0M)->0.0B(46.0M) Survivors: 5120.0K->5120.0K Heap: 306.7M(1024.0M)->260.7M(1024.0M)]
 [Times: user=0.06 sys=0.00, real=0.02 secs] 
2019-11-03T12:46:50.792+0800: 27841.751: [GC pause (G1 Evacuation Pause) (young), 0.0195052 secs]
   [Parallel Time: 18.8 ms, GC Workers: 4]
      [GC Worker Start (ms): Min: 27841751.4, Avg: 27841751.7, Max: 27841752.2, Diff: 0.8]
      [Ext Root Scanning (ms): Min: 0.0, Avg: 0.5, Max: 0.8, Diff: 0.8, Sum: 1.9]
      [Update RS (ms): Min: 0.0, Avg: 1.2, Max: 1.8, Diff: 1.8, Sum: 5.0]
         [Processed Buffers: Min: 0, Avg: 8.5, Max: 15, Diff: 15, Sum: 34]
      [Scan RS (ms): Min: 2.9, Avg: 3.6, Max: 4.0, Diff: 1.1, Sum: 14.5]
      [Code Root Scanning (ms): Min: 0.0, Avg: 0.0, Max: 0.0, Diff: 0.0, Sum: 0.0]
      [Object Copy (ms): Min: 12.3, Avg: 13.0, Max: 15.0, Diff: 2.7, Sum: 51.9]
      [Termination (ms): Min: 0.0, Avg: 0.1, Max: 0.2, Diff: 0.2, Sum: 0.5]
         [Termination Attempts: Min: 1, Avg: 1.0, Max: 1, Diff: 0, Sum: 4]
      [GC Worker Other (ms): Min: 0.0, Avg: 0.0, Max: 0.0, Diff: 0.0, Sum: 0.1]
      [GC Worker Total (ms): Min: 17.9, Avg: 18.4, Max: 18.7, Diff: 0.8, Sum: 73.7]
      [GC Worker End (ms): Min: 27841770.1, Avg: 27841770.1, Max: 27841770.1, Diff: 0.0]
   [Code Root Fixup: 0.0 ms]
   [Code Root Purge: 0.0 ms]
   [Clear CT: 0.1 ms]
   [Other: 0.6 ms]
      [Choose CSet: 0.0 ms]
      [Ref Proc: 0.2 ms]
      [Ref Enq: 0.0 ms]
      [Redirty Cards: 0.1 ms]
      [Humongous Register: 0.1 ms]
      [Humongous Reclaim: 0.0 ms]
      [Free CSet: 0.1 ms]
   [Eden: 46.0M(46.0M)->0.0B(45.0M) Survivors: 5120.0K->6144.0K Heap: 306.7M(1024.0M)->262.2M(1024.0M)]
 [Times: user=0.06 sys=0.00, real=0.02 secs] 
2019-11-03T12:47:01.730+0800: 27852.689: [GC pause (G1 Evacuation Pause) (young), 0.0230745 secs]
   [Parallel Time: 22.2 ms, GC Workers: 4]
      [GC Worker Start (ms): Min: 27852689.0, Avg: 27852690.2, Max: 27852691.6, Diff: 2.6]
      [Ext Root Scanning (ms): Min: 0.0, Avg: 1.4, Max: 2.5, Diff: 2.5, Sum: 5.4]
      [Update RS (ms): Min: 1.8, Avg: 2.2, Max: 2.4, Diff: 0.6, Sum: 8.8]
         [Processed Buffers: Min: 3, Avg: 8.2, Max: 16, Diff: 13, Sum: 33]
      [Scan RS (ms): Min: 4.7, Avg: 4.9, Max: 5.0, Diff: 0.3, Sum: 19.5]
      [Code Root Scanning (ms): Min: 0.0, Avg: 0.0, Max: 0.0, Diff: 0.0, Sum: 0.0]
      [Object Copy (ms): Min: 12.2, Avg: 12.4, Max: 12.7, Diff: 0.5, Sum: 49.6]
      [Termination (ms): Min: 0.0, Avg: 0.0, Max: 0.0, Diff: 0.0, Sum: 0.0]
         [Termination Attempts: Min: 1, Avg: 1.2, Max: 2, Diff: 1, Sum: 5]
      [GC Worker Other (ms): Min: 0.0, Avg: 0.0, Max: 0.0, Diff: 0.0, Sum: 0.1]
      [GC Worker Total (ms): Min: 19.4, Avg: 20.8, Max: 22.0, Diff: 2.6, Sum: 83.4]
      [GC Worker End (ms): Min: 27852711.0, Avg: 27852711.0, Max: 27852711.0, Diff: 0.0]
   [Code Root Fixup: 0.0 ms]
   [Code Root Purge: 0.0 ms]
   [Clear CT: 0.0 ms]
   [Other: 0.9 ms]
      [Choose CSet: 0.0 ms]
      [Ref Proc: 0.2 ms]
      [Ref Enq: 0.0 ms]
      [Redirty Cards: 0.1 ms]
      [Humongous Register: 0.2 ms]
      [Humongous Reclaim: 0.0 ms]
      [Free CSet: 0.1 ms]
   [Eden: 45.0M(45.0M)->0.0B(47.0M) Survivors: 6144.0K->4096.0K Heap: 307.2M(1024.0M)->261.6M(1024.0M)]
 [Times: user=0.06 sys=0.01, real=0.02 secs] 
2019-11-03T12:47:13.176+0800: 27864.135: [GC pause (G1 Evacuation Pause) (young), 0.0175999 secs]
   [Parallel Time: 16.6 ms, GC Workers: 4]
      [GC Worker Start (ms): Min: 27864134.9, Avg: 27864134.9, Max: 27864134.9, Diff: 0.1]
      [Ext Root Scanning (ms): Min: 0.7, Avg: 0.7, Max: 0.7, Diff: 0.1, Sum: 2.8]
      [Update RS (ms): Min: 1.4, Avg: 1.8, Max: 2.2, Diff: 0.8, Sum: 7.1]
         [Processed Buffers: Min: 6, Avg: 8.2, Max: 13, Diff: 7, Sum: 33]
      [Scan RS (ms): Min: 4.0, Avg: 4.4, Max: 4.8, Diff: 0.7, Sum: 17.4]
      [Code Root Scanning (ms): Min: 0.0, Avg: 0.0, Max: 0.0, Diff: 0.0, Sum: 0.0]
      [Object Copy (ms): Min: 9.5, Avg: 9.6, Max: 9.6, Diff: 0.1, Sum: 38.4]
      [Termination (ms): Min: 0.0, Avg: 0.0, Max: 0.0, Diff: 0.0, Sum: 0.0]
         [Termination Attempts: Min: 1, Avg: 1.0, Max: 1, Diff: 0, Sum: 4]
      [GC Worker Other (ms): Min: 0.0, Avg: 0.0, Max: 0.1, Diff: 0.0, Sum: 0.2]
      [GC Worker Total (ms): Min: 16.5, Avg: 16.5, Max: 16.5, Diff: 0.1, Sum: 65.9]
      [GC Worker End (ms): Min: 27864151.4, Avg: 27864151.4, Max: 27864151.4, Diff: 0.0]
   [Code Root Fixup: 0.0 ms]
   [Code Root Purge: 0.0 ms]
   [Clear CT: 0.1 ms]
   [Other: 0.9 ms]
      [Choose CSet: 0.0 ms]
      [Ref Proc: 0.3 ms]
      [Ref Enq: 0.0 ms]
      [Redirty Cards: 0.1 ms]
      [Humongous Register: 0.1 ms]
      [Humongous Reclaim: 0.0 ms]
      [Free CSet: 0.1 ms]
   [Eden: 47.0M(47.0M)->0.0B(46.0M) Survivors: 4096.0K->5120.0K Heap: 308.6M(1024.0M)->262.6M(1024.0M)]
 [Times: user=0.05 sys=0.00, real=0.02 secs] 
2019-11-03T12:47:35.951+0800: 27886.909: [GC pause (G1 Evacuation Pause) (young), 0.0172164 secs]
   [Parallel Time: 16.5 ms, GC Workers: 4]
      [GC Worker Start (ms): Min: 27886908.9, Avg: 27886909.6, Max: 27886911.7, Diff: 2.8]
      [Ext Root Scanning (ms): Min: 0.0, Avg: 0.5, Max: 0.6, Diff: 0.6, Sum: 1.9]
      [Update RS (ms): Min: 0.0, Avg: 1.7, Max: 2.6, Diff: 2.6, Sum: 6.6]
         [Processed Buffers: Min: 0, Avg: 9.8, Max: 21, Diff: 21, Sum: 39]
      [Scan RS (ms): Min: 3.9, Avg: 4.4, Max: 4.7, Diff: 0.8, Sum: 17.5]
      [Code Root Scanning (ms): Min: 0.0, Avg: 0.0, Max: 0.0, Diff: 0.0, Sum: 0.0]
      [Object Copy (ms): Min: 9.1, Avg: 9.3, Max: 9.3, Diff: 0.3, Sum: 37.0]
      [Termination (ms): Min: 0.0, Avg: 0.0, Max: 0.0, Diff: 0.0, Sum: 0.0]
         [Termination Attempts: Min: 1, Avg: 1.2, Max: 2, Diff: 1, Sum: 5]
      [GC Worker Other (ms): Min: 0.0, Avg: 0.0, Max: 0.0, Diff: 0.0, Sum: 0.1]
      [GC Worker Total (ms): Min: 13.7, Avg: 15.8, Max: 16.5, Diff: 2.8, Sum: 63.1]
      [GC Worker End (ms): Min: 27886925.4, Avg: 27886925.4, Max: 27886925.4, Diff: 0.0]
   [Code Root Fixup: 0.0 ms]
   [Code Root Purge: 0.0 ms]
   [Clear CT: 0.1 ms]
   [Other: 0.6 ms]
      [Choose CSet: 0.0 ms]
      [Ref Proc: 0.1 ms]
      [Ref Enq: 0.0 ms]
      [Redirty Cards: 0.1 ms]
      [Humongous Register: 0.1 ms]
      [Humongous Reclaim: 0.0 ms]
      [Free CSet: 0.1 ms]
   [Eden: 46.0M(46.0M)->0.0B(45.0M) Survivors: 5120.0K->6144.0K Heap: 308.6M(1024.0M)->263.6M(1024.0M)]
 [Times: user=0.06 sys=0.00, real=0.01 secs] 
2019-11-03T12:47:47.100+0800: 27898.058: [GC pause (G1 Evacuation Pause) (young), 0.0215036 secs]
   [Parallel Time: 20.9 ms, GC Workers: 4]
      [GC Worker Start (ms): Min: 27898057.8, Avg: 27898057.9, Max: 27898057.9, Diff: 0.1]
      [Ext Root Scanning (ms): Min: 0.8, Avg: 0.8, Max: 0.9, Diff: 0.1, Sum: 3.2]
      [Update RS (ms): Min: 3.8, Avg: 4.0, Max: 4.3, Diff: 0.5, Sum: 15.9]
         [Processed Buffers: Min: 1, Avg: 8.5, Max: 28, Diff: 27, Sum: 34]
      [Scan RS (ms): Min: 4.0, Avg: 4.3, Max: 4.5, Diff: 0.5, Sum: 17.3]
      [Code Root Scanning (ms): Min: 0.0, Avg: 0.0, Max: 0.0, Diff: 0.0, Sum: 0.0]
      [Object Copy (ms): Min: 11.5, Avg: 11.6, Max: 11.6, Diff: 0.2, Sum: 46.4]
      [Termination (ms): Min: 0.0, Avg: 0.0, Max: 0.0, Diff: 0.0, Sum: 0.0]
         [Termination Attempts: Min: 1, Avg: 1.0, Max: 1, Diff: 0, Sum: 4]
      [GC Worker Other (ms): Min: 0.0, Avg: 0.0, Max: 0.1, Diff: 0.0, Sum: 0.2]
      [GC Worker Total (ms): Min: 20.7, Avg: 20.7, Max: 20.8, Diff: 0.1, Sum: 82.9]
      [GC Worker End (ms): Min: 27898078.6, Avg: 27898078.6, Max: 27898078.6, Diff: 0.0]
   [Code Root Fixup: 0.0 ms]
   [Code Root Purge: 0.0 ms]
   [Clear CT: 0.1 ms]
   [Other: 0.5 ms]
      [Choose CSet: 0.0 ms]
      [Ref Proc: 0.1 ms]
      [Ref Enq: 0.0 ms]
      [Redirty Cards: 0.0 ms]
      [Humongous Register: 0.0 ms]
      [Humongous Reclaim: 0.0 ms]
      [Free CSet: 0.1 ms]
   [Eden: 45.0M(45.0M)->0.0B(46.0M) Survivors: 6144.0K->5120.0K Heap: 308.6M(1024.0M)->263.6M(1024.0M)]
 [Times: user=0.07 sys=0.00, real=0.02 secs] 
2019-11-03T12:47:58.102+0800: 27909.058: [GC pause (G1 Evacuation Pause) (young), 0.0159778 secs]
   [Parallel Time: 15.3 ms, GC Workers: 4]
      [GC Worker Start (ms): Min: 27909058.6, Avg: 27909058.9, Max: 27909059.9, Diff: 1.3]
      [Ext Root Scanning (ms): Min: 0.0, Avg: 0.7, Max: 0.9, Diff: 0.9, Sum: 2.6]
      [Update RS (ms): Min: 2.4, Avg: 2.6, Max: 2.8, Diff: 0.4, Sum: 10.3]
         [Processed Buffers: Min: 7, Avg: 9.0, Max: 13, Diff: 6, Sum: 36]
      [Scan RS (ms): Min: 3.9, Avg: 4.2, Max: 4.4, Diff: 0.5, Sum: 16.7]
      [Code Root Scanning (ms): Min: 0.0, Avg: 0.0, Max: 0.0, Diff: 0.0, Sum: 0.0]
      [Object Copy (ms): Min: 7.5, Avg: 7.5, Max: 7.5, Diff: 0.1, Sum: 30.0]
      [Termination (ms): Min: 0.0, Avg: 0.0, Max: 0.0, Diff: 0.0, Sum: 0.0]
         [Termination Attempts: Min: 1, Avg: 3.2, Max: 5, Diff: 4, Sum: 13]
      [GC Worker Other (ms): Min: 0.0, Avg: 0.0, Max: 0.0, Diff: 0.0, Sum: 0.1]
      [GC Worker Total (ms): Min: 13.9, Avg: 14.9, Max: 15.3, Diff: 1.3, Sum: 59.7]
      [GC Worker End (ms): Min: 27909073.8, Avg: 27909073.8, Max: 27909073.8, Diff: 0.0]
   [Code Root Fixup: 0.0 ms]
   [Code Root Purge: 0.0 ms]
   [Clear CT: 0.0 ms]
   [Other: 0.6 ms]
      [Choose CSet: 0.0 ms]
      [Ref Proc: 0.1 ms]
      [Ref Enq: 0.0 ms]
      [Redirty Cards: 0.1 ms]
      [Humongous Register: 0.0 ms]
      [Humongous Reclaim: 0.0 ms]
      [Free CSet: 0.1 ms]
   [Eden: 46.0M(46.0M)->0.0B(102.0M) Survivors: 5120.0K->5120.0K Heap: 309.6M(1024.0M)->263.1M(1024.0M)]
 [Times: user=0.06 sys=0.00, real=0.01 secs] 
2019-11-03T12:48:09.060+0800: 27920.016: [GC pause (G1 Evacuation Pause) (young), 0.0213340 secs]
   [Parallel Time: 20.4 ms, GC Workers: 4]
      [GC Worker Start (ms): Min: 27920016.7, Avg: 27920019.1, Max: 27920025.9, Diff: 9.2]
      [Ext Root Scanning (ms): Min: 0.0, Avg: 0.7, Max: 1.0, Diff: 1.0, Sum: 2.9]
      [Update RS (ms): Min: 0.0, Avg: 2.1, Max: 3.0, Diff: 3.0, Sum: 8.2]
         [Processed Buffers: Min: 0, Avg: 8.0, Max: 15, Diff: 15, Sum: 32]
      [Scan RS (ms): Min: 0.1, Avg: 4.1, Max: 5.7, Diff: 5.6, Sum: 16.3]
      [Code Root Scanning (ms): Min: 0.0, Avg: 0.0, Max: 0.0, Diff: 0.0, Sum: 0.0]
      [Object Copy (ms): Min: 11.0, Avg: 11.1, Max: 11.1, Diff: 0.1, Sum: 44.3]
      [Termination (ms): Min: 0.0, Avg: 0.0, Max: 0.1, Diff: 0.0, Sum: 0.1]
         [Termination Attempts: Min: 3, Avg: 114.0, Max: 156, Diff: 153, Sum: 456]
      [GC Worker Other (ms): Min: 0.0, Avg: 0.0, Max: 0.0, Diff: 0.0, Sum: 0.1]
      [GC Worker Total (ms): Min: 11.1, Avg: 18.0, Max: 20.4, Diff: 9.2, Sum: 72.0]
      [GC Worker End (ms): Min: 27920037.1, Avg: 27920037.1, Max: 27920037.1, Diff: 0.0]
   [Code Root Fixup: 0.0 ms]
   [Code Root Purge: 0.0 ms]
   [Clear CT: 0.1 ms]
   [Other: 0.8 ms]
      [Choose CSet: 0.0 ms]
      [Ref Proc: 0.2 ms]
      [Ref Enq: 0.0 ms]
      [Redirty Cards: 0.1 ms]
      [Humongous Register: 0.1 ms]
      [Humongous Reclaim: 0.0 ms]
      [Free CSet: 0.1 ms]
   [Eden: 46.0M(46.0M)->0.0B(59.0M) Survivors: 5120.0K->5120.0K Heap: 309.1M(1024.0M)->263.6M(1024.0M)]
 [Times: user=0.07 sys=0.00, real=0.02 secs] 
2019-11-03T12:48:20.032+0800: 27930.988: [GC pause (G1 Evacuation Pause) (young), 0.0233848 secs]
   [Parallel Time: 22.8 ms, GC Workers: 4]
      [GC Worker Start (ms): Min: 27930987.8, Avg: 27930987.9, Max: 27930987.9, Diff: 0.1]
      [Ext Root Scanning (ms): Min: 0.8, Avg: 0.9, Max: 0.9, Diff: 0.1, Sum: 3.4]
      [Update RS (ms): Min: 1.9, Avg: 3.0, Max: 5.9, Diff: 4.0, Sum: 12.1]
         [Processed Buffers: Min: 5, Avg: 8.8, Max: 13, Diff: 8, Sum: 35]
      [Scan RS (ms): Min: 3.5, Avg: 6.3, Max: 7.4, Diff: 3.9, Sum: 25.2]
      [Code Root Scanning (ms): Min: 0.0, Avg: 0.0, Max: 0.0, Diff: 0.0, Sum: 0.0]
      [Object Copy (ms): Min: 12.4, Avg: 12.5, Max: 12.5, Diff: 0.2, Sum: 49.8]
      [Termination (ms): Min: 0.0, Avg: 0.0, Max: 0.0, Diff: 0.0, Sum: 0.0]
         [Termination Attempts: Min: 1, Avg: 1.0, Max: 1, Diff: 0, Sum: 4]
      [GC Worker Other (ms): Min: 0.0, Avg: 0.0, Max: 0.1, Diff: 0.0, Sum: 0.1]
      [GC Worker Total (ms): Min: 22.7, Avg: 22.7, Max: 22.7, Diff: 0.0, Sum: 90.8]
      [GC Worker End (ms): Min: 27931010.5, Avg: 27931010.5, Max: 27931010.6, Diff: 0.0]
   [Code Root Fixup: 0.0 ms]
   [Code Root Purge: 0.0 ms]
   [Clear CT: 0.1 ms]
   [Other: 0.5 ms]
      [Choose CSet: 0.0 ms]
      [Ref Proc: 0.1 ms]
      [Ref Enq: 0.0 ms]
      [Redirty Cards: 0.0 ms]
      [Humongous Register: 0.0 ms]
      [Humongous Reclaim: 0.0 ms]
      [Free CSet: 0.1 ms]
   [Eden: 46.0M(46.0M)->0.0B(44.0M) Survivors: 5120.0K->7168.0K Heap: 309.6M(1024.0M)->265.1M(1024.0M)]
 [Times: user=0.07 sys=0.01, real=0.02 secs] 
2019-11-03T12:50:21.776+0800: 28052.727: [GC pause (G1 Evacuation Pause) (young), 0.0220764 secs]
   [Parallel Time: 21.5 ms, GC Workers: 4]
      [GC Worker Start (ms): Min: 28052727.6, Avg: 28052727.6, Max: 28052727.6, Diff: 0.1]
      [Ext Root Scanning (ms): Min: 0.8, Avg: 0.8, Max: 0.8, Diff: 0.1, Sum: 3.1]
      [Update RS (ms): Min: 2.3, Avg: 2.5, Max: 2.6, Diff: 0.3, Sum: 10.0]
         [Processed Buffers: Min: 5, Avg: 10.2, Max: 20, Diff: 15, Sum: 41]
      [Scan RS (ms): Min: 5.8, Avg: 5.9, Max: 6.1, Diff: 0.3, Sum: 23.8]
      [Code Root Scanning (ms): Min: 0.0, Avg: 0.0, Max: 0.0, Diff: 0.0, Sum: 0.0]
      [Object Copy (ms): Min: 12.0, Avg: 12.0, Max: 12.1, Diff: 0.0, Sum: 48.2]
      [Termination (ms): Min: 0.0, Avg: 0.0, Max: 0.0, Diff: 0.0, Sum: 0.0]
         [Termination Attempts: Min: 1, Avg: 1.0, Max: 1, Diff: 0, Sum: 4]
      [GC Worker Other (ms): Min: 0.0, Avg: 0.0, Max: 0.0, Diff: 0.0, Sum: 0.2]
      [GC Worker Total (ms): Min: 21.3, Avg: 21.3, Max: 21.3, Diff: 0.0, Sum: 85.3]
      [GC Worker End (ms): Min: 28052748.9, Avg: 28052748.9, Max: 28052748.9, Diff: 0.0]
   [Code Root Fixup: 0.0 ms]
   [Code Root Purge: 0.0 ms]
   [Clear CT: 0.1 ms]
   [Other: 0.5 ms]
      [Choose CSet: 0.0 ms]
      [Ref Proc: 0.1 ms]
      [Ref Enq: 0.0 ms]
      [Redirty Cards: 0.0 ms]
      [Humongous Register: 0.0 ms]
      [Humongous Reclaim: 0.0 ms]
      [Free CSet: 0.1 ms]
   [Eden: 44.0M(44.0M)->0.0B(45.0M) Survivors: 7168.0K->6144.0K Heap: 309.1M(1024.0M)->265.3M(1024.0M)]
 [Times: user=0.08 sys=0.00, real=0.02 secs] 
2019-11-03T16:05:53.902+0800: 28519.050: [GC pause (G1 Evacuation Pause) (young), 0.0514635 secs]
   [Parallel Time: 42.7 ms, GC Workers: 4]
      [GC Worker Start (ms): Min: 28519054.5, Avg: 28519054.7, Max: 28519054.8, Diff: 0.3]
      [Ext Root Scanning (ms): Min: 4.0, Avg: 4.8, Max: 6.8, Diff: 2.8, Sum: 19.0]
      [Update RS (ms): Min: 5.6, Avg: 6.2, Max: 6.7, Diff: 1.1, Sum: 24.9]
         [Processed Buffers: Min: 3, Avg: 10.8, Max: 19, Diff: 16, Sum: 43]
      [Scan RS (ms): Min: 8.1, Avg: 9.4, Max: 10.6, Diff: 2.5, Sum: 37.4]
      [Code Root Scanning (ms): Min: 0.0, Avg: 0.0, Max: 0.1, Diff: 0.0, Sum: 0.1]
      [Object Copy (ms): Min: 21.2, Avg: 21.9, Max: 22.2, Diff: 1.1, Sum: 87.6]
      [Termination (ms): Min: 0.0, Avg: 0.0, Max: 0.0, Diff: 0.0, Sum: 0.0]
         [Termination Attempts: Min: 1, Avg: 1.8, Max: 3, Diff: 2, Sum: 7]
      [GC Worker Other (ms): Min: 0.0, Avg: 0.1, Max: 0.1, Diff: 0.0, Sum: 0.3]
      [GC Worker Total (ms): Min: 42.2, Avg: 42.3, Max: 42.5, Diff: 0.3, Sum: 169.3]
      [GC Worker End (ms): Min: 28519097.0, Avg: 28519097.0, Max: 28519097.0, Diff: 0.0]
   [Code Root Fixup: 0.0 ms]
   [Code Root Purge: 0.0 ms]
   [Clear CT: 0.2 ms]
   [Other: 8.6 ms]
      [Choose CSet: 0.0 ms]
      [Ref Proc: 3.0 ms]
      [Ref Enq: 0.0 ms]
      [Redirty Cards: 0.1 ms]
      [Humongous Register: 3.1 ms]
      [Humongous Reclaim: 0.0 ms]
      [Free CSet: 0.7 ms]
   [Eden: 45.0M(45.0M)->0.0B(45.0M) Survivors: 6144.0K->6144.0K Heap: 310.3M(1024.0M)->266.2M(1024.0M)]
 [Times: user=0.08 sys=0.07, real=0.05 secs] 
2019-11-03T16:06:45.074+0800: 28570.220: [GC pause (G1 Evacuation Pause) (young), 0.0302383 secs]
   [Parallel Time: 29.5 ms, GC Workers: 4]
      [GC Worker Start (ms): Min: 28570220.1, Avg: 28570220.2, Max: 28570220.3, Diff: 0.2]
      [Ext Root Scanning (ms): Min: 0.5, Avg: 0.7, Max: 0.8, Diff: 0.3, Sum: 2.7]
      [Update RS (ms): Min: 1.6, Avg: 1.7, Max: 1.7, Diff: 0.2, Sum: 6.7]
         [Processed Buffers: Min: 6, Avg: 9.8, Max: 13, Diff: 7, Sum: 39]
      [Scan RS (ms): Min: 5.4, Avg: 5.4, Max: 5.6, Diff: 0.2, Sum: 21.7]
      [Code Root Scanning (ms): Min: 0.0, Avg: 0.0, Max: 0.0, Diff: 0.0, Sum: 0.1]
      [Object Copy (ms): Min: 21.5, Avg: 21.6, Max: 21.6, Diff: 0.1, Sum: 86.2]
      [Termination (ms): Min: 0.0, Avg: 0.0, Max: 0.0, Diff: 0.0, Sum: 0.0]
         [Termination Attempts: Min: 1, Avg: 1.0, Max: 1, Diff: 0, Sum: 4]
      [GC Worker Other (ms): Min: 0.0, Avg: 0.0, Max: 0.0, Diff: 0.0, Sum: 0.1]
      [GC Worker Total (ms): Min: 29.2, Avg: 29.4, Max: 29.5, Diff: 0.2, Sum: 117.5]
      [GC Worker End (ms): Min: 28570249.6, Avg: 28570249.6, Max: 28570249.6, Diff: 0.0]
   [Code Root Fixup: 0.0 ms]
   [Code Root Purge: 0.0 ms]
   [Clear CT: 0.1 ms]
   [Other: 0.7 ms]
      [Choose CSet: 0.0 ms]
      [Ref Proc: 0.2 ms]
      [Ref Enq: 0.0 ms]
      [Redirty Cards: 0.1 ms]
      [Humongous Register: 0.0 ms]
      [Humongous Reclaim: 0.0 ms]
      [Free CSet: 0.1 ms]
   [Eden: 45.0M(45.0M)->0.0B(44.0M) Survivors: 6144.0K->7168.0K Heap: 311.2M(1024.0M)->269.9M(1024.0M)]
 [Times: user=0.09 sys=0.02, real=0.03 secs] 
2019-11-03T16:06:55.458+0800: 28580.604: [GC pause (G1 Evacuation Pause) (young), 0.0276199 secs]
   [Parallel Time: 26.9 ms, GC Workers: 4]
      [GC Worker Start (ms): Min: 28580603.8, Avg: 28580603.8, Max: 28580603.8, Diff: 0.1]
      [Ext Root Scanning (ms): Min: 0.8, Avg: 0.8, Max: 0.9, Diff: 0.1, Sum: 3.4]
      [Update RS (ms): Min: 2.4, Avg: 2.9, Max: 3.9, Diff: 1.5, Sum: 11.4]
         [Processed Buffers: Min: 1, Avg: 7.0, Max: 13, Diff: 12, Sum: 28]
      [Scan RS (ms): Min: 4.5, Avg: 5.6, Max: 6.3, Diff: 1.8, Sum: 22.4]
      [Code Root Scanning (ms): Min: 0.0, Avg: 0.0, Max: 0.0, Diff: 0.0, Sum: 0.1]
      [Object Copy (ms): Min: 17.2, Avg: 17.4, Max: 17.6, Diff: 0.4, Sum: 69.7]
      [Termination (ms): Min: 0.0, Avg: 0.0, Max: 0.0, Diff: 0.0, Sum: 0.0]
         [Termination Attempts: Min: 1, Avg: 1.0, Max: 1, Diff: 0, Sum: 4]
      [GC Worker Other (ms): Min: 0.0, Avg: 0.0, Max: 0.1, Diff: 0.0, Sum: 0.1]
      [GC Worker Total (ms): Min: 26.8, Avg: 26.8, Max: 26.8, Diff: 0.0, Sum: 107.2]
      [GC Worker End (ms): Min: 28580630.6, Avg: 28580630.6, Max: 28580630.6, Diff: 0.0]
   [Code Root Fixup: 0.0 ms]
   [Code Root Purge: 0.0 ms]
   [Clear CT: 0.1 ms]
   [Other: 0.6 ms]
      [Choose CSet: 0.0 ms]
      [Ref Proc: 0.1 ms]
      [Ref Enq: 0.0 ms]
      [Redirty Cards: 0.1 ms]
      [Humongous Register: 0.0 ms]
      [Humongous Reclaim: 0.0 ms]
      [Free CSet: 0.1 ms]
   [Eden: 44.0M(44.0M)->0.0B(48.0M) Survivors: 7168.0K->3072.0K Heap: 313.9M(1024.0M)->272.4M(1024.0M)]
 [Times: user=0.09 sys=0.01, real=0.03 secs] 
2019-11-03T16:07:06.736+0800: 28591.881: [GC pause (G1 Evacuation Pause) (young), 0.0188634 secs]
   [Parallel Time: 16.6 ms, GC Workers: 4]
      [GC Worker Start (ms): Min: 28591881.3, Avg: 28591881.4, Max: 28591881.4, Diff: 0.1]
      [Ext Root Scanning (ms): Min: 0.7, Avg: 0.8, Max: 0.8, Diff: 0.1, Sum: 3.1]
      [Update RS (ms): Min: 2.4, Avg: 2.5, Max: 2.8, Diff: 0.5, Sum: 10.1]
         [Processed Buffers: Min: 4, Avg: 9.0, Max: 19, Diff: 15, Sum: 36]
      [Scan RS (ms): Min: 4.3, Avg: 4.6, Max: 4.7, Diff: 0.4, Sum: 18.4]
      [Code Root Scanning (ms): Min: 0.0, Avg: 0.0, Max: 0.0, Diff: 0.0, Sum: 0.0]
      [Object Copy (ms): Min: 8.5, Avg: 8.6, Max: 8.6, Diff: 0.1, Sum: 34.3]
      [Termination (ms): Min: 0.0, Avg: 0.0, Max: 0.0, Diff: 0.0, Sum: 0.0]
         [Termination Attempts: Min: 1, Avg: 2.8, Max: 5, Diff: 4, Sum: 11]
      [GC Worker Other (ms): Min: 0.0, Avg: 0.0, Max: 0.1, Diff: 0.0, Sum: 0.2]
      [GC Worker Total (ms): Min: 16.5, Avg: 16.5, Max: 16.5, Diff: 0.0, Sum: 66.0]
      [GC Worker End (ms): Min: 28591897.8, Avg: 28591897.9, Max: 28591897.9, Diff: 0.0]
   [Code Root Fixup: 0.0 ms]
   [Code Root Purge: 0.0 ms]
   [Clear CT: 0.2 ms]
   [Other: 2.0 ms]
      [Choose CSet: 0.0 ms]
      [Ref Proc: 0.4 ms]
      [Ref Enq: 0.0 ms]
      [Redirty Cards: 1.0 ms]
      [Humongous Register: 0.0 ms]
      [Humongous Reclaim: 0.1 ms]
      [Free CSet: 0.2 ms]
   [Eden: 48.0M(48.0M)->0.0B(46.0M) Survivors: 3072.0K->5120.0K Heap: 320.4M(1024.0M)->274.4M(1024.0M)]
 [Times: user=0.06 sys=0.00, real=0.02 secs] 
2019-11-03T16:07:17.867+0800: 28603.012: [GC pause (G1 Evacuation Pause) (young), 0.0169995 secs]
   [Parallel Time: 16.3 ms, GC Workers: 4]
      [GC Worker Start (ms): Min: 28603011.8, Avg: 28603012.6, Max: 28603013.8, Diff: 2.0]
      [Ext Root Scanning (ms): Min: 0.0, Avg: 1.0, Max: 1.8, Diff: 1.8, Sum: 4.2]
      [Update RS (ms): Min: 1.4, Avg: 2.0, Max: 2.2, Diff: 0.8, Sum: 7.9]
         [Processed Buffers: Min: 5, Avg: 9.5, Max: 19, Diff: 14, Sum: 38]
      [Scan RS (ms): Min: 3.4, Avg: 3.6, Max: 3.8, Diff: 0.4, Sum: 14.3]
      [Code Root Scanning (ms): Min: 0.0, Avg: 0.0, Max: 0.0, Diff: 0.0, Sum: 0.0]
      [Object Copy (ms): Min: 8.4, Avg: 8.8, Max: 9.5, Diff: 1.1, Sum: 35.1]
      [Termination (ms): Min: 0.0, Avg: 0.0, Max: 0.0, Diff: 0.0, Sum: 0.0]
         [Termination Attempts: Min: 1, Avg: 2.2, Max: 4, Diff: 3, Sum: 9]
      [GC Worker Other (ms): Min: 0.0, Avg: 0.0, Max: 0.0, Diff: 0.0, Sum: 0.1]
      [GC Worker Total (ms): Min: 14.2, Avg: 15.4, Max: 16.2, Diff: 2.0, Sum: 61.6]
      [GC Worker End (ms): Min: 28603028.0, Avg: 28603028.1, Max: 28603028.1, Diff: 0.0]
   [Code Root Fixup: 0.0 ms]
   [Code Root Purge: 0.0 ms]
   [Clear CT: 0.1 ms]
   [Other: 0.6 ms]
      [Choose CSet: 0.0 ms]
      [Ref Proc: 0.1 ms]
      [Ref Enq: 0.0 ms]
      [Redirty Cards: 0.1 ms]
      [Humongous Register: 0.0 ms]
      [Humongous Reclaim: 0.0 ms]
      [Free CSet: 0.1 ms]
   [Eden: 46.0M(46.0M)->0.0B(46.0M) Survivors: 5120.0K->5120.0K Heap: 320.4M(1024.0M)->274.4M(1024.0M)]
 [Times: user=0.06 sys=0.00, real=0.02 secs] 
2019-11-03T16:07:28.965+0800: 28614.110: [GC pause (G1 Evacuation Pause) (young), 0.0170618 secs]
   [Parallel Time: 16.3 ms, GC Workers: 4]
      [GC Worker Start (ms): Min: 28614110.1, Avg: 28614110.2, Max: 28614110.2, Diff: 0.1]
      [Ext Root Scanning (ms): Min: 0.8, Avg: 0.8, Max: 0.8, Diff: 0.1, Sum: 3.2]
      [Update RS (ms): Min: 2.7, Avg: 2.7, Max: 2.8, Diff: 0.1, Sum: 10.8]
         [Processed Buffers: Min: 4, Avg: 8.2, Max: 10, Diff: 6, Sum: 33]
      [Scan RS (ms): Min: 2.9, Avg: 3.4, Max: 4.5, Diff: 1.6, Sum: 13.5]
      [Code Root Scanning (ms): Min: 0.0, Avg: 0.0, Max: 0.0, Diff: 0.0, Sum: 0.0]
      [Object Copy (ms): Min: 8.1, Avg: 9.2, Max: 9.7, Diff: 1.6, Sum: 36.9]
      [Termination (ms): Min: 0.0, Avg: 0.0, Max: 0.0, Diff: 0.0, Sum: 0.0]
         [Termination Attempts: Min: 1, Avg: 1.0, Max: 1, Diff: 0, Sum: 4]
      [GC Worker Other (ms): Min: 0.0, Avg: 0.0, Max: 0.1, Diff: 0.0, Sum: 0.2]
      [GC Worker Total (ms): Min: 16.1, Avg: 16.2, Max: 16.2, Diff: 0.1, Sum: 64.6]
      [GC Worker End (ms): Min: 28614126.3, Avg: 28614126.3, Max: 28614126.3, Diff: 0.0]
   [Code Root Fixup: 0.0 ms]
   [Code Root Purge: 0.0 ms]
   [Clear CT: 0.1 ms]
   [Other: 0.7 ms]
      [Choose CSet: 0.0 ms]
      [Ref Proc: 0.2 ms]
      [Ref Enq: 0.0 ms]
      [Redirty Cards: 0.1 ms]
      [Humongous Register: 0.1 ms]
      [Humongous Reclaim: 0.0 ms]
      [Free CSet: 0.1 ms]
   [Eden: 46.0M(46.0M)->0.0B(47.0M) Survivors: 5120.0K->4096.0K Heap: 320.4M(1024.0M)->275.4M(1024.0M)]
 [Times: user=0.06 sys=0.00, real=0.02 secs] 
2019-11-03T16:07:40.235+0800: 28625.379: [GC pause (G1 Evacuation Pause) (young), 0.0144918 secs]
   [Parallel Time: 13.8 ms, GC Workers: 4]
      [GC Worker Start (ms): Min: 28625378.8, Avg: 28625379.1, Max: 28625379.9, Diff: 1.1]
      [Ext Root Scanning (ms): Min: 0.0, Avg: 0.8, Max: 1.0, Diff: 1.0, Sum: 3.0]
      [Update RS (ms): Min: 1.7, Avg: 2.1, Max: 2.5, Diff: 0.8, Sum: 8.5]
         [Processed Buffers: Min: 7, Avg: 8.8, Max: 12, Diff: 5, Sum: 35]
      [Scan RS (ms): Min: 3.0, Avg: 3.6, Max: 4.0, Diff: 0.9, Sum: 14.4]
      [Code Root Scanning (ms): Min: 0.0, Avg: 0.0, Max: 0.0, Diff: 0.0, Sum: 0.0]
      [Object Copy (ms): Min: 6.5, Avg: 6.9, Max: 7.9, Diff: 1.4, Sum: 27.6]
      [Termination (ms): Min: 0.0, Avg: 0.0, Max: 0.0, Diff: 0.0, Sum: 0.0]
         [Termination Attempts: Min: 1, Avg: 1.0, Max: 1, Diff: 0, Sum: 4]
      [GC Worker Other (ms): Min: 0.0, Avg: 0.0, Max: 0.0, Diff: 0.0, Sum: 0.1]
      [GC Worker Total (ms): Min: 12.6, Avg: 13.4, Max: 13.7, Diff: 1.1, Sum: 53.7]
      [GC Worker End (ms): Min: 28625392.5, Avg: 28625392.5, Max: 28625392.5, Diff: 0.0]
   [Code Root Fixup: 0.0 ms]
   [Code Root Purge: 0.0 ms]
   [Clear CT: 0.0 ms]
   [Other: 0.7 ms]
      [Choose CSet: 0.0 ms]
      [Ref Proc: 0.1 ms]
      [Ref Enq: 0.0 ms]
      [Redirty Cards: 0.1 ms]
      [Humongous Register: 0.0 ms]
      [Humongous Reclaim: 0.0 ms]
      [Free CSet: 0.1 ms]
   [Eden: 47.0M(47.0M)->0.0B(46.0M) Survivors: 4096.0K->5120.0K Heap: 322.4M(1024.0M)->275.9M(1024.0M)]
 [Times: user=0.05 sys=0.00, real=0.01 secs] 
2019-11-03T16:07:51.423+0800: 28636.567: [GC pause (G1 Evacuation Pause) (young), 0.0182786 secs]
   [Parallel Time: 17.4 ms, GC Workers: 4]
      [GC Worker Start (ms): Min: 28636567.1, Avg: 28636567.2, Max: 28636567.5, Diff: 0.4]
      [Ext Root Scanning (ms): Min: 0.9, Avg: 1.2, Max: 1.4, Diff: 0.5, Sum: 4.7]
      [Update RS (ms): Min: 1.6, Avg: 2.2, Max: 2.5, Diff: 0.9, Sum: 8.9]
         [Processed Buffers: Min: 3, Avg: 9.0, Max: 15, Diff: 12, Sum: 36]
      [Scan RS (ms): Min: 3.9, Avg: 4.2, Max: 4.4, Diff: 0.5, Sum: 16.7]
      [Code Root Scanning (ms): Min: 0.0, Avg: 0.0, Max: 0.0, Diff: 0.0, Sum: 0.0]
      [Object Copy (ms): Min: 9.3, Avg: 9.5, Max: 9.8, Diff: 0.5, Sum: 38.0]
      [Termination (ms): Min: 0.0, Avg: 0.0, Max: 0.0, Diff: 0.0, Sum: 0.0]
         [Termination Attempts: Min: 1, Avg: 1.8, Max: 2, Diff: 1, Sum: 7]
      [GC Worker Other (ms): Min: 0.0, Avg: 0.0, Max: 0.0, Diff: 0.0, Sum: 0.1]
      [GC Worker Total (ms): Min: 16.8, Avg: 17.1, Max: 17.2, Diff: 0.4, Sum: 68.4]
      [GC Worker End (ms): Min: 28636584.3, Avg: 28636584.3, Max: 28636584.4, Diff: 0.0]
   [Code Root Fixup: 0.0 ms]
   [Code Root Purge: 0.0 ms]
   [Clear CT: 0.1 ms]
   [Other: 0.8 ms]
      [Choose CSet: 0.0 ms]
      [Ref Proc: 0.2 ms]
      [Ref Enq: 0.0 ms]
      [Redirty Cards: 0.1 ms]
      [Humongous Register: 0.1 ms]
      [Humongous Reclaim: 0.0 ms]
      [Free CSet: 0.1 ms]
   [Eden: 46.0M(46.0M)->0.0B(44.0M) Survivors: 5120.0K->7168.0K Heap: 321.9M(1024.0M)->277.9M(1024.0M)]
 [Times: user=0.07 sys=0.00, real=0.02 secs] 
2019-11-03T16:08:02.021+0800: 28647.164: [GC pause (G1 Evacuation Pause) (young), 0.0168735 secs]
   [Parallel Time: 16.1 ms, GC Workers: 4]
      [GC Worker Start (ms): Min: 28647164.3, Avg: 28647164.4, Max: 28647164.6, Diff: 0.4]
      [Ext Root Scanning (ms): Min: 1.1, Avg: 1.4, Max: 1.9, Diff: 0.8, Sum: 5.5]
      [Update RS (ms): Min: 1.3, Avg: 1.9, Max: 2.3, Diff: 0.9, Sum: 7.5]
         [Processed Buffers: Min: 5, Avg: 7.2, Max: 10, Diff: 5, Sum: 29]
      [Scan RS (ms): Min: 1.9, Avg: 2.1, Max: 2.4, Diff: 0.5, Sum: 8.3]
      [Code Root Scanning (ms): Min: 0.0, Avg: 0.0, Max: 0.0, Diff: 0.0, Sum: 0.0]
      [Object Copy (ms): Min: 10.4, Avg: 10.5, Max: 10.6, Diff: 0.2, Sum: 42.1]
      [Termination (ms): Min: 0.0, Avg: 0.1, Max: 0.1, Diff: 0.1, Sum: 0.3]
         [Termination Attempts: Min: 1, Avg: 1.2, Max: 2, Diff: 1, Sum: 5]
      [GC Worker Other (ms): Min: 0.0, Avg: 0.0, Max: 0.0, Diff: 0.0, Sum: 0.1]
      [GC Worker Total (ms): Min: 15.7, Avg: 16.0, Max: 16.1, Diff: 0.4, Sum: 63.9]
      [GC Worker End (ms): Min: 28647180.3, Avg: 28647180.3, Max: 28647180.4, Diff: 0.0]
   [Code Root Fixup: 0.0 ms]
   [Code Root Purge: 0.0 ms]
   [Clear CT: 0.1 ms]
   [Other: 0.6 ms]
      [Choose CSet: 0.0 ms]
      [Ref Proc: 0.2 ms]
      [Ref Enq: 0.0 ms]
      [Redirty Cards: 0.1 ms]
      [Humongous Register: 0.0 ms]
      [Humongous Reclaim: 0.0 ms]
      [Free CSet: 0.1 ms]
   [Eden: 44.0M(44.0M)->0.0B(48.0M) Survivors: 7168.0K->5120.0K Heap: 321.9M(1024.0M)->276.8M(1024.0M)]
 [Times: user=0.05 sys=0.00, real=0.01 secs] 
2019-11-03T16:08:13.543+0800: 28658.686: [GC pause (G1 Evacuation Pause) (young), 0.0179839 secs]
   [Parallel Time: 17.2 ms, GC Workers: 4]
      [GC Worker Start (ms): Min: 28658685.7, Avg: 28658685.7, Max: 28658685.7, Diff: 0.0]
      [Ext Root Scanning (ms): Min: 0.4, Avg: 0.5, Max: 0.5, Diff: 0.0, Sum: 1.9]
      [Update RS (ms): Min: 1.6, Avg: 1.7, Max: 1.9, Diff: 0.4, Sum: 6.9]
         [Processed Buffers: Min: 1, Avg: 8.0, Max: 12, Diff: 11, Sum: 32]
      [Scan RS (ms): Min: 4.5, Avg: 4.7, Max: 4.9, Diff: 0.3, Sum: 18.8]
      [Code Root Scanning (ms): Min: 0.0, Avg: 0.0, Max: 0.0, Diff: 0.0, Sum: 0.0]
      [Object Copy (ms): Min: 10.0, Avg: 10.1, Max: 10.2, Diff: 0.2, Sum: 40.4]
      [Termination (ms): Min: 0.0, Avg: 0.1, Max: 0.2, Diff: 0.2, Sum: 0.5]
         [Termination Attempts: Min: 1, Avg: 1.0, Max: 1, Diff: 0, Sum: 4]
      [GC Worker Other (ms): Min: 0.0, Avg: 0.0, Max: 0.0, Diff: 0.0, Sum: 0.1]
      [GC Worker Total (ms): Min: 17.1, Avg: 17.1, Max: 17.1, Diff: 0.0, Sum: 68.5]
      [GC Worker End (ms): Min: 28658702.8, Avg: 28658702.8, Max: 28658702.8, Diff: 0.0]
   [Code Root Fixup: 0.0 ms]
   [Code Root Purge: 0.0 ms]
   [Clear CT: 0.1 ms]
   [Other: 0.6 ms]
      [Choose CSet: 0.0 ms]
      [Ref Proc: 0.1 ms]
      [Ref Enq: 0.0 ms]
      [Redirty Cards: 0.1 ms]
      [Humongous Register: 0.0 ms]
      [Humongous Reclaim: 0.0 ms]
      [Free CSet: 0.1 ms]
   [Eden: 48.0M(48.0M)->0.0B(59.0M) Survivors: 5120.0K->5120.0K Heap: 324.8M(1024.0M)->277.3M(1024.0M)]
 [Times: user=0.05 sys=0.01, real=0.02 secs] 
2019-11-03T16:08:27.747+0800: 28672.889: [GC pause (G1 Evacuation Pause) (young), 0.0230383 secs]
   [Parallel Time: 22.3 ms, GC Workers: 4]
      [GC Worker Start (ms): Min: 28672889.0, Avg: 28672889.1, Max: 28672889.2, Diff: 0.1]
      [Ext Root Scanning (ms): Min: 0.9, Avg: 1.0, Max: 1.1, Diff: 0.2, Sum: 3.9]
      [Update RS (ms): Min: 2.2, Avg: 2.9, Max: 3.4, Diff: 1.2, Sum: 11.6]
         [Processed Buffers: Min: 2, Avg: 9.2, Max: 19, Diff: 17, Sum: 37]
      [Scan RS (ms): Min: 4.0, Avg: 4.5, Max: 4.9, Diff: 0.9, Sum: 18.0]
      [Code Root Scanning (ms): Min: 0.0, Avg: 0.0, Max: 0.0, Diff: 0.0, Sum: 0.0]
      [Object Copy (ms): Min: 13.3, Avg: 13.7, Max: 14.1, Diff: 0.8, Sum: 54.9]
      [Termination (ms): Min: 0.0, Avg: 0.0, Max: 0.0, Diff: 0.0, Sum: 0.0]
         [Termination Attempts: Min: 1, Avg: 1.0, Max: 1, Diff: 0, Sum: 4]
      [GC Worker Other (ms): Min: 0.0, Avg: 0.0, Max: 0.0, Diff: 0.0, Sum: 0.1]
      [GC Worker Total (ms): Min: 22.1, Avg: 22.1, Max: 22.2, Diff: 0.1, Sum: 88.5]
      [GC Worker End (ms): Min: 28672911.2, Avg: 28672911.2, Max: 28672911.2, Diff: 0.0]
   [Code Root Fixup: 0.0 ms]
   [Code Root Purge: 0.0 ms]
   [Clear CT: 0.1 ms]
   [Other: 0.7 ms]
      [Choose CSet: 0.0 ms]
      [Ref Proc: 0.1 ms]
      [Ref Enq: 0.0 ms]
      [Redirty Cards: 0.1 ms]
      [Humongous Register: 0.1 ms]
      [Humongous Reclaim: 0.0 ms]
      [Free CSet: 0.1 ms]
   [Eden: 59.0M(59.0M)->0.0B(46.0M) Survivors: 5120.0K->5120.0K Heap: 336.3M(1024.0M)->276.8M(1024.0M)]
 [Times: user=0.06 sys=0.02, real=0.03 secs] 
2019-11-03T16:08:38.823+0800: 28683.965: [GC pause (G1 Evacuation Pause) (young), 0.0300765 secs]
   [Parallel Time: 28.6 ms, GC Workers: 4]
      [GC Worker Start (ms): Min: 28683965.2, Avg: 28683969.1, Max: 28683973.2, Diff: 8.0]
      [Ext Root Scanning (ms): Min: 0.0, Avg: 0.5, Max: 1.9, Diff: 1.9, Sum: 1.9]
      [Update RS (ms): Min: 0.0, Avg: 1.6, Max: 3.1, Diff: 3.1, Sum: 6.3]
         [Processed Buffers: Min: 0, Avg: 7.2, Max: 13, Diff: 13, Sum: 29]
      [Scan RS (ms): Min: 2.5, Avg: 4.5, Max: 5.4, Diff: 2.9, Sum: 18.1]
      [Code Root Scanning (ms): Min: 0.0, Avg: 0.0, Max: 0.0, Diff: 0.0, Sum: 0.0]
      [Object Copy (ms): Min: 17.5, Avg: 17.6, Max: 17.9, Diff: 0.4, Sum: 70.6]
      [Termination (ms): Min: 0.0, Avg: 0.3, Max: 0.5, Diff: 0.5, Sum: 1.2]
         [Termination Attempts: Min: 1, Avg: 1.0, Max: 1, Diff: 0, Sum: 4]
      [GC Worker Other (ms): Min: 0.0, Avg: 0.0, Max: 0.0, Diff: 0.0, Sum: 0.1]
      [GC Worker Total (ms): Min: 20.4, Avg: 24.6, Max: 28.5, Diff: 8.1, Sum: 98.2]
      [GC Worker End (ms): Min: 28683993.5, Avg: 28683993.6, Max: 28683993.7, Diff: 0.1]
   [Code Root Fixup: 0.0 ms]
   [Code Root Purge: 0.0 ms]
   [Clear CT: 0.1 ms]
   [Other: 1.3 ms]
      [Choose CSet: 0.0 ms]
      [Ref Proc: 0.7 ms]
      [Ref Enq: 0.0 ms]
      [Redirty Cards: 0.1 ms]
      [Humongous Register: 0.1 ms]
      [Humongous Reclaim: 0.0 ms]
      [Free CSet: 0.1 ms]
   [Eden: 46.0M(46.0M)->0.0B(45.0M) Survivors: 5120.0K->6144.0K Heap: 322.8M(1024.0M)->278.9M(1024.0M)]
 [Times: user=0.06 sys=0.01, real=0.03 secs] 
2019-11-03T16:09:01.549+0800: 28706.689: [GC pause (G1 Evacuation Pause) (young), 0.0258247 secs]
   [Parallel Time: 25.2 ms, GC Workers: 4]
      [GC Worker Start (ms): Min: 28706689.6, Avg: 28706689.7, Max: 28706689.7, Diff: 0.1]
      [Ext Root Scanning (ms): Min: 0.9, Avg: 3.7, Max: 12.0, Diff: 11.2, Sum: 14.7]
      [Update RS (ms): Min: 0.0, Avg: 4.4, Max: 6.0, Diff: 6.0, Sum: 17.5]
         [Processed Buffers: Min: 0, Avg: 8.2, Max: 23, Diff: 23, Sum: 33]
      [Scan RS (ms): Min: 0.4, Avg: 4.3, Max: 5.6, Diff: 5.2, Sum: 17.0]
      [Code Root Scanning (ms): Min: 0.0, Avg: 0.1, Max: 0.2, Diff: 0.2, Sum: 0.2]
      [Object Copy (ms): Min: 12.6, Avg: 12.6, Max: 12.7, Diff: 0.1, Sum: 50.6]
      [Termination (ms): Min: 0.0, Avg: 0.0, Max: 0.0, Diff: 0.0, Sum: 0.0]
         [Termination Attempts: Min: 1, Avg: 1.2, Max: 2, Diff: 1, Sum: 5]
      [GC Worker Other (ms): Min: 0.0, Avg: 0.0, Max: 0.0, Diff: 0.0, Sum: 0.1]
      [GC Worker Total (ms): Min: 25.0, Avg: 25.1, Max: 25.1, Diff: 0.0, Sum: 100.2]
      [GC Worker End (ms): Min: 28706714.7, Avg: 28706714.7, Max: 28706714.7, Diff: 0.0]
   [Code Root Fixup: 0.0 ms]
   [Code Root Purge: 0.0 ms]
   [Clear CT: 0.1 ms]
   [Other: 0.5 ms]
      [Choose CSet: 0.0 ms]
      [Ref Proc: 0.1 ms]
      [Ref Enq: 0.0 ms]
      [Redirty Cards: 0.1 ms]
      [Humongous Register: 0.0 ms]
      [Humongous Reclaim: 0.0 ms]
      [Free CSet: 0.1 ms]
   [Eden: 45.0M(45.0M)->0.0B(47.0M) Survivors: 6144.0K->4096.0K Heap: 323.9M(1024.0M)->278.2M(1024.0M)]
 [Times: user=0.07 sys=0.00, real=0.03 secs] 
2019-11-03T16:09:13.102+0800: 28718.243: [GC pause (G1 Evacuation Pause) (young), 0.0176158 secs]
   [Parallel Time: 16.9 ms, GC Workers: 4]
      [GC Worker Start (ms): Min: 28718243.0, Avg: 28718243.1, Max: 28718243.1, Diff: 0.1]
      [Ext Root Scanning (ms): Min: 0.8, Avg: 0.8, Max: 0.8, Diff: 0.1, Sum: 3.3]
      [Update RS (ms): Min: 2.8, Avg: 2.9, Max: 3.1, Diff: 0.3, Sum: 11.6]
         [Processed Buffers: Min: 5, Avg: 8.8, Max: 13, Diff: 8, Sum: 35]
      [Scan RS (ms): Min: 5.1, Avg: 5.3, Max: 5.4, Diff: 0.3, Sum: 21.1]
      [Code Root Scanning (ms): Min: 0.0, Avg: 0.0, Max: 0.0, Diff: 0.0, Sum: 0.0]
      [Object Copy (ms): Min: 7.7, Avg: 7.8, Max: 7.9, Diff: 0.2, Sum: 31.3]
      [Termination (ms): Min: 0.0, Avg: 0.0, Max: 0.0, Diff: 0.0, Sum: 0.0]
         [Termination Attempts: Min: 1, Avg: 1.0, Max: 1, Diff: 0, Sum: 4]
      [GC Worker Other (ms): Min: 0.0, Avg: 0.0, Max: 0.1, Diff: 0.0, Sum: 0.2]
      [GC Worker Total (ms): Min: 16.8, Avg: 16.9, Max: 16.9, Diff: 0.0, Sum: 67.5]
      [GC Worker End (ms): Min: 28718259.9, Avg: 28718259.9, Max: 28718259.9, Diff: 0.0]
   [Code Root Fixup: 0.0 ms]
   [Code Root Purge: 0.0 ms]
   [Clear CT: 0.1 ms]
   [Other: 0.6 ms]
      [Choose CSet: 0.0 ms]
      [Ref Proc: 0.2 ms]
      [Ref Enq: 0.0 ms]
      [Redirty Cards: 0.1 ms]
      [Humongous Register: 0.0 ms]
      [Humongous Reclaim: 0.0 ms]
      [Free CSet: 0.1 ms]
   [Eden: 47.0M(47.0M)->0.0B(46.0M) Survivors: 4096.0K->5120.0K Heap: 325.2M(1024.0M)->278.7M(1024.0M)]
 [Times: user=0.07 sys=0.00, real=0.02 secs] 
2019-11-03T16:09:24.244+0800: 28729.384: [GC pause (G1 Evacuation Pause) (young), 0.0223372 secs]
   [Parallel Time: 21.6 ms, GC Workers: 4]
      [GC Worker Start (ms): Min: 28729384.3, Avg: 28729385.0, Max: 28729386.6, Diff: 2.3]
      [Ext Root Scanning (ms): Min: 0.0, Avg: 1.5, Max: 2.2, Diff: 2.2, Sum: 6.0]
      [Update RS (ms): Min: 1.8, Avg: 2.2, Max: 2.4, Diff: 0.6, Sum: 8.7]
         [Processed Buffers: Min: 2, Avg: 7.2, Max: 12, Diff: 10, Sum: 29]
      [Scan RS (ms): Min: 6.2, Avg: 6.4, Max: 6.4, Diff: 0.2, Sum: 25.4]
      [Code Root Scanning (ms): Min: 0.0, Avg: 0.0, Max: 0.0, Diff: 0.0, Sum: 0.0]
      [Object Copy (ms): Min: 10.5, Avg: 10.8, Max: 11.2, Diff: 0.7, Sum: 43.1]
      [Termination (ms): Min: 0.0, Avg: 0.0, Max: 0.0, Diff: 0.0, Sum: 0.0]
         [Termination Attempts: Min: 1, Avg: 1.0, Max: 1, Diff: 0, Sum: 4]
      [GC Worker Other (ms): Min: 0.0, Avg: 0.0, Max: 0.0, Diff: 0.0, Sum: 0.1]
      [GC Worker Total (ms): Min: 19.2, Avg: 20.8, Max: 21.5, Diff: 2.3, Sum: 83.3]
      [GC Worker End (ms): Min: 28729405.8, Avg: 28729405.8, Max: 28729405.8, Diff: 0.0]
   [Code Root Fixup: 0.0 ms]
   [Code Root Purge: 0.0 ms]
   [Clear CT: 0.1 ms]
   [Other: 0.6 ms]
      [Choose CSet: 0.0 ms]
      [Ref Proc: 0.1 ms]
      [Ref Enq: 0.0 ms]
      [Redirty Cards: 0.1 ms]
      [Humongous Register: 0.0 ms]
      [Humongous Reclaim: 0.0 ms]
      [Free CSet: 0.1 ms]
   [Eden: 46.0M(46.0M)->0.0B(45.0M) Survivors: 5120.0K->6144.0K Heap: 324.7M(1024.0M)->280.2M(1024.0M)]
 [Times: user=0.07 sys=0.00, real=0.02 secs] 
2019-11-03T16:09:35.056+0800: 28740.195: [GC pause (G1 Evacuation Pause) (young), 0.0192253 secs]
   [Parallel Time: 18.4 ms, GC Workers: 4]
      [GC Worker Start (ms): Min: 28740195.6, Avg: 28740195.7, Max: 28740195.7, Diff: 0.1]
      [Ext Root Scanning (ms): Min: 0.9, Avg: 0.9, Max: 0.9, Diff: 0.1, Sum: 3.6]
      [Update RS (ms): Min: 1.7, Avg: 2.3, Max: 2.8, Diff: 1.1, Sum: 9.1]
         [Processed Buffers: Min: 5, Avg: 8.2, Max: 16, Diff: 11, Sum: 33]
      [Scan RS (ms): Min: 4.4, Avg: 4.9, Max: 5.4, Diff: 1.1, Sum: 19.6]
      [Code Root Scanning (ms): Min: 0.0, Avg: 0.0, Max: 0.0, Diff: 0.0, Sum: 0.0]
      [Object Copy (ms): Min: 10.2, Avg: 10.2, Max: 10.3, Diff: 0.1, Sum: 40.9]
      [Termination (ms): Min: 0.0, Avg: 0.0, Max: 0.0, Diff: 0.0, Sum: 0.0]
         [Termination Attempts: Min: 1, Avg: 1.0, Max: 1, Diff: 0, Sum: 4]
      [GC Worker Other (ms): Min: 0.0, Avg: 0.0, Max: 0.0, Diff: 0.0, Sum: 0.1]
      [GC Worker Total (ms): Min: 18.3, Avg: 18.3, Max: 18.4, Diff: 0.0, Sum: 73.4]
      [GC Worker End (ms): Min: 28740214.0, Avg: 28740214.0, Max: 28740214.0, Diff: 0.0]
   [Code Root Fixup: 0.0 ms]
   [Code Root Purge: 0.0 ms]
   [Clear CT: 0.1 ms]
   [Other: 0.7 ms]
      [Choose CSet: 0.0 ms]
      [Ref Proc: 0.2 ms]
      [Ref Enq: 0.0 ms]
      [Redirty Cards: 0.1 ms]
      [Humongous Register: 0.0 ms]
      [Humongous Reclaim: 0.0 ms]
      [Free CSet: 0.1 ms]
   [Eden: 45.0M(45.0M)->0.0B(46.0M) Survivors: 6144.0K->5120.0K Heap: 325.2M(1024.0M)->280.0M(1024.0M)]
 [Times: user=0.08 sys=0.01, real=0.02 secs] 
2019-11-03T16:09:46.179+0800: 28751.318: [GC pause (G1 Evacuation Pause) (young), 0.0182333 secs]
   [Parallel Time: 17.6 ms, GC Workers: 4]
      [GC Worker Start (ms): Min: 28751318.4, Avg: 28751318.7, Max: 28751319.5, Diff: 1.1]
      [Ext Root Scanning (ms): Min: 0.0, Avg: 0.8, Max: 1.1, Diff: 1.1, Sum: 3.1]
      [Update RS (ms): Min: 2.3, Avg: 2.7, Max: 3.1, Diff: 0.8, Sum: 10.6]
         [Processed Buffers: Min: 5, Avg: 8.5, Max: 14, Diff: 9, Sum: 34]
      [Scan RS (ms): Min: 5.8, Avg: 6.1, Max: 6.5, Diff: 0.7, Sum: 24.2]
      [Code Root Scanning (ms): Min: 0.0, Avg: 0.0, Max: 0.0, Diff: 0.0, Sum: 0.0]
      [Object Copy (ms): Min: 7.5, Avg: 7.7, Max: 8.1, Diff: 0.6, Sum: 30.7]
      [Termination (ms): Min: 0.0, Avg: 0.0, Max: 0.0, Diff: 0.0, Sum: 0.0]
         [Termination Attempts: Min: 1, Avg: 1.0, Max: 1, Diff: 0, Sum: 4]
      [GC Worker Other (ms): Min: 0.0, Avg: 0.0, Max: 0.0, Diff: 0.0, Sum: 0.1]
      [GC Worker Total (ms): Min: 16.4, Avg: 17.2, Max: 17.5, Diff: 1.1, Sum: 68.7]
      [GC Worker End (ms): Min: 28751335.9, Avg: 28751335.9, Max: 28751335.9, Diff: 0.0]
   [Code Root Fixup: 0.0 ms]
   [Code Root Purge: 0.0 ms]
   [Clear CT: 0.0 ms]
   [Other: 0.6 ms]
      [Choose CSet: 0.0 ms]
      [Ref Proc: 0.1 ms]
      [Ref Enq: 0.0 ms]
      [Redirty Cards: 0.1 ms]
      [Humongous Register: 0.0 ms]
      [Humongous Reclaim: 0.0 ms]
      [Free CSet: 0.1 ms]
   [Eden: 46.0M(46.0M)->0.0B(46.0M) Survivors: 5120.0K->5120.0K Heap: 326.0M(1024.0M)->280.0M(1024.0M)]
 [Times: user=0.07 sys=0.00, real=0.02 secs] 
2019-11-03T16:09:57.366+0800: 28762.505: [GC pause (G1 Evacuation Pause) (young), 0.0187416 secs]
   [Parallel Time: 18.1 ms, GC Workers: 4]
      [GC Worker Start (ms): Min: 28762504.9, Avg: 28762505.5, Max: 28762506.4, Diff: 1.5]
      [Ext Root Scanning (ms): Min: 0.0, Avg: 0.8, Max: 1.4, Diff: 1.4, Sum: 3.4]
      [Update RS (ms): Min: 0.0, Avg: 2.3, Max: 3.3, Diff: 3.3, Sum: 9.3]
         [Processed Buffers: Min: 0, Avg: 7.5, Max: 13, Diff: 13, Sum: 30]
      [Scan RS (ms): Min: 4.6, Avg: 5.0, Max: 5.4, Diff: 0.8, Sum: 19.8]
      [Code Root Scanning (ms): Min: 0.0, Avg: 0.0, Max: 0.0, Diff: 0.0, Sum: 0.0]
      [Object Copy (ms): Min: 8.2, Avg: 9.1, Max: 11.8, Diff: 3.6, Sum: 36.6]
      [Termination (ms): Min: 0.0, Avg: 0.1, Max: 0.2, Diff: 0.2, Sum: 0.4]
         [Termination Attempts: Min: 1, Avg: 1.0, Max: 1, Diff: 0, Sum: 4]
      [GC Worker Other (ms): Min: 0.0, Avg: 0.0, Max: 0.0, Diff: 0.0, Sum: 0.1]
      [GC Worker Total (ms): Min: 16.5, Avg: 17.4, Max: 18.0, Diff: 1.5, Sum: 69.6]
      [GC Worker End (ms): Min: 28762522.8, Avg: 28762522.9, Max: 28762522.9, Diff: 0.0]
   [Code Root Fixup: 0.0 ms]
   [Code Root Purge: 0.0 ms]
   [Clear CT: 0.0 ms]
   [Other: 0.6 ms]
      [Choose CSet: 0.0 ms]
      [Ref Proc: 0.1 ms]
      [Ref Enq: 0.0 ms]
      [Redirty Cards: 0.1 ms]
      [Humongous Register: 0.1 ms]
      [Humongous Reclaim: 0.0 ms]
      [Free CSet: 0.1 ms]
   [Eden: 46.0M(46.0M)->0.0B(46.0M) Survivors: 5120.0K->5120.0K Heap: 326.0M(1024.0M)->280.0M(1024.0M)]
 [Times: user=0.06 sys=0.00, real=0.02 secs] 
2019-11-03T16:10:10.212+0800: 28775.351: [GC pause (G1 Evacuation Pause) (young), 0.0202135 secs]
   [Parallel Time: 19.2 ms, GC Workers: 4]
      [GC Worker Start (ms): Min: 28775350.8, Avg: 28775351.1, Max: 28775351.9, Diff: 1.1]
      [Ext Root Scanning (ms): Min: 0.0, Avg: 0.8, Max: 1.1, Diff: 1.0, Sum: 3.1]
      [Update RS (ms): Min: 2.1, Avg: 2.2, Max: 2.3, Diff: 0.2, Sum: 8.9]
         [Processed Buffers: Min: 5, Avg: 9.0, Max: 17, Diff: 12, Sum: 36]
      [Scan RS (ms): Min: 5.7, Avg: 5.8, Max: 5.9, Diff: 0.2, Sum: 23.4]
      [Code Root Scanning (ms): Min: 0.0, Avg: 0.0, Max: 0.0, Diff: 0.0, Sum: 0.0]
      [Object Copy (ms): Min: 9.8, Avg: 10.0, Max: 10.1, Diff: 0.3, Sum: 39.9]
      [Termination (ms): Min: 0.0, Avg: 0.0, Max: 0.0, Diff: 0.0, Sum: 0.0]
         [Termination Attempts: Min: 1, Avg: 1.0, Max: 1, Diff: 0, Sum: 4]
      [GC Worker Other (ms): Min: 0.0, Avg: 0.0, Max: 0.0, Diff: 0.0, Sum: 0.1]
      [GC Worker Total (ms): Min: 18.0, Avg: 18.8, Max: 19.1, Diff: 1.1, Sum: 75.3]
      [GC Worker End (ms): Min: 28775369.9, Avg: 28775369.9, Max: 28775369.9, Diff: 0.0]
   [Code Root Fixup: 0.0 ms]
   [Code Root Purge: 0.0 ms]
   [Clear CT: 0.1 ms]
   [Other: 0.9 ms]
      [Choose CSet: 0.0 ms]
      [Ref Proc: 0.2 ms]
      [Ref Enq: 0.0 ms]
      [Redirty Cards: 0.2 ms]
      [Humongous Register: 0.1 ms]
      [Humongous Reclaim: 0.0 ms]
      [Free CSet: 0.1 ms]
   [Eden: 46.0M(46.0M)->0.0B(44.0M) Survivors: 5120.0K->7168.0K Heap: 326.0M(1024.0M)->282.0M(1024.0M)]
 [Times: user=0.07 sys=0.00, real=0.02 secs] 
2019-11-03T16:10:20.990+0800: 28786.128: [GC pause (G1 Evacuation Pause) (young), 0.0181702 secs]
   [Parallel Time: 17.3 ms, GC Workers: 4]
      [GC Worker Start (ms): Min: 28786128.2, Avg: 28786128.7, Max: 28786129.9, Diff: 1.7]
      [Ext Root Scanning (ms): Min: 0.0, Avg: 0.9, Max: 1.2, Diff: 1.2, Sum: 3.5]
      [Update RS (ms): Min: 2.0, Avg: 2.4, Max: 2.6, Diff: 0.6, Sum: 9.5]
         [Processed Buffers: Min: 4, Avg: 8.2, Max: 14, Diff: 10, Sum: 33]
      [Scan RS (ms): Min: 3.8, Avg: 4.0, Max: 4.1, Diff: 0.3, Sum: 15.9]
      [Code Root Scanning (ms): Min: 0.0, Avg: 0.0, Max: 0.0, Diff: 0.0, Sum: 0.0]
      [Object Copy (ms): Min: 9.4, Avg: 9.5, Max: 9.6, Diff: 0.2, Sum: 38.1]
      [Termination (ms): Min: 0.0, Avg: 0.0, Max: 0.0, Diff: 0.0, Sum: 0.0]
         [Termination Attempts: Min: 1, Avg: 1.0, Max: 1, Diff: 0, Sum: 4]
      [GC Worker Other (ms): Min: 0.0, Avg: 0.0, Max: 0.0, Diff: 0.0, Sum: 0.1]
      [GC Worker Total (ms): Min: 15.6, Avg: 16.8, Max: 17.2, Diff: 1.7, Sum: 67.1]
      [GC Worker End (ms): Min: 28786145.4, Avg: 28786145.4, Max: 28786145.4, Diff: 0.0]
   [Code Root Fixup: 0.0 ms]
   [Code Root Purge: 0.0 ms]
   [Clear CT: 0.0 ms]
   [Other: 0.8 ms]
      [Choose CSet: 0.0 ms]
      [Ref Proc: 0.2 ms]
      [Ref Enq: 0.0 ms]
      [Redirty Cards: 0.2 ms]
      [Humongous Register: 0.0 ms]
      [Humongous Reclaim: 0.0 ms]
      [Free CSet: 0.1 ms]
   [Eden: 44.0M(44.0M)->0.0B(66.0M) Survivors: 7168.0K->5120.0K Heap: 326.0M(1024.0M)->281.3M(1024.0M)]
 [Times: user=0.07 sys=0.00, real=0.01 secs] 
2019-11-03T16:10:32.050+0800: 28797.187: [GC pause (G1 Evacuation Pause) (young), 0.0235162 secs]
   [Parallel Time: 22.7 ms, GC Workers: 4]
      [GC Worker Start (ms): Min: 28797187.2, Avg: 28797187.4, Max: 28797188.1, Diff: 0.9]
      [Ext Root Scanning (ms): Min: 0.0, Avg: 0.6, Max: 0.9, Diff: 0.9, Sum: 2.5]
      [Update RS (ms): Min: 0.0, Avg: 1.8, Max: 2.6, Diff: 2.6, Sum: 7.4]
         [Processed Buffers: Min: 0, Avg: 8.8, Max: 17, Diff: 17, Sum: 35]
      [Scan RS (ms): Min: 0.6, Avg: 3.6, Max: 4.8, Diff: 4.1, Sum: 14.5]
      [Code Root Scanning (ms): Min: 0.0, Avg: 0.0, Max: 0.0, Diff: 0.0, Sum: 0.0]
      [Object Copy (ms): Min: 14.6, Avg: 16.3, Max: 21.2, Diff: 6.6, Sum: 65.1]
      [Termination (ms): Min: 0.0, Avg: 0.0, Max: 0.0, Diff: 0.0, Sum: 0.0]
         [Termination Attempts: Min: 1, Avg: 1.8, Max: 4, Diff: 3, Sum: 7]
      [GC Worker Other (ms): Min: 0.0, Avg: 0.0, Max: 0.0, Diff: 0.0, Sum: 0.1]
      [GC Worker Total (ms): Min: 21.7, Avg: 22.4, Max: 22.6, Diff: 0.9, Sum: 89.5]
      [GC Worker End (ms): Min: 28797209.8, Avg: 28797209.8, Max: 28797209.8, Diff: 0.0]
   [Code Root Fixup: 0.0 ms]
   [Code Root Purge: 0.0 ms]
   [Clear CT: 0.1 ms]
   [Other: 0.8 ms]
      [Choose CSet: 0.0 ms]
      [Ref Proc: 0.3 ms]
      [Ref Enq: 0.0 ms]
      [Redirty Cards: 0.1 ms]
      [Humongous Register: 0.0 ms]
      [Humongous Reclaim: 0.0 ms]
      [Free CSet: 0.1 ms]
   [Eden: 46.0M(46.0M)->0.0B(46.0M) Survivors: 5120.0K->5120.0K Heap: 327.3M(1024.0M)->281.3M(1024.0M)]
 [Times: user=0.05 sys=0.00, real=0.02 secs] 
2019-11-03T16:10:43.144+0800: 28808.281: [GC pause (G1 Evacuation Pause) (young), 0.0188398 secs]
   [Parallel Time: 18.1 ms, GC Workers: 4]
      [GC Worker Start (ms): Min: 28808281.6, Avg: 28808281.7, Max: 28808281.9, Diff: 0.4]
      [Ext Root Scanning (ms): Min: 0.8, Avg: 1.1, Max: 1.2, Diff: 0.4, Sum: 4.4]
      [Update RS (ms): Min: 1.6, Avg: 2.5, Max: 3.0, Diff: 1.4, Sum: 9.8]
         [Processed Buffers: Min: 2, Avg: 8.8, Max: 12, Diff: 10, Sum: 35]
      [Scan RS (ms): Min: 3.5, Avg: 3.8, Max: 4.0, Diff: 0.4, Sum: 15.1]
      [Code Root Scanning (ms): Min: 0.0, Avg: 0.0, Max: 0.0, Diff: 0.0, Sum: 0.0]
      [Object Copy (ms): Min: 10.0, Avg: 10.4, Max: 11.5, Diff: 1.5, Sum: 41.5]
      [Termination (ms): Min: 0.0, Avg: 0.1, Max: 0.2, Diff: 0.2, Sum: 0.4]
         [Termination Attempts: Min: 1, Avg: 2.8, Max: 4, Diff: 3, Sum: 11]
      [GC Worker Other (ms): Min: 0.0, Avg: 0.0, Max: 0.0, Diff: 0.0, Sum: 0.1]
      [GC Worker Total (ms): Min: 17.6, Avg: 17.8, Max: 18.0, Diff: 0.4, Sum: 71.3]
      [GC Worker End (ms): Min: 28808299.5, Avg: 28808299.6, Max: 28808299.6, Diff: 0.0]
   [Code Root Fixup: 0.0 ms]
   [Code Root Purge: 0.0 ms]
   [Clear CT: 0.1 ms]
   [Other: 0.6 ms]
      [Choose CSet: 0.0 ms]
      [Ref Proc: 0.1 ms]
      [Ref Enq: 0.0 ms]
      [Redirty Cards: 0.0 ms]
      [Humongous Register: 0.1 ms]
      [Humongous Reclaim: 0.0 ms]
      [Free CSet: 0.1 ms]
   [Eden: 46.0M(46.0M)->0.0B(45.0M) Survivors: 5120.0K->6144.0K Heap: 327.3M(1024.0M)->282.8M(1024.0M)]
 [Times: user=0.06 sys=0.00, real=0.02 secs] 
2019-11-03T16:10:56.818+0800: 28821.955: [GC pause (G1 Evacuation Pause) (young), 0.0176993 secs]
   [Parallel Time: 16.8 ms, GC Workers: 4]
      [GC Worker Start (ms): Min: 28821955.1, Avg: 28821955.3, Max: 28821955.6, Diff: 0.5]
      [Ext Root Scanning (ms): Min: 0.4, Avg: 0.7, Max: 0.8, Diff: 0.5, Sum: 2.8]
      [Update RS (ms): Min: 1.6, Avg: 1.8, Max: 2.0, Diff: 0.4, Sum: 7.1]
         [Processed Buffers: Min: 6, Avg: 8.8, Max: 11, Diff: 5, Sum: 35]
      [Scan RS (ms): Min: 4.0, Avg: 4.2, Max: 4.4, Diff: 0.4, Sum: 16.8]
      [Code Root Scanning (ms): Min: 0.0, Avg: 0.0, Max: 0.0, Diff: 0.0, Sum: 0.0]
      [Object Copy (ms): Min: 9.9, Avg: 9.9, Max: 9.9, Diff: 0.0, Sum: 39.5]
      [Termination (ms): Min: 0.0, Avg: 0.0, Max: 0.0, Diff: 0.0, Sum: 0.0]
         [Termination Attempts: Min: 1, Avg: 1.5, Max: 2, Diff: 1, Sum: 6]
      [GC Worker Other (ms): Min: 0.0, Avg: 0.0, Max: 0.0, Diff: 0.0, Sum: 0.1]
      [GC Worker Total (ms): Min: 16.2, Avg: 16.6, Max: 16.8, Diff: 0.5, Sum: 66.4]
      [GC Worker End (ms): Min: 28821971.8, Avg: 28821971.9, Max: 28821971.9, Diff: 0.0]
   [Code Root Fixup: 0.0 ms]
   [Code Root Purge: 0.0 ms]
   [Clear CT: 0.1 ms]
   [Other: 0.7 ms]
      [Choose CSet: 0.0 ms]
      [Ref Proc: 0.2 ms]
      [Ref Enq: 0.0 ms]
      [Redirty Cards: 0.1 ms]
      [Humongous Register: 0.1 ms]
      [Humongous Reclaim: 0.0 ms]
      [Free CSet: 0.1 ms]
   [Eden: 45.0M(45.0M)->0.0B(50.0M) Survivors: 6144.0K->5120.0K Heap: 327.8M(1024.0M)->282.4M(1024.0M)]
 [Times: user=0.06 sys=0.00, real=0.02 secs] 
2019-11-03T16:11:08.371+0800: 28833.507: [GC pause (G1 Evacuation Pause) (young), 0.0195016 secs]
   [Parallel Time: 18.5 ms, GC Workers: 4]
      [GC Worker Start (ms): Min: 28833507.0, Avg: 28833507.3, Max: 28833507.5, Diff: 0.5]
      [Ext Root Scanning (ms): Min: 0.6, Avg: 0.8, Max: 1.1, Diff: 0.5, Sum: 3.3]
      [Update RS (ms): Min: 2.1, Avg: 2.6, Max: 3.4, Diff: 1.3, Sum: 10.6]
         [Processed Buffers: Min: 1, Avg: 8.0, Max: 12, Diff: 11, Sum: 32]
      [Scan RS (ms): Min: 4.8, Avg: 5.7, Max: 6.1, Diff: 1.3, Sum: 22.6]
      [Code Root Scanning (ms): Min: 0.0, Avg: 0.0, Max: 0.0, Diff: 0.0, Sum: 0.0]
      [Object Copy (ms): Min: 8.8, Avg: 9.0, Max: 9.1, Diff: 0.3, Sum: 36.0]
      [Termination (ms): Min: 0.0, Avg: 0.0, Max: 0.0, Diff: 0.0, Sum: 0.0]
         [Termination Attempts: Min: 1, Avg: 1.2, Max: 2, Diff: 1, Sum: 5]
      [GC Worker Other (ms): Min: 0.0, Avg: 0.0, Max: 0.0, Diff: 0.0, Sum: 0.1]
      [GC Worker Total (ms): Min: 17.9, Avg: 18.2, Max: 18.4, Diff: 0.5, Sum: 72.6]
      [GC Worker End (ms): Min: 28833525.5, Avg: 28833525.5, Max: 28833525.5, Diff: 0.0]
   [Code Root Fixup: 0.0 ms]
   [Code Root Purge: 0.0 ms]
   [Clear CT: 0.1 ms]
   [Other: 0.9 ms]
      [Choose CSet: 0.0 ms]
      [Ref Proc: 0.3 ms]
      [Ref Enq: 0.0 ms]
      [Redirty Cards: 0.1 ms]
      [Humongous Register: 0.1 ms]
      [Humongous Reclaim: 0.0 ms]
      [Free CSet: 0.1 ms]
   [Eden: 47.0M(46.0M)->0.0B(60.0M) Survivors: 5120.0K->5120.0K Heap: 329.4M(1024.0M)->282.4M(1024.0M)]
 [Times: user=0.06 sys=0.00, real=0.02 secs] 
2019-11-03T16:11:19.357+0800: 28844.492: [GC pause (G1 Evacuation Pause) (young), 0.0207973 secs]
   [Parallel Time: 20.0 ms, GC Workers: 4]
      [GC Worker Start (ms): Min: 28844492.4, Avg: 28844492.5, Max: 28844492.5, Diff: 0.1]
      [Ext Root Scanning (ms): Min: 0.7, Avg: 0.8, Max: 0.9, Diff: 0.1, Sum: 3.2]
      [Update RS (ms): Min: 1.2, Avg: 2.4, Max: 2.9, Diff: 1.8, Sum: 9.7]
         [Processed Buffers: Min: 2, Avg: 8.5, Max: 19, Diff: 17, Sum: 34]
      [Scan RS (ms): Min: 6.3, Avg: 6.5, Max: 6.8, Diff: 0.5, Sum: 26.1]
      [Code Root Scanning (ms): Min: 0.0, Avg: 0.0, Max: 0.0, Diff: 0.0, Sum: 0.0]
      [Object Copy (ms): Min: 9.5, Avg: 10.0, Max: 11.5, Diff: 2.0, Sum: 40.1]
      [Termination (ms): Min: 0.0, Avg: 0.0, Max: 0.0, Diff: 0.0, Sum: 0.0]
         [Termination Attempts: Min: 1, Avg: 1.0, Max: 1, Diff: 0, Sum: 4]
      [GC Worker Other (ms): Min: 0.0, Avg: 0.0, Max: 0.0, Diff: 0.0, Sum: 0.1]
      [GC Worker Total (ms): Min: 19.8, Avg: 19.8, Max: 19.9, Diff: 0.1, Sum: 79.3]
      [GC Worker End (ms): Min: 28844512.3, Avg: 28844512.3, Max: 28844512.3, Diff: 0.0]
   [Code Root Fixup: 0.0 ms]
   [Code Root Purge: 0.0 ms]
   [Clear CT: 0.1 ms]
   [Other: 0.7 ms]
      [Choose CSet: 0.0 ms]
      [Ref Proc: 0.3 ms]
      [Ref Enq: 0.0 ms]
      [Redirty Cards: 0.0 ms]
      [Humongous Register: 0.0 ms]
      [Humongous Reclaim: 0.0 ms]
      [Free CSet: 0.1 ms]
   [Eden: 46.0M(46.0M)->0.0B(45.0M) Survivors: 5120.0K->6144.0K Heap: 328.4M(1024.0M)->283.4M(1024.0M)]
 [Times: user=0.07 sys=0.00, real=0.02 secs] 
2019-11-03T16:11:30.244+0800: 28855.379: [GC pause (G1 Evacuation Pause) (young), 0.0188964 secs]
   [Parallel Time: 18.2 ms, GC Workers: 4]
      [GC Worker Start (ms): Min: 28855378.9, Avg: 28855379.0, Max: 28855379.1, Diff: 0.2]
      [Ext Root Scanning (ms): Min: 0.7, Avg: 0.9, Max: 1.0, Diff: 0.3, Sum: 3.5]
      [Update RS (ms): Min: 2.4, Avg: 2.6, Max: 2.9, Diff: 0.5, Sum: 10.4]
         [Processed Buffers: Min: 5, Avg: 6.5, Max: 9, Diff: 4, Sum: 26]
      [Scan RS (ms): Min: 4.7, Avg: 4.9, Max: 5.1, Diff: 0.4, Sum: 19.7]
      [Code Root Scanning (ms): Min: 0.0, Avg: 0.0, Max: 0.0, Diff: 0.0, Sum: 0.0]
      [Object Copy (ms): Min: 9.5, Avg: 9.5, Max: 9.6, Diff: 0.1, Sum: 38.0]
      [Termination (ms): Min: 0.0, Avg: 0.0, Max: 0.0, Diff: 0.0, Sum: 0.0]
         [Termination Attempts: Min: 1, Avg: 1.2, Max: 2, Diff: 1, Sum: 5]
      [GC Worker Other (ms): Min: 0.0, Avg: 0.0, Max: 0.1, Diff: 0.1, Sum: 0.2]
      [GC Worker Total (ms): Min: 17.8, Avg: 18.0, Max: 18.1, Diff: 0.2, Sum: 72.0]
      [GC Worker End (ms): Min: 28855396.9, Avg: 28855397.0, Max: 28855397.0, Diff: 0.0]
   [Code Root Fixup: 0.0 ms]
   [Code Root Purge: 0.0 ms]
   [Clear CT: 0.1 ms]
   [Other: 0.6 ms]
      [Choose CSet: 0.0 ms]
      [Ref Proc: 0.2 ms]
      [Ref Enq: 0.0 ms]
      [Redirty Cards: 0.1 ms]
      [Humongous Register: 0.1 ms]
      [Humongous Reclaim: 0.0 ms]
      [Free CSet: 0.1 ms]
   [Eden: 45.0M(45.0M)->0.0B(60.0M) Survivors: 6144.0K->5120.0K Heap: 328.4M(1024.0M)->283.5M(1024.0M)]
 [Times: user=0.07 sys=0.00, real=0.02 secs] 
2019-11-03T16:11:41.307+0800: 28866.442: [GC pause (G1 Evacuation Pause) (young), 0.0168023 secs]
   [Parallel Time: 16.1 ms, GC Workers: 4]
      [GC Worker Start (ms): Min: 28866442.3, Avg: 28866442.4, Max: 28866442.5, Diff: 0.1]
      [Ext Root Scanning (ms): Min: 0.7, Avg: 0.8, Max: 0.9, Diff: 0.2, Sum: 3.2]
      [Update RS (ms): Min: 1.6, Avg: 2.0, Max: 2.7, Diff: 1.1, Sum: 8.0]
         [Processed Buffers: Min: 4, Avg: 9.0, Max: 19, Diff: 15, Sum: 36]
      [Scan RS (ms): Min: 5.4, Avg: 6.1, Max: 6.5, Diff: 1.1, Sum: 24.5]
      [Code Root Scanning (ms): Min: 0.0, Avg: 0.0, Max: 0.0, Diff: 0.0, Sum: 0.0]
      [Object Copy (ms): Min: 6.9, Avg: 6.9, Max: 7.0, Diff: 0.1, Sum: 27.8]
      [Termination (ms): Min: 0.0, Avg: 0.0, Max: 0.0, Diff: 0.0, Sum: 0.0]
         [Termination Attempts: Min: 1, Avg: 1.0, Max: 1, Diff: 0, Sum: 4]
      [GC Worker Other (ms): Min: 0.0, Avg: 0.1, Max: 0.1, Diff: 0.0, Sum: 0.2]
      [GC Worker Total (ms): Min: 15.8, Avg: 15.9, Max: 16.0, Diff: 0.2, Sum: 63.6]
      [GC Worker End (ms): Min: 28866458.3, Avg: 28866458.3, Max: 28866458.3, Diff: 0.0]
   [Code Root Fixup: 0.0 ms]
   [Code Root Purge: 0.0 ms]
   [Clear CT: 0.1 ms]
   [Other: 0.6 ms]
      [Choose CSet: 0.0 ms]
      [Ref Proc: 0.1 ms]
      [Ref Enq: 0.0 ms]
      [Redirty Cards: 0.1 ms]
      [Humongous Register: 0.1 ms]
      [Humongous Reclaim: 0.0 ms]
      [Free CSet: 0.1 ms]
   [Eden: 46.0M(46.0M)->0.0B(85.0M) Survivors: 5120.0K->5120.0K Heap: 329.5M(1024.0M)->283.5M(1024.0M)]
 [Times: user=0.06 sys=0.00, real=0.02 secs] 
2019-11-03T16:12:01.744+0800: 28886.878: [GC pause (G1 Evacuation Pause) (young), 0.0228889 secs]
   [Parallel Time: 22.2 ms, GC Workers: 4]
      [GC Worker Start (ms): Min: 28886878.4, Avg: 28886878.6, Max: 28886878.9, Diff: 0.5]
      [Ext Root Scanning (ms): Min: 0.5, Avg: 0.8, Max: 1.0, Diff: 0.5, Sum: 3.3]
      [Update RS (ms): Min: 2.6, Avg: 3.0, Max: 3.5, Diff: 0.9, Sum: 12.1]
         [Processed Buffers: Min: 3, Avg: 7.0, Max: 12, Diff: 9, Sum: 28]
      [Scan RS (ms): Min: 5.0, Avg: 5.5, Max: 5.8, Diff: 0.8, Sum: 22.0]
      [Code Root Scanning (ms): Min: 0.0, Avg: 0.0, Max: 0.0, Diff: 0.0, Sum: 0.0]
      [Object Copy (ms): Min: 12.3, Avg: 12.5, Max: 12.7, Diff: 0.4, Sum: 50.0]
      [Termination (ms): Min: 0.0, Avg: 0.1, Max: 0.1, Diff: 0.1, Sum: 0.3]
         [Termination Attempts: Min: 1, Avg: 1.0, Max: 1, Diff: 0, Sum: 4]
      [GC Worker Other (ms): Min: 0.0, Avg: 0.0, Max: 0.0, Diff: 0.0, Sum: 0.1]
      [GC Worker Total (ms): Min: 21.6, Avg: 22.0, Max: 22.1, Diff: 0.5, Sum: 87.8]
      [GC Worker End (ms): Min: 28886900.5, Avg: 28886900.5, Max: 28886900.5, Diff: 0.0]
   [Code Root Fixup: 0.0 ms]
   [Code Root Purge: 0.0 ms]
   [Clear CT: 0.1 ms]
   [Other: 0.6 ms]
      [Choose CSet: 0.0 ms]
      [Ref Proc: 0.1 ms]
      [Ref Enq: 0.0 ms]
      [Redirty Cards: 0.1 ms]
      [Humongous Register: 0.0 ms]
      [Humongous Reclaim: 0.0 ms]
      [Free CSet: 0.2 ms]
   [Eden: 85.0M(85.0M)->0.0B(46.0M) Survivors: 5120.0K->5120.0K Heap: 368.5M(1024.0M)->283.5M(1024.0M)]
 [Times: user=0.07 sys=0.02, real=0.02 secs] 
2019-11-03T16:12:12.818+0800: 28897.951: [GC pause (G1 Evacuation Pause) (young), 0.0205044 secs]
   [Parallel Time: 19.6 ms, GC Workers: 4]
      [GC Worker Start (ms): Min: 28897951.4, Avg: 28897951.9, Max: 28897953.0, Diff: 1.5]
      [Ext Root Scanning (ms): Min: 0.0, Avg: 0.8, Max: 1.2, Diff: 1.2, Sum: 3.3]
      [Update RS (ms): Min: 1.5, Avg: 2.1, Max: 2.5, Diff: 1.0, Sum: 8.3]
         [Processed Buffers: Min: 3, Avg: 6.5, Max: 12, Diff: 9, Sum: 26]
      [Scan RS (ms): Min: 5.3, Avg: 5.7, Max: 6.0, Diff: 0.7, Sum: 22.8]
      [Code Root Scanning (ms): Min: 0.0, Avg: 0.0, Max: 0.0, Diff: 0.0, Sum: 0.0]
      [Object Copy (ms): Min: 10.3, Avg: 10.5, Max: 10.5, Diff: 0.2, Sum: 41.8]
      [Termination (ms): Min: 0.0, Avg: 0.0, Max: 0.0, Diff: 0.0, Sum: 0.0]
         [Termination Attempts: Min: 1, Avg: 1.0, Max: 1, Diff: 0, Sum: 4]
      [GC Worker Other (ms): Min: 0.0, Avg: 0.0, Max: 0.1, Diff: 0.0, Sum: 0.2]
      [GC Worker Total (ms): Min: 18.0, Avg: 19.1, Max: 19.5, Diff: 1.5, Sum: 76.4]
      [GC Worker End (ms): Min: 28897971.0, Avg: 28897971.0, Max: 28897971.0, Diff: 0.0]
   [Code Root Fixup: 0.0 ms]
   [Code Root Purge: 0.0 ms]
   [Clear CT: 0.1 ms]
   [Other: 0.7 ms]
      [Choose CSet: 0.0 ms]
      [Ref Proc: 0.1 ms]
      [Ref Enq: 0.0 ms]
      [Redirty Cards: 0.2 ms]
      [Humongous Register: 0.1 ms]
      [Humongous Reclaim: 0.0 ms]
      [Free CSet: 0.1 ms]
   [Eden: 46.0M(46.0M)->0.0B(45.0M) Survivors: 5120.0K->6144.0K Heap: 329.5M(1024.0M)->285.4M(1024.0M)]
 [Times: user=0.08 sys=0.01, real=0.02 secs] 
2019-11-03T16:12:23.711+0800: 28908.844: [GC pause (G1 Evacuation Pause) (young), 0.0197229 secs]
   [Parallel Time: 19.0 ms, GC Workers: 4]
      [GC Worker Start (ms): Min: 28908844.6, Avg: 28908845.0, Max: 28908845.6, Diff: 0.9]
      [Ext Root Scanning (ms): Min: 0.5, Avg: 1.1, Max: 1.5, Diff: 1.0, Sum: 4.2]
      [Update RS (ms): Min: 1.8, Avg: 2.1, Max: 2.5, Diff: 0.7, Sum: 8.4]
         [Processed Buffers: Min: 4, Avg: 8.5, Max: 11, Diff: 7, Sum: 34]
      [Scan RS (ms): Min: 5.2, Avg: 5.6, Max: 5.9, Diff: 0.7, Sum: 22.3]
      [Code Root Scanning (ms): Min: 0.0, Avg: 0.0, Max: 0.0, Diff: 0.0, Sum: 0.0]
      [Object Copy (ms): Min: 9.7, Avg: 9.8, Max: 9.8, Diff: 0.1, Sum: 39.0]
      [Termination (ms): Min: 0.0, Avg: 0.0, Max: 0.0, Diff: 0.0, Sum: 0.0]
         [Termination Attempts: Min: 1, Avg: 1.0, Max: 1, Diff: 0, Sum: 4]
      [GC Worker Other (ms): Min: 0.0, Avg: 0.0, Max: 0.0, Diff: 0.0, Sum: 0.2]
      [GC Worker Total (ms): Min: 18.0, Avg: 18.5, Max: 18.9, Diff: 0.9, Sum: 74.1]
      [GC Worker End (ms): Min: 28908863.5, Avg: 28908863.5, Max: 28908863.5, Diff: 0.0]
   [Code Root Fixup: 0.0 ms]
   [Code Root Purge: 0.0 ms]
   [Clear CT: 0.1 ms]
   [Other: 0.7 ms]
      [Choose CSet: 0.0 ms]
      [Ref Proc: 0.2 ms]
      [Ref Enq: 0.0 ms]
      [Redirty Cards: 0.1 ms]
      [Humongous Register: 0.0 ms]
      [Humongous Reclaim: 0.0 ms]
      [Free CSet: 0.1 ms]
   [Eden: 45.0M(45.0M)->0.0B(46.0M) Survivors: 6144.0K->5120.0K Heap: 330.4M(1024.0M)->285.1M(1024.0M)]
 [Times: user=0.08 sys=0.00, real=0.02 secs] 
2019-11-03T16:12:34.847+0800: 28919.979: [GC pause (G1 Evacuation Pause) (young), 0.0180224 secs]
   [Parallel Time: 17.2 ms, GC Workers: 4]
      [GC Worker Start (ms): Min: 28919979.7, Avg: 28919979.7, Max: 28919979.7, Diff: 0.1]
      [Ext Root Scanning (ms): Min: 0.8, Avg: 0.8, Max: 0.9, Diff: 0.1, Sum: 3.3]
      [Update RS (ms): Min: 2.5, Avg: 2.6, Max: 2.9, Diff: 0.4, Sum: 10.6]
         [Processed Buffers: Min: 5, Avg: 8.0, Max: 12, Diff: 7, Sum: 32]
      [Scan RS (ms): Min: 5.8, Avg: 6.1, Max: 6.2, Diff: 0.4, Sum: 24.2]
      [Code Root Scanning (ms): Min: 0.0, Avg: 0.0, Max: 0.0, Diff: 0.0, Sum: 0.0]
      [Object Copy (ms): Min: 7.4, Avg: 7.4, Max: 7.5, Diff: 0.1, Sum: 29.7]
      [Termination (ms): Min: 0.0, Avg: 0.0, Max: 0.0, Diff: 0.0, Sum: 0.0]
         [Termination Attempts: Min: 1, Avg: 1.0, Max: 1, Diff: 0, Sum: 4]
      [GC Worker Other (ms): Min: 0.0, Avg: 0.1, Max: 0.1, Diff: 0.0, Sum: 0.2]
      [GC Worker Total (ms): Min: 17.0, Avg: 17.0, Max: 17.1, Diff: 0.1, Sum: 68.0]
      [GC Worker End (ms): Min: 28919996.7, Avg: 28919996.7, Max: 28919996.7, Diff: 0.0]
   [Code Root Fixup: 0.0 ms]
   [Code Root Purge: 0.0 ms]
   [Clear CT: 0.2 ms]
   [Other: 0.7 ms]
      [Choose CSet: 0.0 ms]
      [Ref Proc: 0.2 ms]
      [Ref Enq: 0.0 ms]
      [Redirty Cards: 0.1 ms]
      [Humongous Register: 0.0 ms]
      [Humongous Reclaim: 0.0 ms]
      [Free CSet: 0.1 ms]
   [Eden: 46.0M(46.0M)->0.0B(60.0M) Survivors: 5120.0K->5120.0K Heap: 331.1M(1024.0M)->285.1M(1024.0M)]
 [Times: user=0.07 sys=0.00, real=0.02 secs] 
2019-11-03T16:14:16.420+0800: 29021.549: [GC pause (G1 Evacuation Pause) (young), 0.0173528 secs]
   [Parallel Time: 16.6 ms, GC Workers: 4]
      [GC Worker Start (ms): Min: 29021548.9, Avg: 29021549.0, Max: 29021549.2, Diff: 0.3]
      [Ext Root Scanning (ms): Min: 0.4, Avg: 1.0, Max: 2.4, Diff: 2.0, Sum: 4.1]
      [Update RS (ms): Min: 0.0, Avg: 1.2, Max: 1.9, Diff: 1.9, Sum: 4.7]
         [Processed Buffers: Min: 0, Avg: 10.2, Max: 17, Diff: 17, Sum: 41]
      [Scan RS (ms): Min: 4.0, Avg: 4.3, Max: 4.6, Diff: 0.6, Sum: 17.0]
      [Code Root Scanning (ms): Min: 0.0, Avg: 0.0, Max: 0.0, Diff: 0.0, Sum: 0.0]
      [Object Copy (ms): Min: 9.9, Avg: 10.0, Max: 10.0, Diff: 0.1, Sum: 39.8]
      [Termination (ms): Min: 0.0, Avg: 0.0, Max: 0.0, Diff: 0.0, Sum: 0.0]
         [Termination Attempts: Min: 1, Avg: 1.2, Max: 2, Diff: 1, Sum: 5]
      [GC Worker Other (ms): Min: 0.0, Avg: 0.0, Max: 0.0, Diff: 0.0, Sum: 0.1]
      [GC Worker Total (ms): Min: 16.2, Avg: 16.4, Max: 16.5, Diff: 0.3, Sum: 65.8]
      [GC Worker End (ms): Min: 29021565.5, Avg: 29021565.5, Max: 29021565.5, Diff: 0.0]
   [Code Root Fixup: 0.0 ms]
   [Code Root Purge: 0.0 ms]
   [Clear CT: 0.1 ms]
   [Other: 0.7 ms]
      [Choose CSet: 0.0 ms]
      [Ref Proc: 0.1 ms]
      [Ref Enq: 0.0 ms]
      [Redirty Cards: 0.1 ms]
      [Humongous Register: 0.1 ms]
      [Humongous Reclaim: 0.0 ms]
      [Free CSet: 0.1 ms]
   [Eden: 46.0M(46.0M)->0.0B(86.0M) Survivors: 5120.0K->6144.0K Heap: 331.1M(1024.0M)->286.1M(1024.0M)]
 [Times: user=0.06 sys=0.00, real=0.01 secs] 
2019-11-03T16:14:34.869+0800: 29039.997: [GC pause (G1 Evacuation Pause) (young), 0.0242455 secs]
   [Parallel Time: 23.4 ms, GC Workers: 4]
      [GC Worker Start (ms): Min: 29039997.7, Avg: 29039998.2, Max: 29039998.8, Diff: 1.1]
      [Ext Root Scanning (ms): Min: 0.6, Avg: 1.2, Max: 1.7, Diff: 1.1, Sum: 4.6]
      [Update RS (ms): Min: 1.6, Avg: 2.1, Max: 2.5, Diff: 0.9, Sum: 8.3]
         [Processed Buffers: Min: 1, Avg: 9.0, Max: 15, Diff: 14, Sum: 36]
      [Scan RS (ms): Min: 5.5, Avg: 5.9, Max: 6.3, Diff: 0.8, Sum: 23.6]
      [Code Root Scanning (ms): Min: 0.0, Avg: 0.0, Max: 0.0, Diff: 0.0, Sum: 0.0]
      [Object Copy (ms): Min: 13.5, Avg: 13.6, Max: 13.7, Diff: 0.3, Sum: 54.3]
      [Termination (ms): Min: 0.0, Avg: 0.1, Max: 0.1, Diff: 0.1, Sum: 0.2]
         [Termination Attempts: Min: 1, Avg: 1.0, Max: 1, Diff: 0, Sum: 4]
      [GC Worker Other (ms): Min: 0.0, Avg: 0.0, Max: 0.0, Diff: 0.0, Sum: 0.1]
      [GC Worker Total (ms): Min: 22.2, Avg: 22.8, Max: 23.3, Diff: 1.1, Sum: 91.1]
      [GC Worker End (ms): Min: 29040021.0, Avg: 29040021.0, Max: 29040021.0, Diff: 0.0]
   [Code Root Fixup: 0.0 ms]
   [Code Root Purge: 0.0 ms]
   [Clear CT: 0.1 ms]
   [Other: 0.7 ms]
      [Choose CSet: 0.0 ms]
      [Ref Proc: 0.1 ms]
      [Ref Enq: 0.0 ms]
      [Redirty Cards: 0.1 ms]
      [Humongous Register: 0.1 ms]
      [Humongous Reclaim: 0.0 ms]
      [Free CSet: 0.1 ms]
   [Eden: 76.0M(45.0M)->0.0B(45.0M) Survivors: 6144.0K->6144.0K Heap: 362.1M(1024.0M)->287.6M(1024.0M)]
 [Times: user=0.08 sys=0.00, real=0.03 secs] 
2019-11-03T16:14:45.728+0800: 29050.856: [GC pause (G1 Evacuation Pause) (young), 0.0227701 secs]
   [Parallel Time: 22.1 ms, GC Workers: 4]
      [GC Worker Start (ms): Min: 29050856.0, Avg: 29050856.5, Max: 29050857.2, Diff: 1.1]
      [Ext Root Scanning (ms): Min: 0.2, Avg: 0.9, Max: 1.3, Diff: 1.1, Sum: 3.4]
      [Update RS (ms): Min: 1.9, Avg: 2.1, Max: 2.3, Diff: 0.4, Sum: 8.6]
         [Processed Buffers: Min: 5, Avg: 7.8, Max: 10, Diff: 5, Sum: 31]
      [Scan RS (ms): Min: 7.3, Avg: 7.4, Max: 7.7, Diff: 0.4, Sum: 29.8]
      [Code Root Scanning (ms): Min: 0.0, Avg: 0.0, Max: 0.0, Diff: 0.0, Sum: 0.0]
      [Object Copy (ms): Min: 11.0, Avg: 11.1, Max: 11.2, Diff: 0.2, Sum: 44.3]
      [Termination (ms): Min: 0.0, Avg: 0.0, Max: 0.0, Diff: 0.0, Sum: 0.0]
         [Termination Attempts: Min: 1, Avg: 1.0, Max: 1, Diff: 0, Sum: 4]
      [GC Worker Other (ms): Min: 0.0, Avg: 0.0, Max: 0.0, Diff: 0.0, Sum: 0.1]
      [GC Worker Total (ms): Min: 20.9, Avg: 21.6, Max: 22.1, Diff: 1.2, Sum: 86.2]
      [GC Worker End (ms): Min: 29050878.1, Avg: 29050878.1, Max: 29050878.1, Diff: 0.0]
   [Code Root Fixup: 0.0 ms]
   [Code Root Purge: 0.0 ms]
   [Clear CT: 0.1 ms]
   [Other: 0.6 ms]
      [Choose CSet: 0.0 ms]
      [Ref Proc: 0.2 ms]
      [Ref Enq: 0.0 ms]
      [Redirty Cards: 0.1 ms]
      [Humongous Register: 0.0 ms]
      [Humongous Reclaim: 0.0 ms]
      [Free CSet: 0.1 ms]
   [Eden: 45.0M(45.0M)->0.0B(46.0M) Survivors: 6144.0K->5120.0K Heap: 332.6M(1024.0M)->287.9M(1024.0M)]
 [Times: user=0.08 sys=0.00, real=0.03 secs] 
2019-11-03T16:14:56.776+0800: 29061.903: [GC pause (G1 Evacuation Pause) (young), 0.0217735 secs]
   [Parallel Time: 21.1 ms, GC Workers: 4]
      [GC Worker Start (ms): Min: 29061903.4, Avg: 29061903.6, Max: 29061904.1, Diff: 0.7]
      [Ext Root Scanning (ms): Min: 0.0, Avg: 0.5, Max: 0.6, Diff: 0.6, Sum: 1.8]
      [Update RS (ms): Min: 0.0, Avg: 1.4, Max: 1.9, Diff: 1.9, Sum: 5.5]
         [Processed Buffers: Min: 0, Avg: 7.0, Max: 12, Diff: 12, Sum: 28]
      [Scan RS (ms): Min: 0.9, Avg: 7.8, Max: 16.8, Diff: 15.9, Sum: 31.1]
      [Code Root Scanning (ms): Min: 0.0, Avg: 0.0, Max: 0.0, Diff: 0.0, Sum: 0.0]
      [Object Copy (ms): Min: 1.6, Avg: 11.1, Max: 19.3, Diff: 17.7, Sum: 44.6]
      [Termination (ms): Min: 0.0, Avg: 0.1, Max: 0.2, Diff: 0.2, Sum: 0.5]
         [Termination Attempts: Min: 1, Avg: 1.2, Max: 2, Diff: 1, Sum: 5]
      [GC Worker Other (ms): Min: 0.0, Avg: 0.0, Max: 0.0, Diff: 0.0, Sum: 0.1]
      [GC Worker Total (ms): Min: 20.4, Avg: 20.9, Max: 21.1, Diff: 0.7, Sum: 83.6]
      [GC Worker End (ms): Min: 29061924.5, Avg: 29061924.5, Max: 29061924.5, Diff: 0.0]
   [Code Root Fixup: 0.0 ms]
   [Code Root Purge: 0.0 ms]
   [Clear CT: 0.1 ms]
   [Other: 0.6 ms]
      [Choose CSet: 0.0 ms]
      [Ref Proc: 0.2 ms]
      [Ref Enq: 0.0 ms]
      [Redirty Cards: 0.1 ms]
      [Humongous Register: 0.1 ms]
      [Humongous Reclaim: 0.0 ms]
      [Free CSet: 0.1 ms]
   [Eden: 46.0M(46.0M)->0.0B(45.0M) Survivors: 5120.0K->6144.0K Heap: 333.9M(1024.0M)->288.9M(1024.0M)]
 [Times: user=0.06 sys=0.00, real=0.02 secs] 
2019-11-03T16:15:07.572+0800: 29072.699: [GC pause (G1 Evacuation Pause) (young), 0.0178434 secs]
   [Parallel Time: 16.8 ms, GC Workers: 4]
      [GC Worker Start (ms): Min: 29072699.0, Avg: 29072699.5, Max: 29072699.8, Diff: 0.7]
      [Ext Root Scanning (ms): Min: 0.4, Avg: 0.6, Max: 1.0, Diff: 0.7, Sum: 2.3]
      [Update RS (ms): Min: 1.2, Avg: 1.3, Max: 1.4, Diff: 0.2, Sum: 5.2]
         [Processed Buffers: Min: 1, Avg: 9.2, Max: 21, Diff: 20, Sum: 37]
      [Scan RS (ms): Min: 3.8, Avg: 3.9, Max: 4.0, Diff: 0.2, Sum: 15.6]
      [Code Root Scanning (ms): Min: 0.0, Avg: 0.0, Max: 0.0, Diff: 0.0, Sum: 0.0]
      [Object Copy (ms): Min: 10.3, Avg: 10.3, Max: 10.3, Diff: 0.1, Sum: 41.3]
      [Termination (ms): Min: 0.0, Avg: 0.0, Max: 0.0, Diff: 0.0, Sum: 0.0]
         [Termination Attempts: Min: 1, Avg: 2.2, Max: 4, Diff: 3, Sum: 9]
      [GC Worker Other (ms): Min: 0.0, Avg: 0.1, Max: 0.1, Diff: 0.0, Sum: 0.3]
      [GC Worker Total (ms): Min: 15.9, Avg: 16.2, Max: 16.7, Diff: 0.7, Sum: 64.7]
      [GC Worker End (ms): Min: 29072715.7, Avg: 29072715.7, Max: 29072715.7, Diff: 0.0]
   [Code Root Fixup: 0.0 ms]
   [Code Root Purge: 0.0 ms]
   [Clear CT: 0.1 ms]
   [Other: 1.0 ms]
      [Choose CSet: 0.0 ms]
      [Ref Proc: 0.3 ms]
      [Ref Enq: 0.0 ms]
      [Redirty Cards: 0.2 ms]
      [Humongous Register: 0.1 ms]
      [Humongous Reclaim: 0.0 ms]
      [Free CSet: 0.1 ms]
   [Eden: 45.0M(45.0M)->0.0B(44.0M) Survivors: 6144.0K->7168.0K Heap: 333.9M(1024.0M)->290.4M(1024.0M)]
 [Times: user=0.06 sys=0.00, real=0.02 secs] 
2019-11-03T16:15:18.271+0800: 29083.398: [GC pause (G1 Evacuation Pause) (young), 0.0214000 secs]
   [Parallel Time: 20.7 ms, GC Workers: 4]
      [GC Worker Start (ms): Min: 29083397.7, Avg: 29083397.7, Max: 29083397.8, Diff: 0.1]
      [Ext Root Scanning (ms): Min: 0.8, Avg: 0.8, Max: 0.8, Diff: 0.1, Sum: 3.2]
      [Update RS (ms): Min: 2.8, Avg: 2.9, Max: 3.1, Diff: 0.3, Sum: 11.6]
         [Processed Buffers: Min: 1, Avg: 8.8, Max: 16, Diff: 15, Sum: 35]
      [Scan RS (ms): Min: 5.8, Avg: 6.0, Max: 6.1, Diff: 0.2, Sum: 23.9]
      [Code Root Scanning (ms): Min: 0.0, Avg: 0.0, Max: 0.0, Diff: 0.0, Sum: 0.0]
      [Object Copy (ms): Min: 10.8, Avg: 10.9, Max: 11.0, Diff: 0.2, Sum: 43.5]
      [Termination (ms): Min: 0.0, Avg: 0.0, Max: 0.0, Diff: 0.0, Sum: 0.0]
         [Termination Attempts: Min: 1, Avg: 1.0, Max: 1, Diff: 0, Sum: 4]
      [GC Worker Other (ms): Min: 0.0, Avg: 0.0, Max: 0.1, Diff: 0.0, Sum: 0.1]
      [GC Worker Total (ms): Min: 20.6, Avg: 20.6, Max: 20.6, Diff: 0.1, Sum: 82.4]
      [GC Worker End (ms): Min: 29083418.3, Avg: 29083418.3, Max: 29083418.3, Diff: 0.0]
   [Code Root Fixup: 0.0 ms]
   [Code Root Purge: 0.0 ms]
   [Clear CT: 0.1 ms]
   [Other: 0.6 ms]
      [Choose CSet: 0.0 ms]
      [Ref Proc: 0.1 ms]
      [Ref Enq: 0.0 ms]
      [Redirty Cards: 0.1 ms]
      [Humongous Register: 0.0 ms]
      [Humongous Reclaim: 0.0 ms]
      [Free CSet: 0.1 ms]
   [Eden: 44.0M(44.0M)->0.0B(47.0M) Survivors: 7168.0K->4096.0K Heap: 334.4M(1024.0M)->290.2M(1024.0M)]
 [Times: user=0.08 sys=0.01, real=0.02 secs] 
2019-11-03T16:15:43.142+0800: 29108.267: [GC pause (G1 Evacuation Pause) (young), 0.0197500 secs]
   [Parallel Time: 18.0 ms, GC Workers: 4]
      [GC Worker Start (ms): Min: 29108267.3, Avg: 29108270.9, Max: 29108280.4, Diff: 13.1]
      [Ext Root Scanning (ms): Min: 0.0, Avg: 0.5, Max: 1.1, Diff: 1.1, Sum: 2.1]
      [Update RS (ms): Min: 0.0, Avg: 1.4, Max: 2.0, Diff: 2.0, Sum: 5.8]
         [Processed Buffers: Min: 0, Avg: 9.5, Max: 20, Diff: 20, Sum: 38]
      [Scan RS (ms): Min: 0.0, Avg: 4.4, Max: 6.0, Diff: 6.0, Sum: 17.7]
      [Code Root Scanning (ms): Min: 0.0, Avg: 0.0, Max: 0.0, Diff: 0.0, Sum: 0.0]
      [Object Copy (ms): Min: 4.7, Avg: 7.9, Max: 9.0, Diff: 4.3, Sum: 31.7]
      [Termination (ms): Min: 0.0, Avg: 0.0, Max: 0.0, Diff: 0.0, Sum: 0.0]
         [Termination Attempts: Min: 1, Avg: 1.0, Max: 1, Diff: 0, Sum: 4]
      [GC Worker Other (ms): Min: 0.0, Avg: 0.0, Max: 0.1, Diff: 0.1, Sum: 0.2]
      [GC Worker Total (ms): Min: 4.8, Avg: 14.4, Max: 18.0, Diff: 13.1, Sum: 57.5]
      [GC Worker End (ms): Min: 29108285.3, Avg: 29108285.3, Max: 29108285.3, Diff: 0.0]
   [Code Root Fixup: 0.0 ms]
   [Code Root Purge: 0.0 ms]
   [Clear CT: 0.8 ms]
   [Other: 1.0 ms]
      [Choose CSet: 0.0 ms]
      [Ref Proc: 0.4 ms]
      [Ref Enq: 0.0 ms]
      [Redirty Cards: 0.1 ms]
      [Humongous Register: 0.0 ms]
      [Humongous Reclaim: 0.0 ms]
      [Free CSet: 0.1 ms]
   [Eden: 47.0M(47.0M)->0.0B(47.0M) Survivors: 4096.0K->4096.0K Heap: 337.2M(1024.0M)->290.2M(1024.0M)]
 [Times: user=0.04 sys=0.01, real=0.02 secs] 
2019-11-03T16:15:54.571+0800: 29119.696: [GC pause (G1 Evacuation Pause) (young), 0.0190454 secs]
   [Parallel Time: 18.3 ms, GC Workers: 4]
      [GC Worker Start (ms): Min: 29119696.2, Avg: 29119696.2, Max: 29119696.2, Diff: 0.1]
      [Ext Root Scanning (ms): Min: 0.8, Avg: 0.9, Max: 0.9, Diff: 0.1, Sum: 3.6]
      [Update RS (ms): Min: 2.8, Avg: 3.0, Max: 3.2, Diff: 0.4, Sum: 12.0]
         [Processed Buffers: Min: 2, Avg: 9.8, Max: 15, Diff: 13, Sum: 39]
      [Scan RS (ms): Min: 4.9, Avg: 5.1, Max: 5.2, Diff: 0.3, Sum: 20.3]
      [Code Root Scanning (ms): Min: 0.0, Avg: 0.0, Max: 0.0, Diff: 0.0, Sum: 0.0]
      [Object Copy (ms): Min: 9.2, Avg: 9.2, Max: 9.3, Diff: 0.1, Sum: 36.9]
      [Termination (ms): Min: 0.0, Avg: 0.0, Max: 0.0, Diff: 0.0, Sum: 0.0]
         [Termination Attempts: Min: 1, Avg: 1.0, Max: 1, Diff: 0, Sum: 4]
      [GC Worker Other (ms): Min: 0.0, Avg: 0.0, Max: 0.1, Diff: 0.0, Sum: 0.2]
      [GC Worker Total (ms): Min: 18.2, Avg: 18.2, Max: 18.3, Diff: 0.1, Sum: 73.0]
      [GC Worker End (ms): Min: 29119714.4, Avg: 29119714.5, Max: 29119714.5, Diff: 0.0]
   [Code Root Fixup: 0.0 ms]
   [Code Root Purge: 0.0 ms]
   [Clear CT: 0.1 ms]
   [Other: 0.6 ms]
      [Choose CSet: 0.0 ms]
      [Ref Proc: 0.1 ms]
      [Ref Enq: 0.0 ms]
      [Redirty Cards: 0.1 ms]
      [Humongous Register: 0.0 ms]
      [Humongous Reclaim: 0.0 ms]
      [Free CSet: 0.1 ms]
   [Eden: 47.0M(47.0M)->0.0B(46.0M) Survivors: 4096.0K->5120.0K Heap: 337.2M(1024.0M)->291.2M(1024.0M)]
 [Times: user=0.07 sys=0.00, real=0.02 secs] 
2019-11-03T16:16:05.629+0800: 29130.753: [GC pause (G1 Evacuation Pause) (young), 0.0197993 secs]
   [Parallel Time: 19.1 ms, GC Workers: 4]
      [GC Worker Start (ms): Min: 29130753.6, Avg: 29130753.9, Max: 29130754.7, Diff: 1.1]
      [Ext Root Scanning (ms): Min: 0.1, Avg: 0.9, Max: 1.1, Diff: 1.1, Sum: 3.4]
      [Update RS (ms): Min: 2.3, Avg: 2.5, Max: 2.6, Diff: 0.4, Sum: 9.9]
         [Processed Buffers: Min: 1, Avg: 8.5, Max: 14, Diff: 13, Sum: 34]
      [Scan RS (ms): Min: 5.9, Avg: 6.0, Max: 6.1, Diff: 0.2, Sum: 23.8]
      [Code Root Scanning (ms): Min: 0.0, Avg: 0.0, Max: 0.0, Diff: 0.0, Sum: 0.0]
      [Object Copy (ms): Min: 9.3, Avg: 9.4, Max: 9.5, Diff: 0.1, Sum: 37.6]
      [Termination (ms): Min: 0.0, Avg: 0.0, Max: 0.0, Diff: 0.0, Sum: 0.0]
         [Termination Attempts: Min: 1, Avg: 1.0, Max: 1, Diff: 0, Sum: 4]
      [GC Worker Other (ms): Min: 0.0, Avg: 0.0, Max: 0.1, Diff: 0.0, Sum: 0.2]
      [GC Worker Total (ms): Min: 17.9, Avg: 18.7, Max: 19.0, Diff: 1.1, Sum: 74.9]
      [GC Worker End (ms): Min: 29130772.6, Avg: 29130772.6, Max: 29130772.7, Diff: 0.0]
   [Code Root Fixup: 0.0 ms]
   [Code Root Purge: 0.0 ms]
   [Clear CT: 0.1 ms]
   [Other: 0.5 ms]
      [Choose CSet: 0.0 ms]
      [Ref Proc: 0.1 ms]
      [Ref Enq: 0.0 ms]
      [Redirty Cards: 0.1 ms]
      [Humongous Register: 0.0 ms]
      [Humongous Reclaim: 0.0 ms]
      [Free CSet: 0.1 ms]
   [Eden: 46.0M(46.0M)->0.0B(46.0M) Survivors: 5120.0K->5120.0K Heap: 337.2M(1024.0M)->291.3M(1024.0M)]
 [Times: user=0.07 sys=0.00, real=0.02 secs] 
2019-11-03T16:16:16.693+0800: 29141.818: [GC pause (G1 Evacuation Pause) (young), 0.0215963 secs]
   [Parallel Time: 20.8 ms, GC Workers: 4]
      [GC Worker Start (ms): Min: 29141817.8, Avg: 29141817.9, Max: 29141818.0, Diff: 0.2]
      [Ext Root Scanning (ms): Min: 0.7, Avg: 0.8, Max: 0.9, Diff: 0.2, Sum: 3.3]
      [Update RS (ms): Min: 4.2, Avg: 4.4, Max: 4.6, Diff: 0.5, Sum: 17.7]
         [Processed Buffers: Min: 0, Avg: 8.8, Max: 16, Diff: 16, Sum: 35]
      [Scan RS (ms): Min: 4.4, Avg: 4.6, Max: 4.8, Diff: 0.4, Sum: 18.4]
      [Code Root Scanning (ms): Min: 0.0, Avg: 0.0, Max: 0.0, Diff: 0.0, Sum: 0.0]
      [Object Copy (ms): Min: 10.8, Avg: 10.8, Max: 10.9, Diff: 0.1, Sum: 43.4]
      [Termination (ms): Min: 0.0, Avg: 0.0, Max: 0.0, Diff: 0.0, Sum: 0.0]
         [Termination Attempts: Min: 1, Avg: 2.5, Max: 4, Diff: 3, Sum: 10]
      [GC Worker Other (ms): Min: 0.0, Avg: 0.0, Max: 0.0, Diff: 0.0, Sum: 0.1]
      [GC Worker Total (ms): Min: 20.6, Avg: 20.7, Max: 20.8, Diff: 0.1, Sum: 82.8]
      [GC Worker End (ms): Min: 29141838.6, Avg: 29141838.6, Max: 29141838.6, Diff: 0.0]
   [Code Root Fixup: 0.0 ms]
   [Code Root Purge: 0.0 ms]
   [Clear CT: 0.1 ms]
   [Other: 0.7 ms]
      [Choose CSet: 0.0 ms]
      [Ref Proc: 0.2 ms]
      [Ref Enq: 0.0 ms]
      [Redirty Cards: 0.1 ms]
      [Humongous Register: 0.0 ms]
      [Humongous Reclaim: 0.0 ms]
      [Free CSet: 0.1 ms]
   [Eden: 46.0M(46.0M)->0.0B(46.0M) Survivors: 5120.0K->5120.0K Heap: 337.3M(1024.0M)->292.3M(1024.0M)]
 [Times: user=0.06 sys=0.00, real=0.02 secs] 
2019-11-03T16:16:27.776+0800: 29152.900: [GC pause (G1 Evacuation Pause) (young), 0.0207470 secs]
   [Parallel Time: 20.1 ms, GC Workers: 4]
      [GC Worker Start (ms): Min: 29152900.0, Avg: 29152900.0, Max: 29152900.0, Diff: 0.1]
      [Ext Root Scanning (ms): Min: 0.8, Avg: 0.8, Max: 0.8, Diff: 0.1, Sum: 3.2]
      [Update RS (ms): Min: 4.2, Avg: 4.9, Max: 6.3, Diff: 2.2, Sum: 19.6]
         [Processed Buffers: Min: 0, Avg: 8.2, Max: 18, Diff: 18, Sum: 33]
      [Scan RS (ms): Min: 4.6, Avg: 6.4, Max: 7.9, Diff: 3.2, Sum: 25.5]
      [Code Root Scanning (ms): Min: 0.0, Avg: 0.0, Max: 0.0, Diff: 0.0, Sum: 0.0]
      [Object Copy (ms): Min: 6.9, Avg: 7.9, Max: 8.3, Diff: 1.4, Sum: 31.6]
      [Termination (ms): Min: 0.0, Avg: 0.0, Max: 0.0, Diff: 0.0, Sum: 0.0]
         [Termination Attempts: Min: 1, Avg: 1.5, Max: 2, Diff: 1, Sum: 6]
      [GC Worker Other (ms): Min: 0.0, Avg: 0.0, Max: 0.0, Diff: 0.0, Sum: 0.1]
      [GC Worker Total (ms): Min: 20.0, Avg: 20.0, Max: 20.0, Diff: 0.1, Sum: 80.0]
      [GC Worker End (ms): Min: 29152920.0, Avg: 29152920.0, Max: 29152920.0, Diff: 0.0]
   [Code Root Fixup: 0.0 ms]
   [Code Root Purge: 0.0 ms]
   [Clear CT: 0.1 ms]
   [Other: 0.6 ms]
      [Choose CSet: 0.0 ms]
      [Ref Proc: 0.1 ms]
      [Ref Enq: 0.0 ms]
      [Redirty Cards: 0.1 ms]
      [Humongous Register: 0.0 ms]
      [Humongous Reclaim: 0.0 ms]
      [Free CSet: 0.1 ms]
   [Eden: 46.0M(46.0M)->0.0B(46.0M) Survivors: 5120.0K->5120.0K Heap: 338.3M(1024.0M)->292.3M(1024.0M)]
 [Times: user=0.06 sys=0.00, real=0.02 secs] 
2019-11-03T16:16:38.809+0800: 29163.933: [GC pause (G1 Evacuation Pause) (young), 0.0199939 secs]
   [Parallel Time: 19.3 ms, GC Workers: 4]
      [GC Worker Start (ms): Min: 29163933.0, Avg: 29163933.0, Max: 29163933.1, Diff: 0.1]
      [Ext Root Scanning (ms): Min: 0.8, Avg: 0.8, Max: 0.9, Diff: 0.1, Sum: 3.3]
      [Update RS (ms): Min: 2.4, Avg: 2.7, Max: 3.1, Diff: 0.7, Sum: 10.7]
         [Processed Buffers: Min: 4, Avg: 8.8, Max: 14, Diff: 10, Sum: 35]
      [Scan RS (ms): Min: 5.7, Avg: 6.1, Max: 6.4, Diff: 0.7, Sum: 24.3]
      [Code Root Scanning (ms): Min: 0.0, Avg: 0.0, Max: 0.0, Diff: 0.0, Sum: 0.0]
      [Object Copy (ms): Min: 9.5, Avg: 9.5, Max: 9.6, Diff: 0.1, Sum: 38.2]
      [Termination (ms): Min: 0.0, Avg: 0.0, Max: 0.0, Diff: 0.0, Sum: 0.0]
         [Termination Attempts: Min: 1, Avg: 3.0, Max: 6, Diff: 5, Sum: 12]
      [GC Worker Other (ms): Min: 0.0, Avg: 0.0, Max: 0.1, Diff: 0.0, Sum: 0.2]
      [GC Worker Total (ms): Min: 19.2, Avg: 19.2, Max: 19.2, Diff: 0.0, Sum: 76.7]
      [GC Worker End (ms): Min: 29163952.2, Avg: 29163952.2, Max: 29163952.2, Diff: 0.0]
   [Code Root Fixup: 0.0 ms]
   [Code Root Purge: 0.0 ms]
   [Clear CT: 0.1 ms]
   [Other: 0.6 ms]
      [Choose CSet: 0.0 ms]
      [Ref Proc: 0.1 ms]
      [Ref Enq: 0.0 ms]
      [Redirty Cards: 0.1 ms]
      [Humongous Register: 0.1 ms]
      [Humongous Reclaim: 0.0 ms]
      [Free CSet: 0.1 ms]
   [Eden: 46.0M(46.0M)->0.0B(44.0M) Survivors: 5120.0K->7168.0K Heap: 338.3M(1024.0M)->294.3M(1024.0M)]
 [Times: user=0.08 sys=0.00, real=0.03 secs] 
2019-11-03T16:16:49.387+0800: 29174.510: [GC pause (G1 Evacuation Pause) (young), 0.0255588 secs]
   [Parallel Time: 24.7 ms, GC Workers: 4]
      [GC Worker Start (ms): Min: 29174509.9, Avg: 29174511.9, Max: 29174517.5, Diff: 7.7]
      [Ext Root Scanning (ms): Min: 0.0, Avg: 1.1, Max: 1.8, Diff: 1.8, Sum: 4.3]
      [Update RS (ms): Min: 0.0, Avg: 1.7, Max: 2.7, Diff: 2.7, Sum: 6.7]
         [Processed Buffers: Min: 0, Avg: 8.2, Max: 12, Diff: 12, Sum: 33]
      [Scan RS (ms): Min: 2.5, Avg: 5.3, Max: 6.4, Diff: 4.0, Sum: 21.2]
      [Code Root Scanning (ms): Min: 0.0, Avg: 0.0, Max: 0.0, Diff: 0.0, Sum: 0.0]
      [Object Copy (ms): Min: 14.4, Avg: 14.5, Max: 14.5, Diff: 0.1, Sum: 58.0]
      [Termination (ms): Min: 0.0, Avg: 0.0, Max: 0.0, Diff: 0.0, Sum: 0.0]
         [Termination Attempts: Min: 1, Avg: 1.0, Max: 1, Diff: 0, Sum: 4]
      [GC Worker Other (ms): Min: 0.0, Avg: 0.0, Max: 0.0, Diff: 0.0, Sum: 0.1]
      [GC Worker Total (ms): Min: 16.9, Avg: 22.6, Max: 24.6, Diff: 7.7, Sum: 90.2]
      [GC Worker End (ms): Min: 29174534.5, Avg: 29174534.5, Max: 29174534.5, Diff: 0.0]
   [Code Root Fixup: 0.0 ms]
   [Code Root Purge: 0.0 ms]
   [Clear CT: 0.1 ms]
   [Other: 0.8 ms]
      [Choose CSet: 0.0 ms]
      [Ref Proc: 0.3 ms]
      [Ref Enq: 0.0 ms]
      [Redirty Cards: 0.1 ms]
      [Humongous Register: 0.0 ms]
      [Humongous Reclaim: 0.0 ms]
      [Free CSet: 0.1 ms]
   [Eden: 44.0M(44.0M)->0.0B(46.0M) Survivors: 7168.0K->5120.0K Heap: 338.3M(1024.0M)->293.7M(1024.0M)]
 [Times: user=0.06 sys=0.01, real=0.03 secs] 
2019-11-03T16:17:00.525+0800: 29185.647: [GC pause (G1 Evacuation Pause) (young), 0.0174129 secs]
   [Parallel Time: 16.6 ms, GC Workers: 4]
      [GC Worker Start (ms): Min: 29185647.5, Avg: 29185648.0, Max: 29185649.5, Diff: 2.0]
      [Ext Root Scanning (ms): Min: 0.0, Avg: 0.8, Max: 1.2, Diff: 1.2, Sum: 3.3]
      [Update RS (ms): Min: 2.1, Avg: 2.6, Max: 3.0, Diff: 0.9, Sum: 10.4]
         [Processed Buffers: Min: 1, Avg: 8.0, Max: 16, Diff: 15, Sum: 32]
      [Scan RS (ms): Min: 5.3, Avg: 5.5, Max: 5.6, Diff: 0.3, Sum: 21.8]
      [Code Root Scanning (ms): Min: 0.0, Avg: 0.0, Max: 0.0, Diff: 0.0, Sum: 0.0]
      [Object Copy (ms): Min: 6.8, Avg: 6.9, Max: 7.0, Diff: 0.2, Sum: 27.6]
      [Termination (ms): Min: 0.0, Avg: 0.1, Max: 0.1, Diff: 0.1, Sum: 0.4]
         [Termination Attempts: Min: 1, Avg: 2.5, Max: 5, Diff: 4, Sum: 10]
      [GC Worker Other (ms): Min: 0.0, Avg: 0.0, Max: 0.0, Diff: 0.0, Sum: 0.1]
      [GC Worker Total (ms): Min: 14.4, Avg: 15.9, Max: 16.5, Diff: 2.1, Sum: 63.6]
      [GC Worker End (ms): Min: 29185663.9, Avg: 29185663.9, Max: 29185664.0, Diff: 0.0]
   [Code Root Fixup: 0.0 ms]
   [Code Root Purge: 0.0 ms]
   [Clear CT: 0.2 ms]
   [Other: 0.7 ms]
      [Choose CSet: 0.0 ms]
      [Ref Proc: 0.1 ms]
      [Ref Enq: 0.0 ms]
      [Redirty Cards: 0.1 ms]
      [Humongous Register: 0.1 ms]
      [Humongous Reclaim: 0.0 ms]
      [Free CSet: 0.1 ms]
   [Eden: 46.0M(46.0M)->0.0B(46.0M) Survivors: 5120.0K->5120.0K Heap: 339.7M(1024.0M)->293.7M(1024.0M)]
 [Times: user=0.07 sys=0.00, real=0.02 secs] 
2019-11-03T16:17:11.644+0800: 29196.766: [GC pause (G1 Evacuation Pause) (young), 0.0223352 secs]
   [Parallel Time: 21.6 ms, GC Workers: 4]
      [GC Worker Start (ms): Min: 29196766.0, Avg: 29196766.8, Max: 29196769.4, Diff: 3.4]
      [Ext Root Scanning (ms): Min: 0.0, Avg: 0.8, Max: 1.1, Diff: 1.1, Sum: 3.2]
      [Update RS (ms): Min: 0.8, Avg: 2.5, Max: 3.2, Diff: 2.4, Sum: 9.9]
         [Processed Buffers: Min: 5, Avg: 8.2, Max: 11, Diff: 6, Sum: 33]
      [Scan RS (ms): Min: 6.2, Avg: 6.5, Max: 7.0, Diff: 0.8, Sum: 25.8]
      [Code Root Scanning (ms): Min: 0.0, Avg: 0.0, Max: 0.0, Diff: 0.0, Sum: 0.0]
      [Object Copy (ms): Min: 10.4, Avg: 10.8, Max: 11.0, Diff: 0.6, Sum: 43.0]
      [Termination (ms): Min: 0.0, Avg: 0.1, Max: 0.2, Diff: 0.2, Sum: 0.4]
         [Termination Attempts: Min: 1, Avg: 1.0, Max: 1, Diff: 0, Sum: 4]
      [GC Worker Other (ms): Min: 0.0, Avg: 0.0, Max: 0.0, Diff: 0.0, Sum: 0.1]
      [GC Worker Total (ms): Min: 18.1, Avg: 20.6, Max: 21.5, Diff: 3.4, Sum: 82.5]
      [GC Worker End (ms): Min: 29196787.4, Avg: 29196787.4, Max: 29196787.5, Diff: 0.0]
   [Code Root Fixup: 0.0 ms]
   [Code Root Purge: 0.0 ms]
   [Clear CT: 0.1 ms]
   [Other: 0.7 ms]
      [Choose CSet: 0.0 ms]
      [Ref Proc: 0.2 ms]
      [Ref Enq: 0.0 ms]
      [Redirty Cards: 0.1 ms]
      [Humongous Register: 0.0 ms]
      [Humongous Reclaim: 0.0 ms]
      [Free CSet: 0.1 ms]
   [Eden: 46.0M(46.0M)->0.0B(45.0M) Survivors: 5120.0K->6144.0K Heap: 339.7M(1024.0M)->295.2M(1024.0M)]
 [Times: user=0.07 sys=0.00, real=0.02 secs] 
2019-11-03T16:17:22.615+0800: 29207.736: [GC pause (G1 Evacuation Pause) (young), 0.0188887 secs]
   [Parallel Time: 18.3 ms, GC Workers: 4]
      [GC Worker Start (ms): Min: 29207736.6, Avg: 29207737.2, Max: 29207738.7, Diff: 2.1]
      [Ext Root Scanning (ms): Min: 0.0, Avg: 0.8, Max: 1.1, Diff: 1.1, Sum: 3.3]
      [Update RS (ms): Min: 1.4, Avg: 2.2, Max: 2.9, Diff: 1.5, Sum: 8.9]
         [Processed Buffers: Min: 4, Avg: 9.0, Max: 17, Diff: 13, Sum: 36]
      [Scan RS (ms): Min: 5.3, Avg: 5.8, Max: 6.3, Diff: 1.0, Sum: 23.1]
      [Code Root Scanning (ms): Min: 0.0, Avg: 0.0, Max: 0.0, Diff: 0.0, Sum: 0.0]
      [Object Copy (ms): Min: 8.4, Avg: 8.8, Max: 9.0, Diff: 0.6, Sum: 35.4]
      [Termination (ms): Min: 0.0, Avg: 0.0, Max: 0.0, Diff: 0.0, Sum: 0.0]
         [Termination Attempts: Min: 1, Avg: 1.5, Max: 2, Diff: 1, Sum: 6]
      [GC Worker Other (ms): Min: 0.0, Avg: 0.0, Max: 0.0, Diff: 0.0, Sum: 0.1]
      [GC Worker Total (ms): Min: 16.2, Avg: 17.7, Max: 18.2, Diff: 2.1, Sum: 70.8]
      [GC Worker End (ms): Min: 29207754.9, Avg: 29207754.9, Max: 29207754.9, Diff: 0.0]
   [Code Root Fixup: 0.0 ms]
   [Code Root Purge: 0.0 ms]
   [Clear CT: 0.0 ms]
   [Other: 0.5 ms]
      [Choose CSet: 0.0 ms]
      [Ref Proc: 0.1 ms]
      [Ref Enq: 0.0 ms]
      [Redirty Cards: 0.1 ms]
      [Humongous Register: 0.0 ms]
      [Humongous Reclaim: 0.0 ms]
      [Free CSet: 0.1 ms]
   [Eden: 45.0M(45.0M)->0.0B(60.0M) Survivors: 6144.0K->5120.0K Heap: 340.2M(1024.0M)->294.6M(1024.0M)]
 [Times: user=0.07 sys=0.00, real=0.02 secs] 
2019-11-03T16:17:33.651+0800: 29218.772: [GC pause (G1 Evacuation Pause) (young), 0.0177922 secs]
   [Parallel Time: 16.9 ms, GC Workers: 4]
      [GC Worker Start (ms): Min: 29218772.7, Avg: 29218772.9, Max: 29218773.6, Diff: 0.9]
      [Ext Root Scanning (ms): Min: 0.2, Avg: 0.8, Max: 1.0, Diff: 0.9, Sum: 3.2]
      [Update RS (ms): Min: 1.8, Avg: 2.1, Max: 2.6, Diff: 0.7, Sum: 8.4]
         [Processed Buffers: Min: 3, Avg: 7.5, Max: 9, Diff: 6, Sum: 30]
      [Scan RS (ms): Min: 5.8, Avg: 6.2, Max: 6.5, Diff: 0.7, Sum: 24.8]
      [Code Root Scanning (ms): Min: 0.0, Avg: 0.0, Max: 0.0, Diff: 0.0, Sum: 0.0]
      [Object Copy (ms): Min: 7.4, Avg: 7.4, Max: 7.5, Diff: 0.1, Sum: 29.7]
      [Termination (ms): Min: 0.0, Avg: 0.0, Max: 0.0, Diff: 0.0, Sum: 0.0]
         [Termination Attempts: Min: 1, Avg: 1.0, Max: 1, Diff: 0, Sum: 4]
      [GC Worker Other (ms): Min: 0.0, Avg: 0.0, Max: 0.0, Diff: 0.0, Sum: 0.1]
      [GC Worker Total (ms): Min: 15.9, Avg: 16.6, Max: 16.8, Diff: 0.9, Sum: 66.2]
      [GC Worker End (ms): Min: 29218789.5, Avg: 29218789.5, Max: 29218789.5, Diff: 0.0]
   [Code Root Fixup: 0.0 ms]
   [Code Root Purge: 0.0 ms]
   [Clear CT: 0.1 ms]
   [Other: 0.8 ms]
      [Choose CSet: 0.0 ms]
      [Ref Proc: 0.2 ms]
      [Ref Enq: 0.0 ms]
      [Redirty Cards: 0.1 ms]
      [Humongous Register: 0.1 ms]
      [Humongous Reclaim: 0.0 ms]
      [Free CSet: 0.1 ms]
   [Eden: 46.0M(46.0M)->0.0B(109.0M) Survivors: 5120.0K->5120.0K Heap: 340.6M(1024.0M)->294.6M(1024.0M)]
 [Times: user=0.06 sys=0.00, real=0.01 secs] 
2019-11-03T16:17:52.399+0800: 29237.519: [GC pause (G1 Evacuation Pause) (young), 0.0211906 secs]
   [Parallel Time: 20.4 ms, GC Workers: 4]
      [GC Worker Start (ms): Min: 29237519.2, Avg: 29237519.4, Max: 29237519.9, Diff: 0.7]
      [Ext Root Scanning (ms): Min: 0.0, Avg: 0.5, Max: 0.7, Diff: 0.7, Sum: 2.0]
      [Update RS (ms): Min: 0.0, Avg: 1.3, Max: 2.0, Diff: 2.0, Sum: 5.3]
         [Processed Buffers: Min: 0, Avg: 8.8, Max: 17, Diff: 17, Sum: 35]
      [Scan RS (ms): Min: 2.3, Avg: 4.2, Max: 5.0, Diff: 2.8, Sum: 16.9]
      [Code Root Scanning (ms): Min: 0.0, Avg: 0.0, Max: 0.0, Diff: 0.0, Sum: 0.0]
      [Object Copy (ms): Min: 12.7, Avg: 13.9, Max: 17.2, Diff: 4.5, Sum: 55.5]
      [Termination (ms): Min: 0.0, Avg: 0.2, Max: 0.3, Diff: 0.3, Sum: 0.7]
         [Termination Attempts: Min: 1, Avg: 3.0, Max: 4, Diff: 3, Sum: 12]
      [GC Worker Other (ms): Min: 0.0, Avg: 0.0, Max: 0.0, Diff: 0.0, Sum: 0.1]
      [GC Worker Total (ms): Min: 19.6, Avg: 20.1, Max: 20.3, Diff: 0.8, Sum: 80.4]
      [GC Worker End (ms): Min: 29237539.4, Avg: 29237539.5, Max: 29237539.5, Diff: 0.1]
   [Code Root Fixup: 0.0 ms]
   [Code Root Purge: 0.0 ms]
   [Clear CT: 0.1 ms]
   [Other: 0.7 ms]
      [Choose CSet: 0.0 ms]
      [Ref Proc: 0.3 ms]
      [Ref Enq: 0.0 ms]
      [Redirty Cards: 0.1 ms]
      [Humongous Register: 0.0 ms]
      [Humongous Reclaim: 0.0 ms]
      [Free CSet: 0.1 ms]
   [Eden: 55.0M(46.0M)->0.0B(61.0M) Survivors: 5120.0K->6144.0K Heap: 349.6M(1024.0M)->295.6M(1024.0M)]
 [Times: user=0.06 sys=0.00, real=0.03 secs] 
2019-11-03T16:18:03.325+0800: 29248.445: [GC pause (G1 Evacuation Pause) (young), 0.0169742 secs]
   [Parallel Time: 16.1 ms, GC Workers: 4]
      [GC Worker Start (ms): Min: 29248445.0, Avg: 29248445.2, Max: 29248445.9, Diff: 0.8]
      [Ext Root Scanning (ms): Min: 0.0, Avg: 0.6, Max: 0.8, Diff: 0.8, Sum: 2.2]
      [Update RS (ms): Min: 0.6, Avg: 1.7, Max: 2.1, Diff: 1.5, Sum: 6.8]
         [Processed Buffers: Min: 1, Avg: 8.5, Max: 17, Diff: 16, Sum: 34]
      [Scan RS (ms): Min: 4.2, Avg: 4.3, Max: 4.3, Diff: 0.1, Sum: 17.0]
      [Code Root Scanning (ms): Min: 0.0, Avg: 0.0, Max: 0.0, Diff: 0.0, Sum: 0.0]
      [Object Copy (ms): Min: 8.9, Avg: 9.3, Max: 10.3, Diff: 1.5, Sum: 37.0]
      [Termination (ms): Min: 0.0, Avg: 0.0, Max: 0.0, Diff: 0.0, Sum: 0.0]
         [Termination Attempts: Min: 1, Avg: 1.0, Max: 1, Diff: 0, Sum: 4]
      [GC Worker Other (ms): Min: 0.0, Avg: 0.0, Max: 0.0, Diff: 0.0, Sum: 0.1]
      [GC Worker Total (ms): Min: 15.2, Avg: 15.8, Max: 16.0, Diff: 0.8, Sum: 63.2]
      [GC Worker End (ms): Min: 29248461.0, Avg: 29248461.1, Max: 29248461.1, Diff: 0.0]
   [Code Root Fixup: 0.0 ms]
   [Code Root Purge: 0.0 ms]
   [Clear CT: 0.1 ms]
   [Other: 0.8 ms]
      [Choose CSet: 0.0 ms]
      [Ref Proc: 0.3 ms]
      [Ref Enq: 0.0 ms]
      [Redirty Cards: 0.1 ms]
      [Humongous Register: 0.1 ms]
      [Humongous Reclaim: 0.0 ms]
      [Free CSet: 0.1 ms]
   [Eden: 45.0M(45.0M)->0.0B(61.0M) Survivors: 6144.0K->5120.0K Heap: 340.6M(1024.0M)->295.3M(1024.0M)]
 [Times: user=0.06 sys=0.00, real=0.02 secs] 
2019-11-03T16:18:18.004+0800: 29263.124: [GC pause (G1 Evacuation Pause) (young), 0.0198236 secs]
   [Parallel Time: 19.1 ms, GC Workers: 4]
      [GC Worker Start (ms): Min: 29263123.8, Avg: 29263124.1, Max: 29263124.7, Diff: 0.9]
      [Ext Root Scanning (ms): Min: 0.0, Avg: 0.6, Max: 0.8, Diff: 0.8, Sum: 2.5]
      [Update RS (ms): Min: 0.0, Avg: 2.1, Max: 3.0, Diff: 3.0, Sum: 8.5]
         [Processed Buffers: Min: 0, Avg: 9.8, Max: 25, Diff: 25, Sum: 39]
      [Scan RS (ms): Min: 3.6, Avg: 4.8, Max: 5.4, Diff: 1.8, Sum: 19.3]
      [Code Root Scanning (ms): Min: 0.0, Avg: 0.0, Max: 0.0, Diff: 0.0, Sum: 0.0]
      [Object Copy (ms): Min: 10.0, Avg: 11.2, Max: 14.5, Diff: 4.5, Sum: 44.8]
      [Termination (ms): Min: 0.0, Avg: 0.0, Max: 0.0, Diff: 0.0, Sum: 0.0]
         [Termination Attempts: Min: 1, Avg: 1.0, Max: 1, Diff: 0, Sum: 4]
      [GC Worker Other (ms): Min: 0.0, Avg: 0.0, Max: 0.1, Diff: 0.0, Sum: 0.1]
      [GC Worker Total (ms): Min: 18.2, Avg: 18.8, Max: 19.0, Diff: 0.9, Sum: 75.3]
      [GC Worker End (ms): Min: 29263142.9, Avg: 29263142.9, Max: 29263142.9, Diff: 0.0]
   [Code Root Fixup: 0.0 ms]
   [Code Root Purge: 0.0 ms]
   [Clear CT: 0.1 ms]
   [Other: 0.6 ms]
      [Choose CSet: 0.0 ms]
      [Ref Proc: 0.2 ms]
      [Ref Enq: 0.0 ms]
      [Redirty Cards: 0.1 ms]
      [Humongous Register: 0.0 ms]
      [Humongous Reclaim: 0.0 ms]
      [Free CSet: 0.1 ms]
   [Eden: 61.0M(61.0M)->0.0B(67.0M) Survivors: 5120.0K->6144.0K Heap: 356.3M(1024.0M)->296.3M(1024.0M)]
 [Times: user=0.06 sys=0.00, real=0.02 secs] 
2019-11-03T16:18:34.191+0800: 29279.310: [GC pause (G1 Evacuation Pause) (young), 0.0231581 secs]
   [Parallel Time: 22.4 ms, GC Workers: 4]
      [GC Worker Start (ms): Min: 29279310.3, Avg: 29279311.0, Max: 29279311.3, Diff: 1.0]
      [Ext Root Scanning (ms): Min: 0.5, Avg: 0.9, Max: 1.5, Diff: 1.0, Sum: 3.4]
      [Update RS (ms): Min: 0.0, Avg: 3.0, Max: 4.1, Diff: 4.1, Sum: 12.1]
         [Processed Buffers: Min: 0, Avg: 8.2, Max: 15, Diff: 15, Sum: 33]
      [Scan RS (ms): Min: 4.1, Avg: 4.3, Max: 4.4, Diff: 0.3, Sum: 17.1]
      [Code Root Scanning (ms): Min: 0.0, Avg: 0.0, Max: 0.0, Diff: 0.0, Sum: 0.0]
      [Object Copy (ms): Min: 12.3, Avg: 13.4, Max: 16.6, Diff: 4.3, Sum: 53.7]
      [Termination (ms): Min: 0.0, Avg: 0.0, Max: 0.0, Diff: 0.0, Sum: 0.0]
         [Termination Attempts: Min: 1, Avg: 1.0, Max: 1, Diff: 0, Sum: 4]
      [GC Worker Other (ms): Min: 0.0, Avg: 0.0, Max: 0.0, Diff: 0.0, Sum: 0.1]
      [GC Worker Total (ms): Min: 21.3, Avg: 21.6, Max: 22.3, Diff: 1.0, Sum: 86.4]
      [GC Worker End (ms): Min: 29279332.6, Avg: 29279332.6, Max: 29279332.6, Diff: 0.0]
   [Code Root Fixup: 0.0 ms]
   [Code Root Purge: 0.0 ms]
   [Clear CT: 0.1 ms]
   [Other: 0.7 ms]
      [Choose CSet: 0.0 ms]
      [Ref Proc: 0.2 ms]
      [Ref Enq: 0.0 ms]
      [Redirty Cards: 0.1 ms]
      [Humongous Register: 0.1 ms]
      [Humongous Reclaim: 0.0 ms]
      [Free CSet: 0.1 ms]
   [Eden: 67.0M(67.0M)->0.0B(45.0M) Survivors: 6144.0K->6144.0K Heap: 363.3M(1024.0M)->296.3M(1024.0M)]
 [Times: user=0.07 sys=0.00, real=0.02 secs] 
2019-11-03T16:18:45.070+0800: 29290.188: [GC pause (G1 Evacuation Pause) (young), 0.0224505 secs]
   [Parallel Time: 21.3 ms, GC Workers: 4]
      [GC Worker Start (ms): Min: 29290188.4, Avg: 29290191.2, Max: 29290198.5, Diff: 10.1]
      [Ext Root Scanning (ms): Min: 0.0, Avg: 0.5, Max: 1.0, Diff: 0.9, Sum: 1.9]
      [Update RS (ms): Min: 0.0, Avg: 1.1, Max: 2.3, Diff: 2.3, Sum: 4.5]
         [Processed Buffers: Min: 0, Avg: 8.2, Max: 24, Diff: 24, Sum: 33]
      [Scan RS (ms): Min: 0.0, Avg: 4.1, Max: 5.5, Diff: 5.5, Sum: 16.2]
      [Code Root Scanning (ms): Min: 0.0, Avg: 0.0, Max: 0.0, Diff: 0.0, Sum: 0.0]
      [Object Copy (ms): Min: 11.0, Avg: 12.7, Max: 14.6, Diff: 3.7, Sum: 50.8]
      [Termination (ms): Min: 0.0, Avg: 0.1, Max: 0.2, Diff: 0.2, Sum: 0.4]
         [Termination Attempts: Min: 1, Avg: 2.0, Max: 4, Diff: 3, Sum: 8]
      [GC Worker Other (ms): Min: 0.0, Avg: 0.0, Max: 0.0, Diff: 0.0, Sum: 0.1]
      [GC Worker Total (ms): Min: 11.1, Avg: 18.5, Max: 21.3, Diff: 10.1, Sum: 73.8]
      [GC Worker End (ms): Min: 29290209.7, Avg: 29290209.7, Max: 29290209.7, Diff: 0.0]
   [Code Root Fixup: 0.0 ms]
   [Code Root Purge: 0.0 ms]
   [Clear CT: 0.1 ms]
   [Other: 1.0 ms]
      [Choose CSet: 0.0 ms]
      [Ref Proc: 0.2 ms]
      [Ref Enq: 0.0 ms]
      [Redirty Cards: 0.5 ms]
      [Humongous Register: 0.1 ms]
      [Humongous Reclaim: 0.0 ms]
      [Free CSet: 0.1 ms]
   [Eden: 45.0M(45.0M)->0.0B(46.0M) Survivors: 6144.0K->5120.0K Heap: 341.3M(1024.0M)->296.9M(1024.0M)]
 [Times: user=0.07 sys=0.00, real=0.02 secs] 
2019-11-03T16:18:56.201+0800: 29301.319: [GC pause (G1 Evacuation Pause) (young), 0.0194735 secs]
   [Parallel Time: 18.9 ms, GC Workers: 4]
      [GC Worker Start (ms): Min: 29301319.0, Avg: 29301319.0, Max: 29301319.1, Diff: 0.0]
      [Ext Root Scanning (ms): Min: 0.6, Avg: 0.6, Max: 0.7, Diff: 0.1, Sum: 2.6]
      [Update RS (ms): Min: 0.0, Avg: 1.2, Max: 2.6, Diff: 2.6, Sum: 5.0]
         [Processed Buffers: Min: 0, Avg: 8.5, Max: 26, Diff: 26, Sum: 34]
      [Scan RS (ms): Min: 3.1, Avg: 5.2, Max: 6.3, Diff: 3.2, Sum: 20.6]
      [Code Root Scanning (ms): Min: 0.0, Avg: 0.0, Max: 0.0, Diff: 0.0, Sum: 0.0]
      [Object Copy (ms): Min: 9.3, Avg: 11.7, Max: 15.0, Diff: 5.6, Sum: 46.6]
      [Termination (ms): Min: 0.0, Avg: 0.0, Max: 0.0, Diff: 0.0, Sum: 0.0]
         [Termination Attempts: Min: 1, Avg: 3.8, Max: 6, Diff: 5, Sum: 15]
      [GC Worker Other (ms): Min: 0.0, Avg: 0.0, Max: 0.1, Diff: 0.0, Sum: 0.2]
      [GC Worker Total (ms): Min: 18.7, Avg: 18.8, Max: 18.8, Diff: 0.0, Sum: 75.0]
      [GC Worker End (ms): Min: 29301337.8, Avg: 29301337.8, Max: 29301337.8, Diff: 0.0]
   [Code Root Fixup: 0.0 ms]
   [Code Root Purge: 0.0 ms]
   [Clear CT: 0.1 ms]
   [Other: 0.5 ms]
      [Choose CSet: 0.0 ms]
      [Ref Proc: 0.1 ms]
      [Ref Enq: 0.0 ms]
      [Redirty Cards: 0.1 ms]
      [Humongous Register: 0.0 ms]
      [Humongous Reclaim: 0.0 ms]
      [Free CSet: 0.1 ms]
   [Eden: 46.0M(46.0M)->0.0B(46.0M) Survivors: 5120.0K->5120.0K Heap: 342.9M(1024.0M)->296.9M(1024.0M)]
 [Times: user=0.06 sys=0.01, real=0.02 secs] 
2019-11-03T16:19:07.229+0800: 29312.346: [GC pause (G1 Evacuation Pause) (young), 0.0264446 secs]
   [Parallel Time: 25.6 ms, GC Workers: 4]
      [GC Worker Start (ms): Min: 29312346.5, Avg: 29312347.0, Max: 29312348.7, Diff: 2.2]
      [Ext Root Scanning (ms): Min: 0.0, Avg: 0.8, Max: 1.1, Diff: 1.1, Sum: 3.2]
      [Update RS (ms): Min: 3.2, Avg: 5.1, Max: 8.7, Diff: 5.5, Sum: 20.3]
         [Processed Buffers: Min: 0, Avg: 9.2, Max: 23, Diff: 23, Sum: 37]
      [Scan RS (ms): Min: 0.7, Avg: 4.0, Max: 5.2, Diff: 4.5, Sum: 16.0]
      [Code Root Scanning (ms): Min: 0.0, Avg: 0.0, Max: 0.0, Diff: 0.0, Sum: 0.0]
      [Object Copy (ms): Min: 14.9, Avg: 15.0, Max: 15.1, Diff: 0.2, Sum: 59.9]
      [Termination (ms): Min: 0.0, Avg: 0.1, Max: 0.2, Diff: 0.2, Sum: 0.5]
         [Termination Attempts: Min: 1, Avg: 1.0, Max: 1, Diff: 0, Sum: 4]
      [GC Worker Other (ms): Min: 0.0, Avg: 0.0, Max: 0.0, Diff: 0.0, Sum: 0.1]
      [GC Worker Total (ms): Min: 23.4, Avg: 25.0, Max: 25.6, Diff: 2.2, Sum: 100.0]
      [GC Worker End (ms): Min: 29312372.0, Avg: 29312372.0, Max: 29312372.1, Diff: 0.1]
   [Code Root Fixup: 0.0 ms]
   [Code Root Purge: 0.0 ms]
   [Clear CT: 0.1 ms]
   [Other: 0.7 ms]
      [Choose CSet: 0.0 ms]
      [Ref Proc: 0.2 ms]
      [Ref Enq: 0.0 ms]
      [Redirty Cards: 0.1 ms]
      [Humongous Register: 0.0 ms]
      [Humongous Reclaim: 0.0 ms]
      [Free CSet: 0.1 ms]
   [Eden: 46.0M(46.0M)->0.0B(45.0M) Survivors: 5120.0K->6144.0K Heap: 342.9M(1024.0M)->297.9M(1024.0M)]
 [Times: user=0.07 sys=0.00, real=0.03 secs] 
2019-11-03T16:19:22.376+0800: 29327.493: [GC pause (G1 Evacuation Pause) (young), 0.0223388 secs]
   [Parallel Time: 21.7 ms, GC Workers: 4]
      [GC Worker Start (ms): Min: 29327493.0, Avg: 29327493.3, Max: 29327494.1, Diff: 1.1]
      [Ext Root Scanning (ms): Min: 0.0, Avg: 0.8, Max: 1.0, Diff: 1.0, Sum: 3.1]
      [Update RS (ms): Min: 1.0, Avg: 2.4, Max: 3.1, Diff: 2.1, Sum: 9.8]
         [Processed Buffers: Min: 1, Avg: 8.5, Max: 13, Diff: 12, Sum: 34]
      [Scan RS (ms): Min: 6.7, Avg: 7.0, Max: 7.5, Diff: 0.8, Sum: 28.2]
      [Code Root Scanning (ms): Min: 0.0, Avg: 0.0, Max: 0.0, Diff: 0.0, Sum: 0.0]
      [Object Copy (ms): Min: 10.6, Avg: 11.0, Max: 12.0, Diff: 1.4, Sum: 44.1]
      [Termination (ms): Min: 0.0, Avg: 0.0, Max: 0.0, Diff: 0.0, Sum: 0.0]
         [Termination Attempts: Min: 1, Avg: 1.0, Max: 1, Diff: 0, Sum: 4]
      [GC Worker Other (ms): Min: 0.0, Avg: 0.0, Max: 0.0, Diff: 0.0, Sum: 0.1]
      [GC Worker Total (ms): Min: 20.5, Avg: 21.3, Max: 21.6, Diff: 1.1, Sum: 85.2]
      [GC Worker End (ms): Min: 29327514.6, Avg: 29327514.6, Max: 29327514.6, Diff: 0.0]
   [Code Root Fixup: 0.0 ms]
   [Code Root Purge: 0.0 ms]
   [Clear CT: 0.1 ms]
   [Other: 0.6 ms]
      [Choose CSet: 0.0 ms]
      [Ref Proc: 0.1 ms]
      [Ref Enq: 0.0 ms]
      [Redirty Cards: 0.1 ms]
      [Humongous Register: 0.0 ms]
      [Humongous Reclaim: 0.0 ms]
      [Free CSet: 0.1 ms]
   [Eden: 45.0M(45.0M)->0.0B(46.0M) Survivors: 6144.0K->5120.0K Heap: 342.9M(1024.0M)->297.8M(1024.0M)]
 [Times: user=0.08 sys=0.00, real=0.02 secs] 
2019-11-03T16:19:33.834+0800: 29338.951: [GC pause (G1 Evacuation Pause) (young), 0.0197281 secs]
   [Parallel Time: 19.1 ms, GC Workers: 4]
      [GC Worker Start (ms): Min: 29338951.1, Avg: 29338951.2, Max: 29338951.2, Diff: 0.1]
      [Ext Root Scanning (ms): Min: 0.8, Avg: 0.9, Max: 0.9, Diff: 0.2, Sum: 3.5]
      [Update RS (ms): Min: 2.2, Avg: 2.6, Max: 2.8, Diff: 0.6, Sum: 10.5]
         [Processed Buffers: Min: 4, Avg: 8.0, Max: 18, Diff: 14, Sum: 32]
      [Scan RS (ms): Min: 7.4, Avg: 7.6, Max: 8.0, Diff: 0.7, Sum: 30.5]
      [Code Root Scanning (ms): Min: 0.0, Avg: 0.0, Max: 0.0, Diff: 0.0, Sum: 0.0]
      [Object Copy (ms): Min: 7.7, Avg: 7.8, Max: 7.8, Diff: 0.1, Sum: 31.0]
      [Termination (ms): Min: 0.0, Avg: 0.0, Max: 0.0, Diff: 0.0, Sum: 0.0]
         [Termination Attempts: Min: 1, Avg: 1.8, Max: 2, Diff: 1, Sum: 7]
      [GC Worker Other (ms): Min: 0.0, Avg: 0.0, Max: 0.1, Diff: 0.1, Sum: 0.2]
      [GC Worker Total (ms): Min: 18.8, Avg: 18.9, Max: 19.0, Diff: 0.1, Sum: 75.7]
      [GC Worker End (ms): Min: 29338970.1, Avg: 29338970.1, Max: 29338970.1, Diff: 0.0]
   [Code Root Fixup: 0.0 ms]
   [Code Root Purge: 0.0 ms]
   [Clear CT: 0.1 ms]
   [Other: 0.6 ms]
      [Choose CSet: 0.0 ms]
      [Ref Proc: 0.1 ms]
      [Ref Enq: 0.0 ms]
      [Redirty Cards: 0.1 ms]
      [Humongous Register: 0.0 ms]
      [Humongous Reclaim: 0.0 ms]
      [Free CSet: 0.1 ms]
   [Eden: 46.0M(46.0M)->0.0B(46.0M) Survivors: 5120.0K->5120.0K Heap: 343.8M(1024.0M)->297.8M(1024.0M)]
 [Times: user=0.07 sys=0.00, real=0.02 secs] 
2019-11-03T16:19:44.876+0800: 29349.993: [GC pause (G1 Evacuation Pause) (young), 0.0217572 secs]
   [Parallel Time: 21.0 ms, GC Workers: 4]
      [GC Worker Start (ms): Min: 29349992.8, Avg: 29349992.8, Max: 29349992.9, Diff: 0.1]
      [Ext Root Scanning (ms): Min: 0.7, Avg: 0.8, Max: 0.8, Diff: 0.1, Sum: 3.0]
      [Update RS (ms): Min: 1.9, Avg: 2.7, Max: 4.4, Diff: 2.5, Sum: 10.8]
         [Processed Buffers: Min: 5, Avg: 8.0, Max: 13, Diff: 8, Sum: 32]
      [Scan RS (ms): Min: 3.4, Avg: 5.0, Max: 5.9, Diff: 2.5, Sum: 20.0]
      [Code Root Scanning (ms): Min: 0.0, Avg: 0.0, Max: 0.0, Diff: 0.0, Sum: 0.0]
      [Object Copy (ms): Min: 11.3, Avg: 11.4, Max: 11.6, Diff: 0.3, Sum: 45.7]
      [Termination (ms): Min: 0.0, Avg: 0.6, Max: 1.1, Diff: 1.1, Sum: 2.4]
         [Termination Attempts: Min: 1, Avg: 1.0, Max: 1, Diff: 0, Sum: 4]
      [GC Worker Other (ms): Min: 0.0, Avg: 0.0, Max: 0.1, Diff: 0.0, Sum: 0.1]
      [GC Worker Total (ms): Min: 20.1, Avg: 20.5, Max: 20.9, Diff: 0.8, Sum: 82.0]
      [GC Worker End (ms): Min: 29350013.0, Avg: 29350013.4, Max: 29350013.7, Diff: 0.8]
   [Code Root Fixup: 0.0 ms]
   [Code Root Purge: 0.0 ms]
   [Clear CT: 0.1 ms]
   [Other: 0.7 ms]
      [Choose CSet: 0.0 ms]
      [Ref Proc: 0.2 ms]
      [Ref Enq: 0.0 ms]
      [Redirty Cards: 0.1 ms]
      [Humongous Register: 0.0 ms]
      [Humongous Reclaim: 0.0 ms]
      [Free CSet: 0.1 ms]
   [Eden: 46.0M(46.0M)->0.0B(45.0M) Survivors: 5120.0K->6144.0K Heap: 343.8M(1024.0M)->298.8M(1024.0M)]
 [Times: user=0.06 sys=0.00, real=0.02 secs] 
2019-11-03T16:19:55.798+0800: 29360.914: [GC pause (G1 Evacuation Pause) (young), 0.0210125 secs]
   [Parallel Time: 20.3 ms, GC Workers: 4]
      [GC Worker Start (ms): Min: 29360914.1, Avg: 29360914.1, Max: 29360914.1, Diff: 0.1]
      [Ext Root Scanning (ms): Min: 0.8, Avg: 0.8, Max: 0.9, Diff: 0.1, Sum: 3.2]
      [Update RS (ms): Min: 1.5, Avg: 2.0, Max: 2.8, Diff: 1.2, Sum: 7.9]
         [Processed Buffers: Min: 6, Avg: 8.5, Max: 11, Diff: 5, Sum: 34]
      [Scan RS (ms): Min: 6.4, Avg: 7.2, Max: 7.6, Diff: 1.2, Sum: 28.8]
      [Code Root Scanning (ms): Min: 0.0, Avg: 0.0, Max: 0.0, Diff: 0.0, Sum: 0.0]
      [Object Copy (ms): Min: 10.2, Avg: 10.2, Max: 10.3, Diff: 0.2, Sum: 41.0]
      [Termination (ms): Min: 0.0, Avg: 0.0, Max: 0.0, Diff: 0.0, Sum: 0.0]
         [Termination Attempts: Min: 1, Avg: 1.0, Max: 1, Diff: 0, Sum: 4]
      [GC Worker Other (ms): Min: 0.0, Avg: 0.0, Max: 0.0, Diff: 0.0, Sum: 0.1]
      [GC Worker Total (ms): Min: 20.2, Avg: 20.3, Max: 20.3, Diff: 0.1, Sum: 81.0]
      [GC Worker End (ms): Min: 29360934.3, Avg: 29360934.4, Max: 29360934.4, Diff: 0.0]
   [Code Root Fixup: 0.0 ms]
   [Code Root Purge: 0.0 ms]
   [Clear CT: 0.2 ms]
   [Other: 0.5 ms]
      [Choose CSet: 0.0 ms]
      [Ref Proc: 0.1 ms]
      [Ref Enq: 0.0 ms]
      [Redirty Cards: 0.1 ms]
      [Humongous Register: 0.0 ms]
      [Humongous Reclaim: 0.0 ms]
      [Free CSet: 0.1 ms]
   [Eden: 45.0M(45.0M)->0.0B(46.0M) Survivors: 6144.0K->5120.0K Heap: 343.8M(1024.0M)->299.1M(1024.0M)]
 [Times: user=0.08 sys=0.00, real=0.02 secs] 
2019-11-03T16:20:06.701+0800: 29371.816: [GC pause (G1 Evacuation Pause) (young), 0.0200027 secs]
   [Parallel Time: 19.2 ms, GC Workers: 4]
      [GC Worker Start (ms): Min: 29371816.2, Avg: 29371816.2, Max: 29371816.3, Diff: 0.1]
      [Ext Root Scanning (ms): Min: 0.8, Avg: 0.8, Max: 0.9, Diff: 0.1, Sum: 3.3]
      [Update RS (ms): Min: 2.7, Avg: 2.9, Max: 3.0, Diff: 0.3, Sum: 11.4]
         [Processed Buffers: Min: 3, Avg: 8.8, Max: 11, Diff: 8, Sum: 35]
      [Scan RS (ms): Min: 8.4, Avg: 8.6, Max: 8.8, Diff: 0.5, Sum: 34.3]
      [Code Root Scanning (ms): Min: 0.0, Avg: 0.0, Max: 0.0, Diff: 0.0, Sum: 0.0]
      [Object Copy (ms): Min: 6.6, Avg: 6.8, Max: 6.9, Diff: 0.2, Sum: 27.0]
      [Termination (ms): Min: 0.0, Avg: 0.0, Max: 0.0, Diff: 0.0, Sum: 0.0]
         [Termination Attempts: Min: 1, Avg: 1.5, Max: 2, Diff: 1, Sum: 6]
      [GC Worker Other (ms): Min: 0.0, Avg: 0.1, Max: 0.1, Diff: 0.1, Sum: 0.2]
      [GC Worker Total (ms): Min: 19.0, Avg: 19.1, Max: 19.1, Diff: 0.1, Sum: 76.3]
      [GC Worker End (ms): Min: 29371835.3, Avg: 29371835.3, Max: 29371835.3, Diff: 0.1]
   [Code Root Fixup: 0.0 ms]
   [Code Root Purge: 0.0 ms]
   [Clear CT: 0.1 ms]
   [Other: 0.7 ms]
      [Choose CSet: 0.0 ms]
      [Ref Proc: 0.2 ms]
      [Ref Enq: 0.0 ms]
      [Redirty Cards: 0.1 ms]
      [Humongous Register: 0.0 ms]
      [Humongous Reclaim: 0.0 ms]
      [Free CSet: 0.1 ms]
   [Eden: 46.0M(46.0M)->0.0B(46.0M) Survivors: 5120.0K->5120.0K Heap: 345.1M(1024.0M)->299.1M(1024.0M)]
 [Times: user=0.07 sys=0.00, real=0.02 secs] 
2019-11-03T16:20:17.823+0800: 29382.938: [GC pause (G1 Evacuation Pause) (young), 0.0197855 secs]
   [Parallel Time: 19.2 ms, GC Workers: 4]
      [GC Worker Start (ms): Min: 29382937.8, Avg: 29382937.9, Max: 29382938.0, Diff: 0.1]
      [Ext Root Scanning (ms): Min: 0.7, Avg: 0.8, Max: 0.9, Diff: 0.2, Sum: 3.3]
      [Update RS (ms): Min: 2.3, Avg: 2.6, Max: 3.1, Diff: 0.8, Sum: 10.3]
         [Processed Buffers: Min: 3, Avg: 8.8, Max: 15, Diff: 12, Sum: 35]
      [Scan RS (ms): Min: 6.3, Avg: 6.6, Max: 6.8, Diff: 0.5, Sum: 26.4]
      [Code Root Scanning (ms): Min: 0.0, Avg: 0.0, Max: 0.0, Diff: 0.0, Sum: 0.0]
      [Object Copy (ms): Min: 8.8, Avg: 9.0, Max: 9.2, Diff: 0.4, Sum: 36.2]
      [Termination (ms): Min: 0.0, Avg: 0.0, Max: 0.0, Diff: 0.0, Sum: 0.0]
         [Termination Attempts: Min: 1, Avg: 1.0, Max: 1, Diff: 0, Sum: 4]
      [GC Worker Other (ms): Min: 0.0, Avg: 0.0, Max: 0.0, Diff: 0.0, Sum: 0.1]
      [GC Worker Total (ms): Min: 19.0, Avg: 19.1, Max: 19.1, Diff: 0.1, Sum: 76.3]
      [GC Worker End (ms): Min: 29382957.0, Avg: 29382957.0, Max: 29382957.0, Diff: 0.0]
   [Code Root Fixup: 0.0 ms]
   [Code Root Purge: 0.0 ms]
   [Clear CT: 0.0 ms]
   [Other: 0.5 ms]
      [Choose CSet: 0.0 ms]
      [Ref Proc: 0.1 ms]
      [Ref Enq: 0.0 ms]
      [Redirty Cards: 0.0 ms]
      [Humongous Register: 0.0 ms]
      [Humongous Reclaim: 0.0 ms]
      [Free CSet: 0.1 ms]
   [Eden: 46.0M(46.0M)->0.0B(44.0M) Survivors: 5120.0K->7168.0K Heap: 345.1M(1024.0M)->301.1M(1024.0M)]
 [Times: user=0.08 sys=0.01, real=0.02 secs] 
2019-11-03T16:20:28.597+0800: 29393.712: [GC pause (G1 Evacuation Pause) (young), 0.0206497 secs]
   [Parallel Time: 19.8 ms, GC Workers: 4]
      [GC Worker Start (ms): Min: 29393712.1, Avg: 29393712.3, Max: 29393712.6, Diff: 0.5]
      [Ext Root Scanning (ms): Min: 0.4, Avg: 0.8, Max: 1.0, Diff: 0.5, Sum: 3.1]
      [Update RS (ms): Min: 1.6, Avg: 1.9, Max: 2.2, Diff: 0.5, Sum: 7.5]
         [Processed Buffers: Min: 4, Avg: 8.2, Max: 13, Diff: 9, Sum: 33]
      [Scan RS (ms): Min: 6.7, Avg: 7.0, Max: 7.4, Diff: 0.7, Sum: 28.0]
      [Code Root Scanning (ms): Min: 0.0, Avg: 0.0, Max: 0.0, Diff: 0.0, Sum: 0.0]
      [Object Copy (ms): Min: 9.5, Avg: 9.8, Max: 10.0, Diff: 0.5, Sum: 39.2]
      [Termination (ms): Min: 0.0, Avg: 0.0, Max: 0.0, Diff: 0.0, Sum: 0.0]
         [Termination Attempts: Min: 1, Avg: 1.0, Max: 1, Diff: 0, Sum: 4]
      [GC Worker Other (ms): Min: 0.0, Avg: 0.1, Max: 0.1, Diff: 0.0, Sum: 0.2]
      [GC Worker Total (ms): Min: 19.2, Avg: 19.5, Max: 19.7, Diff: 0.6, Sum: 78.1]
      [GC Worker End (ms): Min: 29393731.8, Avg: 29393731.8, Max: 29393731.9, Diff: 0.0]
   [Code Root Fixup: 0.0 ms]
   [Code Root Purge: 0.0 ms]
   [Clear CT: 0.1 ms]
   [Other: 0.8 ms]
      [Choose CSet: 0.0 ms]
      [Ref Proc: 0.3 ms]
      [Ref Enq: 0.0 ms]
      [Redirty Cards: 0.1 ms]
      [Humongous Register: 0.1 ms]
      [Humongous Reclaim: 0.0 ms]
      [Free CSet: 0.1 ms]
   [Eden: 44.0M(44.0M)->0.0B(46.0M) Survivors: 7168.0K->5120.0K Heap: 345.1M(1024.0M)->300.1M(1024.0M)]
 [Times: user=0.08 sys=0.00, real=0.02 secs] 
2019-11-03T16:20:39.790+0800: 29404.904: [GC pause (G1 Evacuation Pause) (young), 0.0188326 secs]
   [Parallel Time: 17.8 ms, GC Workers: 4]
      [GC Worker Start (ms): Min: 29404904.4, Avg: 29404906.0, Max: 29404909.8, Diff: 5.3]
      [Ext Root Scanning (ms): Min: 0.0, Avg: 1.5, Max: 3.4, Diff: 3.4, Sum: 5.9]
      [Update RS (ms): Min: 0.2, Avg: 2.5, Max: 3.8, Diff: 3.6, Sum: 9.9]
         [Processed Buffers: Min: 3, Avg: 8.5, Max: 15, Diff: 12, Sum: 34]
      [Scan RS (ms): Min: 5.3, Avg: 5.3, Max: 5.4, Diff: 0.1, Sum: 21.2]
      [Code Root Scanning (ms): Min: 0.0, Avg: 0.0, Max: 0.0, Diff: 0.0, Sum: 0.0]
      [Object Copy (ms): Min: 6.8, Avg: 6.9, Max: 7.0, Diff: 0.2, Sum: 27.5]
      [Termination (ms): Min: 0.0, Avg: 0.0, Max: 0.0, Diff: 0.0, Sum: 0.0]
         [Termination Attempts: Min: 1, Avg: 1.0, Max: 1, Diff: 0, Sum: 4]
      [GC Worker Other (ms): Min: 0.0, Avg: 0.0, Max: 0.1, Diff: 0.0, Sum: 0.2]
      [GC Worker Total (ms): Min: 12.4, Avg: 16.2, Max: 17.7, Diff: 5.3, Sum: 64.7]
      [GC Worker End (ms): Min: 29404922.1, Avg: 29404922.2, Max: 29404922.2, Diff: 0.0]
   [Code Root Fixup: 0.0 ms]
   [Code Root Purge: 0.0 ms]
   [Clear CT: 0.1 ms]
   [Other: 0.9 ms]
      [Choose CSet: 0.0 ms]
      [Ref Proc: 0.3 ms]
      [Ref Enq: 0.0 ms]
      [Redirty Cards: 0.1 ms]
      [Humongous Register: 0.1 ms]
      [Humongous Reclaim: 0.0 ms]
      [Free CSet: 0.1 ms]
   [Eden: 46.0M(46.0M)->0.0B(46.0M) Survivors: 5120.0K->5120.0K Heap: 346.1M(1024.0M)->300.1M(1024.0M)]
 [Times: user=0.06 sys=0.00, real=0.01 secs] 
2019-11-03T16:20:50.961+0800: 29416.075: [GC pause (G1 Evacuation Pause) (young), 0.0182948 secs]
   [Parallel Time: 17.5 ms, GC Workers: 4]
      [GC Worker Start (ms): Min: 29416075.2, Avg: 29416075.5, Max: 29416076.2, Diff: 1.1]
      [Ext Root Scanning (ms): Min: 0.1, Avg: 0.8, Max: 1.2, Diff: 1.0, Sum: 3.2]
      [Update RS (ms): Min: 2.1, Avg: 2.4, Max: 2.7, Diff: 0.6, Sum: 9.5]
         [Processed Buffers: Min: 4, Avg: 7.8, Max: 14, Diff: 10, Sum: 31]
      [Scan RS (ms): Min: 6.2, Avg: 6.6, Max: 6.8, Diff: 0.6, Sum: 26.3]
      [Code Root Scanning (ms): Min: 0.0, Avg: 0.0, Max: 0.0, Diff: 0.0, Sum: 0.0]
      [Object Copy (ms): Min: 7.3, Avg: 7.3, Max: 7.3, Diff: 0.1, Sum: 29.2]
      [Termination (ms): Min: 0.0, Avg: 0.0, Max: 0.0, Diff: 0.0, Sum: 0.0]
         [Termination Attempts: Min: 1, Avg: 1.8, Max: 2, Diff: 1, Sum: 7]
      [GC Worker Other (ms): Min: 0.0, Avg: 0.0, Max: 0.0, Diff: 0.0, Sum: 0.1]
      [GC Worker Total (ms): Min: 16.4, Avg: 17.1, Max: 17.4, Diff: 1.1, Sum: 68.3]
      [GC Worker End (ms): Min: 29416092.6, Avg: 29416092.6, Max: 29416092.6, Diff: 0.0]
   [Code Root Fixup: 0.0 ms]
   [Code Root Purge: 0.0 ms]
   [Clear CT: 0.1 ms]
   [Other: 0.7 ms]
      [Choose CSet: 0.0 ms]
      [Ref Proc: 0.1 ms]
      [Ref Enq: 0.0 ms]
      [Redirty Cards: 0.2 ms]
      [Humongous Register: 0.1 ms]
      [Humongous Reclaim: 0.0 ms]
      [Free CSet: 0.1 ms]
   [Eden: 46.0M(46.0M)->0.0B(92.0M) Survivors: 5120.0K->5120.0K Heap: 346.1M(1024.0M)->300.1M(1024.0M)]
 [Times: user=0.06 sys=0.00, real=0.02 secs] 
2019-11-03T16:21:12.971+0800: 29438.083: [GC pause (G1 Evacuation Pause) (young), 0.0258338 secs]
   [Parallel Time: 25.0 ms, GC Workers: 4]
      [GC Worker Start (ms): Min: 29438083.6, Avg: 29438083.6, Max: 29438083.6, Diff: 0.1]
      [Ext Root Scanning (ms): Min: 0.8, Avg: 0.8, Max: 0.8, Diff: 0.0, Sum: 3.3]
      [Update RS (ms): Min: 1.8, Avg: 2.2, Max: 2.7, Diff: 0.9, Sum: 8.7]
         [Processed Buffers: Min: 8, Avg: 9.5, Max: 14, Diff: 6, Sum: 38]
      [Scan RS (ms): Min: 6.1, Avg: 6.6, Max: 7.0, Diff: 0.9, Sum: 26.6]
      [Code Root Scanning (ms): Min: 0.0, Avg: 0.0, Max: 0.0, Diff: 0.0, Sum: 0.0]
      [Object Copy (ms): Min: 15.1, Avg: 15.2, Max: 15.3, Diff: 0.3, Sum: 60.7]
      [Termination (ms): Min: 0.0, Avg: 0.1, Max: 0.1, Diff: 0.1, Sum: 0.4]
         [Termination Attempts: Min: 1, Avg: 1.8, Max: 3, Diff: 2, Sum: 7]
      [GC Worker Other (ms): Min: 0.0, Avg: 0.0, Max: 0.0, Diff: 0.0, Sum: 0.1]
      [GC Worker Total (ms): Min: 24.9, Avg: 24.9, Max: 25.0, Diff: 0.0, Sum: 99.7]
      [GC Worker End (ms): Min: 29438108.5, Avg: 29438108.5, Max: 29438108.5, Diff: 0.0]
   [Code Root Fixup: 0.0 ms]
   [Code Root Purge: 0.0 ms]
   [Clear CT: 0.1 ms]
   [Other: 0.7 ms]
      [Choose CSet: 0.0 ms]
      [Ref Proc: 0.1 ms]
      [Ref Enq: 0.0 ms]
      [Redirty Cards: 0.2 ms]
      [Humongous Register: 0.0 ms]
      [Humongous Reclaim: 0.0 ms]
      [Free CSet: 0.1 ms]
   [Eden: 92.0M(46.0M)->0.0B(45.0M) Survivors: 5120.0K->6144.0K Heap: 392.1M(1024.0M)->301.6M(1024.0M)]
 [Times: user=0.07 sys=0.02, real=0.02 secs] 
2019-11-03T16:21:23.844+0800: 29448.957: [GC pause (G1 Evacuation Pause) (young), 0.0205903 secs]
   [Parallel Time: 19.8 ms, GC Workers: 4]
      [GC Worker Start (ms): Min: 29448956.7, Avg: 29448956.8, Max: 29448957.1, Diff: 0.4]
      [Ext Root Scanning (ms): Min: 0.6, Avg: 0.9, Max: 1.0, Diff: 0.4, Sum: 3.4]
      [Update RS (ms): Min: 2.1, Avg: 2.5, Max: 2.6, Diff: 0.5, Sum: 9.8]
         [Processed Buffers: Min: 4, Avg: 8.8, Max: 15, Diff: 11, Sum: 35]
      [Scan RS (ms): Min: 6.2, Avg: 6.4, Max: 6.8, Diff: 0.6, Sum: 25.7]
      [Code Root Scanning (ms): Min: 0.0, Avg: 0.0, Max: 0.0, Diff: 0.0, Sum: 0.0]
      [Object Copy (ms): Min: 9.8, Avg: 9.9, Max: 10.0, Diff: 0.2, Sum: 39.6]
      [Termination (ms): Min: 0.0, Avg: 0.0, Max: 0.0, Diff: 0.0, Sum: 0.0]
         [Termination Attempts: Min: 1, Avg: 1.0, Max: 1, Diff: 0, Sum: 4]
      [GC Worker Other (ms): Min: 0.0, Avg: 0.0, Max: 0.1, Diff: 0.0, Sum: 0.2]
      [GC Worker Total (ms): Min: 19.4, Avg: 19.7, Max: 19.8, Diff: 0.4, Sum: 78.7]
      [GC Worker End (ms): Min: 29448976.5, Avg: 29448976.5, Max: 29448976.5, Diff: 0.0]
   [Code Root Fixup: 0.0 ms]
   [Code Root Purge: 0.0 ms]
   [Clear CT: 0.1 ms]
   [Other: 0.7 ms]
      [Choose CSet: 0.0 ms]
      [Ref Proc: 0.2 ms]
      [Ref Enq: 0.0 ms]
      [Redirty Cards: 0.1 ms]
      [Humongous Register: 0.1 ms]
      [Humongous Reclaim: 0.0 ms]
      [Free CSet: 0.1 ms]
   [Eden: 45.0M(45.0M)->0.0B(46.0M) Survivors: 6144.0K->5120.0K Heap: 346.6M(1024.0M)->300.8M(1024.0M)]
 [Times: user=0.07 sys=0.00, real=0.02 secs] 
2019-11-03T16:21:34.879+0800: 29459.991: [GC pause (G1 Evacuation Pause) (young), 0.0193854 secs]
   [Parallel Time: 18.5 ms, GC Workers: 4]
      [GC Worker Start (ms): Min: 29459990.9, Avg: 29459991.0, Max: 29459991.2, Diff: 0.3]
      [Ext Root Scanning (ms): Min: 0.6, Avg: 0.8, Max: 1.0, Diff: 0.3, Sum: 3.4]
      [Update RS (ms): Min: 2.0, Avg: 2.3, Max: 2.7, Diff: 0.7, Sum: 9.1]
         [Processed Buffers: Min: 5, Avg: 8.2, Max: 14, Diff: 9, Sum: 33]
      [Scan RS (ms): Min: 5.3, Avg: 5.6, Max: 5.9, Diff: 0.6, Sum: 22.6]
      [Code Root Scanning (ms): Min: 0.0, Avg: 0.0, Max: 0.0, Diff: 0.0, Sum: 0.0]
      [Object Copy (ms): Min: 9.6, Avg: 9.6, Max: 9.7, Diff: 0.1, Sum: 38.4]
      [Termination (ms): Min: 0.0, Avg: 0.0, Max: 0.0, Diff: 0.0, Sum: 0.0]
         [Termination Attempts: Min: 1, Avg: 1.8, Max: 3, Diff: 2, Sum: 7]
      [GC Worker Other (ms): Min: 0.0, Avg: 0.0, Max: 0.1, Diff: 0.0, Sum: 0.1]
      [GC Worker Total (ms): Min: 18.2, Avg: 18.4, Max: 18.5, Diff: 0.3, Sum: 73.6]
      [GC Worker End (ms): Min: 29460009.4, Avg: 29460009.4, Max: 29460009.4, Diff: 0.0]
   [Code Root Fixup: 0.0 ms]
   [Code Root Purge: 0.0 ms]
   [Clear CT: 0.1 ms]
   [Other: 0.7 ms]
      [Choose CSet: 0.0 ms]
      [Ref Proc: 0.2 ms]
      [Ref Enq: 0.0 ms]
      [Redirty Cards: 0.1 ms]
      [Humongous Register: 0.0 ms]
      [Humongous Reclaim: 0.0 ms]
      [Free CSet: 0.1 ms]
   [Eden: 46.0M(46.0M)->0.0B(44.0M) Survivors: 5120.0K->7168.0K Heap: 346.8M(1024.0M)->302.8M(1024.0M)]
 [Times: user=0.08 sys=0.00, real=0.02 secs] 
2019-11-03T16:21:45.423+0800: 29470.534: [GC pause (G1 Evacuation Pause) (young), 0.0190868 secs]
   [Parallel Time: 18.4 ms, GC Workers: 4]
      [GC Worker Start (ms): Min: 29470534.5, Avg: 29470534.5, Max: 29470534.6, Diff: 0.1]
      [Ext Root Scanning (ms): Min: 0.7, Avg: 0.7, Max: 0.7, Diff: 0.1, Sum: 2.8]
      [Update RS (ms): Min: 1.3, Avg: 1.6, Max: 2.0, Diff: 0.7, Sum: 6.4]
         [Processed Buffers: Min: 7, Avg: 8.8, Max: 13, Diff: 6, Sum: 35]
      [Scan RS (ms): Min: 5.3, Avg: 5.6, Max: 5.9, Diff: 0.6, Sum: 22.5]
      [Code Root Scanning (ms): Min: 0.0, Avg: 0.0, Max: 0.0, Diff: 0.0, Sum: 0.0]
      [Object Copy (ms): Min: 10.3, Avg: 10.4, Max: 10.4, Diff: 0.1, Sum: 41.5]
      [Termination (ms): Min: 0.0, Avg: 0.0, Max: 0.0, Diff: 0.0, Sum: 0.0]
         [Termination Attempts: Min: 1, Avg: 1.2, Max: 2, Diff: 1, Sum: 5]
      [GC Worker Other (ms): Min: 0.0, Avg: 0.0, Max: 0.1, Diff: 0.0, Sum: 0.2]
      [GC Worker Total (ms): Min: 18.3, Avg: 18.4, Max: 18.4, Diff: 0.0, Sum: 73.4]
      [GC Worker End (ms): Min: 29470552.9, Avg: 29470552.9, Max: 29470552.9, Diff: 0.0]
   [Code Root Fixup: 0.0 ms]
   [Code Root Purge: 0.0 ms]
   [Clear CT: 0.1 ms]
   [Other: 0.5 ms]
      [Choose CSet: 0.0 ms]
      [Ref Proc: 0.1 ms]
      [Ref Enq: 0.0 ms]
      [Redirty Cards: 0.1 ms]
      [Humongous Register: 0.0 ms]
      [Humongous Reclaim: 0.0 ms]
      [Free CSet: 0.1 ms]
   [Eden: 44.0M(44.0M)->0.0B(69.0M) Survivors: 7168.0K->5120.0K Heap: 346.8M(1024.0M)->302.2M(1024.0M)]
 [Times: user=0.06 sys=0.00, real=0.02 secs] 
2019-11-03T16:21:58.447+0800: 29483.558: [GC pause (G1 Evacuation Pause) (young), 0.0182023 secs]
   [Parallel Time: 17.6 ms, GC Workers: 4]
      [GC Worker Start (ms): Min: 29483558.0, Avg: 29483558.0, Max: 29483558.1, Diff: 0.0]
      [Ext Root Scanning (ms): Min: 0.5, Avg: 0.6, Max: 0.6, Diff: 0.1, Sum: 2.3]
      [Update RS (ms): Min: 1.5, Avg: 3.1, Max: 4.7, Diff: 3.2, Sum: 12.2]
         [Processed Buffers: Min: 1, Avg: 8.5, Max: 15, Diff: 14, Sum: 34]
      [Scan RS (ms): Min: 3.1, Avg: 4.7, Max: 6.2, Diff: 3.1, Sum: 18.6]
      [Code Root Scanning (ms): Min: 0.0, Avg: 0.0, Max: 0.0, Diff: 0.0, Sum: 0.0]
      [Object Copy (ms): Min: 9.1, Avg: 9.1, Max: 9.2, Diff: 0.1, Sum: 36.5]
      [Termination (ms): Min: 0.0, Avg: 0.0, Max: 0.0, Diff: 0.0, Sum: 0.0]
         [Termination Attempts: Min: 1, Avg: 2.8, Max: 6, Diff: 5, Sum: 11]
      [GC Worker Other (ms): Min: 0.0, Avg: 0.1, Max: 0.1, Diff: 0.1, Sum: 0.2]
      [GC Worker Total (ms): Min: 17.4, Avg: 17.5, Max: 17.5, Diff: 0.1, Sum: 69.9]
      [GC Worker End (ms): Min: 29483575.5, Avg: 29483575.5, Max: 29483575.5, Diff: 0.1]
   [Code Root Fixup: 0.0 ms]
   [Code Root Purge: 0.0 ms]
   [Clear CT: 0.1 ms]
   [Other: 0.5 ms]
      [Choose CSet: 0.0 ms]
      [Ref Proc: 0.1 ms]
      [Ref Enq: 0.0 ms]
      [Redirty Cards: 0.0 ms]
      [Humongous Register: 0.0 ms]
      [Humongous Reclaim: 0.0 ms]
      [Free CSet: 0.1 ms]
   [Eden: 54.0M(46.0M)->0.0B(106.0M) Survivors: 5120.0K->6144.0K Heap: 356.2M(1024.0M)->303.2M(1024.0M)]
 [Times: user=0.06 sys=0.00, real=0.02 secs] 
2019-11-03T16:22:14.078+0800: 29499.188: [GC pause (G1 Evacuation Pause) (young), 0.0236673 secs]
   [Parallel Time: 22.5 ms, GC Workers: 4]
      [GC Worker Start (ms): Min: 29499188.6, Avg: 29499188.8, Max: 29499189.4, Diff: 0.7]
      [Ext Root Scanning (ms): Min: 0.3, Avg: 0.8, Max: 1.0, Diff: 0.7, Sum: 3.3]
      [Update RS (ms): Min: 3.5, Avg: 3.7, Max: 4.4, Diff: 0.9, Sum: 15.0]
         [Processed Buffers: Min: 0, Avg: 8.5, Max: 13, Diff: 13, Sum: 34]
      [Scan RS (ms): Min: 7.0, Avg: 7.7, Max: 8.3, Diff: 1.2, Sum: 30.9]
      [Code Root Scanning (ms): Min: 0.0, Avg: 0.0, Max: 0.0, Diff: 0.0, Sum: 0.0]
      [Object Copy (ms): Min: 9.4, Avg: 9.7, Max: 10.0, Diff: 0.6, Sum: 39.0]
      [Termination (ms): Min: 0.0, Avg: 0.1, Max: 0.2, Diff: 0.2, Sum: 0.5]
         [Termination Attempts: Min: 1, Avg: 1.2, Max: 2, Diff: 1, Sum: 5]
      [GC Worker Other (ms): Min: 0.0, Avg: 0.0, Max: 0.0, Diff: 0.0, Sum: 0.1]
      [GC Worker Total (ms): Min: 21.7, Avg: 22.2, Max: 22.4, Diff: 0.6, Sum: 88.7]
      [GC Worker End (ms): Min: 29499211.0, Avg: 29499211.0, Max: 29499211.1, Diff: 0.1]
   [Code Root Fixup: 0.0 ms]
   [Code Root Purge: 0.0 ms]
   [Clear CT: 0.1 ms]
   [Other: 1.0 ms]
      [Choose CSet: 0.0 ms]
      [Ref Proc: 0.4 ms]
      [Ref Enq: 0.0 ms]
      [Redirty Cards: 0.1 ms]
      [Humongous Register: 0.0 ms]
      [Humongous Reclaim: 0.0 ms]
      [Free CSet: 0.1 ms]
   [Eden: 65.0M(45.0M)->0.0B(46.0M) Survivors: 6144.0K->5120.0K Heap: 368.2M(1024.0M)->302.9M(1024.0M)]
 [Times: user=0.07 sys=0.00, real=0.03 secs] 
2019-11-03T16:22:25.194+0800: 29510.304: [GC pause (G1 Evacuation Pause) (young), 0.0207079 secs]
   [Parallel Time: 19.7 ms, GC Workers: 4]
      [GC Worker Start (ms): Min: 29510304.8, Avg: 29510305.2, Max: 29510306.1, Diff: 1.3]
      [Ext Root Scanning (ms): Min: 0.0, Avg: 0.8, Max: 1.2, Diff: 1.2, Sum: 3.3]
      [Update RS (ms): Min: 1.2, Avg: 2.2, Max: 2.7, Diff: 1.5, Sum: 8.7]
         [Processed Buffers: Min: 6, Avg: 8.8, Max: 12, Diff: 6, Sum: 35]
      [Scan RS (ms): Min: 6.5, Avg: 6.8, Max: 7.3, Diff: 0.8, Sum: 27.1]
      [Code Root Scanning (ms): Min: 0.0, Avg: 0.0, Max: 0.0, Diff: 0.0, Sum: 0.0]
      [Object Copy (ms): Min: 9.1, Avg: 9.3, Max: 9.9, Diff: 0.8, Sum: 37.4]
      [Termination (ms): Min: 0.0, Avg: 0.0, Max: 0.0, Diff: 0.0, Sum: 0.0]
         [Termination Attempts: Min: 1, Avg: 1.8, Max: 3, Diff: 2, Sum: 7]
      [GC Worker Other (ms): Min: 0.0, Avg: 0.1, Max: 0.1, Diff: 0.1, Sum: 0.2]
      [GC Worker Total (ms): Min: 18.3, Avg: 19.2, Max: 19.6, Diff: 1.3, Sum: 76.7]
      [GC Worker End (ms): Min: 29510324.4, Avg: 29510324.4, Max: 29510324.4, Diff: 0.0]
   [Code Root Fixup: 0.0 ms]
   [Code Root Purge: 0.0 ms]
   [Clear CT: 0.0 ms]
   [Other: 1.0 ms]
      [Choose CSet: 0.0 ms]
      [Ref Proc: 0.2 ms]
      [Ref Enq: 0.0 ms]
      [Redirty Cards: 0.1 ms]
      [Humongous Register: 0.2 ms]
      [Humongous Reclaim: 0.0 ms]
      [Free CSet: 0.1 ms]
   [Eden: 46.0M(46.0M)->0.0B(50.0M) Survivors: 5120.0K->6144.0K Heap: 348.9M(1024.0M)->304.4M(1024.0M)]
 [Times: user=0.07 sys=0.01, real=0.02 secs] 
2019-11-03T16:22:37.350+0800: 29522.460: [GC pause (G1 Evacuation Pause) (young), 0.0213615 secs]
   [Parallel Time: 20.6 ms, GC Workers: 4]
      [GC Worker Start (ms): Min: 29522459.8, Avg: 29522459.9, Max: 29522460.2, Diff: 0.4]
      [Ext Root Scanning (ms): Min: 0.8, Avg: 1.1, Max: 1.3, Diff: 0.5, Sum: 4.5]
      [Update RS (ms): Min: 2.1, Avg: 2.3, Max: 2.6, Diff: 0.5, Sum: 9.3]
         [Processed Buffers: Min: 4, Avg: 8.8, Max: 18, Diff: 14, Sum: 35]
      [Scan RS (ms): Min: 6.5, Avg: 6.9, Max: 7.7, Diff: 1.2, Sum: 27.6]
      [Code Root Scanning (ms): Min: 0.0, Avg: 0.0, Max: 0.1, Diff: 0.1, Sum: 0.1]
      [Object Copy (ms): Min: 9.0, Avg: 10.0, Max: 10.3, Diff: 1.4, Sum: 39.9]
      [Termination (ms): Min: 0.0, Avg: 0.0, Max: 0.1, Diff: 0.1, Sum: 0.1]
         [Termination Attempts: Min: 1, Avg: 1.0, Max: 1, Diff: 0, Sum: 4]
      [GC Worker Other (ms): Min: 0.0, Avg: 0.0, Max: 0.0, Diff: 0.0, Sum: 0.1]
      [GC Worker Total (ms): Min: 20.1, Avg: 20.4, Max: 20.5, Diff: 0.4, Sum: 81.6]
      [GC Worker End (ms): Min: 29522480.3, Avg: 29522480.3, Max: 29522480.3, Diff: 0.0]
   [Code Root Fixup: 0.0 ms]
   [Code Root Purge: 0.0 ms]
   [Clear CT: 0.1 ms]
   [Other: 0.7 ms]
      [Choose CSet: 0.0 ms]
      [Ref Proc: 0.1 ms]
      [Ref Enq: 0.0 ms]
      [Redirty Cards: 0.1 ms]
      [Humongous Register: 0.0 ms]
      [Humongous Reclaim: 0.0 ms]
      [Free CSet: 0.2 ms]
   [Eden: 50.0M(50.0M)->0.0B(47.0M) Survivors: 6144.0K->5120.0K Heap: 354.4M(1024.0M)->304.4M(1024.0M)]
 [Times: user=0.08 sys=0.00, real=0.02 secs] 
2019-11-03T16:22:48.716+0800: 29533.825: [GC pause (G1 Evacuation Pause) (young), 0.0186639 secs]
   [Parallel Time: 17.7 ms, GC Workers: 4]
      [GC Worker Start (ms): Min: 29533824.9, Avg: 29533825.0, Max: 29533825.1, Diff: 0.2]
      [Ext Root Scanning (ms): Min: 0.7, Avg: 0.9, Max: 0.9, Diff: 0.2, Sum: 3.4]
      [Update RS (ms): Min: 2.0, Avg: 2.2, Max: 2.4, Diff: 0.4, Sum: 8.9]
         [Processed Buffers: Min: 4, Avg: 8.8, Max: 13, Diff: 9, Sum: 35]
      [Scan RS (ms): Min: 5.8, Avg: 5.9, Max: 6.1, Diff: 0.3, Sum: 23.8]
      [Code Root Scanning (ms): Min: 0.0, Avg: 0.0, Max: 0.0, Diff: 0.0, Sum: 0.0]
      [Object Copy (ms): Min: 8.4, Avg: 8.5, Max: 8.6, Diff: 0.2, Sum: 33.8]
      [Termination (ms): Min: 0.0, Avg: 0.0, Max: 0.0, Diff: 0.0, Sum: 0.0]
         [Termination Attempts: Min: 1, Avg: 3.2, Max: 6, Diff: 5, Sum: 13]
      [GC Worker Other (ms): Min: 0.0, Avg: 0.1, Max: 0.1, Diff: 0.1, Sum: 0.3]
      [GC Worker Total (ms): Min: 17.4, Avg: 17.5, Max: 17.6, Diff: 0.3, Sum: 70.2]
      [GC Worker End (ms): Min: 29533842.5, Avg: 29533842.5, Max: 29533842.6, Diff: 0.1]
   [Code Root Fixup: 0.0 ms]
   [Code Root Purge: 0.0 ms]
   [Clear CT: 0.1 ms]
   [Other: 0.8 ms]
      [Choose CSet: 0.0 ms]
      [Ref Proc: 0.3 ms]
      [Ref Enq: 0.0 ms]
      [Redirty Cards: 0.1 ms]
      [Humongous Register: 0.0 ms]
      [Humongous Reclaim: 0.0 ms]
      [Free CSet: 0.1 ms]
   [Eden: 47.0M(46.0M)->0.0B(102.0M) Survivors: 5120.0K->5120.0K Heap: 351.4M(1024.0M)->304.7M(1024.0M)]
 [Times: user=0.06 sys=0.00, real=0.02 secs] 
2019-11-03T16:22:59.613+0800: 29544.722: [GC pause (G1 Evacuation Pause) (young), 0.0196672 secs]
   [Parallel Time: 19.0 ms, GC Workers: 4]
      [GC Worker Start (ms): Min: 29544722.4, Avg: 29544722.4, Max: 29544722.4, Diff: 0.1]
      [Ext Root Scanning (ms): Min: 0.7, Avg: 0.7, Max: 0.8, Diff: 0.1, Sum: 2.9]
      [Update RS (ms): Min: 2.0, Avg: 2.2, Max: 2.5, Diff: 0.5, Sum: 8.8]
         [Processed Buffers: Min: 4, Avg: 8.5, Max: 12, Diff: 8, Sum: 34]
      [Scan RS (ms): Min: 6.4, Avg: 6.7, Max: 7.0, Diff: 0.6, Sum: 27.0]
      [Code Root Scanning (ms): Min: 0.0, Avg: 0.0, Max: 0.0, Diff: 0.0, Sum: 0.0]
      [Object Copy (ms): Min: 9.0, Avg: 9.2, Max: 9.3, Diff: 0.3, Sum: 36.7]
      [Termination (ms): Min: 0.0, Avg: 0.0, Max: 0.0, Diff: 0.0, Sum: 0.0]
         [Termination Attempts: Min: 1, Avg: 1.0, Max: 1, Diff: 0, Sum: 4]
      [GC Worker Other (ms): Min: 0.0, Avg: 0.1, Max: 0.1, Diff: 0.0, Sum: 0.2]
      [GC Worker Total (ms): Min: 18.9, Avg: 18.9, Max: 19.0, Diff: 0.1, Sum: 75.7]
      [GC Worker End (ms): Min: 29544741.3, Avg: 29544741.3, Max: 29544741.3, Diff: 0.0]
   [Code Root Fixup: 0.0 ms]
   [Code Root Purge: 0.0 ms]
   [Clear CT: 0.1 ms]
   [Other: 0.5 ms]
      [Choose CSet: 0.0 ms]
      [Ref Proc: 0.1 ms]
      [Ref Enq: 0.0 ms]
      [Redirty Cards: 0.1 ms]
      [Humongous Register: 0.0 ms]
      [Humongous Reclaim: 0.0 ms]
      [Free CSet: 0.1 ms]
   [Eden: 46.0M(46.0M)->0.0B(70.0M) Survivors: 5120.0K->5120.0K Heap: 350.7M(1024.0M)->304.7M(1024.0M)]
 [Times: user=0.07 sys=0.00, real=0.02 secs] 
2019-11-03T16:23:13.035+0800: 29558.143: [GC pause (G1 Evacuation Pause) (young), 0.0171986 secs]
   [Parallel Time: 16.6 ms, GC Workers: 4]
      [GC Worker Start (ms): Min: 29558143.2, Avg: 29558143.2, Max: 29558143.2, Diff: 0.0]
      [Ext Root Scanning (ms): Min: 0.7, Avg: 0.7, Max: 0.7, Diff: 0.1, Sum: 2.8]
      [Update RS (ms): Min: 1.4, Avg: 1.6, Max: 2.0, Diff: 0.7, Sum: 6.4]
         [Processed Buffers: Min: 6, Avg: 9.2, Max: 15, Diff: 9, Sum: 37]
      [Scan RS (ms): Min: 5.3, Avg: 5.7, Max: 6.0, Diff: 0.7, Sum: 23.0]
      [Code Root Scanning (ms): Min: 0.0, Avg: 0.0, Max: 0.0, Diff: 0.0, Sum: 0.0]
      [Object Copy (ms): Min: 8.3, Avg: 8.4, Max: 8.4, Diff: 0.1, Sum: 33.6]
      [Termination (ms): Min: 0.0, Avg: 0.0, Max: 0.0, Diff: 0.0, Sum: 0.0]
         [Termination Attempts: Min: 1, Avg: 1.2, Max: 2, Diff: 1, Sum: 5]
      [GC Worker Other (ms): Min: 0.0, Avg: 0.0, Max: 0.0, Diff: 0.0, Sum: 0.2]
      [GC Worker Total (ms): Min: 16.5, Avg: 16.5, Max: 16.5, Diff: 0.0, Sum: 66.0]
      [GC Worker End (ms): Min: 29558159.7, Avg: 29558159.7, Max: 29558159.7, Diff: 0.0]
   [Code Root Fixup: 0.0 ms]
   [Code Root Purge: 0.0 ms]
   [Clear CT: 0.1 ms]
   [Other: 0.5 ms]
      [Choose CSet: 0.0 ms]
      [Ref Proc: 0.1 ms]
      [Ref Enq: 0.0 ms]
      [Redirty Cards: 0.1 ms]
      [Humongous Register: 0.0 ms]
      [Humongous Reclaim: 0.0 ms]
      [Free CSet: 0.1 ms]
   [Eden: 56.0M(46.0M)->0.0B(108.0M) Survivors: 5120.0K->5120.0K Heap: 360.7M(1024.0M)->304.7M(1024.0M)]
 [Times: user=0.06 sys=0.00, real=0.02 secs] 
2019-11-03T16:23:34.696+0800: 29579.803: [GC pause (G1 Evacuation Pause) (young), 0.0214933 secs]
   [Parallel Time: 20.7 ms, GC Workers: 4]
      [GC Worker Start (ms): Min: 29579803.2, Avg: 29579803.3, Max: 29579803.6, Diff: 0.3]
      [Ext Root Scanning (ms): Min: 0.6, Avg: 0.8, Max: 0.9, Diff: 0.3, Sum: 3.2]
      [Update RS (ms): Min: 2.1, Avg: 2.6, Max: 3.1, Diff: 1.0, Sum: 10.4]
         [Processed Buffers: Min: 1, Avg: 9.8, Max: 22, Diff: 21, Sum: 39]
      [Scan RS (ms): Min: 6.9, Avg: 7.1, Max: 7.5, Diff: 0.6, Sum: 28.6]
      [Code Root Scanning (ms): Min: 0.0, Avg: 0.0, Max: 0.0, Diff: 0.0, Sum: 0.0]
      [Object Copy (ms): Min: 9.4, Avg: 9.9, Max: 10.1, Diff: 0.8, Sum: 39.6]
      [Termination (ms): Min: 0.0, Avg: 0.0, Max: 0.0, Diff: 0.0, Sum: 0.0]
         [Termination Attempts: Min: 1, Avg: 2.0, Max: 3, Diff: 2, Sum: 8]
      [GC Worker Other (ms): Min: 0.0, Avg: 0.0, Max: 0.0, Diff: 0.0, Sum: 0.1]
      [GC Worker Total (ms): Min: 20.3, Avg: 20.5, Max: 20.6, Diff: 0.3, Sum: 82.0]
      [GC Worker End (ms): Min: 29579823.8, Avg: 29579823.8, Max: 29579823.9, Diff: 0.0]
   [Code Root Fixup: 0.0 ms]
   [Code Root Purge: 0.0 ms]
   [Clear CT: 0.1 ms]
   [Other: 0.7 ms]
      [Choose CSet: 0.0 ms]
      [Ref Proc: 0.2 ms]
      [Ref Enq: 0.0 ms]
      [Redirty Cards: 0.1 ms]
      [Humongous Register: 0.0 ms]
      [Humongous Reclaim: 0.0 ms]
      [Free CSet: 0.1 ms]
   [Eden: 91.0M(46.0M)->0.0B(102.0M) Survivors: 5120.0K->6144.0K Heap: 395.7M(1024.0M)->306.2M(1024.0M)]
 [Times: user=0.08 sys=0.00, real=0.02 secs] 
2019-11-03T16:23:59.478+0800: 29604.584: [GC pause (G1 Evacuation Pause) (young), 0.0308299 secs]
   [Parallel Time: 30.1 ms, GC Workers: 4]
      [GC Worker Start (ms): Min: 29604584.5, Avg: 29604584.9, Max: 29604585.8, Diff: 1.3]
      [Ext Root Scanning (ms): Min: 0.0, Avg: 0.9, Max: 1.2, Diff: 1.2, Sum: 3.5]
      [Update RS (ms): Min: 1.7, Avg: 2.7, Max: 3.1, Diff: 1.4, Sum: 10.7]
         [Processed Buffers: Min: 5, Avg: 9.8, Max: 15, Diff: 10, Sum: 39]
      [Scan RS (ms): Min: 5.6, Avg: 5.7, Max: 5.8, Diff: 0.3, Sum: 23.0]
      [Code Root Scanning (ms): Min: 0.0, Avg: 0.0, Max: 0.0, Diff: 0.0, Sum: 0.0]
      [Object Copy (ms): Min: 19.7, Avg: 20.3, Max: 21.3, Diff: 1.6, Sum: 81.3]
      [Termination (ms): Min: 0.0, Avg: 0.0, Max: 0.0, Diff: 0.0, Sum: 0.0]
         [Termination Attempts: Min: 1, Avg: 3.8, Max: 5, Diff: 4, Sum: 15]
      [GC Worker Other (ms): Min: 0.0, Avg: 0.1, Max: 0.1, Diff: 0.0, Sum: 0.2]
      [GC Worker Total (ms): Min: 28.7, Avg: 29.7, Max: 30.0, Diff: 1.3, Sum: 118.7]
      [GC Worker End (ms): Min: 29604614.5, Avg: 29604614.5, Max: 29604614.6, Diff: 0.0]
   [Code Root Fixup: 0.0 ms]
   [Code Root Purge: 0.0 ms]
   [Clear CT: 0.1 ms]
   [Other: 0.6 ms]
      [Choose CSet: 0.0 ms]
      [Ref Proc: 0.2 ms]
      [Ref Enq: 0.0 ms]
      [Redirty Cards: 0.1 ms]
      [Humongous Register: 0.0 ms]
      [Humongous Reclaim: 0.0 ms]
      [Free CSet: 0.1 ms]
   [Eden: 102.0M(102.0M)->0.0B(44.0M) Survivors: 6144.0K->7168.0K Heap: 408.2M(1024.0M)->306.7M(1024.0M)]
 [Times: user=0.08 sys=0.02, real=0.03 secs] 
2019-11-03T16:24:09.949+0800: 29615.055: [GC pause (G1 Evacuation Pause) (young), 0.0231072 secs]
   [Parallel Time: 22.4 ms, GC Workers: 4]
      [GC Worker Start (ms): Min: 29615055.5, Avg: 29615055.5, Max: 29615055.5, Diff: 0.1]
      [Ext Root Scanning (ms): Min: 0.7, Avg: 0.8, Max: 0.8, Diff: 0.1, Sum: 3.1]
      [Update RS (ms): Min: 2.5, Avg: 2.7, Max: 2.9, Diff: 0.5, Sum: 10.6]
         [Processed Buffers: Min: 4, Avg: 6.5, Max: 10, Diff: 6, Sum: 26]
      [Scan RS (ms): Min: 6.3, Avg: 6.4, Max: 6.6, Diff: 0.4, Sum: 25.7]
      [Code Root Scanning (ms): Min: 0.0, Avg: 0.0, Max: 0.0, Diff: 0.0, Sum: 0.0]
      [Object Copy (ms): Min: 12.3, Avg: 12.4, Max: 12.4, Diff: 0.2, Sum: 49.4]
      [Termination (ms): Min: 0.0, Avg: 0.0, Max: 0.0, Diff: 0.0, Sum: 0.0]
         [Termination Attempts: Min: 1, Avg: 1.0, Max: 1, Diff: 0, Sum: 4]
      [GC Worker Other (ms): Min: 0.0, Avg: 0.0, Max: 0.0, Diff: 0.0, Sum: 0.1]
      [GC Worker Total (ms): Min: 22.2, Avg: 22.3, Max: 22.3, Diff: 0.1, Sum: 89.0]
      [GC Worker End (ms): Min: 29615077.7, Avg: 29615077.7, Max: 29615077.8, Diff: 0.0]
   [Code Root Fixup: 0.0 ms]
   [Code Root Purge: 0.0 ms]
   [Clear CT: 0.1 ms]
   [Other: 0.7 ms]
      [Choose CSet: 0.0 ms]
      [Ref Proc: 0.2 ms]
      [Ref Enq: 0.0 ms]
      [Redirty Cards: 0.1 ms]
      [Humongous Register: 0.0 ms]
      [Humongous Reclaim: 0.0 ms]
      [Free CSet: 0.1 ms]
   [Eden: 44.0M(44.0M)->0.0B(46.0M) Survivors: 7168.0K->5120.0K Heap: 350.7M(1024.0M)->306.7M(1024.0M)]
 [Times: user=0.08 sys=0.00, real=0.03 secs] 
2019-11-03T16:24:21.086+0800: 29626.191: [GC pause (G1 Evacuation Pause) (young), 0.0183014 secs]
   [Parallel Time: 17.6 ms, GC Workers: 4]
      [GC Worker Start (ms): Min: 29626191.4, Avg: 29626191.4, Max: 29626191.4, Diff: 0.1]
      [Ext Root Scanning (ms): Min: 0.7, Avg: 0.8, Max: 0.8, Diff: 0.1, Sum: 3.0]
      [Update RS (ms): Min: 2.5, Avg: 2.8, Max: 3.1, Diff: 0.7, Sum: 11.1]
         [Processed Buffers: Min: 3, Avg: 7.0, Max: 13, Diff: 10, Sum: 28]
      [Scan RS (ms): Min: 6.7, Avg: 7.0, Max: 7.3, Diff: 0.7, Sum: 28.0]
      [Code Root Scanning (ms): Min: 0.0, Avg: 0.0, Max: 0.0, Diff: 0.0, Sum: 0.0]
      [Object Copy (ms): Min: 6.9, Avg: 6.9, Max: 7.0, Diff: 0.1, Sum: 27.6]
      [Termination (ms): Min: 0.0, Avg: 0.0, Max: 0.0, Diff: 0.0, Sum: 0.0]
         [Termination Attempts: Min: 1, Avg: 1.0, Max: 1, Diff: 0, Sum: 4]
      [GC Worker Other (ms): Min: 0.0, Avg: 0.0, Max: 0.0, Diff: 0.0, Sum: 0.1]
      [GC Worker Total (ms): Min: 17.5, Avg: 17.5, Max: 17.5, Diff: 0.1, Sum: 70.0]
      [GC Worker End (ms): Min: 29626208.9, Avg: 29626208.9, Max: 29626208.9, Diff: 0.0]
   [Code Root Fixup: 0.0 ms]
   [Code Root Purge: 0.0 ms]
   [Clear CT: 0.1 ms]
   [Other: 0.6 ms]
      [Choose CSet: 0.0 ms]
      [Ref Proc: 0.1 ms]
      [Ref Enq: 0.0 ms]
      [Redirty Cards: 0.1 ms]
      [Humongous Register: 0.0 ms]
      [Humongous Reclaim: 0.0 ms]
      [Free CSet: 0.1 ms]
   [Eden: 46.0M(46.0M)->0.0B(46.0M) Survivors: 5120.0K->5120.0K Heap: 352.7M(1024.0M)->306.7M(1024.0M)]
 [Times: user=0.07 sys=0.00, real=0.02 secs] 
2019-11-03T16:24:32.291+0800: 29637.396: [GC pause (G1 Evacuation Pause) (young), 0.0194216 secs]
   [Parallel Time: 18.8 ms, GC Workers: 4]
      [GC Worker Start (ms): Min: 29637396.4, Avg: 29637396.4, Max: 29637396.5, Diff: 0.1]
      [Ext Root Scanning (ms): Min: 0.7, Avg: 0.8, Max: 0.8, Diff: 0.1, Sum: 3.2]
      [Update RS (ms): Min: 2.2, Avg: 2.4, Max: 2.6, Diff: 0.4, Sum: 9.6]
         [Processed Buffers: Min: 1, Avg: 6.8, Max: 11, Diff: 10, Sum: 27]
      [Scan RS (ms): Min: 6.1, Avg: 6.3, Max: 6.5, Diff: 0.4, Sum: 25.1]
      [Code Root Scanning (ms): Min: 0.0, Avg: 0.0, Max: 0.0, Diff: 0.0, Sum: 0.0]
      [Object Copy (ms): Min: 9.0, Avg: 9.1, Max: 9.1, Diff: 0.1, Sum: 36.3]
      [Termination (ms): Min: 0.0, Avg: 0.0, Max: 0.0, Diff: 0.0, Sum: 0.0]
         [Termination Attempts: Min: 1, Avg: 2.0, Max: 3, Diff: 2, Sum: 8]
      [GC Worker Other (ms): Min: 0.0, Avg: 0.1, Max: 0.1, Diff: 0.0, Sum: 0.2]
      [GC Worker Total (ms): Min: 18.6, Avg: 18.6, Max: 18.7, Diff: 0.1, Sum: 74.5]
      [GC Worker End (ms): Min: 29637415.0, Avg: 29637415.1, Max: 29637415.1, Diff: 0.0]
   [Code Root Fixup: 0.0 ms]
   [Code Root Purge: 0.0 ms]
   [Clear CT: 0.0 ms]
   [Other: 0.6 ms]
      [Choose CSet: 0.0 ms]
      [Ref Proc: 0.2 ms]
      [Ref Enq: 0.0 ms]
      [Redirty Cards: 0.1 ms]
      [Humongous Register: 0.0 ms]
      [Humongous Reclaim: 0.0 ms]
      [Free CSet: 0.1 ms]
   [Eden: 46.0M(46.0M)->0.0B(44.0M) Survivors: 5120.0K->7168.0K Heap: 352.7M(1024.0M)->308.7M(1024.0M)]
 [Times: user=0.08 sys=0.00, real=0.02 secs] 
2019-11-03T16:24:42.940+0800: 29648.045: [GC pause (G1 Evacuation Pause) (young), 0.0278749 secs]
   [Parallel Time: 26.6 ms, GC Workers: 4]
      [GC Worker Start (ms): Min: 29648044.7, Avg: 29648049.0, Max: 29648057.4, Diff: 12.7]
      [Ext Root Scanning (ms): Min: 0.0, Avg: 0.7, Max: 2.3, Diff: 2.3, Sum: 2.9]
      [Update RS (ms): Min: 0.0, Avg: 1.4, Max: 2.0, Diff: 2.0, Sum: 5.7]
         [Processed Buffers: Min: 0, Avg: 7.0, Max: 13, Diff: 13, Sum: 28]
      [Scan RS (ms): Min: 0.0, Avg: 5.8, Max: 8.0, Diff: 8.0, Sum: 23.1]
      [Code Root Scanning (ms): Min: 0.0, Avg: 0.0, Max: 0.0, Diff: 0.0, Sum: 0.0]
      [Object Copy (ms): Min: 13.8, Avg: 14.3, Max: 14.6, Diff: 0.8, Sum: 57.3]
      [Termination (ms): Min: 0.0, Avg: 0.0, Max: 0.0, Diff: 0.0, Sum: 0.0]
         [Termination Attempts: Min: 1, Avg: 1.0, Max: 1, Diff: 0, Sum: 4]
      [GC Worker Other (ms): Min: 0.0, Avg: 0.0, Max: 0.0, Diff: 0.0, Sum: 0.1]
      [GC Worker Total (ms): Min: 13.8, Avg: 22.3, Max: 26.5, Diff: 12.7, Sum: 89.1]
      [GC Worker End (ms): Min: 29648071.2, Avg: 29648071.3, Max: 29648071.3, Diff: 0.0]
   [Code Root Fixup: 0.0 ms]
   [Code Root Purge: 0.0 ms]
   [Clear CT: 0.1 ms]
   [Other: 1.2 ms]
      [Choose CSet: 0.0 ms]
      [Ref Proc: 0.5 ms]
      [Ref Enq: 0.0 ms]
      [Redirty Cards: 0.1 ms]
      [Humongous Register: 0.1 ms]
      [Humongous Reclaim: 0.1 ms]
      [Free CSet: 0.2 ms]
   [Eden: 44.0M(44.0M)->0.0B(46.0M) Survivors: 7168.0K->5120.0K Heap: 352.7M(1024.0M)->307.8M(1024.0M)]
 [Times: user=0.05 sys=0.00, real=0.02 secs] 
2019-11-03T16:24:54.066+0800: 29659.170: [GC pause (G1 Evacuation Pause) (young), 0.0195951 secs]
   [Parallel Time: 18.7 ms, GC Workers: 4]
      [GC Worker Start (ms): Min: 29659170.0, Avg: 29659170.0, Max: 29659170.1, Diff: 0.1]
      [Ext Root Scanning (ms): Min: 0.7, Avg: 0.8, Max: 0.8, Diff: 0.1, Sum: 3.1]
      [Update RS (ms): Min: 2.8, Avg: 3.1, Max: 3.6, Diff: 0.7, Sum: 12.2]
         [Processed Buffers: Min: 5, Avg: 8.5, Max: 11, Diff: 6, Sum: 34]
      [Scan RS (ms): Min: 6.6, Avg: 7.2, Max: 7.5, Diff: 0.9, Sum: 29.0]
      [Code Root Scanning (ms): Min: 0.0, Avg: 0.0, Max: 0.0, Diff: 0.0, Sum: 0.0]
      [Object Copy (ms): Min: 7.3, Avg: 7.4, Max: 7.5, Diff: 0.2, Sum: 29.7]
      [Termination (ms): Min: 0.0, Avg: 0.0, Max: 0.0, Diff: 0.0, Sum: 0.0]
         [Termination Attempts: Min: 1, Avg: 1.0, Max: 1, Diff: 0, Sum: 4]
      [GC Worker Other (ms): Min: 0.0, Avg: 0.0, Max: 0.1, Diff: 0.0, Sum: 0.2]
      [GC Worker Total (ms): Min: 18.5, Avg: 18.5, Max: 18.6, Diff: 0.1, Sum: 74.1]
      [GC Worker End (ms): Min: 29659188.6, Avg: 29659188.6, Max: 29659188.6, Diff: 0.1]
   [Code Root Fixup: 0.0 ms]
   [Code Root Purge: 0.0 ms]
   [Clear CT: 0.1 ms]
   [Other: 0.8 ms]
      [Choose CSet: 0.0 ms]
      [Ref Proc: 0.3 ms]
      [Ref Enq: 0.0 ms]
      [Redirty Cards: 0.1 ms]
      [Humongous Register: 0.1 ms]
      [Humongous Reclaim: 0.0 ms]
      [Free CSet: 0.1 ms]
   [Eden: 46.0M(46.0M)->0.0B(46.0M) Survivors: 5120.0K->5120.0K Heap: 353.8M(1024.0M)->307.8M(1024.0M)]
 [Times: user=0.08 sys=0.00, real=0.02 secs] 
2019-11-03T16:25:05.111+0800: 29670.214: [GC pause (G1 Evacuation Pause) (young), 0.0233365 secs]
   [Parallel Time: 22.5 ms, GC Workers: 4]
      [GC Worker Start (ms): Min: 29670214.8, Avg: 29670215.3, Max: 29670215.5, Diff: 0.7]
      [Ext Root Scanning (ms): Min: 0.5, Avg: 0.8, Max: 1.2, Diff: 0.7, Sum: 3.1]
      [Update RS (ms): Min: 2.6, Avg: 5.5, Max: 12.8, Diff: 10.1, Sum: 22.0]
         [Processed Buffers: Min: 1, Avg: 8.8, Max: 13, Diff: 12, Sum: 35]
      [Scan RS (ms): Min: 0.0, Avg: 5.0, Max: 8.5, Diff: 8.5, Sum: 20.0]
      [Code Root Scanning (ms): Min: 0.0, Avg: 0.0, Max: 0.0, Diff: 0.0, Sum: 0.0]
      [Object Copy (ms): Min: 8.3, Avg: 10.6, Max: 12.7, Diff: 4.3, Sum: 42.3]
      [Termination (ms): Min: 0.0, Avg: 0.0, Max: 0.0, Diff: 0.0, Sum: 0.0]
         [Termination Attempts: Min: 1, Avg: 2.8, Max: 5, Diff: 4, Sum: 11]
      [GC Worker Other (ms): Min: 0.0, Avg: 0.1, Max: 0.1, Diff: 0.0, Sum: 0.2]
      [GC Worker Total (ms): Min: 21.6, Avg: 21.9, Max: 22.3, Diff: 0.7, Sum: 87.6]
      [GC Worker End (ms): Min: 29670237.2, Avg: 29670237.2, Max: 29670237.2, Diff: 0.0]
   [Code Root Fixup: 0.0 ms]
   [Code Root Purge: 0.0 ms]
   [Clear CT: 0.1 ms]
   [Other: 0.7 ms]
      [Choose CSet: 0.0 ms]
      [Ref Proc: 0.1 ms]
      [Ref Enq: 0.0 ms]
      [Redirty Cards: 0.1 ms]
      [Humongous Register: 0.1 ms]
      [Humongous Reclaim: 0.0 ms]
      [Free CSet: 0.1 ms]
   [Eden: 46.0M(46.0M)->0.0B(45.0M) Survivors: 5120.0K->6144.0K Heap: 353.8M(1024.0M)->309.3M(1024.0M)]
 [Times: user=0.06 sys=0.00, real=0.02 secs] 
2019-11-03T16:25:15.840+0800: 29680.944: [GC pause (G1 Evacuation Pause) (young), 0.0256487 secs]
   [Parallel Time: 24.6 ms, GC Workers: 4]
      [GC Worker Start (ms): Min: 29680943.8, Avg: 29680945.7, Max: 29680950.4, Diff: 6.6]
      [Ext Root Scanning (ms): Min: 0.0, Avg: 0.8, Max: 1.4, Diff: 1.4, Sum: 3.3]
      [Update RS (ms): Min: 0.0, Avg: 4.0, Max: 5.5, Diff: 5.5, Sum: 16.1]
         [Processed Buffers: Min: 0, Avg: 8.8, Max: 22, Diff: 22, Sum: 35]
      [Scan RS (ms): Min: 4.6, Avg: 4.8, Max: 5.1, Diff: 0.5, Sum: 19.3]
      [Code Root Scanning (ms): Min: 0.0, Avg: 0.0, Max: 0.0, Diff: 0.0, Sum: 0.0]
      [Object Copy (ms): Min: 12.9, Avg: 13.0, Max: 13.1, Diff: 0.1, Sum: 52.0]
      [Termination (ms): Min: 0.0, Avg: 0.0, Max: 0.0, Diff: 0.0, Sum: 0.0]
         [Termination Attempts: Min: 1, Avg: 1.5, Max: 2, Diff: 1, Sum: 6]
      [GC Worker Other (ms): Min: 0.0, Avg: 0.0, Max: 0.0, Diff: 0.0, Sum: 0.1]
      [GC Worker Total (ms): Min: 17.9, Avg: 22.7, Max: 24.6, Diff: 6.6, Sum: 90.8]
      [GC Worker End (ms): Min: 29680968.4, Avg: 29680968.4, Max: 29680968.4, Diff: 0.0]
   [Code Root Fixup: 0.0 ms]
   [Code Root Purge: 0.0 ms]
   [Clear CT: 0.1 ms]
   [Other: 0.9 ms]
      [Choose CSet: 0.0 ms]
      [Ref Proc: 0.2 ms]
      [Ref Enq: 0.0 ms]
      [Redirty Cards: 0.1 ms]
      [Humongous Register: 0.1 ms]
      [Humongous Reclaim: 0.0 ms]
      [Free CSet: 0.1 ms]
   [Eden: 45.0M(45.0M)->0.0B(46.0M) Survivors: 6144.0K->5120.0K Heap: 354.3M(1024.0M)->309.6M(1024.0M)]
 [Times: user=0.07 sys=0.01, real=0.02 secs] 
2019-11-03T16:25:27.033+0800: 29692.136: [GC pause (G1 Evacuation Pause) (young), 0.0193862 secs]
   [Parallel Time: 18.2 ms, GC Workers: 4]
      [GC Worker Start (ms): Min: 29692136.1, Avg: 29692136.1, Max: 29692136.1, Diff: 0.0]
      [Ext Root Scanning (ms): Min: 0.5, Avg: 0.5, Max: 0.5, Diff: 0.1, Sum: 2.0]
      [Update RS (ms): Min: 1.0, Avg: 1.1, Max: 1.2, Diff: 0.2, Sum: 4.3]
         [Processed Buffers: Min: 4, Avg: 8.5, Max: 12, Diff: 8, Sum: 34]
      [Scan RS (ms): Min: 5.8, Avg: 6.8, Max: 9.5, Diff: 3.7, Sum: 27.0]
      [Code Root Scanning (ms): Min: 0.0, Avg: 0.0, Max: 0.0, Diff: 0.0, Sum: 0.0]
      [Object Copy (ms): Min: 6.9, Avg: 9.6, Max: 10.6, Diff: 3.7, Sum: 38.5]
      [Termination (ms): Min: 0.0, Avg: 0.1, Max: 0.2, Diff: 0.2, Sum: 0.5]
         [Termination Attempts: Min: 1, Avg: 1.0, Max: 1, Diff: 0, Sum: 4]
      [GC Worker Other (ms): Min: 0.0, Avg: 0.0, Max: 0.1, Diff: 0.1, Sum: 0.1]
      [GC Worker Total (ms): Min: 18.0, Avg: 18.1, Max: 18.2, Diff: 0.1, Sum: 72.5]
      [GC Worker End (ms): Min: 29692154.2, Avg: 29692154.2, Max: 29692154.3, Diff: 0.1]
   [Code Root Fixup: 0.0 ms]
   [Code Root Purge: 0.0 ms]
   [Clear CT: 0.1 ms]
   [Other: 1.0 ms]
      [Choose CSet: 0.0 ms]
      [Ref Proc: 0.3 ms]
      [Ref Enq: 0.0 ms]
      [Redirty Cards: 0.1 ms]
      [Humongous Register: 0.1 ms]
      [Humongous Reclaim: 0.0 ms]
      [Free CSet: 0.3 ms]
   [Eden: 46.0M(46.0M)->0.0B(47.0M) Survivors: 5120.0K->4096.0K Heap: 355.6M(1024.0M)->308.6M(1024.0M)]
 [Times: user=0.05 sys=0.00, real=0.02 secs] 
2019-11-03T16:25:38.437+0800: 29703.539: [GC pause (G1 Evacuation Pause) (young), 0.0172583 secs]
   [Parallel Time: 16.6 ms, GC Workers: 4]
      [GC Worker Start (ms): Min: 29703539.3, Avg: 29703539.3, Max: 29703539.4, Diff: 0.2]
      [Ext Root Scanning (ms): Min: 0.7, Avg: 0.8, Max: 0.9, Diff: 0.2, Sum: 3.2]
      [Update RS (ms): Min: 2.7, Avg: 2.9, Max: 3.1, Diff: 0.3, Sum: 11.4]
         [Processed Buffers: Min: 4, Avg: 9.2, Max: 14, Diff: 10, Sum: 37]
      [Scan RS (ms): Min: 5.5, Avg: 5.7, Max: 5.8, Diff: 0.3, Sum: 22.7]
      [Code Root Scanning (ms): Min: 0.0, Avg: 0.0, Max: 0.0, Diff: 0.0, Sum: 0.0]
      [Object Copy (ms): Min: 7.0, Avg: 7.1, Max: 7.1, Diff: 0.1, Sum: 28.2]
      [Termination (ms): Min: 0.0, Avg: 0.0, Max: 0.0, Diff: 0.0, Sum: 0.0]
         [Termination Attempts: Min: 1, Avg: 1.0, Max: 1, Diff: 0, Sum: 4]
      [GC Worker Other (ms): Min: 0.0, Avg: 0.0, Max: 0.1, Diff: 0.0, Sum: 0.2]
      [GC Worker Total (ms): Min: 16.4, Avg: 16.4, Max: 16.5, Diff: 0.2, Sum: 65.8]
      [GC Worker End (ms): Min: 29703555.8, Avg: 29703555.8, Max: 29703555.8, Diff: 0.0]
   [Code Root Fixup: 0.0 ms]
   [Code Root Purge: 0.0 ms]
   [Clear CT: 0.1 ms]
   [Other: 0.6 ms]
      [Choose CSet: 0.0 ms]
      [Ref Proc: 0.1 ms]
      [Ref Enq: 0.0 ms]
      [Redirty Cards: 0.1 ms]
      [Humongous Register: 0.0 ms]
      [Humongous Reclaim: 0.0 ms]
      [Free CSet: 0.1 ms]
   [Eden: 47.0M(47.0M)->0.0B(46.0M) Survivors: 4096.0K->5120.0K Heap: 355.6M(1024.0M)->309.1M(1024.0M)]
 [Times: user=0.07 sys=0.00, real=0.02 secs] 
2019-11-03T16:25:49.582+0800: 29714.685: [GC pause (G1 Evacuation Pause) (young), 0.0221313 secs]
   [Parallel Time: 20.9 ms, GC Workers: 4]
      [GC Worker Start (ms): Min: 29714684.9, Avg: 29714685.6, Max: 29714687.4, Diff: 2.6]
      [Ext Root Scanning (ms): Min: 0.0, Avg: 1.2, Max: 1.6, Diff: 1.6, Sum: 4.7]
      [Update RS (ms): Min: 0.9, Avg: 1.6, Max: 2.0, Diff: 1.1, Sum: 6.4]
         [Processed Buffers: Min: 7, Avg: 8.0, Max: 10, Diff: 3, Sum: 32]
      [Scan RS (ms): Min: 3.6, Avg: 3.8, Max: 4.0, Diff: 0.4, Sum: 15.2]
      [Code Root Scanning (ms): Min: 0.0, Avg: 0.0, Max: 0.0, Diff: 0.0, Sum: 0.0]
      [Object Copy (ms): Min: 13.4, Avg: 13.4, Max: 13.5, Diff: 0.2, Sum: 53.7]
      [Termination (ms): Min: 0.0, Avg: 0.1, Max: 0.2, Diff: 0.2, Sum: 0.5]
         [Termination Attempts: Min: 1, Avg: 1.0, Max: 1, Diff: 0, Sum: 4]
      [GC Worker Other (ms): Min: 0.0, Avg: 0.0, Max: 0.0, Diff: 0.0, Sum: 0.1]
      [GC Worker Total (ms): Min: 18.3, Avg: 20.1, Max: 20.8, Diff: 2.5, Sum: 80.6]
      [GC Worker End (ms): Min: 29714705.7, Avg: 29714705.7, Max: 29714705.8, Diff: 0.1]
   [Code Root Fixup: 0.0 ms]
   [Code Root Purge: 0.0 ms]
   [Clear CT: 0.1 ms]
   [Other: 1.1 ms]
      [Choose CSet: 0.0 ms]
      [Ref Proc: 0.4 ms]
      [Ref Enq: 0.0 ms]
      [Redirty Cards: 0.1 ms]
      [Humongous Register: 0.1 ms]
      [Humongous Reclaim: 0.0 ms]
      [Free CSet: 0.1 ms]
   [Eden: 46.0M(46.0M)->0.0B(45.0M) Survivors: 5120.0K->6144.0K Heap: 355.1M(1024.0M)->310.6M(1024.0M)]
 [Times: user=0.06 sys=0.00, real=0.02 secs] 
2019-11-03T16:26:00.504+0800: 29725.606: [GC pause (G1 Evacuation Pause) (young), 0.0184637 secs]
   [Parallel Time: 17.7 ms, GC Workers: 4]
      [GC Worker Start (ms): Min: 29725605.9, Avg: 29725606.2, Max: 29725606.9, Diff: 1.0]
      [Ext Root Scanning (ms): Min: 0.0, Avg: 0.7, Max: 0.9, Diff: 0.9, Sum: 2.6]
      [Update RS (ms): Min: 1.0, Avg: 1.6, Max: 1.9, Diff: 0.9, Sum: 6.3]
         [Processed Buffers: Min: 1, Avg: 9.2, Max: 17, Diff: 16, Sum: 37]
      [Scan RS (ms): Min: 4.8, Avg: 5.3, Max: 6.5, Diff: 1.6, Sum: 21.4]
      [Code Root Scanning (ms): Min: 0.0, Avg: 0.0, Max: 0.0, Diff: 0.0, Sum: 0.0]
      [Object Copy (ms): Min: 8.3, Avg: 9.8, Max: 10.8, Diff: 2.5, Sum: 39.1]
      [Termination (ms): Min: 0.0, Avg: 0.0, Max: 0.0, Diff: 0.0, Sum: 0.0]
         [Termination Attempts: Min: 1, Avg: 1.0, Max: 1, Diff: 0, Sum: 4]
      [GC Worker Other (ms): Min: 0.0, Avg: 0.0, Max: 0.0, Diff: 0.0, Sum: 0.1]
      [GC Worker Total (ms): Min: 16.7, Avg: 17.4, Max: 17.6, Diff: 0.9, Sum: 69.5]
      [GC Worker End (ms): Min: 29725623.5, Avg: 29725623.5, Max: 29725623.5, Diff: 0.0]
   [Code Root Fixup: 0.0 ms]
   [Code Root Purge: 0.0 ms]
   [Clear CT: 0.1 ms]
   [Other: 0.7 ms]
      [Choose CSet: 0.0 ms]
      [Ref Proc: 0.2 ms]
      [Ref Enq: 0.0 ms]
      [Redirty Cards: 0.1 ms]
      [Humongous Register: 0.0 ms]
      [Humongous Reclaim: 0.0 ms]
      [Free CSet: 0.1 ms]
   [Eden: 45.0M(45.0M)->0.0B(46.0M) Survivors: 6144.0K->5120.0K Heap: 355.6M(1024.0M)->310.0M(1024.0M)]
 [Times: user=0.06 sys=0.00, real=0.02 secs] 
2019-11-03T16:26:11.499+0800: 29736.601: [GC pause (G1 Evacuation Pause) (young), 0.0186708 secs]
   [Parallel Time: 18.0 ms, GC Workers: 4]
      [GC Worker Start (ms): Min: 29736600.8, Avg: 29736601.1, Max: 29736601.9, Diff: 1.1]
      [Ext Root Scanning (ms): Min: 0.0, Avg: 0.8, Max: 1.1, Diff: 1.0, Sum: 3.2]
      [Update RS (ms): Min: 3.0, Avg: 3.3, Max: 3.9, Diff: 0.9, Sum: 13.2]
         [Processed Buffers: Min: 2, Avg: 8.8, Max: 17, Diff: 15, Sum: 35]
      [Scan RS (ms): Min: 5.8, Avg: 6.2, Max: 6.6, Diff: 0.8, Sum: 25.0]
      [Code Root Scanning (ms): Min: 0.0, Avg: 0.0, Max: 0.0, Diff: 0.0, Sum: 0.0]
      [Object Copy (ms): Min: 7.2, Avg: 7.3, Max: 7.5, Diff: 0.3, Sum: 29.2]
      [Termination (ms): Min: 0.0, Avg: 0.0, Max: 0.0, Diff: 0.0, Sum: 0.0]
         [Termination Attempts: Min: 1, Avg: 1.0, Max: 1, Diff: 0, Sum: 4]
      [GC Worker Other (ms): Min: 0.0, Avg: 0.0, Max: 0.1, Diff: 0.0, Sum: 0.1]
      [GC Worker Total (ms): Min: 16.8, Avg: 17.7, Max: 18.0, Diff: 1.1, Sum: 70.6]
      [GC Worker End (ms): Min: 29736618.7, Avg: 29736618.7, Max: 29736618.7, Diff: 0.0]
   [Code Root Fixup: 0.0 ms]
   [Code Root Purge: 0.0 ms]
   [Clear CT: 0.1 ms]
   [Other: 0.5 ms]
      [Choose CSet: 0.0 ms]
      [Ref Proc: 0.1 ms]
      [Ref Enq: 0.0 ms]
      [Redirty Cards: 0.1 ms]
      [Humongous Register: 0.0 ms]
      [Humongous Reclaim: 0.0 ms]
      [Free CSet: 0.1 ms]
   [Eden: 46.0M(46.0M)->0.0B(46.0M) Survivors: 5120.0K->5120.0K Heap: 356.0M(1024.0M)->310.0M(1024.0M)]
 [Times: user=0.07 sys=0.00, real=0.02 secs] 
2019-11-03T16:26:22.644+0800: 29747.745: [GC pause (G1 Evacuation Pause) (young), 0.0171780 secs]
   [Parallel Time: 16.4 ms, GC Workers: 4]
      [GC Worker Start (ms): Min: 29747745.3, Avg: 29747745.5, Max: 29747746.2, Diff: 1.0]
      [Ext Root Scanning (ms): Min: 0.0, Avg: 0.7, Max: 0.9, Diff: 0.9, Sum: 2.6]
      [Update RS (ms): Min: 1.0, Avg: 2.7, Max: 3.3, Diff: 2.3, Sum: 10.8]
         [Processed Buffers: Min: 1, Avg: 9.0, Max: 16, Diff: 15, Sum: 36]
      [Scan RS (ms): Min: 3.7, Avg: 3.8, Max: 3.8, Diff: 0.1, Sum: 15.0]
      [Code Root Scanning (ms): Min: 0.0, Avg: 0.0, Max: 0.0, Diff: 0.0, Sum: 0.0]
      [Object Copy (ms): Min: 8.3, Avg: 8.9, Max: 10.7, Diff: 2.4, Sum: 35.8]
      [Termination (ms): Min: 0.0, Avg: 0.0, Max: 0.0, Diff: 0.0, Sum: 0.0]
         [Termination Attempts: Min: 1, Avg: 2.0, Max: 4, Diff: 3, Sum: 8]
      [GC Worker Other (ms): Min: 0.0, Avg: 0.0, Max: 0.0, Diff: 0.0, Sum: 0.1]
      [GC Worker Total (ms): Min: 15.4, Avg: 16.1, Max: 16.4, Diff: 1.0, Sum: 64.4]
      [GC Worker End (ms): Min: 29747761.6, Avg: 29747761.6, Max: 29747761.6, Diff: 0.0]
   [Code Root Fixup: 0.0 ms]
   [Code Root Purge: 0.0 ms]
   [Clear CT: 0.1 ms]
   [Other: 0.7 ms]
      [Choose CSet: 0.0 ms]
      [Ref Proc: 0.2 ms]
      [Ref Enq: 0.0 ms]
      [Redirty Cards: 0.0 ms]
      [Humongous Register: 0.0 ms]
      [Humongous Reclaim: 0.0 ms]
      [Free CSet: 0.1 ms]
   [Eden: 46.0M(46.0M)->0.0B(94.0M) Survivors: 5120.0K->5120.0K Heap: 356.0M(1024.0M)->310.0M(1024.0M)]
 [Times: user=0.06 sys=0.01, real=0.02 secs] 
2019-11-03T16:26:39.979+0800: 29765.079: [GC pause (G1 Evacuation Pause) (young), 0.0230076 secs]
   [Parallel Time: 21.9 ms, GC Workers: 4]
      [GC Worker Start (ms): Min: 29765079.1, Avg: 29765079.2, Max: 29765079.6, Diff: 0.6]
      [Ext Root Scanning (ms): Min: 0.5, Avg: 0.9, Max: 1.1, Diff: 0.6, Sum: 3.7]
      [Update RS (ms): Min: 1.1, Avg: 2.1, Max: 2.5, Diff: 1.4, Sum: 8.5]
         [Processed Buffers: Min: 7, Avg: 9.2, Max: 14, Diff: 7, Sum: 37]
      [Scan RS (ms): Min: 6.3, Avg: 6.4, Max: 6.4, Diff: 0.1, Sum: 25.5]
      [Code Root Scanning (ms): Min: 0.0, Avg: 0.0, Max: 0.0, Diff: 0.0, Sum: 0.0]
      [Object Copy (ms): Min: 11.5, Avg: 11.9, Max: 12.9, Diff: 1.5, Sum: 47.8]
      [Termination (ms): Min: 0.0, Avg: 0.2, Max: 0.3, Diff: 0.3, Sum: 0.7]
         [Termination Attempts: Min: 1, Avg: 1.2, Max: 2, Diff: 1, Sum: 5]
      [GC Worker Other (ms): Min: 0.0, Avg: 0.0, Max: 0.0, Diff: 0.0, Sum: 0.1]
      [GC Worker Total (ms): Min: 21.1, Avg: 21.6, Max: 21.8, Diff: 0.7, Sum: 86.4]
      [GC Worker End (ms): Min: 29765100.7, Avg: 29765100.8, Max: 29765101.0, Diff: 0.2]
   [Code Root Fixup: 0.0 ms]
   [Code Root Purge: 0.0 ms]
   [Clear CT: 0.1 ms]
   [Other: 0.9 ms]
      [Choose CSet: 0.0 ms]
      [Ref Proc: 0.4 ms]
      [Ref Enq: 0.0 ms]
      [Redirty Cards: 0.1 ms]
      [Humongous Register: 0.0 ms]
      [Humongous Reclaim: 0.0 ms]
      [Free CSet: 0.1 ms]
   [Eden: 63.0M(46.0M)->0.0B(62.0M) Survivors: 5120.0K->6144.0K Heap: 373.0M(1024.0M)->311.0M(1024.0M)]
 [Times: user=0.07 sys=0.00, real=0.03 secs] 
2019-11-03T16:26:50.767+0800: 29775.867: [GC pause (G1 Evacuation Pause) (young), 0.0218170 secs]
   [Parallel Time: 20.9 ms, GC Workers: 4]
      [GC Worker Start (ms): Min: 29775866.9, Avg: 29775867.0, Max: 29775867.1, Diff: 0.1]
      [Ext Root Scanning (ms): Min: 0.7, Avg: 0.8, Max: 0.9, Diff: 0.2, Sum: 3.2]
      [Update RS (ms): Min: 1.7, Avg: 2.0, Max: 2.3, Diff: 0.6, Sum: 8.1]
         [Processed Buffers: Min: 6, Avg: 8.2, Max: 12, Diff: 6, Sum: 33]
      [Scan RS (ms): Min: 6.3, Avg: 6.7, Max: 7.1, Diff: 0.7, Sum: 26.7]
      [Code Root Scanning (ms): Min: 0.0, Avg: 0.0, Max: 0.0, Diff: 0.0, Sum: 0.0]
      [Object Copy (ms): Min: 11.0, Avg: 11.1, Max: 11.2, Diff: 0.2, Sum: 44.6]
      [Termination (ms): Min: 0.0, Avg: 0.1, Max: 0.1, Diff: 0.1, Sum: 0.4]
         [Termination Attempts: Min: 1, Avg: 1.0, Max: 1, Diff: 0, Sum: 4]
      [GC Worker Other (ms): Min: 0.0, Avg: 0.0, Max: 0.0, Diff: 0.0, Sum: 0.1]
      [GC Worker Total (ms): Min: 20.7, Avg: 20.8, Max: 20.8, Diff: 0.1, Sum: 83.0]
      [GC Worker End (ms): Min: 29775887.7, Avg: 29775887.7, Max: 29775887.7, Diff: 0.0]
   [Code Root Fixup: 0.0 ms]
   [Code Root Purge: 0.0 ms]
   [Clear CT: 0.2 ms]
   [Other: 0.7 ms]
      [Choose CSet: 0.0 ms]
      [Ref Proc: 0.3 ms]
      [Ref Enq: 0.0 ms]
      [Redirty Cards: 0.1 ms]
      [Humongous Register: 0.0 ms]
      [Humongous Reclaim: 0.0 ms]
      [Free CSet: 0.1 ms]
   [Eden: 45.0M(45.0M)->0.0B(44.0M) Survivors: 6144.0K->7168.0K Heap: 356.0M(1024.0M)->312.3M(1024.0M)]
 [Times: user=0.08 sys=0.00, real=0.02 secs] 
2019-11-03T16:27:01.289+0800: 29786.388: [GC pause (G1 Evacuation Pause) (young), 0.0209162 secs]
   [Parallel Time: 20.2 ms, GC Workers: 4]
      [GC Worker Start (ms): Min: 29786388.5, Avg: 29786388.7, Max: 29786389.2, Diff: 0.7]
      [Ext Root Scanning (ms): Min: 0.3, Avg: 0.9, Max: 1.1, Diff: 0.8, Sum: 3.4]
      [Update RS (ms): Min: 1.7, Avg: 2.0, Max: 2.4, Diff: 0.7, Sum: 8.2]
         [Processed Buffers: Min: 3, Avg: 8.5, Max: 13, Diff: 10, Sum: 34]
      [Scan RS (ms): Min: 6.4, Avg: 6.8, Max: 7.1, Diff: 0.7, Sum: 27.0]
      [Code Root Scanning (ms): Min: 0.0, Avg: 0.0, Max: 0.0, Diff: 0.0, Sum: 0.0]
      [Object Copy (ms): Min: 10.2, Avg: 10.2, Max: 10.3, Diff: 0.2, Sum: 41.0]
      [Termination (ms): Min: 0.0, Avg: 0.0, Max: 0.0, Diff: 0.0, Sum: 0.0]
         [Termination Attempts: Min: 1, Avg: 1.0, Max: 1, Diff: 0, Sum: 4]
      [GC Worker Other (ms): Min: 0.0, Avg: 0.0, Max: 0.1, Diff: 0.0, Sum: 0.1]
      [GC Worker Total (ms): Min: 19.4, Avg: 19.9, Max: 20.1, Diff: 0.8, Sum: 79.8]
      [GC Worker End (ms): Min: 29786408.6, Avg: 29786408.6, Max: 29786408.6, Diff: 0.0]
   [Code Root Fixup: 0.0 ms]
   [Code Root Purge: 0.0 ms]
   [Clear CT: 0.1 ms]
   [Other: 0.6 ms]
      [Choose CSet: 0.0 ms]
      [Ref Proc: 0.2 ms]
      [Ref Enq: 0.0 ms]
      [Redirty Cards: 0.1 ms]
      [Humongous Register: 0.0 ms]
      [Humongous Reclaim: 0.0 ms]
      [Free CSet: 0.1 ms]
   [Eden: 44.0M(44.0M)->0.0B(46.0M) Survivors: 7168.0K->5120.0K Heap: 356.3M(1024.0M)->311.7M(1024.0M)]
 [Times: user=0.08 sys=0.00, real=0.03 secs] 
2019-11-03T16:27:12.262+0800: 29797.361: [GC pause (G1 Evacuation Pause) (young), 0.0206006 secs]
   [Parallel Time: 19.9 ms, GC Workers: 4]
      [GC Worker Start (ms): Min: 29797360.8, Avg: 29797360.9, Max: 29797360.9, Diff: 0.1]
      [Ext Root Scanning (ms): Min: 0.7, Avg: 0.8, Max: 0.8, Diff: 0.1, Sum: 3.1]
      [Update RS (ms): Min: 2.6, Avg: 2.8, Max: 3.2, Diff: 0.6, Sum: 11.2]
         [Processed Buffers: Min: 3, Avg: 8.8, Max: 20, Diff: 17, Sum: 35]
      [Scan RS (ms): Min: 6.6, Avg: 6.9, Max: 7.1, Diff: 0.5, Sum: 27.8]
      [Code Root Scanning (ms): Min: 0.0, Avg: 0.0, Max: 0.0, Diff: 0.0, Sum: 0.0]
      [Object Copy (ms): Min: 9.2, Avg: 9.2, Max: 9.3, Diff: 0.1, Sum: 37.0]
      [Termination (ms): Min: 0.0, Avg: 0.0, Max: 0.0, Diff: 0.0, Sum: 0.0]
         [Termination Attempts: Min: 1, Avg: 1.0, Max: 1, Diff: 0, Sum: 4]
      [GC Worker Other (ms): Min: 0.0, Avg: 0.0, Max: 0.0, Diff: 0.0, Sum: 0.1]
      [GC Worker Total (ms): Min: 19.8, Avg: 19.8, Max: 19.9, Diff: 0.1, Sum: 79.3]
      [GC Worker End (ms): Min: 29797380.7, Avg: 29797380.7, Max: 29797380.7, Diff: 0.0]
   [Code Root Fixup: 0.0 ms]
   [Code Root Purge: 0.0 ms]
   [Clear CT: 0.1 ms]
   [Other: 0.5 ms]
      [Choose CSet: 0.0 ms]
      [Ref Proc: 0.1 ms]
      [Ref Enq: 0.0 ms]
      [Redirty Cards: 0.1 ms]
      [Humongous Register: 0.0 ms]
      [Humongous Reclaim: 0.0 ms]
      [Free CSet: 0.1 ms]
   [Eden: 46.0M(46.0M)->0.0B(45.0M) Survivors: 5120.0K->6144.0K Heap: 357.7M(1024.0M)->313.2M(1024.0M)]
 [Times: user=0.08 sys=0.01, real=0.02 secs] 
2019-11-03T16:27:23.147+0800: 29808.245: [GC pause (G1 Evacuation Pause) (young), 0.0203717 secs]
   [Parallel Time: 19.3 ms, GC Workers: 4]
      [GC Worker Start (ms): Min: 29808245.3, Avg: 29808245.3, Max: 29808245.4, Diff: 0.1]
      [Ext Root Scanning (ms): Min: 0.8, Avg: 0.8, Max: 0.9, Diff: 0.1, Sum: 3.3]
      [Update RS (ms): Min: 2.1, Avg: 2.1, Max: 2.2, Diff: 0.1, Sum: 8.5]
         [Processed Buffers: Min: 4, Avg: 8.0, Max: 14, Diff: 10, Sum: 32]
      [Scan RS (ms): Min: 6.8, Avg: 6.8, Max: 6.9, Diff: 0.0, Sum: 27.3]
      [Code Root Scanning (ms): Min: 0.0, Avg: 0.0, Max: 0.0, Diff: 0.0, Sum: 0.0]
      [Object Copy (ms): Min: 9.3, Avg: 9.3, Max: 9.4, Diff: 0.2, Sum: 37.3]
      [Termination (ms): Min: 0.0, Avg: 0.0, Max: 0.0, Diff: 0.0, Sum: 0.0]
         [Termination Attempts: Min: 1, Avg: 1.0, Max: 1, Diff: 0, Sum: 4]
      [GC Worker Other (ms): Min: 0.0, Avg: 0.0, Max: 0.1, Diff: 0.0, Sum: 0.2]
      [GC Worker Total (ms): Min: 19.1, Avg: 19.2, Max: 19.2, Diff: 0.1, Sum: 76.6]
      [GC Worker End (ms): Min: 29808264.5, Avg: 29808264.5, Max: 29808264.5, Diff: 0.0]
   [Code Root Fixup: 0.0 ms]
   [Code Root Purge: 0.0 ms]
   [Clear CT: 0.1 ms]
   [Other: 1.0 ms]
      [Choose CSet: 0.0 ms]
      [Ref Proc: 0.4 ms]
      [Ref Enq: 0.0 ms]
      [Redirty Cards: 0.2 ms]
      [Humongous Register: 0.0 ms]
      [Humongous Reclaim: 0.0 ms]
      [Free CSet: 0.1 ms]
   [Eden: 45.0M(45.0M)->0.0B(46.0M) Survivors: 6144.0K->5120.0K Heap: 358.2M(1024.0M)->312.7M(1024.0M)]
 [Times: user=0.08 sys=0.01, real=0.02 secs] 
2019-11-03T16:27:34.339+0800: 29819.437: [GC pause (G1 Evacuation Pause) (young), 0.0186033 secs]
   [Parallel Time: 17.8 ms, GC Workers: 4]
      [GC Worker Start (ms): Min: 29819437.0, Avg: 29819437.5, Max: 29819438.9, Diff: 1.9]
      [Ext Root Scanning (ms): Min: 0.0, Avg: 0.8, Max: 1.1, Diff: 1.1, Sum: 3.3]
      [Update RS (ms): Min: 1.2, Avg: 2.5, Max: 3.1, Diff: 2.0, Sum: 9.9]
         [Processed Buffers: Min: 6, Avg: 8.0, Max: 10, Diff: 4, Sum: 32]
      [Scan RS (ms): Min: 6.2, Avg: 6.7, Max: 7.4, Diff: 1.2, Sum: 26.9]
      [Code Root Scanning (ms): Min: 0.0, Avg: 0.0, Max: 0.0, Diff: 0.0, Sum: 0.0]
      [Object Copy (ms): Min: 7.2, Avg: 7.2, Max: 7.2, Diff: 0.1, Sum: 28.8]
      [Termination (ms): Min: 0.0, Avg: 0.0, Max: 0.0, Diff: 0.0, Sum: 0.0]
         [Termination Attempts: Min: 1, Avg: 1.0, Max: 1, Diff: 0, Sum: 4]
      [GC Worker Other (ms): Min: 0.0, Avg: 0.0, Max: 0.1, Diff: 0.0, Sum: 0.2]
      [GC Worker Total (ms): Min: 15.8, Avg: 17.2, Max: 17.7, Diff: 1.9, Sum: 69.0]
      [GC Worker End (ms): Min: 29819454.7, Avg: 29819454.7, Max: 29819454.8, Diff: 0.0]
   [Code Root Fixup: 0.0 ms]
   [Code Root Purge: 0.0 ms]
   [Clear CT: 0.1 ms]
   [Other: 0.7 ms]
      [Choose CSet: 0.0 ms]
      [Ref Proc: 0.2 ms]
      [Ref Enq: 0.0 ms]
      [Redirty Cards: 0.1 ms]
      [Humongous Register: 0.1 ms]
      [Humongous Reclaim: 0.0 ms]
      [Free CSet: 0.1 ms]
   [Eden: 46.0M(46.0M)->0.0B(76.0M) Survivors: 5120.0K->5120.0K Heap: 358.7M(1024.0M)->312.7M(1024.0M)]
 [Times: user=0.07 sys=0.01, real=0.02 secs] 
2019-11-03T16:27:47.827+0800: 29832.924: [GC pause (G1 Evacuation Pause) (young), 0.0201228 secs]
   [Parallel Time: 19.4 ms, GC Workers: 4]
      [GC Worker Start (ms): Min: 29832924.6, Avg: 29832924.7, Max: 29832924.9, Diff: 0.3]
      [Ext Root Scanning (ms): Min: 0.6, Avg: 0.8, Max: 0.9, Diff: 0.3, Sum: 3.2]
      [Update RS (ms): Min: 2.3, Avg: 2.6, Max: 2.9, Diff: 0.6, Sum: 10.5]
         [Processed Buffers: Min: 6, Avg: 8.5, Max: 11, Diff: 5, Sum: 34]
      [Scan RS (ms): Min: 6.4, Avg: 6.8, Max: 7.2, Diff: 0.7, Sum: 27.2]
      [Code Root Scanning (ms): Min: 0.0, Avg: 0.0, Max: 0.0, Diff: 0.0, Sum: 0.0]
      [Object Copy (ms): Min: 8.9, Avg: 9.0, Max: 9.1, Diff: 0.1, Sum: 35.9]
      [Termination (ms): Min: 0.0, Avg: 0.0, Max: 0.0, Diff: 0.0, Sum: 0.0]
         [Termination Attempts: Min: 1, Avg: 1.0, Max: 1, Diff: 0, Sum: 4]
      [GC Worker Other (ms): Min: 0.0, Avg: 0.1, Max: 0.1, Diff: 0.0, Sum: 0.2]
      [GC Worker Total (ms): Min: 19.0, Avg: 19.2, Max: 19.3, Diff: 0.3, Sum: 77.0]
      [GC Worker End (ms): Min: 29832943.9, Avg: 29832943.9, Max: 29832943.9, Diff: 0.0]
   [Code Root Fixup: 0.0 ms]
   [Code Root Purge: 0.0 ms]
   [Clear CT: 0.1 ms]
   [Other: 0.6 ms]
      [Choose CSet: 0.0 ms]
      [Ref Proc: 0.2 ms]
      [Ref Enq: 0.0 ms]
      [Redirty Cards: 0.1 ms]
      [Humongous Register: 0.0 ms]
      [Humongous Reclaim: 0.0 ms]
      [Free CSet: 0.1 ms]
   [Eden: 56.0M(46.0M)->0.0B(89.0M) Survivors: 5120.0K->7168.0K Heap: 368.7M(1024.0M)->314.7M(1024.0M)]
 [Times: user=0.08 sys=0.00, real=0.02 secs] 
2019-11-03T16:27:58.303+0800: 29843.400: [GC pause (G1 Evacuation Pause) (young), 0.0195804 secs]
   [Parallel Time: 18.9 ms, GC Workers: 4]
      [GC Worker Start (ms): Min: 29843400.6, Avg: 29843400.6, Max: 29843400.6, Diff: 0.1]
      [Ext Root Scanning (ms): Min: 0.8, Avg: 0.8, Max: 0.9, Diff: 0.1, Sum: 3.3]
      [Update RS (ms): Min: 1.9, Avg: 2.1, Max: 2.3, Diff: 0.4, Sum: 8.3]
         [Processed Buffers: Min: 5, Avg: 8.0, Max: 14, Diff: 9, Sum: 32]
      [Scan RS (ms): Min: 6.5, Avg: 6.6, Max: 6.8, Diff: 0.3, Sum: 26.4]
      [Code Root Scanning (ms): Min: 0.0, Avg: 0.0, Max: 0.0, Diff: 0.0, Sum: 0.0]
      [Object Copy (ms): Min: 9.1, Avg: 9.2, Max: 9.3, Diff: 0.1, Sum: 36.7]
      [Termination (ms): Min: 0.0, Avg: 0.0, Max: 0.0, Diff: 0.0, Sum: 0.0]
         [Termination Attempts: Min: 1, Avg: 1.0, Max: 1, Diff: 0, Sum: 4]
      [GC Worker Other (ms): Min: 0.0, Avg: 0.0, Max: 0.1, Diff: 0.1, Sum: 0.2]
      [GC Worker Total (ms): Min: 18.7, Avg: 18.8, Max: 18.8, Diff: 0.1, Sum: 75.0]
      [GC Worker End (ms): Min: 29843419.3, Avg: 29843419.4, Max: 29843419.4, Diff: 0.1]
   [Code Root Fixup: 0.0 ms]
   [Code Root Purge: 0.0 ms]
   [Clear CT: 0.1 ms]
   [Other: 0.6 ms]
      [Choose CSet: 0.0 ms]
      [Ref Proc: 0.1 ms]
      [Ref Enq: 0.0 ms]
      [Redirty Cards: 0.1 ms]
      [Humongous Register: 0.0 ms]
      [Humongous Reclaim: 0.0 ms]
      [Free CSet: 0.1 ms]
   [Eden: 44.0M(44.0M)->0.0B(100.0M) Survivors: 7168.0K->5120.0K Heap: 358.7M(1024.0M)->313.9M(1024.0M)]
 [Times: user=0.07 sys=0.00, real=0.02 secs] 
2019-11-03T16:28:09.240+0800: 29854.336: [GC pause (G1 Evacuation Pause) (young), 0.0183453 secs]
   [Parallel Time: 17.6 ms, GC Workers: 4]
      [GC Worker Start (ms): Min: 29854336.5, Avg: 29854336.5, Max: 29854336.6, Diff: 0.1]
      [Ext Root Scanning (ms): Min: 0.8, Avg: 0.8, Max: 0.9, Diff: 0.1, Sum: 3.3]
      [Update RS (ms): Min: 2.1, Avg: 2.4, Max: 2.7, Diff: 0.6, Sum: 9.7]
         [Processed Buffers: Min: 5, Avg: 8.2, Max: 13, Diff: 8, Sum: 33]
      [Scan RS (ms): Min: 7.4, Avg: 7.6, Max: 7.8, Diff: 0.4, Sum: 30.3]
      [Code Root Scanning (ms): Min: 0.0, Avg: 0.0, Max: 0.0, Diff: 0.0, Sum: 0.0]
      [Object Copy (ms): Min: 6.4, Avg: 6.6, Max: 6.7, Diff: 0.3, Sum: 26.2]
      [Termination (ms): Min: 0.0, Avg: 0.0, Max: 0.0, Diff: 0.0, Sum: 0.0]
         [Termination Attempts: Min: 1, Avg: 2.0, Max: 3, Diff: 2, Sum: 8]
      [GC Worker Other (ms): Min: 0.0, Avg: 0.1, Max: 0.1, Diff: 0.0, Sum: 0.3]
      [GC Worker Total (ms): Min: 17.4, Avg: 17.5, Max: 17.5, Diff: 0.1, Sum: 69.9]
      [GC Worker End (ms): Min: 29854354.0, Avg: 29854354.0, Max: 29854354.0, Diff: 0.1]
   [Code Root Fixup: 0.0 ms]
   [Code Root Purge: 0.0 ms]
   [Clear CT: 0.1 ms]
   [Other: 0.6 ms]
      [Choose CSet: 0.0 ms]
      [Ref Proc: 0.2 ms]
      [Ref Enq: 0.0 ms]
      [Redirty Cards: 0.1 ms]
      [Humongous Register: 0.0 ms]
      [Humongous Reclaim: 0.0 ms]
      [Free CSet: 0.1 ms]
   [Eden: 46.0M(46.0M)->0.0B(143.0M) Survivors: 5120.0K->5120.0K Heap: 359.9M(1024.0M)->313.9M(1024.0M)]
 [Times: user=0.07 sys=0.00, real=0.01 secs] 
2019-11-03T16:28:22.370+0800: 29867.466: [GC pause (G1 Evacuation Pause) (young), 0.0167787 secs]
   [Parallel Time: 16.0 ms, GC Workers: 4]
      [GC Worker Start (ms): Min: 29867466.5, Avg: 29867466.8, Max: 29867467.6, Diff: 1.0]
      [Ext Root Scanning (ms): Min: 0.0, Avg: 0.7, Max: 1.0, Diff: 0.9, Sum: 2.8]
      [Update RS (ms): Min: 1.5, Avg: 1.8, Max: 2.1, Diff: 0.6, Sum: 7.0]
         [Processed Buffers: Min: 5, Avg: 6.5, Max: 8, Diff: 3, Sum: 26]
      [Scan RS (ms): Min: 4.2, Avg: 4.5, Max: 4.8, Diff: 0.6, Sum: 18.1]
      [Code Root Scanning (ms): Min: 0.0, Avg: 0.0, Max: 0.0, Diff: 0.0, Sum: 0.0]
      [Object Copy (ms): Min: 8.5, Avg: 8.6, Max: 8.7, Diff: 0.2, Sum: 34.3]
      [Termination (ms): Min: 0.0, Avg: 0.0, Max: 0.0, Diff: 0.0, Sum: 0.0]
         [Termination Attempts: Min: 1, Avg: 1.0, Max: 1, Diff: 0, Sum: 4]
      [GC Worker Other (ms): Min: 0.0, Avg: 0.0, Max: 0.0, Diff: 0.0, Sum: 0.1]
      [GC Worker Total (ms): Min: 14.8, Avg: 15.6, Max: 15.9, Diff: 1.0, Sum: 62.3]
      [GC Worker End (ms): Min: 29867482.4, Avg: 29867482.4, Max: 29867482.4, Diff: 0.0]
   [Code Root Fixup: 0.0 ms]
   [Code Root Purge: 0.0 ms]
   [Clear CT: 0.1 ms]
   [Other: 0.7 ms]
      [Choose CSet: 0.0 ms]
      [Ref Proc: 0.2 ms]
      [Ref Enq: 0.0 ms]
      [Redirty Cards: 0.1 ms]
      [Humongous Register: 0.1 ms]
      [Humongous Reclaim: 0.0 ms]
      [Free CSet: 0.1 ms]
   [Eden: 55.0M(46.0M)->0.0B(199.0M) Survivors: 5120.0K->6144.0K Heap: 368.9M(1024.0M)->314.9M(1024.0M)]
 [Times: user=0.06 sys=0.00, real=0.01 secs] 
2019-11-03T16:28:41.217+0800: 29886.312: [GC pause (G1 Evacuation Pause) (young), 0.0209340 secs]
   [Parallel Time: 20.1 ms, GC Workers: 4]
      [GC Worker Start (ms): Min: 29886312.6, Avg: 29886312.8, Max: 29886313.4, Diff: 0.8]
      [Ext Root Scanning (ms): Min: 0.3, Avg: 0.8, Max: 1.0, Diff: 0.8, Sum: 3.3]
      [Update RS (ms): Min: 2.3, Avg: 2.6, Max: 2.6, Diff: 0.3, Sum: 10.2]
         [Processed Buffers: Min: 1, Avg: 9.2, Max: 21, Diff: 20, Sum: 37]
      [Scan RS (ms): Min: 6.4, Avg: 6.6, Max: 6.9, Diff: 0.5, Sum: 26.4]
      [Code Root Scanning (ms): Min: 0.0, Avg: 0.0, Max: 0.0, Diff: 0.0, Sum: 0.0]
      [Object Copy (ms): Min: 9.7, Avg: 9.8, Max: 9.9, Diff: 0.2, Sum: 39.1]
      [Termination (ms): Min: 0.0, Avg: 0.0, Max: 0.0, Diff: 0.0, Sum: 0.0]
         [Termination Attempts: Min: 1, Avg: 3.8, Max: 6, Diff: 5, Sum: 15]
      [GC Worker Other (ms): Min: 0.0, Avg: 0.1, Max: 0.1, Diff: 0.0, Sum: 0.2]
      [GC Worker Total (ms): Min: 19.3, Avg: 19.8, Max: 20.0, Diff: 0.7, Sum: 79.2]
      [GC Worker End (ms): Min: 29886332.6, Avg: 29886332.6, Max: 29886332.7, Diff: 0.0]
   [Code Root Fixup: 0.0 ms]
   [Code Root Purge: 0.0 ms]
   [Clear CT: 0.1 ms]
   [Other: 0.7 ms]
      [Choose CSet: 0.0 ms]
      [Ref Proc: 0.2 ms]
      [Ref Enq: 0.0 ms]
      [Redirty Cards: 0.1 ms]
      [Humongous Register: 0.0 ms]
      [Humongous Reclaim: 0.0 ms]
      [Free CSet: 0.1 ms]
   [Eden: 78.0M(45.0M)->0.0B(119.0M) Survivors: 6144.0K->6144.0K Heap: 392.9M(1024.0M)->315.8M(1024.0M)]
 [Times: user=0.08 sys=0.00, real=0.02 secs] 
2019-11-03T16:29:00.454+0800: 29905.549: [GC pause (G1 Evacuation Pause) (young), 0.0201490 secs]
   [Parallel Time: 19.5 ms, GC Workers: 4]
      [GC Worker Start (ms): Min: 29905549.4, Avg: 29905549.6, Max: 29905549.9, Diff: 0.4]
      [Ext Root Scanning (ms): Min: 0.6, Avg: 0.9, Max: 1.0, Diff: 0.5, Sum: 3.6]
      [Update RS (ms): Min: 1.8, Avg: 2.4, Max: 2.9, Diff: 1.1, Sum: 9.4]
         [Processed Buffers: Min: 7, Avg: 8.5, Max: 10, Diff: 3, Sum: 34]
      [Scan RS (ms): Min: 6.0, Avg: 6.4, Max: 7.0, Diff: 1.0, Sum: 25.8]
      [Code Root Scanning (ms): Min: 0.0, Avg: 0.0, Max: 0.0, Diff: 0.0, Sum: 0.0]
      [Object Copy (ms): Min: 9.5, Avg: 9.5, Max: 9.6, Diff: 0.1, Sum: 38.1]
      [Termination (ms): Min: 0.0, Avg: 0.0, Max: 0.0, Diff: 0.0, Sum: 0.0]
         [Termination Attempts: Min: 1, Avg: 1.0, Max: 1, Diff: 0, Sum: 4]
      [GC Worker Other (ms): Min: 0.0, Avg: 0.0, Max: 0.0, Diff: 0.0, Sum: 0.2]
      [GC Worker Total (ms): Min: 18.9, Avg: 19.3, Max: 19.4, Diff: 0.5, Sum: 77.0]
      [GC Worker End (ms): Min: 29905568.8, Avg: 29905568.8, Max: 29905568.8, Diff: 0.0]
   [Code Root Fixup: 0.0 ms]
   [Code Root Purge: 0.0 ms]
   [Clear CT: 0.1 ms]
   [Other: 0.6 ms]
      [Choose CSet: 0.0 ms]
      [Ref Proc: 0.1 ms]
      [Ref Enq: 0.0 ms]
      [Redirty Cards: 0.1 ms]
      [Humongous Register: 0.0 ms]
      [Humongous Reclaim: 0.0 ms]
      [Free CSet: 0.1 ms]
   [Eden: 80.0M(45.0M)->0.0B(119.0M) Survivors: 6144.0K->5120.0K Heap: 395.8M(1024.0M)->315.3M(1024.0M)]
 [Times: user=0.07 sys=0.00, real=0.02 secs] 
2019-11-03T16:29:13.216+0800: 29918.310: [GC pause (G1 Evacuation Pause) (young), 0.0192201 secs]
   [Parallel Time: 18.3 ms, GC Workers: 4]
      [GC Worker Start (ms): Min: 29918310.5, Avg: 29918310.7, Max: 29918311.1, Diff: 0.6]
      [Ext Root Scanning (ms): Min: 0.5, Avg: 0.9, Max: 1.1, Diff: 0.6, Sum: 3.6]
      [Update RS (ms): Min: 1.7, Avg: 1.8, Max: 2.1, Diff: 0.4, Sum: 7.2]
         [Processed Buffers: Min: 5, Avg: 8.8, Max: 11, Diff: 6, Sum: 35]
      [Scan RS (ms): Min: 6.3, Avg: 6.5, Max: 6.7, Diff: 0.4, Sum: 26.2]
      [Code Root Scanning (ms): Min: 0.0, Avg: 0.0, Max: 0.0, Diff: 0.0, Sum: 0.0]
      [Object Copy (ms): Min: 8.6, Avg: 8.7, Max: 8.8, Diff: 0.2, Sum: 34.7]
      [Termination (ms): Min: 0.0, Avg: 0.0, Max: 0.0, Diff: 0.0, Sum: 0.0]
         [Termination Attempts: Min: 1, Avg: 1.0, Max: 1, Diff: 0, Sum: 4]
      [GC Worker Other (ms): Min: 0.0, Avg: 0.0, Max: 0.1, Diff: 0.0, Sum: 0.2]
      [GC Worker Total (ms): Min: 17.6, Avg: 18.0, Max: 18.2, Diff: 0.5, Sum: 71.9]
      [GC Worker End (ms): Min: 29918328.6, Avg: 29918328.7, Max: 29918328.7, Diff: 0.0]
   [Code Root Fixup: 0.0 ms]
   [Code Root Purge: 0.0 ms]
   [Clear CT: 0.1 ms]
   [Other: 0.8 ms]
      [Choose CSet: 0.0 ms]
      [Ref Proc: 0.3 ms]
      [Ref Enq: 0.0 ms]
      [Redirty Cards: 0.1 ms]
      [Humongous Register: 0.1 ms]
      [Humongous Reclaim: 0.0 ms]
      [Free CSet: 0.1 ms]
   [Eden: 54.0M(46.0M)->0.0B(115.0M) Survivors: 5120.0K->6144.0K Heap: 369.3M(1024.0M)->316.8M(1024.0M)]
 [Times: user=0.07 sys=0.00, real=0.02 secs] 
2019-11-03T16:29:33.502+0800: 29938.596: [GC pause (G1 Evacuation Pause) (young), 0.0215179 secs]
   [Parallel Time: 20.8 ms, GC Workers: 4]
      [GC Worker Start (ms): Min: 29938596.0, Avg: 29938596.1, Max: 29938596.2, Diff: 0.2]
      [Ext Root Scanning (ms): Min: 0.8, Avg: 0.9, Max: 1.0, Diff: 0.2, Sum: 3.5]
      [Update RS (ms): Min: 1.8, Avg: 2.4, Max: 2.8, Diff: 1.0, Sum: 9.5]
         [Processed Buffers: Min: 1, Avg: 8.8, Max: 13, Diff: 12, Sum: 35]
      [Scan RS (ms): Min: 7.0, Avg: 7.5, Max: 8.1, Diff: 1.1, Sum: 30.0]
      [Code Root Scanning (ms): Min: 0.0, Avg: 0.0, Max: 0.0, Diff: 0.0, Sum: 0.0]
      [Object Copy (ms): Min: 9.8, Avg: 9.9, Max: 9.9, Diff: 0.1, Sum: 39.6]
      [Termination (ms): Min: 0.0, Avg: 0.0, Max: 0.0, Diff: 0.0, Sum: 0.0]
         [Termination Attempts: Min: 1, Avg: 1.0, Max: 1, Diff: 0, Sum: 4]
      [GC Worker Other (ms): Min: 0.0, Avg: 0.0, Max: 0.1, Diff: 0.0, Sum: 0.2]
      [GC Worker Total (ms): Min: 20.6, Avg: 20.7, Max: 20.7, Diff: 0.2, Sum: 82.7]
      [GC Worker End (ms): Min: 29938616.7, Avg: 29938616.7, Max: 29938616.7, Diff: 0.0]
   [Code Root Fixup: 0.0 ms]
   [Code Root Purge: 0.0 ms]
   [Clear CT: 0.1 ms]
   [Other: 0.6 ms]
      [Choose CSet: 0.0 ms]
      [Ref Proc: 0.1 ms]
      [Ref Enq: 0.0 ms]
      [Redirty Cards: 0.1 ms]
      [Humongous Register: 0.1 ms]
      [Humongous Reclaim: 0.0 ms]
      [Free CSet: 0.1 ms]
   [Eden: 84.0M(45.0M)->0.0B(80.0M) Survivors: 6144.0K->5120.0K Heap: 400.8M(1024.0M)->316.0M(1024.0M)]
 [Times: user=0.08 sys=0.00, real=0.02 secs] 
2019-11-03T16:29:49.552+0800: 29954.645: [GC pause (G1 Evacuation Pause) (young), 0.0190739 secs]
   [Parallel Time: 18.3 ms, GC Workers: 4]
      [GC Worker Start (ms): Min: 29954645.2, Avg: 29954645.3, Max: 29954645.3, Diff: 0.1]
      [Ext Root Scanning (ms): Min: 0.4, Avg: 0.5, Max: 0.5, Diff: 0.1, Sum: 1.9]
      [Update RS (ms): Min: 1.0, Avg: 1.2, Max: 1.4, Diff: 0.4, Sum: 4.6]
         [Processed Buffers: Min: 7, Avg: 10.0, Max: 19, Diff: 12, Sum: 40]
      [Scan RS (ms): Min: 5.3, Avg: 5.5, Max: 5.6, Diff: 0.3, Sum: 21.8]
      [Code Root Scanning (ms): Min: 0.0, Avg: 0.0, Max: 0.0, Diff: 0.0, Sum: 0.0]
      [Object Copy (ms): Min: 11.0, Avg: 11.1, Max: 11.1, Diff: 0.1, Sum: 44.2]
      [Termination (ms): Min: 0.0, Avg: 0.0, Max: 0.0, Diff: 0.0, Sum: 0.0]
         [Termination Attempts: Min: 1, Avg: 1.0, Max: 1, Diff: 0, Sum: 4]
      [GC Worker Other (ms): Min: 0.0, Avg: 0.0, Max: 0.1, Diff: 0.0, Sum: 0.2]
      [GC Worker Total (ms): Min: 18.2, Avg: 18.2, Max: 18.2, Diff: 0.0, Sum: 72.8]
      [GC Worker End (ms): Min: 29954663.4, Avg: 29954663.5, Max: 29954663.5, Diff: 0.0]
   [Code Root Fixup: 0.0 ms]
   [Code Root Purge: 0.0 ms]
   [Clear CT: 0.1 ms]
   [Other: 0.7 ms]
      [Choose CSet: 0.0 ms]
      [Ref Proc: 0.2 ms]
      [Ref Enq: 0.0 ms]
      [Redirty Cards: 0.1 ms]
      [Humongous Register: 0.0 ms]
      [Humongous Reclaim: 0.0 ms]
      [Free CSet: 0.1 ms]
   [Eden: 67.0M(46.0M)->0.0B(101.0M) Survivors: 5120.0K->6144.0K Heap: 383.0M(1024.0M)->318.1M(1024.0M)]
 [Times: user=0.06 sys=0.00, real=0.02 secs] 
2019-11-03T16:30:06.832+0800: 29971.924: [GC pause (G1 Evacuation Pause) (young), 0.0251792 secs]
   [Parallel Time: 24.3 ms, GC Workers: 4]
      [GC Worker Start (ms): Min: 29971924.1, Avg: 29971926.5, Max: 29971933.6, Diff: 9.5]
      [Ext Root Scanning (ms): Min: 0.0, Avg: 0.5, Max: 0.7, Diff: 0.6, Sum: 1.9]
      [Update RS (ms): Min: 0.0, Avg: 1.3, Max: 1.8, Diff: 1.8, Sum: 5.0]
         [Processed Buffers: Min: 0, Avg: 8.2, Max: 19, Diff: 19, Sum: 33]
      [Scan RS (ms): Min: 0.0, Avg: 4.5, Max: 6.4, Diff: 6.4, Sum: 18.2]
      [Code Root Scanning (ms): Min: 0.0, Avg: 0.0, Max: 0.0, Diff: 0.0, Sum: 0.0]
      [Object Copy (ms): Min: 13.6, Avg: 14.5, Max: 15.0, Diff: 1.4, Sum: 58.1]
      [Termination (ms): Min: 0.0, Avg: 0.7, Max: 1.0, Diff: 1.0, Sum: 2.9]
         [Termination Attempts: Min: 1, Avg: 1.5, Max: 2, Diff: 1, Sum: 6]
      [GC Worker Other (ms): Min: 0.0, Avg: 0.0, Max: 0.0, Diff: 0.0, Sum: 0.1]
      [GC Worker Total (ms): Min: 14.6, Avg: 21.6, Max: 24.2, Diff: 9.6, Sum: 86.2]
      [GC Worker End (ms): Min: 29971947.4, Avg: 29971948.1, Max: 29971948.3, Diff: 0.9]
   [Code Root Fixup: 0.0 ms]
   [Code Root Purge: 0.0 ms]
   [Clear CT: 0.1 ms]
   [Other: 0.8 ms]
      [Choose CSet: 0.0 ms]
      [Ref Proc: 0.2 ms]
      [Ref Enq: 0.0 ms]
      [Redirty Cards: 0.1 ms]
      [Humongous Register: 0.0 ms]
      [Humongous Reclaim: 0.0 ms]
      [Free CSet: 0.1 ms]
   [Eden: 72.0M(45.0M)->0.0B(46.0M) Survivors: 6144.0K->5120.0K Heap: 390.1M(1024.0M)->317.9M(1024.0M)]
 [Times: user=0.07 sys=0.00, real=0.02 secs] 
2019-11-03T16:30:18.002+0800: 29983.094: [GC pause (G1 Evacuation Pause) (young), 0.0196786 secs]
   [Parallel Time: 19.0 ms, GC Workers: 4]
      [GC Worker Start (ms): Min: 29983093.9, Avg: 29983094.2, Max: 29983095.2, Diff: 1.3]
      [Ext Root Scanning (ms): Min: 0.0, Avg: 0.8, Max: 1.2, Diff: 1.1, Sum: 3.3]
      [Update RS (ms): Min: 2.6, Avg: 2.8, Max: 2.9, Diff: 0.3, Sum: 11.2]
         [Processed Buffers: Min: 1, Avg: 9.5, Max: 21, Diff: 20, Sum: 38]
      [Scan RS (ms): Min: 6.9, Avg: 7.0, Max: 7.1, Diff: 0.2, Sum: 28.1]
      [Code Root Scanning (ms): Min: 0.0, Avg: 0.0, Max: 0.0, Diff: 0.0, Sum: 0.0]
      [Object Copy (ms): Min: 7.8, Avg: 7.9, Max: 7.9, Diff: 0.1, Sum: 31.5]
      [Termination (ms): Min: 0.0, Avg: 0.0, Max: 0.0, Diff: 0.0, Sum: 0.0]
         [Termination Attempts: Min: 1, Avg: 1.0, Max: 1, Diff: 0, Sum: 4]
      [GC Worker Other (ms): Min: 0.0, Avg: 0.0, Max: 0.0, Diff: 0.0, Sum: 0.2]
      [GC Worker Total (ms): Min: 17.6, Avg: 18.6, Max: 18.9, Diff: 1.4, Sum: 74.3]
      [GC Worker End (ms): Min: 29983112.8, Avg: 29983112.8, Max: 29983112.8, Diff: 0.0]
   [Code Root Fixup: 0.0 ms]
   [Code Root Purge: 0.0 ms]
   [Clear CT: 0.1 ms]
   [Other: 0.6 ms]
      [Choose CSet: 0.0 ms]
      [Ref Proc: 0.1 ms]
      [Ref Enq: 0.0 ms]
      [Redirty Cards: 0.1 ms]
      [Humongous Register: 0.0 ms]
      [Humongous Reclaim: 0.0 ms]
      [Free CSet: 0.1 ms]
   [Eden: 46.0M(46.0M)->0.0B(46.0M) Survivors: 5120.0K->5120.0K Heap: 363.9M(1024.0M)->317.9M(1024.0M)]
 [Times: user=0.08 sys=0.01, real=0.02 secs] 
2019-11-03T16:30:29.043+0800: 29994.135: [GC pause (G1 Evacuation Pause) (young), 0.0199567 secs]
   [Parallel Time: 19.1 ms, GC Workers: 4]
      [GC Worker Start (ms): Min: 29994134.9, Avg: 29994134.9, Max: 29994135.0, Diff: 0.1]
      [Ext Root Scanning (ms): Min: 0.7, Avg: 0.7, Max: 0.8, Diff: 0.1, Sum: 3.0]
      [Update RS (ms): Min: 2.6, Avg: 2.8, Max: 3.1, Diff: 0.5, Sum: 11.3]
         [Processed Buffers: Min: 5, Avg: 8.2, Max: 14, Diff: 9, Sum: 33]
      [Scan RS (ms): Min: 7.3, Avg: 7.5, Max: 7.6, Diff: 0.4, Sum: 29.9]
      [Code Root Scanning (ms): Min: 0.0, Avg: 0.0, Max: 0.0, Diff: 0.0, Sum: 0.0]
      [Object Copy (ms): Min: 7.7, Avg: 7.8, Max: 7.9, Diff: 0.2, Sum: 31.2]
      [Termination (ms): Min: 0.0, Avg: 0.0, Max: 0.0, Diff: 0.0, Sum: 0.0]
         [Termination Attempts: Min: 1, Avg: 1.8, Max: 4, Diff: 3, Sum: 7]
      [GC Worker Other (ms): Min: 0.0, Avg: 0.1, Max: 0.1, Diff: 0.1, Sum: 0.2]
      [GC Worker Total (ms): Min: 18.8, Avg: 18.9, Max: 19.0, Diff: 0.1, Sum: 75.6]
      [GC Worker End (ms): Min: 29994153.8, Avg: 29994153.8, Max: 29994153.9, Diff: 0.1]
   [Code Root Fixup: 0.0 ms]
   [Code Root Purge: 0.0 ms]
   [Clear CT: 0.2 ms]
   [Other: 0.6 ms]
      [Choose CSet: 0.0 ms]
      [Ref Proc: 0.2 ms]
      [Ref Enq: 0.0 ms]
      [Redirty Cards: 0.1 ms]
      [Humongous Register: 0.0 ms]
      [Humongous Reclaim: 0.0 ms]
      [Free CSet: 0.1 ms]
   [Eden: 46.0M(46.0M)->0.0B(46.0M) Survivors: 5120.0K->5120.0K Heap: 363.9M(1024.0M)->317.9M(1024.0M)]
 [Times: user=0.07 sys=0.01, real=0.02 secs] 
2019-11-03T16:30:40.064+0800: 30005.155: [GC pause (G1 Evacuation Pause) (young), 0.0202903 secs]
   [Parallel Time: 19.7 ms, GC Workers: 4]
      [GC Worker Start (ms): Min: 30005154.8, Avg: 30005154.8, Max: 30005154.9, Diff: 0.1]
      [Ext Root Scanning (ms): Min: 0.7, Avg: 0.7, Max: 0.8, Diff: 0.1, Sum: 2.9]
      [Update RS (ms): Min: 2.3, Avg: 2.5, Max: 2.7, Diff: 0.4, Sum: 9.9]
         [Processed Buffers: Min: 5, Avg: 9.0, Max: 20, Diff: 15, Sum: 36]
      [Scan RS (ms): Min: 7.8, Avg: 8.0, Max: 8.2, Diff: 0.4, Sum: 31.9]
      [Code Root Scanning (ms): Min: 0.0, Avg: 0.0, Max: 0.0, Diff: 0.0, Sum: 0.0]
      [Object Copy (ms): Min: 8.3, Avg: 8.4, Max: 8.5, Diff: 0.2, Sum: 33.6]
      [Termination (ms): Min: 0.0, Avg: 0.0, Max: 0.0, Diff: 0.0, Sum: 0.0]
         [Termination Attempts: Min: 1, Avg: 1.8, Max: 3, Diff: 2, Sum: 7]
      [GC Worker Other (ms): Min: 0.0, Avg: 0.0, Max: 0.0, Diff: 0.0, Sum: 0.1]
      [GC Worker Total (ms): Min: 19.6, Avg: 19.6, Max: 19.6, Diff: 0.1, Sum: 78.4]
      [GC Worker End (ms): Min: 30005174.4, Avg: 30005174.4, Max: 30005174.4, Diff: 0.0]
   [Code Root Fixup: 0.0 ms]
   [Code Root Purge: 0.0 ms]
   [Clear CT: 0.0 ms]
   [Other: 0.5 ms]
      [Choose CSet: 0.0 ms]
      [Ref Proc: 0.1 ms]
      [Ref Enq: 0.0 ms]
      [Redirty Cards: 0.1 ms]
      [Humongous Register: 0.0 ms]
      [Humongous Reclaim: 0.0 ms]
      [Free CSet: 0.1 ms]
   [Eden: 46.0M(46.0M)->0.0B(46.0M) Survivors: 5120.0K->5120.0K Heap: 363.9M(1024.0M)->317.9M(1024.0M)]
 [Times: user=0.08 sys=0.00, real=0.02 secs] 
2019-11-03T16:30:51.157+0800: 30016.248: [GC pause (G1 Evacuation Pause) (young), 0.0272780 secs]
   [Parallel Time: 26.4 ms, GC Workers: 4]
      [GC Worker Start (ms): Min: 30016248.3, Avg: 30016249.9, Max: 30016253.2, Diff: 4.9]
      [Ext Root Scanning (ms): Min: 0.0, Avg: 4.6, Max: 15.0, Diff: 15.0, Sum: 18.3]
      [Update RS (ms): Min: 0.0, Avg: 3.8, Max: 11.2, Diff: 11.2, Sum: 15.2]
         [Processed Buffers: Min: 0, Avg: 8.5, Max: 14, Diff: 14, Sum: 34]
      [Scan RS (ms): Min: 0.1, Avg: 5.4, Max: 10.0, Diff: 10.0, Sum: 21.8]
      [Code Root Scanning (ms): Min: 0.0, Avg: 0.0, Max: 0.0, Diff: 0.0, Sum: 0.0]
      [Object Copy (ms): Min: 10.7, Avg: 10.8, Max: 10.9, Diff: 0.2, Sum: 43.3]
      [Termination (ms): Min: 0.0, Avg: 0.0, Max: 0.0, Diff: 0.0, Sum: 0.0]
         [Termination Attempts: Min: 1, Avg: 1.2, Max: 2, Diff: 1, Sum: 5]
      [GC Worker Other (ms): Min: 0.0, Avg: 0.0, Max: 0.0, Diff: 0.0, Sum: 0.1]
      [GC Worker Total (ms): Min: 21.4, Avg: 24.7, Max: 26.3, Diff: 4.9, Sum: 98.7]
      [GC Worker End (ms): Min: 30016274.6, Avg: 30016274.6, Max: 30016274.6, Diff: 0.0]
   [Code Root Fixup: 0.0 ms]
   [Code Root Purge: 0.0 ms]
   [Clear CT: 0.1 ms]
   [Other: 0.8 ms]
      [Choose CSet: 0.0 ms]
      [Ref Proc: 0.2 ms]
      [Ref Enq: 0.0 ms]
      [Redirty Cards: 0.1 ms]
      [Humongous Register: 0.1 ms]
      [Humongous Reclaim: 0.1 ms]
      [Free CSet: 0.1 ms]
   [Eden: 46.0M(46.0M)->0.0B(44.0M) Survivors: 5120.0K->7168.0K Heap: 363.9M(1024.0M)->319.9M(1024.0M)]
 [Times: user=0.07 sys=0.01, real=0.03 secs] 
2019-11-03T16:31:01.813+0800: 30026.904: [GC pause (G1 Evacuation Pause) (young), 0.0247229 secs]
   [Parallel Time: 23.9 ms, GC Workers: 4]
      [GC Worker Start (ms): Min: 30026903.9, Avg: 30026904.6, Max: 30026905.5, Diff: 1.7]
      [Ext Root Scanning (ms): Min: 0.0, Avg: 0.8, Max: 1.6, Diff: 1.6, Sum: 3.2]
      [Update RS (ms): Min: 0.0, Avg: 1.9, Max: 2.7, Diff: 2.7, Sum: 7.7]
         [Processed Buffers: Min: 0, Avg: 8.2, Max: 15, Diff: 15, Sum: 33]
      [Scan RS (ms): Min: 3.7, Avg: 7.2, Max: 10.4, Diff: 6.7, Sum: 29.0]
      [Code Root Scanning (ms): Min: 0.0, Avg: 0.0, Max: 0.0, Diff: 0.0, Sum: 0.0]
      [Object Copy (ms): Min: 9.3, Avg: 13.0, Max: 18.5, Diff: 9.2, Sum: 51.9]
      [Termination (ms): Min: 0.0, Avg: 0.0, Max: 0.0, Diff: 0.0, Sum: 0.0]
         [Termination Attempts: Min: 1, Avg: 1.0, Max: 1, Diff: 0, Sum: 4]
      [GC Worker Other (ms): Min: 0.0, Avg: 0.1, Max: 0.1, Diff: 0.1, Sum: 0.2]
      [GC Worker Total (ms): Min: 22.1, Avg: 23.0, Max: 23.8, Diff: 1.7, Sum: 92.0]
      [GC Worker End (ms): Min: 30026927.6, Avg: 30026927.7, Max: 30026927.7, Diff: 0.1]
   [Code Root Fixup: 0.0 ms]
   [Code Root Purge: 0.0 ms]
   [Clear CT: 0.1 ms]
   [Other: 0.7 ms]
      [Choose CSet: 0.0 ms]
      [Ref Proc: 0.2 ms]
      [Ref Enq: 0.0 ms]
      [Redirty Cards: 0.1 ms]
      [Humongous Register: 0.1 ms]
      [Humongous Reclaim: 0.0 ms]
      [Free CSet: 0.1 ms]
   [Eden: 44.0M(44.0M)->0.0B(46.0M) Survivors: 7168.0K->5120.0K Heap: 363.9M(1024.0M)->319.9M(1024.0M)]
 [Times: user=0.07 sys=0.00, real=0.02 secs] 
2019-11-03T16:31:12.808+0800: 30037.898: [GC pause (G1 Evacuation Pause) (young), 0.0201719 secs]
   [Parallel Time: 19.1 ms, GC Workers: 4]
      [GC Worker Start (ms): Min: 30037898.4, Avg: 30037899.6, Max: 30037902.1, Diff: 3.7]
      [Ext Root Scanning (ms): Min: 0.0, Avg: 2.0, Max: 3.1, Diff: 3.1, Sum: 7.9]
      [Update RS (ms): Min: 1.5, Avg: 2.2, Max: 2.8, Diff: 1.2, Sum: 9.0]
         [Processed Buffers: Min: 6, Avg: 8.2, Max: 11, Diff: 5, Sum: 33]
      [Scan RS (ms): Min: 5.4, Avg: 5.6, Max: 5.9, Diff: 0.5, Sum: 22.6]
      [Code Root Scanning (ms): Min: 0.0, Avg: 0.0, Max: 0.0, Diff: 0.0, Sum: 0.0]
      [Object Copy (ms): Min: 7.8, Avg: 7.9, Max: 8.0, Diff: 0.2, Sum: 31.5]
      [Termination (ms): Min: 0.0, Avg: 0.0, Max: 0.0, Diff: 0.0, Sum: 0.0]
         [Termination Attempts: Min: 1, Avg: 1.5, Max: 2, Diff: 1, Sum: 6]
      [GC Worker Other (ms): Min: 0.0, Avg: 0.0, Max: 0.0, Diff: 0.0, Sum: 0.1]
      [GC Worker Total (ms): Min: 15.3, Avg: 17.7, Max: 19.0, Diff: 3.7, Sum: 71.0]
      [GC Worker End (ms): Min: 30037917.4, Avg: 30037917.4, Max: 30037917.4, Diff: 0.0]
   [Code Root Fixup: 0.0 ms]
   [Code Root Purge: 0.0 ms]
   [Clear CT: 0.1 ms]
   [Other: 1.0 ms]
      [Choose CSet: 0.0 ms]
      [Ref Proc: 0.3 ms]
      [Ref Enq: 0.0 ms]
      [Redirty Cards: 0.1 ms]
      [Humongous Register: 0.1 ms]
      [Humongous Reclaim: 0.0 ms]
      [Free CSet: 0.2 ms]
   [Eden: 46.0M(46.0M)->0.0B(46.0M) Survivors: 5120.0K->5120.0K Heap: 365.9M(1024.0M)->319.4M(1024.0M)]
 [Times: user=0.05 sys=0.01, real=0.02 secs] 
2019-11-03T16:31:23.955+0800: 30049.044: [GC pause (G1 Evacuation Pause) (young), 0.0215121 secs]
   [Parallel Time: 20.8 ms, GC Workers: 4]
      [GC Worker Start (ms): Min: 30049044.2, Avg: 30049044.4, Max: 30049044.7, Diff: 0.5]
      [Ext Root Scanning (ms): Min: 0.5, Avg: 0.8, Max: 0.9, Diff: 0.5, Sum: 3.1]
      [Update RS (ms): Min: 2.5, Avg: 2.7, Max: 2.9, Diff: 0.4, Sum: 10.7]
         [Processed Buffers: Min: 3, Avg: 8.8, Max: 17, Diff: 14, Sum: 35]
      [Scan RS (ms): Min: 7.2, Avg: 7.5, Max: 7.6, Diff: 0.4, Sum: 30.0]
      [Code Root Scanning (ms): Min: 0.0, Avg: 0.0, Max: 0.0, Diff: 0.0, Sum: 0.0]
      [Object Copy (ms): Min: 9.5, Avg: 9.5, Max: 9.6, Diff: 0.1, Sum: 38.2]
      [Termination (ms): Min: 0.0, Avg: 0.0, Max: 0.0, Diff: 0.0, Sum: 0.0]
         [Termination Attempts: Min: 1, Avg: 1.0, Max: 1, Diff: 0, Sum: 4]
      [GC Worker Other (ms): Min: 0.0, Avg: 0.0, Max: 0.0, Diff: 0.0, Sum: 0.1]
      [GC Worker Total (ms): Min: 20.2, Avg: 20.5, Max: 20.7, Diff: 0.5, Sum: 82.1]
      [GC Worker End (ms): Min: 30049064.9, Avg: 30049064.9, Max: 30049064.9, Diff: 0.0]
   [Code Root Fixup: 0.0 ms]
   [Code Root Purge: 0.0 ms]
   [Clear CT: 0.1 ms]
   [Other: 0.6 ms]
      [Choose CSet: 0.0 ms]
      [Ref Proc: 0.1 ms]
      [Ref Enq: 0.0 ms]
      [Redirty Cards: 0.1 ms]
      [Humongous Register: 0.0 ms]
      [Humongous Reclaim: 0.0 ms]
      [Free CSet: 0.1 ms]
   [Eden: 46.0M(46.0M)->0.0B(45.0M) Survivors: 5120.0K->6144.0K Heap: 365.4M(1024.0M)->320.9M(1024.0M)]
 [Times: user=0.07 sys=0.00, real=0.02 secs] 
2019-11-03T16:31:34.729+0800: 30059.818: [GC pause (G1 Evacuation Pause) (young), 0.0199848 secs]
   [Parallel Time: 19.3 ms, GC Workers: 4]
      [GC Worker Start (ms): Min: 30059818.2, Avg: 30059818.4, Max: 30059818.7, Diff: 0.5]
      [Ext Root Scanning (ms): Min: 0.7, Avg: 1.1, Max: 1.2, Diff: 0.5, Sum: 4.2]
      [Update RS (ms): Min: 2.4, Avg: 2.5, Max: 2.6, Diff: 0.2, Sum: 10.1]
         [Processed Buffers: Min: 3, Avg: 7.5, Max: 12, Diff: 9, Sum: 30]
      [Scan RS (ms): Min: 6.0, Avg: 6.3, Max: 6.6, Diff: 0.6, Sum: 25.1]
      [Code Root Scanning (ms): Min: 0.0, Avg: 0.0, Max: 0.0, Diff: 0.0, Sum: 0.0]
      [Object Copy (ms): Min: 8.8, Avg: 9.2, Max: 9.7, Diff: 0.9, Sum: 36.6]
      [Termination (ms): Min: 0.0, Avg: 0.0, Max: 0.0, Diff: 0.0, Sum: 0.0]
         [Termination Attempts: Min: 1, Avg: 1.8, Max: 3, Diff: 2, Sum: 7]
      [GC Worker Other (ms): Min: 0.0, Avg: 0.0, Max: 0.1, Diff: 0.0, Sum: 0.2]
      [GC Worker Total (ms): Min: 18.7, Avg: 19.1, Max: 19.2, Diff: 0.5, Sum: 76.3]
      [GC Worker End (ms): Min: 30059837.4, Avg: 30059837.4, Max: 30059837.4, Diff: 0.0]
   [Code Root Fixup: 0.0 ms]
   [Code Root Purge: 0.0 ms]
   [Clear CT: 0.1 ms]
   [Other: 0.6 ms]
      [Choose CSet: 0.0 ms]
      [Ref Proc: 0.1 ms]
      [Ref Enq: 0.0 ms]
      [Redirty Cards: 0.1 ms]
      [Humongous Register: 0.0 ms]
      [Humongous Reclaim: 0.0 ms]
      [Free CSet: 0.1 ms]
   [Eden: 45.0M(45.0M)->0.0B(46.0M) Survivors: 6144.0K->5120.0K Heap: 365.9M(1024.0M)->320.4M(1024.0M)]
 [Times: user=0.08 sys=0.00, real=0.02 secs] 
2019-11-03T16:31:45.702+0800: 30070.790: [GC pause (G1 Evacuation Pause) (young), 0.0151577 secs]
   [Parallel Time: 14.2 ms, GC Workers: 4]
      [GC Worker Start (ms): Min: 30070790.2, Avg: 30070790.3, Max: 30070790.6, Diff: 0.4]
      [Ext Root Scanning (ms): Min: 0.4, Avg: 0.6, Max: 0.8, Diff: 0.4, Sum: 2.5]
      [Update RS (ms): Min: 1.1, Avg: 1.3, Max: 1.7, Diff: 0.6, Sum: 5.0]
         [Processed Buffers: Min: 6, Avg: 8.5, Max: 13, Diff: 7, Sum: 34]
      [Scan RS (ms): Min: 4.3, Avg: 4.7, Max: 4.9, Diff: 0.5, Sum: 18.7]
      [Code Root Scanning (ms): Min: 0.0, Avg: 0.0, Max: 0.0, Diff: 0.0, Sum: 0.0]
      [Object Copy (ms): Min: 7.3, Avg: 7.4, Max: 7.5, Diff: 0.1, Sum: 29.6]
      [Termination (ms): Min: 0.0, Avg: 0.0, Max: 0.0, Diff: 0.0, Sum: 0.0]
         [Termination Attempts: Min: 1, Avg: 3.8, Max: 6, Diff: 5, Sum: 15]
      [GC Worker Other (ms): Min: 0.0, Avg: 0.0, Max: 0.0, Diff: 0.0, Sum: 0.1]
      [GC Worker Total (ms): Min: 13.7, Avg: 14.0, Max: 14.1, Diff: 0.4, Sum: 55.9]
      [GC Worker End (ms): Min: 30070804.3, Avg: 30070804.3, Max: 30070804.3, Diff: 0.0]
   [Code Root Fixup: 0.0 ms]
   [Code Root Purge: 0.0 ms]
   [Clear CT: 0.1 ms]
   [Other: 0.8 ms]
      [Choose CSet: 0.0 ms]
      [Ref Proc: 0.4 ms]
      [Ref Enq: 0.0 ms]
      [Redirty Cards: 0.1 ms]
      [Humongous Register: 0.0 ms]
      [Humongous Reclaim: 0.0 ms]
      [Free CSet: 0.1 ms]
   [Eden: 46.0M(46.0M)->0.0B(52.0M) Survivors: 5120.0K->5120.0K Heap: 366.4M(1024.0M)->320.4M(1024.0M)]
 [Times: user=0.05 sys=0.00, real=0.01 secs] 
2019-11-03T16:31:58.203+0800: 30083.291: [GC pause (G1 Evacuation Pause) (young), 0.0180367 secs]
   [Parallel Time: 17.4 ms, GC Workers: 4]
      [GC Worker Start (ms): Min: 30083291.4, Avg: 30083291.4, Max: 30083291.4, Diff: 0.1]
      [Ext Root Scanning (ms): Min: 0.7, Avg: 0.8, Max: 0.8, Diff: 0.1, Sum: 3.0]
      [Update RS (ms): Min: 2.3, Avg: 2.4, Max: 2.5, Diff: 0.2, Sum: 9.5]
         [Processed Buffers: Min: 1, Avg: 8.5, Max: 16, Diff: 15, Sum: 34]
      [Scan RS (ms): Min: 5.9, Avg: 6.0, Max: 6.0, Diff: 0.1, Sum: 23.9]
      [Code Root Scanning (ms): Min: 0.0, Avg: 0.0, Max: 0.0, Diff: 0.0, Sum: 0.0]
      [Object Copy (ms): Min: 8.1, Avg: 8.1, Max: 8.2, Diff: 0.1, Sum: 32.6]
      [Termination (ms): Min: 0.0, Avg: 0.0, Max: 0.0, Diff: 0.0, Sum: 0.0]
         [Termination Attempts: Min: 1, Avg: 1.0, Max: 1, Diff: 0, Sum: 4]
      [GC Worker Other (ms): Min: 0.0, Avg: 0.0, Max: 0.0, Diff: 0.0, Sum: 0.1]
      [GC Worker Total (ms): Min: 17.3, Avg: 17.3, Max: 17.3, Diff: 0.1, Sum: 69.2]
      [GC Worker End (ms): Min: 30083308.7, Avg: 30083308.7, Max: 30083308.7, Diff: 0.0]
   [Code Root Fixup: 0.0 ms]
   [Code Root Purge: 0.0 ms]
   [Clear CT: 0.1 ms]
   [Other: 0.6 ms]
      [Choose CSet: 0.0 ms]
      [Ref Proc: 0.1 ms]
      [Ref Enq: 0.0 ms]
      [Redirty Cards: 0.1 ms]
      [Humongous Register: 0.0 ms]
      [Humongous Reclaim: 0.0 ms]
      [Free CSet: 0.1 ms]
   [Eden: 52.0M(52.0M)->0.0B(95.0M) Survivors: 5120.0K->5120.0K Heap: 372.4M(1024.0M)->320.9M(1024.0M)]
 [Times: user=0.07 sys=0.00, real=0.02 secs] 
2019-11-03T16:32:20.867+0800: 30105.954: [GC pause (G1 Evacuation Pause) (young), 0.0219161 secs]
   [Parallel Time: 20.9 ms, GC Workers: 4]
      [GC Worker Start (ms): Min: 30105954.1, Avg: 30105954.3, Max: 30105954.8, Diff: 0.6]
      [Ext Root Scanning (ms): Min: 0.3, Avg: 0.8, Max: 1.0, Diff: 0.6, Sum: 3.2]
      [Update RS (ms): Min: 2.0, Avg: 2.5, Max: 3.2, Diff: 1.2, Sum: 9.9]
         [Processed Buffers: Min: 5, Avg: 9.8, Max: 14, Diff: 9, Sum: 39]
      [Scan RS (ms): Min: 5.6, Avg: 6.3, Max: 6.8, Diff: 1.2, Sum: 25.4]
      [Code Root Scanning (ms): Min: 0.0, Avg: 0.0, Max: 0.0, Diff: 0.0, Sum: 0.0]
      [Object Copy (ms): Min: 10.1, Avg: 10.2, Max: 10.3, Diff: 0.2, Sum: 40.7]
      [Termination (ms): Min: 0.0, Avg: 0.3, Max: 0.8, Diff: 0.8, Sum: 1.1]
         [Termination Attempts: Min: 1, Avg: 1.0, Max: 1, Diff: 0, Sum: 4]
      [GC Worker Other (ms): Min: 0.0, Avg: 0.0, Max: 0.0, Diff: 0.0, Sum: 0.1]
      [GC Worker Total (ms): Min: 19.4, Avg: 20.1, Max: 20.8, Diff: 1.3, Sum: 80.3]
      [GC Worker End (ms): Min: 30105974.2, Avg: 30105974.4, Max: 30105974.9, Diff: 0.7]
   [Code Root Fixup: 0.0 ms]
   [Code Root Purge: 0.0 ms]
   [Clear CT: 0.1 ms]
   [Other: 1.0 ms]
      [Choose CSet: 0.0 ms]
      [Ref Proc: 0.5 ms]
      [Ref Enq: 0.0 ms]
      [Redirty Cards: 0.1 ms]
      [Humongous Register: 0.0 ms]
      [Humongous Reclaim: 0.0 ms]
      [Free CSet: 0.1 ms]
   [Eden: 94.0M(46.0M)->0.0B(58.0M) Survivors: 5120.0K->5120.0K Heap: 414.9M(1024.0M)->320.7M(1024.0M)]
 [Times: user=0.07 sys=0.00, real=0.02 secs] 
2019-11-03T16:32:34.967+0800: 30120.053: [GC pause (G1 Evacuation Pause) (young), 0.0212412 secs]
   [Parallel Time: 20.4 ms, GC Workers: 4]
      [GC Worker Start (ms): Min: 30120053.7, Avg: 30120053.7, Max: 30120053.7, Diff: 0.1]
      [Ext Root Scanning (ms): Min: 0.8, Avg: 0.9, Max: 0.9, Diff: 0.1, Sum: 3.4]
      [Update RS (ms): Min: 1.8, Avg: 2.1, Max: 2.4, Diff: 0.6, Sum: 8.6]
         [Processed Buffers: Min: 6, Avg: 8.5, Max: 12, Diff: 6, Sum: 34]
      [Scan RS (ms): Min: 6.5, Avg: 6.8, Max: 7.2, Diff: 0.6, Sum: 27.4]
      [Code Root Scanning (ms): Min: 0.0, Avg: 0.0, Max: 0.0, Diff: 0.0, Sum: 0.0]
      [Object Copy (ms): Min: 10.3, Avg: 10.4, Max: 10.6, Diff: 0.3, Sum: 41.7]
      [Termination (ms): Min: 0.0, Avg: 0.0, Max: 0.0, Diff: 0.0, Sum: 0.0]
         [Termination Attempts: Min: 1, Avg: 1.2, Max: 2, Diff: 1, Sum: 5]
      [GC Worker Other (ms): Min: 0.0, Avg: 0.0, Max: 0.1, Diff: 0.0, Sum: 0.2]
      [GC Worker Total (ms): Min: 20.3, Avg: 20.3, Max: 20.3, Diff: 0.0, Sum: 81.2]
      [GC Worker End (ms): Min: 30120074.0, Avg: 30120074.0, Max: 30120074.0, Diff: 0.0]
   [Code Root Fixup: 0.0 ms]
   [Code Root Purge: 0.0 ms]
   [Clear CT: 0.1 ms]
   [Other: 0.7 ms]
      [Choose CSet: 0.0 ms]
      [Ref Proc: 0.2 ms]
      [Ref Enq: 0.0 ms]
      [Redirty Cards: 0.1 ms]
      [Humongous Register: 0.0 ms]
      [Humongous Reclaim: 0.0 ms]
      [Free CSet: 0.1 ms]
   [Eden: 58.0M(58.0M)->0.0B(44.0M) Survivors: 5120.0K->7168.0K Heap: 378.7M(1024.0M)->322.7M(1024.0M)]
 [Times: user=0.08 sys=0.00, real=0.02 secs] 
2019-11-03T16:32:47.877+0800: 30132.963: [GC pause (G1 Evacuation Pause) (young), 0.0239519 secs]
   [Parallel Time: 23.2 ms, GC Workers: 4]
      [GC Worker Start (ms): Min: 30132962.9, Avg: 30132962.9, Max: 30132963.0, Diff: 0.1]
      [Ext Root Scanning (ms): Min: 1.1, Avg: 2.9, Max: 7.8, Diff: 6.6, Sum: 11.5]
      [Update RS (ms): Min: 0.0, Avg: 2.1, Max: 3.1, Diff: 3.1, Sum: 8.5]
         [Processed Buffers: Min: 0, Avg: 9.8, Max: 15, Diff: 15, Sum: 39]
      [Scan RS (ms): Min: 4.6, Avg: 7.3, Max: 8.3, Diff: 3.8, Sum: 29.1]
      [Code Root Scanning (ms): Min: 0.0, Avg: 0.0, Max: 0.0, Diff: 0.0, Sum: 0.0]
      [Object Copy (ms): Min: 10.8, Avg: 10.8, Max: 10.9, Diff: 0.1, Sum: 43.3]
      [Termination (ms): Min: 0.0, Avg: 0.0, Max: 0.0, Diff: 0.0, Sum: 0.0]
         [Termination Attempts: Min: 1, Avg: 1.0, Max: 1, Diff: 0, Sum: 4]
      [GC Worker Other (ms): Min: 0.0, Avg: 0.0, Max: 0.0, Diff: 0.0, Sum: 0.1]
      [GC Worker Total (ms): Min: 23.1, Avg: 23.1, Max: 23.2, Diff: 0.1, Sum: 92.5]
      [GC Worker End (ms): Min: 30132986.0, Avg: 30132986.0, Max: 30132986.0, Diff: 0.0]
   [Code Root Fixup: 0.0 ms]
   [Code Root Purge: 0.0 ms]
   [Clear CT: 0.0 ms]
   [Other: 0.6 ms]
      [Choose CSet: 0.0 ms]
      [Ref Proc: 0.2 ms]
      [Ref Enq: 0.0 ms]
      [Redirty Cards: 0.1 ms]
      [Humongous Register: 0.0 ms]
      [Humongous Reclaim: 0.0 ms]
      [Free CSet: 0.1 ms]
   [Eden: 44.0M(44.0M)->0.0B(46.0M) Survivors: 7168.0K->5120.0K Heap: 366.7M(1024.0M)->322.3M(1024.0M)]
 [Times: user=0.07 sys=0.00, real=0.03 secs] 
2019-11-03T16:32:59.343+0800: 30144.429: [GC pause (G1 Evacuation Pause) (young), 0.0299418 secs]
   [Parallel Time: 29.1 ms, GC Workers: 4]
      [GC Worker Start (ms): Min: 30144428.8, Avg: 30144429.3, Max: 30144430.1, Diff: 1.2]
      [Ext Root Scanning (ms): Min: 0.0, Avg: 0.7, Max: 1.2, Diff: 1.2, Sum: 2.8]
      [Update RS (ms): Min: 0.0, Avg: 1.2, Max: 2.2, Diff: 2.2, Sum: 4.8]
         [Processed Buffers: Min: 0, Avg: 8.2, Max: 17, Diff: 17, Sum: 33]
      [Scan RS (ms): Min: 0.0, Avg: 4.8, Max: 6.7, Diff: 6.7, Sum: 19.2]
      [Code Root Scanning (ms): Min: 0.0, Avg: 0.0, Max: 0.0, Diff: 0.0, Sum: 0.0]
      [Object Copy (ms): Min: 19.2, Avg: 21.6, Max: 27.6, Diff: 8.4, Sum: 86.4]
      [Termination (ms): Min: 0.0, Avg: 0.1, Max: 0.2, Diff: 0.2, Sum: 0.4]
         [Termination Attempts: Min: 1, Avg: 1.0, Max: 1, Diff: 0, Sum: 4]
      [GC Worker Other (ms): Min: 0.0, Avg: 0.0, Max: 0.0, Diff: 0.0, Sum: 0.1]
      [GC Worker Total (ms): Min: 27.7, Avg: 28.5, Max: 29.0, Diff: 1.3, Sum: 113.9]
      [GC Worker End (ms): Min: 30144457.7, Avg: 30144457.8, Max: 30144457.8, Diff: 0.1]
   [Code Root Fixup: 0.0 ms]
   [Code Root Purge: 0.0 ms]
   [Clear CT: 0.1 ms]
   [Other: 0.8 ms]
      [Choose CSet: 0.0 ms]
      [Ref Proc: 0.3 ms]
      [Ref Enq: 0.0 ms]
      [Redirty Cards: 0.1 ms]
      [Humongous Register: 0.1 ms]
      [Humongous Reclaim: 0.0 ms]
      [Free CSet: 0.1 ms]
   [Eden: 46.0M(46.0M)->0.0B(45.0M) Survivors: 5120.0K->6144.0K Heap: 368.3M(1024.0M)->323.8M(1024.0M)]
 [Times: user=0.06 sys=0.00, real=0.03 secs] 
2019-11-03T16:33:10.071+0800: 30155.156: [GC pause (G1 Evacuation Pause) (young), 0.0204511 secs]
   [Parallel Time: 19.3 ms, GC Workers: 4]
      [GC Worker Start (ms): Min: 30155156.1, Avg: 30155156.2, Max: 30155156.2, Diff: 0.1]
      [Ext Root Scanning (ms): Min: 0.6, Avg: 0.7, Max: 0.7, Diff: 0.1, Sum: 2.7]
      [Update RS (ms): Min: 1.8, Avg: 2.6, Max: 3.6, Diff: 1.8, Sum: 10.4]
         [Processed Buffers: Min: 0, Avg: 9.0, Max: 31, Diff: 31, Sum: 36]
      [Scan RS (ms): Min: 3.8, Avg: 4.5, Max: 4.9, Diff: 1.1, Sum: 18.2]
      [Code Root Scanning (ms): Min: 0.0, Avg: 0.0, Max: 0.0, Diff: 0.0, Sum: 0.0]
      [Object Copy (ms): Min: 10.9, Avg: 11.2, Max: 11.8, Diff: 0.9, Sum: 44.9]
      [Termination (ms): Min: 0.0, Avg: 0.2, Max: 0.3, Diff: 0.3, Sum: 0.7]
         [Termination Attempts: Min: 1, Avg: 1.2, Max: 2, Diff: 1, Sum: 5]
      [GC Worker Other (ms): Min: 0.0, Avg: 0.0, Max: 0.0, Diff: 0.0, Sum: 0.1]
      [GC Worker Total (ms): Min: 19.1, Avg: 19.2, Max: 19.3, Diff: 0.2, Sum: 76.9]
      [GC Worker End (ms): Min: 30155175.3, Avg: 30155175.4, Max: 30155175.4, Diff: 0.1]
   [Code Root Fixup: 0.0 ms]
   [Code Root Purge: 0.0 ms]
   [Clear CT: 0.1 ms]
   [Other: 1.0 ms]
      [Choose CSet: 0.0 ms]
      [Ref Proc: 0.6 ms]
      [Ref Enq: 0.0 ms]
      [Redirty Cards: 0.1 ms]
      [Humongous Register: 0.1 ms]
      [Humongous Reclaim: 0.0 ms]
      [Free CSet: 0.1 ms]
   [Eden: 45.0M(45.0M)->0.0B(46.0M) Survivors: 6144.0K->5120.0K Heap: 368.8M(1024.0M)->323.9M(1024.0M)]
 [Times: user=0.06 sys=0.00, real=0.02 secs] 
2019-11-03T16:33:21.088+0800: 30166.173: [GC pause (G1 Evacuation Pause) (young), 0.0173862 secs]
   [Parallel Time: 16.5 ms, GC Workers: 4]
      [GC Worker Start (ms): Min: 30166173.1, Avg: 30166174.5, Max: 30166175.3, Diff: 2.2]
      [Ext Root Scanning (ms): Min: 0.1, Avg: 1.0, Max: 2.3, Diff: 2.2, Sum: 4.2]
      [Update RS (ms): Min: 1.6, Avg: 2.0, Max: 2.5, Diff: 0.9, Sum: 8.1]
         [Processed Buffers: Min: 5, Avg: 8.8, Max: 12, Diff: 7, Sum: 35]
      [Scan RS (ms): Min: 4.4, Avg: 4.9, Max: 5.4, Diff: 1.0, Sum: 19.5]
      [Code Root Scanning (ms): Min: 0.0, Avg: 0.0, Max: 0.0, Diff: 0.0, Sum: 0.0]
      [Object Copy (ms): Min: 6.8, Avg: 6.9, Max: 6.9, Diff: 0.1, Sum: 27.5]
      [Termination (ms): Min: 0.0, Avg: 0.0, Max: 0.0, Diff: 0.0, Sum: 0.0]
         [Termination Attempts: Min: 1, Avg: 1.0, Max: 1, Diff: 0, Sum: 4]
      [GC Worker Other (ms): Min: 0.0, Avg: 0.0, Max: 0.0, Diff: 0.0, Sum: 0.1]
      [GC Worker Total (ms): Min: 14.0, Avg: 14.9, Max: 16.2, Diff: 2.2, Sum: 59.5]
      [GC Worker End (ms): Min: 30166189.3, Avg: 30166189.3, Max: 30166189.3, Diff: 0.0]
   [Code Root Fixup: 0.0 ms]
   [Code Root Purge: 0.0 ms]
   [Clear CT: 0.1 ms]
   [Other: 0.8 ms]
      [Choose CSet: 0.0 ms]
      [Ref Proc: 0.2 ms]
      [Ref Enq: 0.0 ms]
      [Redirty Cards: 0.1 ms]
      [Humongous Register: 0.2 ms]
      [Humongous Reclaim: 0.0 ms]
      [Free CSet: 0.1 ms]
   [Eden: 46.0M(46.0M)->0.0B(46.0M) Survivors: 5120.0K->5120.0K Heap: 369.9M(1024.0M)->323.4M(1024.0M)]
 [Times: user=0.06 sys=0.00, real=0.02 secs] 
2019-11-03T16:33:32.284+0800: 30177.369: [GC pause (G1 Evacuation Pause) (young), 0.0202735 secs]
   [Parallel Time: 19.5 ms, GC Workers: 4]
      [GC Worker Start (ms): Min: 30177368.7, Avg: 30177369.0, Max: 30177369.9, Diff: 1.2]
      [Ext Root Scanning (ms): Min: 0.0, Avg: 0.8, Max: 1.1, Diff: 1.1, Sum: 3.1]
      [Update RS (ms): Min: 0.0, Avg: 2.7, Max: 3.8, Diff: 3.8, Sum: 10.7]
         [Processed Buffers: Min: 0, Avg: 8.2, Max: 17, Diff: 17, Sum: 33]
      [Scan RS (ms): Min: 1.6, Avg: 6.1, Max: 8.8, Diff: 7.2, Sum: 24.4]
      [Code Root Scanning (ms): Min: 0.0, Avg: 0.0, Max: 0.0, Diff: 0.0, Sum: 0.0]
      [Object Copy (ms): Min: 5.7, Avg: 9.5, Max: 16.7, Diff: 11.0, Sum: 37.9]
      [Termination (ms): Min: 0.0, Avg: 0.0, Max: 0.0, Diff: 0.0, Sum: 0.0]
         [Termination Attempts: Min: 1, Avg: 1.0, Max: 1, Diff: 0, Sum: 4]
      [GC Worker Other (ms): Min: 0.0, Avg: 0.0, Max: 0.0, Diff: 0.0, Sum: 0.2]
      [GC Worker Total (ms): Min: 18.2, Avg: 19.1, Max: 19.4, Diff: 1.2, Sum: 76.3]
      [GC Worker End (ms): Min: 30177388.1, Avg: 30177388.1, Max: 30177388.1, Diff: 0.0]
   [Code Root Fixup: 0.0 ms]
   [Code Root Purge: 0.0 ms]
   [Clear CT: 0.1 ms]
   [Other: 0.7 ms]
      [Choose CSet: 0.0 ms]
      [Ref Proc: 0.2 ms]
      [Ref Enq: 0.0 ms]
      [Redirty Cards: 0.1 ms]
      [Humongous Register: 0.0 ms]
      [Humongous Reclaim: 0.0 ms]
      [Free CSet: 0.1 ms]
   [Eden: 46.0M(46.0M)->0.0B(46.0M) Survivors: 5120.0K->5120.0K Heap: 369.4M(1024.0M)->323.4M(1024.0M)]
 [Times: user=0.07 sys=0.00, real=0.02 secs] 
2019-11-03T16:33:43.494+0800: 30188.578: [GC pause (G1 Evacuation Pause) (young), 0.0203195 secs]
   [Parallel Time: 19.7 ms, GC Workers: 4]
      [GC Worker Start (ms): Min: 30188578.6, Avg: 30188578.6, Max: 30188578.6, Diff: 0.1]
      [Ext Root Scanning (ms): Min: 0.8, Avg: 0.8, Max: 0.9, Diff: 0.0, Sum: 3.3]
      [Update RS (ms): Min: 1.8, Avg: 2.1, Max: 2.4, Diff: 0.5, Sum: 8.5]
         [Processed Buffers: Min: 6, Avg: 8.2, Max: 13, Diff: 7, Sum: 33]
      [Scan RS (ms): Min: 6.9, Avg: 7.1, Max: 7.3, Diff: 0.4, Sum: 28.2]
      [Code Root Scanning (ms): Min: 0.0, Avg: 0.0, Max: 0.0, Diff: 0.0, Sum: 0.0]
      [Object Copy (ms): Min: 9.4, Avg: 9.5, Max: 9.6, Diff: 0.1, Sum: 38.1]
      [Termination (ms): Min: 0.0, Avg: 0.0, Max: 0.0, Diff: 0.0, Sum: 0.0]
         [Termination Attempts: Min: 1, Avg: 1.0, Max: 1, Diff: 0, Sum: 4]
      [GC Worker Other (ms): Min: 0.0, Avg: 0.0, Max: 0.1, Diff: 0.0, Sum: 0.2]
      [GC Worker Total (ms): Min: 19.5, Avg: 19.6, Max: 19.6, Diff: 0.1, Sum: 78.3]
      [GC Worker End (ms): Min: 30188598.1, Avg: 30188598.2, Max: 30188598.2, Diff: 0.0]
   [Code Root Fixup: 0.0 ms]
   [Code Root Purge: 0.0 ms]
   [Clear CT: 0.1 ms]
   [Other: 0.6 ms]
      [Choose CSet: 0.0 ms]
      [Ref Proc: 0.1 ms]
      [Ref Enq: 0.0 ms]
      [Redirty Cards: 0.0 ms]
      [Humongous Register: 0.1 ms]
      [Humongous Reclaim: 0.0 ms]
      [Free CSet: 0.1 ms]
   [Eden: 46.0M(46.0M)->0.0B(44.0M) Survivors: 5120.0K->7168.0K Heap: 369.4M(1024.0M)->325.4M(1024.0M)]
 [Times: user=0.08 sys=0.00, real=0.02 secs] 
2019-11-03T16:33:54.143+0800: 30199.227: [GC pause (G1 Evacuation Pause) (young), 0.0214526 secs]
   [Parallel Time: 20.7 ms, GC Workers: 4]
      [GC Worker Start (ms): Min: 30199226.9, Avg: 30199227.5, Max: 30199228.0, Diff: 1.1]
      [Ext Root Scanning (ms): Min: 0.3, Avg: 0.9, Max: 1.5, Diff: 1.2, Sum: 3.5]
      [Update RS (ms): Min: 2.0, Avg: 2.2, Max: 2.4, Diff: 0.4, Sum: 8.8]
         [Processed Buffers: Min: 8, Avg: 8.5, Max: 10, Diff: 2, Sum: 34]
      [Scan RS (ms): Min: 6.7, Avg: 7.0, Max: 7.3, Diff: 0.6, Sum: 28.2]
      [Code Root Scanning (ms): Min: 0.0, Avg: 0.0, Max: 0.0, Diff: 0.0, Sum: 0.0]
      [Object Copy (ms): Min: 9.8, Avg: 9.9, Max: 10.0, Diff: 0.2, Sum: 39.5]
      [Termination (ms): Min: 0.0, Avg: 0.1, Max: 0.1, Diff: 0.1, Sum: 0.3]
         [Termination Attempts: Min: 1, Avg: 1.0, Max: 1, Diff: 0, Sum: 4]
      [GC Worker Other (ms): Min: 0.0, Avg: 0.0, Max: 0.0, Diff: 0.0, Sum: 0.1]
      [GC Worker Total (ms): Min: 19.5, Avg: 20.1, Max: 20.7, Diff: 1.1, Sum: 80.4]
      [GC Worker End (ms): Min: 30199247.5, Avg: 30199247.6, Max: 30199247.6, Diff: 0.0]
   [Code Root Fixup: 0.0 ms]
   [Code Root Purge: 0.0 ms]
   [Clear CT: 0.1 ms]
   [Other: 0.6 ms]
      [Choose CSet: 0.0 ms]
      [Ref Proc: 0.1 ms]
      [Ref Enq: 0.0 ms]
      [Redirty Cards: 0.1 ms]
      [Humongous Register: 0.0 ms]
      [Humongous Reclaim: 0.0 ms]
      [Free CSet: 0.1 ms]
   [Eden: 44.0M(44.0M)->0.0B(46.0M) Survivors: 7168.0K->5120.0K Heap: 369.4M(1024.0M)->324.3M(1024.0M)]
 [Times: user=0.08 sys=0.00, real=0.02 secs] 
2019-11-03T16:34:05.196+0800: 30210.279: [GC pause (G1 Evacuation Pause) (young), 0.0161488 secs]
   [Parallel Time: 15.5 ms, GC Workers: 4]
      [GC Worker Start (ms): Min: 30210279.0, Avg: 30210279.1, Max: 30210279.4, Diff: 0.4]
      [Ext Root Scanning (ms): Min: 0.6, Avg: 0.9, Max: 1.0, Diff: 0.4, Sum: 3.5]
      [Update RS (ms): Min: 1.4, Avg: 1.8, Max: 2.1, Diff: 0.6, Sum: 7.3]
         [Processed Buffers: Min: 5, Avg: 8.5, Max: 12, Diff: 7, Sum: 34]
      [Scan RS (ms): Min: 4.9, Avg: 5.1, Max: 5.5, Diff: 0.7, Sum: 20.5]
      [Code Root Scanning (ms): Min: 0.0, Avg: 0.0, Max: 0.0, Diff: 0.0, Sum: 0.0]
      [Object Copy (ms): Min: 7.3, Avg: 7.4, Max: 7.4, Diff: 0.1, Sum: 29.5]
      [Termination (ms): Min: 0.0, Avg: 0.0, Max: 0.0, Diff: 0.0, Sum: 0.0]
         [Termination Attempts: Min: 1, Avg: 1.8, Max: 3, Diff: 2, Sum: 7]
      [GC Worker Other (ms): Min: 0.0, Avg: 0.0, Max: 0.1, Diff: 0.0, Sum: 0.2]
      [GC Worker Total (ms): Min: 15.0, Avg: 15.3, Max: 15.4, Diff: 0.4, Sum: 61.0]
      [GC Worker End (ms): Min: 30210294.4, Avg: 30210294.4, Max: 30210294.4, Diff: 0.0]
   [Code Root Fixup: 0.0 ms]
   [Code Root Purge: 0.0 ms]
   [Clear CT: 0.1 ms]
   [Other: 0.6 ms]
      [Choose CSet: 0.0 ms]
      [Ref Proc: 0.1 ms]
      [Ref Enq: 0.0 ms]
      [Redirty Cards: 0.0 ms]
      [Humongous Register: 0.0 ms]
      [Humongous Reclaim: 0.0 ms]
      [Free CSet: 0.1 ms]
   [Eden: 46.0M(46.0M)->0.0B(65.0M) Survivors: 5120.0K->5120.0K Heap: 370.3M(1024.0M)->324.3M(1024.0M)]
 [Times: user=0.06 sys=0.00, real=0.02 secs] 
2019-11-03T16:34:20.765+0800: 30225.847: [GC pause (G1 Evacuation Pause) (young), 0.0191979 secs]
   [Parallel Time: 18.5 ms, GC Workers: 4]
      [GC Worker Start (ms): Min: 30225847.7, Avg: 30225847.7, Max: 30225847.8, Diff: 0.1]
      [Ext Root Scanning (ms): Min: 0.7, Avg: 0.8, Max: 0.9, Diff: 0.1, Sum: 3.2]
      [Update RS (ms): Min: 2.7, Avg: 3.0, Max: 3.3, Diff: 0.6, Sum: 11.8]
         [Processed Buffers: Min: 1, Avg: 8.8, Max: 12, Diff: 11, Sum: 35]
      [Scan RS (ms): Min: 5.4, Avg: 5.8, Max: 6.1, Diff: 0.7, Sum: 23.2]
      [Code Root Scanning (ms): Min: 0.0, Avg: 0.0, Max: 0.0, Diff: 0.0, Sum: 0.0]
      [Object Copy (ms): Min: 8.7, Avg: 8.7, Max: 8.8, Diff: 0.2, Sum: 35.0]
      [Termination (ms): Min: 0.0, Avg: 0.0, Max: 0.0, Diff: 0.0, Sum: 0.0]
         [Termination Attempts: Min: 1, Avg: 1.0, Max: 1, Diff: 0, Sum: 4]
      [GC Worker Other (ms): Min: 0.0, Avg: 0.0, Max: 0.1, Diff: 0.0, Sum: 0.2]
      [GC Worker Total (ms): Min: 18.3, Avg: 18.4, Max: 18.4, Diff: 0.1, Sum: 73.4]
      [GC Worker End (ms): Min: 30225866.1, Avg: 30225866.1, Max: 30225866.1, Diff: 0.0]
   [Code Root Fixup: 0.0 ms]
   [Code Root Purge: 0.0 ms]
   [Clear CT: 0.1 ms]
   [Other: 0.6 ms]
      [Choose CSet: 0.0 ms]
      [Ref Proc: 0.2 ms]
      [Ref Enq: 0.0 ms]
      [Redirty Cards: 0.0 ms]
      [Humongous Register: 0.0 ms]
      [Humongous Reclaim: 0.0 ms]
      [Free CSet: 0.1 ms]
   [Eden: 65.0M(65.0M)->0.0B(64.0M) Survivors: 5120.0K->5120.0K Heap: 389.3M(1024.0M)->324.8M(1024.0M)]
 [Times: user=0.07 sys=0.00, real=0.02 secs] 
2019-11-03T16:34:36.082+0800: 30241.164: [GC pause (G1 Evacuation Pause) (young), 0.0199940 secs]
   [Parallel Time: 19.3 ms, GC Workers: 4]
      [GC Worker Start (ms): Min: 30241164.1, Avg: 30241164.2, Max: 30241164.5, Diff: 0.4]
      [Ext Root Scanning (ms): Min: 0.5, Avg: 0.8, Max: 1.0, Diff: 0.4, Sum: 3.4]
      [Update RS (ms): Min: 2.2, Avg: 2.4, Max: 2.6, Diff: 0.4, Sum: 9.4]
         [Processed Buffers: Min: 5, Avg: 7.8, Max: 10, Diff: 5, Sum: 31]
      [Scan RS (ms): Min: 5.6, Avg: 5.9, Max: 6.2, Diff: 0.6, Sum: 23.8]
      [Code Root Scanning (ms): Min: 0.0, Avg: 0.0, Max: 0.0, Diff: 0.0, Sum: 0.0]
      [Object Copy (ms): Min: 9.9, Avg: 9.9, Max: 10.0, Diff: 0.2, Sum: 39.7]
      [Termination (ms): Min: 0.0, Avg: 0.0, Max: 0.0, Diff: 0.0, Sum: 0.0]
         [Termination Attempts: Min: 1, Avg: 3.0, Max: 6, Diff: 5, Sum: 12]
      [GC Worker Other (ms): Min: 0.0, Avg: 0.0, Max: 0.1, Diff: 0.0, Sum: 0.2]
      [GC Worker Total (ms): Min: 18.8, Avg: 19.1, Max: 19.2, Diff: 0.4, Sum: 76.5]
      [GC Worker End (ms): Min: 30241183.3, Avg: 30241183.3, Max: 30241183.3, Diff: 0.0]
   [Code Root Fixup: 0.0 ms]
   [Code Root Purge: 0.0 ms]
   [Clear CT: 0.1 ms]
   [Other: 0.6 ms]
      [Choose CSet: 0.0 ms]
      [Ref Proc: 0.2 ms]
      [Ref Enq: 0.0 ms]
      [Redirty Cards: 0.1 ms]
      [Humongous Register: 0.0 ms]
      [Humongous Reclaim: 0.0 ms]
      [Free CSet: 0.1 ms]
   [Eden: 64.0M(64.0M)->0.0B(80.0M) Survivors: 5120.0K->7168.0K Heap: 388.8M(1024.0M)->326.3M(1024.0M)]
 [Times: user=0.08 sys=0.00, real=0.02 secs] 
2019-11-03T16:34:55.361+0800: 30260.442: [GC pause (G1 Evacuation Pause) (young), 0.0201510 secs]
   [Parallel Time: 19.4 ms, GC Workers: 4]
      [GC Worker Start (ms): Min: 30260442.6, Avg: 30260442.6, Max: 30260442.7, Diff: 0.1]
      [Ext Root Scanning (ms): Min: 0.8, Avg: 0.8, Max: 0.8, Diff: 0.1, Sum: 3.2]
      [Update RS (ms): Min: 1.9, Avg: 2.2, Max: 2.6, Diff: 0.8, Sum: 8.8]
         [Processed Buffers: Min: 8, Avg: 8.5, Max: 9, Diff: 1, Sum: 34]
      [Scan RS (ms): Min: 5.8, Avg: 6.2, Max: 6.5, Diff: 0.7, Sum: 25.0]
      [Code Root Scanning (ms): Min: 0.0, Avg: 0.0, Max: 0.0, Diff: 0.0, Sum: 0.0]
      [Object Copy (ms): Min: 9.9, Avg: 10.0, Max: 10.1, Diff: 0.1, Sum: 40.0]
      [Termination (ms): Min: 0.0, Avg: 0.0, Max: 0.0, Diff: 0.0, Sum: 0.0]
         [Termination Attempts: Min: 1, Avg: 1.0, Max: 1, Diff: 0, Sum: 4]
      [GC Worker Other (ms): Min: 0.0, Avg: 0.0, Max: 0.1, Diff: 0.0, Sum: 0.2]
      [GC Worker Total (ms): Min: 19.3, Avg: 19.3, Max: 19.3, Diff: 0.0, Sum: 77.1]
      [GC Worker End (ms): Min: 30260461.9, Avg: 30260461.9, Max: 30260461.9, Diff: 0.0]
   [Code Root Fixup: 0.0 ms]
   [Code Root Purge: 0.0 ms]
   [Clear CT: 0.1 ms]
   [Other: 0.7 ms]
      [Choose CSet: 0.0 ms]
      [Ref Proc: 0.2 ms]
      [Ref Enq: 0.0 ms]
      [Redirty Cards: 0.1 ms]
      [Humongous Register: 0.0 ms]
      [Humongous Reclaim: 0.0 ms]
      [Free CSet: 0.1 ms]
   [Eden: 80.0M(80.0M)->0.0B(98.0M) Survivors: 7168.0K->7168.0K Heap: 406.3M(1024.0M)->326.3M(1024.0M)]
 [Times: user=0.08 sys=0.00, real=0.02 secs] 
2019-11-03T16:35:19.134+0800: 30284.214: [GC pause (G1 Evacuation Pause) (young), 0.0218510 secs]
   [Parallel Time: 21.2 ms, GC Workers: 4]
      [GC Worker Start (ms): Min: 30284214.4, Avg: 30284214.4, Max: 30284214.5, Diff: 0.1]
      [Ext Root Scanning (ms): Min: 0.7, Avg: 0.8, Max: 0.9, Diff: 0.1, Sum: 3.3]
      [Update RS (ms): Min: 2.4, Avg: 2.7, Max: 2.9, Diff: 0.5, Sum: 10.6]
         [Processed Buffers: Min: 2, Avg: 7.8, Max: 12, Diff: 10, Sum: 31]
      [Scan RS (ms): Min: 5.4, Avg: 5.6, Max: 5.9, Diff: 0.5, Sum: 22.5]
      [Code Root Scanning (ms): Min: 0.0, Avg: 0.0, Max: 0.0, Diff: 0.0, Sum: 0.0]
      [Object Copy (ms): Min: 11.9, Avg: 12.0, Max: 12.0, Diff: 0.1, Sum: 47.9]
      [Termination (ms): Min: 0.0, Avg: 0.0, Max: 0.0, Diff: 0.0, Sum: 0.0]
         [Termination Attempts: Min: 1, Avg: 1.0, Max: 1, Diff: 0, Sum: 4]
      [GC Worker Other (ms): Min: 0.0, Avg: 0.0, Max: 0.0, Diff: 0.0, Sum: 0.1]
      [GC Worker Total (ms): Min: 21.1, Avg: 21.1, Max: 21.2, Diff: 0.1, Sum: 84.5]
      [GC Worker End (ms): Min: 30284235.5, Avg: 30284235.5, Max: 30284235.5, Diff: 0.0]
   [Code Root Fixup: 0.0 ms]
   [Code Root Purge: 0.0 ms]
   [Clear CT: 0.1 ms]
   [Other: 0.5 ms]
      [Choose CSet: 0.0 ms]
      [Ref Proc: 0.1 ms]
      [Ref Enq: 0.0 ms]
      [Redirty Cards: 0.0 ms]
      [Humongous Register: 0.0 ms]
      [Humongous Reclaim: 0.0 ms]
      [Free CSet: 0.1 ms]
   [Eden: 98.0M(98.0M)->0.0B(58.0M) Survivors: 7168.0K->7168.0K Heap: 424.3M(1024.0M)->326.3M(1024.0M)]
 [Times: user=0.08 sys=0.01, real=0.02 secs] 
2019-11-03T16:35:33.022+0800: 30298.102: [GC pause (G1 Evacuation Pause) (young), 0.0235577 secs]
   [Parallel Time: 22.8 ms, GC Workers: 4]
      [GC Worker Start (ms): Min: 30298101.9, Avg: 30298102.3, Max: 30298103.1, Diff: 1.2]
      [Ext Root Scanning (ms): Min: 0.0, Avg: 0.8, Max: 1.1, Diff: 1.1, Sum: 3.2]
      [Update RS (ms): Min: 2.0, Avg: 2.1, Max: 2.3, Diff: 0.3, Sum: 8.5]
         [Processed Buffers: Min: 2, Avg: 7.8, Max: 16, Diff: 14, Sum: 31]
      [Scan RS (ms): Min: 5.3, Avg: 5.5, Max: 5.6, Diff: 0.3, Sum: 21.9]
      [Code Root Scanning (ms): Min: 0.0, Avg: 0.0, Max: 0.0, Diff: 0.0, Sum: 0.0]
      [Object Copy (ms): Min: 13.8, Avg: 13.9, Max: 14.0, Diff: 0.2, Sum: 55.7]
      [Termination (ms): Min: 0.0, Avg: 0.0, Max: 0.0, Diff: 0.0, Sum: 0.0]
         [Termination Attempts: Min: 1, Avg: 1.0, Max: 1, Diff: 0, Sum: 4]
      [GC Worker Other (ms): Min: 0.0, Avg: 0.0, Max: 0.0, Diff: 0.0, Sum: 0.1]
      [GC Worker Total (ms): Min: 21.5, Avg: 22.4, Max: 22.7, Diff: 1.2, Sum: 89.4]
      [GC Worker End (ms): Min: 30298124.6, Avg: 30298124.6, Max: 30298124.6, Diff: 0.0]
   [Code Root Fixup: 0.0 ms]
   [Code Root Purge: 0.0 ms]
   [Clear CT: 0.2 ms]
   [Other: 0.6 ms]
      [Choose CSet: 0.0 ms]
      [Ref Proc: 0.2 ms]
      [Ref Enq: 0.0 ms]
      [Redirty Cards: 0.1 ms]
      [Humongous Register: 0.0 ms]
      [Humongous Reclaim: 0.0 ms]
      [Free CSet: 0.1 ms]
   [Eden: 58.0M(58.0M)->0.0B(44.0M) Survivors: 7168.0K->7168.0K Heap: 384.3M(1024.0M)->327.6M(1024.0M)]
 [Times: user=0.09 sys=0.01, real=0.02 secs] 
2019-11-03T16:35:43.701+0800: 30308.780: [GC pause (G1 Evacuation Pause) (young), 0.0231224 secs]
   [Parallel Time: 22.4 ms, GC Workers: 4]
      [GC Worker Start (ms): Min: 30308780.4, Avg: 30308780.7, Max: 30308781.4, Diff: 1.0]
      [Ext Root Scanning (ms): Min: 0.1, Avg: 0.8, Max: 1.1, Diff: 1.0, Sum: 3.2]
      [Update RS (ms): Min: 2.1, Avg: 2.4, Max: 2.6, Diff: 0.4, Sum: 9.6]
         [Processed Buffers: Min: 3, Avg: 8.2, Max: 16, Diff: 13, Sum: 33]
      [Scan RS (ms): Min: 6.1, Avg: 6.2, Max: 6.5, Diff: 0.4, Sum: 25.0]
      [Code Root Scanning (ms): Min: 0.0, Avg: 0.0, Max: 0.0, Diff: 0.0, Sum: 0.0]
      [Object Copy (ms): Min: 12.6, Avg: 12.6, Max: 12.7, Diff: 0.1, Sum: 50.5]
      [Termination (ms): Min: 0.0, Avg: 0.0, Max: 0.0, Diff: 0.0, Sum: 0.0]
         [Termination Attempts: Min: 1, Avg: 1.0, Max: 1, Diff: 0, Sum: 4]
      [GC Worker Other (ms): Min: 0.0, Avg: 0.0, Max: 0.0, Diff: 0.0, Sum: 0.1]
      [GC Worker Total (ms): Min: 21.3, Avg: 22.1, Max: 22.4, Diff: 1.0, Sum: 88.4]
      [GC Worker End (ms): Min: 30308802.8, Avg: 30308802.8, Max: 30308802.8, Diff: 0.0]
   [Code Root Fixup: 0.0 ms]
   [Code Root Purge: 0.0 ms]
   [Clear CT: 0.0 ms]
   [Other: 0.6 ms]
      [Choose CSet: 0.0 ms]
      [Ref Proc: 0.1 ms]
      [Ref Enq: 0.0 ms]
      [Redirty Cards: 0.1 ms]
      [Humongous Register: 0.1 ms]
      [Humongous Reclaim: 0.0 ms]
      [Free CSet: 0.1 ms]
   [Eden: 44.0M(44.0M)->0.0B(46.0M) Survivors: 7168.0K->5120.0K Heap: 371.6M(1024.0M)->328.6M(1024.0M)]
 [Times: user=0.08 sys=0.00, real=0.02 secs] 
2019-11-03T16:35:54.801+0800: 30319.879: [GC pause (G1 Evacuation Pause) (young), 0.0185433 secs]
   [Parallel Time: 17.8 ms, GC Workers: 4]
      [GC Worker Start (ms): Min: 30319879.8, Avg: 30319880.0, Max: 30319880.4, Diff: 0.6]
      [Ext Root Scanning (ms): Min: 0.5, Avg: 0.9, Max: 1.1, Diff: 0.6, Sum: 3.5]
      [Update RS (ms): Min: 1.3, Avg: 3.1, Max: 6.3, Diff: 5.0, Sum: 12.5]
         [Processed Buffers: Min: 0, Avg: 9.0, Max: 18, Diff: 18, Sum: 36]
      [Scan RS (ms): Min: 2.5, Avg: 5.6, Max: 6.9, Diff: 4.4, Sum: 22.4]
      [Code Root Scanning (ms): Min: 0.0, Avg: 0.0, Max: 0.0, Diff: 0.0, Sum: 0.0]
      [Object Copy (ms): Min: 7.5, Avg: 7.8, Max: 8.3, Diff: 0.9, Sum: 31.3]
      [Termination (ms): Min: 0.0, Avg: 0.0, Max: 0.0, Diff: 0.0, Sum: 0.0]
         [Termination Attempts: Min: 1, Avg: 1.2, Max: 2, Diff: 1, Sum: 5]
      [GC Worker Other (ms): Min: 0.0, Avg: 0.0, Max: 0.0, Diff: 0.0, Sum: 0.1]
      [GC Worker Total (ms): Min: 17.1, Avg: 17.4, Max: 17.7, Diff: 0.6, Sum: 69.8]
      [GC Worker End (ms): Min: 30319897.4, Avg: 30319897.5, Max: 30319897.5, Diff: 0.0]
   [Code Root Fixup: 0.0 ms]
   [Code Root Purge: 0.0 ms]
   [Clear CT: 0.1 ms]
   [Other: 0.7 ms]
      [Choose CSet: 0.0 ms]
      [Ref Proc: 0.1 ms]
      [Ref Enq: 0.0 ms]
      [Redirty Cards: 0.1 ms]
      [Humongous Register: 0.1 ms]
      [Humongous Reclaim: 0.0 ms]
      [Free CSet: 0.1 ms]
   [Eden: 46.0M(46.0M)->0.0B(47.0M) Survivors: 5120.0K->4096.0K Heap: 374.6M(1024.0M)->328.1M(1024.0M)]
 [Times: user=0.06 sys=0.00, real=0.01 secs] 
2019-11-03T16:36:06.107+0800: 30331.186: [GC pause (G1 Evacuation Pause) (young), 0.0152725 secs]
   [Parallel Time: 14.5 ms, GC Workers: 4]
      [GC Worker Start (ms): Min: 30331185.8, Avg: 30331185.8, Max: 30331185.9, Diff: 0.2]
      [Ext Root Scanning (ms): Min: 0.7, Avg: 0.7, Max: 0.8, Diff: 0.1, Sum: 2.9]
      [Update RS (ms): Min: 1.5, Avg: 1.7, Max: 1.9, Diff: 0.4, Sum: 6.7]
         [Processed Buffers: Min: 4, Avg: 8.2, Max: 16, Diff: 12, Sum: 33]
      [Scan RS (ms): Min: 3.5, Avg: 3.6, Max: 3.8, Diff: 0.3, Sum: 14.4]
      [Code Root Scanning (ms): Min: 0.0, Avg: 0.0, Max: 0.0, Diff: 0.0, Sum: 0.0]
      [Object Copy (ms): Min: 8.3, Avg: 8.3, Max: 8.4, Diff: 0.1, Sum: 33.4]
      [Termination (ms): Min: 0.0, Avg: 0.0, Max: 0.0, Diff: 0.0, Sum: 0.0]
         [Termination Attempts: Min: 1, Avg: 1.0, Max: 1, Diff: 0, Sum: 4]
      [GC Worker Other (ms): Min: 0.0, Avg: 0.0, Max: 0.1, Diff: 0.0, Sum: 0.2]
      [GC Worker Total (ms): Min: 14.3, Avg: 14.4, Max: 14.5, Diff: 0.2, Sum: 57.6]
      [GC Worker End (ms): Min: 30331200.2, Avg: 30331200.2, Max: 30331200.3, Diff: 0.0]
   [Code Root Fixup: 0.0 ms]
   [Code Root Purge: 0.0 ms]
   [Clear CT: 0.1 ms]
   [Other: 0.7 ms]
      [Choose CSet: 0.0 ms]
      [Ref Proc: 0.2 ms]
      [Ref Enq: 0.0 ms]
      [Redirty Cards: 0.1 ms]
      [Humongous Register: 0.0 ms]
      [Humongous Reclaim: 0.0 ms]
      [Free CSet: 0.1 ms]
   [Eden: 47.0M(47.0M)->0.0B(44.0M) Survivors: 4096.0K->7168.0K Heap: 375.1M(1024.0M)->330.6M(1024.0M)]
 [Times: user=0.06 sys=0.00, real=0.02 secs] 
2019-11-03T16:36:16.748+0800: 30341.826: [GC pause (G1 Evacuation Pause) (young), 0.0197203 secs]
   [Parallel Time: 19.1 ms, GC Workers: 4]
      [GC Worker Start (ms): Min: 30341825.8, Avg: 30341825.9, Max: 30341825.9, Diff: 0.1]
      [Ext Root Scanning (ms): Min: 0.8, Avg: 0.8, Max: 0.8, Diff: 0.1, Sum: 3.2]
      [Update RS (ms): Min: 2.7, Avg: 3.0, Max: 3.3, Diff: 0.5, Sum: 12.0]
         [Processed Buffers: Min: 2, Avg: 8.8, Max: 18, Diff: 16, Sum: 35]
      [Scan RS (ms): Min: 5.6, Avg: 5.8, Max: 6.1, Diff: 0.5, Sum: 23.0]
      [Code Root Scanning (ms): Min: 0.0, Avg: 0.0, Max: 0.0, Diff: 0.0, Sum: 0.0]
      [Object Copy (ms): Min: 9.3, Avg: 9.4, Max: 9.5, Diff: 0.2, Sum: 37.7]
      [Termination (ms): Min: 0.0, Avg: 0.0, Max: 0.0, Diff: 0.0, Sum: 0.0]
         [Termination Attempts: Min: 1, Avg: 1.0, Max: 1, Diff: 0, Sum: 4]
      [GC Worker Other (ms): Min: 0.0, Avg: 0.0, Max: 0.0, Diff: 0.0, Sum: 0.2]
      [GC Worker Total (ms): Min: 19.0, Avg: 19.0, Max: 19.0, Diff: 0.1, Sum: 76.1]
      [GC Worker End (ms): Min: 30341844.9, Avg: 30341844.9, Max: 30341844.9, Diff: 0.0]
   [Code Root Fixup: 0.0 ms]
   [Code Root Purge: 0.0 ms]
   [Clear CT: 0.0 ms]
   [Other: 0.5 ms]
      [Choose CSet: 0.0 ms]
      [Ref Proc: 0.1 ms]
      [Ref Enq: 0.0 ms]
      [Redirty Cards: 0.1 ms]
      [Humongous Register: 0.0 ms]
      [Humongous Reclaim: 0.0 ms]
      [Free CSet: 0.1 ms]
   [Eden: 44.0M(44.0M)->0.0B(52.0M) Survivors: 7168.0K->5120.0K Heap: 374.6M(1024.0M)->329.7M(1024.0M)]
 [Times: user=0.07 sys=0.00, real=0.02 secs] 
2019-11-03T16:36:29.283+0800: 30354.361: [GC pause (G1 Evacuation Pause) (young), 0.0186174 secs]
   [Parallel Time: 17.9 ms, GC Workers: 4]
      [GC Worker Start (ms): Min: 30354361.0, Avg: 30354361.1, Max: 30354361.1, Diff: 0.1]
      [Ext Root Scanning (ms): Min: 0.7, Avg: 0.8, Max: 0.8, Diff: 0.1, Sum: 3.2]
      [Update RS (ms): Min: 2.2, Avg: 2.5, Max: 2.8, Diff: 0.6, Sum: 10.1]
         [Processed Buffers: Min: 3, Avg: 8.0, Max: 14, Diff: 11, Sum: 32]
      [Scan RS (ms): Min: 5.9, Avg: 6.1, Max: 6.4, Diff: 0.5, Sum: 24.2]
      [Code Root Scanning (ms): Min: 0.0, Avg: 0.0, Max: 0.0, Diff: 0.0, Sum: 0.0]
      [Object Copy (ms): Min: 8.2, Avg: 8.3, Max: 8.4, Diff: 0.2, Sum: 33.4]
      [Termination (ms): Min: 0.0, Avg: 0.0, Max: 0.0, Diff: 0.0, Sum: 0.0]
         [Termination Attempts: Min: 1, Avg: 1.0, Max: 1, Diff: 0, Sum: 4]
      [GC Worker Other (ms): Min: 0.0, Avg: 0.1, Max: 0.1, Diff: 0.0, Sum: 0.2]
      [GC Worker Total (ms): Min: 17.7, Avg: 17.8, Max: 17.8, Diff: 0.1, Sum: 71.1]
      [GC Worker End (ms): Min: 30354378.8, Avg: 30354378.8, Max: 30354378.8, Diff: 0.0]
   [Code Root Fixup: 0.0 ms]
   [Code Root Purge: 0.0 ms]
   [Clear CT: 0.0 ms]
   [Other: 0.6 ms]
      [Choose CSet: 0.0 ms]
      [Ref Proc: 0.2 ms]
      [Ref Enq: 0.0 ms]
      [Redirty Cards: 0.1 ms]
      [Humongous Register: 0.0 ms]
      [Humongous Reclaim: 0.0 ms]
      [Free CSet: 0.1 ms]
   [Eden: 52.0M(52.0M)->0.0B(74.0M) Survivors: 5120.0K->5120.0K Heap: 381.7M(1024.0M)->330.2M(1024.0M)]
 [Times: user=0.07 sys=0.00, real=0.02 secs] 
2019-11-03T16:36:47.066+0800: 30372.143: [GC pause (G1 Evacuation Pause) (young), 0.0197544 secs]
   [Parallel Time: 18.9 ms, GC Workers: 4]
      [GC Worker Start (ms): Min: 30372143.2, Avg: 30372143.3, Max: 30372143.3, Diff: 0.1]
      [Ext Root Scanning (ms): Min: 0.7, Avg: 0.7, Max: 0.8, Diff: 0.1, Sum: 3.0]
      [Update RS (ms): Min: 2.3, Avg: 2.6, Max: 2.8, Diff: 0.6, Sum: 10.5]
         [Processed Buffers: Min: 5, Avg: 9.8, Max: 16, Diff: 11, Sum: 39]
      [Scan RS (ms): Min: 5.9, Avg: 6.1, Max: 6.4, Diff: 0.5, Sum: 24.4]
      [Code Root Scanning (ms): Min: 0.0, Avg: 0.0, Max: 0.0, Diff: 0.0, Sum: 0.0]
      [Object Copy (ms): Min: 9.2, Avg: 9.3, Max: 9.4, Diff: 0.2, Sum: 37.2]
      [Termination (ms): Min: 0.0, Avg: 0.0, Max: 0.0, Diff: 0.0, Sum: 0.0]
         [Termination Attempts: Min: 1, Avg: 1.0, Max: 1, Diff: 0, Sum: 4]
      [GC Worker Other (ms): Min: 0.0, Avg: 0.0, Max: 0.0, Diff: 0.0, Sum: 0.1]
      [GC Worker Total (ms): Min: 18.8, Avg: 18.8, Max: 18.8, Diff: 0.1, Sum: 75.2]
      [GC Worker End (ms): Min: 30372162.1, Avg: 30372162.1, Max: 30372162.1, Diff: 0.0]
   [Code Root Fixup: 0.0 ms]
   [Code Root Purge: 0.0 ms]
   [Clear CT: 0.1 ms]
   [Other: 0.8 ms]
      [Choose CSet: 0.0 ms]
      [Ref Proc: 0.3 ms]
      [Ref Enq: 0.0 ms]
      [Redirty Cards: 0.1 ms]
      [Humongous Register: 0.0 ms]
      [Humongous Reclaim: 0.0 ms]
      [Free CSet: 0.1 ms]
   [Eden: 74.0M(74.0M)->0.0B(92.0M) Survivors: 5120.0K->6144.0K Heap: 404.2M(1024.0M)->331.2M(1024.0M)]
 [Times: user=0.07 sys=0.00, real=0.02 secs] 
2019-11-03T16:37:01.050+0800: 30386.126: [GC pause (G1 Evacuation Pause) (young), 0.0189508 secs]
   [Parallel Time: 18.2 ms, GC Workers: 4]
      [GC Worker Start (ms): Min: 30386126.5, Avg: 30386126.7, Max: 30386127.2, Diff: 0.7]
      [Ext Root Scanning (ms): Min: 0.3, Avg: 0.8, Max: 1.0, Diff: 0.7, Sum: 3.3]
      [Update RS (ms): Min: 1.5, Avg: 1.8, Max: 2.0, Diff: 0.6, Sum: 7.0]
         [Processed Buffers: Min: 5, Avg: 8.8, Max: 13, Diff: 8, Sum: 35]
      [Scan RS (ms): Min: 5.6, Avg: 5.8, Max: 6.0, Diff: 0.4, Sum: 23.3]
      [Code Root Scanning (ms): Min: 0.0, Avg: 0.0, Max: 0.0, Diff: 0.0, Sum: 0.0]
      [Object Copy (ms): Min: 9.5, Avg: 9.5, Max: 9.6, Diff: 0.1, Sum: 38.2]
      [Termination (ms): Min: 0.0, Avg: 0.0, Max: 0.0, Diff: 0.0, Sum: 0.0]
         [Termination Attempts: Min: 1, Avg: 1.0, Max: 1, Diff: 0, Sum: 4]
      [GC Worker Other (ms): Min: 0.0, Avg: 0.0, Max: 0.1, Diff: 0.0, Sum: 0.1]
      [GC Worker Total (ms): Min: 17.5, Avg: 18.0, Max: 18.2, Diff: 0.6, Sum: 71.9]
      [GC Worker End (ms): Min: 30386144.7, Avg: 30386144.7, Max: 30386144.7, Diff: 0.0]
   [Code Root Fixup: 0.0 ms]
   [Code Root Purge: 0.0 ms]
   [Clear CT: 0.1 ms]
   [Other: 0.6 ms]
      [Choose CSet: 0.0 ms]
      [Ref Proc: 0.2 ms]
      [Ref Enq: 0.0 ms]
      [Redirty Cards: 0.1 ms]
      [Humongous Register: 0.0 ms]
      [Humongous Reclaim: 0.0 ms]
      [Free CSet: 0.1 ms]
   [Eden: 58.0M(45.0M)->0.0B(99.0M) Survivors: 6144.0K->5120.0K Heap: 389.2M(1024.0M)->330.7M(1024.0M)]
 [Times: user=0.07 sys=0.00, real=0.01 secs] 
2019-11-03T16:37:16.835+0800: 30401.911: [GC pause (G1 Evacuation Pause) (young), 0.0238131 secs]
   [Parallel Time: 23.0 ms, GC Workers: 4]
      [GC Worker Start (ms): Min: 30401911.4, Avg: 30401911.7, Max: 30401912.5, Diff: 1.1]
      [Ext Root Scanning (ms): Min: 0.0, Avg: 0.8, Max: 1.0, Diff: 1.0, Sum: 3.1]
      [Update RS (ms): Min: 2.3, Avg: 2.8, Max: 3.3, Diff: 1.0, Sum: 11.2]
         [Processed Buffers: Min: 1, Avg: 9.8, Max: 15, Diff: 14, Sum: 39]
      [Scan RS (ms): Min: 5.9, Avg: 6.2, Max: 6.6, Diff: 0.7, Sum: 24.7]
      [Code Root Scanning (ms): Min: 0.0, Avg: 0.0, Max: 0.0, Diff: 0.0, Sum: 0.0]
      [Object Copy (ms): Min: 12.6, Avg: 12.8, Max: 13.4, Diff: 0.8, Sum: 51.2]
      [Termination (ms): Min: 0.0, Avg: 0.0, Max: 0.0, Diff: 0.0, Sum: 0.0]
         [Termination Attempts: Min: 1, Avg: 1.2, Max: 2, Diff: 1, Sum: 5]
      [GC Worker Other (ms): Min: 0.0, Avg: 0.0, Max: 0.1, Diff: 0.0, Sum: 0.2]
      [GC Worker Total (ms): Min: 21.8, Avg: 22.6, Max: 22.9, Diff: 1.2, Sum: 90.4]
      [GC Worker End (ms): Min: 30401934.3, Avg: 30401934.3, Max: 30401934.3, Diff: 0.0]
   [Code Root Fixup: 0.0 ms]
   [Code Root Purge: 0.0 ms]
   [Clear CT: 0.1 ms]
   [Other: 0.7 ms]
      [Choose CSet: 0.0 ms]
      [Ref Proc: 0.2 ms]
      [Ref Enq: 0.0 ms]
      [Redirty Cards: 0.1 ms]
      [Humongous Register: 0.1 ms]
      [Humongous Reclaim: 0.0 ms]
      [Free CSet: 0.1 ms]
   [Eden: 68.0M(46.0M)->0.0B(44.0M) Survivors: 5120.0K->7168.0K Heap: 398.7M(1024.0M)->333.4M(1024.0M)]
 [Times: user=0.09 sys=0.00, real=0.02 secs] 
2019-11-03T16:37:27.602+0800: 30412.677: [GC pause (G1 Evacuation Pause) (young), 0.0212753 secs]
   [Parallel Time: 20.4 ms, GC Workers: 4]
      [GC Worker Start (ms): Min: 30412677.5, Avg: 30412677.7, Max: 30412678.2, Diff: 0.7]
      [Ext Root Scanning (ms): Min: 0.3, Avg: 0.8, Max: 1.0, Diff: 0.7, Sum: 3.2]
      [Update RS (ms): Min: 1.5, Avg: 1.6, Max: 1.9, Diff: 0.4, Sum: 6.4]
         [Processed Buffers: Min: 1, Avg: 8.0, Max: 15, Diff: 14, Sum: 32]
      [Scan RS (ms): Min: 4.5, Avg: 4.8, Max: 4.9, Diff: 0.5, Sum: 19.1]
      [Code Root Scanning (ms): Min: 0.0, Avg: 0.0, Max: 0.0, Diff: 0.0, Sum: 0.0]
      [Object Copy (ms): Min: 12.9, Avg: 13.0, Max: 13.1, Diff: 0.2, Sum: 51.9]
      [Termination (ms): Min: 0.0, Avg: 0.0, Max: 0.0, Diff: 0.0, Sum: 0.0]
         [Termination Attempts: Min: 1, Avg: 1.0, Max: 1, Diff: 0, Sum: 4]
      [GC Worker Other (ms): Min: 0.0, Avg: 0.0, Max: 0.0, Diff: 0.0, Sum: 0.1]
      [GC Worker Total (ms): Min: 19.7, Avg: 20.2, Max: 20.4, Diff: 0.7, Sum: 80.7]
      [GC Worker End (ms): Min: 30412697.8, Avg: 30412697.8, Max: 30412697.8, Diff: 0.0]
   [Code Root Fixup: 0.0 ms]
   [Code Root Purge: 0.0 ms]
   [Clear CT: 0.1 ms]
   [Other: 0.7 ms]
      [Choose CSet: 0.0 ms]
      [Ref Proc: 0.2 ms]
      [Ref Enq: 0.0 ms]
      [Redirty Cards: 0.1 ms]
      [Humongous Register: 0.1 ms]
      [Humongous Reclaim: 0.0 ms]
      [Free CSet: 0.1 ms]
   [Eden: 44.0M(44.0M)->0.0B(85.0M) Survivors: 7168.0K->3072.0K Heap: 377.4M(1024.0M)->333.9M(1024.0M)]
 [Times: user=0.07 sys=0.00, real=0.02 secs] 
2019-11-03T16:37:43.783+0800: 30428.858: [GC pause (G1 Evacuation Pause) (young), 0.0108496 secs]
   [Parallel Time: 10.1 ms, GC Workers: 4]
      [GC Worker Start (ms): Min: 30428858.1, Avg: 30428858.2, Max: 30428858.4, Diff: 0.3]
      [Ext Root Scanning (ms): Min: 0.6, Avg: 0.8, Max: 0.9, Diff: 0.3, Sum: 3.2]
      [Update RS (ms): Min: 2.5, Avg: 2.6, Max: 2.6, Diff: 0.1, Sum: 10.3]
         [Processed Buffers: Min: 1, Avg: 8.2, Max: 15, Diff: 14, Sum: 33]
      [Scan RS (ms): Min: 2.7, Avg: 2.7, Max: 2.8, Diff: 0.1, Sum: 10.9]
      [Code Root Scanning (ms): Min: 0.0, Avg: 0.0, Max: 0.0, Diff: 0.0, Sum: 0.0]
      [Object Copy (ms): Min: 3.7, Avg: 3.8, Max: 3.8, Diff: 0.1, Sum: 15.1]
      [Termination (ms): Min: 0.0, Avg: 0.0, Max: 0.0, Diff: 0.0, Sum: 0.0]
         [Termination Attempts: Min: 1, Avg: 1.0, Max: 1, Diff: 0, Sum: 4]
      [GC Worker Other (ms): Min: 0.0, Avg: 0.0, Max: 0.1, Diff: 0.0, Sum: 0.2]
      [GC Worker Total (ms): Min: 9.7, Avg: 9.9, Max: 10.0, Diff: 0.3, Sum: 39.7]
      [GC Worker End (ms): Min: 30428868.1, Avg: 30428868.1, Max: 30428868.1, Diff: 0.0]
   [Code Root Fixup: 0.0 ms]
   [Code Root Purge: 0.0 ms]
   [Clear CT: 0.1 ms]
   [Other: 0.7 ms]
      [Choose CSet: 0.0 ms]
      [Ref Proc: 0.2 ms]
      [Ref Enq: 0.0 ms]
      [Redirty Cards: 0.1 ms]
      [Humongous Register: 0.0 ms]
      [Humongous Reclaim: 0.0 ms]
      [Free CSet: 0.1 ms]
   [Eden: 67.0M(48.0M)->0.0B(86.0M) Survivors: 3072.0K->5120.0K Heap: 400.9M(1024.0M)->335.8M(1024.0M)]
 [Times: user=0.04 sys=0.00, real=0.01 secs] 
2019-11-03T16:38:04.696+0800: 30449.770: [GC pause (G1 Evacuation Pause) (young), 0.0096913 secs]
   [Parallel Time: 9.0 ms, GC Workers: 4]
      [GC Worker Start (ms): Min: 30449769.8, Avg: 30449769.9, Max: 30449770.2, Diff: 0.4]
      [Ext Root Scanning (ms): Min: 0.2, Avg: 0.5, Max: 0.6, Diff: 0.4, Sum: 1.9]
      [Update RS (ms): Min: 1.4, Avg: 1.4, Max: 1.5, Diff: 0.1, Sum: 5.8]
         [Processed Buffers: Min: 4, Avg: 8.5, Max: 16, Diff: 12, Sum: 34]
      [Scan RS (ms): Min: 1.7, Avg: 1.8, Max: 1.9, Diff: 0.2, Sum: 7.2]
      [Code Root Scanning (ms): Min: 0.0, Avg: 0.0, Max: 0.0, Diff: 0.0, Sum: 0.0]
      [Object Copy (ms): Min: 5.0, Avg: 5.0, Max: 5.1, Diff: 0.1, Sum: 20.1]
      [Termination (ms): Min: 0.0, Avg: 0.0, Max: 0.0, Diff: 0.0, Sum: 0.0]
         [Termination Attempts: Min: 1, Avg: 1.0, Max: 1, Diff: 0, Sum: 4]
      [GC Worker Other (ms): Min: 0.0, Avg: 0.0, Max: 0.1, Diff: 0.0, Sum: 0.2]
      [GC Worker Total (ms): Min: 8.4, Avg: 8.8, Max: 8.9, Diff: 0.5, Sum: 35.1]
      [GC Worker End (ms): Min: 30449778.7, Avg: 30449778.7, Max: 30449778.7, Diff: 0.0]
   [Code Root Fixup: 0.0 ms]
   [Code Root Purge: 0.0 ms]
   [Clear CT: 0.1 ms]
   [Other: 0.6 ms]
      [Choose CSet: 0.0 ms]
      [Ref Proc: 0.2 ms]
      [Ref Enq: 0.0 ms]
      [Redirty Cards: 0.1 ms]
      [Humongous Register: 0.0 ms]
      [Humongous Reclaim: 0.0 ms]
      [Free CSet: 0.1 ms]
   [Eden: 86.0M(86.0M)->0.0B(278.0M) Survivors: 5120.0K->4096.0K Heap: 421.8M(1024.0M)->335.2M(1024.0M)]
 [Times: user=0.03 sys=0.00, real=0.01 secs] 
2019-11-03T16:38:39.533+0800: 30484.606: [GC pause (G1 Evacuation Pause) (young), 0.0571670 secs]
   [Parallel Time: 55.5 ms, GC Workers: 4]
      [GC Worker Start (ms): Min: 30484605.9, Avg: 30484606.7, Max: 30484607.8, Diff: 1.8]
      [Ext Root Scanning (ms): Min: 0.0, Avg: 0.5, Max: 1.1, Diff: 1.1, Sum: 2.0]
      [Update RS (ms): Min: 1.7, Avg: 4.2, Max: 7.6, Diff: 5.8, Sum: 16.7]
         [Processed Buffers: Min: 0, Avg: 11.0, Max: 26, Diff: 26, Sum: 44]
      [Scan RS (ms): Min: 0.0, Avg: 3.2, Max: 5.1, Diff: 5.1, Sum: 12.7]
      [Code Root Scanning (ms): Min: 0.0, Avg: 0.0, Max: 0.0, Diff: 0.0, Sum: 0.0]
      [Object Copy (ms): Min: 46.7, Avg: 46.8, Max: 46.8, Diff: 0.1, Sum: 187.1]
      [Termination (ms): Min: 0.0, Avg: 0.0, Max: 0.0, Diff: 0.0, Sum: 0.0]
         [Termination Attempts: Min: 1, Avg: 1.2, Max: 2, Diff: 1, Sum: 5]
      [GC Worker Other (ms): Min: 0.0, Avg: 0.0, Max: 0.0, Diff: 0.0, Sum: 0.1]
      [GC Worker Total (ms): Min: 53.6, Avg: 54.7, Max: 55.5, Diff: 1.8, Sum: 218.7]
      [GC Worker End (ms): Min: 30484661.4, Avg: 30484661.4, Max: 30484661.4, Diff: 0.0]
   [Code Root Fixup: 0.0 ms]
   [Code Root Purge: 0.0 ms]
   [Clear CT: 0.1 ms]
   [Other: 1.5 ms]
      [Choose CSet: 0.0 ms]
      [Ref Proc: 0.9 ms]
      [Ref Enq: 0.0 ms]
      [Redirty Cards: 0.1 ms]
      [Humongous Register: 0.1 ms]
      [Humongous Reclaim: 0.0 ms]
      [Free CSet: 0.2 ms]
   [Eden: 144.0M(47.0M)->0.0B(46.0M) Survivors: 4096.0K->5120.0K Heap: 479.2M(1024.0M)->336.4M(1024.0M)]
 [Times: user=0.05 sys=0.03, real=0.06 secs] 
2019-11-03T16:38:50.693+0800: 30495.765: [GC pause (G1 Evacuation Pause) (young), 0.0190301 secs]
   [Parallel Time: 18.3 ms, GC Workers: 4]
      [GC Worker Start (ms): Min: 30495765.5, Avg: 30495765.6, Max: 30495765.7, Diff: 0.2]
      [Ext Root Scanning (ms): Min: 0.7, Avg: 0.9, Max: 0.9, Diff: 0.2, Sum: 3.4]
      [Update RS (ms): Min: 1.5, Avg: 1.7, Max: 1.9, Diff: 0.4, Sum: 6.7]
         [Processed Buffers: Min: 4, Avg: 8.8, Max: 18, Diff: 14, Sum: 35]
      [Scan RS (ms): Min: 5.6, Avg: 5.8, Max: 6.0, Diff: 0.5, Sum: 23.3]
      [Code Root Scanning (ms): Min: 0.0, Avg: 0.0, Max: 0.0, Diff: 0.0, Sum: 0.0]
      [Object Copy (ms): Min: 9.7, Avg: 9.7, Max: 9.8, Diff: 0.1, Sum: 38.8]
      [Termination (ms): Min: 0.0, Avg: 0.0, Max: 0.0, Diff: 0.0, Sum: 0.0]
         [Termination Attempts: Min: 1, Avg: 1.5, Max: 2, Diff: 1, Sum: 6]
      [GC Worker Other (ms): Min: 0.0, Avg: 0.0, Max: 0.1, Diff: 0.1, Sum: 0.2]
      [GC Worker Total (ms): Min: 18.0, Avg: 18.1, Max: 18.2, Diff: 0.2, Sum: 72.5]
      [GC Worker End (ms): Min: 30495783.7, Avg: 30495783.7, Max: 30495783.7, Diff: 0.0]
   [Code Root Fixup: 0.0 ms]
   [Code Root Purge: 0.0 ms]
   [Clear CT: 0.1 ms]
   [Other: 0.6 ms]
      [Choose CSet: 0.0 ms]
      [Ref Proc: 0.1 ms]
      [Ref Enq: 0.0 ms]
      [Redirty Cards: 0.1 ms]
      [Humongous Register: 0.1 ms]
      [Humongous Reclaim: 0.0 ms]
      [Free CSet: 0.1 ms]
   [Eden: 46.0M(46.0M)->0.0B(46.0M) Survivors: 5120.0K->5120.0K Heap: 382.4M(1024.0M)->336.6M(1024.0M)]
 [Times: user=0.06 sys=0.00, real=0.02 secs] 
2019-11-03T16:39:01.854+0800: 30506.926: [GC pause (G1 Evacuation Pause) (young), 0.0186766 secs]
   [Parallel Time: 17.8 ms, GC Workers: 4]
      [GC Worker Start (ms): Min: 30506926.1, Avg: 30506926.4, Max: 30506927.2, Diff: 1.2]
      [Ext Root Scanning (ms): Min: 0.0, Avg: 0.8, Max: 1.1, Diff: 1.1, Sum: 3.2]
      [Update RS (ms): Min: 1.9, Avg: 2.5, Max: 2.9, Diff: 0.9, Sum: 10.2]
         [Processed Buffers: Min: 1, Avg: 7.8, Max: 12, Diff: 11, Sum: 31]
      [Scan RS (ms): Min: 5.8, Avg: 6.0, Max: 6.3, Diff: 0.4, Sum: 24.2]
      [Code Root Scanning (ms): Min: 0.0, Avg: 0.0, Max: 0.0, Diff: 0.0, Sum: 0.0]
      [Object Copy (ms): Min: 7.7, Avg: 8.0, Max: 8.5, Diff: 0.7, Sum: 32.0]
      [Termination (ms): Min: 0.0, Avg: 0.0, Max: 0.0, Diff: 0.0, Sum: 0.0]
         [Termination Attempts: Min: 1, Avg: 3.0, Max: 5, Diff: 4, Sum: 12]
      [GC Worker Other (ms): Min: 0.0, Avg: 0.1, Max: 0.1, Diff: 0.1, Sum: 0.2]
      [GC Worker Total (ms): Min: 16.6, Avg: 17.4, Max: 17.8, Diff: 1.2, Sum: 69.8]
      [GC Worker End (ms): Min: 30506943.8, Avg: 30506943.8, Max: 30506943.8, Diff: 0.0]
   [Code Root Fixup: 0.0 ms]
   [Code Root Purge: 0.0 ms]
   [Clear CT: 0.1 ms]
   [Other: 0.7 ms]
      [Choose CSet: 0.0 ms]
      [Ref Proc: 0.2 ms]
      [Ref Enq: 0.0 ms]
      [Redirty Cards: 0.1 ms]
      [Humongous Register: 0.1 ms]
      [Humongous Reclaim: 0.0 ms]
      [Free CSet: 0.1 ms]
   [Eden: 46.0M(46.0M)->0.0B(46.0M) Survivors: 5120.0K->5120.0K Heap: 382.6M(1024.0M)->336.6M(1024.0M)]
 [Times: user=0.07 sys=0.00, real=0.02 secs] 
2019-11-03T16:39:12.959+0800: 30518.030: [GC pause (G1 Evacuation Pause) (young), 0.0189476 secs]
   [Parallel Time: 18.2 ms, GC Workers: 4]
      [GC Worker Start (ms): Min: 30518030.1, Avg: 30518030.3, Max: 30518030.7, Diff: 0.6]
      [Ext Root Scanning (ms): Min: 0.4, Avg: 0.8, Max: 1.0, Diff: 0.6, Sum: 3.2]
      [Update RS (ms): Min: 2.2, Avg: 2.4, Max: 2.8, Diff: 0.6, Sum: 9.7]
         [Processed Buffers: Min: 5, Avg: 9.0, Max: 15, Diff: 10, Sum: 36]
      [Scan RS (ms): Min: 4.9, Avg: 5.2, Max: 5.5, Diff: 0.6, Sum: 20.9]
      [Code Root Scanning (ms): Min: 0.0, Avg: 0.0, Max: 0.0, Diff: 0.0, Sum: 0.0]
      [Object Copy (ms): Min: 9.4, Avg: 9.4, Max: 9.5, Diff: 0.2, Sum: 37.7]
      [Termination (ms): Min: 0.0, Avg: 0.0, Max: 0.0, Diff: 0.0, Sum: 0.0]
         [Termination Attempts: Min: 1, Avg: 1.0, Max: 1, Diff: 0, Sum: 4]
      [GC Worker Other (ms): Min: 0.0, Avg: 0.1, Max: 0.1, Diff: 0.0, Sum: 0.2]
      [GC Worker Total (ms): Min: 17.5, Avg: 17.9, Max: 18.1, Diff: 0.6, Sum: 71.8]
      [GC Worker End (ms): Min: 30518048.2, Avg: 30518048.3, Max: 30518048.3, Diff: 0.0]
   [Code Root Fixup: 0.0 ms]
   [Code Root Purge: 0.0 ms]
   [Clear CT: 0.1 ms]
   [Other: 0.7 ms]
      [Choose CSet: 0.0 ms]
      [Ref Proc: 0.3 ms]
      [Ref Enq: 0.0 ms]
      [Redirty Cards: 0.0 ms]
      [Humongous Register: 0.0 ms]
      [Humongous Reclaim: 0.0 ms]
      [Free CSet: 0.1 ms]
   [Eden: 46.0M(46.0M)->0.0B(44.0M) Survivors: 5120.0K->7168.0K Heap: 382.6M(1024.0M)->338.6M(1024.0M)]
 [Times: user=0.07 sys=0.00, real=0.02 secs] 
2019-11-03T16:39:23.515+0800: 30528.586: [GC pause (G1 Evacuation Pause) (young), 0.0180718 secs]
   [Parallel Time: 17.3 ms, GC Workers: 4]
      [GC Worker Start (ms): Min: 30528586.5, Avg: 30528586.6, Max: 30528586.9, Diff: 0.4]
      [Ext Root Scanning (ms): Min: 0.5, Avg: 0.7, Max: 0.9, Diff: 0.4, Sum: 3.0]
      [Update RS (ms): Min: 1.8, Avg: 1.9, Max: 1.9, Diff: 0.1, Sum: 7.6]
         [Processed Buffers: Min: 3, Avg: 7.2, Max: 11, Diff: 8, Sum: 29]
      [Scan RS (ms): Min: 3.9, Avg: 4.3, Max: 4.5, Diff: 0.5, Sum: 17.0]
      [Code Root Scanning (ms): Min: 0.0, Avg: 0.0, Max: 0.0, Diff: 0.0, Sum: 0.0]
      [Object Copy (ms): Min: 9.9, Avg: 10.1, Max: 10.5, Diff: 0.7, Sum: 40.5]
      [Termination (ms): Min: 0.0, Avg: 0.0, Max: 0.0, Diff: 0.0, Sum: 0.0]
         [Termination Attempts: Min: 1, Avg: 1.0, Max: 1, Diff: 0, Sum: 4]
      [GC Worker Other (ms): Min: 0.0, Avg: 0.0, Max: 0.0, Diff: 0.0, Sum: 0.1]
      [GC Worker Total (ms): Min: 16.8, Avg: 17.1, Max: 17.2, Diff: 0.4, Sum: 68.3]
      [GC Worker End (ms): Min: 30528603.7, Avg: 30528603.7, Max: 30528603.7, Diff: 0.0]
   [Code Root Fixup: 0.0 ms]
   [Code Root Purge: 0.0 ms]
   [Clear CT: 0.1 ms]
   [Other: 0.7 ms]
      [Choose CSet: 0.0 ms]
      [Ref Proc: 0.2 ms]
      [Ref Enq: 0.0 ms]
      [Redirty Cards: 0.1 ms]
      [Humongous Register: 0.1 ms]
      [Humongous Reclaim: 0.0 ms]
      [Free CSet: 0.1 ms]
   [Eden: 44.0M(44.0M)->0.0B(48.0M) Survivors: 7168.0K->3072.0K Heap: 382.6M(1024.0M)->337.6M(1024.0M)]
 [Times: user=0.07 sys=0.01, real=0.02 secs] 
2019-11-03T16:39:35.060+0800: 30540.130: [GC pause (G1 Evacuation Pause) (young), 0.0132135 secs]
   [Parallel Time: 12.4 ms, GC Workers: 4]
      [GC Worker Start (ms): Min: 30540130.5, Avg: 30540130.6, Max: 30540130.6, Diff: 0.1]
      [Ext Root Scanning (ms): Min: 0.7, Avg: 0.8, Max: 0.8, Diff: 0.1, Sum: 3.0]
      [Update RS (ms): Min: 2.3, Avg: 2.5, Max: 2.9, Diff: 0.6, Sum: 10.1]
         [Processed Buffers: Min: 1, Avg: 9.0, Max: 17, Diff: 16, Sum: 36]
      [Scan RS (ms): Min: 3.6, Avg: 3.9, Max: 4.1, Diff: 0.5, Sum: 15.4]
      [Code Root Scanning (ms): Min: 0.0, Avg: 0.0, Max: 0.0, Diff: 0.0, Sum: 0.0]
      [Object Copy (ms): Min: 5.1, Avg: 5.2, Max: 5.2, Diff: 0.1, Sum: 20.6]
      [Termination (ms): Min: 0.0, Avg: 0.0, Max: 0.0, Diff: 0.0, Sum: 0.0]
         [Termination Attempts: Min: 1, Avg: 1.5, Max: 2, Diff: 1, Sum: 6]
      [GC Worker Other (ms): Min: 0.0, Avg: 0.1, Max: 0.1, Diff: 0.0, Sum: 0.2]
      [GC Worker Total (ms): Min: 12.3, Avg: 12.3, Max: 12.4, Diff: 0.1, Sum: 49.4]
      [GC Worker End (ms): Min: 30540142.9, Avg: 30540142.9, Max: 30540142.9, Diff: 0.0]
   [Code Root Fixup: 0.0 ms]
   [Code Root Purge: 0.0 ms]
   [Clear CT: 0.1 ms]
   [Other: 0.7 ms]
      [Choose CSet: 0.0 ms]
      [Ref Proc: 0.1 ms]
      [Ref Enq: 0.0 ms]
      [Redirty Cards: 0.2 ms]
      [Humongous Register: 0.0 ms]
      [Humongous Reclaim: 0.0 ms]
      [Free CSet: 0.1 ms]
   [Eden: 48.0M(48.0M)->0.0B(47.0M) Survivors: 3072.0K->4096.0K Heap: 385.6M(1024.0M)->338.4M(1024.0M)]
 [Times: user=0.05 sys=0.00, real=0.01 secs] 
2019-11-03T16:39:46.549+0800: 30551.619: [GC pause (G1 Evacuation Pause) (young), 0.0139881 secs]
   [Parallel Time: 13.2 ms, GC Workers: 4]
      [GC Worker Start (ms): Min: 30551619.6, Avg: 30551619.7, Max: 30551619.7, Diff: 0.1]
      [Ext Root Scanning (ms): Min: 0.7, Avg: 0.8, Max: 0.8, Diff: 0.1, Sum: 3.0]
      [Update RS (ms): Min: 1.6, Avg: 1.9, Max: 2.2, Diff: 0.6, Sum: 7.6]
         [Processed Buffers: Min: 6, Avg: 9.0, Max: 15, Diff: 9, Sum: 36]
      [Scan RS (ms): Min: 4.1, Avg: 4.4, Max: 4.7, Diff: 0.6, Sum: 17.6]
      [Code Root Scanning (ms): Min: 0.0, Avg: 0.0, Max: 0.0, Diff: 0.0, Sum: 0.0]
      [Object Copy (ms): Min: 6.0, Avg: 6.0, Max: 6.1, Diff: 0.1, Sum: 24.2]
      [Termination (ms): Min: 0.0, Avg: 0.0, Max: 0.0, Diff: 0.0, Sum: 0.0]
         [Termination Attempts: Min: 1, Avg: 1.8, Max: 3, Diff: 2, Sum: 7]
      [GC Worker Other (ms): Min: 0.0, Avg: 0.0, Max: 0.1, Diff: 0.0, Sum: 0.2]
      [GC Worker Total (ms): Min: 13.1, Avg: 13.1, Max: 13.2, Diff: 0.0, Sum: 52.6]
      [GC Worker End (ms): Min: 30551632.8, Avg: 30551632.8, Max: 30551632.8, Diff: 0.0]
   [Code Root Fixup: 0.0 ms]
   [Code Root Purge: 0.0 ms]
   [Clear CT: 0.1 ms]
   [Other: 0.7 ms]
      [Choose CSet: 0.0 ms]
      [Ref Proc: 0.2 ms]
      [Ref Enq: 0.0 ms]
      [Redirty Cards: 0.1 ms]
      [Humongous Register: 0.0 ms]
      [Humongous Reclaim: 0.0 ms]
      [Free CSet: 0.1 ms]
   [Eden: 47.0M(47.0M)->0.0B(90.0M) Survivors: 4096.0K->3072.0K Heap: 385.4M(1024.0M)->337.4M(1024.0M)]
 [Times: user=0.05 sys=0.00, real=0.02 secs] 
2019-11-03T16:40:08.275+0800: 30573.345: [GC pause (G1 Evacuation Pause) (young), 0.0170119 secs]
   [Parallel Time: 16.1 ms, GC Workers: 4]
      [GC Worker Start (ms): Min: 30573345.0, Avg: 30573345.1, Max: 30573345.5, Diff: 0.6]
      [Ext Root Scanning (ms): Min: 0.4, Avg: 0.8, Max: 1.0, Diff: 0.6, Sum: 3.1]
      [Update RS (ms): Min: 2.8, Avg: 2.9, Max: 3.1, Diff: 0.3, Sum: 11.7]
         [Processed Buffers: Min: 7, Avg: 7.5, Max: 8, Diff: 1, Sum: 30]
      [Scan RS (ms): Min: 3.9, Avg: 4.0, Max: 4.2, Diff: 0.3, Sum: 16.1]
      [Code Root Scanning (ms): Min: 0.0, Avg: 0.0, Max: 0.0, Diff: 0.0, Sum: 0.0]
      [Object Copy (ms): Min: 7.9, Avg: 8.0, Max: 8.0, Diff: 0.1, Sum: 31.9]
      [Termination (ms): Min: 0.0, Avg: 0.0, Max: 0.0, Diff: 0.0, Sum: 0.0]
         [Termination Attempts: Min: 1, Avg: 2.5, Max: 6, Diff: 5, Sum: 10]
      [GC Worker Other (ms): Min: 0.0, Avg: 0.1, Max: 0.1, Diff: 0.0, Sum: 0.2]
      [GC Worker Total (ms): Min: 15.4, Avg: 15.8, Max: 15.9, Diff: 0.6, Sum: 63.1]
      [GC Worker End (ms): Min: 30573360.9, Avg: 30573360.9, Max: 30573360.9, Diff: 0.0]
   [Code Root Fixup: 0.0 ms]
   [Code Root Purge: 0.0 ms]
   [Clear CT: 0.1 ms]
   [Other: 0.8 ms]
      [Choose CSet: 0.0 ms]
      [Ref Proc: 0.3 ms]
      [Ref Enq: 0.0 ms]
      [Redirty Cards: 0.1 ms]
      [Humongous Register: 0.0 ms]
      [Humongous Reclaim: 0.0 ms]
      [Free CSet: 0.1 ms]
   [Eden: 90.0M(90.0M)->0.0B(61.0M) Survivors: 3072.0K->5120.0K Heap: 427.4M(1024.0M)->339.0M(1024.0M)]
 [Times: user=0.06 sys=0.00, real=0.02 secs] 
2019-11-03T16:40:22.997+0800: 30588.065: [GC pause (G1 Evacuation Pause) (young), 0.0162983 secs]
   [Parallel Time: 15.5 ms, GC Workers: 4]
      [GC Worker Start (ms): Min: 30588065.5, Avg: 30588065.6, Max: 30588065.7, Diff: 0.2]
      [Ext Root Scanning (ms): Min: 0.7, Avg: 0.8, Max: 0.8, Diff: 0.2, Sum: 3.1]
      [Update RS (ms): Min: 2.1, Avg: 2.3, Max: 2.5, Diff: 0.3, Sum: 9.3]
         [Processed Buffers: Min: 6, Avg: 8.8, Max: 12, Diff: 6, Sum: 35]
      [Scan RS (ms): Min: 3.9, Avg: 4.0, Max: 4.2, Diff: 0.3, Sum: 16.0]
      [Code Root Scanning (ms): Min: 0.0, Avg: 0.0, Max: 0.0, Diff: 0.0, Sum: 0.0]
      [Object Copy (ms): Min: 8.1, Avg: 8.2, Max: 8.3, Diff: 0.1, Sum: 32.8]
      [Termination (ms): Min: 0.0, Avg: 0.0, Max: 0.0, Diff: 0.0, Sum: 0.0]
         [Termination Attempts: Min: 1, Avg: 1.0, Max: 1, Diff: 0, Sum: 4]
      [GC Worker Other (ms): Min: 0.0, Avg: 0.0, Max: 0.0, Diff: 0.0, Sum: 0.2]
      [GC Worker Total (ms): Min: 15.2, Avg: 15.3, Max: 15.4, Diff: 0.2, Sum: 61.3]
      [GC Worker End (ms): Min: 30588080.9, Avg: 30588080.9, Max: 30588080.9, Diff: 0.0]
   [Code Root Fixup: 0.0 ms]
   [Code Root Purge: 0.0 ms]
   [Clear CT: 0.0 ms]
   [Other: 0.7 ms]
      [Choose CSet: 0.0 ms]
      [Ref Proc: 0.3 ms]
      [Ref Enq: 0.0 ms]
      [Redirty Cards: 0.1 ms]
      [Humongous Register: 0.1 ms]
      [Humongous Reclaim: 0.0 ms]
      [Free CSet: 0.1 ms]
   [Eden: 61.0M(61.0M)->0.0B(107.0M) Survivors: 5120.0K->5120.0K Heap: 400.0M(1024.0M)->339.1M(1024.0M)]
 [Times: user=0.06 sys=0.00, real=0.02 secs] 
2019-11-03T16:40:48.913+0800: 30613.980: [GC pause (G1 Evacuation Pause) (young), 0.0168928 secs]
   [Parallel Time: 16.3 ms, GC Workers: 4]
      [GC Worker Start (ms): Min: 30613980.6, Avg: 30613981.0, Max: 30613981.9, Diff: 1.3]
      [Ext Root Scanning (ms): Min: 0.0, Avg: 0.8, Max: 1.2, Diff: 1.1, Sum: 3.4]
      [Update RS (ms): Min: 1.0, Avg: 2.3, Max: 2.8, Diff: 1.7, Sum: 9.3]
         [Processed Buffers: Min: 7, Avg: 10.0, Max: 13, Diff: 6, Sum: 40]
      [Scan RS (ms): Min: 3.5, Avg: 3.6, Max: 3.6, Diff: 0.1, Sum: 14.2]
      [Code Root Scanning (ms): Min: 0.0, Avg: 0.0, Max: 0.0, Diff: 0.0, Sum: 0.0]
      [Object Copy (ms): Min: 8.7, Avg: 9.2, Max: 10.5, Diff: 1.8, Sum: 36.7]
      [Termination (ms): Min: 0.0, Avg: 0.0, Max: 0.0, Diff: 0.0, Sum: 0.0]
         [Termination Attempts: Min: 1, Avg: 2.0, Max: 4, Diff: 3, Sum: 8]
      [GC Worker Other (ms): Min: 0.0, Avg: 0.0, Max: 0.0, Diff: 0.0, Sum: 0.1]
      [GC Worker Total (ms): Min: 15.0, Avg: 15.9, Max: 16.3, Diff: 1.3, Sum: 63.7]
      [GC Worker End (ms): Min: 30613996.9, Avg: 30613996.9, Max: 30613996.9, Diff: 0.0]
   [Code Root Fixup: 0.0 ms]
   [Code Root Purge: 0.0 ms]
   [Clear CT: 0.1 ms]
   [Other: 0.5 ms]
      [Choose CSet: 0.0 ms]
      [Ref Proc: 0.1 ms]
      [Ref Enq: 0.0 ms]
      [Redirty Cards: 0.0 ms]
      [Humongous Register: 0.0 ms]
      [Humongous Reclaim: 0.0 ms]
      [Free CSet: 0.1 ms]
   [Eden: 107.0M(107.0M)->0.0B(144.0M) Survivors: 5120.0K->5120.0K Heap: 446.1M(1024.0M)->339.6M(1024.0M)]
 [Times: user=0.06 sys=0.00, real=0.02 secs] 
2019-11-03T16:41:23.607+0800: 30648.674: [GC pause (G1 Evacuation Pause) (young), 0.0294018 secs]
   [Parallel Time: 28.4 ms, GC Workers: 4]
      [GC Worker Start (ms): Min: 30648673.7, Avg: 30648673.9, Max: 30648674.3, Diff: 0.6]
      [Ext Root Scanning (ms): Min: 0.4, Avg: 0.8, Max: 1.0, Diff: 0.6, Sum: 3.3]
      [Update RS (ms): Min: 2.0, Avg: 2.2, Max: 2.4, Diff: 0.4, Sum: 8.7]
         [Processed Buffers: Min: 6, Avg: 9.5, Max: 13, Diff: 7, Sum: 38]
      [Scan RS (ms): Min: 4.4, Avg: 4.5, Max: 4.6, Diff: 0.3, Sum: 18.0]
      [Code Root Scanning (ms): Min: 0.0, Avg: 0.0, Max: 0.0, Diff: 0.0, Sum: 0.0]
      [Object Copy (ms): Min: 20.5, Avg: 20.6, Max: 20.6, Diff: 0.1, Sum: 82.3]
      [Termination (ms): Min: 0.0, Avg: 0.1, Max: 0.1, Diff: 0.1, Sum: 0.3]
         [Termination Attempts: Min: 1, Avg: 1.0, Max: 1, Diff: 0, Sum: 4]
      [GC Worker Other (ms): Min: 0.0, Avg: 0.0, Max: 0.0, Diff: 0.0, Sum: 0.1]
      [GC Worker Total (ms): Min: 27.7, Avg: 28.2, Max: 28.4, Diff: 0.7, Sum: 112.8]
      [GC Worker End (ms): Min: 30648702.0, Avg: 30648702.1, Max: 30648702.1, Diff: 0.0]
   [Code Root Fixup: 0.0 ms]
   [Code Root Purge: 0.0 ms]
   [Clear CT: 0.2 ms]
   [Other: 0.8 ms]
      [Choose CSet: 0.0 ms]
      [Ref Proc: 0.2 ms]
      [Ref Enq: 0.0 ms]
      [Redirty Cards: 0.1 ms]
      [Humongous Register: 0.0 ms]
      [Humongous Reclaim: 0.0 ms]
      [Free CSet: 0.1 ms]
   [Eden: 144.0M(144.0M)->0.0B(43.0M) Survivors: 5120.0K->8192.0K Heap: 483.6M(1024.0M)->342.6M(1024.0M)]
 [Times: user=0.07 sys=0.01, real=0.03 secs] 
2019-11-03T16:41:34.032+0800: 30659.098: [GC pause (G1 Evacuation Pause) (young), 0.0220549 secs]
   [Parallel Time: 21.2 ms, GC Workers: 4]
      [GC Worker Start (ms): Min: 30659097.8, Avg: 30659097.9, Max: 30659097.9, Diff: 0.1]
      [Ext Root Scanning (ms): Min: 0.8, Avg: 0.8, Max: 0.9, Diff: 0.1, Sum: 3.3]
      [Update RS (ms): Min: 1.9, Avg: 2.0, Max: 2.1, Diff: 0.2, Sum: 8.2]
         [Processed Buffers: Min: 4, Avg: 8.2, Max: 19, Diff: 15, Sum: 33]
      [Scan RS (ms): Min: 3.9, Avg: 4.0, Max: 4.1, Diff: 0.2, Sum: 16.0]
      [Code Root Scanning (ms): Min: 0.0, Avg: 0.0, Max: 0.0, Diff: 0.0, Sum: 0.0]
      [Object Copy (ms): Min: 14.1, Avg: 14.2, Max: 14.4, Diff: 0.3, Sum: 56.9]
      [Termination (ms): Min: 0.0, Avg: 0.0, Max: 0.0, Diff: 0.0, Sum: 0.0]
         [Termination Attempts: Min: 1, Avg: 1.2, Max: 2, Diff: 1, Sum: 5]
      [GC Worker Other (ms): Min: 0.0, Avg: 0.0, Max: 0.0, Diff: 0.0, Sum: 0.1]
      [GC Worker Total (ms): Min: 21.1, Avg: 21.1, Max: 21.2, Diff: 0.1, Sum: 84.5]
      [GC Worker End (ms): Min: 30659119.0, Avg: 30659119.0, Max: 30659119.0, Diff: 0.0]
   [Code Root Fixup: 0.0 ms]
   [Code Root Purge: 0.0 ms]
   [Clear CT: 0.2 ms]
   [Other: 0.6 ms]
      [Choose CSet: 0.0 ms]
      [Ref Proc: 0.1 ms]
      [Ref Enq: 0.0 ms]
      [Redirty Cards: 0.2 ms]
      [Humongous Register: 0.0 ms]
      [Humongous Reclaim: 0.0 ms]
      [Free CSet: 0.1 ms]
   [Eden: 43.0M(43.0M)->0.0B(46.0M) Survivors: 8192.0K->5120.0K Heap: 385.6M(1024.0M)->341.5M(1024.0M)]
 [Times: user=0.08 sys=0.01, real=0.02 secs] 
2019-11-03T16:41:45.096+0800: 30670.161: [GC pause (G1 Evacuation Pause) (young), 0.0160881 secs]
   [Parallel Time: 15.3 ms, GC Workers: 4]
      [GC Worker Start (ms): Min: 30670161.6, Avg: 30670161.7, Max: 30670162.0, Diff: 0.4]
      [Ext Root Scanning (ms): Min: 0.6, Avg: 0.8, Max: 0.9, Diff: 0.4, Sum: 3.3]
      [Update RS (ms): Min: 0.3, Avg: 2.2, Max: 3.1, Diff: 2.8, Sum: 8.8]
         [Processed Buffers: Min: 5, Avg: 9.0, Max: 12, Diff: 7, Sum: 36]
      [Scan RS (ms): Min: 4.2, Avg: 4.6, Max: 4.9, Diff: 0.7, Sum: 18.6]
      [Code Root Scanning (ms): Min: 0.0, Avg: 0.0, Max: 0.0, Diff: 0.0, Sum: 0.0]
      [Object Copy (ms): Min: 6.9, Avg: 7.5, Max: 9.1, Diff: 2.2, Sum: 29.8]
      [Termination (ms): Min: 0.0, Avg: 0.0, Max: 0.0, Diff: 0.0, Sum: 0.0]
         [Termination Attempts: Min: 1, Avg: 1.0, Max: 1, Diff: 0, Sum: 4]
      [GC Worker Other (ms): Min: 0.0, Avg: 0.0, Max: 0.0, Diff: 0.0, Sum: 0.1]
      [GC Worker Total (ms): Min: 14.9, Avg: 15.1, Max: 15.3, Diff: 0.4, Sum: 60.6]
      [GC Worker End (ms): Min: 30670176.8, Avg: 30670176.8, Max: 30670176.9, Diff: 0.0]
   [Code Root Fixup: 0.0 ms]
   [Code Root Purge: 0.0 ms]
   [Clear CT: 0.1 ms]
   [Other: 0.6 ms]
      [Choose CSet: 0.0 ms]
      [Ref Proc: 0.1 ms]
      [Ref Enq: 0.0 ms]
      [Redirty Cards: 0.1 ms]
      [Humongous Register: 0.0 ms]
      [Humongous Reclaim: 0.0 ms]
      [Free CSet: 0.1 ms]
   [Eden: 46.0M(46.0M)->0.0B(74.0M) Survivors: 5120.0K->5120.0K Heap: 387.5M(1024.0M)->341.5M(1024.0M)]
 [Times: user=0.06 sys=0.00, real=0.02 secs] 
2019-11-03T16:42:02.943+0800: 30688.008: [GC pause (G1 Evacuation Pause) (young), 0.0151257 secs]
   [Parallel Time: 14.5 ms, GC Workers: 4]
      [GC Worker Start (ms): Min: 30688008.3, Avg: 30688008.6, Max: 30688009.2, Diff: 0.9]
      [Ext Root Scanning (ms): Min: 0.2, Avg: 0.8, Max: 1.1, Diff: 0.9, Sum: 3.4]
      [Update RS (ms): Min: 1.8, Avg: 2.1, Max: 2.4, Diff: 0.6, Sum: 8.5]
         [Processed Buffers: Min: 2, Avg: 8.0, Max: 11, Diff: 9, Sum: 32]
      [Scan RS (ms): Min: 3.2, Avg: 3.6, Max: 3.8, Diff: 0.6, Sum: 14.2]
      [Code Root Scanning (ms): Min: 0.0, Avg: 0.0, Max: 0.0, Diff: 0.0, Sum: 0.0]
      [Object Copy (ms): Min: 7.4, Avg: 7.6, Max: 7.7, Diff: 0.2, Sum: 30.3]
      [Termination (ms): Min: 0.0, Avg: 0.0, Max: 0.0, Diff: 0.0, Sum: 0.0]
         [Termination Attempts: Min: 1, Avg: 1.0, Max: 1, Diff: 0, Sum: 4]
      [GC Worker Other (ms): Min: 0.0, Avg: 0.1, Max: 0.1, Diff: 0.1, Sum: 0.2]
      [GC Worker Total (ms): Min: 13.5, Avg: 14.1, Max: 14.4, Diff: 0.9, Sum: 56.6]
      [GC Worker End (ms): Min: 30688022.7, Avg: 30688022.7, Max: 30688022.8, Diff: 0.1]
   [Code Root Fixup: 0.0 ms]
   [Code Root Purge: 0.0 ms]
   [Clear CT: 0.0 ms]
   [Other: 0.6 ms]
      [Choose CSet: 0.0 ms]
      [Ref Proc: 0.1 ms]
      [Ref Enq: 0.0 ms]
      [Redirty Cards: 0.0 ms]
      [Humongous Register: 0.0 ms]
      [Humongous Reclaim: 0.0 ms]
      [Free CSet: 0.1 ms]
   [Eden: 74.0M(74.0M)->0.0B(146.0M) Survivors: 5120.0K->5120.0K Heap: 415.5M(1024.0M)->341.5M(1024.0M)]
 [Times: user=0.06 sys=0.00, real=0.01 secs] 
2019-11-03T16:42:18.424+0800: 30703.489: [GC pause (G1 Evacuation Pause) (young), 0.0176770 secs]
   [Parallel Time: 16.9 ms, GC Workers: 4]
      [GC Worker Start (ms): Min: 30703489.0, Avg: 30703489.1, Max: 30703489.3, Diff: 0.4]
      [Ext Root Scanning (ms): Min: 0.6, Avg: 0.8, Max: 0.9, Diff: 0.3, Sum: 3.3]
      [Update RS (ms): Min: 1.6, Avg: 1.8, Max: 2.2, Diff: 0.5, Sum: 7.3]
         [Processed Buffers: Min: 3, Avg: 9.0, Max: 15, Diff: 12, Sum: 36]
      [Scan RS (ms): Min: 4.6, Avg: 4.9, Max: 5.1, Diff: 0.5, Sum: 19.6]
      [Code Root Scanning (ms): Min: 0.0, Avg: 0.0, Max: 0.0, Diff: 0.0, Sum: 0.0]
      [Object Copy (ms): Min: 9.1, Avg: 9.1, Max: 9.2, Diff: 0.1, Sum: 36.5]
      [Termination (ms): Min: 0.0, Avg: 0.0, Max: 0.0, Diff: 0.0, Sum: 0.0]
         [Termination Attempts: Min: 1, Avg: 1.8, Max: 3, Diff: 2, Sum: 7]
      [GC Worker Other (ms): Min: 0.0, Avg: 0.1, Max: 0.1, Diff: 0.0, Sum: 0.2]
      [GC Worker Total (ms): Min: 16.5, Avg: 16.7, Max: 16.8, Diff: 0.4, Sum: 66.9]
      [GC Worker End (ms): Min: 30703505.8, Avg: 30703505.8, Max: 30703505.8, Diff: 0.0]
   [Code Root Fixup: 0.0 ms]
   [Code Root Purge: 0.0 ms]
   [Clear CT: 0.1 ms]
   [Other: 0.7 ms]
      [Choose CSet: 0.0 ms]
      [Ref Proc: 0.2 ms]
      [Ref Enq: 0.0 ms]
      [Redirty Cards: 0.1 ms]
      [Humongous Register: 0.0 ms]
      [Humongous Reclaim: 0.0 ms]
      [Free CSet: 0.1 ms]
   [Eden: 65.0M(46.0M)->0.0B(128.0M) Survivors: 5120.0K->6144.0K Heap: 406.5M(1024.0M)->343.0M(1024.0M)]
 [Times: user=0.07 sys=0.00, real=0.02 secs] 
2019-11-03T16:42:49.429+0800: 30734.492: [GC pause (G1 Evacuation Pause) (young), 0.0217289 secs]
   [Parallel Time: 21.0 ms, GC Workers: 4]
      [GC Worker Start (ms): Min: 30734492.5, Avg: 30734492.5, Max: 30734492.5, Diff: 0.1]
      [Ext Root Scanning (ms): Min: 0.7, Avg: 0.8, Max: 0.8, Diff: 0.1, Sum: 3.1]
      [Update RS (ms): Min: 2.4, Avg: 2.5, Max: 2.7, Diff: 0.3, Sum: 10.2]
         [Processed Buffers: Min: 1, Avg: 9.8, Max: 25, Diff: 24, Sum: 39]
      [Scan RS (ms): Min: 4.7, Avg: 4.8, Max: 5.1, Diff: 0.4, Sum: 19.3]
      [Code Root Scanning (ms): Min: 0.0, Avg: 0.0, Max: 0.0, Diff: 0.0, Sum: 0.0]
      [Object Copy (ms): Min: 12.6, Avg: 12.7, Max: 12.9, Diff: 0.2, Sum: 50.9]
      [Termination (ms): Min: 0.0, Avg: 0.0, Max: 0.0, Diff: 0.0, Sum: 0.0]
         [Termination Attempts: Min: 1, Avg: 1.0, Max: 1, Diff: 0, Sum: 4]
      [GC Worker Other (ms): Min: 0.0, Avg: 0.0, Max: 0.1, Diff: 0.0, Sum: 0.2]
      [GC Worker Total (ms): Min: 20.9, Avg: 20.9, Max: 21.0, Diff: 0.1, Sum: 83.8]
      [GC Worker End (ms): Min: 30734513.4, Avg: 30734513.4, Max: 30734513.4, Diff: 0.0]
   [Code Root Fixup: 0.0 ms]
   [Code Root Purge: 0.0 ms]
   [Clear CT: 0.1 ms]
   [Other: 0.6 ms]
      [Choose CSet: 0.0 ms]
      [Ref Proc: 0.1 ms]
      [Ref Enq: 0.0 ms]
      [Redirty Cards: 0.1 ms]
      [Humongous Register: 0.0 ms]
      [Humongous Reclaim: 0.0 ms]
      [Free CSet: 0.1 ms]
   [Eden: 128.0M(128.0M)->0.0B(71.0M) Survivors: 6144.0K->7168.0K Heap: 471.0M(1024.0M)->343.5M(1024.0M)]
 [Times: user=0.09 sys=0.00, real=0.03 secs] 
2019-11-03T16:43:06.615+0800: 30751.678: [GC pause (G1 Evacuation Pause) (young), 0.0219777 secs]
   [Parallel Time: 21.2 ms, GC Workers: 4]
      [GC Worker Start (ms): Min: 30751677.7, Avg: 30751678.0, Max: 30751678.8, Diff: 1.1]
      [Ext Root Scanning (ms): Min: 0.0, Avg: 0.8, Max: 1.0, Diff: 1.0, Sum: 3.1]
      [Update RS (ms): Min: 1.1, Avg: 2.5, Max: 3.2, Diff: 2.2, Sum: 10.2]
         [Processed Buffers: Min: 4, Avg: 8.0, Max: 14, Diff: 10, Sum: 32]
      [Scan RS (ms): Min: 3.8, Avg: 4.2, Max: 4.5, Diff: 0.7, Sum: 16.6]
      [Code Root Scanning (ms): Min: 0.0, Avg: 0.0, Max: 0.0, Diff: 0.0, Sum: 0.0]
      [Object Copy (ms): Min: 12.6, Avg: 13.3, Max: 15.2, Diff: 2.7, Sum: 53.2]
      [Termination (ms): Min: 0.0, Avg: 0.0, Max: 0.0, Diff: 0.0, Sum: 0.0]
         [Termination Attempts: Min: 1, Avg: 1.0, Max: 1, Diff: 0, Sum: 4]
      [GC Worker Other (ms): Min: 0.0, Avg: 0.0, Max: 0.0, Diff: 0.0, Sum: 0.1]
      [GC Worker Total (ms): Min: 20.0, Avg: 20.8, Max: 21.1, Diff: 1.1, Sum: 83.3]
      [GC Worker End (ms): Min: 30751698.8, Avg: 30751698.8, Max: 30751698.8, Diff: 0.0]
   [Code Root Fixup: 0.0 ms]
   [Code Root Purge: 0.0 ms]
   [Clear CT: 0.1 ms]
   [Other: 0.7 ms]
      [Choose CSet: 0.0 ms]
      [Ref Proc: 0.2 ms]
      [Ref Enq: 0.0 ms]
      [Redirty Cards: 0.1 ms]
      [Humongous Register: 0.0 ms]
      [Humongous Reclaim: 0.0 ms]
      [Free CSet: 0.1 ms]
   [Eden: 71.0M(71.0M)->0.0B(44.0M) Survivors: 7168.0K->7168.0K Heap: 414.5M(1024.0M)->344.7M(1024.0M)]
 [Times: user=0.08 sys=0.00, real=0.02 secs] 
2019-11-03T16:43:17.167+0800: 30762.229: [GC pause (G1 Evacuation Pause) (young), 0.0185444 secs]
   [Parallel Time: 17.9 ms, GC Workers: 4]
      [GC Worker Start (ms): Min: 30762229.3, Avg: 30762229.7, Max: 30762230.6, Diff: 1.3]
      [Ext Root Scanning (ms): Min: 0.0, Avg: 0.8, Max: 1.1, Diff: 1.1, Sum: 3.3]
      [Update RS (ms): Min: 2.0, Avg: 2.3, Max: 2.5, Diff: 0.5, Sum: 9.1]
         [Processed Buffers: Min: 4, Avg: 9.0, Max: 17, Diff: 13, Sum: 36]
      [Scan RS (ms): Min: 4.1, Avg: 4.4, Max: 4.7, Diff: 0.6, Sum: 17.5]
      [Code Root Scanning (ms): Min: 0.0, Avg: 0.0, Max: 0.0, Diff: 0.0, Sum: 0.0]
      [Object Copy (ms): Min: 9.9, Avg: 10.0, Max: 10.0, Diff: 0.1, Sum: 40.0]
      [Termination (ms): Min: 0.0, Avg: 0.0, Max: 0.0, Diff: 0.0, Sum: 0.0]
         [Termination Attempts: Min: 1, Avg: 1.0, Max: 1, Diff: 0, Sum: 4]
      [GC Worker Other (ms): Min: 0.0, Avg: 0.0, Max: 0.0, Diff: 0.0, Sum: 0.1]
      [GC Worker Total (ms): Min: 16.5, Avg: 17.5, Max: 17.8, Diff: 1.3, Sum: 70.0]
      [GC Worker End (ms): Min: 30762247.2, Avg: 30762247.2, Max: 30762247.2, Diff: 0.0]
   [Code Root Fixup: 0.0 ms]
   [Code Root Purge: 0.0 ms]
   [Clear CT: 0.1 ms]
   [Other: 0.5 ms]
      [Choose CSet: 0.0 ms]
      [Ref Proc: 0.1 ms]
      [Ref Enq: 0.0 ms]
      [Redirty Cards: 0.1 ms]
      [Humongous Register: 0.0 ms]
      [Humongous Reclaim: 0.0 ms]
      [Free CSet: 0.1 ms]
   [Eden: 44.0M(44.0M)->0.0B(114.0M) Survivors: 7168.0K->5120.0K Heap: 388.7M(1024.0M)->344.3M(1024.0M)]
 [Times: user=0.07 sys=0.00, real=0.02 secs] 
2019-11-03T16:43:28.123+0800: 30773.185: [GC pause (G1 Evacuation Pause) (young), 0.0185392 secs]
   [Parallel Time: 17.6 ms, GC Workers: 4]
      [GC Worker Start (ms): Min: 30773184.8, Avg: 30773184.8, Max: 30773184.8, Diff: 0.0]
      [Ext Root Scanning (ms): Min: 0.7, Avg: 0.8, Max: 0.8, Diff: 0.1, Sum: 3.1]
      [Update RS (ms): Min: 2.0, Avg: 2.3, Max: 2.5, Diff: 0.5, Sum: 9.2]
         [Processed Buffers: Min: 6, Avg: 7.8, Max: 12, Diff: 6, Sum: 31]
      [Scan RS (ms): Min: 4.8, Avg: 5.0, Max: 5.2, Diff: 0.4, Sum: 20.1]
      [Code Root Scanning (ms): Min: 0.0, Avg: 0.0, Max: 0.0, Diff: 0.0, Sum: 0.0]
      [Object Copy (ms): Min: 9.3, Avg: 9.4, Max: 9.5, Diff: 0.2, Sum: 37.6]
      [Termination (ms): Min: 0.0, Avg: 0.0, Max: 0.0, Diff: 0.0, Sum: 0.0]
         [Termination Attempts: Min: 1, Avg: 1.0, Max: 1, Diff: 0, Sum: 4]
      [GC Worker Other (ms): Min: 0.0, Avg: 0.0, Max: 0.0, Diff: 0.0, Sum: 0.1]
      [GC Worker Total (ms): Min: 17.5, Avg: 17.5, Max: 17.5, Diff: 0.1, Sum: 70.1]
      [GC Worker End (ms): Min: 30773202.3, Avg: 30773202.3, Max: 30773202.3, Diff: 0.0]
   [Code Root Fixup: 0.0 ms]
   [Code Root Purge: 0.0 ms]
   [Clear CT: 0.1 ms]
   [Other: 0.9 ms]
      [Choose CSet: 0.0 ms]
      [Ref Proc: 0.3 ms]
      [Ref Enq: 0.0 ms]
      [Redirty Cards: 0.2 ms]
      [Humongous Register: 0.1 ms]
      [Humongous Reclaim: 0.0 ms]
      [Free CSet: 0.1 ms]
   [Eden: 46.0M(46.0M)->0.0B(100.0M) Survivors: 5120.0K->6144.0K Heap: 390.3M(1024.0M)->345.8M(1024.0M)]
 [Times: user=0.07 sys=0.00, real=0.02 secs] 
2019-11-03T16:43:38.902+0800: 30783.964: [GC pause (G1 Evacuation Pause) (young), 0.0195081 secs]
   [Parallel Time: 18.8 ms, GC Workers: 4]
      [GC Worker Start (ms): Min: 30783964.0, Avg: 30783964.1, Max: 30783964.4, Diff: 0.4]
      [Ext Root Scanning (ms): Min: 0.8, Avg: 1.1, Max: 1.2, Diff: 0.5, Sum: 4.3]
      [Update RS (ms): Min: 1.6, Avg: 1.7, Max: 2.2, Diff: 0.6, Sum: 6.9]
         [Processed Buffers: Min: 3, Avg: 8.2, Max: 11, Diff: 8, Sum: 33]
      [Scan RS (ms): Min: 5.3, Avg: 5.6, Max: 5.8, Diff: 0.5, Sum: 22.6]
      [Code Root Scanning (ms): Min: 0.0, Avg: 0.0, Max: 0.0, Diff: 0.0, Sum: 0.0]
      [Object Copy (ms): Min: 10.0, Avg: 10.1, Max: 10.3, Diff: 0.3, Sum: 40.6]
      [Termination (ms): Min: 0.0, Avg: 0.0, Max: 0.0, Diff: 0.0, Sum: 0.0]
         [Termination Attempts: Min: 1, Avg: 1.0, Max: 1, Diff: 0, Sum: 4]
      [GC Worker Other (ms): Min: 0.0, Avg: 0.1, Max: 0.1, Diff: 0.0, Sum: 0.2]
      [GC Worker Total (ms): Min: 18.4, Avg: 18.7, Max: 18.8, Diff: 0.4, Sum: 74.6]
      [GC Worker End (ms): Min: 30783982.7, Avg: 30783982.7, Max: 30783982.8, Diff: 0.0]
   [Code Root Fixup: 0.0 ms]
   [Code Root Purge: 0.0 ms]
   [Clear CT: 0.1 ms]
   [Other: 0.5 ms]
      [Choose CSet: 0.0 ms]
      [Ref Proc: 0.1 ms]
      [Ref Enq: 0.0 ms]
      [Redirty Cards: 0.1 ms]
      [Humongous Register: 0.0 ms]
      [Humongous Reclaim: 0.0 ms]
      [Free CSet: 0.1 ms]
   [Eden: 45.0M(45.0M)->0.0B(97.0M) Survivors: 6144.0K->5120.0K Heap: 390.8M(1024.0M)->345.8M(1024.0M)]
 [Times: user=0.07 sys=0.00, real=0.02 secs] 
2019-11-03T16:43:49.828+0800: 30794.889: [GC pause (G1 Evacuation Pause) (young), 0.0177551 secs]
   [Parallel Time: 17.0 ms, GC Workers: 4]
      [GC Worker Start (ms): Min: 30794888.8, Avg: 30794889.6, Max: 30794890.4, Diff: 1.6]
      [Ext Root Scanning (ms): Min: 0.0, Avg: 0.8, Max: 1.5, Diff: 1.5, Sum: 3.1]
      [Update RS (ms): Min: 2.3, Avg: 2.8, Max: 3.1, Diff: 0.8, Sum: 11.2]
         [Processed Buffers: Min: 4, Avg: 9.0, Max: 14, Diff: 10, Sum: 36]
      [Scan RS (ms): Min: 5.5, Avg: 5.6, Max: 5.9, Diff: 0.4, Sum: 22.3]
      [Code Root Scanning (ms): Min: 0.0, Avg: 0.0, Max: 0.0, Diff: 0.0, Sum: 0.0]
      [Object Copy (ms): Min: 6.8, Avg: 7.0, Max: 7.7, Diff: 0.9, Sum: 28.0]
      [Termination (ms): Min: 0.0, Avg: 0.0, Max: 0.0, Diff: 0.0, Sum: 0.0]
         [Termination Attempts: Min: 1, Avg: 1.0, Max: 1, Diff: 0, Sum: 4]
      [GC Worker Other (ms): Min: 0.0, Avg: 0.0, Max: 0.0, Diff: 0.0, Sum: 0.1]
      [GC Worker Total (ms): Min: 15.4, Avg: 16.2, Max: 17.0, Diff: 1.6, Sum: 64.8]
      [GC Worker End (ms): Min: 30794905.8, Avg: 30794905.8, Max: 30794905.8, Diff: 0.0]
   [Code Root Fixup: 0.0 ms]
   [Code Root Purge: 0.0 ms]
   [Clear CT: 0.1 ms]
   [Other: 0.6 ms]
      [Choose CSet: 0.0 ms]
      [Ref Proc: 0.2 ms]
      [Ref Enq: 0.0 ms]
      [Redirty Cards: 0.1 ms]
      [Humongous Register: 0.0 ms]
      [Humongous Reclaim: 0.0 ms]
      [Free CSet: 0.1 ms]
   [Eden: 46.0M(46.0M)->0.0B(119.0M) Survivors: 5120.0K->5120.0K Heap: 391.8M(1024.0M)->345.8M(1024.0M)]
 [Times: user=0.07 sys=0.00, real=0.02 secs] 
2019-11-03T16:44:00.801+0800: 30805.861: [GC pause (G1 Evacuation Pause) (young), 0.0155148 secs]
   [Parallel Time: 14.8 ms, GC Workers: 4]
      [GC Worker Start (ms): Min: 30805861.2, Avg: 30805861.4, Max: 30805862.0, Diff: 0.8]
      [Ext Root Scanning (ms): Min: 0.3, Avg: 0.8, Max: 1.0, Diff: 0.8, Sum: 3.4]
      [Update RS (ms): Min: 2.3, Avg: 2.4, Max: 2.5, Diff: 0.2, Sum: 9.5]
         [Processed Buffers: Min: 3, Avg: 7.5, Max: 14, Diff: 11, Sum: 30]
      [Scan RS (ms): Min: 4.5, Avg: 4.6, Max: 4.7, Diff: 0.2, Sum: 18.4]
      [Code Root Scanning (ms): Min: 0.0, Avg: 0.0, Max: 0.0, Diff: 0.0, Sum: 0.0]
      [Object Copy (ms): Min: 6.6, Avg: 6.6, Max: 6.7, Diff: 0.1, Sum: 26.5]
      [Termination (ms): Min: 0.0, Avg: 0.0, Max: 0.0, Diff: 0.0, Sum: 0.0]
         [Termination Attempts: Min: 1, Avg: 1.0, Max: 1, Diff: 0, Sum: 4]
      [GC Worker Other (ms): Min: 0.0, Avg: 0.0, Max: 0.1, Diff: 0.0, Sum: 0.2]
      [GC Worker Total (ms): Min: 13.9, Avg: 14.5, Max: 14.7, Diff: 0.8, Sum: 58.0]
      [GC Worker End (ms): Min: 30805875.9, Avg: 30805875.9, Max: 30805876.0, Diff: 0.0]
   [Code Root Fixup: 0.0 ms]
   [Code Root Purge: 0.0 ms]
   [Clear CT: 0.1 ms]
   [Other: 0.6 ms]
      [Choose CSet: 0.0 ms]
      [Ref Proc: 0.1 ms]
      [Ref Enq: 0.0 ms]
      [Redirty Cards: 0.2 ms]
      [Humongous Register: 0.0 ms]
      [Humongous Reclaim: 0.0 ms]
      [Free CSet: 0.1 ms]
   [Eden: 46.0M(46.0M)->0.0B(188.0M) Survivors: 5120.0K->5120.0K Heap: 391.8M(1024.0M)->345.8M(1024.0M)]
 [Times: user=0.05 sys=0.00, real=0.01 secs] 
2019-11-03T16:44:11.699+0800: 30816.759: [GC pause (G1 Evacuation Pause) (young), 0.0178501 secs]
   [Parallel Time: 17.0 ms, GC Workers: 4]
      [GC Worker Start (ms): Min: 30816758.9, Avg: 30816759.0, Max: 30816759.0, Diff: 0.1]
      [Ext Root Scanning (ms): Min: 0.7, Avg: 0.8, Max: 0.9, Diff: 0.2, Sum: 3.1]
      [Update RS (ms): Min: 1.7, Avg: 2.0, Max: 2.3, Diff: 0.6, Sum: 8.1]
         [Processed Buffers: Min: 5, Avg: 8.5, Max: 13, Diff: 8, Sum: 34]
      [Scan RS (ms): Min: 5.2, Avg: 5.4, Max: 5.8, Diff: 0.6, Sum: 21.6]
      [Code Root Scanning (ms): Min: 0.0, Avg: 0.0, Max: 0.0, Diff: 0.0, Sum: 0.0]
      [Object Copy (ms): Min: 8.6, Avg: 8.7, Max: 8.7, Diff: 0.1, Sum: 34.7]
      [Termination (ms): Min: 0.0, Avg: 0.0, Max: 0.0, Diff: 0.0, Sum: 0.0]
         [Termination Attempts: Min: 1, Avg: 1.8, Max: 3, Diff: 2, Sum: 7]
      [GC Worker Other (ms): Min: 0.1, Avg: 0.1, Max: 0.1, Diff: 0.0, Sum: 0.2]
      [GC Worker Total (ms): Min: 16.9, Avg: 16.9, Max: 17.0, Diff: 0.1, Sum: 67.7]
      [GC Worker End (ms): Min: 30816775.9, Avg: 30816775.9, Max: 30816775.9, Diff: 0.0]
   [Code Root Fixup: 0.0 ms]
   [Code Root Purge: 0.0 ms]
   [Clear CT: 0.1 ms]
   [Other: 0.7 ms]
      [Choose CSet: 0.0 ms]
      [Ref Proc: 0.2 ms]
      [Ref Enq: 0.0 ms]
      [Redirty Cards: 0.1 ms]
      [Humongous Register: 0.0 ms]
      [Humongous Reclaim: 0.0 ms]
      [Free CSet: 0.1 ms]
   [Eden: 46.0M(46.0M)->0.0B(170.0M) Survivors: 5120.0K->5120.0K Heap: 391.8M(1024.0M)->346.3M(1024.0M)]
 [Times: user=0.07 sys=0.00, real=0.02 secs] 
2019-11-03T16:44:42.684+0800: 30847.743: [GC pause (G1 Evacuation Pause) (young), 0.0190795 secs]
   [Parallel Time: 18.3 ms, GC Workers: 4]
      [GC Worker Start (ms): Min: 30847743.1, Avg: 30847743.2, Max: 30847743.2, Diff: 0.1]
      [Ext Root Scanning (ms): Min: 0.7, Avg: 0.8, Max: 1.2, Diff: 0.5, Sum: 3.3]
      [Update RS (ms): Min: 1.3, Avg: 1.8, Max: 2.2, Diff: 0.9, Sum: 7.3]
         [Processed Buffers: Min: 4, Avg: 8.0, Max: 13, Diff: 9, Sum: 32]
      [Scan RS (ms): Min: 4.0, Avg: 4.1, Max: 4.5, Diff: 0.5, Sum: 16.4]
      [Code Root Scanning (ms): Min: 0.0, Avg: 0.0, Max: 0.0, Diff: 0.0, Sum: 0.0]
      [Object Copy (ms): Min: 11.1, Avg: 11.4, Max: 12.2, Diff: 1.1, Sum: 45.6]
      [Termination (ms): Min: 0.0, Avg: 0.0, Max: 0.0, Diff: 0.0, Sum: 0.0]
         [Termination Attempts: Min: 1, Avg: 2.2, Max: 5, Diff: 4, Sum: 9]
      [GC Worker Other (ms): Min: 0.0, Avg: 0.0, Max: 0.1, Diff: 0.0, Sum: 0.2]
      [GC Worker Total (ms): Min: 18.2, Avg: 18.2, Max: 18.3, Diff: 0.1, Sum: 72.8]
      [GC Worker End (ms): Min: 30847761.4, Avg: 30847761.4, Max: 30847761.4, Diff: 0.0]
   [Code Root Fixup: 0.0 ms]
   [Code Root Purge: 0.0 ms]
   [Clear CT: 0.1 ms]
   [Other: 0.6 ms]
      [Choose CSet: 0.0 ms]
      [Ref Proc: 0.2 ms]
      [Ref Enq: 0.0 ms]
      [Redirty Cards: 0.0 ms]
      [Humongous Register: 0.0 ms]
      [Humongous Reclaim: 0.0 ms]
      [Free CSet: 0.1 ms]
   [Eden: 128.0M(46.0M)->0.0B(135.0M) Survivors: 5120.0K->5120.0K Heap: 474.3M(1024.0M)->346.6M(1024.0M)]
 [Times: user=0.07 sys=0.00, real=0.02 secs] 
2019-11-03T16:45:12.350+0800: 30877.408: [GC pause (G1 Evacuation Pause) (young), 0.0200780 secs]
   [Parallel Time: 19.2 ms, GC Workers: 4]
      [GC Worker Start (ms): Min: 30877408.3, Avg: 30877408.4, Max: 30877408.4, Diff: 0.1]
      [Ext Root Scanning (ms): Min: 0.8, Avg: 0.8, Max: 0.9, Diff: 0.1, Sum: 3.4]
      [Update RS (ms): Min: 2.3, Avg: 2.6, Max: 2.7, Diff: 0.4, Sum: 10.2]
         [Processed Buffers: Min: 1, Avg: 9.2, Max: 17, Diff: 16, Sum: 37]
      [Scan RS (ms): Min: 5.6, Avg: 6.0, Max: 7.0, Diff: 1.4, Sum: 24.1]
      [Code Root Scanning (ms): Min: 0.0, Avg: 0.0, Max: 0.0, Diff: 0.0, Sum: 0.0]
      [Object Copy (ms): Min: 8.9, Avg: 9.6, Max: 9.8, Diff: 1.0, Sum: 38.3]
      [Termination (ms): Min: 0.0, Avg: 0.0, Max: 0.0, Diff: 0.0, Sum: 0.0]
         [Termination Attempts: Min: 1, Avg: 1.5, Max: 3, Diff: 2, Sum: 6]
      [GC Worker Other (ms): Min: 0.0, Avg: 0.0, Max: 0.1, Diff: 0.0, Sum: 0.2]
      [GC Worker Total (ms): Min: 19.0, Avg: 19.0, Max: 19.1, Diff: 0.1, Sum: 76.1]
      [GC Worker End (ms): Min: 30877427.4, Avg: 30877427.4, Max: 30877427.4, Diff: 0.0]
   [Code Root Fixup: 0.0 ms]
   [Code Root Purge: 0.0 ms]
   [Clear CT: 0.1 ms]
   [Other: 0.8 ms]
      [Choose CSet: 0.0 ms]
      [Ref Proc: 0.1 ms]
      [Ref Enq: 0.0 ms]
      [Redirty Cards: 0.1 ms]
      [Humongous Register: 0.0 ms]
      [Humongous Reclaim: 0.0 ms]
      [Free CSet: 0.2 ms]
   [Eden: 123.0M(46.0M)->0.0B(137.0M) Survivors: 5120.0K->6144.0K Heap: 469.6M(1024.0M)->347.6M(1024.0M)]
 [Times: user=0.07 sys=0.00, real=0.02 secs] 
2019-11-03T16:45:45.173+0800: 30910.229: [GC pause (G1 Evacuation Pause) (young), 0.0202140 secs]
   [Parallel Time: 19.3 ms, GC Workers: 4]
      [GC Worker Start (ms): Min: 30910229.4, Avg: 30910229.7, Max: 30910230.6, Diff: 1.2]
      [Ext Root Scanning (ms): Min: 0.0, Avg: 0.8, Max: 1.1, Diff: 1.1, Sum: 3.4]
      [Update RS (ms): Min: 2.1, Avg: 2.2, Max: 2.4, Diff: 0.3, Sum: 8.7]
         [Processed Buffers: Min: 6, Avg: 9.0, Max: 17, Diff: 11, Sum: 36]
      [Scan RS (ms): Min: 4.3, Avg: 4.6, Max: 4.8, Diff: 0.5, Sum: 18.5]
      [Code Root Scanning (ms): Min: 0.0, Avg: 0.0, Max: 0.0, Diff: 0.0, Sum: 0.0]
      [Object Copy (ms): Min: 11.1, Avg: 11.2, Max: 11.4, Diff: 0.3, Sum: 44.9]
      [Termination (ms): Min: 0.0, Avg: 0.0, Max: 0.0, Diff: 0.0, Sum: 0.0]
         [Termination Attempts: Min: 1, Avg: 1.5, Max: 3, Diff: 2, Sum: 6]
      [GC Worker Other (ms): Min: 0.0, Avg: 0.1, Max: 0.1, Diff: 0.0, Sum: 0.2]
      [GC Worker Total (ms): Min: 18.1, Avg: 18.9, Max: 19.2, Diff: 1.2, Sum: 75.7]
      [GC Worker End (ms): Min: 30910248.6, Avg: 30910248.6, Max: 30910248.6, Diff: 0.0]
   [Code Root Fixup: 0.0 ms]
   [Code Root Purge: 0.0 ms]
   [Clear CT: 0.1 ms]
   [Other: 0.8 ms]
      [Choose CSet: 0.0 ms]
      [Ref Proc: 0.2 ms]
      [Ref Enq: 0.0 ms]
      [Redirty Cards: 0.1 ms]
      [Humongous Register: 0.0 ms]
      [Humongous Reclaim: 0.0 ms]
      [Free CSet: 0.1 ms]
   [Eden: 137.0M(137.0M)->0.0B(134.0M) Survivors: 6144.0K->7168.0K Heap: 484.6M(1024.0M)->348.6M(1024.0M)]
 [Times: user=0.07 sys=0.00, real=0.02 secs] 
2019-11-03T16:46:17.382+0800: 30942.437: [GC pause (G1 Evacuation Pause) (young), 0.0208983 secs]
   [Parallel Time: 20.1 ms, GC Workers: 4]
      [GC Worker Start (ms): Min: 30942437.2, Avg: 30942437.5, Max: 30942438.2, Diff: 1.0]
      [Ext Root Scanning (ms): Min: 0.0, Avg: 0.7, Max: 1.0, Diff: 0.9, Sum: 2.7]
      [Update RS (ms): Min: 1.0, Avg: 2.2, Max: 2.8, Diff: 1.8, Sum: 8.7]
         [Processed Buffers: Min: 5, Avg: 9.5, Max: 17, Diff: 12, Sum: 38]
      [Scan RS (ms): Min: 3.2, Avg: 3.5, Max: 3.6, Diff: 0.4, Sum: 13.9]
      [Code Root Scanning (ms): Min: 0.0, Avg: 0.0, Max: 0.0, Diff: 0.0, Sum: 0.0]
      [Object Copy (ms): Min: 12.9, Avg: 13.4, Max: 14.5, Diff: 1.6, Sum: 53.5]
      [Termination (ms): Min: 0.0, Avg: 0.0, Max: 0.0, Diff: 0.0, Sum: 0.0]
         [Termination Attempts: Min: 1, Avg: 1.0, Max: 1, Diff: 0, Sum: 4]
      [GC Worker Other (ms): Min: 0.0, Avg: 0.0, Max: 0.1, Diff: 0.0, Sum: 0.2]
      [GC Worker Total (ms): Min: 19.0, Avg: 19.7, Max: 20.0, Diff: 1.0, Sum: 78.9]
      [GC Worker End (ms): Min: 30942457.2, Avg: 30942457.2, Max: 30942457.2, Diff: 0.0]
   [Code Root Fixup: 0.0 ms]
   [Code Root Purge: 0.0 ms]
   [Clear CT: 0.1 ms]
   [Other: 0.7 ms]
      [Choose CSet: 0.0 ms]
      [Ref Proc: 0.2 ms]
      [Ref Enq: 0.0 ms]
      [Redirty Cards: 0.1 ms]
      [Humongous Register: 0.1 ms]
      [Humongous Reclaim: 0.0 ms]
      [Free CSet: 0.1 ms]
   [Eden: 134.0M(134.0M)->0.0B(111.0M) Survivors: 7168.0K->8192.0K Heap: 482.6M(1024.0M)->350.1M(1024.0M)]
 [Times: user=0.07 sys=0.00, real=0.02 secs] 
2019-11-03T16:46:44.049+0800: 30969.104: [GC pause (G1 Evacuation Pause) (young), 0.0223989 secs]
   [Parallel Time: 21.8 ms, GC Workers: 4]
      [GC Worker Start (ms): Min: 30969103.7, Avg: 30969103.8, Max: 30969103.9, Diff: 0.2]
      [Ext Root Scanning (ms): Min: 0.7, Avg: 0.9, Max: 0.9, Diff: 0.2, Sum: 3.4]
      [Update RS (ms): Min: 2.1, Avg: 2.2, Max: 2.5, Diff: 0.4, Sum: 8.8]
         [Processed Buffers: Min: 5, Avg: 9.2, Max: 18, Diff: 13, Sum: 37]
      [Scan RS (ms): Min: 4.0, Avg: 4.3, Max: 4.4, Diff: 0.4, Sum: 17.1]
      [Code Root Scanning (ms): Min: 0.0, Avg: 0.0, Max: 0.0, Diff: 0.0, Sum: 0.0]
      [Object Copy (ms): Min: 14.2, Avg: 14.3, Max: 14.3, Diff: 0.1, Sum: 57.0]
      [Termination (ms): Min: 0.0, Avg: 0.0, Max: 0.0, Diff: 0.0, Sum: 0.0]
         [Termination Attempts: Min: 1, Avg: 2.0, Max: 3, Diff: 2, Sum: 8]
      [GC Worker Other (ms): Min: 0.0, Avg: 0.0, Max: 0.0, Diff: 0.0, Sum: 0.1]
      [GC Worker Total (ms): Min: 21.5, Avg: 21.6, Max: 21.7, Diff: 0.2, Sum: 86.5]
      [GC Worker End (ms): Min: 30969125.4, Avg: 30969125.4, Max: 30969125.4, Diff: 0.0]
   [Code Root Fixup: 0.0 ms]
   [Code Root Purge: 0.0 ms]
   [Clear CT: 0.1 ms]
   [Other: 0.6 ms]
      [Choose CSet: 0.0 ms]
      [Ref Proc: 0.1 ms]
      [Ref Enq: 0.0 ms]
      [Redirty Cards: 0.0 ms]
      [Humongous Register: 0.0 ms]
      [Humongous Reclaim: 0.0 ms]
      [Free CSet: 0.1 ms]
   [Eden: 111.0M(111.0M)->0.0B(68.0M) Survivors: 8192.0K->9216.0K Heap: 461.1M(1024.0M)->350.6M(1024.0M)]
 [Times: user=0.08 sys=0.00, real=0.03 secs] 
2019-11-03T16:47:00.498+0800: 30985.552: [GC pause (G1 Evacuation Pause) (young), 0.0240406 secs]
   [Parallel Time: 23.3 ms, GC Workers: 4]
      [GC Worker Start (ms): Min: 30985552.1, Avg: 30985552.4, Max: 30985553.2, Diff: 1.1]
      [Ext Root Scanning (ms): Min: 0.0, Avg: 0.8, Max: 1.0, Diff: 1.0, Sum: 3.0]
      [Update RS (ms): Min: 1.6, Avg: 1.9, Max: 2.2, Diff: 0.6, Sum: 7.5]
         [Processed Buffers: Min: 4, Avg: 8.2, Max: 12, Diff: 8, Sum: 33]
      [Scan RS (ms): Min: 3.7, Avg: 3.8, Max: 3.9, Diff: 0.2, Sum: 15.2]
      [Code Root Scanning (ms): Min: 0.0, Avg: 0.0, Max: 0.0, Diff: 0.0, Sum: 0.0]
      [Object Copy (ms): Min: 16.1, Avg: 16.4, Max: 16.8, Diff: 0.7, Sum: 65.5]
      [Termination (ms): Min: 0.0, Avg: 0.0, Max: 0.0, Diff: 0.0, Sum: 0.0]
         [Termination Attempts: Min: 1, Avg: 1.0, Max: 1, Diff: 0, Sum: 4]
      [GC Worker Other (ms): Min: 0.0, Avg: 0.0, Max: 0.1, Diff: 0.0, Sum: 0.2]
      [GC Worker Total (ms): Min: 22.1, Avg: 22.9, Max: 23.2, Diff: 1.1, Sum: 91.5]
      [GC Worker End (ms): Min: 30985575.2, Avg: 30985575.2, Max: 30985575.3, Diff: 0.0]
   [Code Root Fixup: 0.0 ms]
   [Code Root Purge: 0.0 ms]
   [Clear CT: 0.1 ms]
   [Other: 0.7 ms]
      [Choose CSet: 0.0 ms]
      [Ref Proc: 0.1 ms]
      [Ref Enq: 0.0 ms]
      [Redirty Cards: 0.1 ms]
      [Humongous Register: 0.1 ms]
      [Humongous Reclaim: 0.0 ms]
      [Free CSet: 0.1 ms]
   [Eden: 68.0M(68.0M)->0.0B(43.0M) Survivors: 9216.0K->8192.0K Heap: 418.6M(1024.0M)->351.8M(1024.0M)]
 [Times: user=0.09 sys=0.00, real=0.03 secs] 
2019-11-03T16:47:10.880+0800: 30995.933: [GC pause (G1 Evacuation Pause) (young), 0.0245425 secs]
   [Parallel Time: 23.9 ms, GC Workers: 4]
      [GC Worker Start (ms): Min: 30995933.5, Avg: 30995933.9, Max: 30995935.1, Diff: 1.6]
      [Ext Root Scanning (ms): Min: 0.0, Avg: 0.9, Max: 1.4, Diff: 1.4, Sum: 3.7]
      [Update RS (ms): Min: 2.7, Avg: 2.9, Max: 3.5, Diff: 0.8, Sum: 11.6]
         [Processed Buffers: Min: 5, Avg: 9.0, Max: 16, Diff: 11, Sum: 36]
      [Scan RS (ms): Min: 4.9, Avg: 5.5, Max: 6.0, Diff: 1.1, Sum: 22.2]
      [Code Root Scanning (ms): Min: 0.0, Avg: 0.0, Max: 0.0, Diff: 0.0, Sum: 0.0]
      [Object Copy (ms): Min: 13.6, Avg: 14.0, Max: 15.0, Diff: 1.4, Sum: 56.0]
      [Termination (ms): Min: 0.0, Avg: 0.0, Max: 0.0, Diff: 0.0, Sum: 0.0]
         [Termination Attempts: Min: 1, Avg: 1.5, Max: 2, Diff: 1, Sum: 6]
      [GC Worker Other (ms): Min: 0.0, Avg: 0.0, Max: 0.0, Diff: 0.0, Sum: 0.1]
      [GC Worker Total (ms): Min: 22.3, Avg: 23.4, Max: 23.8, Diff: 1.6, Sum: 93.7]
      [GC Worker End (ms): Min: 30995957.3, Avg: 30995957.3, Max: 30995957.3, Diff: 0.0]
   [Code Root Fixup: 0.0 ms]
   [Code Root Purge: 0.0 ms]
   [Clear CT: 0.1 ms]
   [Other: 0.5 ms]
      [Choose CSet: 0.0 ms]
      [Ref Proc: 0.1 ms]
      [Ref Enq: 0.0 ms]
      [Redirty Cards: 0.1 ms]
      [Humongous Register: 0.0 ms]
      [Humongous Reclaim: 0.0 ms]
      [Free CSet: 0.1 ms]
   [Eden: 43.0M(43.0M)->0.0B(108.0M) Survivors: 8192.0K->5120.0K Heap: 394.8M(1024.0M)->352.4M(1024.0M)]
 [Times: user=0.08 sys=0.01, real=0.02 secs] 
2019-11-03T16:47:21.827+0800: 31006.880: [GC pause (G1 Evacuation Pause) (young), 0.0186720 secs]
   [Parallel Time: 18.0 ms, GC Workers: 4]
      [GC Worker Start (ms): Min: 31006879.9, Avg: 31006880.0, Max: 31006880.0, Diff: 0.1]
      [Ext Root Scanning (ms): Min: 0.8, Avg: 0.8, Max: 0.9, Diff: 0.1, Sum: 3.2]
      [Update RS (ms): Min: 1.5, Avg: 2.1, Max: 2.5, Diff: 1.0, Sum: 8.2]
         [Processed Buffers: Min: 6, Avg: 8.8, Max: 12, Diff: 6, Sum: 35]
      [Scan RS (ms): Min: 5.8, Avg: 6.3, Max: 6.8, Diff: 1.0, Sum: 25.3]
      [Code Root Scanning (ms): Min: 0.0, Avg: 0.0, Max: 0.0, Diff: 0.0, Sum: 0.0]
      [Object Copy (ms): Min: 8.5, Avg: 8.6, Max: 8.7, Diff: 0.2, Sum: 34.5]
      [Termination (ms): Min: 0.0, Avg: 0.0, Max: 0.0, Diff: 0.0, Sum: 0.0]
         [Termination Attempts: Min: 1, Avg: 1.2, Max: 2, Diff: 1, Sum: 5]
      [GC Worker Other (ms): Min: 0.0, Avg: 0.0, Max: 0.0, Diff: 0.0, Sum: 0.1]
      [GC Worker Total (ms): Min: 17.8, Avg: 17.9, Max: 17.9, Diff: 0.0, Sum: 71.5]
      [GC Worker End (ms): Min: 31006897.8, Avg: 31006897.8, Max: 31006897.8, Diff: 0.0]
   [Code Root Fixup: 0.0 ms]
   [Code Root Purge: 0.0 ms]
   [Clear CT: 0.1 ms]
   [Other: 0.6 ms]
      [Choose CSet: 0.0 ms]
      [Ref Proc: 0.1 ms]
      [Ref Enq: 0.0 ms]
      [Redirty Cards: 0.1 ms]
      [Humongous Register: 0.0 ms]
      [Humongous Reclaim: 0.0 ms]
      [Free CSet: 0.1 ms]
   [Eden: 46.0M(46.0M)->0.0B(46.0M) Survivors: 5120.0K->5120.0K Heap: 398.4M(1024.0M)->352.9M(1024.0M)]
 [Times: user=0.07 sys=0.01, real=0.02 secs] 
2019-11-03T16:47:32.909+0800: 31017.961: [GC pause (G1 Evacuation Pause) (young), 0.0174897 secs]
   [Parallel Time: 16.8 ms, GC Workers: 4]
      [GC Worker Start (ms): Min: 31017961.5, Avg: 31017961.8, Max: 31017962.7, Diff: 1.2]
      [Ext Root Scanning (ms): Min: 0.0, Avg: 0.8, Max: 1.1, Diff: 1.1, Sum: 3.2]
      [Update RS (ms): Min: 1.1, Avg: 2.0, Max: 2.4, Diff: 1.3, Sum: 7.8]
         [Processed Buffers: Min: 5, Avg: 8.2, Max: 16, Diff: 11, Sum: 33]
      [Scan RS (ms): Min: 4.7, Avg: 4.9, Max: 5.0, Diff: 0.3, Sum: 19.4]
      [Code Root Scanning (ms): Min: 0.0, Avg: 0.0, Max: 0.0, Diff: 0.0, Sum: 0.0]
      [Object Copy (ms): Min: 8.4, Avg: 8.8, Max: 9.7, Diff: 1.3, Sum: 35.2]
      [Termination (ms): Min: 0.0, Avg: 0.0, Max: 0.0, Diff: 0.0, Sum: 0.0]
         [Termination Attempts: Min: 1, Avg: 1.5, Max: 2, Diff: 1, Sum: 6]
      [GC Worker Other (ms): Min: 0.0, Avg: 0.0, Max: 0.0, Diff: 0.0, Sum: 0.1]
      [GC Worker Total (ms): Min: 15.6, Avg: 16.4, Max: 16.7, Diff: 1.2, Sum: 65.7]
      [GC Worker End (ms): Min: 31017978.3, Avg: 31017978.3, Max: 31017978.3, Diff: 0.0]
   [Code Root Fixup: 0.0 ms]
   [Code Root Purge: 0.0 ms]
   [Clear CT: 0.1 ms]
   [Other: 0.6 ms]
      [Choose CSet: 0.0 ms]
      [Ref Proc: 0.2 ms]
      [Ref Enq: 0.0 ms]
      [Redirty Cards: 0.1 ms]
      [Humongous Register: 0.0 ms]
      [Humongous Reclaim: 0.0 ms]
      [Free CSet: 0.1 ms]
   [Eden: 46.0M(46.0M)->0.0B(122.0M) Survivors: 5120.0K->5120.0K Heap: 398.9M(1024.0M)->354.0M(1024.0M)]
 [Times: user=0.06 sys=0.00, real=0.02 secs] 
2019-11-03T16:47:59.871+0800: 31044.923: [GC pause (G1 Evacuation Pause) (young), 0.0190523 secs]
   [Parallel Time: 18.2 ms, GC Workers: 4]
      [GC Worker Start (ms): Min: 31044923.2, Avg: 31044923.2, Max: 31044923.3, Diff: 0.1]
      [Ext Root Scanning (ms): Min: 0.8, Avg: 0.9, Max: 0.9, Diff: 0.1, Sum: 3.5]
      [Update RS (ms): Min: 2.7, Avg: 3.0, Max: 3.2, Diff: 0.5, Sum: 11.9]
         [Processed Buffers: Min: 1, Avg: 9.8, Max: 18, Diff: 17, Sum: 39]
      [Scan RS (ms): Min: 5.0, Avg: 5.3, Max: 5.6, Diff: 0.6, Sum: 21.3]
      [Code Root Scanning (ms): Min: 0.0, Avg: 0.0, Max: 0.0, Diff: 0.0, Sum: 0.0]
      [Object Copy (ms): Min: 8.8, Avg: 8.8, Max: 8.9, Diff: 0.2, Sum: 35.2]
      [Termination (ms): Min: 0.0, Avg: 0.0, Max: 0.0, Diff: 0.0, Sum: 0.0]
         [Termination Attempts: Min: 1, Avg: 4.5, Max: 10, Diff: 9, Sum: 18]
      [GC Worker Other (ms): Min: 0.0, Avg: 0.0, Max: 0.1, Diff: 0.0, Sum: 0.2]
      [GC Worker Total (ms): Min: 18.0, Avg: 18.0, Max: 18.1, Diff: 0.1, Sum: 72.1]
      [GC Worker End (ms): Min: 31044941.2, Avg: 31044941.3, Max: 31044941.3, Diff: 0.0]
   [Code Root Fixup: 0.0 ms]
   [Code Root Purge: 0.0 ms]
   [Clear CT: 0.2 ms]
   [Other: 0.7 ms]
      [Choose CSet: 0.0 ms]
      [Ref Proc: 0.1 ms]
      [Ref Enq: 0.0 ms]
      [Redirty Cards: 0.1 ms]
      [Humongous Register: 0.1 ms]
      [Humongous Reclaim: 0.0 ms]
      [Free CSet: 0.1 ms]
   [Eden: 112.0M(46.0M)->0.0B(94.0M) Survivors: 5120.0K->5120.0K Heap: 466.0M(1024.0M)->354.5M(1024.0M)]
 [Times: user=0.07 sys=0.00, real=0.02 secs] 
2019-11-03T16:48:22.388+0800: 31067.438: [GC pause (G1 Evacuation Pause) (young), 0.0192616 secs]
   [Parallel Time: 18.4 ms, GC Workers: 4]
      [GC Worker Start (ms): Min: 31067438.4, Avg: 31067438.4, Max: 31067438.4, Diff: 0.1]
      [Ext Root Scanning (ms): Min: 0.8, Avg: 0.8, Max: 0.9, Diff: 0.1, Sum: 3.3]
      [Update RS (ms): Min: 2.2, Avg: 2.4, Max: 2.7, Diff: 0.5, Sum: 9.5]
         [Processed Buffers: Min: 5, Avg: 9.2, Max: 14, Diff: 9, Sum: 37]
      [Scan RS (ms): Min: 5.2, Avg: 5.6, Max: 5.8, Diff: 0.6, Sum: 22.2]
      [Code Root Scanning (ms): Min: 0.0, Avg: 0.0, Max: 0.0, Diff: 0.0, Sum: 0.0]
      [Object Copy (ms): Min: 9.3, Avg: 9.5, Max: 9.6, Diff: 0.2, Sum: 37.9]
      [Termination (ms): Min: 0.0, Avg: 0.0, Max: 0.0, Diff: 0.0, Sum: 0.0]
         [Termination Attempts: Min: 1, Avg: 1.0, Max: 1, Diff: 0, Sum: 4]
      [GC Worker Other (ms): Min: 0.0, Avg: 0.1, Max: 0.1, Diff: 0.1, Sum: 0.2]
      [GC Worker Total (ms): Min: 18.2, Avg: 18.3, Max: 18.3, Diff: 0.1, Sum: 73.2]
      [GC Worker End (ms): Min: 31067456.7, Avg: 31067456.7, Max: 31067456.7, Diff: 0.1]
   [Code Root Fixup: 0.0 ms]
   [Code Root Purge: 0.0 ms]
   [Clear CT: 0.1 ms]
   [Other: 0.7 ms]
      [Choose CSet: 0.0 ms]
      [Ref Proc: 0.3 ms]
      [Ref Enq: 0.0 ms]
      [Redirty Cards: 0.1 ms]
      [Humongous Register: 0.0 ms]
      [Humongous Reclaim: 0.0 ms]
      [Free CSet: 0.1 ms]
   [Eden: 94.0M(94.0M)->0.0B(105.0M) Survivors: 5120.0K->5120.0K Heap: 448.5M(1024.0M)->354.5M(1024.0M)]
 [Times: user=0.08 sys=0.00, real=0.02 secs] 
2019-11-03T16:48:47.887+0800: 31092.937: [GC pause (G1 Evacuation Pause) (young), 0.0233126 secs]
   [Parallel Time: 22.3 ms, GC Workers: 4]
      [GC Worker Start (ms): Min: 31092936.9, Avg: 31092937.3, Max: 31092938.2, Diff: 1.2]
      [Ext Root Scanning (ms): Min: 0.0, Avg: 0.8, Max: 1.1, Diff: 1.1, Sum: 3.4]
      [Update RS (ms): Min: 2.1, Avg: 4.4, Max: 8.9, Diff: 6.8, Sum: 17.5]
         [Processed Buffers: Min: 2, Avg: 8.8, Max: 17, Diff: 15, Sum: 35]
      [Scan RS (ms): Min: 0.2, Avg: 5.1, Max: 8.3, Diff: 8.1, Sum: 20.5]
      [Code Root Scanning (ms): Min: 0.0, Avg: 0.0, Max: 0.0, Diff: 0.0, Sum: 0.0]
      [Object Copy (ms): Min: 9.8, Avg: 11.3, Max: 12.0, Diff: 2.2, Sum: 45.4]
      [Termination (ms): Min: 0.0, Avg: 0.1, Max: 0.2, Diff: 0.2, Sum: 0.4]
         [Termination Attempts: Min: 1, Avg: 1.5, Max: 2, Diff: 1, Sum: 6]
      [GC Worker Other (ms): Min: 0.0, Avg: 0.0, Max: 0.0, Diff: 0.0, Sum: 0.1]
      [GC Worker Total (ms): Min: 20.9, Avg: 21.8, Max: 22.1, Diff: 1.2, Sum: 87.3]
      [GC Worker End (ms): Min: 31092959.1, Avg: 31092959.1, Max: 31092959.1, Diff: 0.1]
   [Code Root Fixup: 0.0 ms]
   [Code Root Purge: 0.0 ms]
   [Clear CT: 0.1 ms]
   [Other: 0.9 ms]
      [Choose CSet: 0.0 ms]
      [Ref Proc: 0.4 ms]
      [Ref Enq: 0.0 ms]
      [Redirty Cards: 0.1 ms]
      [Humongous Register: 0.0 ms]
      [Humongous Reclaim: 0.0 ms]
      [Free CSet: 0.1 ms]
   [Eden: 105.0M(105.0M)->0.0B(44.0M) Survivors: 5120.0K->7168.0K Heap: 459.5M(1024.0M)->356.0M(1024.0M)]
 [Times: user=0.08 sys=0.00, real=0.03 secs] 
2019-11-03T16:48:58.477+0800: 31103.526: [GC pause (G1 Evacuation Pause) (young), 0.0218537 secs]
   [Parallel Time: 20.9 ms, GC Workers: 4]
      [GC Worker Start (ms): Min: 31103526.1, Avg: 31103527.1, Max: 31103528.1, Diff: 2.0]
      [Ext Root Scanning (ms): Min: 0.0, Avg: 0.9, Max: 1.8, Diff: 1.8, Sum: 3.6]
      [Update RS (ms): Min: 0.0, Avg: 2.0, Max: 2.7, Diff: 2.7, Sum: 8.0]
         [Processed Buffers: Min: 0, Avg: 7.2, Max: 13, Diff: 13, Sum: 29]
      [Scan RS (ms): Min: 2.7, Avg: 3.4, Max: 3.7, Diff: 0.9, Sum: 13.5]
      [Code Root Scanning (ms): Min: 0.0, Avg: 0.0, Max: 0.0, Diff: 0.0, Sum: 0.0]
      [Object Copy (ms): Min: 12.5, Avg: 13.5, Max: 16.3, Diff: 3.7, Sum: 54.1]
      [Termination (ms): Min: 0.0, Avg: 0.0, Max: 0.0, Diff: 0.0, Sum: 0.0]
         [Termination Attempts: Min: 1, Avg: 1.0, Max: 1, Diff: 0, Sum: 4]
      [GC Worker Other (ms): Min: 0.0, Avg: 0.0, Max: 0.0, Diff: 0.0, Sum: 0.1]
      [GC Worker Total (ms): Min: 18.8, Avg: 19.8, Max: 20.8, Diff: 2.0, Sum: 79.3]
      [GC Worker End (ms): Min: 31103546.9, Avg: 31103546.9, Max: 31103546.9, Diff: 0.0]
   [Code Root Fixup: 0.0 ms]
   [Code Root Purge: 0.0 ms]
   [Clear CT: 0.1 ms]
   [Other: 0.9 ms]
      [Choose CSet: 0.0 ms]
      [Ref Proc: 0.2 ms]
      [Ref Enq: 0.0 ms]
      [Redirty Cards: 0.2 ms]
      [Humongous Register: 0.1 ms]
      [Humongous Reclaim: 0.0 ms]
      [Free CSet: 0.1 ms]
   [Eden: 44.0M(44.0M)->0.0B(46.0M) Survivors: 7168.0K->5120.0K Heap: 400.0M(1024.0M)->356.1M(1024.0M)]
 [Times: user=0.07 sys=0.01, real=0.02 secs] 
2019-11-03T16:49:09.570+0800: 31114.619: [GC pause (G1 Evacuation Pause) (young), 0.0167445 secs]
   [Parallel Time: 15.8 ms, GC Workers: 4]
      [GC Worker Start (ms): Min: 31114619.2, Avg: 31114619.3, Max: 31114619.3, Diff: 0.1]
      [Ext Root Scanning (ms): Min: 0.7, Avg: 0.7, Max: 0.8, Diff: 0.1, Sum: 2.9]
      [Update RS (ms): Min: 3.1, Avg: 3.2, Max: 3.3, Diff: 0.2, Sum: 12.8]
         [Processed Buffers: Min: 2, Avg: 8.8, Max: 19, Diff: 17, Sum: 35]
      [Scan RS (ms): Min: 3.2, Avg: 3.3, Max: 3.4, Diff: 0.2, Sum: 13.2]
      [Code Root Scanning (ms): Min: 0.0, Avg: 0.0, Max: 0.0, Diff: 0.0, Sum: 0.0]
      [Object Copy (ms): Min: 7.8, Avg: 7.9, Max: 8.1, Diff: 0.3, Sum: 31.6]
      [Termination (ms): Min: 0.0, Avg: 0.3, Max: 0.6, Diff: 0.6, Sum: 1.2]
         [Termination Attempts: Min: 1, Avg: 1.0, Max: 1, Diff: 0, Sum: 4]
      [GC Worker Other (ms): Min: 0.0, Avg: 0.0, Max: 0.0, Diff: 0.0, Sum: 0.1]
      [GC Worker Total (ms): Min: 15.2, Avg: 15.4, Max: 15.7, Diff: 0.5, Sum: 61.8]
      [GC Worker End (ms): Min: 31114634.5, Avg: 31114634.7, Max: 31114635.0, Diff: 0.5]
   [Code Root Fixup: 0.0 ms]
   [Code Root Purge: 0.0 ms]
   [Clear CT: 0.1 ms]
   [Other: 0.8 ms]
      [Choose CSet: 0.0 ms]
      [Ref Proc: 0.3 ms]
      [Ref Enq: 0.0 ms]
      [Redirty Cards: 0.1 ms]
      [Humongous Register: 0.1 ms]
      [Humongous Reclaim: 0.0 ms]
      [Free CSet: 0.1 ms]
   [Eden: 46.0M(46.0M)->0.0B(93.0M) Survivors: 5120.0K->5120.0K Heap: 402.1M(1024.0M)->356.1M(1024.0M)]
 [Times: user=0.05 sys=0.00, real=0.01 secs] 
2019-11-03T16:49:26.943+0800: 31131.991: [GC pause (G1 Evacuation Pause) (young), 0.0150750 secs]
   [Parallel Time: 14.2 ms, GC Workers: 4]
      [GC Worker Start (ms): Min: 31131991.6, Avg: 31131991.7, Max: 31131991.7, Diff: 0.1]
      [Ext Root Scanning (ms): Min: 0.8, Avg: 0.8, Max: 0.9, Diff: 0.1, Sum: 3.3]
      [Update RS (ms): Min: 1.4, Avg: 1.9, Max: 2.4, Diff: 1.0, Sum: 7.4]
         [Processed Buffers: Min: 4, Avg: 7.2, Max: 10, Diff: 6, Sum: 29]
      [Scan RS (ms): Min: 3.6, Avg: 4.1, Max: 4.6, Diff: 1.0, Sum: 16.3]
      [Code Root Scanning (ms): Min: 0.0, Avg: 0.0, Max: 0.0, Diff: 0.0, Sum: 0.0]
      [Object Copy (ms): Min: 7.3, Avg: 7.3, Max: 7.4, Diff: 0.1, Sum: 29.3]
      [Termination (ms): Min: 0.0, Avg: 0.0, Max: 0.0, Diff: 0.0, Sum: 0.0]
         [Termination Attempts: Min: 1, Avg: 1.5, Max: 2, Diff: 1, Sum: 6]
      [GC Worker Other (ms): Min: 0.0, Avg: 0.0, Max: 0.1, Diff: 0.0, Sum: 0.1]
      [GC Worker Total (ms): Min: 14.1, Avg: 14.1, Max: 14.2, Diff: 0.1, Sum: 56.4]
      [GC Worker End (ms): Min: 31132005.8, Avg: 31132005.8, Max: 31132005.8, Diff: 0.0]
   [Code Root Fixup: 0.0 ms]
   [Code Root Purge: 0.0 ms]
   [Clear CT: 0.1 ms]
   [Other: 0.8 ms]
      [Choose CSet: 0.0 ms]
      [Ref Proc: 0.3 ms]
      [Ref Enq: 0.0 ms]
      [Redirty Cards: 0.1 ms]
      [Humongous Register: 0.0 ms]
      [Humongous Reclaim: 0.0 ms]
      [Free CSet: 0.1 ms]
   [Eden: 73.0M(46.0M)->0.0B(182.0M) Survivors: 5120.0K->5120.0K Heap: 429.1M(1024.0M)->356.1M(1024.0M)]
 [Times: user=0.06 sys=0.00, real=0.01 secs] 
2019-11-03T16:50:10.954+0800: 31176.000: [GC pause (G1 Evacuation Pause) (young), 0.0301072 secs]
   [Parallel Time: 29.3 ms, GC Workers: 4]
      [GC Worker Start (ms): Min: 31176000.6, Avg: 31176000.9, Max: 31176001.8, Diff: 1.2]
      [Ext Root Scanning (ms): Min: 0.0, Avg: 0.8, Max: 1.1, Diff: 1.1, Sum: 3.2]
      [Update RS (ms): Min: 2.3, Avg: 2.7, Max: 3.1, Diff: 0.7, Sum: 10.7]
         [Processed Buffers: Min: 1, Avg: 10.0, Max: 23, Diff: 22, Sum: 40]
      [Scan RS (ms): Min: 4.9, Avg: 5.2, Max: 5.3, Diff: 0.4, Sum: 20.7]
      [Code Root Scanning (ms): Min: 0.0, Avg: 0.0, Max: 0.0, Diff: 0.0, Sum: 0.0]
      [Object Copy (ms): Min: 20.0, Avg: 20.2, Max: 20.5, Diff: 0.5, Sum: 80.8]
      [Termination (ms): Min: 0.0, Avg: 0.0, Max: 0.0, Diff: 0.0, Sum: 0.0]
         [Termination Attempts: Min: 1, Avg: 1.2, Max: 2, Diff: 1, Sum: 5]
      [GC Worker Other (ms): Min: 0.0, Avg: 0.1, Max: 0.1, Diff: 0.1, Sum: 0.3]
      [GC Worker Total (ms): Min: 28.1, Avg: 28.9, Max: 29.2, Diff: 1.2, Sum: 115.7]
      [GC Worker End (ms): Min: 31176029.8, Avg: 31176029.8, Max: 31176029.8, Diff: 0.0]
   [Code Root Fixup: 0.0 ms]
   [Code Root Purge: 0.0 ms]
   [Clear CT: 0.1 ms]
   [Other: 0.7 ms]
      [Choose CSet: 0.0 ms]
      [Ref Proc: 0.1 ms]
      [Ref Enq: 0.0 ms]
      [Redirty Cards: 0.1 ms]
      [Humongous Register: 0.0 ms]
      [Humongous Reclaim: 0.0 ms]
      [Free CSet: 0.2 ms]
   [Eden: 182.0M(182.0M)->0.0B(44.0M) Survivors: 5120.0K->7168.0K Heap: 538.1M(1024.0M)->358.6M(1024.0M)]
 [Times: user=0.08 sys=0.03, real=0.03 secs] 
2019-11-03T16:50:21.516+0800: 31186.561: [GC pause (G1 Evacuation Pause) (young), 0.0200813 secs]
   [Parallel Time: 19.3 ms, GC Workers: 4]
      [GC Worker Start (ms): Min: 31186561.7, Avg: 31186562.0, Max: 31186562.9, Diff: 1.2]
      [Ext Root Scanning (ms): Min: 0.0, Avg: 0.8, Max: 1.1, Diff: 1.1, Sum: 3.2]
      [Update RS (ms): Min: 1.8, Avg: 2.0, Max: 2.1, Diff: 0.3, Sum: 7.8]
         [Processed Buffers: Min: 6, Avg: 8.0, Max: 11, Diff: 5, Sum: 32]
      [Scan RS (ms): Min: 3.9, Avg: 3.9, Max: 4.0, Diff: 0.1, Sum: 15.7]
      [Code Root Scanning (ms): Min: 0.0, Avg: 0.0, Max: 0.0, Diff: 0.0, Sum: 0.0]
      [Object Copy (ms): Min: 12.0, Avg: 12.1, Max: 12.2, Diff: 0.3, Sum: 48.3]
      [Termination (ms): Min: 0.0, Avg: 0.0, Max: 0.0, Diff: 0.0, Sum: 0.0]
         [Termination Attempts: Min: 1, Avg: 1.0, Max: 1, Diff: 0, Sum: 4]
      [GC Worker Other (ms): Min: 0.0, Avg: 0.1, Max: 0.1, Diff: 0.1, Sum: 0.3]
      [GC Worker Total (ms): Min: 17.9, Avg: 18.8, Max: 19.2, Diff: 1.3, Sum: 75.3]
      [GC Worker End (ms): Min: 31186580.8, Avg: 31186580.8, Max: 31186580.9, Diff: 0.1]
   [Code Root Fixup: 0.0 ms]
   [Code Root Purge: 0.0 ms]
   [Clear CT: 0.1 ms]
   [Other: 0.7 ms]
      [Choose CSet: 0.0 ms]
      [Ref Proc: 0.1 ms]
      [Ref Enq: 0.0 ms]
      [Redirty Cards: 0.1 ms]
      [Humongous Register: 0.0 ms]
      [Humongous Reclaim: 0.0 ms]
      [Free CSet: 0.1 ms]
   [Eden: 44.0M(44.0M)->0.0B(46.0M) Survivors: 7168.0K->5120.0K Heap: 402.6M(1024.0M)->358.9M(1024.0M)]
 [Times: user=0.07 sys=0.01, real=0.02 secs] 
2019-11-03T16:50:32.761+0800: 31197.807: [GC pause (G1 Evacuation Pause) (young), 0.0163009 secs]
   [Parallel Time: 15.5 ms, GC Workers: 4]
      [GC Worker Start (ms): Min: 31197806.9, Avg: 31197808.0, Max: 31197810.4, Diff: 3.5]
      [Ext Root Scanning (ms): Min: 0.0, Avg: 0.8, Max: 1.5, Diff: 1.5, Sum: 3.0]
      [Update RS (ms): Min: 0.6, Avg: 2.1, Max: 2.7, Diff: 2.1, Sum: 8.3]
         [Processed Buffers: Min: 1, Avg: 8.2, Max: 17, Diff: 16, Sum: 33]
      [Scan RS (ms): Min: 3.3, Avg: 3.4, Max: 3.5, Diff: 0.2, Sum: 13.6]
      [Code Root Scanning (ms): Min: 0.0, Avg: 0.0, Max: 0.0, Diff: 0.0, Sum: 0.0]
      [Object Copy (ms): Min: 8.0, Avg: 8.1, Max: 8.2, Diff: 0.1, Sum: 32.4]
      [Termination (ms): Min: 0.0, Avg: 0.0, Max: 0.0, Diff: 0.0, Sum: 0.0]
         [Termination Attempts: Min: 1, Avg: 3.0, Max: 6, Diff: 5, Sum: 12]
      [GC Worker Other (ms): Min: 0.0, Avg: 0.0, Max: 0.0, Diff: 0.0, Sum: 0.1]
      [GC Worker Total (ms): Min: 12.0, Avg: 14.4, Max: 15.5, Diff: 3.5, Sum: 57.5]
      [GC Worker End (ms): Min: 31197822.4, Avg: 31197822.4, Max: 31197822.4, Diff: 0.0]
   [Code Root Fixup: 0.0 ms]
   [Code Root Purge: 0.0 ms]
   [Clear CT: 0.1 ms]
   [Other: 0.7 ms]
      [Choose CSet: 0.0 ms]
      [Ref Proc: 0.2 ms]
      [Ref Enq: 0.0 ms]
      [Redirty Cards: 0.1 ms]
      [Humongous Register: 0.1 ms]
      [Humongous Reclaim: 0.0 ms]
      [Free CSet: 0.1 ms]
   [Eden: 46.0M(46.0M)->0.0B(84.0M) Survivors: 5120.0K->5120.0K Heap: 404.9M(1024.0M)->358.4M(1024.0M)]
 [Times: user=0.05 sys=0.00, real=0.01 secs] 
2019-11-03T16:50:43.767+0800: 31208.812: [GC pause (G1 Evacuation Pause) (young), 0.0133383 secs]
   [Parallel Time: 12.6 ms, GC Workers: 4]
      [GC Worker Start (ms): Min: 31208812.5, Avg: 31208812.7, Max: 31208813.1, Diff: 0.6]
      [Ext Root Scanning (ms): Min: 0.1, Avg: 0.5, Max: 0.6, Diff: 0.6, Sum: 2.0]
      [Update RS (ms): Min: 0.9, Avg: 1.1, Max: 1.2, Diff: 0.3, Sum: 4.3]
         [Processed Buffers: Min: 4, Avg: 7.5, Max: 13, Diff: 9, Sum: 30]
      [Scan RS (ms): Min: 2.9, Avg: 3.1, Max: 3.2, Diff: 0.2, Sum: 12.2]
      [Code Root Scanning (ms): Min: 0.0, Avg: 0.0, Max: 0.0, Diff: 0.0, Sum: 0.0]
      [Object Copy (ms): Min: 7.7, Avg: 7.7, Max: 7.8, Diff: 0.1, Sum: 30.9]
      [Termination (ms): Min: 0.0, Avg: 0.0, Max: 0.0, Diff: 0.0, Sum: 0.0]
         [Termination Attempts: Min: 1, Avg: 2.0, Max: 3, Diff: 2, Sum: 8]
      [GC Worker Other (ms): Min: 0.0, Avg: 0.0, Max: 0.0, Diff: 0.0, Sum: 0.1]
      [GC Worker Total (ms): Min: 11.9, Avg: 12.4, Max: 12.6, Diff: 0.6, Sum: 49.6]
      [GC Worker End (ms): Min: 31208825.1, Avg: 31208825.1, Max: 31208825.1, Diff: 0.0]
   [Code Root Fixup: 0.0 ms]
   [Code Root Purge: 0.0 ms]
   [Clear CT: 0.1 ms]
   [Other: 0.7 ms]
      [Choose CSet: 0.0 ms]
      [Ref Proc: 0.3 ms]
      [Ref Enq: 0.0 ms]
      [Redirty Cards: 0.1 ms]
      [Humongous Register: 0.0 ms]
      [Humongous Reclaim: 0.0 ms]
      [Free CSet: 0.1 ms]
   [Eden: 46.0M(46.0M)->0.0B(187.0M) Survivors: 5120.0K->4096.0K Heap: 404.4M(1024.0M)->357.9M(1024.0M)]
 [Times: user=0.04 sys=0.00, real=0.02 secs] 
2019-11-03T16:51:28.942+0800: 31253.985: [GC pause (G1 Evacuation Pause) (young), 0.0243390 secs]
   [Parallel Time: 23.6 ms, GC Workers: 4]
      [GC Worker Start (ms): Min: 31253985.4, Avg: 31253985.4, Max: 31253985.4, Diff: 0.1]
      [Ext Root Scanning (ms): Min: 0.8, Avg: 0.8, Max: 0.9, Diff: 0.1, Sum: 3.2]
      [Update RS (ms): Min: 2.7, Avg: 3.0, Max: 3.3, Diff: 0.6, Sum: 12.1]
         [Processed Buffers: Min: 3, Avg: 8.5, Max: 14, Diff: 11, Sum: 34]
      [Scan RS (ms): Min: 4.5, Avg: 4.8, Max: 5.0, Diff: 0.5, Sum: 19.1]
      [Code Root Scanning (ms): Min: 0.0, Avg: 0.0, Max: 0.0, Diff: 0.0, Sum: 0.0]
      [Object Copy (ms): Min: 14.8, Avg: 14.8, Max: 14.9, Diff: 0.1, Sum: 59.4]
      [Termination (ms): Min: 0.0, Avg: 0.0, Max: 0.0, Diff: 0.0, Sum: 0.1]
         [Termination Attempts: Min: 1, Avg: 1.0, Max: 1, Diff: 0, Sum: 4]
      [GC Worker Other (ms): Min: 0.0, Avg: 0.0, Max: 0.0, Diff: 0.0, Sum: 0.2]
      [GC Worker Total (ms): Min: 23.5, Avg: 23.5, Max: 23.6, Diff: 0.1, Sum: 94.1]
      [GC Worker End (ms): Min: 31254008.9, Avg: 31254008.9, Max: 31254008.9, Diff: 0.0]
   [Code Root Fixup: 0.0 ms]
   [Code Root Purge: 0.0 ms]
   [Clear CT: 0.1 ms]
   [Other: 0.6 ms]
      [Choose CSet: 0.0 ms]
      [Ref Proc: 0.1 ms]
      [Ref Enq: 0.0 ms]
      [Redirty Cards: 0.1 ms]
      [Humongous Register: 0.0 ms]
      [Humongous Reclaim: 0.0 ms]
      [Free CSet: 0.1 ms]
   [Eden: 187.0M(187.0M)->0.0B(74.0M) Survivors: 4096.0K->6144.0K Heap: 544.9M(1024.0M)->359.9M(1024.0M)]
 [Times: user=0.08 sys=0.01, real=0.02 secs] 
2019-11-03T16:51:46.746+0800: 31271.788: [GC pause (G1 Evacuation Pause) (young), 0.0207952 secs]
   [Parallel Time: 19.5 ms, GC Workers: 4]
      [GC Worker Start (ms): Min: 31271788.5, Avg: 31271789.6, Max: 31271790.5, Diff: 2.0]
      [Ext Root Scanning (ms): Min: 0.0, Avg: 0.9, Max: 1.9, Diff: 1.9, Sum: 3.5]
      [Update RS (ms): Min: 0.6, Avg: 1.8, Max: 2.3, Diff: 1.8, Sum: 7.4]
         [Processed Buffers: Min: 6, Avg: 9.0, Max: 12, Diff: 6, Sum: 36]
      [Scan RS (ms): Min: 3.6, Avg: 4.1, Max: 5.2, Diff: 1.7, Sum: 16.3]
      [Code Root Scanning (ms): Min: 0.0, Avg: 0.0, Max: 0.0, Diff: 0.0, Sum: 0.0]
      [Object Copy (ms): Min: 9.7, Avg: 11.5, Max: 13.1, Diff: 3.4, Sum: 45.9]
      [Termination (ms): Min: 0.0, Avg: 0.0, Max: 0.0, Diff: 0.0, Sum: 0.0]
         [Termination Attempts: Min: 1, Avg: 1.0, Max: 1, Diff: 0, Sum: 4]
      [GC Worker Other (ms): Min: 0.0, Avg: 0.0, Max: 0.1, Diff: 0.1, Sum: 0.2]
      [GC Worker Total (ms): Min: 17.4, Avg: 18.3, Max: 19.4, Diff: 2.0, Sum: 73.3]
      [GC Worker End (ms): Min: 31271807.9, Avg: 31271807.9, Max: 31271808.0, Diff: 0.1]
   [Code Root Fixup: 0.0 ms]
   [Code Root Purge: 0.0 ms]
   [Clear CT: 0.1 ms]
   [Other: 1.1 ms]
      [Choose CSet: 0.0 ms]
      [Ref Proc: 0.5 ms]
      [Ref Enq: 0.0 ms]
      [Redirty Cards: 0.2 ms]
      [Humongous Register: 0.1 ms]
      [Humongous Reclaim: 0.0 ms]
      [Free CSet: 0.1 ms]
   [Eden: 74.0M(74.0M)->0.0B(44.0M) Survivors: 6144.0K->7168.0K Heap: 433.9M(1024.0M)->360.4M(1024.0M)]
 [Times: user=0.07 sys=0.00, real=0.02 secs] 
2019-11-03T16:51:57.357+0800: 31282.400: [GC pause (G1 Evacuation Pause) (young), 0.0214182 secs]
   [Parallel Time: 20.7 ms, GC Workers: 4]
      [GC Worker Start (ms): Min: 31282399.8, Avg: 31282400.1, Max: 31282400.8, Diff: 1.0]
      [Ext Root Scanning (ms): Min: 0.2, Avg: 0.9, Max: 1.1, Diff: 0.9, Sum: 3.4]
      [Update RS (ms): Min: 2.0, Avg: 2.1, Max: 2.4, Diff: 0.4, Sum: 8.6]
         [Processed Buffers: Min: 5, Avg: 9.0, Max: 16, Diff: 11, Sum: 36]
      [Scan RS (ms): Min: 3.5, Avg: 3.7, Max: 3.8, Diff: 0.4, Sum: 14.8]
      [Code Root Scanning (ms): Min: 0.0, Avg: 0.0, Max: 0.0, Diff: 0.0, Sum: 0.0]
      [Object Copy (ms): Min: 13.6, Avg: 13.6, Max: 13.6, Diff: 0.0, Sum: 54.4]
      [Termination (ms): Min: 0.0, Avg: 0.0, Max: 0.0, Diff: 0.0, Sum: 0.0]
         [Termination Attempts: Min: 1, Avg: 1.0, Max: 1, Diff: 0, Sum: 4]
      [GC Worker Other (ms): Min: 0.0, Avg: 0.0, Max: 0.1, Diff: 0.0, Sum: 0.2]
      [GC Worker Total (ms): Min: 19.7, Avg: 20.4, Max: 20.6, Diff: 0.9, Sum: 81.4]
      [GC Worker End (ms): Min: 31282420.4, Avg: 31282420.4, Max: 31282420.5, Diff: 0.0]
   [Code Root Fixup: 0.0 ms]
   [Code Root Purge: 0.0 ms]
   [Clear CT: 0.1 ms]
   [Other: 0.6 ms]
      [Choose CSet: 0.0 ms]
      [Ref Proc: 0.1 ms]
      [Ref Enq: 0.0 ms]
      [Redirty Cards: 0.1 ms]
      [Humongous Register: 0.0 ms]
      [Humongous Reclaim: 0.0 ms]
      [Free CSet: 0.1 ms]
   [Eden: 44.0M(44.0M)->0.0B(45.0M) Survivors: 7168.0K->6144.0K Heap: 404.4M(1024.0M)->361.4M(1024.0M)]
 [Times: user=0.08 sys=0.00, real=0.02 secs] 
2019-11-03T16:52:08.087+0800: 31293.129: [GC pause (G1 Evacuation Pause) (young), 0.0173994 secs]
   [Parallel Time: 16.6 ms, GC Workers: 4]
      [GC Worker Start (ms): Min: 31293129.5, Avg: 31293129.5, Max: 31293129.6, Diff: 0.1]
      [Ext Root Scanning (ms): Min: 0.7, Avg: 0.8, Max: 0.8, Diff: 0.1, Sum: 3.1]
      [Update RS (ms): Min: 1.7, Avg: 2.0, Max: 2.2, Diff: 0.5, Sum: 7.9]
         [Processed Buffers: Min: 4, Avg: 8.5, Max: 14, Diff: 10, Sum: 34]
      [Scan RS (ms): Min: 4.7, Avg: 4.8, Max: 5.2, Diff: 0.5, Sum: 19.4]
      [Code Root Scanning (ms): Min: 0.0, Avg: 0.0, Max: 0.0, Diff: 0.0, Sum: 0.0]
      [Object Copy (ms): Min: 8.7, Avg: 8.8, Max: 8.9, Diff: 0.2, Sum: 35.3]
      [Termination (ms): Min: 0.0, Avg: 0.0, Max: 0.0, Diff: 0.0, Sum: 0.0]
         [Termination Attempts: Min: 1, Avg: 1.0, Max: 1, Diff: 0, Sum: 4]
      [GC Worker Other (ms): Min: 0.0, Avg: 0.0, Max: 0.0, Diff: 0.0, Sum: 0.1]
      [GC Worker Total (ms): Min: 16.4, Avg: 16.5, Max: 16.5, Diff: 0.1, Sum: 65.8]
      [GC Worker End (ms): Min: 31293146.0, Avg: 31293146.0, Max: 31293146.0, Diff: 0.0]
   [Code Root Fixup: 0.0 ms]
   [Code Root Purge: 0.0 ms]
   [Clear CT: 0.1 ms]
   [Other: 0.7 ms]
      [Choose CSet: 0.0 ms]
      [Ref Proc: 0.2 ms]
      [Ref Enq: 0.0 ms]
      [Redirty Cards: 0.1 ms]
      [Humongous Register: 0.0 ms]
      [Humongous Reclaim: 0.0 ms]
      [Free CSet: 0.1 ms]
   [Eden: 45.0M(45.0M)->0.0B(94.0M) Survivors: 6144.0K->5120.0K Heap: 406.4M(1024.0M)->362.2M(1024.0M)]
 [Times: user=0.06 sys=0.01, real=0.02 secs] 
2019-11-03T16:52:19.105+0800: 31304.146: [GC pause (G1 Evacuation Pause) (young) (initial-mark), 0.0215739 secs]
   [Parallel Time: 20.1 ms, GC Workers: 4]
      [GC Worker Start (ms): Min: 31304147.2, Avg: 31304147.3, Max: 31304147.3, Diff: 0.1]
      [Ext Root Scanning (ms): Min: 5.0, Avg: 5.1, Max: 5.2, Diff: 0.2, Sum: 20.4]
      [Update RS (ms): Min: 2.4, Avg: 2.7, Max: 3.0, Diff: 0.6, Sum: 10.8]
         [Processed Buffers: Min: 1, Avg: 9.5, Max: 15, Diff: 14, Sum: 38]
      [Scan RS (ms): Min: 4.8, Avg: 5.0, Max: 5.2, Diff: 0.4, Sum: 20.1]
      [Code Root Scanning (ms): Min: 0.0, Avg: 0.0, Max: 0.0, Diff: 0.0, Sum: 0.0]
      [Object Copy (ms): Min: 6.8, Avg: 7.0, Max: 7.2, Diff: 0.3, Sum: 28.1]
      [Termination (ms): Min: 0.0, Avg: 0.0, Max: 0.0, Diff: 0.0, Sum: 0.0]
         [Termination Attempts: Min: 1, Avg: 1.0, Max: 1, Diff: 0, Sum: 4]
      [GC Worker Other (ms): Min: 0.0, Avg: 0.0, Max: 0.0, Diff: 0.0, Sum: 0.1]
      [GC Worker Total (ms): Min: 19.9, Avg: 19.9, Max: 19.9, Diff: 0.1, Sum: 79.6]
      [GC Worker End (ms): Min: 31304167.2, Avg: 31304167.2, Max: 31304167.2, Diff: 0.0]
   [Code Root Fixup: 0.0 ms]
   [Code Root Purge: 0.0 ms]
   [Clear CT: 0.1 ms]
   [Other: 1.3 ms]
      [Choose CSet: 0.0 ms]
      [Ref Proc: 0.1 ms]
      [Ref Enq: 0.0 ms]
      [Redirty Cards: 0.1 ms]
      [Humongous Register: 0.1 ms]
      [Humongous Reclaim: 0.0 ms]
      [Free CSet: 0.1 ms]
   [Eden: 46.0M(46.0M)->0.0B(46.0M) Survivors: 5120.0K->5120.0K Heap: 408.2M(1024.0M)->362.2M(1024.0M)]
 [Times: user=0.06 sys=0.01, real=0.02 secs] 
2019-11-03T16:52:19.127+0800: 31304.168: [GC concurrent-root-region-scan-start]
2019-11-03T16:52:19.140+0800: 31304.182: [GC concurrent-root-region-scan-end, 0.0138560 secs]
2019-11-03T16:52:19.142+0800: 31304.183: [GC concurrent-mark-start]
2019-11-03T16:52:19.211+0800: 31304.252: [GC concurrent-mark-end, 0.0687613 secs]
2019-11-03T16:52:19.214+0800: 31304.256: [GC remark 2019-11-03T16:52:19.214+0800: 31304.256: [Finalize Marking, 0.0003428 secs] 2019-11-03T16:52:19.215+0800: 31304.256: [GC ref-proc, 0.0005161 secs] 2019-11-03T16:52:19.215+0800: 31304.257: [Unloading, 0.1445862 secs], 0.1507101 secs]
 [Times: user=0.05 sys=0.14, real=0.15 secs] 
2019-11-03T16:52:19.365+0800: 31304.406: [GC cleanup 363M->304M(1024M), 0.0092901 secs]
 [Times: user=0.01 sys=0.01, real=0.01 secs] 
2019-11-03T16:52:19.374+0800: 31304.416: [GC concurrent-cleanup-start]
2019-11-03T16:52:19.386+0800: 31304.427: [GC concurrent-cleanup-end, 0.0115390 secs]
2019-11-03T16:52:30.419+0800: 31315.460: [GC pause (G1 Evacuation Pause) (young), 0.0160879 secs]
   [Parallel Time: 15.3 ms, GC Workers: 4]
      [GC Worker Start (ms): Min: 31315460.0, Avg: 31315460.1, Max: 31315460.3, Diff: 0.3]
      [Ext Root Scanning (ms): Min: 1.1, Avg: 1.5, Max: 2.7, Diff: 1.6, Sum: 6.1]
      [Update RS (ms): Min: 1.1, Avg: 2.7, Max: 3.5, Diff: 2.4, Sum: 10.8]
         [Processed Buffers: Min: 4, Avg: 9.0, Max: 13, Diff: 9, Sum: 36]
      [Scan RS (ms): Min: 3.5, Avg: 3.8, Max: 4.1, Diff: 0.6, Sum: 15.1]
      [Code Root Scanning (ms): Min: 0.0, Avg: 0.0, Max: 0.0, Diff: 0.0, Sum: 0.0]
      [Object Copy (ms): Min: 7.0, Avg: 7.1, Max: 7.2, Diff: 0.2, Sum: 28.4]
      [Termination (ms): Min: 0.0, Avg: 0.0, Max: 0.0, Diff: 0.0, Sum: 0.0]
         [Termination Attempts: Min: 1, Avg: 1.0, Max: 1, Diff: 0, Sum: 4]
      [GC Worker Other (ms): Min: 0.0, Avg: 0.0, Max: 0.1, Diff: 0.0, Sum: 0.2]
      [GC Worker Total (ms): Min: 14.9, Avg: 15.2, Max: 15.2, Diff: 0.3, Sum: 60.6]
      [GC Worker End (ms): Min: 31315475.2, Avg: 31315475.3, Max: 31315475.3, Diff: 0.0]
   [Code Root Fixup: 0.0 ms]
   [Code Root Purge: 0.0 ms]
   [Clear CT: 0.1 ms]
   [Other: 0.7 ms]
      [Choose CSet: 0.0 ms]
      [Ref Proc: 0.1 ms]
      [Ref Enq: 0.0 ms]
      [Redirty Cards: 0.1 ms]
      [Humongous Register: 0.0 ms]
      [Humongous Reclaim: 0.0 ms]
      [Free CSet: 0.1 ms]
   [Eden: 46.0M(46.0M)->0.0B(46.0M) Survivors: 5120.0K->5120.0K Heap: 349.2M(1024.0M)->303.2M(1024.0M)]
 [Times: user=0.05 sys=0.00, real=0.02 secs] 
2019-11-03T16:52:41.699+0800: 31326.740: [GC pause (G1 Evacuation Pause) (mixed), 0.0230501 secs]
   [Parallel Time: 22.0 ms, GC Workers: 4]
      [GC Worker Start (ms): Min: 31326739.9, Avg: 31326740.0, Max: 31326740.1, Diff: 0.2]
      [Ext Root Scanning (ms): Min: 0.6, Avg: 0.8, Max: 0.9, Diff: 0.3, Sum: 3.1]
      [Update RS (ms): Min: 1.8, Avg: 2.6, Max: 4.5, Diff: 2.7, Sum: 10.5]
         [Processed Buffers: Min: 6, Avg: 8.0, Max: 11, Diff: 5, Sum: 32]
      [Scan RS (ms): Min: 4.9, Avg: 6.7, Max: 7.6, Diff: 2.6, Sum: 27.0]
      [Code Root Scanning (ms): Min: 0.0, Avg: 0.1, Max: 0.2, Diff: 0.1, Sum: 0.2]
      [Object Copy (ms): Min: 11.5, Avg: 11.6, Max: 11.7, Diff: 0.2, Sum: 46.3]
      [Termination (ms): Min: 0.0, Avg: 0.0, Max: 0.0, Diff: 0.0, Sum: 0.0]
         [Termination Attempts: Min: 1, Avg: 1.0, Max: 1, Diff: 0, Sum: 4]
      [GC Worker Other (ms): Min: 0.0, Avg: 0.0, Max: 0.1, Diff: 0.0, Sum: 0.2]
      [GC Worker Total (ms): Min: 21.7, Avg: 21.8, Max: 21.9, Diff: 0.2, Sum: 87.3]
      [GC Worker End (ms): Min: 31326761.8, Avg: 31326761.8, Max: 31326761.8, Diff: 0.0]
   [Code Root Fixup: 0.0 ms]
   [Code Root Purge: 0.0 ms]
   [Clear CT: 0.1 ms]
   [Other: 0.9 ms]
      [Choose CSet: 0.1 ms]
      [Ref Proc: 0.2 ms]
      [Ref Enq: 0.0 ms]
      [Redirty Cards: 0.1 ms]
      [Humongous Register: 0.0 ms]
      [Humongous Reclaim: 0.0 ms]
      [Free CSet: 0.2 ms]
   [Eden: 46.0M(46.0M)->0.0B(45.0M) Survivors: 5120.0K->6144.0K Heap: 349.2M(1024.0M)->282.8M(1024.0M)]
 [Times: user=0.06 sys=0.00, real=0.03 secs] 
2019-11-03T16:52:52.564+0800: 31337.604: [GC pause (G1 Evacuation Pause) (mixed), 0.0323289 secs]
   [Parallel Time: 31.1 ms, GC Workers: 4]
      [GC Worker Start (ms): Min: 31337604.3, Avg: 31337605.4, Max: 31337606.5, Diff: 2.2]
      [Ext Root Scanning (ms): Min: 0.0, Avg: 0.7, Max: 1.8, Diff: 1.7, Sum: 2.9]
      [Update RS (ms): Min: 0.0, Avg: 1.4, Max: 2.2, Diff: 2.2, Sum: 5.6]
         [Processed Buffers: Min: 0, Avg: 7.2, Max: 13, Diff: 13, Sum: 29]
      [Scan RS (ms): Min: 0.4, Avg: 6.5, Max: 11.2, Diff: 10.8, Sum: 26.0]
      [Code Root Scanning (ms): Min: 0.0, Avg: 0.0, Max: 0.1, Diff: 0.1, Sum: 0.1]
      [Object Copy (ms): Min: 15.9, Avg: 21.0, Max: 28.9, Diff: 13.0, Sum: 84.0]
      [Termination (ms): Min: 0.0, Avg: 0.2, Max: 0.4, Diff: 0.4, Sum: 0.9]
         [Termination Attempts: Min: 1, Avg: 1.0, Max: 1, Diff: 0, Sum: 4]
      [GC Worker Other (ms): Min: 0.0, Avg: 0.0, Max: 0.0, Diff: 0.0, Sum: 0.1]
      [GC Worker Total (ms): Min: 28.8, Avg: 29.9, Max: 31.0, Diff: 2.2, Sum: 119.7]
      [GC Worker End (ms): Min: 31337635.2, Avg: 31337635.3, Max: 31337635.3, Diff: 0.1]
   [Code Root Fixup: 0.0 ms]
   [Code Root Purge: 0.0 ms]
   [Clear CT: 0.1 ms]
   [Other: 1.1 ms]
      [Choose CSet: 0.1 ms]
      [Ref Proc: 0.3 ms]
      [Ref Enq: 0.0 ms]
      [Redirty Cards: 0.1 ms]
      [Humongous Register: 0.0 ms]
      [Humongous Reclaim: 0.0 ms]
      [Free CSet: 0.3 ms]
   [Eden: 45.0M(45.0M)->0.0B(46.0M) Survivors: 6144.0K->5120.0K Heap: 327.8M(1024.0M)->260.6M(1024.0M)]
 [Times: user=0.06 sys=0.01, real=0.03 secs] 
2019-11-03T16:53:03.648+0800: 31348.688: [GC pause (G1 Evacuation Pause) (mixed), 0.0185389 secs]
   [Parallel Time: 17.5 ms, GC Workers: 4]
      [GC Worker Start (ms): Min: 31348688.4, Avg: 31348688.4, Max: 31348688.5, Diff: 0.1]
      [Ext Root Scanning (ms): Min: 0.9, Avg: 0.9, Max: 0.9, Diff: 0.1, Sum: 3.6]
      [Update RS (ms): Min: 2.6, Avg: 2.9, Max: 3.4, Diff: 0.8, Sum: 11.7]
         [Processed Buffers: Min: 3, Avg: 8.5, Max: 12, Diff: 9, Sum: 34]
      [Scan RS (ms): Min: 6.0, Avg: 6.4, Max: 6.8, Diff: 0.8, Sum: 25.8]
      [Code Root Scanning (ms): Min: 0.0, Avg: 0.0, Max: 0.0, Diff: 0.0, Sum: 0.0]
      [Object Copy (ms): Min: 7.0, Avg: 7.1, Max: 7.2, Diff: 0.2, Sum: 28.3]
      [Termination (ms): Min: 0.0, Avg: 0.0, Max: 0.0, Diff: 0.0, Sum: 0.0]
         [Termination Attempts: Min: 1, Avg: 1.5, Max: 2, Diff: 1, Sum: 6]
      [GC Worker Other (ms): Min: 0.0, Avg: 0.0, Max: 0.1, Diff: 0.0, Sum: 0.1]
      [GC Worker Total (ms): Min: 17.4, Avg: 17.4, Max: 17.4, Diff: 0.0, Sum: 69.5]
      [GC Worker End (ms): Min: 31348705.8, Avg: 31348705.8, Max: 31348705.8, Diff: 0.0]
   [Code Root Fixup: 0.0 ms]
   [Code Root Purge: 0.0 ms]
   [Clear CT: 0.1 ms]
   [Other: 0.9 ms]
      [Choose CSet: 0.1 ms]
      [Ref Proc: 0.1 ms]
      [Ref Enq: 0.0 ms]
      [Redirty Cards: 0.2 ms]
      [Humongous Register: 0.1 ms]
      [Humongous Reclaim: 0.0 ms]
      [Free CSet: 0.2 ms]
   [Eden: 46.0M(46.0M)->0.0B(46.0M) Survivors: 5120.0K->5120.0K Heap: 306.6M(1024.0M)->239.7M(1024.0M)]
 [Times: user=0.07 sys=0.00, real=0.02 secs] 
2019-11-03T16:53:14.667+0800: 31359.707: [GC pause (G1 Evacuation Pause) (mixed), 0.0168983 secs]
   [Parallel Time: 16.0 ms, GC Workers: 4]
      [GC Worker Start (ms): Min: 31359706.9, Avg: 31359707.5, Max: 31359709.1, Diff: 2.1]
      [Ext Root Scanning (ms): Min: 0.0, Avg: 0.5, Max: 0.7, Diff: 0.7, Sum: 2.0]
      [Update RS (ms): Min: 0.0, Avg: 1.2, Max: 1.6, Diff: 1.6, Sum: 4.8]
         [Processed Buffers: Min: 2, Avg: 9.0, Max: 18, Diff: 16, Sum: 36]
      [Scan RS (ms): Min: 3.6, Avg: 3.7, Max: 3.8, Diff: 0.2, Sum: 14.8]
      [Code Root Scanning (ms): Min: 0.0, Avg: 0.0, Max: 0.0, Diff: 0.0, Sum: 0.0]
      [Object Copy (ms): Min: 9.9, Avg: 9.9, Max: 10.0, Diff: 0.1, Sum: 39.8]
      [Termination (ms): Min: 0.0, Avg: 0.1, Max: 0.2, Diff: 0.2, Sum: 0.5]
         [Termination Attempts: Min: 1, Avg: 1.0, Max: 1, Diff: 0, Sum: 4]
      [GC Worker Other (ms): Min: 0.0, Avg: 0.0, Max: 0.0, Diff: 0.0, Sum: 0.1]
      [GC Worker Total (ms): Min: 13.8, Avg: 15.5, Max: 16.0, Diff: 2.2, Sum: 61.8]
      [GC Worker End (ms): Min: 31359722.9, Avg: 31359722.9, Max: 31359722.9, Diff: 0.0]
   [Code Root Fixup: 0.0 ms]
   [Code Root Purge: 0.0 ms]
   [Clear CT: 0.1 ms]
   [Other: 0.7 ms]
      [Choose CSet: 0.1 ms]
      [Ref Proc: 0.2 ms]
      [Ref Enq: 0.0 ms]
      [Redirty Cards: 0.1 ms]
      [Humongous Register: 0.0 ms]
      [Humongous Reclaim: 0.0 ms]
      [Free CSet: 0.2 ms]
   [Eden: 46.0M(46.0M)->0.0B(45.0M) Survivors: 5120.0K->6144.0K Heap: 285.7M(1024.0M)->219.0M(1024.0M)]
 [Times: user=0.06 sys=0.00, real=0.02 secs] 
2019-11-03T16:53:25.633+0800: 31370.672: [GC pause (G1 Evacuation Pause) (mixed), 0.0224953 secs]
   [Parallel Time: 21.4 ms, GC Workers: 4]
      [GC Worker Start (ms): Min: 31370672.5, Avg: 31370672.6, Max: 31370672.6, Diff: 0.1]
      [Ext Root Scanning (ms): Min: 0.8, Avg: 0.8, Max: 0.9, Diff: 0.0, Sum: 3.3]
      [Update RS (ms): Min: 1.9, Avg: 2.0, Max: 2.5, Diff: 0.7, Sum: 8.1]
         [Processed Buffers: Min: 1, Avg: 9.0, Max: 15, Diff: 14, Sum: 36]
      [Scan RS (ms): Min: 5.9, Avg: 6.4, Max: 6.6, Diff: 0.7, Sum: 25.6]
      [Code Root Scanning (ms): Min: 0.0, Avg: 0.0, Max: 0.0, Diff: 0.0, Sum: 0.1]
      [Object Copy (ms): Min: 11.9, Avg: 12.0, Max: 12.1, Diff: 0.2, Sum: 47.9]
      [Termination (ms): Min: 0.0, Avg: 0.0, Max: 0.0, Diff: 0.0, Sum: 0.0]
         [Termination Attempts: Min: 1, Avg: 1.0, Max: 1, Diff: 0, Sum: 4]
      [GC Worker Other (ms): Min: 0.0, Avg: 0.0, Max: 0.0, Diff: 0.0, Sum: 0.1]
      [GC Worker Total (ms): Min: 21.3, Avg: 21.3, Max: 21.3, Diff: 0.0, Sum: 85.1]
      [GC Worker End (ms): Min: 31370693.9, Avg: 31370693.9, Max: 31370693.9, Diff: 0.0]
   [Code Root Fixup: 0.0 ms]
   [Code Root Purge: 0.0 ms]
   [Clear CT: 0.2 ms]
   [Other: 0.9 ms]
      [Choose CSet: 0.1 ms]
      [Ref Proc: 0.2 ms]
      [Ref Enq: 0.0 ms]
      [Redirty Cards: 0.1 ms]
      [Humongous Register: 0.0 ms]
      [Humongous Reclaim: 0.0 ms]
      [Free CSet: 0.2 ms]
   [Eden: 45.0M(45.0M)->0.0B(46.0M) Survivors: 6144.0K->5120.0K Heap: 264.0M(1024.0M)->196.9M(1024.0M)]
 [Times: user=0.08 sys=0.00, real=0.02 secs] 
2019-11-03T16:53:36.884+0800: 31381.922: [GC pause (G1 Evacuation Pause) (young), 0.0207996 secs]
   [Parallel Time: 20.1 ms, GC Workers: 4]
      [GC Worker Start (ms): Min: 31381922.5, Avg: 31381922.6, Max: 31381922.6, Diff: 0.1]
      [Ext Root Scanning (ms): Min: 0.7, Avg: 0.9, Max: 1.1, Diff: 0.4, Sum: 3.4]
      [Update RS (ms): Min: 0.0, Avg: 2.7, Max: 3.8, Diff: 3.8, Sum: 10.8]
         [Processed Buffers: Min: 0, Avg: 8.2, Max: 16, Diff: 16, Sum: 33]
      [Scan RS (ms): Min: 4.1, Avg: 6.2, Max: 7.0, Diff: 2.9, Sum: 24.8]
      [Code Root Scanning (ms): Min: 0.0, Avg: 0.0, Max: 0.0, Diff: 0.0, Sum: 0.0]
      [Object Copy (ms): Min: 8.4, Avg: 10.1, Max: 14.9, Diff: 6.5, Sum: 40.3]
      [Termination (ms): Min: 0.0, Avg: 0.1, Max: 0.2, Diff: 0.2, Sum: 0.4]
         [Termination Attempts: Min: 1, Avg: 1.8, Max: 3, Diff: 2, Sum: 7]
      [GC Worker Other (ms): Min: 0.0, Avg: 0.0, Max: 0.0, Diff: 0.0, Sum: 0.1]
      [GC Worker Total (ms): Min: 19.9, Avg: 20.0, Max: 20.0, Diff: 0.1, Sum: 79.8]
      [GC Worker End (ms): Min: 31381942.5, Avg: 31381942.5, Max: 31381942.5, Diff: 0.0]
   [Code Root Fixup: 0.0 ms]
   [Code Root Purge: 0.0 ms]
   [Clear CT: 0.1 ms]
   [Other: 0.6 ms]
      [Choose CSet: 0.0 ms]
      [Ref Proc: 0.1 ms]
      [Ref Enq: 0.0 ms]
      [Redirty Cards: 0.1 ms]
      [Humongous Register: 0.0 ms]
      [Humongous Reclaim: 0.0 ms]
      [Free CSet: 0.1 ms]
   [Eden: 46.0M(46.0M)->0.0B(46.0M) Survivors: 5120.0K->5120.0K Heap: 242.9M(1024.0M)->196.9M(1024.0M)]
 [Times: user=0.06 sys=0.00, real=0.02 secs] 
2019-11-03T16:53:47.952+0800: 31392.990: [GC pause (G1 Evacuation Pause) (young), 0.0165185 secs]
   [Parallel Time: 15.8 ms, GC Workers: 4]
      [GC Worker Start (ms): Min: 31392990.3, Avg: 31392990.3, Max: 31392990.4, Diff: 0.1]
      [Ext Root Scanning (ms): Min: 0.8, Avg: 0.8, Max: 0.9, Diff: 0.1, Sum: 3.3]
      [Update RS (ms): Min: 2.0, Avg: 2.3, Max: 2.5, Diff: 0.5, Sum: 9.3]
         [Processed Buffers: Min: 5, Avg: 8.5, Max: 12, Diff: 7, Sum: 34]
      [Scan RS (ms): Min: 4.6, Avg: 4.8, Max: 5.1, Diff: 0.5, Sum: 19.2]
      [Code Root Scanning (ms): Min: 0.0, Avg: 0.0, Max: 0.0, Diff: 0.0, Sum: 0.0]
      [Object Copy (ms): Min: 7.6, Avg: 7.6, Max: 7.7, Diff: 0.1, Sum: 30.6]
      [Termination (ms): Min: 0.0, Avg: 0.0, Max: 0.0, Diff: 0.0, Sum: 0.0]
         [Termination Attempts: Min: 1, Avg: 2.2, Max: 4, Diff: 3, Sum: 9]
      [GC Worker Other (ms): Min: 0.0, Avg: 0.1, Max: 0.1, Diff: 0.1, Sum: 0.2]
      [GC Worker Total (ms): Min: 15.6, Avg: 15.7, Max: 15.7, Diff: 0.1, Sum: 62.7]
      [GC Worker End (ms): Min: 31393006.0, Avg: 31393006.0, Max: 31393006.0, Diff: 0.1]
   [Code Root Fixup: 0.0 ms]
   [Code Root Purge: 0.0 ms]
   [Clear CT: 0.1 ms]
   [Other: 0.6 ms]
      [Choose CSet: 0.0 ms]
      [Ref Proc: 0.2 ms]
      [Ref Enq: 0.0 ms]
      [Redirty Cards: 0.1 ms]
      [Humongous Register: 0.0 ms]
      [Humongous Reclaim: 0.0 ms]
      [Free CSet: 0.1 ms]
   [Eden: 46.0M(46.0M)->0.0B(46.0M) Survivors: 5120.0K->5120.0K Heap: 242.9M(1024.0M)->196.9M(1024.0M)]
 [Times: user=0.06 sys=0.00, real=0.01 secs] 
2019-11-03T16:53:59.086+0800: 31404.124: [GC pause (G1 Evacuation Pause) (young), 0.0229867 secs]
   [Parallel Time: 22.0 ms, GC Workers: 4]
      [GC Worker Start (ms): Min: 31404124.3, Avg: 31404124.3, Max: 31404124.4, Diff: 0.1]
      [Ext Root Scanning (ms): Min: 0.8, Avg: 0.9, Max: 1.0, Diff: 0.2, Sum: 3.7]
      [Update RS (ms): Min: 1.1, Avg: 2.9, Max: 3.6, Diff: 2.5, Sum: 11.7]
         [Processed Buffers: Min: 5, Avg: 8.5, Max: 16, Diff: 11, Sum: 34]
      [Scan RS (ms): Min: 6.3, Avg: 6.5, Max: 7.0, Diff: 0.7, Sum: 26.0]
      [Code Root Scanning (ms): Min: 0.0, Avg: 0.0, Max: 0.0, Diff: 0.0, Sum: 0.0]
      [Object Copy (ms): Min: 10.4, Avg: 11.4, Max: 13.4, Diff: 3.0, Sum: 45.4]
      [Termination (ms): Min: 0.0, Avg: 0.0, Max: 0.0, Diff: 0.0, Sum: 0.0]
         [Termination Attempts: Min: 1, Avg: 2.0, Max: 3, Diff: 2, Sum: 8]
      [GC Worker Other (ms): Min: 0.0, Avg: 0.1, Max: 0.1, Diff: 0.0, Sum: 0.3]
      [GC Worker Total (ms): Min: 21.7, Avg: 21.8, Max: 21.8, Diff: 0.1, Sum: 87.1]
      [GC Worker End (ms): Min: 31404146.1, Avg: 31404146.1, Max: 31404146.1, Diff: 0.1]
   [Code Root Fixup: 0.0 ms]
   [Code Root Purge: 0.0 ms]
   [Clear CT: 0.1 ms]
   [Other: 0.9 ms]
      [Choose CSet: 0.0 ms]
      [Ref Proc: 0.4 ms]
      [Ref Enq: 0.0 ms]
      [Redirty Cards: 0.1 ms]
      [Humongous Register: 0.0 ms]
      [Humongous Reclaim: 0.0 ms]
      [Free CSet: 0.1 ms]
   [Eden: 46.0M(46.0M)->0.0B(44.0M) Survivors: 5120.0K->7168.0K Heap: 242.9M(1024.0M)->198.9M(1024.0M)]
 [Times: user=0.07 sys=0.00, real=0.02 secs] 
2019-11-03T16:54:09.685+0800: 31414.722: [GC pause (G1 Evacuation Pause) (young), 0.0243771 secs]
   [Parallel Time: 23.7 ms, GC Workers: 4]
      [GC Worker Start (ms): Min: 31414722.3, Avg: 31414722.3, Max: 31414722.4, Diff: 0.1]
      [Ext Root Scanning (ms): Min: 0.7, Avg: 0.8, Max: 0.9, Diff: 0.2, Sum: 3.1]
      [Update RS (ms): Min: 1.8, Avg: 2.1, Max: 2.7, Diff: 0.9, Sum: 8.3]
         [Processed Buffers: Min: 0, Avg: 8.0, Max: 13, Diff: 13, Sum: 32]
      [Scan RS (ms): Min: 6.9, Avg: 7.3, Max: 8.2, Diff: 1.3, Sum: 29.4]
      [Code Root Scanning (ms): Min: 0.0, Avg: 0.0, Max: 0.0, Diff: 0.0, Sum: 0.0]
      [Object Copy (ms): Min: 11.7, Avg: 13.3, Max: 13.8, Diff: 2.1, Sum: 53.0]
      [Termination (ms): Min: 0.0, Avg: 0.0, Max: 0.0, Diff: 0.0, Sum: 0.0]
         [Termination Attempts: Min: 1, Avg: 1.2, Max: 2, Diff: 1, Sum: 5]
      [GC Worker Other (ms): Min: 0.0, Avg: 0.0, Max: 0.1, Diff: 0.0, Sum: 0.2]
      [GC Worker Total (ms): Min: 23.4, Avg: 23.5, Max: 23.6, Diff: 0.1, Sum: 94.0]
      [GC Worker End (ms): Min: 31414745.8, Avg: 31414745.8, Max: 31414745.9, Diff: 0.0]
   [Code Root Fixup: 0.0 ms]
   [Code Root Purge: 0.0 ms]
   [Clear CT: 0.1 ms]
   [Other: 0.6 ms]
      [Choose CSet: 0.0 ms]
      [Ref Proc: 0.1 ms]
      [Ref Enq: 0.0 ms]
      [Redirty Cards: 0.1 ms]
      [Humongous Register: 0.0 ms]
      [Humongous Reclaim: 0.0 ms]
      [Free CSet: 0.1 ms]
   [Eden: 44.0M(44.0M)->0.0B(46.0M) Survivors: 7168.0K->5120.0K Heap: 242.9M(1024.0M)->198.1M(1024.0M)]
 [Times: user=0.07 sys=0.00, real=0.02 secs] 
2019-11-03T16:54:20.810+0800: 31425.847: [GC pause (G1 Evacuation Pause) (young), 0.0170101 secs]
   [Parallel Time: 16.2 ms, GC Workers: 4]
      [GC Worker Start (ms): Min: 31425847.5, Avg: 31425847.7, Max: 31425848.5, Diff: 1.1]
      [Ext Root Scanning (ms): Min: 0.1, Avg: 0.8, Max: 1.1, Diff: 1.0, Sum: 3.3]
      [Update RS (ms): Min: 2.3, Avg: 2.6, Max: 3.0, Diff: 0.7, Sum: 10.5]
         [Processed Buffers: Min: 5, Avg: 7.5, Max: 9, Diff: 4, Sum: 30]
      [Scan RS (ms): Min: 4.7, Avg: 5.0, Max: 5.2, Diff: 0.5, Sum: 20.0]
      [Code Root Scanning (ms): Min: 0.0, Avg: 0.0, Max: 0.0, Diff: 0.0, Sum: 0.0]
      [Object Copy (ms): Min: 7.1, Avg: 7.2, Max: 7.4, Diff: 0.3, Sum: 28.9]
      [Termination (ms): Min: 0.0, Avg: 0.1, Max: 0.1, Diff: 0.1, Sum: 0.4]
         [Termination Attempts: Min: 1, Avg: 1.0, Max: 1, Diff: 0, Sum: 4]
      [GC Worker Other (ms): Min: 0.0, Avg: 0.0, Max: 0.0, Diff: 0.0, Sum: 0.1]
      [GC Worker Total (ms): Min: 15.0, Avg: 15.8, Max: 16.1, Diff: 1.0, Sum: 63.2]
      [GC Worker End (ms): Min: 31425863.5, Avg: 31425863.5, Max: 31425863.6, Diff: 0.0]
   [Code Root Fixup: 0.0 ms]
   [Code Root Purge: 0.0 ms]
   [Clear CT: 0.1 ms]
   [Other: 0.8 ms]
      [Choose CSet: 0.0 ms]
      [Ref Proc: 0.3 ms]
      [Ref Enq: 0.0 ms]
      [Redirty Cards: 0.1 ms]
      [Humongous Register: 0.0 ms]
      [Humongous Reclaim: 0.0 ms]
      [Free CSet: 0.1 ms]
   [Eden: 46.0M(46.0M)->0.0B(46.0M) Survivors: 5120.0K->5120.0K Heap: 244.1M(1024.0M)->198.1M(1024.0M)]
 [Times: user=0.06 sys=0.00, real=0.01 secs] 
2019-11-03T16:54:32.037+0800: 31437.073: [GC pause (G1 Evacuation Pause) (young), 0.0151259 secs]
   [Parallel Time: 14.4 ms, GC Workers: 4]
      [GC Worker Start (ms): Min: 31437073.6, Avg: 31437073.7, Max: 31437073.7, Diff: 0.1]
      [Ext Root Scanning (ms): Min: 0.6, Avg: 0.6, Max: 0.7, Diff: 0.1, Sum: 2.5]
      [Update RS (ms): Min: 1.4, Avg: 1.5, Max: 1.6, Diff: 0.2, Sum: 5.8]
         [Processed Buffers: Min: 3, Avg: 7.2, Max: 12, Diff: 9, Sum: 29]
      [Scan RS (ms): Min: 3.8, Avg: 4.0, Max: 4.1, Diff: 0.3, Sum: 15.8]
      [Code Root Scanning (ms): Min: 0.0, Avg: 0.0, Max: 0.0, Diff: 0.0, Sum: 0.0]
      [Object Copy (ms): Min: 8.1, Avg: 8.2, Max: 8.2, Diff: 0.0, Sum: 32.7]
      [Termination (ms): Min: 0.0, Avg: 0.0, Max: 0.0, Diff: 0.0, Sum: 0.0]
         [Termination Attempts: Min: 1, Avg: 3.5, Max: 6, Diff: 5, Sum: 14]
      [GC Worker Other (ms): Min: 0.0, Avg: 0.0, Max: 0.0, Diff: 0.0, Sum: 0.1]
      [GC Worker Total (ms): Min: 14.2, Avg: 14.3, Max: 14.3, Diff: 0.1, Sum: 57.1]
      [GC Worker End (ms): Min: 31437087.9, Avg: 31437087.9, Max: 31437088.0, Diff: 0.0]
   [Code Root Fixup: 0.0 ms]
   [Code Root Purge: 0.0 ms]
   [Clear CT: 0.1 ms]
   [Other: 0.6 ms]
      [Choose CSet: 0.0 ms]
      [Ref Proc: 0.2 ms]
      [Ref Enq: 0.0 ms]
      [Redirty Cards: 0.1 ms]
      [Humongous Register: 0.0 ms]
      [Humongous Reclaim: 0.0 ms]
      [Free CSet: 0.1 ms]
   [Eden: 46.0M(46.0M)->0.0B(77.0M) Survivors: 5120.0K->5120.0K Heap: 244.1M(1024.0M)->198.1M(1024.0M)]
 [Times: user=0.05 sys=0.00, real=0.02 secs] 
2019-11-03T16:54:50.486+0800: 31455.522: [GC pause (G1 Evacuation Pause) (young), 0.0192667 secs]
   [Parallel Time: 18.6 ms, GC Workers: 4]
      [GC Worker Start (ms): Min: 31455522.1, Avg: 31455522.1, Max: 31455522.2, Diff: 0.1]
      [Ext Root Scanning (ms): Min: 0.7, Avg: 0.8, Max: 0.8, Diff: 0.1, Sum: 3.2]
      [Update RS (ms): Min: 2.6, Avg: 3.0, Max: 3.4, Diff: 0.8, Sum: 11.9]
         [Processed Buffers: Min: 2, Avg: 9.2, Max: 16, Diff: 14, Sum: 37]
      [Scan RS (ms): Min: 5.1, Avg: 5.5, Max: 5.8, Diff: 0.8, Sum: 21.9]
      [Code Root Scanning (ms): Min: 0.0, Avg: 0.0, Max: 0.0, Diff: 0.0, Sum: 0.0]
      [Object Copy (ms): Min: 9.2, Avg: 9.2, Max: 9.3, Diff: 0.1, Sum: 36.8]
      [Termination (ms): Min: 0.0, Avg: 0.0, Max: 0.0, Diff: 0.0, Sum: 0.0]
         [Termination Attempts: Min: 1, Avg: 3.8, Max: 7, Diff: 6, Sum: 15]
      [GC Worker Other (ms): Min: 0.0, Avg: 0.0, Max: 0.0, Diff: 0.0, Sum: 0.1]
      [GC Worker Total (ms): Min: 18.4, Avg: 18.5, Max: 18.5, Diff: 0.0, Sum: 73.8]
      [GC Worker End (ms): Min: 31455540.6, Avg: 31455540.6, Max: 31455540.6, Diff: 0.0]
   [Code Root Fixup: 0.0 ms]
   [Code Root Purge: 0.0 ms]
   [Clear CT: 0.1 ms]
   [Other: 0.6 ms]
      [Choose CSet: 0.0 ms]
      [Ref Proc: 0.1 ms]
      [Ref Enq: 0.0 ms]
      [Redirty Cards: 0.1 ms]
      [Humongous Register: 0.0 ms]
      [Humongous Reclaim: 0.0 ms]
      [Free CSet: 0.1 ms]
   [Eden: 77.0M(77.0M)->0.0B(78.0M) Survivors: 5120.0K->6144.0K Heap: 275.1M(1024.0M)->199.1M(1024.0M)]
 [Times: user=0.07 sys=0.00, real=0.02 secs] 
2019-11-03T16:55:04.369+0800: 31469.404: [GC pause (G1 Evacuation Pause) (young), 0.0237853 secs]
   [Parallel Time: 22.4 ms, GC Workers: 4]
      [GC Worker Start (ms): Min: 31469404.6, Avg: 31469405.5, Max: 31469408.2, Diff: 3.6]
      [Ext Root Scanning (ms): Min: 0.0, Avg: 1.1, Max: 1.8, Diff: 1.8, Sum: 4.3]
      [Update RS (ms): Min: 0.0, Avg: 1.5, Max: 2.3, Diff: 2.3, Sum: 5.9]
         [Processed Buffers: Min: 0, Avg: 8.2, Max: 17, Diff: 17, Sum: 33]
      [Scan RS (ms): Min: 4.6, Avg: 5.6, Max: 8.1, Diff: 3.5, Sum: 22.5]
      [Code Root Scanning (ms): Min: 0.0, Avg: 0.0, Max: 0.0, Diff: 0.0, Sum: 0.0]
      [Object Copy (ms): Min: 10.4, Avg: 13.0, Max: 14.0, Diff: 3.6, Sum: 51.9]
      [Termination (ms): Min: 0.0, Avg: 0.2, Max: 0.3, Diff: 0.3, Sum: 0.7]
         [Termination Attempts: Min: 1, Avg: 1.0, Max: 1, Diff: 0, Sum: 4]
      [GC Worker Other (ms): Min: 0.0, Avg: 0.0, Max: 0.0, Diff: 0.0, Sum: 0.1]
      [GC Worker Total (ms): Min: 18.7, Avg: 21.3, Max: 22.3, Diff: 3.5, Sum: 85.3]
      [GC Worker End (ms): Min: 31469426.8, Avg: 31469426.9, Max: 31469426.9, Diff: 0.1]
   [Code Root Fixup: 0.0 ms]
   [Code Root Purge: 0.0 ms]
   [Clear CT: 0.1 ms]
   [Other: 1.3 ms]
      [Choose CSet: 0.0 ms]
      [Ref Proc: 0.4 ms]
      [Ref Enq: 0.0 ms]
      [Redirty Cards: 0.1 ms]
      [Humongous Register: 0.3 ms]
      [Humongous Reclaim: 0.0 ms]
      [Free CSet: 0.1 ms]
   [Eden: 57.0M(45.0M)->0.0B(46.0M) Survivors: 6144.0K->5120.0K Heap: 256.1M(1024.0M)->199.2M(1024.0M)]
 [Times: user=0.06 sys=0.00, real=0.03 secs] 
2019-11-03T16:55:15.424+0800: 31480.458: [GC pause (G1 Evacuation Pause) (young), 0.0202965 secs]
   [Parallel Time: 19.4 ms, GC Workers: 4]
      [GC Worker Start (ms): Min: 31480458.6, Avg: 31480458.7, Max: 31480458.7, Diff: 0.0]
      [Ext Root Scanning (ms): Min: 0.8, Avg: 0.8, Max: 0.9, Diff: 0.1, Sum: 3.4]
      [Update RS (ms): Min: 1.4, Avg: 1.5, Max: 1.7, Diff: 0.3, Sum: 5.9]
         [Processed Buffers: Min: 1, Avg: 8.2, Max: 15, Diff: 14, Sum: 33]
      [Scan RS (ms): Min: 3.7, Avg: 3.8, Max: 4.0, Diff: 0.3, Sum: 15.4]
      [Code Root Scanning (ms): Min: 0.0, Avg: 0.0, Max: 0.0, Diff: 0.0, Sum: 0.0]
      [Object Copy (ms): Min: 13.0, Avg: 13.1, Max: 13.3, Diff: 0.3, Sum: 52.5]
      [Termination (ms): Min: 0.0, Avg: 0.0, Max: 0.0, Diff: 0.0, Sum: 0.0]
         [Termination Attempts: Min: 1, Avg: 1.0, Max: 1, Diff: 0, Sum: 4]
      [GC Worker Other (ms): Min: 0.0, Avg: 0.0, Max: 0.1, Diff: 0.0, Sum: 0.2]
      [GC Worker Total (ms): Min: 19.3, Avg: 19.3, Max: 19.3, Diff: 0.0, Sum: 77.3]
      [GC Worker End (ms): Min: 31480478.0, Avg: 31480478.0, Max: 31480478.0, Diff: 0.0]
   [Code Root Fixup: 0.0 ms]
   [Code Root Purge: 0.0 ms]
   [Clear CT: 0.1 ms]
   [Other: 0.8 ms]
      [Choose CSet: 0.0 ms]
      [Ref Proc: 0.3 ms]
      [Ref Enq: 0.0 ms]
      [Redirty Cards: 0.1 ms]
      [Humongous Register: 0.0 ms]
      [Humongous Reclaim: 0.0 ms]
      [Free CSet: 0.1 ms]
   [Eden: 46.0M(46.0M)->0.0B(45.0M) Survivors: 5120.0K->6144.0K Heap: 245.2M(1024.0M)->200.2M(1024.0M)]
 [Times: user=0.06 sys=0.00, real=0.02 secs] 
2019-11-03T16:55:26.255+0800: 31491.289: [GC pause (G1 Evacuation Pause) (young), 0.0213041 secs]
   [Parallel Time: 20.6 ms, GC Workers: 4]
      [GC Worker Start (ms): Min: 31491289.4, Avg: 31491289.5, Max: 31491290.0, Diff: 0.6]
      [Ext Root Scanning (ms): Min: 0.3, Avg: 0.8, Max: 1.0, Diff: 0.7, Sum: 3.2]
      [Update RS (ms): Min: 2.7, Avg: 2.8, Max: 3.0, Diff: 0.3, Sum: 11.2]
         [Processed Buffers: Min: 3, Avg: 8.0, Max: 11, Diff: 8, Sum: 32]
      [Scan RS (ms): Min: 4.5, Avg: 4.7, Max: 4.9, Diff: 0.3, Sum: 18.9]
      [Code Root Scanning (ms): Min: 0.0, Avg: 0.0, Max: 0.0, Diff: 0.0, Sum: 0.0]
      [Object Copy (ms): Min: 11.7, Avg: 11.8, Max: 12.0, Diff: 0.3, Sum: 47.3]
      [Termination (ms): Min: 0.0, Avg: 0.2, Max: 0.3, Diff: 0.3, Sum: 0.7]
         [Termination Attempts: Min: 1, Avg: 1.0, Max: 1, Diff: 0, Sum: 4]
      [GC Worker Other (ms): Min: 0.0, Avg: 0.0, Max: 0.0, Diff: 0.0, Sum: 0.1]
      [GC Worker Total (ms): Min: 19.9, Avg: 20.3, Max: 20.5, Diff: 0.6, Sum: 81.3]
      [GC Worker End (ms): Min: 31491309.8, Avg: 31491309.9, Max: 31491309.9, Diff: 0.0]
   [Code Root Fixup: 0.0 ms]
   [Code Root Purge: 0.0 ms]
   [Clear CT: 0.1 ms]
   [Other: 0.6 ms]
      [Choose CSet: 0.0 ms]
      [Ref Proc: 0.1 ms]
      [Ref Enq: 0.0 ms]
      [Redirty Cards: 0.1 ms]
      [Humongous Register: 0.0 ms]
      [Humongous Reclaim: 0.0 ms]
      [Free CSet: 0.1 ms]
   [Eden: 45.0M(45.0M)->0.0B(46.0M) Survivors: 6144.0K->5120.0K Heap: 245.2M(1024.0M)->200.0M(1024.0M)]
 [Times: user=0.07 sys=0.01, real=0.02 secs] 
2019-11-03T16:55:37.361+0800: 31502.395: [GC pause (G1 Evacuation Pause) (young), 0.0187400 secs]
   [Parallel Time: 18.0 ms, GC Workers: 4]
      [GC Worker Start (ms): Min: 31502395.5, Avg: 31502395.5, Max: 31502395.5, Diff: 0.1]
      [Ext Root Scanning (ms): Min: 0.8, Avg: 0.9, Max: 1.2, Diff: 0.5, Sum: 3.6]
      [Update RS (ms): Min: 2.3, Avg: 2.7, Max: 2.9, Diff: 0.6, Sum: 10.7]
         [Processed Buffers: Min: 1, Avg: 8.0, Max: 14, Diff: 13, Sum: 32]
      [Scan RS (ms): Min: 6.5, Avg: 6.6, Max: 6.7, Diff: 0.2, Sum: 26.3]
      [Code Root Scanning (ms): Min: 0.0, Avg: 0.0, Max: 0.0, Diff: 0.0, Sum: 0.0]
      [Object Copy (ms): Min: 7.7, Avg: 7.7, Max: 7.7, Diff: 0.0, Sum: 30.7]
      [Termination (ms): Min: 0.0, Avg: 0.0, Max: 0.0, Diff: 0.0, Sum: 0.0]
         [Termination Attempts: Min: 1, Avg: 1.0, Max: 1, Diff: 0, Sum: 4]
      [GC Worker Other (ms): Min: 0.0, Avg: 0.1, Max: 0.1, Diff: 0.0, Sum: 0.3]
      [GC Worker Total (ms): Min: 17.9, Avg: 17.9, Max: 17.9, Diff: 0.1, Sum: 71.6]
      [GC Worker End (ms): Min: 31502413.4, Avg: 31502413.4, Max: 31502413.4, Diff: 0.0]
   [Code Root Fixup: 0.0 ms]
   [Code Root Purge: 0.0 ms]
   [Clear CT: 0.1 ms]
   [Other: 0.6 ms]
      [Choose CSet: 0.0 ms]
      [Ref Proc: 0.2 ms]
      [Ref Enq: 0.0 ms]
      [Redirty Cards: 0.1 ms]
      [Humongous Register: 0.0 ms]
      [Humongous Reclaim: 0.0 ms]
      [Free CSet: 0.1 ms]
   [Eden: 46.0M(46.0M)->0.0B(48.0M) Survivors: 5120.0K->5120.0K Heap: 246.0M(1024.0M)->200.0M(1024.0M)]
 [Times: user=0.07 sys=0.00, real=0.02 secs] 
2019-11-03T16:56:22.171+0800: 31547.203: [GC pause (G1 Evacuation Pause) (young), 0.0232132 secs]
   [Parallel Time: 21.9 ms, GC Workers: 4]
      [GC Worker Start (ms): Min: 31547203.3, Avg: 31547203.5, Max: 31547203.9, Diff: 0.5]
      [Ext Root Scanning (ms): Min: 0.2, Avg: 0.9, Max: 1.7, Diff: 1.4, Sum: 3.5]
      [Update RS (ms): Min: 0.6, Avg: 1.4, Max: 1.9, Diff: 1.3, Sum: 5.8]
         [Processed Buffers: Min: 5, Avg: 10.8, Max: 17, Diff: 12, Sum: 43]
      [Scan RS (ms): Min: 5.8, Avg: 6.0, Max: 6.2, Diff: 0.4, Sum: 24.1]
      [Code Root Scanning (ms): Min: 0.0, Avg: 0.0, Max: 0.0, Diff: 0.0, Sum: 0.0]
      [Object Copy (ms): Min: 12.7, Avg: 12.8, Max: 12.9, Diff: 0.2, Sum: 51.1]
      [Termination (ms): Min: 0.0, Avg: 0.3, Max: 0.6, Diff: 0.6, Sum: 1.2]
         [Termination Attempts: Min: 1, Avg: 1.0, Max: 1, Diff: 0, Sum: 4]
      [GC Worker Other (ms): Min: 0.0, Avg: 0.0, Max: 0.0, Diff: 0.0, Sum: 0.1]
      [GC Worker Total (ms): Min: 20.8, Avg: 21.4, Max: 21.8, Diff: 1.0, Sum: 85.7]
      [GC Worker End (ms): Min: 31547224.7, Avg: 31547224.9, Max: 31547225.2, Diff: 0.5]
   [Code Root Fixup: 0.0 ms]
   [Code Root Purge: 0.0 ms]
   [Clear CT: 0.1 ms]
   [Other: 1.2 ms]
      [Choose CSet: 0.0 ms]
      [Ref Proc: 0.7 ms]
      [Ref Enq: 0.0 ms]
      [Redirty Cards: 0.1 ms]
      [Humongous Register: 0.0 ms]
      [Humongous Reclaim: 0.0 ms]
      [Free CSet: 0.1 ms]
   [Eden: 46.0M(46.0M)->0.0B(45.0M) Survivors: 5120.0K->6144.0K Heap: 246.0M(1024.0M)->201.5M(1024.0M)]
 [Times: user=0.06 sys=0.01, real=0.02 secs] 
2019-11-03T16:56:32.898+0800: 31557.930: [GC pause (G1 Evacuation Pause) (young), 0.0292615 secs]
   [Parallel Time: 28.2 ms, GC Workers: 4]
      [GC Worker Start (ms): Min: 31557929.9, Avg: 31557933.0, Max: 31557940.2, Diff: 10.3]
      [Ext Root Scanning (ms): Min: 0.0, Avg: 0.7, Max: 1.6, Diff: 1.6, Sum: 2.8]
      [Update RS (ms): Min: 0.0, Avg: 3.0, Max: 6.4, Diff: 6.4, Sum: 12.1]
         [Processed Buffers: Min: 0, Avg: 8.5, Max: 17, Diff: 17, Sum: 34]
      [Scan RS (ms): Min: 3.0, Avg: 7.4, Max: 10.8, Diff: 7.8, Sum: 29.6]
      [Code Root Scanning (ms): Min: 0.0, Avg: 0.0, Max: 0.0, Diff: 0.0, Sum: 0.0]
      [Object Copy (ms): Min: 12.5, Avg: 13.6, Max: 14.6, Diff: 2.1, Sum: 54.3]
      [Termination (ms): Min: 0.0, Avg: 0.1, Max: 0.3, Diff: 0.3, Sum: 0.5]
         [Termination Attempts: Min: 1, Avg: 1.5, Max: 2, Diff: 1, Sum: 6]
      [GC Worker Other (ms): Min: 0.0, Avg: 0.0, Max: 0.0, Diff: 0.0, Sum: 0.1]
      [GC Worker Total (ms): Min: 17.8, Avg: 24.8, Max: 27.9, Diff: 10.1, Sum: 99.4]
      [GC Worker End (ms): Min: 31557957.8, Avg: 31557957.9, Max: 31557958.0, Diff: 0.2]
   [Code Root Fixup: 0.0 ms]
   [Code Root Purge: 0.0 ms]
   [Clear CT: 0.1 ms]
   [Other: 1.0 ms]
      [Choose CSet: 0.0 ms]
      [Ref Proc: 0.4 ms]
      [Ref Enq: 0.0 ms]
      [Redirty Cards: 0.1 ms]
      [Humongous Register: 0.0 ms]
      [Humongous Reclaim: 0.0 ms]
      [Free CSet: 0.1 ms]
   [Eden: 45.0M(45.0M)->0.0B(46.0M) Survivors: 6144.0K->5120.0K Heap: 246.5M(1024.0M)->202.2M(1024.0M)]
 [Times: user=0.07 sys=0.00, real=0.03 secs] 
2019-11-03T16:56:43.631+0800: 31568.662: [GC pause (G1 Evacuation Pause) (young), 0.0242355 secs]
   [Parallel Time: 23.5 ms, GC Workers: 4]
      [GC Worker Start (ms): Min: 31568662.6, Avg: 31568662.6, Max: 31568662.7, Diff: 0.1]
      [Ext Root Scanning (ms): Min: 1.6, Avg: 2.2, Max: 3.2, Diff: 1.6, Sum: 8.6]
      [Update RS (ms): Min: 1.6, Avg: 2.7, Max: 4.0, Diff: 2.4, Sum: 10.7]
         [Processed Buffers: Min: 4, Avg: 8.2, Max: 14, Diff: 10, Sum: 33]
      [Scan RS (ms): Min: 6.5, Avg: 7.9, Max: 8.8, Diff: 2.3, Sum: 31.8]
      [Code Root Scanning (ms): Min: 0.0, Avg: 0.0, Max: 0.0, Diff: 0.0, Sum: 0.0]
      [Object Copy (ms): Min: 10.4, Avg: 10.6, Max: 10.8, Diff: 0.4, Sum: 42.4]
      [Termination (ms): Min: 0.0, Avg: 0.0, Max: 0.0, Diff: 0.0, Sum: 0.0]
         [Termination Attempts: Min: 1, Avg: 1.0, Max: 1, Diff: 0, Sum: 4]
      [GC Worker Other (ms): Min: 0.0, Avg: 0.0, Max: 0.0, Diff: 0.0, Sum: 0.1]
      [GC Worker Total (ms): Min: 23.3, Avg: 23.4, Max: 23.4, Diff: 0.1, Sum: 93.5]
      [GC Worker End (ms): Min: 31568686.0, Avg: 31568686.0, Max: 31568686.0, Diff: 0.0]
   [Code Root Fixup: 0.0 ms]
   [Code Root Purge: 0.0 ms]
   [Clear CT: 0.1 ms]
   [Other: 0.6 ms]
      [Choose CSet: 0.0 ms]
      [Ref Proc: 0.1 ms]
      [Ref Enq: 0.0 ms]
      [Redirty Cards: 0.1 ms]
      [Humongous Register: 0.0 ms]
      [Humongous Reclaim: 0.0 ms]
      [Free CSet: 0.1 ms]
   [Eden: 46.0M(46.0M)->0.0B(45.0M) Survivors: 5120.0K->6144.0K Heap: 248.2M(1024.0M)->203.2M(1024.0M)]
 [Times: user=0.08 sys=0.00, real=0.02 secs] 
2019-11-03T16:56:53.999+0800: 31579.030: [GC pause (G1 Evacuation Pause) (young), 0.0256277 secs]
   [Parallel Time: 24.9 ms, GC Workers: 4]
      [GC Worker Start (ms): Min: 31579029.9, Avg: 31579029.9, Max: 31579030.0, Diff: 0.1]
      [Ext Root Scanning (ms): Min: 0.9, Avg: 1.1, Max: 1.2, Diff: 0.3, Sum: 4.2]
      [Update RS (ms): Min: 2.5, Avg: 3.5, Max: 6.3, Diff: 3.8, Sum: 14.1]
         [Processed Buffers: Min: 2, Avg: 7.5, Max: 20, Diff: 18, Sum: 30]
      [Scan RS (ms): Min: 4.0, Avg: 6.7, Max: 7.6, Diff: 3.7, Sum: 26.7]
      [Code Root Scanning (ms): Min: 0.0, Avg: 0.0, Max: 0.0, Diff: 0.0, Sum: 0.0]
      [Object Copy (ms): Min: 13.4, Avg: 13.4, Max: 13.5, Diff: 0.1, Sum: 53.7]
      [Termination (ms): Min: 0.0, Avg: 0.1, Max: 0.1, Diff: 0.1, Sum: 0.4]
         [Termination Attempts: Min: 1, Avg: 1.2, Max: 2, Diff: 1, Sum: 5]
      [GC Worker Other (ms): Min: 0.0, Avg: 0.0, Max: 0.0, Diff: 0.0, Sum: 0.1]
      [GC Worker Total (ms): Min: 24.7, Avg: 24.8, Max: 24.8, Diff: 0.1, Sum: 99.2]
      [GC Worker End (ms): Min: 31579054.7, Avg: 31579054.7, Max: 31579054.7, Diff: 0.0]
   [Code Root Fixup: 0.0 ms]
   [Code Root Purge: 0.0 ms]
   [Clear CT: 0.1 ms]
   [Other: 0.6 ms]
      [Choose CSet: 0.0 ms]
      [Ref Proc: 0.1 ms]
      [Ref Enq: 0.0 ms]
      [Redirty Cards: 0.1 ms]
      [Humongous Register: 0.1 ms]
      [Humongous Reclaim: 0.0 ms]
      [Free CSet: 0.1 ms]
   [Eden: 45.0M(45.0M)->0.0B(46.0M) Survivors: 6144.0K->5120.0K Heap: 248.2M(1024.0M)->203.4M(1024.0M)]
 [Times: user=0.07 sys=0.01, real=0.03 secs] 
2019-11-03T16:57:04.791+0800: 31589.821: [GC pause (G1 Evacuation Pause) (young), 0.0204008 secs]
   [Parallel Time: 19.7 ms, GC Workers: 4]
      [GC Worker Start (ms): Min: 31589821.6, Avg: 31589821.6, Max: 31589821.6, Diff: 0.1]
      [Ext Root Scanning (ms): Min: 0.9, Avg: 1.0, Max: 1.1, Diff: 0.1, Sum: 4.0]
      [Update RS (ms): Min: 2.5, Avg: 2.7, Max: 3.0, Diff: 0.6, Sum: 10.8]
         [Processed Buffers: Min: 6, Avg: 8.8, Max: 13, Diff: 7, Sum: 35]
      [Scan RS (ms): Min: 7.4, Avg: 7.9, Max: 8.3, Diff: 0.9, Sum: 31.4]
      [Code Root Scanning (ms): Min: 0.0, Avg: 0.0, Max: 0.0, Diff: 0.0, Sum: 0.0]
      [Object Copy (ms): Min: 7.7, Avg: 8.0, Max: 8.2, Diff: 0.5, Sum: 32.1]
      [Termination (ms): Min: 0.0, Avg: 0.0, Max: 0.0, Diff: 0.0, Sum: 0.0]
         [Termination Attempts: Min: 1, Avg: 1.0, Max: 1, Diff: 0, Sum: 4]
      [GC Worker Other (ms): Min: 0.0, Avg: 0.0, Max: 0.1, Diff: 0.0, Sum: 0.2]
      [GC Worker Total (ms): Min: 19.6, Avg: 19.6, Max: 19.6, Diff: 0.0, Sum: 78.4]
      [GC Worker End (ms): Min: 31589841.2, Avg: 31589841.2, Max: 31589841.2, Diff: 0.0]
   [Code Root Fixup: 0.0 ms]
   [Code Root Purge: 0.0 ms]
   [Clear CT: 0.1 ms]
   [Other: 0.6 ms]
      [Choose CSet: 0.0 ms]
      [Ref Proc: 0.1 ms]
      [Ref Enq: 0.0 ms]
      [Redirty Cards: 0.1 ms]
      [Humongous Register: 0.0 ms]
      [Humongous Reclaim: 0.0 ms]
      [Free CSet: 0.1 ms]
   [Eden: 46.0M(46.0M)->0.0B(46.0M) Survivors: 5120.0K->5120.0K Heap: 249.4M(1024.0M)->202.9M(1024.0M)]
 [Times: user=0.08 sys=0.00, real=0.02 secs] 
2019-11-03T16:57:15.369+0800: 31600.399: [GC pause (G1 Evacuation Pause) (young), 0.0212243 secs]
   [Parallel Time: 20.4 ms, GC Workers: 4]
      [GC Worker Start (ms): Min: 31600399.0, Avg: 31600399.5, Max: 31600400.3, Diff: 1.3]
      [Ext Root Scanning (ms): Min: 0.0, Avg: 0.8, Max: 1.3, Diff: 1.3, Sum: 3.2]
      [Update RS (ms): Min: 1.7, Avg: 2.1, Max: 2.9, Diff: 1.2, Sum: 8.6]
         [Processed Buffers: Min: 6, Avg: 8.2, Max: 11, Diff: 5, Sum: 33]
      [Scan RS (ms): Min: 6.6, Avg: 7.4, Max: 7.8, Diff: 1.2, Sum: 29.4]
      [Code Root Scanning (ms): Min: 0.0, Avg: 0.0, Max: 0.0, Diff: 0.0, Sum: 0.0]
      [Object Copy (ms): Min: 9.4, Avg: 9.5, Max: 9.6, Diff: 0.2, Sum: 38.2]
      [Termination (ms): Min: 0.0, Avg: 0.0, Max: 0.0, Diff: 0.0, Sum: 0.0]
         [Termination Attempts: Min: 1, Avg: 1.0, Max: 1, Diff: 0, Sum: 4]
      [GC Worker Other (ms): Min: 0.0, Avg: 0.0, Max: 0.1, Diff: 0.0, Sum: 0.1]
      [GC Worker Total (ms): Min: 19.1, Avg: 19.9, Max: 20.4, Diff: 1.3, Sum: 79.5]
      [GC Worker End (ms): Min: 31600419.4, Avg: 31600419.4, Max: 31600419.4, Diff: 0.0]
   [Code Root Fixup: 0.0 ms]
   [Code Root Purge: 0.0 ms]
   [Clear CT: 0.1 ms]
   [Other: 0.7 ms]
      [Choose CSet: 0.0 ms]
      [Ref Proc: 0.2 ms]
      [Ref Enq: 0.0 ms]
      [Redirty Cards: 0.1 ms]
      [Humongous Register: 0.0 ms]
      [Humongous Reclaim: 0.0 ms]
      [Free CSet: 0.1 ms]
   [Eden: 46.0M(46.0M)->0.0B(45.0M) Survivors: 5120.0K->6144.0K Heap: 248.9M(1024.0M)->204.4M(1024.0M)]
 [Times: user=0.08 sys=0.00, real=0.03 secs] 
2019-11-03T16:57:25.918+0800: 31610.948: [GC pause (G1 Evacuation Pause) (young), 0.0297831 secs]
   [Parallel Time: 28.8 ms, GC Workers: 4]
      [GC Worker Start (ms): Min: 31610948.2, Avg: 31610948.3, Max: 31610948.8, Diff: 0.6]
      [Ext Root Scanning (ms): Min: 0.1, Avg: 0.6, Max: 0.8, Diff: 0.7, Sum: 2.4]
      [Update RS (ms): Min: 1.6, Avg: 4.2, Max: 11.6, Diff: 10.1, Sum: 16.8]
         [Processed Buffers: Min: 5, Avg: 8.5, Max: 13, Diff: 8, Sum: 34]
      [Scan RS (ms): Min: 0.0, Avg: 5.2, Max: 7.0, Diff: 7.0, Sum: 20.6]
      [Code Root Scanning (ms): Min: 0.0, Avg: 0.0, Max: 0.0, Diff: 0.0, Sum: 0.0]
      [Object Copy (ms): Min: 13.5, Avg: 15.9, Max: 16.7, Diff: 3.2, Sum: 63.5]
      [Termination (ms): Min: 0.0, Avg: 2.0, Max: 2.7, Diff: 2.7, Sum: 8.1]
         [Termination Attempts: Min: 1, Avg: 1.5, Max: 3, Diff: 2, Sum: 6]
      [GC Worker Other (ms): Min: 0.0, Avg: 0.0, Max: 0.0, Diff: 0.0, Sum: 0.1]
      [GC Worker Total (ms): Min: 26.1, Avg: 27.9, Max: 28.7, Diff: 2.6, Sum: 111.4]
      [GC Worker End (ms): Min: 31610974.3, Avg: 31610976.2, Max: 31610976.9, Diff: 2.6]
   [Code Root Fixup: 0.0 ms]
   [Code Root Purge: 0.0 ms]
   [Clear CT: 0.1 ms]
   [Other: 0.9 ms]
      [Choose CSet: 0.0 ms]
      [Ref Proc: 0.2 ms]
      [Ref Enq: 0.0 ms]
      [Redirty Cards: 0.1 ms]
      [Humongous Register: 0.1 ms]
      [Humongous Reclaim: 0.0 ms]
      [Free CSet: 0.1 ms]
   [Eden: 45.0M(45.0M)->0.0B(46.0M) Survivors: 6144.0K->5120.0K Heap: 249.4M(1024.0M)->204.4M(1024.0M)]
 [Times: user=0.07 sys=0.00, real=0.03 secs] 
2019-11-03T16:57:36.756+0800: 31621.785: [GC pause (G1 Evacuation Pause) (young), 0.0190682 secs]
   [Parallel Time: 18.2 ms, GC Workers: 4]
      [GC Worker Start (ms): Min: 31621785.2, Avg: 31621785.4, Max: 31621785.5, Diff: 0.3]
      [Ext Root Scanning (ms): Min: 0.6, Avg: 0.8, Max: 0.9, Diff: 0.3, Sum: 3.1]
      [Update RS (ms): Min: 2.0, Avg: 2.3, Max: 2.5, Diff: 0.5, Sum: 9.1]
         [Processed Buffers: Min: 3, Avg: 8.8, Max: 16, Diff: 13, Sum: 35]
      [Scan RS (ms): Min: 7.3, Avg: 7.5, Max: 7.7, Diff: 0.4, Sum: 30.0]
      [Code Root Scanning (ms): Min: 0.0, Avg: 0.0, Max: 0.0, Diff: 0.0, Sum: 0.0]
      [Object Copy (ms): Min: 7.1, Avg: 7.4, Max: 7.5, Diff: 0.4, Sum: 29.6]
      [Termination (ms): Min: 0.0, Avg: 0.0, Max: 0.0, Diff: 0.0, Sum: 0.0]
         [Termination Attempts: Min: 1, Avg: 1.2, Max: 2, Diff: 1, Sum: 5]
      [GC Worker Other (ms): Min: 0.0, Avg: 0.0, Max: 0.1, Diff: 0.0, Sum: 0.2]
      [GC Worker Total (ms): Min: 17.9, Avg: 18.0, Max: 18.1, Diff: 0.2, Sum: 72.0]
      [GC Worker End (ms): Min: 31621803.3, Avg: 31621803.4, Max: 31621803.4, Diff: 0.0]
   [Code Root Fixup: 0.0 ms]
   [Code Root Purge: 0.0 ms]
   [Clear CT: 0.1 ms]
   [Other: 0.7 ms]
      [Choose CSet: 0.0 ms]
      [Ref Proc: 0.2 ms]
      [Ref Enq: 0.0 ms]
      [Redirty Cards: 0.1 ms]
      [Humongous Register: 0.0 ms]
      [Humongous Reclaim: 0.0 ms]
      [Free CSet: 0.1 ms]
   [Eden: 46.0M(46.0M)->0.0B(46.0M) Survivors: 5120.0K->5120.0K Heap: 250.4M(1024.0M)->204.4M(1024.0M)]
 [Times: user=0.07 sys=0.00, real=0.02 secs] 
2019-11-03T16:57:47.506+0800: 31632.534: [GC pause (G1 Evacuation Pause) (young), 0.0216827 secs]
   [Parallel Time: 21.0 ms, GC Workers: 4]
      [GC Worker Start (ms): Min: 31632534.5, Avg: 31632534.7, Max: 31632535.1, Diff: 0.5]
      [Ext Root Scanning (ms): Min: 1.4, Avg: 3.4, Max: 7.2, Diff: 5.9, Sum: 13.4]
      [Update RS (ms): Min: 0.0, Avg: 2.5, Max: 4.2, Diff: 4.2, Sum: 10.1]
         [Processed Buffers: Min: 0, Avg: 9.0, Max: 19, Diff: 19, Sum: 36]
      [Scan RS (ms): Min: 5.3, Avg: 6.4, Max: 7.0, Diff: 1.7, Sum: 25.5]
      [Code Root Scanning (ms): Min: 0.0, Avg: 0.0, Max: 0.0, Diff: 0.0, Sum: 0.0]
      [Object Copy (ms): Min: 8.4, Avg: 8.5, Max: 8.7, Diff: 0.4, Sum: 34.1]
      [Termination (ms): Min: 0.0, Avg: 0.0, Max: 0.0, Diff: 0.0, Sum: 0.0]
         [Termination Attempts: Min: 1, Avg: 1.0, Max: 1, Diff: 0, Sum: 4]
      [GC Worker Other (ms): Min: 0.0, Avg: 0.0, Max: 0.0, Diff: 0.0, Sum: 0.1]
      [GC Worker Total (ms): Min: 20.5, Avg: 20.8, Max: 21.0, Diff: 0.5, Sum: 83.3]
      [GC Worker End (ms): Min: 31632555.5, Avg: 31632555.5, Max: 31632555.5, Diff: 0.0]
   [Code Root Fixup: 0.0 ms]
   [Code Root Purge: 0.0 ms]
   [Clear CT: 0.1 ms]
   [Other: 0.5 ms]
      [Choose CSet: 0.0 ms]
      [Ref Proc: 0.1 ms]
      [Ref Enq: 0.0 ms]
      [Redirty Cards: 0.0 ms]
      [Humongous Register: 0.0 ms]
      [Humongous Reclaim: 0.0 ms]
      [Free CSet: 0.1 ms]
   [Eden: 46.0M(46.0M)->0.0B(46.0M) Survivors: 5120.0K->5120.0K Heap: 250.4M(1024.0M)->204.4M(1024.0M)]
 [Times: user=0.06 sys=0.00, real=0.02 secs] 
2019-11-03T16:57:58.248+0800: 31643.277: [GC pause (G1 Evacuation Pause) (young), 0.0191615 secs]
   [Parallel Time: 18.2 ms, GC Workers: 4]
      [GC Worker Start (ms): Min: 31643277.2, Avg: 31643277.5, Max: 31643277.9, Diff: 0.7]
      [Ext Root Scanning (ms): Min: 0.5, Avg: 1.0, Max: 1.4, Diff: 0.9, Sum: 4.0]
      [Update RS (ms): Min: 2.0, Avg: 2.2, Max: 2.5, Diff: 0.5, Sum: 8.9]
         [Processed Buffers: Min: 4, Avg: 8.0, Max: 14, Diff: 10, Sum: 32]
      [Scan RS (ms): Min: 5.2, Avg: 5.4, Max: 5.6, Diff: 0.3, Sum: 21.7]
      [Code Root Scanning (ms): Min: 0.0, Avg: 0.0, Max: 0.0, Diff: 0.0, Sum: 0.0]
      [Object Copy (ms): Min: 9.0, Avg: 9.1, Max: 9.4, Diff: 0.4, Sum: 36.6]
      [Termination (ms): Min: 0.0, Avg: 0.0, Max: 0.0, Diff: 0.0, Sum: 0.0]
         [Termination Attempts: Min: 1, Avg: 1.0, Max: 1, Diff: 0, Sum: 4]
      [GC Worker Other (ms): Min: 0.0, Avg: 0.0, Max: 0.0, Diff: 0.0, Sum: 0.2]
      [GC Worker Total (ms): Min: 17.4, Avg: 17.8, Max: 18.1, Diff: 0.7, Sum: 71.4]
      [GC Worker End (ms): Min: 31643295.3, Avg: 31643295.3, Max: 31643295.3, Diff: 0.0]
   [Code Root Fixup: 0.0 ms]
   [Code Root Purge: 0.0 ms]
   [Clear CT: 0.2 ms]
   [Other: 0.7 ms]
      [Choose CSet: 0.0 ms]
      [Ref Proc: 0.1 ms]
      [Ref Enq: 0.0 ms]
      [Redirty Cards: 0.1 ms]
      [Humongous Register: 0.1 ms]
      [Humongous Reclaim: 0.0 ms]
      [Free CSet: 0.1 ms]
   [Eden: 46.0M(46.0M)->0.0B(45.0M) Survivors: 5120.0K->6144.0K Heap: 250.4M(1024.0M)->205.9M(1024.0M)]
 [Times: user=0.07 sys=0.01, real=0.02 secs] 
2019-11-03T16:58:08.691+0800: 31653.719: [GC pause (G1 Evacuation Pause) (young), 0.0225037 secs]
   [Parallel Time: 21.8 ms, GC Workers: 4]
      [GC Worker Start (ms): Min: 31653719.2, Avg: 31653719.5, Max: 31653720.3, Diff: 1.2]
      [Ext Root Scanning (ms): Min: 0.0, Avg: 0.8, Max: 1.1, Diff: 1.1, Sum: 3.2]
      [Update RS (ms): Min: 1.9, Avg: 3.2, Max: 4.3, Diff: 2.4, Sum: 12.9]
         [Processed Buffers: Min: 0, Avg: 9.0, Max: 17, Diff: 17, Sum: 36]
      [Scan RS (ms): Min: 4.0, Avg: 4.9, Max: 5.6, Diff: 1.6, Sum: 19.5]
      [Code Root Scanning (ms): Min: 0.0, Avg: 0.0, Max: 0.0, Diff: 0.0, Sum: 0.0]
      [Object Copy (ms): Min: 12.1, Avg: 12.4, Max: 13.1, Diff: 1.0, Sum: 49.7]
      [Termination (ms): Min: 0.0, Avg: 0.0, Max: 0.0, Diff: 0.0, Sum: 0.0]
         [Termination Attempts: Min: 1, Avg: 2.2, Max: 4, Diff: 3, Sum: 9]
      [GC Worker Other (ms): Min: 0.0, Avg: 0.0, Max: 0.0, Diff: 0.0, Sum: 0.1]
      [GC Worker Total (ms): Min: 20.5, Avg: 21.4, Max: 21.7, Diff: 1.2, Sum: 85.4]
      [GC Worker End (ms): Min: 31653740.8, Avg: 31653740.8, Max: 31653740.8, Diff: 0.0]
   [Code Root Fixup: 0.0 ms]
   [Code Root Purge: 0.0 ms]
   [Clear CT: 0.1 ms]
   [Other: 0.6 ms]
      [Choose CSet: 0.0 ms]
      [Ref Proc: 0.2 ms]
      [Ref Enq: 0.0 ms]
      [Redirty Cards: 0.1 ms]
      [Humongous Register: 0.0 ms]
      [Humongous Reclaim: 0.0 ms]
      [Free CSet: 0.1 ms]
   [Eden: 45.0M(45.0M)->0.0B(46.0M) Survivors: 6144.0K->5120.0K Heap: 250.9M(1024.0M)->205.8M(1024.0M)]
 [Times: user=0.07 sys=0.00, real=0.02 secs] 
2019-11-03T16:58:19.489+0800: 31664.516: [GC pause (G1 Evacuation Pause) (young), 0.0151015 secs]
   [Parallel Time: 14.4 ms, GC Workers: 4]
      [GC Worker Start (ms): Min: 31664516.5, Avg: 31664516.5, Max: 31664516.5, Diff: 0.0]
      [Ext Root Scanning (ms): Min: 0.6, Avg: 0.6, Max: 0.7, Diff: 0.1, Sum: 2.5]
      [Update RS (ms): Min: 1.6, Avg: 1.9, Max: 2.1, Diff: 0.5, Sum: 7.5]
         [Processed Buffers: Min: 4, Avg: 8.5, Max: 13, Diff: 9, Sum: 34]
      [Scan RS (ms): Min: 3.9, Avg: 4.1, Max: 4.4, Diff: 0.5, Sum: 16.5]
      [Code Root Scanning (ms): Min: 0.0, Avg: 0.0, Max: 0.0, Diff: 0.0, Sum: 0.0]
      [Object Copy (ms): Min: 7.3, Avg: 7.5, Max: 7.6, Diff: 0.3, Sum: 30.0]
      [Termination (ms): Min: 0.0, Avg: 0.0, Max: 0.0, Diff: 0.0, Sum: 0.0]
         [Termination Attempts: Min: 1, Avg: 1.0, Max: 1, Diff: 0, Sum: 4]
      [GC Worker Other (ms): Min: 0.0, Avg: 0.1, Max: 0.3, Diff: 0.3, Sum: 0.5]
      [GC Worker Total (ms): Min: 14.2, Avg: 14.3, Max: 14.3, Diff: 0.1, Sum: 57.0]
      [GC Worker End (ms): Min: 31664530.8, Avg: 31664530.8, Max: 31664530.8, Diff: 0.0]
   [Code Root Fixup: 0.0 ms]
   [Code Root Purge: 0.0 ms]
   [Clear CT: 0.1 ms]
   [Other: 0.6 ms]
      [Choose CSet: 0.0 ms]
      [Ref Proc: 0.1 ms]
      [Ref Enq: 0.0 ms]
      [Redirty Cards: 0.0 ms]
      [Humongous Register: 0.0 ms]
      [Humongous Reclaim: 0.0 ms]
      [Free CSet: 0.1 ms]
   [Eden: 46.0M(46.0M)->0.0B(46.0M) Survivors: 5120.0K->5120.0K Heap: 251.8M(1024.0M)->205.3M(1024.0M)]
 [Times: user=0.05 sys=0.00, real=0.02 secs] 
2019-11-03T16:58:30.315+0800: 31675.342: [GC pause (G1 Evacuation Pause) (young), 0.0212810 secs]
   [Parallel Time: 20.6 ms, GC Workers: 4]
      [GC Worker Start (ms): Min: 31675341.9, Avg: 31675341.9, Max: 31675342.0, Diff: 0.1]
      [Ext Root Scanning (ms): Min: 0.7, Avg: 0.8, Max: 0.8, Diff: 0.1, Sum: 3.1]
      [Update RS (ms): Min: 2.5, Avg: 2.5, Max: 2.7, Diff: 0.2, Sum: 10.2]
         [Processed Buffers: Min: 1, Avg: 8.2, Max: 18, Diff: 17, Sum: 33]
      [Scan RS (ms): Min: 6.7, Avg: 6.8, Max: 6.9, Diff: 0.2, Sum: 27.2]
      [Code Root Scanning (ms): Min: 0.0, Avg: 0.0, Max: 0.0, Diff: 0.0, Sum: 0.0]
      [Object Copy (ms): Min: 10.3, Avg: 10.3, Max: 10.3, Diff: 0.1, Sum: 41.2]
      [Termination (ms): Min: 0.0, Avg: 0.0, Max: 0.0, Diff: 0.0, Sum: 0.0]
         [Termination Attempts: Min: 1, Avg: 1.0, Max: 1, Diff: 0, Sum: 4]
      [GC Worker Other (ms): Min: 0.0, Avg: 0.0, Max: 0.0, Diff: 0.0, Sum: 0.1]
      [GC Worker Total (ms): Min: 20.4, Avg: 20.5, Max: 20.5, Diff: 0.1, Sum: 81.8]
      [GC Worker End (ms): Min: 31675362.4, Avg: 31675362.4, Max: 31675362.4, Diff: 0.0]
   [Code Root Fixup: 0.0 ms]
   [Code Root Purge: 0.0 ms]
   [Clear CT: 0.1 ms]
   [Other: 0.6 ms]
      [Choose CSet: 0.0 ms]
      [Ref Proc: 0.1 ms]
      [Ref Enq: 0.0 ms]
      [Redirty Cards: 0.1 ms]
      [Humongous Register: 0.0 ms]
      [Humongous Reclaim: 0.0 ms]
      [Free CSet: 0.1 ms]
   [Eden: 46.0M(46.0M)->0.0B(44.0M) Survivors: 5120.0K->7168.0K Heap: 251.3M(1024.0M)->207.3M(1024.0M)]
 [Times: user=0.08 sys=0.00, real=0.02 secs] 
2019-11-03T16:58:40.697+0800: 31685.724: [GC pause (G1 Evacuation Pause) (young), 0.0217769 secs]
   [Parallel Time: 21.1 ms, GC Workers: 4]
      [GC Worker Start (ms): Min: 31685723.7, Avg: 31685724.0, Max: 31685724.4, Diff: 0.7]
      [Ext Root Scanning (ms): Min: 0.5, Avg: 0.9, Max: 1.2, Diff: 0.7, Sum: 3.6]
      [Update RS (ms): Min: 1.9, Avg: 2.0, Max: 2.2, Diff: 0.3, Sum: 8.0]
         [Processed Buffers: Min: 7, Avg: 9.2, Max: 13, Diff: 6, Sum: 37]
      [Scan RS (ms): Min: 6.6, Avg: 6.8, Max: 7.3, Diff: 0.7, Sum: 27.2]
      [Code Root Scanning (ms): Min: 0.0, Avg: 0.0, Max: 0.0, Diff: 0.0, Sum: 0.0]
      [Object Copy (ms): Min: 10.7, Avg: 11.0, Max: 11.1, Diff: 0.5, Sum: 44.0]
      [Termination (ms): Min: 0.0, Avg: 0.0, Max: 0.0, Diff: 0.0, Sum: 0.0]
         [Termination Attempts: Min: 1, Avg: 1.0, Max: 1, Diff: 0, Sum: 4]
      [GC Worker Other (ms): Min: 0.0, Avg: 0.0, Max: 0.1, Diff: 0.0, Sum: 0.2]
      [GC Worker Total (ms): Min: 20.4, Avg: 20.8, Max: 21.1, Diff: 0.7, Sum: 83.0]
      [GC Worker End (ms): Min: 31685744.8, Avg: 31685744.8, Max: 31685744.8, Diff: 0.0]
   [Code Root Fixup: 0.0 ms]
   [Code Root Purge: 0.0 ms]
   [Clear CT: 0.1 ms]
   [Other: 0.6 ms]
      [Choose CSet: 0.0 ms]
      [Ref Proc: 0.1 ms]
      [Ref Enq: 0.0 ms]
      [Redirty Cards: 0.1 ms]
      [Humongous Register: 0.0 ms]
      [Humongous Reclaim: 0.0 ms]
      [Free CSet: 0.1 ms]
   [Eden: 44.0M(44.0M)->0.0B(46.0M) Survivors: 7168.0K->5120.0K Heap: 251.3M(1024.0M)->206.7M(1024.0M)]
 [Times: user=0.08 sys=0.00, real=0.02 secs] 
2019-11-03T16:58:51.490+0800: 31696.517: [GC pause (G1 Evacuation Pause) (young), 0.0200110 secs]
   [Parallel Time: 19.3 ms, GC Workers: 4]
      [GC Worker Start (ms): Min: 31696516.9, Avg: 31696519.1, Max: 31696525.5, Diff: 8.6]
      [Ext Root Scanning (ms): Min: 0.0, Avg: 0.8, Max: 1.1, Diff: 1.1, Sum: 3.2]
      [Update RS (ms): Min: 0.0, Avg: 2.4, Max: 3.4, Diff: 3.4, Sum: 9.7]
         [Processed Buffers: Min: 0, Avg: 8.2, Max: 18, Diff: 18, Sum: 33]
      [Scan RS (ms): Min: 3.9, Avg: 7.0, Max: 8.3, Diff: 4.4, Sum: 28.0]
      [Code Root Scanning (ms): Min: 0.0, Avg: 0.0, Max: 0.0, Diff: 0.0, Sum: 0.0]
      [Object Copy (ms): Min: 6.7, Avg: 6.8, Max: 6.9, Diff: 0.2, Sum: 27.2]
      [Termination (ms): Min: 0.0, Avg: 0.0, Max: 0.0, Diff: 0.0, Sum: 0.0]
         [Termination Attempts: Min: 1, Avg: 1.5, Max: 2, Diff: 1, Sum: 6]
      [GC Worker Other (ms): Min: 0.0, Avg: 0.0, Max: 0.0, Diff: 0.0, Sum: 0.1]
      [GC Worker Total (ms): Min: 10.6, Avg: 17.0, Max: 19.2, Diff: 8.6, Sum: 68.2]
      [GC Worker End (ms): Min: 31696536.1, Avg: 31696536.1, Max: 31696536.1, Diff: 0.0]
   [Code Root Fixup: 0.0 ms]
   [Code Root Purge: 0.0 ms]
   [Clear CT: 0.1 ms]
   [Other: 0.6 ms]
      [Choose CSet: 0.0 ms]
      [Ref Proc: 0.1 ms]
      [Ref Enq: 0.0 ms]
      [Redirty Cards: 0.1 ms]
      [Humongous Register: 0.0 ms]
      [Humongous Reclaim: 0.0 ms]
      [Free CSet: 0.1 ms]
   [Eden: 46.0M(46.0M)->0.0B(46.0M) Survivors: 5120.0K->5120.0K Heap: 252.7M(1024.0M)->206.7M(1024.0M)]
 [Times: user=0.07 sys=0.00, real=0.02 secs] 
2019-11-03T16:59:02.396+0800: 31707.422: [GC pause (G1 Evacuation Pause) (young), 0.0162510 secs]
   [Parallel Time: 15.7 ms, GC Workers: 4]
      [GC Worker Start (ms): Min: 31707422.6, Avg: 31707423.5, Max: 31707426.0, Diff: 3.4]
      [Ext Root Scanning (ms): Min: 0.0, Avg: 0.8, Max: 1.0, Diff: 1.0, Sum: 3.1]
      [Update RS (ms): Min: 0.5, Avg: 2.2, Max: 2.9, Diff: 2.4, Sum: 8.6]
         [Processed Buffers: Min: 4, Avg: 7.5, Max: 11, Diff: 7, Sum: 30]
      [Scan RS (ms): Min: 4.7, Avg: 4.8, Max: 5.1, Diff: 0.4, Sum: 19.3]
      [Code Root Scanning (ms): Min: 0.0, Avg: 0.0, Max: 0.0, Diff: 0.0, Sum: 0.0]
      [Object Copy (ms): Min: 6.9, Avg: 6.9, Max: 6.9, Diff: 0.1, Sum: 27.6]
      [Termination (ms): Min: 0.0, Avg: 0.0, Max: 0.0, Diff: 0.0, Sum: 0.0]
         [Termination Attempts: Min: 1, Avg: 4.5, Max: 8, Diff: 7, Sum: 18]
      [GC Worker Other (ms): Min: 0.0, Avg: 0.0, Max: 0.1, Diff: 0.1, Sum: 0.2]
      [GC Worker Total (ms): Min: 12.1, Avg: 14.7, Max: 15.6, Diff: 3.5, Sum: 58.8]
      [GC Worker End (ms): Min: 31707438.2, Avg: 31707438.2, Max: 31707438.2, Diff: 0.1]
   [Code Root Fixup: 0.0 ms]
   [Code Root Purge: 0.0 ms]
   [Clear CT: 0.1 ms]
   [Other: 0.5 ms]
      [Choose CSet: 0.0 ms]
      [Ref Proc: 0.1 ms]
      [Ref Enq: 0.0 ms]
      [Redirty Cards: 0.1 ms]
      [Humongous Register: 0.0 ms]
      [Humongous Reclaim: 0.0 ms]
      [Free CSet: 0.1 ms]
   [Eden: 46.0M(46.0M)->0.0B(99.0M) Survivors: 5120.0K->5120.0K Heap: 252.7M(1024.0M)->206.7M(1024.0M)]
 [Times: user=0.06 sys=0.00, real=0.02 secs] 
2019-11-03T16:59:16.981+0800: 31722.006: [GC pause (G1 Evacuation Pause) (young), 0.0180091 secs]
   [Parallel Time: 17.2 ms, GC Workers: 4]
      [GC Worker Start (ms): Min: 31722006.5, Avg: 31722006.6, Max: 31722006.6, Diff: 0.0]
      [Ext Root Scanning (ms): Min: 0.8, Avg: 0.8, Max: 0.8, Diff: 0.1, Sum: 3.2]
      [Update RS (ms): Min: 1.7, Avg: 2.3, Max: 2.6, Diff: 0.8, Sum: 9.0]
         [Processed Buffers: Min: 5, Avg: 9.0, Max: 12, Diff: 7, Sum: 36]
      [Scan RS (ms): Min: 5.8, Avg: 6.2, Max: 6.7, Diff: 0.9, Sum: 24.7]
      [Code Root Scanning (ms): Min: 0.0, Avg: 0.0, Max: 0.0, Diff: 0.0, Sum: 0.0]
      [Object Copy (ms): Min: 7.7, Avg: 7.8, Max: 7.9, Diff: 0.1, Sum: 31.2]
      [Termination (ms): Min: 0.0, Avg: 0.0, Max: 0.0, Diff: 0.0, Sum: 0.0]
         [Termination Attempts: Min: 1, Avg: 1.0, Max: 1, Diff: 0, Sum: 4]
      [GC Worker Other (ms): Min: 0.0, Avg: 0.0, Max: 0.0, Diff: 0.0, Sum: 0.1]
      [GC Worker Total (ms): Min: 17.0, Avg: 17.1, Max: 17.1, Diff: 0.1, Sum: 68.3]
      [GC Worker End (ms): Min: 31722023.6, Avg: 31722023.6, Max: 31722023.7, Diff: 0.0]
   [Code Root Fixup: 0.0 ms]
   [Code Root Purge: 0.0 ms]
   [Clear CT: 0.1 ms]
   [Other: 0.7 ms]
      [Choose CSet: 0.0 ms]
      [Ref Proc: 0.2 ms]
      [Ref Enq: 0.0 ms]
      [Redirty Cards: 0.1 ms]
      [Humongous Register: 0.0 ms]
      [Humongous Reclaim: 0.0 ms]
      [Free CSet: 0.1 ms]
   [Eden: 62.0M(46.0M)->0.0B(126.0M) Survivors: 5120.0K->5120.0K Heap: 268.7M(1024.0M)->206.7M(1024.0M)]
 [Times: user=0.06 sys=0.00, real=0.01 secs] 
2019-11-03T16:59:39.406+0800: 31744.431: [GC pause (G1 Evacuation Pause) (young), 0.0222315 secs]
   [Parallel Time: 21.4 ms, GC Workers: 4]
      [GC Worker Start (ms): Min: 31744431.2, Avg: 31744431.8, Max: 31744432.7, Diff: 1.4]
      [Ext Root Scanning (ms): Min: 0.0, Avg: 0.8, Max: 1.3, Diff: 1.3, Sum: 3.3]
      [Update RS (ms): Min: 1.8, Avg: 2.3, Max: 2.7, Diff: 1.0, Sum: 9.0]
         [Processed Buffers: Min: 5, Avg: 9.5, Max: 15, Diff: 10, Sum: 38]
      [Scan RS (ms): Min: 6.5, Avg: 7.0, Max: 7.5, Diff: 1.0, Sum: 27.9]
      [Code Root Scanning (ms): Min: 0.0, Avg: 0.0, Max: 0.0, Diff: 0.0, Sum: 0.0]
      [Object Copy (ms): Min: 10.4, Avg: 10.7, Max: 11.1, Diff: 0.7, Sum: 42.9]
      [Termination (ms): Min: 0.0, Avg: 0.0, Max: 0.0, Diff: 0.0, Sum: 0.0]
         [Termination Attempts: Min: 1, Avg: 1.2, Max: 2, Diff: 1, Sum: 5]
      [GC Worker Other (ms): Min: 0.0, Avg: 0.0, Max: 0.0, Diff: 0.0, Sum: 0.1]
      [GC Worker Total (ms): Min: 19.9, Avg: 20.8, Max: 21.3, Diff: 1.4, Sum: 83.3]
      [GC Worker End (ms): Min: 31744452.6, Avg: 31744452.6, Max: 31744452.6, Diff: 0.0]
   [Code Root Fixup: 0.0 ms]
   [Code Root Purge: 0.0 ms]
   [Clear CT: 0.1 ms]
   [Other: 0.7 ms]
      [Choose CSet: 0.0 ms]
      [Ref Proc: 0.2 ms]
      [Ref Enq: 0.0 ms]
      [Redirty Cards: 0.1 ms]
      [Humongous Register: 0.0 ms]
      [Humongous Reclaim: 0.0 ms]
      [Free CSet: 0.1 ms]
   [Eden: 95.0M(46.0M)->0.0B(81.0M) Survivors: 5120.0K->7168.0K Heap: 301.7M(1024.0M)->208.7M(1024.0M)]
 [Times: user=0.08 sys=0.00, real=0.02 secs] 
2019-11-03T16:59:58.354+0800: 31763.377: [GC pause (G1 Evacuation Pause) (young), 0.0213442 secs]
   [Parallel Time: 20.6 ms, GC Workers: 4]
      [GC Worker Start (ms): Min: 31763377.6, Avg: 31763377.7, Max: 31763378.0, Diff: 0.4]
      [Ext Root Scanning (ms): Min: 0.5, Avg: 0.8, Max: 0.9, Diff: 0.4, Sum: 3.2]
      [Update RS (ms): Min: 1.8, Avg: 2.1, Max: 2.4, Diff: 0.7, Sum: 8.5]
         [Processed Buffers: Min: 6, Avg: 9.2, Max: 13, Diff: 7, Sum: 37]
      [Scan RS (ms): Min: 5.9, Avg: 6.3, Max: 6.7, Diff: 0.7, Sum: 25.1]
      [Code Root Scanning (ms): Min: 0.0, Avg: 0.0, Max: 0.0, Diff: 0.0, Sum: 0.0]
      [Object Copy (ms): Min: 11.1, Avg: 11.1, Max: 11.3, Diff: 0.2, Sum: 44.5]
      [Termination (ms): Min: 0.0, Avg: 0.0, Max: 0.0, Diff: 0.0, Sum: 0.0]
         [Termination Attempts: Min: 1, Avg: 1.0, Max: 1, Diff: 0, Sum: 4]
      [GC Worker Other (ms): Min: 0.0, Avg: 0.0, Max: 0.1, Diff: 0.0, Sum: 0.2]
      [GC Worker Total (ms): Min: 20.1, Avg: 20.4, Max: 20.5, Diff: 0.4, Sum: 81.5]
      [GC Worker End (ms): Min: 31763398.1, Avg: 31763398.1, Max: 31763398.1, Diff: 0.0]
   [Code Root Fixup: 0.0 ms]
   [Code Root Purge: 0.0 ms]
   [Clear CT: 0.1 ms]
   [Other: 0.6 ms]
      [Choose CSet: 0.0 ms]
      [Ref Proc: 0.1 ms]
      [Ref Enq: 0.0 ms]
      [Redirty Cards: 0.1 ms]
      [Humongous Register: 0.0 ms]
      [Humongous Reclaim: 0.0 ms]
      [Free CSet: 0.1 ms]
   [Eden: 81.0M(81.0M)->0.0B(67.0M) Survivors: 7168.0K->7168.0K Heap: 289.7M(1024.0M)->208.7M(1024.0M)]
 [Times: user=0.08 sys=0.01, real=0.02 secs] 
2019-11-03T17:00:13.873+0800: 31778.896: [GC pause (G1 Evacuation Pause) (young), 0.0230032 secs]
   [Parallel Time: 22.3 ms, GC Workers: 4]
      [GC Worker Start (ms): Min: 31778896.6, Avg: 31778896.6, Max: 31778896.6, Diff: 0.1]
      [Ext Root Scanning (ms): Min: 0.7, Avg: 0.8, Max: 0.8, Diff: 0.1, Sum: 3.1]
      [Update RS (ms): Min: 1.1, Avg: 2.7, Max: 3.6, Diff: 2.6, Sum: 11.0]
         [Processed Buffers: Min: 3, Avg: 8.0, Max: 14, Diff: 11, Sum: 32]
      [Scan RS (ms): Min: 5.1, Avg: 5.5, Max: 5.8, Diff: 0.7, Sum: 22.1]
      [Code Root Scanning (ms): Min: 0.0, Avg: 0.0, Max: 0.0, Diff: 0.0, Sum: 0.0]
      [Object Copy (ms): Min: 12.3, Avg: 12.9, Max: 14.4, Diff: 2.1, Sum: 51.8]
      [Termination (ms): Min: 0.0, Avg: 0.0, Max: 0.0, Diff: 0.0, Sum: 0.0]
         [Termination Attempts: Min: 1, Avg: 1.0, Max: 1, Diff: 0, Sum: 4]
      [GC Worker Other (ms): Min: 0.0, Avg: 0.0, Max: 0.0, Diff: 0.0, Sum: 0.1]
      [GC Worker Total (ms): Min: 22.0, Avg: 22.0, Max: 22.1, Diff: 0.0, Sum: 88.2]
      [GC Worker End (ms): Min: 31778918.6, Avg: 31778918.6, Max: 31778918.6, Diff: 0.0]
   [Code Root Fixup: 0.0 ms]
   [Code Root Purge: 0.0 ms]
   [Clear CT: 0.1 ms]
   [Other: 0.7 ms]
      [Choose CSet: 0.0 ms]
      [Ref Proc: 0.2 ms]
      [Ref Enq: 0.0 ms]
      [Redirty Cards: 0.1 ms]
      [Humongous Register: 0.0 ms]
      [Humongous Reclaim: 0.0 ms]
      [Free CSet: 0.1 ms]
   [Eden: 67.0M(67.0M)->0.0B(44.0M) Survivors: 7168.0K->7168.0K Heap: 275.7M(1024.0M)->209.2M(1024.0M)]
 [Times: user=0.08 sys=0.00, real=0.02 secs] 
2019-11-03T17:00:24.264+0800: 31789.287: [GC pause (G1 Evacuation Pause) (young), 0.0268266 secs]
   [Parallel Time: 26.1 ms, GC Workers: 4]
      [GC Worker Start (ms): Min: 31789287.1, Avg: 31789287.3, Max: 31789287.9, Diff: 0.8]
      [Ext Root Scanning (ms): Min: 0.3, Avg: 0.8, Max: 1.0, Diff: 0.8, Sum: 3.4]
      [Update RS (ms): Min: 2.2, Avg: 2.4, Max: 2.7, Diff: 0.5, Sum: 9.7]
         [Processed Buffers: Min: 4, Avg: 7.8, Max: 12, Diff: 8, Sum: 31]
      [Scan RS (ms): Min: 5.0, Avg: 5.5, Max: 6.5, Diff: 1.4, Sum: 22.1]
      [Code Root Scanning (ms): Min: 0.0, Avg: 0.0, Max: 0.0, Diff: 0.0, Sum: 0.0]
      [Object Copy (ms): Min: 16.2, Avg: 17.0, Max: 17.2, Diff: 1.0, Sum: 67.8]
      [Termination (ms): Min: 0.0, Avg: 0.0, Max: 0.0, Diff: 0.0, Sum: 0.0]
         [Termination Attempts: Min: 1, Avg: 1.0, Max: 1, Diff: 0, Sum: 4]
      [GC Worker Other (ms): Min: 0.0, Avg: 0.0, Max: 0.0, Diff: 0.0, Sum: 0.1]
      [GC Worker Total (ms): Min: 25.2, Avg: 25.8, Max: 26.0, Diff: 0.8, Sum: 103.1]
      [GC Worker End (ms): Min: 31789313.1, Avg: 31789313.1, Max: 31789313.1, Diff: 0.0]
   [Code Root Fixup: 0.0 ms]
   [Code Root Purge: 0.0 ms]
   [Clear CT: 0.1 ms]
   [Other: 0.7 ms]
      [Choose CSet: 0.0 ms]
      [Ref Proc: 0.2 ms]
      [Ref Enq: 0.0 ms]
      [Redirty Cards: 0.1 ms]
      [Humongous Register: 0.1 ms]
      [Humongous Reclaim: 0.0 ms]
      [Free CSet: 0.1 ms]
   [Eden: 44.0M(44.0M)->0.0B(46.0M) Survivors: 7168.0K->5120.0K Heap: 253.2M(1024.0M)->209.3M(1024.0M)]
 [Times: user=0.08 sys=0.01, real=0.03 secs] 
2019-11-03T17:00:35.103+0800: 31800.126: [GC pause (G1 Evacuation Pause) (young), 0.0180840 secs]
   [Parallel Time: 17.4 ms, GC Workers: 4]
      [GC Worker Start (ms): Min: 31800125.7, Avg: 31800125.8, Max: 31800125.8, Diff: 0.1]
      [Ext Root Scanning (ms): Min: 0.8, Avg: 0.8, Max: 0.9, Diff: 0.1, Sum: 3.2]
      [Update RS (ms): Min: 2.2, Avg: 2.8, Max: 4.1, Diff: 1.9, Sum: 11.3]
         [Processed Buffers: Min: 4, Avg: 8.5, Max: 15, Diff: 11, Sum: 34]
      [Scan RS (ms): Min: 4.6, Avg: 5.8, Max: 6.5, Diff: 1.9, Sum: 23.2]
      [Code Root Scanning (ms): Min: 0.0, Avg: 0.0, Max: 0.0, Diff: 0.0, Sum: 0.0]
      [Object Copy (ms): Min: 7.8, Avg: 7.8, Max: 7.8, Diff: 0.0, Sum: 31.1]
      [Termination (ms): Min: 0.0, Avg: 0.0, Max: 0.0, Diff: 0.0, Sum: 0.0]
         [Termination Attempts: Min: 1, Avg: 1.8, Max: 3, Diff: 2, Sum: 7]
      [GC Worker Other (ms): Min: 0.0, Avg: 0.0, Max: 0.1, Diff: 0.0, Sum: 0.2]
      [GC Worker Total (ms): Min: 17.3, Avg: 17.3, Max: 17.3, Diff: 0.1, Sum: 69.1]
      [GC Worker End (ms): Min: 31800143.0, Avg: 31800143.0, Max: 31800143.0, Diff: 0.0]
   [Code Root Fixup: 0.0 ms]
   [Code Root Purge: 0.0 ms]
   [Clear CT: 0.1 ms]
   [Other: 0.6 ms]
      [Choose CSet: 0.0 ms]
      [Ref Proc: 0.2 ms]
      [Ref Enq: 0.0 ms]
      [Redirty Cards: 0.1 ms]
      [Humongous Register: 0.0 ms]
      [Humongous Reclaim: 0.0 ms]
      [Free CSet: 0.1 ms]
   [Eden: 46.0M(46.0M)->0.0B(46.0M) Survivors: 5120.0K->5120.0K Heap: 255.3M(1024.0M)->209.3M(1024.0M)]
 [Times: user=0.06 sys=0.00, real=0.02 secs] 
2019-11-03T17:00:45.906+0800: 31810.928: [GC pause (G1 Evacuation Pause) (young), 0.0189968 secs]
   [Parallel Time: 17.9 ms, GC Workers: 4]
      [GC Worker Start (ms): Min: 31810927.8, Avg: 31810928.0, Max: 31810928.6, Diff: 0.9]
      [Ext Root Scanning (ms): Min: 0.2, Avg: 2.4, Max: 7.3, Diff: 7.1, Sum: 9.8]
      [Update RS (ms): Min: 0.0, Avg: 1.4, Max: 2.1, Diff: 2.1, Sum: 5.7]
         [Processed Buffers: Min: 0, Avg: 8.0, Max: 17, Diff: 17, Sum: 32]
      [Scan RS (ms): Min: 0.7, Avg: 3.9, Max: 5.3, Diff: 4.6, Sum: 15.4]
      [Code Root Scanning (ms): Min: 0.0, Avg: 0.0, Max: 0.0, Diff: 0.0, Sum: 0.0]
      [Object Copy (ms): Min: 9.7, Avg: 9.8, Max: 9.9, Diff: 0.2, Sum: 39.3]
      [Termination (ms): Min: 0.0, Avg: 0.0, Max: 0.0, Diff: 0.0, Sum: 0.0]
         [Termination Attempts: Min: 1, Avg: 2.0, Max: 4, Diff: 3, Sum: 8]
      [GC Worker Other (ms): Min: 0.0, Avg: 0.0, Max: 0.0, Diff: 0.0, Sum: 0.1]
      [GC Worker Total (ms): Min: 16.9, Avg: 17.6, Max: 17.8, Diff: 0.9, Sum: 70.3]
      [GC Worker End (ms): Min: 31810945.6, Avg: 31810945.6, Max: 31810945.6, Diff: 0.0]
   [Code Root Fixup: 0.0 ms]
   [Code Root Purge: 0.0 ms]
   [Clear CT: 0.1 ms]
   [Other: 1.0 ms]
      [Choose CSet: 0.0 ms]
      [Ref Proc: 0.5 ms]
      [Ref Enq: 0.0 ms]
      [Redirty Cards: 0.1 ms]
      [Humongous Register: 0.1 ms]
      [Humongous Reclaim: 0.0 ms]
      [Free CSet: 0.1 ms]
   [Eden: 46.0M(46.0M)->0.0B(45.0M) Survivors: 5120.0K->6144.0K Heap: 255.3M(1024.0M)->210.8M(1024.0M)]
 [Times: user=0.06 sys=0.00, real=0.02 secs] 
2019-11-03T17:00:56.430+0800: 31821.452: [GC pause (G1 Evacuation Pause) (young), 0.0270824 secs]
   [Parallel Time: 26.0 ms, GC Workers: 4]
      [GC Worker Start (ms): Min: 31821452.2, Avg: 31821453.1, Max: 31821455.3, Diff: 3.1]
      [Ext Root Scanning (ms): Min: 0.0, Avg: 0.5, Max: 0.7, Diff: 0.7, Sum: 2.0]
      [Update RS (ms): Min: 0.0, Avg: 1.9, Max: 2.6, Diff: 2.6, Sum: 7.5]
         [Processed Buffers: Min: 2, Avg: 8.5, Max: 17, Diff: 15, Sum: 34]
      [Scan RS (ms): Min: 3.5, Avg: 4.7, Max: 7.7, Diff: 4.1, Sum: 18.7]
      [Code Root Scanning (ms): Min: 0.0, Avg: 0.0, Max: 0.0, Diff: 0.0, Sum: 0.0]
      [Object Copy (ms): Min: 15.0, Avg: 17.9, Max: 18.9, Diff: 3.9, Sum: 71.7]
      [Termination (ms): Min: 0.0, Avg: 0.1, Max: 0.2, Diff: 0.2, Sum: 0.5]
         [Termination Attempts: Min: 1, Avg: 1.0, Max: 1, Diff: 0, Sum: 4]
      [GC Worker Other (ms): Min: 0.0, Avg: 0.0, Max: 0.0, Diff: 0.0, Sum: 0.1]
      [GC Worker Total (ms): Min: 22.9, Avg: 25.1, Max: 25.9, Diff: 3.0, Sum: 100.4]
      [GC Worker End (ms): Min: 31821478.1, Avg: 31821478.2, Max: 31821478.2, Diff: 0.1]
   [Code Root Fixup: 0.0 ms]
   [Code Root Purge: 0.0 ms]
   [Clear CT: 0.1 ms]
   [Other: 0.9 ms]
      [Choose CSet: 0.0 ms]
      [Ref Proc: 0.4 ms]
      [Ref Enq: 0.0 ms]
      [Redirty Cards: 0.1 ms]
      [Humongous Register: 0.1 ms]
      [Humongous Reclaim: 0.0 ms]
      [Free CSet: 0.1 ms]
   [Eden: 45.0M(45.0M)->0.0B(46.0M) Survivors: 6144.0K->5120.0K Heap: 255.8M(1024.0M)->210.7M(1024.0M)]
 [Times: user=0.06 sys=0.00, real=0.02 secs] 
2019-11-03T17:01:07.146+0800: 31832.168: [GC pause (G1 Evacuation Pause) (young), 0.0164429 secs]
   [Parallel Time: 15.6 ms, GC Workers: 4]
      [GC Worker Start (ms): Min: 31832167.8, Avg: 31832167.8, Max: 31832167.8, Diff: 0.1]
      [Ext Root Scanning (ms): Min: 0.7, Avg: 0.8, Max: 0.8, Diff: 0.1, Sum: 3.2]
      [Update RS (ms): Min: 3.0, Avg: 3.1, Max: 3.5, Diff: 0.6, Sum: 12.5]
         [Processed Buffers: Min: 2, Avg: 9.0, Max: 17, Diff: 15, Sum: 36]
      [Scan RS (ms): Min: 4.8, Avg: 5.1, Max: 5.3, Diff: 0.5, Sum: 20.6]
      [Code Root Scanning (ms): Min: 0.0, Avg: 0.0, Max: 0.0, Diff: 0.0, Sum: 0.0]
      [Object Copy (ms): Min: 6.4, Avg: 6.4, Max: 6.4, Diff: 0.1, Sum: 25.7]
      [Termination (ms): Min: 0.0, Avg: 0.0, Max: 0.0, Diff: 0.0, Sum: 0.0]
         [Termination Attempts: Min: 1, Avg: 1.0, Max: 1, Diff: 0, Sum: 4]
      [GC Worker Other (ms): Min: 0.0, Avg: 0.0, Max: 0.0, Diff: 0.0, Sum: 0.1]
      [GC Worker Total (ms): Min: 15.5, Avg: 15.5, Max: 15.6, Diff: 0.1, Sum: 62.0]
      [GC Worker End (ms): Min: 31832183.3, Avg: 31832183.3, Max: 31832183.3, Diff: 0.0]
   [Code Root Fixup: 0.0 ms]
   [Code Root Purge: 0.0 ms]
   [Clear CT: 0.1 ms]
   [Other: 0.8 ms]
      [Choose CSet: 0.0 ms]
      [Ref Proc: 0.3 ms]
      [Ref Enq: 0.0 ms]
      [Redirty Cards: 0.1 ms]
      [Humongous Register: 0.0 ms]
      [Humongous Reclaim: 0.0 ms]
      [Free CSet: 0.1 ms]
   [Eden: 46.0M(46.0M)->0.0B(46.0M) Survivors: 5120.0K->5120.0K Heap: 256.7M(1024.0M)->210.7M(1024.0M)]
 [Times: user=0.06 sys=0.00, real=0.02 secs] 
2019-11-03T17:01:17.999+0800: 31843.020: [GC pause (G1 Evacuation Pause) (young), 0.0210946 secs]
   [Parallel Time: 20.4 ms, GC Workers: 4]
      [GC Worker Start (ms): Min: 31843020.4, Avg: 31843020.5, Max: 31843020.5, Diff: 0.1]
      [Ext Root Scanning (ms): Min: 0.7, Avg: 0.8, Max: 0.8, Diff: 0.1, Sum: 3.1]
      [Update RS (ms): Min: 4.1, Avg: 4.3, Max: 4.7, Diff: 0.6, Sum: 17.4]
         [Processed Buffers: Min: 0, Avg: 8.5, Max: 15, Diff: 15, Sum: 34]
      [Scan RS (ms): Min: 5.4, Avg: 6.5, Max: 7.5, Diff: 2.1, Sum: 26.0]
      [Code Root Scanning (ms): Min: 0.0, Avg: 0.0, Max: 0.0, Diff: 0.0, Sum: 0.0]
      [Object Copy (ms): Min: 7.6, Avg: 8.6, Max: 9.5, Diff: 1.9, Sum: 34.6]
      [Termination (ms): Min: 0.0, Avg: 0.0, Max: 0.0, Diff: 0.0, Sum: 0.0]
         [Termination Attempts: Min: 1, Avg: 1.5, Max: 2, Diff: 1, Sum: 6]
      [GC Worker Other (ms): Min: 0.0, Avg: 0.0, Max: 0.1, Diff: 0.0, Sum: 0.2]
      [GC Worker Total (ms): Min: 20.3, Avg: 20.3, Max: 20.3, Diff: 0.1, Sum: 81.3]
      [GC Worker End (ms): Min: 31843040.8, Avg: 31843040.8, Max: 31843040.8, Diff: 0.0]
   [Code Root Fixup: 0.0 ms]
   [Code Root Purge: 0.0 ms]
   [Clear CT: 0.1 ms]
   [Other: 0.5 ms]
      [Choose CSet: 0.0 ms]
      [Ref Proc: 0.1 ms]
      [Ref Enq: 0.0 ms]
      [Redirty Cards: 0.1 ms]
      [Humongous Register: 0.0 ms]
      [Humongous Reclaim: 0.0 ms]
      [Free CSet: 0.1 ms]
   [Eden: 46.0M(46.0M)->0.0B(46.0M) Survivors: 5120.0K->5120.0K Heap: 256.7M(1024.0M)->210.7M(1024.0M)]
 [Times: user=0.06 sys=0.00, real=0.03 secs] 
2019-11-03T17:01:28.820+0800: 31853.840: [GC pause (G1 Evacuation Pause) (young), 0.0182426 secs]
   [Parallel Time: 17.5 ms, GC Workers: 4]
      [GC Worker Start (ms): Min: 31853840.3, Avg: 31853840.6, Max: 31853841.6, Diff: 1.3]
      [Ext Root Scanning (ms): Min: 0.0, Avg: 0.8, Max: 1.0, Diff: 1.0, Sum: 3.0]
      [Update RS (ms): Min: 2.0, Avg: 2.3, Max: 2.6, Diff: 0.6, Sum: 9.2]
         [Processed Buffers: Min: 4, Avg: 7.8, Max: 13, Diff: 9, Sum: 31]
      [Scan RS (ms): Min: 4.8, Avg: 5.1, Max: 5.3, Diff: 0.5, Sum: 20.2]
      [Code Root Scanning (ms): Min: 0.0, Avg: 0.0, Max: 0.0, Diff: 0.0, Sum: 0.0]
      [Object Copy (ms): Min: 8.9, Avg: 9.0, Max: 9.0, Diff: 0.2, Sum: 35.8]
      [Termination (ms): Min: 0.0, Avg: 0.0, Max: 0.0, Diff: 0.0, Sum: 0.0]
         [Termination Attempts: Min: 1, Avg: 1.0, Max: 1, Diff: 0, Sum: 4]
      [GC Worker Other (ms): Min: 0.0, Avg: 0.0, Max: 0.1, Diff: 0.0, Sum: 0.2]
      [GC Worker Total (ms): Min: 16.2, Avg: 17.1, Max: 17.5, Diff: 1.3, Sum: 68.5]
      [GC Worker End (ms): Min: 31853857.7, Avg: 31853857.7, Max: 31853857.8, Diff: 0.0]
   [Code Root Fixup: 0.0 ms]
   [Code Root Purge: 0.0 ms]
   [Clear CT: 0.1 ms]
   [Other: 0.6 ms]
      [Choose CSet: 0.0 ms]
      [Ref Proc: 0.2 ms]
      [Ref Enq: 0.0 ms]
      [Redirty Cards: 0.1 ms]
      [Humongous Register: 0.0 ms]
      [Humongous Reclaim: 0.0 ms]
      [Free CSet: 0.1 ms]
   [Eden: 46.0M(46.0M)->0.0B(45.0M) Survivors: 5120.0K->6144.0K Heap: 256.7M(1024.0M)->212.2M(1024.0M)]
 [Times: user=0.07 sys=0.00, real=0.01 secs] 
2019-11-03T17:01:39.402+0800: 31864.422: [GC pause (G1 Evacuation Pause) (young), 0.0210343 secs]
   [Parallel Time: 20.3 ms, GC Workers: 4]
      [GC Worker Start (ms): Min: 31864422.3, Avg: 31864422.4, Max: 31864422.4, Diff: 0.1]
      [Ext Root Scanning (ms): Min: 0.7, Avg: 0.8, Max: 0.8, Diff: 0.1, Sum: 3.1]
      [Update RS (ms): Min: 3.0, Avg: 3.2, Max: 3.4, Diff: 0.4, Sum: 12.7]
         [Processed Buffers: Min: 3, Avg: 9.2, Max: 14, Diff: 11, Sum: 37]
      [Scan RS (ms): Min: 4.9, Avg: 5.2, Max: 5.3, Diff: 0.5, Sum: 20.6]
      [Code Root Scanning (ms): Min: 0.0, Avg: 0.0, Max: 0.0, Diff: 0.0, Sum: 0.0]
      [Object Copy (ms): Min: 10.9, Avg: 11.0, Max: 11.0, Diff: 0.1, Sum: 44.0]
      [Termination (ms): Min: 0.0, Avg: 0.0, Max: 0.0, Diff: 0.0, Sum: 0.0]
         [Termination Attempts: Min: 1, Avg: 1.0, Max: 1, Diff: 0, Sum: 4]
      [GC Worker Other (ms): Min: 0.0, Avg: 0.0, Max: 0.1, Diff: 0.0, Sum: 0.2]
      [GC Worker Total (ms): Min: 20.1, Avg: 20.2, Max: 20.2, Diff: 0.0, Sum: 80.7]
      [GC Worker End (ms): Min: 31864442.5, Avg: 31864442.5, Max: 31864442.5, Diff: 0.0]
   [Code Root Fixup: 0.0 ms]
   [Code Root Purge: 0.0 ms]
   [Clear CT: 0.1 ms]
   [Other: 0.7 ms]
      [Choose CSet: 0.0 ms]
      [Ref Proc: 0.2 ms]
      [Ref Enq: 0.0 ms]
      [Redirty Cards: 0.1 ms]
      [Humongous Register: 0.0 ms]
      [Humongous Reclaim: 0.0 ms]
      [Free CSet: 0.1 ms]
   [Eden: 45.0M(45.0M)->0.0B(46.0M) Survivors: 6144.0K->5120.0K Heap: 257.2M(1024.0M)->211.7M(1024.0M)]
 [Times: user=0.07 sys=0.00, real=0.02 secs] 
2019-11-03T17:01:50.338+0800: 31875.357: [GC pause (G1 Evacuation Pause) (young), 0.0184766 secs]
   [Parallel Time: 17.7 ms, GC Workers: 4]
      [GC Worker Start (ms): Min: 31875357.8, Avg: 31875358.3, Max: 31875358.7, Diff: 1.0]
      [Ext Root Scanning (ms): Min: 0.5, Avg: 0.9, Max: 1.4, Diff: 0.9, Sum: 3.7]
      [Update RS (ms): Min: 2.3, Avg: 2.5, Max: 2.7, Diff: 0.5, Sum: 10.1]
         [Processed Buffers: Min: 3, Avg: 9.0, Max: 19, Diff: 16, Sum: 36]
      [Scan RS (ms): Min: 6.1, Avg: 6.3, Max: 6.6, Diff: 0.5, Sum: 25.4]
      [Code Root Scanning (ms): Min: 0.0, Avg: 0.0, Max: 0.0, Diff: 0.0, Sum: 0.0]
      [Object Copy (ms): Min: 7.2, Avg: 7.3, Max: 7.3, Diff: 0.1, Sum: 29.1]
      [Termination (ms): Min: 0.0, Avg: 0.0, Max: 0.0, Diff: 0.0, Sum: 0.0]
         [Termination Attempts: Min: 1, Avg: 1.0, Max: 1, Diff: 0, Sum: 4]
      [GC Worker Other (ms): Min: 0.0, Avg: 0.0, Max: 0.0, Diff: 0.0, Sum: 0.1]
      [GC Worker Total (ms): Min: 16.6, Avg: 17.1, Max: 17.6, Diff: 1.0, Sum: 68.4]
      [GC Worker End (ms): Min: 31875375.4, Avg: 31875375.4, Max: 31875375.4, Diff: 0.0]
   [Code Root Fixup: 0.0 ms]
   [Code Root Purge: 0.0 ms]
   [Clear CT: 0.1 ms]
   [Other: 0.7 ms]
      [Choose CSet: 0.0 ms]
      [Ref Proc: 0.1 ms]
      [Ref Enq: 0.0 ms]
      [Redirty Cards: 0.1 ms]
      [Humongous Register: 0.1 ms]
      [Humongous Reclaim: 0.0 ms]
      [Free CSet: 0.1 ms]
   [Eden: 46.0M(46.0M)->0.0B(46.0M) Survivors: 5120.0K->5120.0K Heap: 257.7M(1024.0M)->211.7M(1024.0M)]
 [Times: user=0.07 sys=0.00, real=0.02 secs] 
2019-11-03T17:02:01.164+0800: 31886.184: [GC pause (G1 Evacuation Pause) (young), 0.0197568 secs]
   [Parallel Time: 18.6 ms, GC Workers: 4]
      [GC Worker Start (ms): Min: 31886183.7, Avg: 31886185.8, Max: 31886190.6, Diff: 6.8]
      [Ext Root Scanning (ms): Min: 0.0, Avg: 0.5, Max: 1.1, Diff: 1.0, Sum: 2.0]
      [Update RS (ms): Min: 0.0, Avg: 1.9, Max: 3.1, Diff: 3.1, Sum: 7.5]
         [Processed Buffers: Min: 0, Avg: 7.8, Max: 13, Diff: 13, Sum: 31]
      [Scan RS (ms): Min: 1.6, Avg: 4.0, Max: 6.3, Diff: 4.7, Sum: 16.2]
      [Code Root Scanning (ms): Min: 0.0, Avg: 0.0, Max: 0.0, Diff: 0.0, Sum: 0.0]
      [Object Copy (ms): Min: 8.1, Avg: 10.0, Max: 11.7, Diff: 3.6, Sum: 39.8]
      [Termination (ms): Min: 0.0, Avg: 0.1, Max: 0.2, Diff: 0.2, Sum: 0.3]
         [Termination Attempts: Min: 1, Avg: 1.0, Max: 1, Diff: 0, Sum: 4]
      [GC Worker Other (ms): Min: 0.0, Avg: 0.0, Max: 0.0, Diff: 0.0, Sum: 0.1]
      [GC Worker Total (ms): Min: 11.7, Avg: 16.5, Max: 18.6, Diff: 6.9, Sum: 65.9]
      [GC Worker End (ms): Min: 31886202.3, Avg: 31886202.3, Max: 31886202.3, Diff: 0.1]
   [Code Root Fixup: 0.0 ms]
   [Code Root Purge: 0.0 ms]
   [Clear CT: 0.3 ms]
   [Other: 0.8 ms]
      [Choose CSet: 0.0 ms]
      [Ref Proc: 0.3 ms]
      [Ref Enq: 0.0 ms]
      [Redirty Cards: 0.1 ms]
      [Humongous Register: 0.1 ms]
      [Humongous Reclaim: 0.0 ms]
      [Free CSet: 0.1 ms]
   [Eden: 46.0M(46.0M)->0.0B(46.0M) Survivors: 5120.0K->5120.0K Heap: 257.7M(1024.0M)->211.7M(1024.0M)]
 [Times: user=0.05 sys=0.00, real=0.02 secs] 
2019-11-03T17:02:11.926+0800: 31896.945: [GC pause (G1 Evacuation Pause) (young), 0.0181250 secs]
   [Parallel Time: 17.3 ms, GC Workers: 4]
      [GC Worker Start (ms): Min: 31896945.1, Avg: 31896945.2, Max: 31896945.3, Diff: 0.2]
      [Ext Root Scanning (ms): Min: 0.7, Avg: 0.8, Max: 0.9, Diff: 0.2, Sum: 3.2]
      [Update RS (ms): Min: 2.1, Avg: 2.5, Max: 2.8, Diff: 0.6, Sum: 10.1]
         [Processed Buffers: Min: 1, Avg: 8.5, Max: 13, Diff: 12, Sum: 34]
      [Scan RS (ms): Min: 4.5, Avg: 4.8, Max: 5.2, Diff: 0.7, Sum: 19.2]
      [Code Root Scanning (ms): Min: 0.0, Avg: 0.0, Max: 0.0, Diff: 0.0, Sum: 0.0]
      [Object Copy (ms): Min: 9.0, Avg: 9.1, Max: 9.1, Diff: 0.1, Sum: 36.2]
      [Termination (ms): Min: 0.0, Avg: 0.0, Max: 0.0, Diff: 0.0, Sum: 0.0]
         [Termination Attempts: Min: 1, Avg: 2.0, Max: 3, Diff: 2, Sum: 8]
      [GC Worker Other (ms): Min: 0.0, Avg: 0.0, Max: 0.1, Diff: 0.0, Sum: 0.2]
      [GC Worker Total (ms): Min: 17.1, Avg: 17.2, Max: 17.3, Diff: 0.2, Sum: 68.9]
      [GC Worker End (ms): Min: 31896962.4, Avg: 31896962.4, Max: 31896962.4, Diff: 0.0]
   [Code Root Fixup: 0.0 ms]
   [Code Root Purge: 0.0 ms]
   [Clear CT: 0.1 ms]
   [Other: 0.7 ms]
      [Choose CSet: 0.0 ms]
      [Ref Proc: 0.2 ms]
      [Ref Enq: 0.0 ms]
      [Redirty Cards: 0.1 ms]
      [Humongous Register: 0.1 ms]
      [Humongous Reclaim: 0.0 ms]
      [Free CSet: 0.1 ms]
   [Eden: 46.0M(46.0M)->0.0B(65.0M) Survivors: 5120.0K->7168.0K Heap: 257.7M(1024.0M)->213.7M(1024.0M)]
 [Times: user=0.07 sys=0.00, real=0.02 secs] 
2019-11-03T17:02:23.802+0800: 31908.820: [GC pause (G1 Evacuation Pause) (young), 0.0211013 secs]
   [Parallel Time: 20.4 ms, GC Workers: 4]
      [GC Worker Start (ms): Min: 31908820.7, Avg: 31908820.7, Max: 31908820.8, Diff: 0.1]
      [Ext Root Scanning (ms): Min: 1.1, Avg: 1.2, Max: 1.2, Diff: 0.1, Sum: 4.6]
      [Update RS (ms): Min: 2.0, Avg: 2.1, Max: 2.4, Diff: 0.5, Sum: 8.5]
         [Processed Buffers: Min: 5, Avg: 8.2, Max: 11, Diff: 6, Sum: 33]
      [Scan RS (ms): Min: 4.9, Avg: 5.3, Max: 5.5, Diff: 0.6, Sum: 21.1]
      [Code Root Scanning (ms): Min: 0.0, Avg: 0.0, Max: 0.0, Diff: 0.0, Sum: 0.0]
      [Object Copy (ms): Min: 11.5, Avg: 11.7, Max: 12.1, Diff: 0.6, Sum: 46.8]
      [Termination (ms): Min: 0.0, Avg: 0.0, Max: 0.0, Diff: 0.0, Sum: 0.0]
         [Termination Attempts: Min: 1, Avg: 1.0, Max: 1, Diff: 0, Sum: 4]
      [GC Worker Other (ms): Min: 0.0, Avg: 0.0, Max: 0.1, Diff: 0.0, Sum: 0.2]
      [GC Worker Total (ms): Min: 20.3, Avg: 20.3, Max: 20.3, Diff: 0.1, Sum: 81.2]
      [GC Worker End (ms): Min: 31908841.0, Avg: 31908841.0, Max: 31908841.0, Diff: 0.0]
   [Code Root Fixup: 0.0 ms]
   [Code Root Purge: 0.0 ms]
   [Clear CT: 0.1 ms]
   [Other: 0.6 ms]
      [Choose CSet: 0.0 ms]
      [Ref Proc: 0.1 ms]
      [Ref Enq: 0.0 ms]
      [Redirty Cards: 0.1 ms]
      [Humongous Register: 0.1 ms]
      [Humongous Reclaim: 0.0 ms]
      [Free CSet: 0.1 ms]
   [Eden: 51.0M(44.0M)->0.0B(77.0M) Survivors: 7168.0K->5120.0K Heap: 264.7M(1024.0M)->212.9M(1024.0M)]
 [Times: user=0.06 sys=0.01, real=0.02 secs] 
2019-11-03T17:02:34.825+0800: 31919.843: [GC pause (G1 Evacuation Pause) (young), 0.0192443 secs]
   [Parallel Time: 18.4 ms, GC Workers: 4]
      [GC Worker Start (ms): Min: 31919843.4, Avg: 31919843.5, Max: 31919843.9, Diff: 0.5]
      [Ext Root Scanning (ms): Min: 0.5, Avg: 0.8, Max: 1.0, Diff: 0.5, Sum: 3.4]
      [Update RS (ms): Min: 1.5, Avg: 1.7, Max: 1.9, Diff: 0.3, Sum: 6.8]
         [Processed Buffers: Min: 5, Avg: 8.8, Max: 13, Diff: 8, Sum: 35]
      [Scan RS (ms): Min: 6.8, Avg: 6.9, Max: 7.1, Diff: 0.3, Sum: 27.6]
      [Code Root Scanning (ms): Min: 0.0, Avg: 0.0, Max: 0.0, Diff: 0.0, Sum: 0.0]
      [Object Copy (ms): Min: 8.6, Avg: 8.7, Max: 8.8, Diff: 0.2, Sum: 34.9]
      [Termination (ms): Min: 0.0, Avg: 0.0, Max: 0.0, Diff: 0.0, Sum: 0.0]
         [Termination Attempts: Min: 1, Avg: 1.0, Max: 1, Diff: 0, Sum: 4]
      [GC Worker Other (ms): Min: 0.0, Avg: 0.0, Max: 0.1, Diff: 0.1, Sum: 0.2]
      [GC Worker Total (ms): Min: 17.8, Avg: 18.2, Max: 18.4, Diff: 0.6, Sum: 72.9]
      [GC Worker End (ms): Min: 31919861.7, Avg: 31919861.7, Max: 31919861.7, Diff: 0.1]
   [Code Root Fixup: 0.0 ms]
   [Code Root Purge: 0.0 ms]
   [Clear CT: 0.1 ms]
   [Other: 0.7 ms]
      [Choose CSet: 0.0 ms]
      [Ref Proc: 0.2 ms]
      [Ref Enq: 0.0 ms]
      [Redirty Cards: 0.1 ms]
      [Humongous Register: 0.0 ms]
      [Humongous Reclaim: 0.0 ms]
      [Free CSet: 0.1 ms]
   [Eden: 47.0M(46.0M)->0.0B(45.0M) Survivors: 5120.0K->6144.0K Heap: 259.9M(1024.0M)->213.9M(1024.0M)]
 [Times: user=0.07 sys=0.00, real=0.02 secs] 
2019-11-03T17:02:45.365+0800: 31930.383: [GC pause (G1 Evacuation Pause) (young), 0.0195880 secs]
   [Parallel Time: 18.8 ms, GC Workers: 4]
      [GC Worker Start (ms): Min: 31930383.1, Avg: 31930383.2, Max: 31930383.2, Diff: 0.1]
      [Ext Root Scanning (ms): Min: 0.9, Avg: 1.0, Max: 1.1, Diff: 0.2, Sum: 3.8]
      [Update RS (ms): Min: 2.5, Avg: 2.8, Max: 3.1, Diff: 0.6, Sum: 11.3]
         [Processed Buffers: Min: 1, Avg: 6.8, Max: 14, Diff: 13, Sum: 27]
      [Scan RS (ms): Min: 5.2, Avg: 5.4, Max: 5.9, Diff: 0.7, Sum: 21.7]
      [Code Root Scanning (ms): Min: 0.0, Avg: 0.0, Max: 0.0, Diff: 0.0, Sum: 0.0]
      [Object Copy (ms): Min: 9.3, Avg: 9.5, Max: 9.6, Diff: 0.3, Sum: 37.8]
      [Termination (ms): Min: 0.0, Avg: 0.0, Max: 0.0, Diff: 0.0, Sum: 0.0]
         [Termination Attempts: Min: 1, Avg: 1.0, Max: 1, Diff: 0, Sum: 4]
      [GC Worker Other (ms): Min: 0.0, Avg: 0.0, Max: 0.1, Diff: 0.0, Sum: 0.2]
      [GC Worker Total (ms): Min: 18.7, Avg: 18.7, Max: 18.7, Diff: 0.1, Sum: 74.8]
      [GC Worker End (ms): Min: 31930401.8, Avg: 31930401.9, Max: 31930401.9, Diff: 0.0]
   [Code Root Fixup: 0.0 ms]
   [Code Root Purge: 0.0 ms]
   [Clear CT: 0.1 ms]
   [Other: 0.7 ms]
      [Choose CSet: 0.0 ms]
      [Ref Proc: 0.2 ms]
      [Ref Enq: 0.0 ms]
      [Redirty Cards: 0.1 ms]
      [Humongous Register: 0.0 ms]
      [Humongous Reclaim: 0.0 ms]
      [Free CSet: 0.1 ms]
   [Eden: 45.0M(45.0M)->0.0B(46.0M) Survivors: 6144.0K->5120.0K Heap: 258.9M(1024.0M)->213.6M(1024.0M)]
 [Times: user=0.07 sys=0.00, real=0.02 secs] 
2019-11-03T17:02:56.241+0800: 31941.258: [GC pause (G1 Evacuation Pause) (young), 0.0174896 secs]
   [Parallel Time: 16.9 ms, GC Workers: 4]
      [GC Worker Start (ms): Min: 31941257.9, Avg: 31941258.2, Max: 31941259.3, Diff: 1.4]
      [Ext Root Scanning (ms): Min: 0.0, Avg: 0.8, Max: 1.0, Diff: 1.0, Sum: 3.1]
      [Update RS (ms): Min: 1.8, Avg: 2.3, Max: 2.7, Diff: 0.9, Sum: 9.2]
         [Processed Buffers: Min: 5, Avg: 8.5, Max: 15, Diff: 10, Sum: 34]
      [Scan RS (ms): Min: 5.6, Avg: 6.0, Max: 6.6, Diff: 0.9, Sum: 23.8]
      [Code Root Scanning (ms): Min: 0.0, Avg: 0.0, Max: 0.0, Diff: 0.0, Sum: 0.0]
      [Object Copy (ms): Min: 7.2, Avg: 7.3, Max: 7.4, Diff: 0.2, Sum: 29.1]
      [Termination (ms): Min: 0.0, Avg: 0.0, Max: 0.0, Diff: 0.0, Sum: 0.0]
         [Termination Attempts: Min: 1, Avg: 1.0, Max: 1, Diff: 0, Sum: 4]
      [GC Worker Other (ms): Min: 0.0, Avg: 0.1, Max: 0.1, Diff: 0.1, Sum: 0.3]
      [GC Worker Total (ms): Min: 15.3, Avg: 16.4, Max: 16.8, Diff: 1.4, Sum: 65.5]
      [GC Worker End (ms): Min: 31941274.6, Avg: 31941274.6, Max: 31941274.7, Diff: 0.1]
   [Code Root Fixup: 0.0 ms]
   [Code Root Purge: 0.0 ms]
   [Clear CT: 0.1 ms]
   [Other: 0.6 ms]
      [Choose CSet: 0.0 ms]
      [Ref Proc: 0.1 ms]
      [Ref Enq: 0.0 ms]
      [Redirty Cards: 0.0 ms]
      [Humongous Register: 0.0 ms]
      [Humongous Reclaim: 0.0 ms]
      [Free CSet: 0.1 ms]
   [Eden: 46.0M(46.0M)->0.0B(89.0M) Survivors: 5120.0K->5120.0K Heap: 259.6M(1024.0M)->213.6M(1024.0M)]
 [Times: user=0.06 sys=0.00, real=0.01 secs] 
2019-11-03T17:03:14.688+0800: 31959.704: [GC pause (G1 Evacuation Pause) (young), 0.0175711 secs]
   [Parallel Time: 16.7 ms, GC Workers: 4]
      [GC Worker Start (ms): Min: 31959704.4, Avg: 31959704.5, Max: 31959704.9, Diff: 0.5]
      [Ext Root Scanning (ms): Min: 0.4, Avg: 0.8, Max: 0.9, Diff: 0.5, Sum: 3.1]
      [Update RS (ms): Min: 1.5, Avg: 1.8, Max: 2.2, Diff: 0.7, Sum: 7.2]
         [Processed Buffers: Min: 6, Avg: 9.2, Max: 11, Diff: 5, Sum: 37]
      [Scan RS (ms): Min: 4.5, Avg: 4.8, Max: 5.1, Diff: 0.6, Sum: 19.2]
      [Code Root Scanning (ms): Min: 0.0, Avg: 0.0, Max: 0.0, Diff: 0.0, Sum: 0.0]
      [Object Copy (ms): Min: 9.0, Avg: 9.0, Max: 9.0, Diff: 0.0, Sum: 36.1]
      [Termination (ms): Min: 0.0, Avg: 0.0, Max: 0.0, Diff: 0.0, Sum: 0.0]
         [Termination Attempts: Min: 1, Avg: 1.0, Max: 1, Diff: 0, Sum: 4]
      [GC Worker Other (ms): Min: 0.0, Avg: 0.0, Max: 0.1, Diff: 0.0, Sum: 0.2]
      [GC Worker Total (ms): Min: 16.1, Avg: 16.4, Max: 16.6, Diff: 0.5, Sum: 65.8]
      [GC Worker End (ms): Min: 31959720.9, Avg: 31959720.9, Max: 31959721.0, Diff: 0.0]
   [Code Root Fixup: 0.0 ms]
   [Code Root Purge: 0.0 ms]
   [Clear CT: 0.1 ms]
   [Other: 0.8 ms]
      [Choose CSet: 0.0 ms]
      [Ref Proc: 0.2 ms]
      [Ref Enq: 0.0 ms]
      [Redirty Cards: 0.1 ms]
      [Humongous Register: 0.0 ms]
      [Humongous Reclaim: 0.0 ms]
      [Free CSet: 0.1 ms]
   [Eden: 79.0M(46.0M)->0.0B(127.0M) Survivors: 5120.0K->6144.0K Heap: 292.6M(1024.0M)->215.1M(1024.0M)]
 [Times: user=0.06 sys=0.00, real=0.02 secs] 
2019-11-03T17:03:44.686+0800: 31989.701: [GC pause (G1 Evacuation Pause) (young), 0.0201989 secs]
   [Parallel Time: 19.4 ms, GC Workers: 4]
      [GC Worker Start (ms): Min: 31989700.9, Avg: 31989701.0, Max: 31989701.0, Diff: 0.1]
      [Ext Root Scanning (ms): Min: 0.8, Avg: 0.8, Max: 0.9, Diff: 0.1, Sum: 3.3]
      [Update RS (ms): Min: 3.3, Avg: 3.7, Max: 3.9, Diff: 0.5, Sum: 14.7]
         [Processed Buffers: Min: 2, Avg: 8.8, Max: 16, Diff: 14, Sum: 35]
      [Scan RS (ms): Min: 5.1, Avg: 5.3, Max: 5.7, Diff: 0.5, Sum: 21.3]
      [Code Root Scanning (ms): Min: 0.0, Avg: 0.0, Max: 0.0, Diff: 0.0, Sum: 0.0]
      [Object Copy (ms): Min: 9.4, Avg: 9.4, Max: 9.5, Diff: 0.1, Sum: 37.7]
      [Termination (ms): Min: 0.0, Avg: 0.0, Max: 0.0, Diff: 0.0, Sum: 0.0]
         [Termination Attempts: Min: 1, Avg: 2.8, Max: 4, Diff: 3, Sum: 11]
      [GC Worker Other (ms): Min: 0.0, Avg: 0.0, Max: 0.0, Diff: 0.0, Sum: 0.1]
      [GC Worker Total (ms): Min: 19.2, Avg: 19.3, Max: 19.3, Diff: 0.1, Sum: 77.2]
      [GC Worker End (ms): Min: 31989720.3, Avg: 31989720.3, Max: 31989720.3, Diff: 0.0]
   [Code Root Fixup: 0.0 ms]
   [Code Root Purge: 0.0 ms]
   [Clear CT: 0.1 ms]
   [Other: 0.7 ms]
      [Choose CSet: 0.0 ms]
      [Ref Proc: 0.1 ms]
      [Ref Enq: 0.0 ms]
      [Redirty Cards: 0.2 ms]
      [Humongous Register: 0.1 ms]
      [Humongous Reclaim: 0.0 ms]
      [Free CSet: 0.1 ms]
   [Eden: 127.0M(127.0M)->0.0B(129.0M) Survivors: 6144.0K->7168.0K Heap: 342.1M(1024.0M)->215.6M(1024.0M)]
 [Times: user=0.08 sys=0.00, real=0.02 secs] 
2019-11-03T17:04:14.784+0800: 32019.798: [GC pause (G1 Evacuation Pause) (young), 0.0224456 secs]
   [Parallel Time: 21.8 ms, GC Workers: 4]
      [GC Worker Start (ms): Min: 32019798.6, Avg: 32019798.7, Max: 32019798.7, Diff: 0.1]
      [Ext Root Scanning (ms): Min: 0.8, Avg: 0.8, Max: 0.9, Diff: 0.1, Sum: 3.3]
      [Update RS (ms): Min: 2.0, Avg: 2.2, Max: 2.7, Diff: 0.7, Sum: 8.9]
         [Processed Buffers: Min: 5, Avg: 9.2, Max: 13, Diff: 8, Sum: 37]
      [Scan RS (ms): Min: 5.9, Avg: 6.3, Max: 6.5, Diff: 0.6, Sum: 25.2]
      [Code Root Scanning (ms): Min: 0.0, Avg: 0.0, Max: 0.0, Diff: 0.0, Sum: 0.0]
      [Object Copy (ms): Min: 12.2, Avg: 12.3, Max: 12.4, Diff: 0.1, Sum: 49.2]
      [Termination (ms): Min: 0.0, Avg: 0.0, Max: 0.0, Diff: 0.0, Sum: 0.0]
         [Termination Attempts: Min: 1, Avg: 1.0, Max: 1, Diff: 0, Sum: 4]
      [GC Worker Other (ms): Min: 0.0, Avg: 0.0, Max: 0.1, Diff: 0.0, Sum: 0.2]
      [GC Worker Total (ms): Min: 21.7, Avg: 21.7, Max: 21.7, Diff: 0.1, Sum: 86.8]
      [GC Worker End (ms): Min: 32019820.3, Avg: 32019820.4, Max: 32019820.4, Diff: 0.0]
   [Code Root Fixup: 0.0 ms]
   [Code Root Purge: 0.0 ms]
   [Clear CT: 0.1 ms]
   [Other: 0.6 ms]
      [Choose CSet: 0.0 ms]
      [Ref Proc: 0.1 ms]
      [Ref Enq: 0.0 ms]
      [Redirty Cards: 0.1 ms]
      [Humongous Register: 0.0 ms]
      [Humongous Reclaim: 0.0 ms]
      [Free CSet: 0.1 ms]
   [Eden: 129.0M(129.0M)->0.0B(71.0M) Survivors: 7168.0K->7168.0K Heap: 344.6M(1024.0M)->215.6M(1024.0M)]
 [Times: user=0.08 sys=0.00, real=0.02 secs] 
2019-11-03T17:04:31.302+0800: 32036.315: [GC pause (G1 Evacuation Pause) (young), 0.0219390 secs]
   [Parallel Time: 21.2 ms, GC Workers: 4]
      [GC Worker Start (ms): Min: 32036315.6, Avg: 32036315.8, Max: 32036316.6, Diff: 1.0]
      [Ext Root Scanning (ms): Min: 0.1, Avg: 0.8, Max: 1.1, Diff: 1.0, Sum: 3.2]
      [Update RS (ms): Min: 2.3, Avg: 2.5, Max: 2.8, Diff: 0.5, Sum: 10.1]
         [Processed Buffers: Min: 5, Avg: 8.0, Max: 15, Diff: 10, Sum: 32]
      [Scan RS (ms): Min: 4.4, Avg: 4.8, Max: 5.1, Diff: 0.7, Sum: 19.3]
      [Code Root Scanning (ms): Min: 0.0, Avg: 0.0, Max: 0.0, Diff: 0.0, Sum: 0.0]
      [Object Copy (ms): Min: 12.6, Avg: 12.7, Max: 12.8, Diff: 0.2, Sum: 50.9]
      [Termination (ms): Min: 0.0, Avg: 0.0, Max: 0.0, Diff: 0.0, Sum: 0.0]
         [Termination Attempts: Min: 1, Avg: 1.0, Max: 1, Diff: 0, Sum: 4]
      [GC Worker Other (ms): Min: 0.0, Avg: 0.0, Max: 0.1, Diff: 0.0, Sum: 0.2]
      [GC Worker Total (ms): Min: 20.2, Avg: 20.9, Max: 21.2, Diff: 1.0, Sum: 83.7]
      [GC Worker End (ms): Min: 32036336.7, Avg: 32036336.8, Max: 32036336.8, Diff: 0.0]
   [Code Root Fixup: 0.0 ms]
   [Code Root Purge: 0.0 ms]
   [Clear CT: 0.1 ms]
   [Other: 0.6 ms]
      [Choose CSet: 0.0 ms]
      [Ref Proc: 0.1 ms]
      [Ref Enq: 0.0 ms]
      [Redirty Cards: 0.1 ms]
      [Humongous Register: 0.0 ms]
      [Humongous Reclaim: 0.0 ms]
      [Free CSet: 0.1 ms]
   [Eden: 71.0M(71.0M)->0.0B(44.0M) Survivors: 7168.0K->7168.0K Heap: 286.6M(1024.0M)->216.2M(1024.0M)]
 [Times: user=0.09 sys=0.00, real=0.02 secs] 
2019-11-03T17:04:41.634+0800: 32046.647: [GC pause (G1 Evacuation Pause) (young), 0.0244707 secs]
   [Parallel Time: 23.8 ms, GC Workers: 4]
      [GC Worker Start (ms): Min: 32046646.8, Avg: 32046646.9, Max: 32046646.9, Diff: 0.1]
      [Ext Root Scanning (ms): Min: 0.7, Avg: 0.8, Max: 0.8, Diff: 0.1, Sum: 3.1]
      [Update RS (ms): Min: 2.3, Avg: 2.5, Max: 2.8, Diff: 0.5, Sum: 10.0]
         [Processed Buffers: Min: 6, Avg: 8.0, Max: 12, Diff: 6, Sum: 32]
      [Scan RS (ms): Min: 5.6, Avg: 5.9, Max: 6.1, Diff: 0.5, Sum: 23.4]
      [Code Root Scanning (ms): Min: 0.0, Avg: 0.0, Max: 0.0, Diff: 0.0, Sum: 0.0]
      [Object Copy (ms): Min: 14.4, Avg: 14.5, Max: 14.6, Diff: 0.2, Sum: 58.1]
      [Termination (ms): Min: 0.0, Avg: 0.0, Max: 0.0, Diff: 0.0, Sum: 0.0]
         [Termination Attempts: Min: 1, Avg: 1.0, Max: 1, Diff: 0, Sum: 4]
      [GC Worker Other (ms): Min: 0.0, Avg: 0.0, Max: 0.1, Diff: 0.0, Sum: 0.2]
      [GC Worker Total (ms): Min: 23.7, Avg: 23.7, Max: 23.7, Diff: 0.0, Sum: 94.8]
      [GC Worker End (ms): Min: 32046670.6, Avg: 32046670.6, Max: 32046670.6, Diff: 0.0]
   [Code Root Fixup: 0.0 ms]
   [Code Root Purge: 0.0 ms]
   [Clear CT: 0.1 ms]
   [Other: 0.6 ms]
      [Choose CSet: 0.0 ms]
      [Ref Proc: 0.1 ms]
      [Ref Enq: 0.0 ms]
      [Redirty Cards: 0.1 ms]
      [Humongous Register: 0.0 ms]
      [Humongous Reclaim: 0.0 ms]
      [Free CSet: 0.1 ms]
   [Eden: 44.0M(44.0M)->0.0B(45.0M) Survivors: 7168.0K->6144.0K Heap: 260.2M(1024.0M)->217.8M(1024.0M)]
 [Times: user=0.09 sys=0.00, real=0.02 secs] 
2019-11-03T17:04:52.183+0800: 32057.196: [GC pause (G1 Evacuation Pause) (young), 0.0186177 secs]
   [Parallel Time: 17.9 ms, GC Workers: 4]
      [GC Worker Start (ms): Min: 32057195.9, Avg: 32057195.9, Max: 32057196.0, Diff: 0.1]
      [Ext Root Scanning (ms): Min: 0.8, Avg: 0.8, Max: 0.8, Diff: 0.0, Sum: 3.2]
      [Update RS (ms): Min: 1.9, Avg: 2.2, Max: 2.4, Diff: 0.5, Sum: 8.9]
         [Processed Buffers: Min: 6, Avg: 8.2, Max: 13, Diff: 7, Sum: 33]
      [Scan RS (ms): Min: 5.0, Avg: 5.3, Max: 5.5, Diff: 0.5, Sum: 21.0]
      [Code Root Scanning (ms): Min: 0.0, Avg: 0.0, Max: 0.0, Diff: 0.0, Sum: 0.0]
      [Object Copy (ms): Min: 9.4, Avg: 9.5, Max: 9.6, Diff: 0.2, Sum: 38.0]
      [Termination (ms): Min: 0.0, Avg: 0.0, Max: 0.0, Diff: 0.0, Sum: 0.0]
         [Termination Attempts: Min: 1, Avg: 1.0, Max: 1, Diff: 0, Sum: 4]
      [GC Worker Other (ms): Min: 0.0, Avg: 0.1, Max: 0.1, Diff: 0.1, Sum: 0.2]
      [GC Worker Total (ms): Min: 17.8, Avg: 17.8, Max: 17.9, Diff: 0.1, Sum: 71.3]
      [GC Worker End (ms): Min: 32057213.7, Avg: 32057213.7, Max: 32057213.8, Diff: 0.1]
   [Code Root Fixup: 0.0 ms]
   [Code Root Purge: 0.0 ms]
   [Clear CT: 0.1 ms]
   [Other: 0.6 ms]
      [Choose CSet: 0.0 ms]
      [Ref Proc: 0.1 ms]
      [Ref Enq: 0.0 ms]
      [Redirty Cards: 0.1 ms]
      [Humongous Register: 0.0 ms]
      [Humongous Reclaim: 0.0 ms]
      [Free CSet: 0.1 ms]
   [Eden: 45.0M(45.0M)->0.0B(92.0M) Survivors: 6144.0K->5120.0K Heap: 262.8M(1024.0M)->218.2M(1024.0M)]
 [Times: user=0.07 sys=0.01, real=0.02 secs] 
2019-11-03T17:05:02.899+0800: 32067.911: [GC pause (G1 Evacuation Pause) (young), 0.0179459 secs]
   [Parallel Time: 17.3 ms, GC Workers: 4]
      [GC Worker Start (ms): Min: 32067911.3, Avg: 32067911.4, Max: 32067911.4, Diff: 0.1]
      [Ext Root Scanning (ms): Min: 0.8, Avg: 0.8, Max: 0.8, Diff: 0.1, Sum: 3.2]
      [Update RS (ms): Min: 2.1, Avg: 2.4, Max: 2.8, Diff: 0.7, Sum: 9.5]
         [Processed Buffers: Min: 3, Avg: 8.2, Max: 15, Diff: 12, Sum: 33]
      [Scan RS (ms): Min: 6.0, Avg: 6.4, Max: 6.7, Diff: 0.7, Sum: 25.7]
      [Code Root Scanning (ms): Min: 0.0, Avg: 0.0, Max: 0.0, Diff: 0.0, Sum: 0.0]
      [Object Copy (ms): Min: 7.5, Avg: 7.5, Max: 7.6, Diff: 0.1, Sum: 30.1]
      [Termination (ms): Min: 0.0, Avg: 0.0, Max: 0.0, Diff: 0.0, Sum: 0.0]
         [Termination Attempts: Min: 1, Avg: 1.0, Max: 1, Diff: 0, Sum: 4]
      [GC Worker Other (ms): Min: 0.0, Avg: 0.1, Max: 0.1, Diff: 0.0, Sum: 0.2]
      [GC Worker Total (ms): Min: 17.1, Avg: 17.2, Max: 17.2, Diff: 0.1, Sum: 68.7]
      [GC Worker End (ms): Min: 32067928.5, Avg: 32067928.5, Max: 32067928.6, Diff: 0.0]
   [Code Root Fixup: 0.0 ms]
   [Code Root Purge: 0.0 ms]
   [Clear CT: 0.1 ms]
   [Other: 0.6 ms]
      [Choose CSet: 0.0 ms]
      [Ref Proc: 0.2 ms]
      [Ref Enq: 0.0 ms]
      [Redirty Cards: 0.1 ms]
      [Humongous Register: 0.0 ms]
      [Humongous Reclaim: 0.0 ms]
      [Free CSet: 0.1 ms]
   [Eden: 46.0M(46.0M)->0.0B(123.0M) Survivors: 5120.0K->5120.0K Heap: 264.2M(1024.0M)->218.2M(1024.0M)]
 [Times: user=0.07 sys=0.00, real=0.02 secs] 
2019-11-03T17:05:13.635+0800: 32078.646: [GC pause (G1 Evacuation Pause) (young), 0.0210353 secs]
   [Parallel Time: 20.3 ms, GC Workers: 4]
      [GC Worker Start (ms): Min: 32078646.6, Avg: 32078646.7, Max: 32078646.8, Diff: 0.1]
      [Ext Root Scanning (ms): Min: 0.7, Avg: 0.8, Max: 0.9, Diff: 0.2, Sum: 3.3]
      [Update RS (ms): Min: 1.9, Avg: 2.0, Max: 2.1, Diff: 0.2, Sum: 8.0]
         [Processed Buffers: Min: 6, Avg: 8.5, Max: 11, Diff: 5, Sum: 34]
      [Scan RS (ms): Min: 6.5, Avg: 6.8, Max: 7.3, Diff: 0.7, Sum: 27.2]
      [Code Root Scanning (ms): Min: 0.0, Avg: 0.0, Max: 0.0, Diff: 0.0, Sum: 0.0]
      [Object Copy (ms): Min: 10.1, Avg: 10.6, Max: 10.8, Diff: 0.7, Sum: 42.2]
      [Termination (ms): Min: 0.0, Avg: 0.0, Max: 0.0, Diff: 0.0, Sum: 0.0]
         [Termination Attempts: Min: 1, Avg: 1.0, Max: 1, Diff: 0, Sum: 4]
      [GC Worker Other (ms): Min: 0.0, Avg: 0.0, Max: 0.0, Diff: 0.0, Sum: 0.1]
      [GC Worker Total (ms): Min: 20.1, Avg: 20.2, Max: 20.2, Diff: 0.1, Sum: 80.8]
      [GC Worker End (ms): Min: 32078666.9, Avg: 32078666.9, Max: 32078666.9, Diff: 0.0]
   [Code Root Fixup: 0.0 ms]
   [Code Root Purge: 0.0 ms]
   [Clear CT: 0.1 ms]
   [Other: 0.6 ms]
      [Choose CSet: 0.0 ms]
      [Ref Proc: 0.1 ms]
      [Ref Enq: 0.0 ms]
      [Redirty Cards: 0.2 ms]
      [Humongous Register: 0.0 ms]
      [Humongous Reclaim: 0.0 ms]
      [Free CSet: 0.1 ms]
   [Eden: 46.0M(46.0M)->0.0B(63.0M) Survivors: 5120.0K->6144.0K Heap: 264.2M(1024.0M)->219.7M(1024.0M)]
 [Times: user=0.08 sys=0.00, real=0.02 secs] 
2019-11-03T17:05:28.451+0800: 32093.462: [GC pause (G1 Evacuation Pause) (young), 0.0198583 secs]
   [Parallel Time: 19.3 ms, GC Workers: 4]
      [GC Worker Start (ms): Min: 32093462.2, Avg: 32093462.2, Max: 32093462.3, Diff: 0.1]
      [Ext Root Scanning (ms): Min: 0.7, Avg: 0.8, Max: 0.8, Diff: 0.1, Sum: 3.1]
      [Update RS (ms): Min: 2.0, Avg: 2.5, Max: 2.8, Diff: 0.7, Sum: 10.2]
         [Processed Buffers: Min: 1, Avg: 8.2, Max: 13, Diff: 12, Sum: 33]
      [Scan RS (ms): Min: 6.2, Avg: 6.5, Max: 7.0, Diff: 0.8, Sum: 25.9]
      [Code Root Scanning (ms): Min: 0.0, Avg: 0.0, Max: 0.0, Diff: 0.0, Sum: 0.0]
      [Object Copy (ms): Min: 9.3, Avg: 9.3, Max: 9.4, Diff: 0.1, Sum: 37.3]
      [Termination (ms): Min: 0.0, Avg: 0.0, Max: 0.0, Diff: 0.0, Sum: 0.0]
         [Termination Attempts: Min: 2, Avg: 2.5, Max: 3, Diff: 1, Sum: 10]
      [GC Worker Other (ms): Min: 0.0, Avg: 0.0, Max: 0.0, Diff: 0.0, Sum: 0.1]
      [GC Worker Total (ms): Min: 19.1, Avg: 19.1, Max: 19.2, Diff: 0.1, Sum: 76.6]
      [GC Worker End (ms): Min: 32093481.4, Avg: 32093481.4, Max: 32093481.4, Diff: 0.0]
   [Code Root Fixup: 0.0 ms]
   [Code Root Purge: 0.0 ms]
   [Clear CT: 0.0 ms]
   [Other: 0.5 ms]
      [Choose CSet: 0.0 ms]
      [Ref Proc: 0.1 ms]
      [Ref Enq: 0.0 ms]
      [Redirty Cards: 0.1 ms]
      [Humongous Register: 0.0 ms]
      [Humongous Reclaim: 0.0 ms]
      [Free CSet: 0.1 ms]
   [Eden: 63.0M(63.0M)->0.0B(63.0M) Survivors: 6144.0K->5120.0K Heap: 282.7M(1024.0M)->218.2M(1024.0M)]
 [Times: user=0.08 sys=0.00, real=0.02 secs] 
2019-11-03T17:05:43.251+0800: 32108.262: [GC pause (G1 Evacuation Pause) (young), 0.0201039 secs]
   [Parallel Time: 19.4 ms, GC Workers: 4]
      [GC Worker Start (ms): Min: 32108261.9, Avg: 32108262.0, Max: 32108262.0, Diff: 0.1]
      [Ext Root Scanning (ms): Min: 1.1, Avg: 1.2, Max: 1.5, Diff: 0.5, Sum: 4.9]
      [Update RS (ms): Min: 2.5, Avg: 2.9, Max: 3.3, Diff: 0.8, Sum: 11.5]
         [Processed Buffers: Min: 3, Avg: 7.8, Max: 13, Diff: 10, Sum: 31]
      [Scan RS (ms): Min: 4.9, Avg: 5.3, Max: 5.5, Diff: 0.6, Sum: 21.1]
      [Code Root Scanning (ms): Min: 0.0, Avg: 0.0, Max: 0.0, Diff: 0.0, Sum: 0.0]
      [Object Copy (ms): Min: 9.6, Avg: 9.7, Max: 9.8, Diff: 0.1, Sum: 38.8]
      [Termination (ms): Min: 0.0, Avg: 0.0, Max: 0.0, Diff: 0.0, Sum: 0.0]
         [Termination Attempts: Min: 1, Avg: 1.0, Max: 1, Diff: 0, Sum: 4]
      [GC Worker Other (ms): Min: 0.0, Avg: 0.1, Max: 0.1, Diff: 0.1, Sum: 0.3]
      [GC Worker Total (ms): Min: 19.2, Avg: 19.2, Max: 19.3, Diff: 0.1, Sum: 76.8]
      [GC Worker End (ms): Min: 32108281.1, Avg: 32108281.2, Max: 32108281.2, Diff: 0.1]
   [Code Root Fixup: 0.0 ms]
   [Code Root Purge: 0.0 ms]
   [Clear CT: 0.0 ms]
   [Other: 0.7 ms]
      [Choose CSet: 0.0 ms]
      [Ref Proc: 0.1 ms]
      [Ref Enq: 0.0 ms]
      [Redirty Cards: 0.2 ms]
      [Humongous Register: 0.0 ms]
      [Humongous Reclaim: 0.0 ms]
      [Free CSet: 0.1 ms]
   [Eden: 63.0M(63.0M)->0.0B(49.0M) Survivors: 5120.0K->7168.0K Heap: 281.2M(1024.0M)->220.2M(1024.0M)]
 [Times: user=0.08 sys=0.00, real=0.02 secs] 
2019-11-03T17:05:54.678+0800: 32119.688: [GC pause (G1 Evacuation Pause) (young), 0.0212105 secs]
   [Parallel Time: 20.5 ms, GC Workers: 4]
      [GC Worker Start (ms): Min: 32119688.6, Avg: 32119688.9, Max: 32119689.7, Diff: 1.1]
      [Ext Root Scanning (ms): Min: 0.1, Avg: 0.8, Max: 1.1, Diff: 1.0, Sum: 3.2]
      [Update RS (ms): Min: 2.2, Avg: 2.4, Max: 2.6, Diff: 0.4, Sum: 9.6]
         [Processed Buffers: Min: 6, Avg: 9.5, Max: 17, Diff: 11, Sum: 38]
      [Scan RS (ms): Min: 5.1, Avg: 5.2, Max: 5.5, Diff: 0.4, Sum: 20.9]
      [Code Root Scanning (ms): Min: 0.0, Avg: 0.0, Max: 0.0, Diff: 0.0, Sum: 0.0]
      [Object Copy (ms): Min: 11.7, Avg: 11.7, Max: 11.8, Diff: 0.1, Sum: 46.8]
      [Termination (ms): Min: 0.0, Avg: 0.0, Max: 0.0, Diff: 0.0, Sum: 0.0]
         [Termination Attempts: Min: 1, Avg: 1.0, Max: 1, Diff: 0, Sum: 4]
      [GC Worker Other (ms): Min: 0.0, Avg: 0.0, Max: 0.0, Diff: 0.0, Sum: 0.1]
      [GC Worker Total (ms): Min: 19.4, Avg: 20.2, Max: 20.5, Diff: 1.1, Sum: 80.7]
      [GC Worker End (ms): Min: 32119709.1, Avg: 32119709.1, Max: 32119709.1, Diff: 0.0]
   [Code Root Fixup: 0.0 ms]
   [Code Root Purge: 0.0 ms]
   [Clear CT: 0.1 ms]
   [Other: 0.6 ms]
      [Choose CSet: 0.0 ms]
      [Ref Proc: 0.1 ms]
      [Ref Enq: 0.0 ms]
      [Redirty Cards: 0.1 ms]
      [Humongous Register: 0.0 ms]
      [Humongous Reclaim: 0.0 ms]
      [Free CSet: 0.1 ms]
   [Eden: 49.0M(49.0M)->0.0B(64.0M) Survivors: 7168.0K->5120.0K Heap: 269.2M(1024.0M)->219.9M(1024.0M)]
 [Times: user=0.07 sys=0.01, real=0.02 secs] 
2019-11-03T17:06:05.370+0800: 32130.380: [GC pause (G1 Evacuation Pause) (young), 0.0193438 secs]
   [Parallel Time: 18.5 ms, GC Workers: 4]
      [GC Worker Start (ms): Min: 32130380.5, Avg: 32130380.7, Max: 32130381.3, Diff: 0.8]
      [Ext Root Scanning (ms): Min: 0.2, Avg: 0.8, Max: 1.0, Diff: 0.8, Sum: 3.1]
      [Update RS (ms): Min: 2.3, Avg: 2.6, Max: 3.1, Diff: 0.7, Sum: 10.3]
         [Processed Buffers: Min: 6, Avg: 8.8, Max: 15, Diff: 9, Sum: 35]
      [Scan RS (ms): Min: 5.7, Avg: 6.2, Max: 6.4, Diff: 0.7, Sum: 24.6]
      [Code Root Scanning (ms): Min: 0.0, Avg: 0.0, Max: 0.0, Diff: 0.0, Sum: 0.0]
      [Object Copy (ms): Min: 8.6, Avg: 8.7, Max: 8.7, Diff: 0.1, Sum: 34.7]
      [Termination (ms): Min: 0.0, Avg: 0.0, Max: 0.0, Diff: 0.0, Sum: 0.0]
         [Termination Attempts: Min: 1, Avg: 1.0, Max: 1, Diff: 0, Sum: 4]
      [GC Worker Other (ms): Min: 0.0, Avg: 0.0, Max: 0.1, Diff: 0.0, Sum: 0.2]
      [GC Worker Total (ms): Min: 17.6, Avg: 18.2, Max: 18.5, Diff: 0.9, Sum: 72.9]
      [GC Worker End (ms): Min: 32130398.9, Avg: 32130399.0, Max: 32130399.0, Diff: 0.0]
   [Code Root Fixup: 0.0 ms]
   [Code Root Purge: 0.0 ms]
   [Clear CT: 0.1 ms]
   [Other: 0.7 ms]
      [Choose CSet: 0.0 ms]
      [Ref Proc: 0.2 ms]
      [Ref Enq: 0.0 ms]
      [Redirty Cards: 0.1 ms]
      [Humongous Register: 0.1 ms]
      [Humongous Reclaim: 0.0 ms]
      [Free CSet: 0.1 ms]
   [Eden: 46.0M(46.0M)->0.0B(76.0M) Survivors: 5120.0K->7168.0K Heap: 265.9M(1024.0M)->221.9M(1024.0M)]
 [Times: user=0.07 sys=0.00, real=0.02 secs] 
2019-11-03T17:06:15.440+0800: 32140.449: [GC pause (G1 Evacuation Pause) (young), 0.0187811 secs]
   [Parallel Time: 18.2 ms, GC Workers: 4]
      [GC Worker Start (ms): Min: 32140449.6, Avg: 32140450.1, Max: 32140451.7, Diff: 2.1]
      [Ext Root Scanning (ms): Min: 0.0, Avg: 0.7, Max: 1.0, Diff: 1.0, Sum: 3.0]
      [Update RS (ms): Min: 1.7, Avg: 2.3, Max: 2.9, Diff: 1.2, Sum: 9.2]
         [Processed Buffers: Min: 7, Avg: 8.8, Max: 12, Diff: 5, Sum: 35]
      [Scan RS (ms): Min: 4.9, Avg: 5.2, Max: 5.4, Diff: 0.6, Sum: 20.7]
      [Code Root Scanning (ms): Min: 0.0, Avg: 0.0, Max: 0.0, Diff: 0.0, Sum: 0.0]
      [Object Copy (ms): Min: 9.3, Avg: 9.3, Max: 9.4, Diff: 0.1, Sum: 37.3]
      [Termination (ms): Min: 0.0, Avg: 0.0, Max: 0.0, Diff: 0.0, Sum: 0.0]
         [Termination Attempts: Min: 1, Avg: 2.5, Max: 4, Diff: 3, Sum: 10]
      [GC Worker Other (ms): Min: 0.0, Avg: 0.0, Max: 0.0, Diff: 0.0, Sum: 0.1]
      [GC Worker Total (ms): Min: 16.0, Avg: 17.6, Max: 18.1, Diff: 2.1, Sum: 70.3]
      [GC Worker End (ms): Min: 32140467.7, Avg: 32140467.7, Max: 32140467.7, Diff: 0.0]
   [Code Root Fixup: 0.0 ms]
   [Code Root Purge: 0.0 ms]
   [Clear CT: 0.1 ms]
   [Other: 0.5 ms]
      [Choose CSet: 0.0 ms]
      [Ref Proc: 0.1 ms]
      [Ref Enq: 0.0 ms]
      [Redirty Cards: 0.1 ms]
      [Humongous Register: 0.0 ms]
      [Humongous Reclaim: 0.0 ms]
      [Free CSet: 0.1 ms]
   [Eden: 44.0M(44.0M)->0.0B(116.0M) Survivors: 7168.0K->5120.0K Heap: 265.9M(1024.0M)->220.8M(1024.0M)]
 [Times: user=0.07 sys=0.00, real=0.01 secs] 
2019-11-03T17:06:26.315+0800: 32151.324: [GC pause (G1 Evacuation Pause) (young), 0.0185513 secs]
   [Parallel Time: 17.9 ms, GC Workers: 4]
      [GC Worker Start (ms): Min: 32151324.7, Avg: 32151325.4, Max: 32151326.1, Diff: 1.4]
      [Ext Root Scanning (ms): Min: 0.1, Avg: 0.8, Max: 1.5, Diff: 1.4, Sum: 3.1]
      [Update RS (ms): Min: 2.2, Avg: 2.5, Max: 2.8, Diff: 0.6, Sum: 10.0]
         [Processed Buffers: Min: 5, Avg: 8.8, Max: 15, Diff: 10, Sum: 35]
      [Scan RS (ms): Min: 6.4, Avg: 6.6, Max: 7.0, Diff: 0.7, Sum: 26.6]
      [Code Root Scanning (ms): Min: 0.0, Avg: 0.0, Max: 0.0, Diff: 0.0, Sum: 0.0]
      [Object Copy (ms): Min: 7.0, Avg: 7.2, Max: 7.3, Diff: 0.3, Sum: 28.7]
      [Termination (ms): Min: 0.0, Avg: 0.0, Max: 0.0, Diff: 0.0, Sum: 0.0]
         [Termination Attempts: Min: 1, Avg: 1.0, Max: 1, Diff: 0, Sum: 4]
      [GC Worker Other (ms): Min: 0.0, Avg: 0.0, Max: 0.0, Diff: 0.0, Sum: 0.1]
      [GC Worker Total (ms): Min: 16.4, Avg: 17.1, Max: 17.9, Diff: 1.5, Sum: 68.6]
      [GC Worker End (ms): Min: 32151342.5, Avg: 32151342.5, Max: 32151342.5, Diff: 0.0]
   [Code Root Fixup: 0.0 ms]
   [Code Root Purge: 0.0 ms]
   [Clear CT: 0.1 ms]
   [Other: 0.6 ms]
      [Choose CSet: 0.0 ms]
      [Ref Proc: 0.1 ms]
      [Ref Enq: 0.0 ms]
      [Redirty Cards: 0.1 ms]
      [Humongous Register: 0.0 ms]
      [Humongous Reclaim: 0.0 ms]
      [Free CSet: 0.1 ms]
   [Eden: 46.0M(46.0M)->0.0B(116.0M) Survivors: 5120.0K->5120.0K Heap: 266.8M(1024.0M)->220.8M(1024.0M)]
 [Times: user=0.07 sys=0.00, real=0.02 secs] 
2019-11-03T17:06:37.206+0800: 32162.214: [GC pause (G1 Evacuation Pause) (young), 0.0185307 secs]
   [Parallel Time: 17.7 ms, GC Workers: 4]
      [GC Worker Start (ms): Min: 32162214.5, Avg: 32162215.0, Max: 32162216.4, Diff: 1.9]
      [Ext Root Scanning (ms): Min: 0.0, Avg: 0.8, Max: 1.0, Diff: 1.0, Sum: 3.0]
      [Update RS (ms): Min: 1.7, Avg: 2.3, Max: 2.6, Diff: 0.9, Sum: 9.3]
         [Processed Buffers: Min: 4, Avg: 8.0, Max: 14, Diff: 10, Sum: 32]
      [Scan RS (ms): Min: 5.2, Avg: 5.3, Max: 5.4, Diff: 0.2, Sum: 21.1]
      [Code Root Scanning (ms): Min: 0.0, Avg: 0.0, Max: 0.0, Diff: 0.0, Sum: 0.0]
      [Object Copy (ms): Min: 8.6, Avg: 8.7, Max: 8.8, Diff: 0.2, Sum: 34.8]
      [Termination (ms): Min: 0.0, Avg: 0.0, Max: 0.0, Diff: 0.0, Sum: 0.0]
         [Termination Attempts: Min: 1, Avg: 1.0, Max: 1, Diff: 0, Sum: 4]
      [GC Worker Other (ms): Min: 0.0, Avg: 0.1, Max: 0.1, Diff: 0.0, Sum: 0.2]
      [GC Worker Total (ms): Min: 15.7, Avg: 17.1, Max: 17.6, Diff: 1.8, Sum: 68.4]
      [GC Worker End (ms): Min: 32162232.1, Avg: 32162232.1, Max: 32162232.1, Diff: 0.0]
   [Code Root Fixup: 0.0 ms]
   [Code Root Purge: 0.0 ms]
   [Clear CT: 0.2 ms]
   [Other: 0.7 ms]
      [Choose CSet: 0.0 ms]
      [Ref Proc: 0.2 ms]
      [Ref Enq: 0.0 ms]
      [Redirty Cards: 0.1 ms]
      [Humongous Register: 0.0 ms]
      [Humongous Reclaim: 0.0 ms]
      [Free CSet: 0.1 ms]
   [Eden: 46.0M(46.0M)->0.0B(130.0M) Survivors: 5120.0K->7168.0K Heap: 266.8M(1024.0M)->222.8M(1024.0M)]
 [Times: user=0.07 sys=0.00, real=0.02 secs] 
2019-11-03T18:03:53.322+0800: 32306.444: [GC pause (G1 Evacuation Pause) (young), 0.0251340 secs]
   [Parallel Time: 24.2 ms, GC Workers: 4]
      [GC Worker Start (ms): Min: 32306444.6, Avg: 32306445.2, Max: 32306446.0, Diff: 1.4]
      [Ext Root Scanning (ms): Min: 0.4, Avg: 1.4, Max: 2.6, Diff: 2.2, Sum: 5.7]
      [Update RS (ms): Min: 2.5, Avg: 3.2, Max: 3.6, Diff: 1.2, Sum: 12.7]
         [Processed Buffers: Min: 3, Avg: 11.2, Max: 26, Diff: 23, Sum: 45]
      [Scan RS (ms): Min: 4.0, Avg: 5.1, Max: 5.8, Diff: 1.8, Sum: 20.4]
      [Code Root Scanning (ms): Min: 0.0, Avg: 0.0, Max: 0.0, Diff: 0.0, Sum: 0.0]
      [Object Copy (ms): Min: 13.6, Avg: 13.7, Max: 13.8, Diff: 0.1, Sum: 54.8]
      [Termination (ms): Min: 0.0, Avg: 0.1, Max: 0.1, Diff: 0.1, Sum: 0.4]
         [Termination Attempts: Min: 1, Avg: 1.0, Max: 1, Diff: 0, Sum: 4]
      [GC Worker Other (ms): Min: 0.0, Avg: 0.0, Max: 0.1, Diff: 0.0, Sum: 0.2]
      [GC Worker Total (ms): Min: 22.7, Avg: 23.5, Max: 24.1, Diff: 1.4, Sum: 94.1]
      [GC Worker End (ms): Min: 32306468.7, Avg: 32306468.7, Max: 32306468.7, Diff: 0.1]
   [Code Root Fixup: 0.0 ms]
   [Code Root Purge: 0.0 ms]
   [Clear CT: 0.1 ms]
   [Other: 0.8 ms]
      [Choose CSet: 0.0 ms]
      [Ref Proc: 0.2 ms]
      [Ref Enq: 0.0 ms]
      [Redirty Cards: 0.1 ms]
      [Humongous Register: 0.0 ms]
      [Humongous Reclaim: 0.0 ms]
      [Free CSet: 0.1 ms]
   [Eden: 87.0M(44.0M)->0.0B(44.0M) Survivors: 7168.0K->7168.0K Heap: 309.8M(1024.0M)->223.7M(1024.0M)]
 [Times: user=0.08 sys=0.00, real=0.02 secs] 
2019-11-03T18:06:02.239+0800: 32435.357: [GC pause (G1 Evacuation Pause) (young), 0.0295808 secs]
   [Parallel Time: 28.7 ms, GC Workers: 4]
      [GC Worker Start (ms): Min: 32435357.0, Avg: 32435357.0, Max: 32435357.0, Diff: 0.1]
      [Ext Root Scanning (ms): Min: 0.8, Avg: 0.8, Max: 0.8, Diff: 0.1, Sum: 3.2]
      [Update RS (ms): Min: 2.2, Avg: 2.4, Max: 2.7, Diff: 0.5, Sum: 9.8]
         [Processed Buffers: Min: 2, Avg: 11.2, Max: 27, Diff: 25, Sum: 45]
      [Scan RS (ms): Min: 5.2, Avg: 5.5, Max: 5.7, Diff: 0.5, Sum: 21.8]
      [Code Root Scanning (ms): Min: 0.0, Avg: 0.0, Max: 0.0, Diff: 0.0, Sum: 0.0]
      [Object Copy (ms): Min: 19.5, Avg: 19.6, Max: 19.7, Diff: 0.2, Sum: 78.3]
      [Termination (ms): Min: 0.0, Avg: 0.2, Max: 0.4, Diff: 0.4, Sum: 0.7]
         [Termination Attempts: Min: 1, Avg: 1.0, Max: 1, Diff: 0, Sum: 4]
      [GC Worker Other (ms): Min: 0.0, Avg: 0.0, Max: 0.1, Diff: 0.0, Sum: 0.2]
      [GC Worker Total (ms): Min: 28.4, Avg: 28.5, Max: 28.6, Diff: 0.3, Sum: 113.9]
      [GC Worker End (ms): Min: 32435385.3, Avg: 32435385.5, Max: 32435385.6, Diff: 0.2]
   [Code Root Fixup: 0.0 ms]
   [Code Root Purge: 0.0 ms]
   [Clear CT: 0.1 ms]
   [Other: 0.8 ms]
      [Choose CSet: 0.0 ms]
      [Ref Proc: 0.2 ms]
      [Ref Enq: 0.0 ms]
      [Redirty Cards: 0.1 ms]
      [Humongous Register: 0.0 ms]
      [Humongous Reclaim: 0.0 ms]
      [Free CSet: 0.1 ms]
   [Eden: 44.0M(44.0M)->0.0B(44.0M) Survivors: 7168.0K->7168.0K Heap: 267.7M(1024.0M)->226.5M(1024.0M)]
 [Times: user=0.10 sys=0.00, real=0.03 secs] 
2019-11-03T18:06:12.213+0800: 32445.331: [GC pause (G1 Evacuation Pause) (young), 0.0313459 secs]
   [Parallel Time: 30.6 ms, GC Workers: 4]
      [GC Worker Start (ms): Min: 32445330.7, Avg: 32445330.8, Max: 32445331.2, Diff: 0.4]
      [Ext Root Scanning (ms): Min: 0.6, Avg: 1.2, Max: 2.3, Diff: 1.7, Sum: 4.9]
      [Update RS (ms): Min: 1.0, Avg: 2.0, Max: 2.5, Diff: 1.4, Sum: 8.1]
         [Processed Buffers: Min: 3, Avg: 6.2, Max: 10, Diff: 7, Sum: 25]
      [Scan RS (ms): Min: 6.4, Avg: 6.6, Max: 6.9, Diff: 0.5, Sum: 26.5]
      [Code Root Scanning (ms): Min: 0.0, Avg: 0.0, Max: 0.0, Diff: 0.0, Sum: 0.0]
      [Object Copy (ms): Min: 20.3, Avg: 20.5, Max: 20.6, Diff: 0.3, Sum: 82.1]
      [Termination (ms): Min: 0.0, Avg: 0.0, Max: 0.0, Diff: 0.0, Sum: 0.0]
         [Termination Attempts: Min: 1, Avg: 1.0, Max: 1, Diff: 0, Sum: 4]
      [GC Worker Other (ms): Min: 0.0, Avg: 0.0, Max: 0.0, Diff: 0.0, Sum: 0.1]
      [GC Worker Total (ms): Min: 30.1, Avg: 30.4, Max: 30.6, Diff: 0.4, Sum: 121.8]
      [GC Worker End (ms): Min: 32445361.3, Avg: 32445361.3, Max: 32445361.3, Diff: 0.0]
   [Code Root Fixup: 0.0 ms]
   [Code Root Purge: 0.0 ms]
   [Clear CT: 0.1 ms]
   [Other: 0.6 ms]
      [Choose CSet: 0.0 ms]
      [Ref Proc: 0.2 ms]
      [Ref Enq: 0.0 ms]
      [Redirty Cards: 0.1 ms]
      [Humongous Register: 0.0 ms]
      [Humongous Reclaim: 0.0 ms]
      [Free CSet: 0.1 ms]
   [Eden: 44.0M(44.0M)->0.0B(47.0M) Survivors: 7168.0K->4096.0K Heap: 270.5M(1024.0M)->232.2M(1024.0M)]
 [Times: user=0.10 sys=0.01, real=0.03 secs] 
2019-11-03T18:06:22.783+0800: 32455.900: [GC pause (G1 Evacuation Pause) (young), 0.0174171 secs]
   [Parallel Time: 16.7 ms, GC Workers: 4]
      [GC Worker Start (ms): Min: 32455900.5, Avg: 32455900.5, Max: 32455900.5, Diff: 0.1]
      [Ext Root Scanning (ms): Min: 0.8, Avg: 0.8, Max: 0.9, Diff: 0.1, Sum: 3.4]
      [Update RS (ms): Min: 2.0, Avg: 2.1, Max: 2.2, Diff: 0.2, Sum: 8.4]
         [Processed Buffers: Min: 6, Avg: 8.2, Max: 10, Diff: 4, Sum: 33]
      [Scan RS (ms): Min: 4.0, Avg: 4.1, Max: 4.2, Diff: 0.2, Sum: 16.5]
      [Code Root Scanning (ms): Min: 0.0, Avg: 0.0, Max: 0.0, Diff: 0.0, Sum: 0.0]
      [Object Copy (ms): Min: 9.4, Avg: 9.5, Max: 9.5, Diff: 0.1, Sum: 37.9]
      [Termination (ms): Min: 0.0, Avg: 0.0, Max: 0.0, Diff: 0.0, Sum: 0.0]
         [Termination Attempts: Min: 1, Avg: 1.0, Max: 1, Diff: 0, Sum: 4]
      [GC Worker Other (ms): Min: 0.0, Avg: 0.0, Max: 0.1, Diff: 0.0, Sum: 0.2]
      [GC Worker Total (ms): Min: 16.5, Avg: 16.6, Max: 16.6, Diff: 0.1, Sum: 66.3]
      [GC Worker End (ms): Min: 32455917.1, Avg: 32455917.1, Max: 32455917.1, Diff: 0.0]
   [Code Root Fixup: 0.0 ms]
   [Code Root Purge: 0.0 ms]
   [Clear CT: 0.1 ms]
   [Other: 0.6 ms]
      [Choose CSet: 0.0 ms]
      [Ref Proc: 0.1 ms]
      [Ref Enq: 0.0 ms]
      [Redirty Cards: 0.1 ms]
      [Humongous Register: 0.0 ms]
      [Humongous Reclaim: 0.0 ms]
      [Free CSet: 0.1 ms]
   [Eden: 47.0M(47.0M)->0.0B(46.0M) Survivors: 4096.0K->5120.0K Heap: 279.2M(1024.0M)->233.7M(1024.0M)]
 [Times: user=0.06 sys=0.00, real=0.02 secs] 
2019-11-03T18:06:33.180+0800: 32466.297: [GC pause (G1 Evacuation Pause) (young), 0.0282921 secs]
   [Parallel Time: 26.0 ms, GC Workers: 4]
      [GC Worker Start (ms): Min: 32466296.7, Avg: 32466296.9, Max: 32466297.3, Diff: 0.6]
      [Ext Root Scanning (ms): Min: 0.0, Avg: 0.4, Max: 0.6, Diff: 0.6, Sum: 1.7]
      [Update RS (ms): Min: 0.0, Avg: 1.4, Max: 2.0, Diff: 2.0, Sum: 5.6]
         [Processed Buffers: Min: 0, Avg: 9.5, Max: 16, Diff: 16, Sum: 38]
      [Scan RS (ms): Min: 0.0, Avg: 3.5, Max: 8.0, Diff: 8.0, Sum: 14.0]
      [Code Root Scanning (ms): Min: 0.0, Avg: 0.0, Max: 0.0, Diff: 0.0, Sum: 0.0]
      [Object Copy (ms): Min: 15.5, Avg: 20.4, Max: 25.3, Diff: 9.8, Sum: 81.4]
      [Termination (ms): Min: 0.0, Avg: 0.1, Max: 0.1, Diff: 0.1, Sum: 0.3]
         [Termination Attempts: Min: 1, Avg: 1.0, Max: 1, Diff: 0, Sum: 4]
      [GC Worker Other (ms): Min: 0.0, Avg: 0.0, Max: 0.0, Diff: 0.0, Sum: 0.1]
      [GC Worker Total (ms): Min: 25.3, Avg: 25.8, Max: 26.0, Diff: 0.7, Sum: 103.1]
      [GC Worker End (ms): Min: 32466322.6, Avg: 32466322.6, Max: 32466322.7, Diff: 0.0]
   [Code Root Fixup: 0.0 ms]
   [Code Root Purge: 0.0 ms]
   [Clear CT: 0.1 ms]
   [Other: 2.2 ms]
      [Choose CSet: 0.0 ms]
      [Ref Proc: 0.4 ms]
      [Ref Enq: 0.0 ms]
      [Redirty Cards: 0.2 ms]
      [Humongous Register: 0.0 ms]
      [Humongous Reclaim: 0.0 ms]
      [Free CSet: 1.3 ms]
   [Eden: 46.0M(46.0M)->0.0B(46.0M) Survivors: 5120.0K->5120.0K Heap: 279.7M(1024.0M)->235.8M(1024.0M)]
 [Times: user=0.05 sys=0.01, real=0.02 secs] 
2019-11-03T18:06:43.594+0800: 32476.710: [GC pause (G1 Evacuation Pause) (young), 0.0139580 secs]
   [Parallel Time: 13.2 ms, GC Workers: 4]
      [GC Worker Start (ms): Min: 32476710.2, Avg: 32476710.2, Max: 32476710.3, Diff: 0.1]
      [Ext Root Scanning (ms): Min: 0.8, Avg: 0.8, Max: 0.8, Diff: 0.1, Sum: 3.2]
      [Update RS (ms): Min: 2.2, Avg: 2.5, Max: 2.8, Diff: 0.6, Sum: 10.0]
         [Processed Buffers: Min: 1, Avg: 9.2, Max: 15, Diff: 14, Sum: 37]
      [Scan RS (ms): Min: 3.1, Avg: 3.5, Max: 4.0, Diff: 0.9, Sum: 13.8]
      [Code Root Scanning (ms): Min: 0.0, Avg: 0.0, Max: 0.0, Diff: 0.0, Sum: 0.0]
      [Object Copy (ms): Min: 6.1, Avg: 6.3, Max: 6.5, Diff: 0.4, Sum: 25.3]
      [Termination (ms): Min: 0.0, Avg: 0.0, Max: 0.0, Diff: 0.0, Sum: 0.0]
         [Termination Attempts: Min: 1, Avg: 1.0, Max: 1, Diff: 0, Sum: 4]
      [GC Worker Other (ms): Min: 0.0, Avg: 0.0, Max: 0.0, Diff: 0.0, Sum: 0.1]
      [GC Worker Total (ms): Min: 13.1, Avg: 13.1, Max: 13.2, Diff: 0.1, Sum: 52.5]
      [GC Worker End (ms): Min: 32476723.4, Avg: 32476723.4, Max: 32476723.4, Diff: 0.0]
   [Code Root Fixup: 0.0 ms]
   [Code Root Purge: 0.0 ms]
   [Clear CT: 0.2 ms]
   [Other: 0.5 ms]
      [Choose CSet: 0.0 ms]
      [Ref Proc: 0.1 ms]
      [Ref Enq: 0.0 ms]
      [Redirty Cards: 0.1 ms]
      [Humongous Register: 0.0 ms]
      [Humongous Reclaim: 0.0 ms]
      [Free CSet: 0.1 ms]
   [Eden: 46.0M(46.0M)->0.0B(46.0M) Survivors: 5120.0K->5120.0K Heap: 281.8M(1024.0M)->235.7M(1024.0M)]
 [Times: user=0.05 sys=0.00, real=0.01 secs] 
2019-11-03T18:06:54.008+0800: 32487.124: [GC pause (G1 Evacuation Pause) (young), 0.0133125 secs]
   [Parallel Time: 12.6 ms, GC Workers: 4]
      [GC Worker Start (ms): Min: 32487123.9, Avg: 32487124.2, Max: 32487125.3, Diff: 1.4]
      [Ext Root Scanning (ms): Min: 0.0, Avg: 0.7, Max: 1.0, Diff: 1.0, Sum: 3.0]
      [Update RS (ms): Min: 1.6, Avg: 2.1, Max: 2.4, Diff: 0.7, Sum: 8.3]
         [Processed Buffers: Min: 3, Avg: 6.2, Max: 12, Diff: 9, Sum: 25]
      [Scan RS (ms): Min: 2.4, Avg: 2.6, Max: 2.7, Diff: 0.4, Sum: 10.3]
      [Code Root Scanning (ms): Min: 0.0, Avg: 0.0, Max: 0.0, Diff: 0.0, Sum: 0.0]
      [Object Copy (ms): Min: 6.6, Avg: 6.7, Max: 6.7, Diff: 0.1, Sum: 26.7]
      [Termination (ms): Min: 0.0, Avg: 0.0, Max: 0.0, Diff: 0.0, Sum: 0.0]
         [Termination Attempts: Min: 1, Avg: 1.0, Max: 1, Diff: 0, Sum: 4]
      [GC Worker Other (ms): Min: 0.0, Avg: 0.0, Max: 0.1, Diff: 0.1, Sum: 0.2]
      [GC Worker Total (ms): Min: 11.0, Avg: 12.1, Max: 12.5, Diff: 1.5, Sum: 48.4]
      [GC Worker End (ms): Min: 32487136.3, Avg: 32487136.3, Max: 32487136.4, Diff: 0.1]
   [Code Root Fixup: 0.0 ms]
   [Code Root Purge: 0.0 ms]
   [Clear CT: 0.1 ms]
   [Other: 0.6 ms]
      [Choose CSet: 0.0 ms]
      [Ref Proc: 0.1 ms]
      [Ref Enq: 0.0 ms]
      [Redirty Cards: 0.1 ms]
      [Humongous Register: 0.0 ms]
      [Humongous Reclaim: 0.0 ms]
      [Free CSet: 0.1 ms]
   [Eden: 46.0M(46.0M)->0.0B(49.0M) Survivors: 5120.0K->5120.0K Heap: 281.7M(1024.0M)->235.8M(1024.0M)]
 [Times: user=0.05 sys=0.00, real=0.02 secs] 
2019-11-03T18:07:05.086+0800: 32498.202: [GC pause (G1 Evacuation Pause) (young), 0.0164739 secs]
   [Parallel Time: 15.8 ms, GC Workers: 4]
      [GC Worker Start (ms): Min: 32498201.9, Avg: 32498202.0, Max: 32498202.2, Diff: 0.3]
      [Ext Root Scanning (ms): Min: 0.7, Avg: 0.8, Max: 0.9, Diff: 0.3, Sum: 3.4]
      [Update RS (ms): Min: 1.8, Avg: 2.2, Max: 2.7, Diff: 0.9, Sum: 8.9]
         [Processed Buffers: Min: 7, Avg: 9.8, Max: 12, Diff: 5, Sum: 39]
      [Scan RS (ms): Min: 3.5, Avg: 4.0, Max: 4.4, Diff: 0.8, Sum: 15.8]
      [Code Root Scanning (ms): Min: 0.0, Avg: 0.0, Max: 0.0, Diff: 0.0, Sum: 0.0]
      [Object Copy (ms): Min: 8.4, Avg: 8.4, Max: 8.5, Diff: 0.1, Sum: 33.8]
      [Termination (ms): Min: 0.0, Avg: 0.1, Max: 0.1, Diff: 0.1, Sum: 0.4]
         [Termination Attempts: Min: 1, Avg: 2.8, Max: 5, Diff: 4, Sum: 11]
      [GC Worker Other (ms): Min: 0.0, Avg: 0.0, Max: 0.0, Diff: 0.0, Sum: 0.1]
      [GC Worker Total (ms): Min: 15.4, Avg: 15.6, Max: 15.7, Diff: 0.3, Sum: 62.3]
      [GC Worker End (ms): Min: 32498217.6, Avg: 32498217.6, Max: 32498217.6, Diff: 0.0]
   [Code Root Fixup: 0.0 ms]
   [Code Root Purge: 0.0 ms]
   [Clear CT: 0.1 ms]
   [Other: 0.6 ms]
      [Choose CSet: 0.0 ms]
      [Ref Proc: 0.2 ms]
      [Ref Enq: 0.0 ms]
      [Redirty Cards: 0.1 ms]
      [Humongous Register: 0.0 ms]
      [Humongous Reclaim: 0.0 ms]
      [Free CSet: 0.1 ms]
   [Eden: 49.0M(49.0M)->0.0B(63.0M) Survivors: 5120.0K->5120.0K Heap: 284.8M(1024.0M)->235.8M(1024.0M)]
 [Times: user=0.07 sys=0.00, real=0.02 secs] 
2019-11-03T18:07:19.443+0800: 32512.558: [GC pause (G1 Evacuation Pause) (young), 0.0184689 secs]
   [Parallel Time: 17.7 ms, GC Workers: 4]
      [GC Worker Start (ms): Min: 32512558.4, Avg: 32512558.4, Max: 32512558.5, Diff: 0.1]
      [Ext Root Scanning (ms): Min: 0.7, Avg: 0.8, Max: 0.8, Diff: 0.1, Sum: 3.1]
      [Update RS (ms): Min: 1.7, Avg: 2.0, Max: 2.3, Diff: 0.6, Sum: 7.9]
         [Processed Buffers: Min: 3, Avg: 7.8, Max: 13, Diff: 10, Sum: 31]
      [Scan RS (ms): Min: 4.3, Avg: 4.5, Max: 4.7, Diff: 0.4, Sum: 18.0]
      [Code Root Scanning (ms): Min: 0.0, Avg: 0.0, Max: 0.0, Diff: 0.0, Sum: 0.0]
      [Object Copy (ms): Min: 10.1, Avg: 10.2, Max: 10.3, Diff: 0.2, Sum: 41.0]
      [Termination (ms): Min: 0.0, Avg: 0.0, Max: 0.0, Diff: 0.0, Sum: 0.0]
         [Termination Attempts: Min: 1, Avg: 1.0, Max: 1, Diff: 0, Sum: 4]
      [GC Worker Other (ms): Min: 0.0, Avg: 0.0, Max: 0.1, Diff: 0.0, Sum: 0.2]
      [GC Worker Total (ms): Min: 17.5, Avg: 17.5, Max: 17.6, Diff: 0.1, Sum: 70.2]
      [GC Worker End (ms): Min: 32512576.0, Avg: 32512576.0, Max: 32512576.0, Diff: 0.0]
   [Code Root Fixup: 0.0 ms]
   [Code Root Purge: 0.0 ms]
   [Clear CT: 0.1 ms]
   [Other: 0.7 ms]
      [Choose CSet: 0.0 ms]
      [Ref Proc: 0.2 ms]
      [Ref Enq: 0.0 ms]
      [Redirty Cards: 0.1 ms]
      [Humongous Register: 0.1 ms]
      [Humongous Reclaim: 0.0 ms]
      [Free CSet: 0.1 ms]
   [Eden: 63.0M(63.0M)->0.0B(68.0M) Survivors: 5120.0K->6144.0K Heap: 298.8M(1024.0M)->236.8M(1024.0M)]
 [Times: user=0.07 sys=0.00, real=0.02 secs] 
2019-11-03T18:07:34.943+0800: 32528.057: [GC pause (G1 Evacuation Pause) (young), 0.0199897 secs]
   [Parallel Time: 19.3 ms, GC Workers: 4]
      [GC Worker Start (ms): Min: 32528057.5, Avg: 32528057.5, Max: 32528057.6, Diff: 0.1]
      [Ext Root Scanning (ms): Min: 0.8, Avg: 0.8, Max: 0.9, Diff: 0.1, Sum: 3.3]
      [Update RS (ms): Min: 2.3, Avg: 2.6, Max: 2.7, Diff: 0.3, Sum: 10.3]
         [Processed Buffers: Min: 1, Avg: 6.8, Max: 15, Diff: 14, Sum: 27]
      [Scan RS (ms): Min: 3.8, Avg: 3.9, Max: 4.1, Diff: 0.3, Sum: 15.6]
      [Code Root Scanning (ms): Min: 0.0, Avg: 0.0, Max: 0.0, Diff: 0.0, Sum: 0.0]
      [Object Copy (ms): Min: 11.7, Avg: 11.8, Max: 11.9, Diff: 0.1, Sum: 47.3]
      [Termination (ms): Min: 0.0, Avg: 0.0, Max: 0.0, Diff: 0.0, Sum: 0.0]
         [Termination Attempts: Min: 1, Avg: 1.5, Max: 2, Diff: 1, Sum: 6]
      [GC Worker Other (ms): Min: 0.0, Avg: 0.0, Max: 0.1, Diff: 0.0, Sum: 0.2]
      [GC Worker Total (ms): Min: 19.1, Avg: 19.2, Max: 19.2, Diff: 0.1, Sum: 76.6]
      [GC Worker End (ms): Min: 32528076.7, Avg: 32528076.7, Max: 32528076.7, Diff: 0.0]
   [Code Root Fixup: 0.0 ms]
   [Code Root Purge: 0.0 ms]
   [Clear CT: 0.1 ms]
   [Other: 0.6 ms]
      [Choose CSet: 0.0 ms]
      [Ref Proc: 0.1 ms]
      [Ref Enq: 0.0 ms]
      [Redirty Cards: 0.1 ms]
      [Humongous Register: 0.0 ms]
      [Humongous Reclaim: 0.0 ms]
      [Free CSet: 0.1 ms]
   [Eden: 68.0M(68.0M)->0.0B(54.0M) Survivors: 6144.0K->7168.0K Heap: 304.8M(1024.0M)->237.8M(1024.0M)]
 [Times: user=0.08 sys=0.00, real=0.02 secs] 
2019-11-03T18:07:47.227+0800: 32540.340: [GC pause (G1 Evacuation Pause) (young), 0.0211691 secs]
   [Parallel Time: 20.3 ms, GC Workers: 4]
      [GC Worker Start (ms): Min: 32540340.6, Avg: 32540340.6, Max: 32540340.6, Diff: 0.1]
      [Ext Root Scanning (ms): Min: 0.8, Avg: 0.8, Max: 0.9, Diff: 0.1, Sum: 3.3]
      [Update RS (ms): Min: 2.0, Avg: 2.2, Max: 2.3, Diff: 0.3, Sum: 8.8]
         [Processed Buffers: Min: 3, Avg: 8.5, Max: 20, Diff: 17, Sum: 34]
      [Scan RS (ms): Min: 3.2, Avg: 3.3, Max: 3.5, Diff: 0.3, Sum: 13.3]
      [Code Root Scanning (ms): Min: 0.0, Avg: 0.0, Max: 0.0, Diff: 0.0, Sum: 0.0]
      [Object Copy (ms): Min: 13.8, Avg: 13.8, Max: 13.9, Diff: 0.1, Sum: 55.3]
      [Termination (ms): Min: 0.0, Avg: 0.0, Max: 0.0, Diff: 0.0, Sum: 0.0]
         [Termination Attempts: Min: 1, Avg: 1.0, Max: 1, Diff: 0, Sum: 4]
      [GC Worker Other (ms): Min: 0.0, Avg: 0.0, Max: 0.1, Diff: 0.0, Sum: 0.2]
      [GC Worker Total (ms): Min: 20.2, Avg: 20.2, Max: 20.2, Diff: 0.0, Sum: 80.9]
      [GC Worker End (ms): Min: 32540360.8, Avg: 32540360.8, Max: 32540360.9, Diff: 0.0]
   [Code Root Fixup: 0.0 ms]
   [Code Root Purge: 0.0 ms]
   [Clear CT: 0.1 ms]
   [Other: 0.7 ms]
      [Choose CSet: 0.0 ms]
      [Ref Proc: 0.1 ms]
      [Ref Enq: 0.0 ms]
      [Redirty Cards: 0.1 ms]
      [Humongous Register: 0.1 ms]
      [Humongous Reclaim: 0.0 ms]
      [Free CSet: 0.1 ms]
   [Eden: 54.0M(54.0M)->0.0B(55.0M) Survivors: 7168.0K->5120.0K Heap: 291.8M(1024.0M)->237.5M(1024.0M)]
 [Times: user=0.06 sys=0.00, real=0.02 secs] 
2019-11-03T18:07:57.730+0800: 32550.843: [GC pause (G1 Evacuation Pause) (young), 0.0199869 secs]
   [Parallel Time: 19.3 ms, GC Workers: 4]
      [GC Worker Start (ms): Min: 32550843.6, Avg: 32550843.7, Max: 32550843.7, Diff: 0.1]
      [Ext Root Scanning (ms): Min: 0.8, Avg: 0.8, Max: 0.8, Diff: 0.1, Sum: 3.2]
      [Update RS (ms): Min: 2.2, Avg: 2.5, Max: 3.2, Diff: 1.0, Sum: 10.0]
         [Processed Buffers: Min: 7, Avg: 8.5, Max: 10, Diff: 3, Sum: 34]
      [Scan RS (ms): Min: 5.0, Avg: 5.5, Max: 5.7, Diff: 0.7, Sum: 21.8]
      [Code Root Scanning (ms): Min: 0.0, Avg: 0.0, Max: 0.0, Diff: 0.0, Sum: 0.0]
      [Object Copy (ms): Min: 10.1, Avg: 10.4, Max: 10.5, Diff: 0.3, Sum: 41.5]
      [Termination (ms): Min: 0.0, Avg: 0.0, Max: 0.0, Diff: 0.0, Sum: 0.0]
         [Termination Attempts: Min: 1, Avg: 2.2, Max: 5, Diff: 4, Sum: 9]
      [GC Worker Other (ms): Min: 0.0, Avg: 0.0, Max: 0.0, Diff: 0.0, Sum: 0.1]
      [GC Worker Total (ms): Min: 19.1, Avg: 19.2, Max: 19.2, Diff: 0.1, Sum: 76.7]
      [GC Worker End (ms): Min: 32550862.8, Avg: 32550862.8, Max: 32550862.8, Diff: 0.0]
   [Code Root Fixup: 0.0 ms]
   [Code Root Purge: 0.0 ms]
   [Clear CT: 0.1 ms]
   [Other: 0.6 ms]
      [Choose CSet: 0.0 ms]
      [Ref Proc: 0.2 ms]
      [Ref Enq: 0.0 ms]
      [Redirty Cards: 0.0 ms]
      [Humongous Register: 0.0 ms]
      [Humongous Reclaim: 0.0 ms]
      [Free CSet: 0.1 ms]
   [Eden: 46.0M(46.0M)->0.0B(50.0M) Survivors: 5120.0K->7168.0K Heap: 283.5M(1024.0M)->239.5M(1024.0M)]
 [Times: user=0.08 sys=0.01, real=0.02 secs] 
2019-11-03T18:08:08.822+0800: 32561.935: [GC pause (G1 Evacuation Pause) (young), 0.0206291 secs]
   [Parallel Time: 19.9 ms, GC Workers: 4]
      [GC Worker Start (ms): Min: 32561935.4, Avg: 32561935.6, Max: 32561936.1, Diff: 0.7]
      [Ext Root Scanning (ms): Min: 0.3, Avg: 0.8, Max: 1.0, Diff: 0.7, Sum: 3.3]
      [Update RS (ms): Min: 1.7, Avg: 2.2, Max: 2.6, Diff: 0.8, Sum: 8.7]
         [Processed Buffers: Min: 5, Avg: 8.2, Max: 11, Diff: 6, Sum: 33]
      [Scan RS (ms): Min: 4.4, Avg: 4.9, Max: 5.3, Diff: 0.9, Sum: 19.7]
      [Code Root Scanning (ms): Min: 0.0, Avg: 0.0, Max: 0.0, Diff: 0.0, Sum: 0.0]
      [Object Copy (ms): Min: 11.6, Avg: 11.6, Max: 11.7, Diff: 0.2, Sum: 46.5]
      [Termination (ms): Min: 0.0, Avg: 0.0, Max: 0.0, Diff: 0.0, Sum: 0.0]
         [Termination Attempts: Min: 1, Avg: 1.0, Max: 1, Diff: 0, Sum: 4]
      [GC Worker Other (ms): Min: 0.0, Avg: 0.0, Max: 0.0, Diff: 0.0, Sum: 0.1]
      [GC Worker Total (ms): Min: 19.1, Avg: 19.6, Max: 19.8, Diff: 0.7, Sum: 78.3]
      [GC Worker End (ms): Min: 32561955.1, Avg: 32561955.1, Max: 32561955.1, Diff: 0.0]
   [Code Root Fixup: 0.0 ms]
   [Code Root Purge: 0.0 ms]
   [Clear CT: 0.1 ms]
   [Other: 0.7 ms]
      [Choose CSet: 0.0 ms]
      [Ref Proc: 0.2 ms]
      [Ref Enq: 0.0 ms]
      [Redirty Cards: 0.1 ms]
      [Humongous Register: 0.0 ms]
      [Humongous Reclaim: 0.0 ms]
      [Free CSet: 0.1 ms]
   [Eden: 49.0M(44.0M)->0.0B(58.0M) Survivors: 7168.0K->5120.0K Heap: 288.5M(1024.0M)->239.3M(1024.0M)]
 [Times: user=0.07 sys=0.01, real=0.02 secs] 
2019-11-03T18:08:19.382+0800: 32572.494: [GC pause (G1 Evacuation Pause) (young), 0.0181824 secs]
   [Parallel Time: 17.5 ms, GC Workers: 4]
      [GC Worker Start (ms): Min: 32572494.6, Avg: 32572494.9, Max: 32572495.7, Diff: 1.1]
      [Ext Root Scanning (ms): Min: 0.0, Avg: 0.8, Max: 1.0, Diff: 1.0, Sum: 3.1]
      [Update RS (ms): Min: 2.0, Avg: 2.2, Max: 2.3, Diff: 0.3, Sum: 8.7]
         [Processed Buffers: Min: 4, Avg: 7.8, Max: 11, Diff: 7, Sum: 31]
      [Scan RS (ms): Min: 5.2, Avg: 5.3, Max: 5.5, Diff: 0.3, Sum: 21.4]
      [Code Root Scanning (ms): Min: 0.0, Avg: 0.0, Max: 0.0, Diff: 0.0, Sum: 0.0]
      [Object Copy (ms): Min: 8.8, Avg: 8.8, Max: 8.9, Diff: 0.2, Sum: 35.3]
      [Termination (ms): Min: 0.0, Avg: 0.0, Max: 0.0, Diff: 0.0, Sum: 0.0]
         [Termination Attempts: Min: 1, Avg: 1.0, Max: 1, Diff: 0, Sum: 4]
      [GC Worker Other (ms): Min: 0.0, Avg: 0.0, Max: 0.1, Diff: 0.0, Sum: 0.2]
      [GC Worker Total (ms): Min: 16.4, Avg: 17.2, Max: 17.4, Diff: 1.0, Sum: 68.6]
      [GC Worker End (ms): Min: 32572512.0, Avg: 32572512.0, Max: 32572512.1, Diff: 0.0]
   [Code Root Fixup: 0.0 ms]
   [Code Root Purge: 0.0 ms]
   [Clear CT: 0.0 ms]
   [Other: 0.6 ms]
      [Choose CSet: 0.0 ms]
      [Ref Proc: 0.1 ms]
      [Ref Enq: 0.0 ms]
      [Redirty Cards: 0.1 ms]
      [Humongous Register: 0.0 ms]
      [Humongous Reclaim: 0.0 ms]
      [Free CSet: 0.1 ms]
   [Eden: 46.0M(46.0M)->0.0B(89.0M) Survivors: 5120.0K->5120.0K Heap: 285.3M(1024.0M)->239.7M(1024.0M)]
 [Times: user=0.07 sys=0.01, real=0.02 secs] 
2019-11-03T18:08:29.760+0800: 32582.873: [GC pause (G1 Evacuation Pause) (young), 0.0162550 secs]
   [Parallel Time: 15.4 ms, GC Workers: 4]
      [GC Worker Start (ms): Min: 32582872.8, Avg: 32582873.0, Max: 32582873.5, Diff: 0.7]
      [Ext Root Scanning (ms): Min: 0.3, Avg: 0.8, Max: 1.0, Diff: 0.7, Sum: 3.4]
      [Update RS (ms): Min: 2.4, Avg: 2.6, Max: 2.9, Diff: 0.5, Sum: 10.3]
         [Processed Buffers: Min: 5, Avg: 6.8, Max: 8, Diff: 3, Sum: 27]
      [Scan RS (ms): Min: 4.1, Avg: 4.6, Max: 4.8, Diff: 0.7, Sum: 18.3]
      [Code Root Scanning (ms): Min: 0.0, Avg: 0.0, Max: 0.0, Diff: 0.0, Sum: 0.0]
      [Object Copy (ms): Min: 7.1, Avg: 7.1, Max: 7.2, Diff: 0.1, Sum: 28.6]
      [Termination (ms): Min: 0.0, Avg: 0.0, Max: 0.0, Diff: 0.0, Sum: 0.0]
         [Termination Attempts: Min: 1, Avg: 1.0, Max: 1, Diff: 0, Sum: 4]
      [GC Worker Other (ms): Min: 0.0, Avg: 0.0, Max: 0.0, Diff: 0.0, Sum: 0.1]
      [GC Worker Total (ms): Min: 14.7, Avg: 15.2, Max: 15.3, Diff: 0.7, Sum: 60.7]
      [GC Worker End (ms): Min: 32582888.1, Avg: 32582888.1, Max: 32582888.1, Diff: 0.0]
   [Code Root Fixup: 0.0 ms]
   [Code Root Purge: 0.0 ms]
   [Clear CT: 0.1 ms]
   [Other: 0.7 ms]
      [Choose CSet: 0.0 ms]
      [Ref Proc: 0.2 ms]
      [Ref Enq: 0.0 ms]
      [Redirty Cards: 0.1 ms]
      [Humongous Register: 0.0 ms]
      [Humongous Reclaim: 0.0 ms]
      [Free CSet: 0.1 ms]
   [Eden: 46.0M(46.0M)->0.0B(124.0M) Survivors: 5120.0K->5120.0K Heap: 285.7M(1024.0M)->239.7M(1024.0M)]
 [Times: user=0.06 sys=0.00, real=0.01 secs] 
2019-11-03T18:08:40.170+0800: 32593.281: [GC pause (G1 Evacuation Pause) (young), 0.0184459 secs]
   [Parallel Time: 17.6 ms, GC Workers: 4]
      [GC Worker Start (ms): Min: 32593281.5, Avg: 32593281.6, Max: 32593281.6, Diff: 0.1]
      [Ext Root Scanning (ms): Min: 0.8, Avg: 0.8, Max: 0.9, Diff: 0.1, Sum: 3.2]
      [Update RS (ms): Min: 2.0, Avg: 2.1, Max: 2.2, Diff: 0.2, Sum: 8.3]
         [Processed Buffers: Min: 5, Avg: 9.2, Max: 17, Diff: 12, Sum: 37]
      [Scan RS (ms): Min: 5.0, Avg: 5.1, Max: 5.2, Diff: 0.1, Sum: 20.4]
      [Code Root Scanning (ms): Min: 0.0, Avg: 0.0, Max: 0.0, Diff: 0.0, Sum: 0.0]
      [Object Copy (ms): Min: 9.4, Avg: 9.5, Max: 9.5, Diff: 0.0, Sum: 37.8]
      [Termination (ms): Min: 0.0, Avg: 0.0, Max: 0.0, Diff: 0.0, Sum: 0.0]
         [Termination Attempts: Min: 1, Avg: 3.8, Max: 7, Diff: 6, Sum: 15]
      [GC Worker Other (ms): Min: 0.0, Avg: 0.0, Max: 0.1, Diff: 0.0, Sum: 0.2]
      [GC Worker Total (ms): Min: 17.5, Avg: 17.5, Max: 17.5, Diff: 0.1, Sum: 70.0]
      [GC Worker End (ms): Min: 32593299.1, Avg: 32593299.1, Max: 32593299.1, Diff: 0.0]
   [Code Root Fixup: 0.0 ms]
   [Code Root Purge: 0.0 ms]
   [Clear CT: 0.1 ms]
   [Other: 0.7 ms]
      [Choose CSet: 0.0 ms]
      [Ref Proc: 0.1 ms]
      [Ref Enq: 0.0 ms]
      [Redirty Cards: 0.1 ms]
      [Humongous Register: 0.0 ms]
      [Humongous Reclaim: 0.0 ms]
      [Free CSet: 0.1 ms]
   [Eden: 46.0M(46.0M)->0.0B(131.0M) Survivors: 5120.0K->7168.0K Heap: 285.7M(1024.0M)->241.7M(1024.0M)]
 [Times: user=0.07 sys=0.00, real=0.01 secs] 
2019-11-03T18:08:50.078+0800: 32603.189: [GC pause (G1 Evacuation Pause) (young), 0.0190979 secs]
   [Parallel Time: 18.4 ms, GC Workers: 4]
      [GC Worker Start (ms): Min: 32603189.2, Avg: 32603189.4, Max: 32603190.0, Diff: 0.8]
      [Ext Root Scanning (ms): Min: 0.2, Avg: 0.8, Max: 1.0, Diff: 0.8, Sum: 3.3]
      [Update RS (ms): Min: 1.7, Avg: 1.9, Max: 2.1, Diff: 0.4, Sum: 7.6]
         [Processed Buffers: Min: 7, Avg: 8.5, Max: 9, Diff: 2, Sum: 34]
      [Scan RS (ms): Min: 4.7, Avg: 5.0, Max: 5.2, Diff: 0.5, Sum: 19.9]
      [Code Root Scanning (ms): Min: 0.0, Avg: 0.0, Max: 0.0, Diff: 0.0, Sum: 0.0]
      [Object Copy (ms): Min: 10.2, Avg: 10.3, Max: 10.4, Diff: 0.2, Sum: 41.4]
      [Termination (ms): Min: 0.0, Avg: 0.0, Max: 0.0, Diff: 0.0, Sum: 0.0]
         [Termination Attempts: Min: 1, Avg: 1.8, Max: 4, Diff: 3, Sum: 7]
      [GC Worker Other (ms): Min: 0.0, Avg: 0.0, Max: 0.0, Diff: 0.0, Sum: 0.1]
      [GC Worker Total (ms): Min: 17.5, Avg: 18.1, Max: 18.3, Diff: 0.8, Sum: 72.2]
      [GC Worker End (ms): Min: 32603207.4, Avg: 32603207.4, Max: 32603207.5, Diff: 0.0]
   [Code Root Fixup: 0.0 ms]
   [Code Root Purge: 0.0 ms]
   [Clear CT: 0.1 ms]
   [Other: 0.6 ms]
      [Choose CSet: 0.0 ms]
      [Ref Proc: 0.1 ms]
      [Ref Enq: 0.0 ms]
      [Redirty Cards: 0.1 ms]
      [Humongous Register: 0.0 ms]
      [Humongous Reclaim: 0.0 ms]
      [Free CSet: 0.1 ms]
   [Eden: 44.0M(44.0M)->0.0B(124.0M) Survivors: 7168.0K->5120.0K Heap: 285.7M(1024.0M)->240.8M(1024.0M)]
 [Times: user=0.07 sys=0.00, real=0.02 secs] 
2019-11-03T18:09:02.368+0800: 32615.478: [GC pause (G1 Evacuation Pause) (young), 0.0154374 secs]
   [Parallel Time: 14.7 ms, GC Workers: 4]
      [GC Worker Start (ms): Min: 32615478.7, Avg: 32615478.7, Max: 32615478.7, Diff: 0.1]
      [Ext Root Scanning (ms): Min: 0.7, Avg: 0.7, Max: 0.8, Diff: 0.1, Sum: 3.0]
      [Update RS (ms): Min: 1.9, Avg: 2.1, Max: 2.2, Diff: 0.2, Sum: 8.4]
         [Processed Buffers: Min: 1, Avg: 9.2, Max: 19, Diff: 18, Sum: 37]
      [Scan RS (ms): Min: 3.7, Avg: 3.8, Max: 4.0, Diff: 0.3, Sum: 15.1]
      [Code Root Scanning (ms): Min: 0.0, Avg: 0.0, Max: 0.0, Diff: 0.0, Sum: 0.0]
      [Object Copy (ms): Min: 7.9, Avg: 8.0, Max: 8.0, Diff: 0.1, Sum: 31.8]
      [Termination (ms): Min: 0.0, Avg: 0.0, Max: 0.0, Diff: 0.0, Sum: 0.0]
         [Termination Attempts: Min: 1, Avg: 1.0, Max: 1, Diff: 0, Sum: 4]
      [GC Worker Other (ms): Min: 0.0, Avg: 0.0, Max: 0.1, Diff: 0.0, Sum: 0.2]
      [GC Worker Total (ms): Min: 14.6, Avg: 14.6, Max: 14.6, Diff: 0.0, Sum: 58.5]
      [GC Worker End (ms): Min: 32615493.3, Avg: 32615493.3, Max: 32615493.3, Diff: 0.0]
   [Code Root Fixup: 0.0 ms]
   [Code Root Purge: 0.0 ms]
   [Clear CT: 0.1 ms]
   [Other: 0.6 ms]
      [Choose CSet: 0.0 ms]
      [Ref Proc: 0.1 ms]
      [Ref Enq: 0.0 ms]
      [Redirty Cards: 0.1 ms]
      [Humongous Register: 0.0 ms]
      [Humongous Reclaim: 0.0 ms]
      [Free CSet: 0.1 ms]
   [Eden: 54.0M(46.0M)->0.0B(150.0M) Survivors: 5120.0K->6144.0K Heap: 294.8M(1024.0M)->241.8M(1024.0M)]
 [Times: user=0.05 sys=0.00, real=0.02 secs] 
2019-11-03T18:09:12.509+0800: 32625.619: [GC pause (G1 Evacuation Pause) (young), 0.0184802 secs]
   [Parallel Time: 17.8 ms, GC Workers: 4]
      [GC Worker Start (ms): Min: 32625619.5, Avg: 32625619.5, Max: 32625619.5, Diff: 0.1]
      [Ext Root Scanning (ms): Min: 0.8, Avg: 0.8, Max: 0.8, Diff: 0.1, Sum: 3.2]
      [Update RS (ms): Min: 2.2, Avg: 2.3, Max: 2.5, Diff: 0.3, Sum: 9.2]
         [Processed Buffers: Min: 3, Avg: 8.2, Max: 12, Diff: 9, Sum: 33]
      [Scan RS (ms): Min: 5.3, Avg: 5.6, Max: 5.7, Diff: 0.4, Sum: 22.3]
      [Code Root Scanning (ms): Min: 0.0, Avg: 0.0, Max: 0.0, Diff: 0.0, Sum: 0.0]
      [Object Copy (ms): Min: 8.8, Avg: 9.0, Max: 9.1, Diff: 0.3, Sum: 35.8]
      [Termination (ms): Min: 0.0, Avg: 0.0, Max: 0.0, Diff: 0.0, Sum: 0.0]
         [Termination Attempts: Min: 1, Avg: 1.5, Max: 2, Diff: 1, Sum: 6]
      [GC Worker Other (ms): Min: 0.0, Avg: 0.0, Max: 0.1, Diff: 0.0, Sum: 0.2]
      [GC Worker Total (ms): Min: 17.7, Avg: 17.7, Max: 17.7, Diff: 0.0, Sum: 70.8]
      [GC Worker End (ms): Min: 32625637.2, Avg: 32625637.2, Max: 32625637.2, Diff: 0.0]
   [Code Root Fixup: 0.0 ms]
   [Code Root Purge: 0.0 ms]
   [Clear CT: 0.1 ms]
   [Other: 0.6 ms]
      [Choose CSet: 0.0 ms]
      [Ref Proc: 0.2 ms]
      [Ref Enq: 0.0 ms]
      [Redirty Cards: 0.1 ms]
      [Humongous Register: 0.0 ms]
      [Humongous Reclaim: 0.0 ms]
      [Free CSet: 0.1 ms]
   [Eden: 45.0M(45.0M)->0.0B(148.0M) Survivors: 6144.0K->5120.0K Heap: 286.8M(1024.0M)->241.2M(1024.0M)]
 [Times: user=0.07 sys=0.00, real=0.02 secs] 
2019-11-03T18:09:24.751+0800: 32637.861: [GC pause (G1 Evacuation Pause) (young), 0.0166405 secs]
   [Parallel Time: 16.0 ms, GC Workers: 4]
      [GC Worker Start (ms): Min: 32637860.9, Avg: 32637861.1, Max: 32637861.8, Diff: 1.0]
      [Ext Root Scanning (ms): Min: 0.1, Avg: 0.8, Max: 1.0, Diff: 0.9, Sum: 3.0]
      [Update RS (ms): Min: 1.4, Avg: 2.0, Max: 2.3, Diff: 0.9, Sum: 7.9]
         [Processed Buffers: Min: 2, Avg: 9.0, Max: 14, Diff: 12, Sum: 36]
      [Scan RS (ms): Min: 4.2, Avg: 4.5, Max: 5.1, Diff: 0.9, Sum: 18.2]
      [Code Root Scanning (ms): Min: 0.0, Avg: 0.0, Max: 0.0, Diff: 0.0, Sum: 0.0]
      [Object Copy (ms): Min: 8.4, Avg: 8.4, Max: 8.5, Diff: 0.1, Sum: 33.6]
      [Termination (ms): Min: 0.0, Avg: 0.0, Max: 0.0, Diff: 0.0, Sum: 0.0]
         [Termination Attempts: Min: 1, Avg: 1.0, Max: 1, Diff: 0, Sum: 4]
      [GC Worker Other (ms): Min: 0.0, Avg: 0.0, Max: 0.1, Diff: 0.0, Sum: 0.1]
      [GC Worker Total (ms): Min: 15.0, Avg: 15.7, Max: 16.0, Diff: 0.9, Sum: 62.9]
      [GC Worker End (ms): Min: 32637876.8, Avg: 32637876.8, Max: 32637876.8, Diff: 0.0]
   [Code Root Fixup: 0.0 ms]
   [Code Root Purge: 0.0 ms]
   [Clear CT: 0.0 ms]
   [Other: 0.5 ms]
      [Choose CSet: 0.0 ms]
      [Ref Proc: 0.1 ms]
      [Ref Enq: 0.0 ms]
      [Redirty Cards: 0.0 ms]
      [Humongous Register: 0.0 ms]
      [Humongous Reclaim: 0.0 ms]
      [Free CSet: 0.1 ms]
   [Eden: 54.0M(46.0M)->0.0B(182.0M) Survivors: 5120.0K->6144.0K Heap: 295.2M(1024.0M)->242.2M(1024.0M)]
 [Times: user=0.07 sys=0.00, real=0.01 secs] 
2019-11-03T18:09:49.909+0800: 32663.018: [GC pause (G1 Evacuation Pause) (young), 0.0183024 secs]
   [Parallel Time: 17.4 ms, GC Workers: 4]
      [GC Worker Start (ms): Min: 32663018.4, Avg: 32663018.4, Max: 32663018.4, Diff: 0.1]
      [Ext Root Scanning (ms): Min: 0.5, Avg: 0.6, Max: 0.7, Diff: 0.2, Sum: 2.5]
      [Update RS (ms): Min: 1.0, Avg: 1.9, Max: 2.3, Diff: 1.3, Sum: 7.5]
         [Processed Buffers: Min: 1, Avg: 9.2, Max: 17, Diff: 16, Sum: 37]
      [Scan RS (ms): Min: 3.3, Avg: 3.4, Max: 3.6, Diff: 0.3, Sum: 13.8]
      [Code Root Scanning (ms): Min: 0.0, Avg: 0.0, Max: 0.0, Diff: 0.0, Sum: 0.0]
      [Object Copy (ms): Min: 10.8, Avg: 11.2, Max: 12.1, Diff: 1.2, Sum: 44.9]
      [Termination (ms): Min: 0.0, Avg: 0.1, Max: 0.1, Diff: 0.1, Sum: 0.4]
         [Termination Attempts: Min: 1, Avg: 1.8, Max: 3, Diff: 2, Sum: 7]
      [GC Worker Other (ms): Min: 0.0, Avg: 0.0, Max: 0.0, Diff: 0.0, Sum: 0.1]
      [GC Worker Total (ms): Min: 17.2, Avg: 17.3, Max: 17.3, Diff: 0.1, Sum: 69.1]
      [GC Worker End (ms): Min: 32663035.7, Avg: 32663035.7, Max: 32663035.7, Diff: 0.0]
   [Code Root Fixup: 0.0 ms]
   [Code Root Purge: 0.0 ms]
   [Clear CT: 0.1 ms]
   [Other: 0.7 ms]
      [Choose CSet: 0.0 ms]
      [Ref Proc: 0.3 ms]
      [Ref Enq: 0.0 ms]
      [Redirty Cards: 0.1 ms]
      [Humongous Register: 0.0 ms]
      [Humongous Reclaim: 0.0 ms]
      [Free CSet: 0.1 ms]
   [Eden: 111.0M(45.0M)->0.0B(195.0M) Survivors: 6144.0K->6144.0K Heap: 353.2M(1024.0M)->243.0M(1024.0M)]
 [Times: user=0.06 sys=0.00, real=0.02 secs] 
2019-11-03T18:10:13.120+0800: 32686.228: [GC pause (G1 Evacuation Pause) (young), 0.0212317 secs]
   [Parallel Time: 20.4 ms, GC Workers: 4]
      [GC Worker Start (ms): Min: 32686228.6, Avg: 32686228.7, Max: 32686229.0, Diff: 0.5]
      [Ext Root Scanning (ms): Min: 0.5, Avg: 0.8, Max: 1.0, Diff: 0.5, Sum: 3.4]
      [Update RS (ms): Min: 2.8, Avg: 2.8, Max: 2.9, Diff: 0.1, Sum: 11.3]
         [Processed Buffers: Min: 2, Avg: 10.0, Max: 24, Diff: 22, Sum: 40]
      [Scan RS (ms): Min: 6.3, Avg: 6.4, Max: 6.5, Diff: 0.1, Sum: 25.6]
      [Code Root Scanning (ms): Min: 0.0, Avg: 0.0, Max: 0.0, Diff: 0.0, Sum: 0.0]
      [Object Copy (ms): Min: 10.0, Avg: 10.1, Max: 10.1, Diff: 0.1, Sum: 40.3]
      [Termination (ms): Min: 0.0, Avg: 0.0, Max: 0.0, Diff: 0.0, Sum: 0.0]
         [Termination Attempts: Min: 1, Avg: 4.0, Max: 10, Diff: 9, Sum: 16]
      [GC Worker Other (ms): Min: 0.0, Avg: 0.0, Max: 0.0, Diff: 0.0, Sum: 0.1]
      [GC Worker Total (ms): Min: 19.8, Avg: 20.2, Max: 20.3, Diff: 0.5, Sum: 80.8]
      [GC Worker End (ms): Min: 32686248.9, Avg: 32686248.9, Max: 32686248.9, Diff: 0.0]
   [Code Root Fixup: 0.0 ms]
   [Code Root Purge: 0.0 ms]
   [Clear CT: 0.1 ms]
   [Other: 0.7 ms]
      [Choose CSet: 0.0 ms]
      [Ref Proc: 0.1 ms]
      [Ref Enq: 0.0 ms]
      [Redirty Cards: 0.2 ms]
      [Humongous Register: 0.0 ms]
      [Humongous Reclaim: 0.0 ms]
      [Free CSet: 0.1 ms]
   [Eden: 103.0M(45.0M)->0.0B(162.0M) Survivors: 6144.0K->5120.0K Heap: 346.0M(1024.0M)->243.2M(1024.0M)]
 [Times: user=0.07 sys=0.00, real=0.02 secs] 
2019-11-03T18:10:32.847+0800: 32705.954: [GC pause (G1 Evacuation Pause) (young), 0.0187356 secs]
   [Parallel Time: 17.9 ms, GC Workers: 4]
      [GC Worker Start (ms): Min: 32705954.4, Avg: 32705954.6, Max: 32705955.0, Diff: 0.6]
      [Ext Root Scanning (ms): Min: 0.4, Avg: 0.8, Max: 1.0, Diff: 0.6, Sum: 3.3]
      [Update RS (ms): Min: 2.6, Avg: 2.9, Max: 3.2, Diff: 0.7, Sum: 11.6]
         [Processed Buffers: Min: 1, Avg: 8.8, Max: 19, Diff: 18, Sum: 35]
      [Scan RS (ms): Min: 5.2, Avg: 5.5, Max: 5.9, Diff: 0.7, Sum: 22.1]
      [Code Root Scanning (ms): Min: 0.0, Avg: 0.0, Max: 0.0, Diff: 0.0, Sum: 0.0]
      [Object Copy (ms): Min: 8.3, Avg: 8.4, Max: 8.4, Diff: 0.1, Sum: 33.5]
      [Termination (ms): Min: 0.0, Avg: 0.0, Max: 0.0, Diff: 0.0, Sum: 0.0]
         [Termination Attempts: Min: 1, Avg: 1.5, Max: 2, Diff: 1, Sum: 6]
      [GC Worker Other (ms): Min: 0.0, Avg: 0.0, Max: 0.1, Diff: 0.0, Sum: 0.2]
      [GC Worker Total (ms): Min: 17.2, Avg: 17.7, Max: 17.8, Diff: 0.6, Sum: 70.6]
      [GC Worker End (ms): Min: 32705972.3, Avg: 32705972.3, Max: 32705972.3, Diff: 0.0]
   [Code Root Fixup: 0.0 ms]
   [Code Root Purge: 0.0 ms]
   [Clear CT: 0.2 ms]
   [Other: 0.6 ms]
      [Choose CSet: 0.0 ms]
      [Ref Proc: 0.1 ms]
      [Ref Enq: 0.0 ms]
      [Redirty Cards: 0.1 ms]
      [Humongous Register: 0.0 ms]
      [Humongous Reclaim: 0.0 ms]
      [Free CSet: 0.1 ms]
   [Eden: 87.0M(46.0M)->0.0B(159.0M) Survivors: 5120.0K->5120.0K Heap: 330.2M(1024.0M)->243.2M(1024.0M)]
 [Times: user=0.07 sys=0.00, real=0.02 secs] 
2019-11-03T18:10:43.793+0800: 32716.900: [GC pause (G1 Evacuation Pause) (young), 0.0191532 secs]
   [Parallel Time: 18.4 ms, GC Workers: 4]
      [GC Worker Start (ms): Min: 32716900.2, Avg: 32716900.3, Max: 32716900.3, Diff: 0.1]
      [Ext Root Scanning (ms): Min: 0.8, Avg: 0.8, Max: 0.8, Diff: 0.1, Sum: 3.2]
      [Update RS (ms): Min: 1.5, Avg: 1.7, Max: 1.9, Diff: 0.5, Sum: 6.6]
         [Processed Buffers: Min: 4, Avg: 8.5, Max: 12, Diff: 8, Sum: 34]
      [Scan RS (ms): Min: 6.0, Avg: 6.2, Max: 6.3, Diff: 0.3, Sum: 24.9]
      [Code Root Scanning (ms): Min: 0.0, Avg: 0.0, Max: 0.0, Diff: 0.0, Sum: 0.0]
      [Object Copy (ms): Min: 9.5, Avg: 9.6, Max: 9.6, Diff: 0.1, Sum: 38.3]
      [Termination (ms): Min: 0.0, Avg: 0.0, Max: 0.0, Diff: 0.0, Sum: 0.0]
         [Termination Attempts: Min: 1, Avg: 1.0, Max: 1, Diff: 0, Sum: 4]
      [GC Worker Other (ms): Min: 0.0, Avg: 0.0, Max: 0.1, Diff: 0.0, Sum: 0.2]
      [GC Worker Total (ms): Min: 18.3, Avg: 18.3, Max: 18.3, Diff: 0.0, Sum: 73.2]
      [GC Worker End (ms): Min: 32716918.6, Avg: 32716918.6, Max: 32716918.6, Diff: 0.0]
   [Code Root Fixup: 0.0 ms]
   [Code Root Purge: 0.0 ms]
   [Clear CT: 0.1 ms]
   [Other: 0.6 ms]
      [Choose CSet: 0.0 ms]
      [Ref Proc: 0.1 ms]
      [Ref Enq: 0.0 ms]
      [Redirty Cards: 0.1 ms]
      [Humongous Register: 0.0 ms]
      [Humongous Reclaim: 0.0 ms]
      [Free CSet: 0.1 ms]
   [Eden: 48.0M(46.0M)->0.0B(87.0M) Survivors: 5120.0K->5120.0K Heap: 291.2M(1024.0M)->243.6M(1024.0M)]
 [Times: user=0.07 sys=0.00, real=0.02 secs] 
2019-11-03T18:11:03.586+0800: 32736.692: [GC pause (G1 Evacuation Pause) (young), 0.0216450 secs]
   [Parallel Time: 20.1 ms, GC Workers: 4]
      [GC Worker Start (ms): Min: 32736692.1, Avg: 32736692.2, Max: 32736692.2, Diff: 0.1]
      [Ext Root Scanning (ms): Min: 0.6, Avg: 0.6, Max: 0.7, Diff: 0.1, Sum: 2.5]
      [Update RS (ms): Min: 1.6, Avg: 1.8, Max: 2.0, Diff: 0.3, Sum: 7.1]
         [Processed Buffers: Min: 1, Avg: 9.0, Max: 16, Diff: 15, Sum: 36]
      [Scan RS (ms): Min: 4.9, Avg: 5.0, Max: 5.1, Diff: 0.3, Sum: 20.0]
      [Code Root Scanning (ms): Min: 0.0, Avg: 0.0, Max: 0.0, Diff: 0.0, Sum: 0.0]
      [Object Copy (ms): Min: 12.3, Avg: 12.4, Max: 12.5, Diff: 0.2, Sum: 49.6]
      [Termination (ms): Min: 0.0, Avg: 0.1, Max: 0.2, Diff: 0.2, Sum: 0.5]
         [Termination Attempts: Min: 1, Avg: 2.2, Max: 3, Diff: 2, Sum: 9]
      [GC Worker Other (ms): Min: 0.0, Avg: 0.0, Max: 0.0, Diff: 0.0, Sum: 0.1]
      [GC Worker Total (ms): Min: 19.9, Avg: 20.0, Max: 20.0, Diff: 0.1, Sum: 79.9]
      [GC Worker End (ms): Min: 32736712.1, Avg: 32736712.1, Max: 32736712.2, Diff: 0.1]
   [Code Root Fixup: 0.0 ms]
   [Code Root Purge: 0.0 ms]
   [Clear CT: 0.2 ms]
   [Other: 1.4 ms]
      [Choose CSet: 0.0 ms]
      [Ref Proc: 0.4 ms]
      [Ref Enq: 0.0 ms]
      [Redirty Cards: 0.2 ms]
      [Humongous Register: 0.0 ms]
      [Humongous Reclaim: 0.0 ms]
      [Free CSet: 0.4 ms]
   [Eden: 87.0M(87.0M)->0.0B(77.0M) Survivors: 5120.0K->6144.0K Heap: 330.6M(1024.0M)->245.1M(1024.0M)]
 [Times: user=0.07 sys=0.00, real=0.02 secs] 
2019-11-03T18:11:21.210+0800: 32754.315: [GC pause (G1 Evacuation Pause) (young), 0.0226186 secs]
   [Parallel Time: 21.9 ms, GC Workers: 4]
      [GC Worker Start (ms): Min: 32754315.5, Avg: 32754315.6, Max: 32754315.6, Diff: 0.1]
      [Ext Root Scanning (ms): Min: 0.8, Avg: 0.9, Max: 1.0, Diff: 0.2, Sum: 3.6]
      [Update RS (ms): Min: 2.4, Avg: 2.6, Max: 2.9, Diff: 0.5, Sum: 10.4]
         [Processed Buffers: Min: 1, Avg: 10.2, Max: 22, Diff: 21, Sum: 41]
      [Scan RS (ms): Min: 5.9, Avg: 6.2, Max: 6.3, Diff: 0.4, Sum: 24.7]
      [Code Root Scanning (ms): Min: 0.0, Avg: 0.0, Max: 0.0, Diff: 0.0, Sum: 0.0]
      [Object Copy (ms): Min: 12.1, Avg: 12.1, Max: 12.2, Diff: 0.1, Sum: 48.4]
      [Termination (ms): Min: 0.0, Avg: 0.0, Max: 0.0, Diff: 0.0, Sum: 0.0]
         [Termination Attempts: Min: 1, Avg: 2.2, Max: 4, Diff: 3, Sum: 9]
      [GC Worker Other (ms): Min: 0.0, Avg: 0.0, Max: 0.0, Diff: 0.0, Sum: 0.1]
      [GC Worker Total (ms): Min: 21.8, Avg: 21.8, Max: 21.8, Diff: 0.0, Sum: 87.3]
      [GC Worker End (ms): Min: 32754337.4, Avg: 32754337.4, Max: 32754337.4, Diff: 0.0]
   [Code Root Fixup: 0.0 ms]
   [Code Root Purge: 0.0 ms]
   [Clear CT: 0.1 ms]
   [Other: 0.6 ms]
      [Choose CSet: 0.0 ms]
      [Ref Proc: 0.1 ms]
      [Ref Enq: 0.0 ms]
      [Redirty Cards: 0.1 ms]
      [Humongous Register: 0.0 ms]
      [Humongous Reclaim: 0.0 ms]
      [Free CSet: 0.1 ms]
   [Eden: 77.0M(77.0M)->0.0B(44.0M) Survivors: 6144.0K->7168.0K Heap: 322.1M(1024.0M)->245.6M(1024.0M)]
 [Times: user=0.08 sys=0.00, real=0.02 secs] 
2019-11-03T18:11:31.299+0800: 32764.404: [GC pause (G1 Evacuation Pause) (young), 0.0285185 secs]
   [Parallel Time: 27.7 ms, GC Workers: 4]
      [GC Worker Start (ms): Min: 32764403.9, Avg: 32764404.1, Max: 32764404.4, Diff: 0.4]
      [Ext Root Scanning (ms): Min: 0.5, Avg: 0.8, Max: 1.0, Diff: 0.4, Sum: 3.3]
      [Update RS (ms): Min: 2.7, Avg: 2.9, Max: 3.3, Diff: 0.6, Sum: 11.6]
         [Processed Buffers: Min: 1, Avg: 9.2, Max: 17, Diff: 16, Sum: 37]
      [Scan RS (ms): Min: 5.2, Avg: 5.6, Max: 5.9, Diff: 0.7, Sum: 22.5]
      [Code Root Scanning (ms): Min: 0.0, Avg: 0.0, Max: 0.0, Diff: 0.0, Sum: 0.0]
      [Object Copy (ms): Min: 18.1, Avg: 18.2, Max: 18.2, Diff: 0.1, Sum: 72.7]
      [Termination (ms): Min: 0.0, Avg: 0.0, Max: 0.0, Diff: 0.0, Sum: 0.0]
         [Termination Attempts: Min: 1, Avg: 1.0, Max: 1, Diff: 0, Sum: 4]
      [GC Worker Other (ms): Min: 0.0, Avg: 0.0, Max: 0.0, Diff: 0.0, Sum: 0.1]
      [GC Worker Total (ms): Min: 27.2, Avg: 27.5, Max: 27.7, Diff: 0.4, Sum: 110.1]
      [GC Worker End (ms): Min: 32764431.6, Avg: 32764431.6, Max: 32764431.6, Diff: 0.0]
   [Code Root Fixup: 0.0 ms]
   [Code Root Purge: 0.0 ms]
   [Clear CT: 0.1 ms]
   [Other: 0.7 ms]
      [Choose CSet: 0.0 ms]
      [Ref Proc: 0.2 ms]
      [Ref Enq: 0.0 ms]
      [Redirty Cards: 0.1 ms]
      [Humongous Register: 0.0 ms]
      [Humongous Reclaim: 0.0 ms]
      [Free CSet: 0.1 ms]
   [Eden: 44.0M(44.0M)->0.0B(45.0M) Survivors: 7168.0K->6144.0K Heap: 289.6M(1024.0M)->246.6M(1024.0M)]
 [Times: user=0.08 sys=0.01, real=0.03 secs] 
2019-11-03T18:11:41.560+0800: 32774.665: [GC pause (G1 Evacuation Pause) (young), 0.0188042 secs]
   [Parallel Time: 17.5 ms, GC Workers: 4]
      [GC Worker Start (ms): Min: 32774665.0, Avg: 32774665.3, Max: 32774666.1, Diff: 1.1]
      [Ext Root Scanning (ms): Min: 0.0, Avg: 0.5, Max: 0.8, Diff: 0.8, Sum: 2.0]
      [Update RS (ms): Min: 1.4, Avg: 1.4, Max: 1.5, Diff: 0.2, Sum: 5.7]
         [Processed Buffers: Min: 7, Avg: 9.2, Max: 14, Diff: 7, Sum: 37]
      [Scan RS (ms): Min: 4.0, Avg: 4.0, Max: 4.1, Diff: 0.2, Sum: 16.2]
      [Code Root Scanning (ms): Min: 0.0, Avg: 0.0, Max: 0.0, Diff: 0.0, Sum: 0.0]
      [Object Copy (ms): Min: 11.0, Avg: 11.1, Max: 11.2, Diff: 0.1, Sum: 44.5]
      [Termination (ms): Min: 0.0, Avg: 0.0, Max: 0.0, Diff: 0.0, Sum: 0.0]
         [Termination Attempts: Min: 1, Avg: 1.0, Max: 1, Diff: 0, Sum: 4]
      [GC Worker Other (ms): Min: 0.0, Avg: 0.0, Max: 0.0, Diff: 0.0, Sum: 0.1]
      [GC Worker Total (ms): Min: 16.4, Avg: 17.1, Max: 17.4, Diff: 1.1, Sum: 68.5]
      [GC Worker End (ms): Min: 32774682.5, Avg: 32774682.5, Max: 32774682.5, Diff: 0.0]
   [Code Root Fixup: 0.0 ms]
   [Code Root Purge: 0.0 ms]
   [Clear CT: 0.2 ms]
   [Other: 1.1 ms]
      [Choose CSet: 0.0 ms]
      [Ref Proc: 0.6 ms]
      [Ref Enq: 0.0 ms]
      [Redirty Cards: 0.1 ms]
      [Humongous Register: 0.1 ms]
      [Humongous Reclaim: 0.0 ms]
      [Free CSet: 0.1 ms]
   [Eden: 45.0M(45.0M)->0.0B(46.0M) Survivors: 6144.0K->5120.0K Heap: 291.6M(1024.0M)->247.7M(1024.0M)]
 [Times: user=0.06 sys=0.00, real=0.01 secs] 
2019-11-03T18:11:52.093+0800: 32785.197: [GC pause (G1 Evacuation Pause) (young), 0.0210527 secs]
   [Parallel Time: 19.8 ms, GC Workers: 4]
      [GC Worker Start (ms): Min: 32785197.6, Avg: 32785198.4, Max: 32785200.5, Diff: 2.9]
      [Ext Root Scanning (ms): Min: 0.0, Avg: 1.9, Max: 2.6, Diff: 2.6, Sum: 7.4]
      [Update RS (ms): Min: 1.7, Avg: 1.8, Max: 2.0, Diff: 0.3, Sum: 7.2]
         [Processed Buffers: Min: 6, Avg: 8.0, Max: 13, Diff: 7, Sum: 32]
      [Scan RS (ms): Min: 4.8, Avg: 5.6, Max: 7.4, Diff: 2.6, Sum: 22.5]
      [Code Root Scanning (ms): Min: 0.0, Avg: 0.0, Max: 0.0, Diff: 0.0, Sum: 0.0]
      [Object Copy (ms): Min: 7.8, Avg: 9.5, Max: 10.2, Diff: 2.4, Sum: 38.1]
      [Termination (ms): Min: 0.0, Avg: 0.1, Max: 0.2, Diff: 0.2, Sum: 0.5]
         [Termination Attempts: Min: 1, Avg: 2.5, Max: 5, Diff: 4, Sum: 10]
      [GC Worker Other (ms): Min: 0.0, Avg: 0.0, Max: 0.0, Diff: 0.0, Sum: 0.1]
      [GC Worker Total (ms): Min: 16.8, Avg: 18.9, Max: 19.7, Diff: 2.9, Sum: 75.7]
      [GC Worker End (ms): Min: 32785217.3, Avg: 32785217.4, Max: 32785217.4, Diff: 0.0]
   [Code Root Fixup: 0.0 ms]
   [Code Root Purge: 0.0 ms]
   [Clear CT: 0.4 ms]
   [Other: 0.8 ms]
      [Choose CSet: 0.0 ms]
      [Ref Proc: 0.2 ms]
      [Ref Enq: 0.0 ms]
      [Redirty Cards: 0.1 ms]
      [Humongous Register: 0.1 ms]
      [Humongous Reclaim: 0.0 ms]
      [Free CSet: 0.1 ms]
   [Eden: 46.0M(46.0M)->0.0B(46.0M) Survivors: 5120.0K->5120.0K Heap: 293.7M(1024.0M)->247.7M(1024.0M)]
 [Times: user=0.05 sys=0.00, real=0.02 secs] 
2019-11-03T18:12:02.569+0800: 32795.673: [GC pause (G1 Evacuation Pause) (young), 0.0221740 secs]
   [Parallel Time: 21.3 ms, GC Workers: 4]
      [GC Worker Start (ms): Min: 32795673.1, Avg: 32795673.2, Max: 32795673.5, Diff: 0.4]
      [Ext Root Scanning (ms): Min: 0.6, Avg: 2.3, Max: 6.6, Diff: 6.0, Sum: 9.3]
      [Update RS (ms): Min: 0.0, Avg: 3.8, Max: 5.1, Diff: 5.1, Sum: 15.0]
         [Processed Buffers: Min: 0, Avg: 9.8, Max: 34, Diff: 34, Sum: 39]
      [Scan RS (ms): Min: 4.4, Avg: 4.9, Max: 5.1, Diff: 0.7, Sum: 19.5]
      [Code Root Scanning (ms): Min: 0.0, Avg: 0.0, Max: 0.0, Diff: 0.0, Sum: 0.0]
      [Object Copy (ms): Min: 9.2, Avg: 9.3, Max: 9.4, Diff: 0.2, Sum: 37.1]
      [Termination (ms): Min: 0.0, Avg: 0.3, Max: 0.8, Diff: 0.8, Sum: 1.3]
         [Termination Attempts: Min: 1, Avg: 3.0, Max: 7, Diff: 6, Sum: 12]
      [GC Worker Other (ms): Min: 0.0, Avg: 0.0, Max: 0.0, Diff: 0.0, Sum: 0.1]
      [GC Worker Total (ms): Min: 20.0, Avg: 20.6, Max: 21.2, Diff: 1.1, Sum: 82.3]
      [GC Worker End (ms): Min: 32795693.5, Avg: 32795693.8, Max: 32795694.2, Diff: 0.7]
   [Code Root Fixup: 0.0 ms]
   [Code Root Purge: 0.0 ms]
   [Clear CT: 0.1 ms]
   [Other: 0.8 ms]
      [Choose CSet: 0.0 ms]
      [Ref Proc: 0.3 ms]
      [Ref Enq: 0.0 ms]
      [Redirty Cards: 0.1 ms]
      [Humongous Register: 0.0 ms]
      [Humongous Reclaim: 0.0 ms]
      [Free CSet: 0.1 ms]
   [Eden: 46.0M(46.0M)->0.0B(46.0M) Survivors: 5120.0K->5120.0K Heap: 293.7M(1024.0M)->247.2M(1024.0M)]
 [Times: user=0.07 sys=0.00, real=0.03 secs] 
2019-11-03T18:12:13.132+0800: 32806.236: [GC pause (G1 Evacuation Pause) (young), 0.0209054 secs]
   [Parallel Time: 20.3 ms, GC Workers: 4]
      [GC Worker Start (ms): Min: 32806235.8, Avg: 32806235.9, Max: 32806236.1, Diff: 0.3]
      [Ext Root Scanning (ms): Min: 0.7, Avg: 0.8, Max: 1.0, Diff: 0.3, Sum: 3.4]
      [Update RS (ms): Min: 1.9, Avg: 2.2, Max: 2.6, Diff: 0.7, Sum: 8.9]
         [Processed Buffers: Min: 1, Avg: 9.0, Max: 17, Diff: 16, Sum: 36]
      [Scan RS (ms): Min: 6.5, Avg: 6.9, Max: 7.4, Diff: 0.9, Sum: 27.7]
      [Code Root Scanning (ms): Min: 0.0, Avg: 0.0, Max: 0.0, Diff: 0.0, Sum: 0.0]
      [Object Copy (ms): Min: 9.8, Avg: 10.1, Max: 10.4, Diff: 0.6, Sum: 40.4]
      [Termination (ms): Min: 0.0, Avg: 0.0, Max: 0.0, Diff: 0.0, Sum: 0.0]
         [Termination Attempts: Min: 1, Avg: 1.2, Max: 2, Diff: 1, Sum: 5]
      [GC Worker Other (ms): Min: 0.0, Avg: 0.0, Max: 0.1, Diff: 0.0, Sum: 0.2]
      [GC Worker Total (ms): Min: 19.9, Avg: 20.1, Max: 20.2, Diff: 0.3, Sum: 80.6]
      [GC Worker End (ms): Min: 32806256.0, Avg: 32806256.1, Max: 32806256.1, Diff: 0.0]
   [Code Root Fixup: 0.0 ms]
   [Code Root Purge: 0.0 ms]
   [Clear CT: 0.1 ms]
   [Other: 0.5 ms]
      [Choose CSet: 0.0 ms]
      [Ref Proc: 0.1 ms]
      [Ref Enq: 0.0 ms]
      [Redirty Cards: 0.1 ms]
      [Humongous Register: 0.0 ms]
      [Humongous Reclaim: 0.0 ms]
      [Free CSet: 0.1 ms]
   [Eden: 46.0M(46.0M)->0.0B(44.0M) Survivors: 5120.0K->7168.0K Heap: 293.2M(1024.0M)->249.2M(1024.0M)]
 [Times: user=0.08 sys=0.00, real=0.02 secs] 
2019-11-03T18:12:23.154+0800: 32816.257: [GC pause (G1 Evacuation Pause) (young), 0.0199053 secs]
   [Parallel Time: 19.1 ms, GC Workers: 4]
      [GC Worker Start (ms): Min: 32816257.2, Avg: 32816257.3, Max: 32816257.6, Diff: 0.4]
      [Ext Root Scanning (ms): Min: 0.5, Avg: 0.8, Max: 0.9, Diff: 0.4, Sum: 3.2]
      [Update RS (ms): Min: 1.8, Avg: 2.2, Max: 2.7, Diff: 0.9, Sum: 9.0]
         [Processed Buffers: Min: 2, Avg: 7.0, Max: 13, Diff: 11, Sum: 28]
      [Scan RS (ms): Min: 4.8, Avg: 5.3, Max: 5.7, Diff: 0.9, Sum: 21.2]
      [Code Root Scanning (ms): Min: 0.0, Avg: 0.0, Max: 0.0, Diff: 0.0, Sum: 0.0]
      [Object Copy (ms): Min: 10.4, Avg: 10.5, Max: 10.6, Diff: 0.2, Sum: 42.0]
      [Termination (ms): Min: 0.0, Avg: 0.0, Max: 0.0, Diff: 0.0, Sum: 0.0]
         [Termination Attempts: Min: 1, Avg: 1.0, Max: 1, Diff: 0, Sum: 4]
      [GC Worker Other (ms): Min: 0.0, Avg: 0.0, Max: 0.0, Diff: 0.0, Sum: 0.1]
      [GC Worker Total (ms): Min: 18.6, Avg: 18.9, Max: 19.0, Diff: 0.4, Sum: 75.5]
      [GC Worker End (ms): Min: 32816276.2, Avg: 32816276.2, Max: 32816276.2, Diff: 0.0]
   [Code Root Fixup: 0.0 ms]
   [Code Root Purge: 0.0 ms]
   [Clear CT: 0.1 ms]
   [Other: 0.7 ms]
      [Choose CSet: 0.0 ms]
      [Ref Proc: 0.3 ms]
      [Ref Enq: 0.0 ms]
      [Redirty Cards: 0.1 ms]
      [Humongous Register: 0.0 ms]
      [Humongous Reclaim: 0.0 ms]
      [Free CSet: 0.1 ms]
   [Eden: 44.0M(44.0M)->0.0B(46.0M) Survivors: 7168.0K->5120.0K Heap: 293.2M(1024.0M)->248.7M(1024.0M)]
 [Times: user=0.07 sys=0.01, real=0.02 secs] 
2019-11-03T18:12:33.726+0800: 32826.829: [GC pause (G1 Evacuation Pause) (young), 0.0173518 secs]
   [Parallel Time: 16.6 ms, GC Workers: 4]
      [GC Worker Start (ms): Min: 32826828.8, Avg: 32826828.9, Max: 32826828.9, Diff: 0.1]
      [Ext Root Scanning (ms): Min: 0.6, Avg: 0.7, Max: 0.8, Diff: 0.1, Sum: 2.8]
      [Update RS (ms): Min: 2.8, Avg: 3.1, Max: 3.2, Diff: 0.4, Sum: 12.3]
         [Processed Buffers: Min: 2, Avg: 8.8, Max: 13, Diff: 11, Sum: 35]
      [Scan RS (ms): Min: 4.1, Avg: 4.2, Max: 4.5, Diff: 0.4, Sum: 16.9]
      [Code Root Scanning (ms): Min: 0.0, Avg: 0.0, Max: 0.0, Diff: 0.0, Sum: 0.0]
      [Object Copy (ms): Min: 8.4, Avg: 8.5, Max: 8.5, Diff: 0.0, Sum: 33.8]
      [Termination (ms): Min: 0.0, Avg: 0.0, Max: 0.0, Diff: 0.0, Sum: 0.0]
         [Termination Attempts: Min: 1, Avg: 1.0, Max: 1, Diff: 0, Sum: 4]
      [GC Worker Other (ms): Min: 0.0, Avg: 0.0, Max: 0.1, Diff: 0.0, Sum: 0.2]
      [GC Worker Total (ms): Min: 16.5, Avg: 16.5, Max: 16.5, Diff: 0.1, Sum: 66.0]
      [GC Worker End (ms): Min: 32826845.4, Avg: 32826845.4, Max: 32826845.4, Diff: 0.0]
   [Code Root Fixup: 0.0 ms]
   [Code Root Purge: 0.0 ms]
   [Clear CT: 0.1 ms]
   [Other: 0.6 ms]
      [Choose CSet: 0.0 ms]
      [Ref Proc: 0.1 ms]
      [Ref Enq: 0.0 ms]
      [Redirty Cards: 0.1 ms]
      [Humongous Register: 0.0 ms]
      [Humongous Reclaim: 0.1 ms]
      [Free CSet: 0.1 ms]
   [Eden: 46.0M(46.0M)->0.0B(68.0M) Survivors: 5120.0K->5120.0K Heap: 294.7M(1024.0M)->248.7M(1024.0M)]
 [Times: user=0.06 sys=0.00, real=0.02 secs] 
2019-11-03T18:12:46.875+0800: 32839.977: [GC pause (G1 Evacuation Pause) (young), 0.0190224 secs]
   [Parallel Time: 18.2 ms, GC Workers: 4]
      [GC Worker Start (ms): Min: 32839977.7, Avg: 32839977.8, Max: 32839978.0, Diff: 0.3]
      [Ext Root Scanning (ms): Min: 0.7, Avg: 0.9, Max: 1.0, Diff: 0.3, Sum: 3.6]
      [Update RS (ms): Min: 2.6, Avg: 2.8, Max: 3.0, Diff: 0.4, Sum: 11.3]
         [Processed Buffers: Min: 8, Avg: 8.8, Max: 11, Diff: 3, Sum: 35]
      [Scan RS (ms): Min: 5.4, Avg: 5.6, Max: 5.8, Diff: 0.4, Sum: 22.5]
      [Code Root Scanning (ms): Min: 0.0, Avg: 0.0, Max: 0.0, Diff: 0.0, Sum: 0.0]
      [Object Copy (ms): Min: 8.6, Avg: 8.6, Max: 8.7, Diff: 0.1, Sum: 34.6]
      [Termination (ms): Min: 0.0, Avg: 0.0, Max: 0.0, Diff: 0.0, Sum: 0.0]
         [Termination Attempts: Min: 1, Avg: 1.0, Max: 1, Diff: 0, Sum: 4]
      [GC Worker Other (ms): Min: 0.0, Avg: 0.0, Max: 0.1, Diff: 0.1, Sum: 0.2]
      [GC Worker Total (ms): Min: 17.8, Avg: 18.0, Max: 18.1, Diff: 0.3, Sum: 72.1]
      [GC Worker End (ms): Min: 32839995.8, Avg: 32839995.8, Max: 32839995.8, Diff: 0.1]
   [Code Root Fixup: 0.0 ms]
   [Code Root Purge: 0.0 ms]
   [Clear CT: 0.1 ms]
   [Other: 0.6 ms]
      [Choose CSet: 0.0 ms]
      [Ref Proc: 0.1 ms]
      [Ref Enq: 0.0 ms]
      [Redirty Cards: 0.1 ms]
      [Humongous Register: 0.0 ms]
      [Humongous Reclaim: 0.0 ms]
      [Free CSet: 0.1 ms]
   [Eden: 57.0M(46.0M)->0.0B(91.0M) Survivors: 5120.0K->6144.0K Heap: 305.7M(1024.0M)->250.2M(1024.0M)]
 [Times: user=0.08 sys=0.00, real=0.02 secs] 
2019-11-03T18:12:57.014+0800: 32850.116: [GC pause (G1 Evacuation Pause) (young), 0.0187230 secs]
   [Parallel Time: 17.8 ms, GC Workers: 4]
      [GC Worker Start (ms): Min: 32850116.3, Avg: 32850116.3, Max: 32850116.4, Diff: 0.2]
      [Ext Root Scanning (ms): Min: 0.8, Avg: 0.9, Max: 0.9, Diff: 0.1, Sum: 3.4]
      [Update RS (ms): Min: 1.8, Avg: 1.9, Max: 2.1, Diff: 0.3, Sum: 7.7]
         [Processed Buffers: Min: 3, Avg: 8.8, Max: 17, Diff: 14, Sum: 35]
      [Scan RS (ms): Min: 5.2, Avg: 5.4, Max: 5.6, Diff: 0.5, Sum: 21.7]
      [Code Root Scanning (ms): Min: 0.0, Avg: 0.0, Max: 0.0, Diff: 0.0, Sum: 0.0]
      [Object Copy (ms): Min: 9.3, Avg: 9.4, Max: 9.5, Diff: 0.2, Sum: 37.8]
      [Termination (ms): Min: 0.0, Avg: 0.0, Max: 0.0, Diff: 0.0, Sum: 0.0]
         [Termination Attempts: Min: 1, Avg: 1.0, Max: 1, Diff: 0, Sum: 4]
      [GC Worker Other (ms): Min: 0.0, Avg: 0.0, Max: 0.1, Diff: 0.0, Sum: 0.2]
      [GC Worker Total (ms): Min: 17.6, Avg: 17.7, Max: 17.7, Diff: 0.2, Sum: 70.8]
      [GC Worker End (ms): Min: 32850134.0, Avg: 32850134.0, Max: 32850134.0, Diff: 0.0]
   [Code Root Fixup: 0.0 ms]
   [Code Root Purge: 0.0 ms]
   [Clear CT: 0.1 ms]
   [Other: 0.8 ms]
      [Choose CSet: 0.0 ms]
      [Ref Proc: 0.3 ms]
      [Ref Enq: 0.0 ms]
      [Redirty Cards: 0.1 ms]
      [Humongous Register: 0.0 ms]
      [Humongous Reclaim: 0.0 ms]
      [Free CSet: 0.1 ms]
   [Eden: 45.0M(45.0M)->0.0B(108.0M) Survivors: 6144.0K->5120.0K Heap: 295.2M(1024.0M)->249.5M(1024.0M)]
 [Times: user=0.07 sys=0.00, real=0.02 secs] 
2019-11-03T18:13:09.832+0800: 32862.933: [GC pause (G1 Evacuation Pause) (young), 0.0175978 secs]
   [Parallel Time: 16.9 ms, GC Workers: 4]
      [GC Worker Start (ms): Min: 32862933.1, Avg: 32862933.2, Max: 32862933.7, Diff: 0.6]
      [Ext Root Scanning (ms): Min: 0.0, Avg: 0.4, Max: 0.6, Diff: 0.6, Sum: 1.7]
      [Update RS (ms): Min: 0.0, Avg: 1.3, Max: 1.8, Diff: 1.8, Sum: 5.1]
         [Processed Buffers: Min: 0, Avg: 9.8, Max: 26, Diff: 26, Sum: 39]
      [Scan RS (ms): Min: 1.1, Avg: 4.2, Max: 5.3, Diff: 4.2, Sum: 16.7]
      [Code Root Scanning (ms): Min: 0.0, Avg: 0.0, Max: 0.0, Diff: 0.0, Sum: 0.0]
      [Object Copy (ms): Min: 9.1, Avg: 10.7, Max: 15.1, Diff: 6.0, Sum: 42.6]
      [Termination (ms): Min: 0.0, Avg: 0.1, Max: 0.1, Diff: 0.1, Sum: 0.4]
         [Termination Attempts: Min: 1, Avg: 1.8, Max: 3, Diff: 2, Sum: 7]
      [GC Worker Other (ms): Min: 0.0, Avg: 0.0, Max: 0.0, Diff: 0.0, Sum: 0.1]
      [GC Worker Total (ms): Min: 16.2, Avg: 16.7, Max: 16.8, Diff: 0.7, Sum: 66.6]
      [GC Worker End (ms): Min: 32862949.9, Avg: 32862949.9, Max: 32862949.9, Diff: 0.0]
   [Code Root Fixup: 0.0 ms]
   [Code Root Purge: 0.0 ms]
   [Clear CT: 0.1 ms]
   [Other: 0.6 ms]
      [Choose CSet: 0.0 ms]
      [Ref Proc: 0.2 ms]
      [Ref Enq: 0.0 ms]
      [Redirty Cards: 0.1 ms]
      [Humongous Register: 0.0 ms]
      [Humongous Reclaim: 0.0 ms]
      [Free CSet: 0.1 ms]
   [Eden: 57.0M(46.0M)->0.0B(81.0M) Survivors: 5120.0K->4096.0K Heap: 306.5M(1024.0M)->249.0M(1024.0M)]
 [Times: user=0.05 sys=0.00, real=0.01 secs] 
2019-11-03T18:13:28.100+0800: 32881.200: [GC pause (G1 Evacuation Pause) (young), 0.0203992 secs]
   [Parallel Time: 19.5 ms, GC Workers: 4]
      [GC Worker Start (ms): Min: 32881200.7, Avg: 32881200.7, Max: 32881200.8, Diff: 0.1]
      [Ext Root Scanning (ms): Min: 0.8, Avg: 0.8, Max: 0.9, Diff: 0.1, Sum: 3.4]
      [Update RS (ms): Min: 2.7, Avg: 2.8, Max: 3.0, Diff: 0.4, Sum: 11.2]
         [Processed Buffers: Min: 1, Avg: 9.0, Max: 20, Diff: 19, Sum: 36]
      [Scan RS (ms): Min: 6.0, Avg: 6.2, Max: 6.3, Diff: 0.3, Sum: 24.7]
      [Code Root Scanning (ms): Min: 0.0, Avg: 0.0, Max: 0.0, Diff: 0.0, Sum: 0.0]
      [Object Copy (ms): Min: 9.4, Avg: 9.5, Max: 9.6, Diff: 0.1, Sum: 38.0]
      [Termination (ms): Min: 0.0, Avg: 0.0, Max: 0.0, Diff: 0.0, Sum: 0.0]
         [Termination Attempts: Min: 1, Avg: 1.0, Max: 1, Diff: 0, Sum: 4]
      [GC Worker Other (ms): Min: 0.0, Avg: 0.1, Max: 0.1, Diff: 0.1, Sum: 0.2]
      [GC Worker Total (ms): Min: 19.4, Avg: 19.4, Max: 19.4, Diff: 0.0, Sum: 77.5]
      [GC Worker End (ms): Min: 32881220.1, Avg: 32881220.1, Max: 32881220.1, Diff: 0.1]
   [Code Root Fixup: 0.0 ms]
   [Code Root Purge: 0.0 ms]
   [Clear CT: 0.1 ms]
   [Other: 0.8 ms]
      [Choose CSet: 0.0 ms]
      [Ref Proc: 0.2 ms]
      [Ref Enq: 0.0 ms]
      [Redirty Cards: 0.1 ms]
      [Humongous Register: 0.1 ms]
      [Humongous Reclaim: 0.0 ms]
      [Free CSet: 0.1 ms]
   [Eden: 80.0M(47.0M)->0.0B(45.0M) Survivors: 4096.0K->6144.0K Heap: 329.0M(1024.0M)->250.5M(1024.0M)]
 [Times: user=0.07 sys=0.00, real=0.02 secs] 
2019-11-03T18:13:38.343+0800: 32891.443: [GC pause (G1 Evacuation Pause) (young), 0.0202800 secs]
   [Parallel Time: 19.5 ms, GC Workers: 4]
      [GC Worker Start (ms): Min: 32891443.5, Avg: 32891444.8, Max: 32891446.9, Diff: 3.4]
      [Ext Root Scanning (ms): Min: 0.0, Avg: 0.7, Max: 1.5, Diff: 1.5, Sum: 2.8]
      [Update RS (ms): Min: 1.0, Avg: 2.2, Max: 2.9, Diff: 2.0, Sum: 8.6]
         [Processed Buffers: Min: 1, Avg: 8.8, Max: 15, Diff: 14, Sum: 35]
      [Scan RS (ms): Min: 5.2, Avg: 5.9, Max: 6.8, Diff: 1.6, Sum: 23.4]
      [Code Root Scanning (ms): Min: 0.0, Avg: 0.0, Max: 0.0, Diff: 0.0, Sum: 0.0]
      [Object Copy (ms): Min: 8.2, Avg: 9.4, Max: 10.8, Diff: 2.5, Sum: 37.4]
      [Termination (ms): Min: 0.0, Avg: 0.0, Max: 0.0, Diff: 0.0, Sum: 0.0]
         [Termination Attempts: Min: 1, Avg: 1.5, Max: 2, Diff: 1, Sum: 6]
      [GC Worker Other (ms): Min: 0.0, Avg: 0.0, Max: 0.0, Diff: 0.0, Sum: 0.1]
      [GC Worker Total (ms): Min: 16.0, Avg: 18.1, Max: 19.4, Diff: 3.4, Sum: 72.5]
      [GC Worker End (ms): Min: 32891462.9, Avg: 32891462.9, Max: 32891462.9, Diff: 0.0]
   [Code Root Fixup: 0.0 ms]
   [Code Root Purge: 0.0 ms]
   [Clear CT: 0.1 ms]
   [Other: 0.6 ms]
      [Choose CSet: 0.0 ms]
      [Ref Proc: 0.1 ms]
      [Ref Enq: 0.0 ms]
      [Redirty Cards: 0.1 ms]
      [Humongous Register: 0.1 ms]
      [Humongous Reclaim: 0.0 ms]
      [Free CSet: 0.1 ms]
   [Eden: 45.0M(45.0M)->0.0B(47.0M) Survivors: 6144.0K->5120.0K Heap: 295.5M(1024.0M)->250.1M(1024.0M)]
 [Times: user=0.07 sys=0.00, real=0.02 secs] 
2019-11-03T18:13:49.087+0800: 32902.187: [GC pause (G1 Evacuation Pause) (young), 0.0186702 secs]
   [Parallel Time: 17.9 ms, GC Workers: 4]
      [GC Worker Start (ms): Min: 32902187.3, Avg: 32902187.8, Max: 32902188.6, Diff: 1.3]
      [Ext Root Scanning (ms): Min: 0.1, Avg: 0.8, Max: 1.3, Diff: 1.3, Sum: 3.3]
      [Update RS (ms): Min: 2.1, Avg: 2.3, Max: 2.3, Diff: 0.2, Sum: 9.1]
         [Processed Buffers: Min: 4, Avg: 8.5, Max: 14, Diff: 10, Sum: 34]
      [Scan RS (ms): Min: 6.1, Avg: 6.3, Max: 6.5, Diff: 0.3, Sum: 25.2]
      [Code Root Scanning (ms): Min: 0.0, Avg: 0.0, Max: 0.0, Diff: 0.0, Sum: 0.0]
      [Object Copy (ms): Min: 7.7, Avg: 7.8, Max: 7.9, Diff: 0.2, Sum: 31.3]
      [Termination (ms): Min: 0.0, Avg: 0.0, Max: 0.0, Diff: 0.0, Sum: 0.0]
         [Termination Attempts: Min: 1, Avg: 1.0, Max: 1, Diff: 0, Sum: 4]
      [GC Worker Other (ms): Min: 0.0, Avg: 0.1, Max: 0.1, Diff: 0.0, Sum: 0.2]
      [GC Worker Total (ms): Min: 16.5, Avg: 17.3, Max: 17.8, Diff: 1.3, Sum: 69.1]
      [GC Worker End (ms): Min: 32902205.1, Avg: 32902205.1, Max: 32902205.1, Diff: 0.0]
   [Code Root Fixup: 0.0 ms]
   [Code Root Purge: 0.0 ms]
   [Clear CT: 0.2 ms]
   [Other: 0.6 ms]
      [Choose CSet: 0.0 ms]
      [Ref Proc: 0.1 ms]
      [Ref Enq: 0.0 ms]
      [Redirty Cards: 0.1 ms]
      [Humongous Register: 0.0 ms]
      [Humongous Reclaim: 0.0 ms]
      [Free CSet: 0.1 ms]
   [Eden: 47.0M(47.0M)->0.0B(70.0M) Survivors: 5120.0K->5120.0K Heap: 297.1M(1024.0M)->250.1M(1024.0M)]
 [Times: user=0.07 sys=0.01, real=0.02 secs] 
2019-11-03T18:14:04.876+0800: 32917.975: [GC pause (G1 Evacuation Pause) (young), 0.0185374 secs]
   [Parallel Time: 17.7 ms, GC Workers: 4]
      [GC Worker Start (ms): Min: 32917975.5, Avg: 32917975.5, Max: 32917975.6, Diff: 0.1]
      [Ext Root Scanning (ms): Min: 0.8, Avg: 0.8, Max: 0.8, Diff: 0.1, Sum: 3.2]
      [Update RS (ms): Min: 2.0, Avg: 2.1, Max: 2.5, Diff: 0.5, Sum: 8.6]
         [Processed Buffers: Min: 5, Avg: 8.2, Max: 13, Diff: 8, Sum: 33]
      [Scan RS (ms): Min: 4.7, Avg: 5.0, Max: 5.3, Diff: 0.6, Sum: 20.1]
      [Code Root Scanning (ms): Min: 0.0, Avg: 0.0, Max: 0.0, Diff: 0.0, Sum: 0.0]
      [Object Copy (ms): Min: 9.5, Avg: 9.6, Max: 9.7, Diff: 0.1, Sum: 38.4]
      [Termination (ms): Min: 0.0, Avg: 0.0, Max: 0.0, Diff: 0.0, Sum: 0.0]
         [Termination Attempts: Min: 1, Avg: 1.0, Max: 1, Diff: 0, Sum: 4]
      [GC Worker Other (ms): Min: 0.0, Avg: 0.0, Max: 0.1, Diff: 0.0, Sum: 0.2]
      [GC Worker Total (ms): Min: 17.6, Avg: 17.6, Max: 17.7, Diff: 0.0, Sum: 70.6]
      [GC Worker End (ms): Min: 32917993.2, Avg: 32917993.2, Max: 32917993.2, Diff: 0.0]
   [Code Root Fixup: 0.0 ms]
   [Code Root Purge: 0.0 ms]
   [Clear CT: 0.1 ms]
   [Other: 0.7 ms]
      [Choose CSet: 0.0 ms]
      [Ref Proc: 0.2 ms]
      [Ref Enq: 0.0 ms]
      [Redirty Cards: 0.1 ms]
      [Humongous Register: 0.0 ms]
      [Humongous Reclaim: 0.0 ms]
      [Free CSet: 0.1 ms]
   [Eden: 70.0M(70.0M)->0.0B(82.0M) Survivors: 5120.0K->7168.0K Heap: 320.1M(1024.0M)->252.1M(1024.0M)]
 [Times: user=0.07 sys=0.00, real=0.02 secs] 
2019-11-03T18:14:23.499+0800: 32936.598: [GC pause (G1 Evacuation Pause) (young), 0.0209527 secs]
   [Parallel Time: 20.3 ms, GC Workers: 4]
      [GC Worker Start (ms): Min: 32936598.1, Avg: 32936598.1, Max: 32936598.2, Diff: 0.1]
      [Ext Root Scanning (ms): Min: 0.8, Avg: 0.8, Max: 0.9, Diff: 0.1, Sum: 3.3]
      [Update RS (ms): Min: 2.0, Avg: 2.4, Max: 2.9, Diff: 0.9, Sum: 9.6]
         [Processed Buffers: Min: 6, Avg: 8.8, Max: 13, Diff: 7, Sum: 35]
      [Scan RS (ms): Min: 5.9, Avg: 6.4, Max: 6.7, Diff: 0.9, Sum: 25.5]
      [Code Root Scanning (ms): Min: 0.0, Avg: 0.0, Max: 0.0, Diff: 0.0, Sum: 0.0]
      [Object Copy (ms): Min: 10.5, Avg: 10.5, Max: 10.6, Diff: 0.1, Sum: 42.2]
      [Termination (ms): Min: 0.0, Avg: 0.0, Max: 0.0, Diff: 0.0, Sum: 0.1]
         [Termination Attempts: Min: 1, Avg: 1.0, Max: 1, Diff: 0, Sum: 4]
      [GC Worker Other (ms): Min: 0.0, Avg: 0.0, Max: 0.0, Diff: 0.0, Sum: 0.1]
      [GC Worker Total (ms): Min: 20.1, Avg: 20.2, Max: 20.2, Diff: 0.1, Sum: 80.7]
      [GC Worker End (ms): Min: 32936618.3, Avg: 32936618.3, Max: 32936618.3, Diff: 0.0]
   [Code Root Fixup: 0.0 ms]
   [Code Root Purge: 0.0 ms]
   [Clear CT: 0.1 ms]
   [Other: 0.6 ms]
      [Choose CSet: 0.0 ms]
      [Ref Proc: 0.1 ms]
      [Ref Enq: 0.0 ms]
      [Redirty Cards: 0.1 ms]
      [Humongous Register: 0.0 ms]
      [Humongous Reclaim: 0.0 ms]
      [Free CSet: 0.1 ms]
   [Eden: 82.0M(82.0M)->0.0B(78.0M) Survivors: 7168.0K->7168.0K Heap: 334.1M(1024.0M)->252.1M(1024.0M)]
 [Times: user=0.09 sys=0.00, real=0.03 secs] 
2019-11-03T18:14:41.286+0800: 32954.384: [GC pause (G1 Evacuation Pause) (young), 0.0226807 secs]
   [Parallel Time: 22.0 ms, GC Workers: 4]
      [GC Worker Start (ms): Min: 32954384.4, Avg: 32954384.5, Max: 32954384.5, Diff: 0.1]
      [Ext Root Scanning (ms): Min: 0.7, Avg: 0.8, Max: 0.8, Diff: 0.1, Sum: 3.1]
      [Update RS (ms): Min: 1.7, Avg: 2.4, Max: 2.8, Diff: 1.1, Sum: 9.6]
         [Processed Buffers: Min: 7, Avg: 9.0, Max: 11, Diff: 4, Sum: 36]
      [Scan RS (ms): Min: 6.1, Avg: 6.6, Max: 7.2, Diff: 1.1, Sum: 26.3]
      [Code Root Scanning (ms): Min: 0.0, Avg: 0.0, Max: 0.0, Diff: 0.0, Sum: 0.0]
      [Object Copy (ms): Min: 12.1, Avg: 12.1, Max: 12.2, Diff: 0.1, Sum: 48.5]
      [Termination (ms): Min: 0.0, Avg: 0.0, Max: 0.0, Diff: 0.0, Sum: 0.0]
         [Termination Attempts: Min: 1, Avg: 1.0, Max: 1, Diff: 0, Sum: 4]
      [GC Worker Other (ms): Min: 0.0, Avg: 0.0, Max: 0.0, Diff: 0.0, Sum: 0.1]
      [GC Worker Total (ms): Min: 21.8, Avg: 21.9, Max: 21.9, Diff: 0.1, Sum: 87.5]
      [GC Worker End (ms): Min: 32954406.3, Avg: 32954406.3, Max: 32954406.4, Diff: 0.0]
   [Code Root Fixup: 0.0 ms]
   [Code Root Purge: 0.0 ms]
   [Clear CT: 0.1 ms]
   [Other: 0.6 ms]
      [Choose CSet: 0.0 ms]
      [Ref Proc: 0.1 ms]
      [Ref Enq: 0.0 ms]
      [Redirty Cards: 0.1 ms]
      [Humongous Register: 0.0 ms]
      [Humongous Reclaim: 0.0 ms]
      [Free CSet: 0.1 ms]
   [Eden: 78.0M(78.0M)->0.0B(44.0M) Survivors: 7168.0K->7168.0K Heap: 330.1M(1024.0M)->252.1M(1024.0M)]
 [Times: user=0.09 sys=0.00, real=0.02 secs] 
2019-11-03T18:14:51.251+0800: 32964.348: [GC pause (G1 Evacuation Pause) (young), 0.0237593 secs]
   [Parallel Time: 23.1 ms, GC Workers: 4]
      [GC Worker Start (ms): Min: 32964348.6, Avg: 32964348.8, Max: 32964349.3, Diff: 0.6]
      [Ext Root Scanning (ms): Min: 0.4, Avg: 0.9, Max: 1.0, Diff: 0.6, Sum: 3.5]
      [Update RS (ms): Min: 2.1, Avg: 2.3, Max: 2.5, Diff: 0.4, Sum: 9.3]
         [Processed Buffers: Min: 3, Avg: 8.8, Max: 15, Diff: 12, Sum: 35]
      [Scan RS (ms): Min: 5.9, Avg: 6.0, Max: 6.1, Diff: 0.3, Sum: 23.9]
      [Code Root Scanning (ms): Min: 0.0, Avg: 0.0, Max: 0.0, Diff: 0.0, Sum: 0.0]
      [Object Copy (ms): Min: 13.6, Avg: 13.7, Max: 13.7, Diff: 0.2, Sum: 54.7]
      [Termination (ms): Min: 0.0, Avg: 0.0, Max: 0.0, Diff: 0.0, Sum: 0.0]
         [Termination Attempts: Min: 1, Avg: 1.0, Max: 1, Diff: 0, Sum: 4]
      [GC Worker Other (ms): Min: 0.0, Avg: 0.0, Max: 0.0, Diff: 0.0, Sum: 0.1]
      [GC Worker Total (ms): Min: 22.4, Avg: 22.9, Max: 23.0, Diff: 0.6, Sum: 91.5]
      [GC Worker End (ms): Min: 32964371.7, Avg: 32964371.7, Max: 32964371.7, Diff: 0.0]
   [Code Root Fixup: 0.0 ms]
   [Code Root Purge: 0.0 ms]
   [Clear CT: 0.1 ms]
   [Other: 0.6 ms]
      [Choose CSet: 0.0 ms]
      [Ref Proc: 0.1 ms]
      [Ref Enq: 0.0 ms]
      [Redirty Cards: 0.1 ms]
      [Humongous Register: 0.0 ms]
      [Humongous Reclaim: 0.0 ms]
      [Free CSet: 0.1 ms]
   [Eden: 44.0M(44.0M)->0.0B(46.0M) Survivors: 7168.0K->5120.0K Heap: 296.1M(1024.0M)->252.2M(1024.0M)]
 [Times: user=0.09 sys=0.01, real=0.02 secs] 
2019-11-03T18:15:01.743+0800: 32974.840: [GC pause (G1 Evacuation Pause) (young), 0.0178585 secs]
   [Parallel Time: 17.0 ms, GC Workers: 4]
      [GC Worker Start (ms): Min: 32974840.2, Avg: 32974840.2, Max: 32974840.3, Diff: 0.1]
      [Ext Root Scanning (ms): Min: 0.7, Avg: 0.8, Max: 0.8, Diff: 0.1, Sum: 3.1]
      [Update RS (ms): Min: 2.6, Avg: 2.8, Max: 3.1, Diff: 0.5, Sum: 11.3]
         [Processed Buffers: Min: 6, Avg: 9.2, Max: 19, Diff: 13, Sum: 37]
      [Scan RS (ms): Min: 5.8, Avg: 6.0, Max: 6.3, Diff: 0.5, Sum: 24.2]
      [Code Root Scanning (ms): Min: 0.0, Avg: 0.0, Max: 0.0, Diff: 0.0, Sum: 0.0]
      [Object Copy (ms): Min: 7.2, Avg: 7.3, Max: 7.3, Diff: 0.2, Sum: 29.0]
      [Termination (ms): Min: 0.0, Avg: 0.0, Max: 0.0, Diff: 0.0, Sum: 0.0]
         [Termination Attempts: Min: 1, Avg: 3.0, Max: 6, Diff: 5, Sum: 12]
      [GC Worker Other (ms): Min: 0.0, Avg: 0.0, Max: 0.1, Diff: 0.0, Sum: 0.2]
      [GC Worker Total (ms): Min: 16.9, Avg: 16.9, Max: 17.0, Diff: 0.1, Sum: 67.8]
      [GC Worker End (ms): Min: 32974857.2, Avg: 32974857.2, Max: 32974857.2, Diff: 0.0]
   [Code Root Fixup: 0.0 ms]
   [Code Root Purge: 0.0 ms]
   [Clear CT: 0.1 ms]
   [Other: 0.7 ms]
      [Choose CSet: 0.0 ms]
      [Ref Proc: 0.2 ms]
      [Ref Enq: 0.0 ms]
      [Redirty Cards: 0.1 ms]
      [Humongous Register: 0.0 ms]
      [Humongous Reclaim: 0.0 ms]
      [Free CSet: 0.1 ms]
   [Eden: 46.0M(46.0M)->0.0B(69.0M) Survivors: 5120.0K->5120.0K Heap: 298.2M(1024.0M)->252.2M(1024.0M)]
 [Times: user=0.06 sys=0.00, real=0.02 secs] 
2019-11-03T18:15:12.205+0800: 32985.302: [GC pause (G1 Evacuation Pause) (young), 0.0226899 secs]
   [Parallel Time: 22.0 ms, GC Workers: 4]
      [GC Worker Start (ms): Min: 32985301.9, Avg: 32985304.0, Max: 32985310.5, Diff: 8.6]
      [Ext Root Scanning (ms): Min: 0.0, Avg: 0.5, Max: 0.6, Diff: 0.6, Sum: 1.9]
      [Update RS (ms): Min: 0.0, Avg: 1.1, Max: 1.5, Diff: 1.5, Sum: 4.2]
         [Processed Buffers: Min: 0, Avg: 9.2, Max: 16, Diff: 16, Sum: 37]
      [Scan RS (ms): Min: 1.0, Avg: 5.9, Max: 7.6, Diff: 6.6, Sum: 23.7]
      [Code Root Scanning (ms): Min: 0.0, Avg: 0.0, Max: 0.0, Diff: 0.0, Sum: 0.0]
      [Object Copy (ms): Min: 12.1, Avg: 12.2, Max: 12.2, Diff: 0.1, Sum: 48.6]
      [Termination (ms): Min: 0.0, Avg: 0.1, Max: 0.2, Diff: 0.2, Sum: 0.4]
         [Termination Attempts: Min: 1, Avg: 1.0, Max: 1, Diff: 0, Sum: 4]
      [GC Worker Other (ms): Min: 0.0, Avg: 0.0, Max: 0.0, Diff: 0.0, Sum: 0.1]
      [GC Worker Total (ms): Min: 13.3, Avg: 19.7, Max: 21.9, Diff: 8.6, Sum: 78.9]
      [GC Worker End (ms): Min: 32985323.8, Avg: 32985323.8, Max: 32985323.8, Diff: 0.1]
   [Code Root Fixup: 0.0 ms]
   [Code Root Purge: 0.0 ms]
   [Clear CT: 0.0 ms]
   [Other: 0.7 ms]
      [Choose CSet: 0.0 ms]
      [Ref Proc: 0.2 ms]
      [Ref Enq: 0.0 ms]
      [Redirty Cards: 0.1 ms]
      [Humongous Register: 0.0 ms]
      [Humongous Reclaim: 0.0 ms]
      [Free CSet: 0.1 ms]
   [Eden: 46.0M(46.0M)->0.0B(45.0M) Survivors: 5120.0K->6144.0K Heap: 298.2M(1024.0M)->253.2M(1024.0M)]
 [Times: user=0.06 sys=0.01, real=0.02 secs] 
2019-11-03T18:15:22.529+0800: 32995.626: [GC pause (G1 Evacuation Pause) (young), 0.0185808 secs]
   [Parallel Time: 18.0 ms, GC Workers: 4]
      [GC Worker Start (ms): Min: 32995625.8, Avg: 32995625.8, Max: 32995625.8, Diff: 0.0]
      [Ext Root Scanning (ms): Min: 0.5, Avg: 0.5, Max: 0.5, Diff: 0.1, Sum: 1.9]
      [Update RS (ms): Min: 0.9, Avg: 1.4, Max: 1.6, Diff: 0.7, Sum: 5.5]
         [Processed Buffers: Min: 1, Avg: 8.0, Max: 18, Diff: 17, Sum: 32]
      [Scan RS (ms): Min: 3.6, Avg: 3.7, Max: 3.8, Diff: 0.2, Sum: 14.7]
      [Code Root Scanning (ms): Min: 0.0, Avg: 0.0, Max: 0.0, Diff: 0.0, Sum: 0.0]
      [Object Copy (ms): Min: 12.0, Avg: 12.2, Max: 12.7, Diff: 0.8, Sum: 49.0]
      [Termination (ms): Min: 0.0, Avg: 0.1, Max: 0.1, Diff: 0.1, Sum: 0.4]
         [Termination Attempts: Min: 1, Avg: 1.2, Max: 2, Diff: 1, Sum: 5]
      [GC Worker Other (ms): Min: 0.0, Avg: 0.0, Max: 0.0, Diff: 0.0, Sum: 0.1]
      [GC Worker Total (ms): Min: 17.9, Avg: 17.9, Max: 17.9, Diff: 0.1, Sum: 71.5]
      [GC Worker End (ms): Min: 32995643.7, Avg: 32995643.7, Max: 32995643.7, Diff: 0.0]
   [Code Root Fixup: 0.0 ms]
   [Code Root Purge: 0.0 ms]
   [Clear CT: 0.0 ms]
   [Other: 0.6 ms]
      [Choose CSet: 0.0 ms]
      [Ref Proc: 0.2 ms]
      [Ref Enq: 0.0 ms]
      [Redirty Cards: 0.0 ms]
      [Humongous Register: 0.0 ms]
      [Humongous Reclaim: 0.0 ms]
      [Free CSet: 0.1 ms]
   [Eden: 45.0M(45.0M)->0.0B(46.0M) Survivors: 6144.0K->5120.0K Heap: 298.2M(1024.0M)->253.9M(1024.0M)]
 [Times: user=0.06 sys=0.01, real=0.02 secs] 
2019-11-03T18:15:33.139+0800: 33006.235: [GC pause (G1 Evacuation Pause) (young), 0.0185792 secs]
   [Parallel Time: 17.8 ms, GC Workers: 4]
      [GC Worker Start (ms): Min: 33006235.3, Avg: 33006235.4, Max: 33006235.4, Diff: 0.1]
      [Ext Root Scanning (ms): Min: 0.7, Avg: 0.8, Max: 0.9, Diff: 0.2, Sum: 3.1]
      [Update RS (ms): Min: 2.4, Avg: 2.9, Max: 3.2, Diff: 0.8, Sum: 11.5]
         [Processed Buffers: Min: 2, Avg: 8.2, Max: 20, Diff: 18, Sum: 33]
      [Scan RS (ms): Min: 6.2, Avg: 6.4, Max: 6.6, Diff: 0.4, Sum: 25.7]
      [Code Root Scanning (ms): Min: 0.0, Avg: 0.0, Max: 0.0, Diff: 0.0, Sum: 0.0]
      [Object Copy (ms): Min: 7.4, Avg: 7.6, Max: 8.0, Diff: 0.6, Sum: 30.4]
      [Termination (ms): Min: 0.0, Avg: 0.0, Max: 0.0, Diff: 0.0, Sum: 0.0]
         [Termination Attempts: Min: 1, Avg: 1.0, Max: 1, Diff: 0, Sum: 4]
      [GC Worker Other (ms): Min: 0.0, Avg: 0.0, Max: 0.0, Diff: 0.0, Sum: 0.1]
      [GC Worker Total (ms): Min: 17.7, Avg: 17.7, Max: 17.8, Diff: 0.1, Sum: 70.9]
      [GC Worker End (ms): Min: 33006253.1, Avg: 33006253.1, Max: 33006253.1, Diff: 0.0]
   [Code Root Fixup: 0.0 ms]
   [Code Root Purge: 0.0 ms]
   [Clear CT: 0.1 ms]
   [Other: 0.6 ms]
      [Choose CSet: 0.0 ms]
      [Ref Proc: 0.1 ms]
      [Ref Enq: 0.0 ms]
      [Redirty Cards: 0.1 ms]
      [Humongous Register: 0.0 ms]
      [Humongous Reclaim: 0.0 ms]
      [Free CSet: 0.1 ms]
   [Eden: 46.0M(46.0M)->0.0B(81.0M) Survivors: 5120.0K->5120.0K Heap: 299.9M(1024.0M)->253.4M(1024.0M)]
 [Times: user=0.07 sys=0.00, real=0.02 secs] 
2019-11-03T18:15:51.590+0800: 33024.686: [GC pause (G1 Evacuation Pause) (young), 0.0185446 secs]
   [Parallel Time: 17.9 ms, GC Workers: 4]
      [GC Worker Start (ms): Min: 33024685.9, Avg: 33024686.0, Max: 33024686.3, Diff: 0.5]
      [Ext Root Scanning (ms): Min: 0.4, Avg: 0.7, Max: 0.9, Diff: 0.5, Sum: 2.9]
      [Update RS (ms): Min: 2.1, Avg: 2.3, Max: 2.6, Diff: 0.5, Sum: 9.2]
         [Processed Buffers: Min: 3, Avg: 8.2, Max: 12, Diff: 9, Sum: 33]
      [Scan RS (ms): Min: 4.7, Avg: 5.0, Max: 5.2, Diff: 0.5, Sum: 19.9]
      [Code Root Scanning (ms): Min: 0.0, Avg: 0.0, Max: 0.0, Diff: 0.0, Sum: 0.0]
      [Object Copy (ms): Min: 9.6, Avg: 9.7, Max: 9.8, Diff: 0.1, Sum: 38.8]
      [Termination (ms): Min: 0.0, Avg: 0.0, Max: 0.0, Diff: 0.0, Sum: 0.0]
         [Termination Attempts: Min: 1, Avg: 1.5, Max: 2, Diff: 1, Sum: 6]
      [GC Worker Other (ms): Min: 0.0, Avg: 0.0, Max: 0.1, Diff: 0.0, Sum: 0.1]
      [GC Worker Total (ms): Min: 17.4, Avg: 17.7, Max: 17.9, Diff: 0.5, Sum: 70.9]
      [GC Worker End (ms): Min: 33024703.7, Avg: 33024703.7, Max: 33024703.7, Diff: 0.0]
   [Code Root Fixup: 0.0 ms]
   [Code Root Purge: 0.0 ms]
   [Clear CT: 0.1 ms]
   [Other: 0.5 ms]
      [Choose CSet: 0.0 ms]
      [Ref Proc: 0.1 ms]
      [Ref Enq: 0.0 ms]
      [Redirty Cards: 0.0 ms]
      [Humongous Register: 0.0 ms]
      [Humongous Reclaim: 0.0 ms]
      [Free CSet: 0.1 ms]
   [Eden: 81.0M(81.0M)->0.0B(103.0M) Survivors: 5120.0K->6144.0K Heap: 334.4M(1024.0M)->254.9M(1024.0M)]
 [Times: user=0.07 sys=0.00, real=0.01 secs] 
2019-11-03T18:16:03.268+0800: 33036.363: [GC pause (G1 Evacuation Pause) (young), 0.0214423 secs]
   [Parallel Time: 20.8 ms, GC Workers: 4]
      [GC Worker Start (ms): Min: 33036362.6, Avg: 33036365.1, Max: 33036371.8, Diff: 9.2]
      [Ext Root Scanning (ms): Min: 0.0, Avg: 0.4, Max: 0.8, Diff: 0.8, Sum: 1.6]
      [Update RS (ms): Min: 0.0, Avg: 0.9, Max: 2.0, Diff: 2.0, Sum: 3.7]
         [Processed Buffers: Min: 0, Avg: 8.8, Max: 22, Diff: 22, Sum: 35]
      [Scan RS (ms): Min: 0.0, Avg: 3.9, Max: 5.6, Diff: 5.6, Sum: 15.4]
      [Code Root Scanning (ms): Min: 0.0, Avg: 0.0, Max: 0.0, Diff: 0.0, Sum: 0.0]
      [Object Copy (ms): Min: 10.9, Avg: 12.8, Max: 15.4, Diff: 4.5, Sum: 51.3]
      [Termination (ms): Min: 0.0, Avg: 0.0, Max: 0.0, Diff: 0.0, Sum: 0.0]
         [Termination Attempts: Min: 1, Avg: 1.0, Max: 1, Diff: 0, Sum: 4]
      [GC Worker Other (ms): Min: 0.0, Avg: 0.2, Max: 0.6, Diff: 0.5, Sum: 0.7]
      [GC Worker Total (ms): Min: 11.5, Avg: 18.2, Max: 20.7, Diff: 9.2, Sum: 72.8]
      [GC Worker End (ms): Min: 33036383.3, Avg: 33036383.3, Max: 33036383.3, Diff: 0.0]
   [Code Root Fixup: 0.0 ms]
   [Code Root Purge: 0.0 ms]
   [Clear CT: 0.1 ms]
   [Other: 0.6 ms]
      [Choose CSet: 0.0 ms]
      [Ref Proc: 0.2 ms]
      [Ref Enq: 0.0 ms]
      [Redirty Cards: 0.1 ms]
      [Humongous Register: 0.0 ms]
      [Humongous Reclaim: 0.0 ms]
      [Free CSet: 0.1 ms]
   [Eden: 52.0M(45.0M)->0.0B(50.0M) Survivors: 6144.0K->4096.0K Heap: 306.9M(1024.0M)->254.3M(1024.0M)]
 [Times: user=0.06 sys=0.01, real=0.02 secs] 
2019-11-03T18:16:14.544+0800: 33047.638: [GC pause (G1 Evacuation Pause) (young), 0.0178579 secs]
   [Parallel Time: 17.0 ms, GC Workers: 4]
      [GC Worker Start (ms): Min: 33047638.1, Avg: 33047638.2, Max: 33047638.4, Diff: 0.4]
      [Ext Root Scanning (ms): Min: 0.6, Avg: 0.9, Max: 1.0, Diff: 0.4, Sum: 3.4]
      [Update RS (ms): Min: 1.9, Avg: 2.4, Max: 2.8, Diff: 0.9, Sum: 9.6]
         [Processed Buffers: Min: 1, Avg: 9.0, Max: 16, Diff: 15, Sum: 36]
      [Scan RS (ms): Min: 6.6, Avg: 7.0, Max: 7.4, Diff: 0.8, Sum: 27.9]
      [Code Root Scanning (ms): Min: 0.0, Avg: 0.0, Max: 0.0, Diff: 0.0, Sum: 0.0]
      [Object Copy (ms): Min: 6.4, Avg: 6.5, Max: 6.6, Diff: 0.2, Sum: 26.1]
      [Termination (ms): Min: 0.0, Avg: 0.0, Max: 0.0, Diff: 0.0, Sum: 0.0]
         [Termination Attempts: Min: 1, Avg: 2.2, Max: 3, Diff: 2, Sum: 9]
      [GC Worker Other (ms): Min: 0.0, Avg: 0.0, Max: 0.1, Diff: 0.1, Sum: 0.2]
      [GC Worker Total (ms): Min: 16.6, Avg: 16.8, Max: 16.9, Diff: 0.3, Sum: 67.2]
      [GC Worker End (ms): Min: 33047654.9, Avg: 33047655.0, Max: 33047655.0, Diff: 0.0]
   [Code Root Fixup: 0.0 ms]
   [Code Root Purge: 0.0 ms]
   [Clear CT: 0.1 ms]
   [Other: 0.7 ms]
      [Choose CSet: 0.0 ms]
      [Ref Proc: 0.2 ms]
      [Ref Enq: 0.0 ms]
      [Redirty Cards: 0.1 ms]
      [Humongous Register: 0.0 ms]
      [Humongous Reclaim: 0.0 ms]
      [Free CSet: 0.1 ms]
   [Eden: 49.0M(47.0M)->0.0B(86.0M) Survivors: 4096.0K->5120.0K Heap: 303.3M(1024.0M)->254.8M(1024.0M)]
 [Times: user=0.07 sys=0.00, real=0.02 secs] 
2019-11-03T18:16:29.448+0800: 33062.541: [GC pause (G1 Evacuation Pause) (young), 0.0197237 secs]
   [Parallel Time: 19.0 ms, GC Workers: 4]
      [GC Worker Start (ms): Min: 33062541.7, Avg: 33062541.8, Max: 33062541.8, Diff: 0.1]
      [Ext Root Scanning (ms): Min: 0.7, Avg: 0.8, Max: 0.9, Diff: 0.2, Sum: 3.2]
      [Update RS (ms): Min: 1.8, Avg: 2.2, Max: 2.9, Diff: 1.2, Sum: 8.8]
         [Processed Buffers: Min: 5, Avg: 8.8, Max: 13, Diff: 8, Sum: 35]
      [Scan RS (ms): Min: 7.1, Avg: 7.5, Max: 8.0, Diff: 0.9, Sum: 30.1]
      [Code Root Scanning (ms): Min: 0.0, Avg: 0.0, Max: 0.0, Diff: 0.0, Sum: 0.0]
      [Object Copy (ms): Min: 7.9, Avg: 8.2, Max: 8.3, Diff: 0.5, Sum: 32.6]
      [Termination (ms): Min: 0.0, Avg: 0.0, Max: 0.0, Diff: 0.0, Sum: 0.0]
         [Termination Attempts: Min: 1, Avg: 1.2, Max: 2, Diff: 1, Sum: 5]
      [GC Worker Other (ms): Min: 0.0, Avg: 0.1, Max: 0.1, Diff: 0.0, Sum: 0.2]
      [GC Worker Total (ms): Min: 18.7, Avg: 18.8, Max: 18.8, Diff: 0.1, Sum: 75.0]
      [GC Worker End (ms): Min: 33062560.5, Avg: 33062560.5, Max: 33062560.5, Diff: 0.0]
   [Code Root Fixup: 0.0 ms]
   [Code Root Purge: 0.0 ms]
   [Clear CT: 0.1 ms]
   [Other: 0.7 ms]
      [Choose CSet: 0.0 ms]
      [Ref Proc: 0.2 ms]
      [Ref Enq: 0.0 ms]
      [Redirty Cards: 0.1 ms]
      [Humongous Register: 0.0 ms]
      [Humongous Reclaim: 0.0 ms]
      [Free CSet: 0.1 ms]
   [Eden: 65.0M(46.0M)->0.0B(46.0M) Survivors: 5120.0K->5120.0K Heap: 319.8M(1024.0M)->254.8M(1024.0M)]
 [Times: user=0.07 sys=0.00, real=0.02 secs] 
2019-11-03T18:16:39.982+0800: 33073.075: [GC pause (G1 Evacuation Pause) (young), 0.0208904 secs]
   [Parallel Time: 20.1 ms, GC Workers: 4]
      [GC Worker Start (ms): Min: 33073075.1, Avg: 33073075.2, Max: 33073075.4, Diff: 0.3]
      [Ext Root Scanning (ms): Min: 0.7, Avg: 0.9, Max: 1.1, Diff: 0.4, Sum: 3.7]
      [Update RS (ms): Min: 0.0, Avg: 1.8, Max: 2.8, Diff: 2.8, Sum: 7.3]
         [Processed Buffers: Min: 0, Avg: 8.8, Max: 13, Diff: 13, Sum: 35]
      [Scan RS (ms): Min: 4.0, Avg: 7.1, Max: 11.0, Diff: 6.9, Sum: 28.4]
      [Code Root Scanning (ms): Min: 0.0, Avg: 0.0, Max: 0.0, Diff: 0.0, Sum: 0.0]
      [Object Copy (ms): Min: 5.6, Avg: 10.0, Max: 14.9, Diff: 9.3, Sum: 40.0]
      [Termination (ms): Min: 0.0, Avg: 0.0, Max: 0.0, Diff: 0.0, Sum: 0.0]
         [Termination Attempts: Min: 1, Avg: 2.0, Max: 3, Diff: 2, Sum: 8]
      [GC Worker Other (ms): Min: 0.0, Avg: 0.0, Max: 0.1, Diff: 0.0, Sum: 0.2]
      [GC Worker Total (ms): Min: 19.7, Avg: 19.9, Max: 20.0, Diff: 0.4, Sum: 79.7]
      [GC Worker End (ms): Min: 33073095.1, Avg: 33073095.1, Max: 33073095.2, Diff: 0.0]
   [Code Root Fixup: 0.0 ms]
   [Code Root Purge: 0.0 ms]
   [Clear CT: 0.1 ms]
   [Other: 0.7 ms]
      [Choose CSet: 0.0 ms]
      [Ref Proc: 0.2 ms]
      [Ref Enq: 0.0 ms]
      [Redirty Cards: 0.1 ms]
      [Humongous Register: 0.0 ms]
      [Humongous Reclaim: 0.0 ms]
      [Free CSet: 0.1 ms]
   [Eden: 46.0M(46.0M)->0.0B(45.0M) Survivors: 5120.0K->6144.0K Heap: 300.8M(1024.0M)->255.8M(1024.0M)]
 [Times: user=0.06 sys=0.00, real=0.02 secs] 
2019-11-03T18:16:50.288+0800: 33083.381: [GC pause (G1 Evacuation Pause) (young), 0.0221879 secs]
   [Parallel Time: 21.3 ms, GC Workers: 4]
      [GC Worker Start (ms): Min: 33083380.8, Avg: 33083381.1, Max: 33083381.5, Diff: 0.7]
      [Ext Root Scanning (ms): Min: 0.6, Avg: 1.0, Max: 1.3, Diff: 0.7, Sum: 3.8]
      [Update RS (ms): Min: 0.0, Avg: 2.1, Max: 2.9, Diff: 2.9, Sum: 8.5]
         [Processed Buffers: Min: 0, Avg: 8.2, Max: 20, Diff: 20, Sum: 33]
      [Scan RS (ms): Min: 4.5, Avg: 4.8, Max: 5.1, Diff: 0.5, Sum: 19.2]
      [Code Root Scanning (ms): Min: 0.0, Avg: 0.0, Max: 0.0, Diff: 0.0, Sum: 0.0]
      [Object Copy (ms): Min: 12.1, Avg: 12.9, Max: 15.4, Diff: 3.3, Sum: 51.7]
      [Termination (ms): Min: 0.0, Avg: 0.0, Max: 0.0, Diff: 0.0, Sum: 0.0]
         [Termination Attempts: Min: 1, Avg: 1.2, Max: 2, Diff: 1, Sum: 5]
      [GC Worker Other (ms): Min: 0.0, Avg: 0.0, Max: 0.0, Diff: 0.0, Sum: 0.2]
      [GC Worker Total (ms): Min: 20.5, Avg: 20.8, Max: 21.1, Diff: 0.7, Sum: 83.3]
      [GC Worker End (ms): Min: 33083402.0, Avg: 33083402.0, Max: 33083402.0, Diff: 0.0]
   [Code Root Fixup: 0.0 ms]
   [Code Root Purge: 0.0 ms]
   [Clear CT: 0.2 ms]
   [Other: 0.7 ms]
      [Choose CSet: 0.0 ms]
      [Ref Proc: 0.2 ms]
      [Ref Enq: 0.0 ms]
      [Redirty Cards: 0.1 ms]
      [Humongous Register: 0.1 ms]
      [Humongous Reclaim: 0.0 ms]
      [Free CSet: 0.1 ms]
   [Eden: 45.0M(45.0M)->0.0B(45.0M) Survivors: 6144.0K->6144.0K Heap: 300.8M(1024.0M)->256.3M(1024.0M)]
 [Times: user=0.07 sys=0.00, real=0.03 secs] 
2019-11-03T18:17:00.449+0800: 33093.542: [GC pause (G1 Evacuation Pause) (young), 0.0200781 secs]
   [Parallel Time: 19.3 ms, GC Workers: 4]
      [GC Worker Start (ms): Min: 33093542.1, Avg: 33093542.1, Max: 33093542.2, Diff: 0.1]
      [Ext Root Scanning (ms): Min: 0.8, Avg: 0.9, Max: 0.9, Diff: 0.1, Sum: 3.4]
      [Update RS (ms): Min: 1.5, Avg: 1.9, Max: 2.7, Diff: 1.3, Sum: 7.7]
         [Processed Buffers: Min: 5, Avg: 9.8, Max: 15, Diff: 10, Sum: 39]
      [Scan RS (ms): Min: 4.7, Avg: 5.5, Max: 6.0, Diff: 1.3, Sum: 22.1]
      [Code Root Scanning (ms): Min: 0.0, Avg: 0.0, Max: 0.0, Diff: 0.0, Sum: 0.0]
      [Object Copy (ms): Min: 10.8, Avg: 10.8, Max: 10.9, Diff: 0.1, Sum: 43.4]
      [Termination (ms): Min: 0.0, Avg: 0.0, Max: 0.0, Diff: 0.0, Sum: 0.0]
         [Termination Attempts: Min: 1, Avg: 1.0, Max: 1, Diff: 0, Sum: 4]
      [GC Worker Other (ms): Min: 0.0, Avg: 0.0, Max: 0.1, Diff: 0.0, Sum: 0.1]
      [GC Worker Total (ms): Min: 19.2, Avg: 19.2, Max: 19.2, Diff: 0.0, Sum: 76.7]
      [GC Worker End (ms): Min: 33093561.3, Avg: 33093561.3, Max: 33093561.3, Diff: 0.0]
   [Code Root Fixup: 0.0 ms]
   [Code Root Purge: 0.0 ms]
   [Clear CT: 0.1 ms]
   [Other: 0.7 ms]
      [Choose CSet: 0.0 ms]
      [Ref Proc: 0.2 ms]
      [Ref Enq: 0.0 ms]
      [Redirty Cards: 0.1 ms]
      [Humongous Register: 0.0 ms]
      [Humongous Reclaim: 0.0 ms]
      [Free CSet: 0.1 ms]
   [Eden: 45.0M(45.0M)->0.0B(46.0M) Survivors: 6144.0K->5120.0K Heap: 301.3M(1024.0M)->256.0M(1024.0M)]
 [Times: user=0.07 sys=0.01, real=0.02 secs] 
2019-11-03T18:17:10.919+0800: 33104.012: [GC pause (G1 Evacuation Pause) (young), 0.0190870 secs]
   [Parallel Time: 18.3 ms, GC Workers: 4]
      [GC Worker Start (ms): Min: 33104011.8, Avg: 33104011.9, Max: 33104012.0, Diff: 0.2]
      [Ext Root Scanning (ms): Min: 0.7, Avg: 0.8, Max: 0.9, Diff: 0.2, Sum: 3.3]
      [Update RS (ms): Min: 2.7, Avg: 2.8, Max: 2.8, Diff: 0.1, Sum: 11.1]
         [Processed Buffers: Min: 2, Avg: 9.0, Max: 14, Diff: 12, Sum: 36]
      [Scan RS (ms): Min: 6.3, Avg: 6.4, Max: 6.5, Diff: 0.1, Sum: 25.5]
      [Code Root Scanning (ms): Min: 0.0, Avg: 0.0, Max: 0.0, Diff: 0.0, Sum: 0.0]
      [Object Copy (ms): Min: 8.0, Avg: 8.1, Max: 8.1, Diff: 0.2, Sum: 32.2]
      [Termination (ms): Min: 0.0, Avg: 0.0, Max: 0.0, Diff: 0.0, Sum: 0.0]
         [Termination Attempts: Min: 1, Avg: 1.2, Max: 2, Diff: 1, Sum: 5]
      [GC Worker Other (ms): Min: 0.0, Avg: 0.1, Max: 0.1, Diff: 0.1, Sum: 0.3]
      [GC Worker Total (ms): Min: 18.1, Avg: 18.1, Max: 18.2, Diff: 0.2, Sum: 72.5]
      [GC Worker End (ms): Min: 33104030.0, Avg: 33104030.0, Max: 33104030.1, Diff: 0.1]
   [Code Root Fixup: 0.0 ms]
   [Code Root Purge: 0.0 ms]
   [Clear CT: 0.1 ms]
   [Other: 0.6 ms]
      [Choose CSet: 0.0 ms]
      [Ref Proc: 0.2 ms]
      [Ref Enq: 0.0 ms]
      [Redirty Cards: 0.1 ms]
      [Humongous Register: 0.0 ms]
      [Humongous Reclaim: 0.0 ms]
      [Free CSet: 0.1 ms]
   [Eden: 46.0M(46.0M)->0.0B(51.0M) Survivors: 5120.0K->5120.0K Heap: 302.0M(1024.0M)->256.0M(1024.0M)]
 [Times: user=0.07 sys=0.00, real=0.02 secs] 
2019-11-03T18:17:22.496+0800: 33115.588: [GC pause (G1 Evacuation Pause) (young), 0.0171730 secs]
   [Parallel Time: 16.4 ms, GC Workers: 4]
      [GC Worker Start (ms): Min: 33115588.0, Avg: 33115588.1, Max: 33115588.6, Diff: 0.6]
      [Ext Root Scanning (ms): Min: 0.4, Avg: 0.8, Max: 1.0, Diff: 0.6, Sum: 3.4]
      [Update RS (ms): Min: 2.0, Avg: 2.1, Max: 2.2, Diff: 0.2, Sum: 8.3]
         [Processed Buffers: Min: 4, Avg: 8.8, Max: 13, Diff: 9, Sum: 35]
      [Scan RS (ms): Min: 5.1, Avg: 5.1, Max: 5.1, Diff: 0.0, Sum: 20.5]
      [Code Root Scanning (ms): Min: 0.0, Avg: 0.0, Max: 0.0, Diff: 0.0, Sum: 0.0]
      [Object Copy (ms): Min: 8.0, Avg: 8.1, Max: 8.2, Diff: 0.2, Sum: 32.4]
      [Termination (ms): Min: 0.0, Avg: 0.0, Max: 0.0, Diff: 0.0, Sum: 0.0]
         [Termination Attempts: Min: 1, Avg: 1.5, Max: 2, Diff: 1, Sum: 6]
      [GC Worker Other (ms): Min: 0.0, Avg: 0.0, Max: 0.0, Diff: 0.0, Sum: 0.1]
      [GC Worker Total (ms): Min: 15.7, Avg: 16.2, Max: 16.3, Diff: 0.6, Sum: 64.7]
      [GC Worker End (ms): Min: 33115604.3, Avg: 33115604.3, Max: 33115604.3, Diff: 0.0]
   [Code Root Fixup: 0.0 ms]
   [Code Root Purge: 0.0 ms]
   [Clear CT: 0.1 ms]
   [Other: 0.7 ms]
      [Choose CSet: 0.0 ms]
      [Ref Proc: 0.1 ms]
      [Ref Enq: 0.0 ms]
      [Redirty Cards: 0.1 ms]
      [Humongous Register: 0.0 ms]
      [Humongous Reclaim: 0.0 ms]
      [Free CSet: 0.1 ms]
   [Eden: 51.0M(51.0M)->0.0B(95.0M) Survivors: 5120.0K->5120.0K Heap: 307.0M(1024.0M)->256.0M(1024.0M)]
 [Times: user=0.07 sys=0.00, real=0.02 secs] 
2019-11-03T18:17:44.292+0800: 33137.383: [GC pause (G1 Evacuation Pause) (young), 0.0229874 secs]
   [Parallel Time: 22.1 ms, GC Workers: 4]
      [GC Worker Start (ms): Min: 33137383.6, Avg: 33137384.3, Max: 33137385.3, Diff: 1.6]
      [Ext Root Scanning (ms): Min: 0.0, Avg: 0.8, Max: 1.5, Diff: 1.5, Sum: 3.3]
      [Update RS (ms): Min: 3.1, Avg: 3.8, Max: 4.2, Diff: 1.0, Sum: 15.3]
         [Processed Buffers: Min: 0, Avg: 9.8, Max: 20, Diff: 20, Sum: 39]
      [Scan RS (ms): Min: 4.3, Avg: 4.5, Max: 4.6, Diff: 0.3, Sum: 17.9]
      [Code Root Scanning (ms): Min: 0.0, Avg: 0.0, Max: 0.0, Diff: 0.0, Sum: 0.0]
      [Object Copy (ms): Min: 11.8, Avg: 12.1, Max: 12.9, Diff: 1.1, Sum: 48.3]
      [Termination (ms): Min: 0.0, Avg: 0.0, Max: 0.0, Diff: 0.0, Sum: 0.0]
         [Termination Attempts: Min: 1, Avg: 1.0, Max: 1, Diff: 0, Sum: 4]
      [GC Worker Other (ms): Min: 0.0, Avg: 0.0, Max: 0.0, Diff: 0.0, Sum: 0.1]
      [GC Worker Total (ms): Min: 20.3, Avg: 21.2, Max: 22.0, Diff: 1.6, Sum: 85.0]
      [GC Worker End (ms): Min: 33137405.6, Avg: 33137405.6, Max: 33137405.6, Diff: 0.0]
   [Code Root Fixup: 0.0 ms]
   [Code Root Purge: 0.0 ms]
   [Clear CT: 0.1 ms]
   [Other: 0.8 ms]
      [Choose CSet: 0.0 ms]
      [Ref Proc: 0.2 ms]
      [Ref Enq: 0.0 ms]
      [Redirty Cards: 0.1 ms]
      [Humongous Register: 0.1 ms]
      [Humongous Reclaim: 0.0 ms]
      [Free CSet: 0.1 ms]
   [Eden: 95.0M(95.0M)->0.0B(49.0M) Survivors: 5120.0K->6144.0K Heap: 351.0M(1024.0M)->257.0M(1024.0M)]
 [Times: user=0.07 sys=0.00, real=0.02 secs] 
2019-11-03T18:17:55.580+0800: 33148.671: [GC pause (G1 Evacuation Pause) (young), 0.0211890 secs]
   [Parallel Time: 20.3 ms, GC Workers: 4]
      [GC Worker Start (ms): Min: 33148671.2, Avg: 33148671.2, Max: 33148671.3, Diff: 0.1]
      [Ext Root Scanning (ms): Min: 0.8, Avg: 0.8, Max: 0.8, Diff: 0.1, Sum: 3.1]
      [Update RS (ms): Min: 2.5, Avg: 2.7, Max: 3.1, Diff: 0.6, Sum: 10.8]
         [Processed Buffers: Min: 3, Avg: 7.5, Max: 12, Diff: 9, Sum: 30]
      [Scan RS (ms): Min: 5.2, Avg: 5.6, Max: 5.8, Diff: 0.6, Sum: 22.5]
      [Code Root Scanning (ms): Min: 0.0, Avg: 0.0, Max: 0.0, Diff: 0.0, Sum: 0.0]
      [Object Copy (ms): Min: 11.0, Avg: 11.1, Max: 11.2, Diff: 0.2, Sum: 44.3]
      [Termination (ms): Min: 0.0, Avg: 0.0, Max: 0.0, Diff: 0.0, Sum: 0.0]
         [Termination Attempts: Min: 1, Avg: 1.0, Max: 1, Diff: 0, Sum: 4]
      [GC Worker Other (ms): Min: 0.0, Avg: 0.0, Max: 0.1, Diff: 0.0, Sum: 0.2]
      [GC Worker Total (ms): Min: 20.2, Avg: 20.2, Max: 20.3, Diff: 0.1, Sum: 80.9]
      [GC Worker End (ms): Min: 33148691.4, Avg: 33148691.4, Max: 33148691.5, Diff: 0.0]
   [Code Root Fixup: 0.0 ms]
   [Code Root Purge: 0.0 ms]
   [Clear CT: 0.1 ms]
   [Other: 0.7 ms]
      [Choose CSet: 0.0 ms]
      [Ref Proc: 0.2 ms]
      [Ref Enq: 0.0 ms]
      [Redirty Cards: 0.1 ms]
      [Humongous Register: 0.1 ms]
      [Humongous Reclaim: 0.0 ms]
      [Free CSet: 0.1 ms]
   [Eden: 49.0M(49.0M)->0.0B(46.0M) Survivors: 6144.0K->5120.0K Heap: 306.0M(1024.0M)->256.8M(1024.0M)]
 [Times: user=0.08 sys=0.01, real=0.02 secs] 
2019-11-03T18:18:06.095+0800: 33159.185: [GC pause (G1 Evacuation Pause) (young), 0.0217627 secs]
   [Parallel Time: 21.1 ms, GC Workers: 4]
      [GC Worker Start (ms): Min: 33159185.4, Avg: 33159187.1, Max: 33159188.1, Diff: 2.7]
      [Ext Root Scanning (ms): Min: 0.0, Avg: 1.0, Max: 2.6, Diff: 2.6, Sum: 3.8]
      [Update RS (ms): Min: 1.8, Avg: 2.1, Max: 2.7, Diff: 0.9, Sum: 8.6]
         [Processed Buffers: Min: 8, Avg: 9.5, Max: 12, Diff: 4, Sum: 38]
      [Scan RS (ms): Min: 5.0, Avg: 5.5, Max: 5.9, Diff: 0.9, Sum: 22.1]
      [Code Root Scanning (ms): Min: 0.0, Avg: 0.0, Max: 0.0, Diff: 0.0, Sum: 0.0]
      [Object Copy (ms): Min: 10.4, Avg: 10.6, Max: 10.7, Diff: 0.3, Sum: 42.4]
      [Termination (ms): Min: 0.0, Avg: 0.0, Max: 0.0, Diff: 0.0, Sum: 0.0]
         [Termination Attempts: Min: 1, Avg: 1.0, Max: 1, Diff: 0, Sum: 4]
      [GC Worker Other (ms): Min: 0.0, Avg: 0.1, Max: 0.1, Diff: 0.0, Sum: 0.2]
      [GC Worker Total (ms): Min: 18.2, Avg: 19.3, Max: 21.0, Diff: 2.8, Sum: 77.2]
      [GC Worker End (ms): Min: 33159206.3, Avg: 33159206.4, Max: 33159206.4, Diff: 0.0]
   [Code Root Fixup: 0.0 ms]
   [Code Root Purge: 0.0 ms]
   [Clear CT: 0.0 ms]
   [Other: 0.6 ms]
      [Choose CSet: 0.0 ms]
      [Ref Proc: 0.1 ms]
      [Ref Enq: 0.0 ms]
      [Redirty Cards: 0.1 ms]
      [Humongous Register: 0.1 ms]
      [Humongous Reclaim: 0.0 ms]
      [Free CSet: 0.1 ms]
   [Eden: 46.0M(46.0M)->0.0B(44.0M) Survivors: 5120.0K->7168.0K Heap: 302.8M(1024.0M)->259.4M(1024.0M)]
 [Times: user=0.08 sys=0.01, real=0.02 secs] 
2019-11-03T18:18:16.161+0800: 33169.250: [GC pause (G1 Evacuation Pause) (young), 0.0219000 secs]
   [Parallel Time: 21.2 ms, GC Workers: 4]
      [GC Worker Start (ms): Min: 33169250.6, Avg: 33169250.6, Max: 33169250.7, Diff: 0.1]
      [Ext Root Scanning (ms): Min: 0.8, Avg: 0.9, Max: 0.9, Diff: 0.1, Sum: 3.4]
      [Update RS (ms): Min: 1.9, Avg: 2.1, Max: 2.4, Diff: 0.5, Sum: 8.5]
         [Processed Buffers: Min: 3, Avg: 8.8, Max: 16, Diff: 13, Sum: 35]
      [Scan RS (ms): Min: 6.0, Avg: 6.3, Max: 6.6, Diff: 0.6, Sum: 25.3]
      [Code Root Scanning (ms): Min: 0.0, Avg: 0.0, Max: 0.0, Diff: 0.0, Sum: 0.0]
      [Object Copy (ms): Min: 11.7, Avg: 11.7, Max: 11.8, Diff: 0.1, Sum: 46.9]
      [Termination (ms): Min: 0.0, Avg: 0.0, Max: 0.0, Diff: 0.0, Sum: 0.0]
         [Termination Attempts: Min: 1, Avg: 1.0, Max: 1, Diff: 0, Sum: 4]
      [GC Worker Other (ms): Min: 0.0, Avg: 0.0, Max: 0.0, Diff: 0.0, Sum: 0.2]
      [GC Worker Total (ms): Min: 21.1, Avg: 21.1, Max: 21.1, Diff: 0.0, Sum: 84.3]
      [GC Worker End (ms): Min: 33169271.7, Avg: 33169271.7, Max: 33169271.7, Diff: 0.0]
   [Code Root Fixup: 0.0 ms]
   [Code Root Purge: 0.0 ms]
   [Clear CT: 0.1 ms]
   [Other: 0.6 ms]
      [Choose CSet: 0.0 ms]
      [Ref Proc: 0.1 ms]
      [Ref Enq: 0.0 ms]
      [Redirty Cards: 0.1 ms]
      [Humongous Register: 0.0 ms]
      [Humongous Reclaim: 0.0 ms]
      [Free CSet: 0.1 ms]
   [Eden: 44.0M(44.0M)->0.0B(46.0M) Survivors: 7168.0K->5120.0K Heap: 303.4M(1024.0M)->259.1M(1024.0M)]
 [Times: user=0.07 sys=0.00, real=0.02 secs] 
2019-11-03T18:18:26.616+0800: 33179.705: [GC pause (G1 Evacuation Pause) (young), 0.0183703 secs]
   [Parallel Time: 17.6 ms, GC Workers: 4]
      [GC Worker Start (ms): Min: 33179705.2, Avg: 33179705.3, Max: 33179705.3, Diff: 0.1]
      [Ext Root Scanning (ms): Min: 0.8, Avg: 0.8, Max: 0.9, Diff: 0.1, Sum: 3.3]
      [Update RS (ms): Min: 2.3, Avg: 2.6, Max: 2.8, Diff: 0.5, Sum: 10.2]
         [Processed Buffers: Min: 4, Avg: 7.2, Max: 17, Diff: 13, Sum: 29]
      [Scan RS (ms): Min: 6.5, Avg: 6.6, Max: 6.9, Diff: 0.4, Sum: 26.5]
      [Code Root Scanning (ms): Min: 0.0, Avg: 0.0, Max: 0.0, Diff: 0.0, Sum: 0.0]
      [Object Copy (ms): Min: 7.4, Avg: 7.4, Max: 7.5, Diff: 0.1, Sum: 29.8]
      [Termination (ms): Min: 0.0, Avg: 0.0, Max: 0.0, Diff: 0.0, Sum: 0.0]
         [Termination Attempts: Min: 1, Avg: 1.0, Max: 1, Diff: 0, Sum: 4]
      [GC Worker Other (ms): Min: 0.0, Avg: 0.0, Max: 0.1, Diff: 0.0, Sum: 0.2]
      [GC Worker Total (ms): Min: 17.5, Avg: 17.5, Max: 17.6, Diff: 0.1, Sum: 70.0]
      [GC Worker End (ms): Min: 33179722.7, Avg: 33179722.8, Max: 33179722.8, Diff: 0.0]
   [Code Root Fixup: 0.0 ms]
   [Code Root Purge: 0.0 ms]
   [Clear CT: 0.1 ms]
   [Other: 0.6 ms]
      [Choose CSet: 0.0 ms]
      [Ref Proc: 0.1 ms]
      [Ref Enq: 0.0 ms]
      [Redirty Cards: 0.1 ms]
      [Humongous Register: 0.0 ms]
      [Humongous Reclaim: 0.0 ms]
      [Free CSet: 0.1 ms]
   [Eden: 46.0M(46.0M)->0.0B(52.0M) Survivors: 5120.0K->5120.0K Heap: 305.1M(1024.0M)->258.6M(1024.0M)]
 [Times: user=0.07 sys=0.00, real=0.02 secs] 
2019-11-03T18:18:38.434+0800: 33191.523: [GC pause (G1 Evacuation Pause) (young), 0.0165630 secs]
   [Parallel Time: 15.9 ms, GC Workers: 4]
      [GC Worker Start (ms): Min: 33191522.9, Avg: 33191523.0, Max: 33191523.0, Diff: 0.1]
      [Ext Root Scanning (ms): Min: 0.6, Avg: 0.7, Max: 0.8, Diff: 0.1, Sum: 2.8]
      [Update RS (ms): Min: 1.9, Avg: 2.1, Max: 2.4, Diff: 0.5, Sum: 8.3]
         [Processed Buffers: Min: 4, Avg: 7.0, Max: 15, Diff: 11, Sum: 28]
      [Scan RS (ms): Min: 4.2, Avg: 4.6, Max: 4.8, Diff: 0.6, Sum: 18.5]
      [Code Root Scanning (ms): Min: 0.0, Avg: 0.0, Max: 0.0, Diff: 0.0, Sum: 0.0]
      [Object Copy (ms): Min: 8.3, Avg: 8.3, Max: 8.4, Diff: 0.1, Sum: 33.3]
      [Termination (ms): Min: 0.0, Avg: 0.0, Max: 0.0, Diff: 0.0, Sum: 0.0]
         [Termination Attempts: Min: 1, Avg: 2.0, Max: 3, Diff: 2, Sum: 8]
      [GC Worker Other (ms): Min: 0.0, Avg: 0.0, Max: 0.1, Diff: 0.0, Sum: 0.2]
      [GC Worker Total (ms): Min: 15.7, Avg: 15.8, Max: 15.8, Diff: 0.1, Sum: 63.0]
      [GC Worker End (ms): Min: 33191538.7, Avg: 33191538.7, Max: 33191538.8, Diff: 0.0]
   [Code Root Fixup: 0.0 ms]
   [Code Root Purge: 0.0 ms]
   [Clear CT: 0.1 ms]
   [Other: 0.6 ms]
      [Choose CSet: 0.0 ms]
      [Ref Proc: 0.1 ms]
      [Ref Enq: 0.0 ms]
      [Redirty Cards: 0.1 ms]
      [Humongous Register: 0.0 ms]
      [Humongous Reclaim: 0.0 ms]
      [Free CSet: 0.1 ms]
   [Eden: 52.0M(52.0M)->0.0B(107.0M) Survivors: 5120.0K->5120.0K Heap: 310.6M(1024.0M)->259.1M(1024.0M)]
 [Times: user=0.06 sys=0.00, real=0.02 secs] 
2019-11-03T18:18:48.764+0800: 33201.852: [GC pause (G1 Evacuation Pause) (young), 0.0187334 secs]
   [Parallel Time: 17.9 ms, GC Workers: 4]
      [GC Worker Start (ms): Min: 33201852.1, Avg: 33201852.6, Max: 33201854.0, Diff: 1.9]
      [Ext Root Scanning (ms): Min: 0.0, Avg: 0.9, Max: 1.2, Diff: 1.2, Sum: 3.5]
      [Update RS (ms): Min: 1.9, Avg: 2.1, Max: 2.6, Diff: 0.6, Sum: 8.5]
         [Processed Buffers: Min: 3, Avg: 7.8, Max: 15, Diff: 12, Sum: 31]
      [Scan RS (ms): Min: 5.2, Avg: 5.5, Max: 5.7, Diff: 0.5, Sum: 21.9]
      [Code Root Scanning (ms): Min: 0.0, Avg: 0.0, Max: 0.0, Diff: 0.0, Sum: 0.0]
      [Object Copy (ms): Min: 8.7, Avg: 8.8, Max: 8.9, Diff: 0.3, Sum: 35.3]
      [Termination (ms): Min: 0.0, Avg: 0.0, Max: 0.0, Diff: 0.0, Sum: 0.0]
         [Termination Attempts: Min: 1, Avg: 1.0, Max: 1, Diff: 0, Sum: 4]
      [GC Worker Other (ms): Min: 0.0, Avg: 0.0, Max: 0.0, Diff: 0.0, Sum: 0.1]
      [GC Worker Total (ms): Min: 15.9, Avg: 17.3, Max: 17.8, Diff: 1.9, Sum: 69.3]
      [GC Worker End (ms): Min: 33201869.9, Avg: 33201870.0, Max: 33201870.0, Diff: 0.0]
   [Code Root Fixup: 0.0 ms]
   [Code Root Purge: 0.0 ms]
   [Clear CT: 0.1 ms]
   [Other: 0.7 ms]
      [Choose CSet: 0.0 ms]
      [Ref Proc: 0.2 ms]
      [Ref Enq: 0.0 ms]
      [Redirty Cards: 0.1 ms]
      [Humongous Register: 0.0 ms]
      [Humongous Reclaim: 0.0 ms]
      [Free CSet: 0.1 ms]
   [Eden: 46.0M(46.0M)->0.0B(138.0M) Survivors: 5120.0K->5120.0K Heap: 305.1M(1024.0M)->259.2M(1024.0M)]
 [Times: user=0.07 sys=0.00, real=0.02 secs] 
2019-11-03T18:18:59.081+0800: 33212.169: [GC pause (G1 Evacuation Pause) (young), 0.0204787 secs]
   [Parallel Time: 19.7 ms, GC Workers: 4]
      [GC Worker Start (ms): Min: 33212169.0, Avg: 33212169.2, Max: 33212169.8, Diff: 0.9]
      [Ext Root Scanning (ms): Min: 0.2, Avg: 0.8, Max: 1.0, Diff: 0.8, Sum: 3.2]
      [Update RS (ms): Min: 2.1, Avg: 2.3, Max: 2.4, Diff: 0.3, Sum: 9.3]
         [Processed Buffers: Min: 5, Avg: 8.0, Max: 13, Diff: 8, Sum: 32]
      [Scan RS (ms): Min: 6.8, Avg: 7.1, Max: 7.4, Diff: 0.6, Sum: 28.4]
      [Code Root Scanning (ms): Min: 0.0, Avg: 0.0, Max: 0.0, Diff: 0.0, Sum: 0.0]
      [Object Copy (ms): Min: 8.9, Avg: 9.1, Max: 9.4, Diff: 0.5, Sum: 36.6]
      [Termination (ms): Min: 0.0, Avg: 0.0, Max: 0.0, Diff: 0.0, Sum: 0.0]
         [Termination Attempts: Min: 1, Avg: 1.0, Max: 1, Diff: 0, Sum: 4]
      [GC Worker Other (ms): Min: 0.0, Avg: 0.0, Max: 0.1, Diff: 0.0, Sum: 0.2]
      [GC Worker Total (ms): Min: 18.8, Avg: 19.4, Max: 19.7, Diff: 0.9, Sum: 77.6]
      [GC Worker End (ms): Min: 33212188.6, Avg: 33212188.6, Max: 33212188.6, Diff: 0.0]
   [Code Root Fixup: 0.0 ms]
   [Code Root Purge: 0.0 ms]
   [Clear CT: 0.1 ms]
   [Other: 0.7 ms]
      [Choose CSet: 0.0 ms]
      [Ref Proc: 0.2 ms]
      [Ref Enq: 0.0 ms]
      [Redirty Cards: 0.0 ms]
      [Humongous Register: 0.1 ms]
      [Humongous Reclaim: 0.0 ms]
      [Free CSet: 0.1 ms]
   [Eden: 46.0M(46.0M)->0.0B(107.0M) Survivors: 5120.0K->7168.0K Heap: 305.2M(1024.0M)->261.2M(1024.0M)]
 [Times: user=0.08 sys=0.00, real=0.02 secs] 
2019-11-03T18:19:09.014+0800: 33222.102: [GC pause (G1 Evacuation Pause) (young), 0.0211745 secs]
   [Parallel Time: 20.6 ms, GC Workers: 4]
      [GC Worker Start (ms): Min: 33222101.7, Avg: 33222101.9, Max: 33222102.2, Diff: 0.5]
      [Ext Root Scanning (ms): Min: 0.6, Avg: 0.9, Max: 1.0, Diff: 0.4, Sum: 3.6]
      [Update RS (ms): Min: 1.7, Avg: 1.9, Max: 2.3, Diff: 0.6, Sum: 7.5]
         [Processed Buffers: Min: 5, Avg: 8.0, Max: 10, Diff: 5, Sum: 32]
      [Scan RS (ms): Min: 6.4, Avg: 6.7, Max: 6.9, Diff: 0.5, Sum: 26.9]
      [Code Root Scanning (ms): Min: 0.0, Avg: 0.0, Max: 0.0, Diff: 0.0, Sum: 0.0]
      [Object Copy (ms): Min: 10.8, Avg: 10.8, Max: 10.9, Diff: 0.1, Sum: 43.3]
      [Termination (ms): Min: 0.0, Avg: 0.0, Max: 0.0, Diff: 0.0, Sum: 0.0]
         [Termination Attempts: Min: 1, Avg: 1.0, Max: 1, Diff: 0, Sum: 4]
      [GC Worker Other (ms): Min: 0.0, Avg: 0.0, Max: 0.0, Diff: 0.0, Sum: 0.1]
      [GC Worker Total (ms): Min: 20.0, Avg: 20.4, Max: 20.5, Diff: 0.5, Sum: 81.4]
      [GC Worker End (ms): Min: 33222122.2, Avg: 33222122.2, Max: 33222122.2, Diff: 0.0]
   [Code Root Fixup: 0.0 ms]
   [Code Root Purge: 0.0 ms]
   [Clear CT: 0.1 ms]
   [Other: 0.5 ms]
      [Choose CSet: 0.0 ms]
      [Ref Proc: 0.1 ms]
      [Ref Enq: 0.0 ms]
      [Redirty Cards: 0.1 ms]
      [Humongous Register: 0.0 ms]
      [Humongous Reclaim: 0.0 ms]
      [Free CSet: 0.1 ms]
   [Eden: 44.0M(44.0M)->0.0B(94.0M) Survivors: 7168.0K->5120.0K Heap: 305.2M(1024.0M)->260.5M(1024.0M)]
 [Times: user=0.07 sys=0.00, real=0.02 secs] 
2019-11-03T18:19:19.471+0800: 33232.558: [GC pause (G1 Evacuation Pause) (young), 0.0180195 secs]
   [Parallel Time: 17.3 ms, GC Workers: 4]
      [GC Worker Start (ms): Min: 33232558.4, Avg: 33232558.6, Max: 33232558.9, Diff: 0.5]
      [Ext Root Scanning (ms): Min: 0.5, Avg: 0.8, Max: 1.0, Diff: 0.5, Sum: 3.2]
      [Update RS (ms): Min: 1.7, Avg: 2.4, Max: 2.9, Diff: 1.2, Sum: 9.6]
         [Processed Buffers: Min: 1, Avg: 8.2, Max: 14, Diff: 13, Sum: 33]
      [Scan RS (ms): Min: 6.5, Avg: 7.0, Max: 7.7, Diff: 1.2, Sum: 27.9]
      [Code Root Scanning (ms): Min: 0.0, Avg: 0.0, Max: 0.0, Diff: 0.0, Sum: 0.0]
      [Object Copy (ms): Min: 6.9, Avg: 6.9, Max: 6.9, Diff: 0.0, Sum: 27.5]
      [Termination (ms): Min: 0.0, Avg: 0.0, Max: 0.0, Diff: 0.0, Sum: 0.0]
         [Termination Attempts: Min: 1, Avg: 1.8, Max: 3, Diff: 2, Sum: 7]
      [GC Worker Other (ms): Min: 0.0, Avg: 0.0, Max: 0.0, Diff: 0.0, Sum: 0.1]
      [GC Worker Total (ms): Min: 16.8, Avg: 17.1, Max: 17.3, Diff: 0.5, Sum: 68.4]
      [GC Worker End (ms): Min: 33232575.7, Avg: 33232575.7, Max: 33232575.7, Diff: 0.0]
   [Code Root Fixup: 0.0 ms]
   [Code Root Purge: 0.0 ms]
   [Clear CT: 0.1 ms]
   [Other: 0.6 ms]
      [Choose CSet: 0.0 ms]
      [Ref Proc: 0.2 ms]
      [Ref Enq: 0.0 ms]
      [Redirty Cards: 0.0 ms]
      [Humongous Register: 0.0 ms]
      [Humongous Reclaim: 0.0 ms]
      [Free CSet: 0.1 ms]
   [Eden: 46.0M(46.0M)->0.0B(140.0M) Survivors: 5120.0K->5120.0K Heap: 306.5M(1024.0M)->260.5M(1024.0M)]
 [Times: user=0.06 sys=0.00, real=0.01 secs] 
2019-11-03T18:19:31.771+0800: 33244.858: [GC pause (G1 Evacuation Pause) (young), 0.0186111 secs]
   [Parallel Time: 18.0 ms, GC Workers: 4]
      [GC Worker Start (ms): Min: 33244857.7, Avg: 33244857.7, Max: 33244857.8, Diff: 0.1]
      [Ext Root Scanning (ms): Min: 0.7, Avg: 0.7, Max: 0.8, Diff: 0.1, Sum: 3.0]
      [Update RS (ms): Min: 1.6, Avg: 2.0, Max: 2.6, Diff: 1.0, Sum: 8.0]
         [Processed Buffers: Min: 6, Avg: 8.2, Max: 12, Diff: 6, Sum: 33]
      [Scan RS (ms): Min: 6.3, Avg: 7.0, Max: 7.3, Diff: 1.0, Sum: 27.9]
      [Code Root Scanning (ms): Min: 0.0, Avg: 0.0, Max: 0.0, Diff: 0.0, Sum: 0.0]
      [Object Copy (ms): Min: 8.1, Avg: 8.2, Max: 8.2, Diff: 0.1, Sum: 32.7]
      [Termination (ms): Min: 0.0, Avg: 0.0, Max: 0.0, Diff: 0.0, Sum: 0.0]
         [Termination Attempts: Min: 1, Avg: 1.0, Max: 1, Diff: 0, Sum: 4]
      [GC Worker Other (ms): Min: 0.0, Avg: 0.0, Max: 0.0, Diff: 0.0, Sum: 0.1]
      [GC Worker Total (ms): Min: 17.9, Avg: 17.9, Max: 17.9, Diff: 0.0, Sum: 71.7]
      [GC Worker End (ms): Min: 33244875.6, Avg: 33244875.7, Max: 33244875.7, Diff: 0.0]
   [Code Root Fixup: 0.0 ms]
   [Code Root Purge: 0.0 ms]
   [Clear CT: 0.1 ms]
   [Other: 0.5 ms]
      [Choose CSet: 0.0 ms]
      [Ref Proc: 0.1 ms]
      [Ref Enq: 0.0 ms]
      [Redirty Cards: 0.1 ms]
      [Humongous Register: 0.0 ms]
      [Humongous Reclaim: 0.0 ms]
      [Free CSet: 0.1 ms]
   [Eden: 55.0M(46.0M)->0.0B(125.0M) Survivors: 5120.0K->5120.0K Heap: 315.5M(1024.0M)->260.5M(1024.0M)]
 [Times: user=0.07 sys=0.00, real=0.01 secs] 
2019-11-03T18:19:53.935+0800: 33267.021: [GC pause (G1 Evacuation Pause) (young), 0.0220568 secs]
   [Parallel Time: 21.4 ms, GC Workers: 4]
      [GC Worker Start (ms): Min: 33267021.2, Avg: 33267021.3, Max: 33267021.5, Diff: 0.3]
      [Ext Root Scanning (ms): Min: 0.8, Avg: 1.0, Max: 1.1, Diff: 0.3, Sum: 3.9]
      [Update RS (ms): Min: 1.9, Avg: 2.5, Max: 3.1, Diff: 1.2, Sum: 9.9]
         [Processed Buffers: Min: 4, Avg: 9.0, Max: 13, Diff: 9, Sum: 36]
      [Scan RS (ms): Min: 7.2, Avg: 7.7, Max: 8.1, Diff: 0.9, Sum: 30.6]
      [Code Root Scanning (ms): Min: 0.0, Avg: 0.0, Max: 0.0, Diff: 0.0, Sum: 0.0]
      [Object Copy (ms): Min: 9.3, Avg: 10.0, Max: 10.2, Diff: 0.9, Sum: 39.9]
      [Termination (ms): Min: 0.0, Avg: 0.0, Max: 0.0, Diff: 0.0, Sum: 0.0]
         [Termination Attempts: Min: 1, Avg: 1.0, Max: 1, Diff: 0, Sum: 4]
      [GC Worker Other (ms): Min: 0.0, Avg: 0.1, Max: 0.1, Diff: 0.1, Sum: 0.2]
      [GC Worker Total (ms): Min: 21.0, Avg: 21.1, Max: 21.3, Diff: 0.3, Sum: 84.5]
      [GC Worker End (ms): Min: 33267042.4, Avg: 33267042.4, Max: 33267042.5, Diff: 0.1]
   [Code Root Fixup: 0.0 ms]
   [Code Root Purge: 0.0 ms]
   [Clear CT: 0.1 ms]
   [Other: 0.6 ms]
      [Choose CSet: 0.0 ms]
      [Ref Proc: 0.1 ms]
      [Ref Enq: 0.0 ms]
      [Redirty Cards: 0.1 ms]
      [Humongous Register: 0.0 ms]
      [Humongous Reclaim: 0.0 ms]
      [Free CSet: 0.1 ms]
   [Eden: 97.0M(46.0M)->0.0B(86.0M) Survivors: 5120.0K->5120.0K Heap: 357.5M(1024.0M)->261.3M(1024.0M)]
 [Times: user=0.08 sys=0.01, real=0.02 secs] 
2019-11-03T18:20:13.503+0800: 33286.588: [GC pause (G1 Evacuation Pause) (young), 0.0230502 secs]
   [Parallel Time: 22.3 ms, GC Workers: 4]
      [GC Worker Start (ms): Min: 33286588.6, Avg: 33286591.1, Max: 33286598.6, Diff: 10.0]
      [Ext Root Scanning (ms): Min: 0.0, Avg: 0.8, Max: 1.1, Diff: 1.0, Sum: 3.1]
      [Update RS (ms): Min: 0.0, Avg: 2.6, Max: 3.8, Diff: 3.8, Sum: 10.5]
         [Processed Buffers: Min: 0, Avg: 8.8, Max: 21, Diff: 21, Sum: 35]
      [Scan RS (ms): Min: 2.6, Avg: 6.7, Max: 8.3, Diff: 5.7, Sum: 27.0]
      [Code Root Scanning (ms): Min: 0.0, Avg: 0.0, Max: 0.0, Diff: 0.0, Sum: 0.0]
      [Object Copy (ms): Min: 9.5, Avg: 9.5, Max: 9.6, Diff: 0.1, Sum: 38.1]
      [Termination (ms): Min: 0.0, Avg: 0.0, Max: 0.0, Diff: 0.0, Sum: 0.0]
         [Termination Attempts: Min: 1, Avg: 1.5, Max: 2, Diff: 1, Sum: 6]
      [GC Worker Other (ms): Min: 0.0, Avg: 0.0, Max: 0.0, Diff: 0.0, Sum: 0.1]
      [GC Worker Total (ms): Min: 12.2, Avg: 19.7, Max: 22.2, Diff: 10.0, Sum: 78.7]
      [GC Worker End (ms): Min: 33286610.8, Avg: 33286610.8, Max: 33286610.8, Diff: 0.0]
   [Code Root Fixup: 0.0 ms]
   [Code Root Purge: 0.0 ms]
   [Clear CT: 0.1 ms]
   [Other: 0.6 ms]
      [Choose CSet: 0.0 ms]
      [Ref Proc: 0.1 ms]
      [Ref Enq: 0.0 ms]
      [Redirty Cards: 0.1 ms]
      [Humongous Register: 0.0 ms]
      [Humongous Reclaim: 0.0 ms]
      [Free CSet: 0.1 ms]
   [Eden: 86.0M(86.0M)->0.0B(44.0M) Survivors: 5120.0K->7168.0K Heap: 347.3M(1024.0M)->262.8M(1024.0M)]
 [Times: user=0.08 sys=0.00, real=0.02 secs] 
2019-11-03T18:20:23.547+0800: 33296.632: [GC pause (G1 Evacuation Pause) (young), 0.0222400 secs]
   [Parallel Time: 21.5 ms, GC Workers: 4]
      [GC Worker Start (ms): Min: 33296632.0, Avg: 33296632.0, Max: 33296632.1, Diff: 0.1]
      [Ext Root Scanning (ms): Min: 0.7, Avg: 0.7, Max: 0.8, Diff: 0.1, Sum: 2.9]
      [Update RS (ms): Min: 1.7, Avg: 2.1, Max: 2.5, Diff: 0.8, Sum: 8.6]
         [Processed Buffers: Min: 4, Avg: 7.8, Max: 10, Diff: 6, Sum: 31]
      [Scan RS (ms): Min: 5.5, Avg: 5.8, Max: 6.4, Diff: 0.9, Sum: 23.3]
      [Code Root Scanning (ms): Min: 0.0, Avg: 0.0, Max: 0.0, Diff: 0.0, Sum: 0.0]
      [Object Copy (ms): Min: 12.5, Avg: 12.6, Max: 12.6, Diff: 0.1, Sum: 50.3]
      [Termination (ms): Min: 0.0, Avg: 0.1, Max: 0.1, Diff: 0.1, Sum: 0.4]
         [Termination Attempts: Min: 1, Avg: 1.0, Max: 1, Diff: 0, Sum: 4]
      [GC Worker Other (ms): Min: 0.0, Avg: 0.0, Max: 0.0, Diff: 0.0, Sum: 0.1]
      [GC Worker Total (ms): Min: 21.4, Avg: 21.4, Max: 21.4, Diff: 0.0, Sum: 85.5]
      [GC Worker End (ms): Min: 33296653.4, Avg: 33296653.4, Max: 33296653.4, Diff: 0.0]
   [Code Root Fixup: 0.0 ms]
   [Code Root Purge: 0.0 ms]
   [Clear CT: 0.1 ms]
   [Other: 0.6 ms]
      [Choose CSet: 0.0 ms]
      [Ref Proc: 0.2 ms]
      [Ref Enq: 0.0 ms]
      [Redirty Cards: 0.1 ms]
      [Humongous Register: 0.0 ms]
      [Humongous Reclaim: 0.0 ms]
      [Free CSet: 0.1 ms]
   [Eden: 44.0M(44.0M)->0.0B(45.0M) Survivors: 7168.0K->6144.0K Heap: 306.8M(1024.0M)->263.2M(1024.0M)]
 [Times: user=0.08 sys=0.01, real=0.02 secs] 
2019-11-03T18:20:33.772+0800: 33306.857: [GC pause (G1 Evacuation Pause) (young), 0.0225023 secs]
   [Parallel Time: 21.5 ms, GC Workers: 4]
      [GC Worker Start (ms): Min: 33306856.7, Avg: 33306856.7, Max: 33306856.8, Diff: 0.1]
      [Ext Root Scanning (ms): Min: 0.7, Avg: 0.8, Max: 0.8, Diff: 0.1, Sum: 3.1]
      [Update RS (ms): Min: 2.0, Avg: 2.3, Max: 2.6, Diff: 0.6, Sum: 9.1]
         [Processed Buffers: Min: 6, Avg: 8.8, Max: 11, Diff: 5, Sum: 35]
      [Scan RS (ms): Min: 7.1, Avg: 7.4, Max: 7.7, Diff: 0.6, Sum: 29.7]
      [Code Root Scanning (ms): Min: 0.0, Avg: 0.0, Max: 0.0, Diff: 0.0, Sum: 0.0]
      [Object Copy (ms): Min: 10.8, Avg: 10.9, Max: 11.0, Diff: 0.3, Sum: 43.6]
      [Termination (ms): Min: 0.0, Avg: 0.0, Max: 0.0, Diff: 0.0, Sum: 0.0]
         [Termination Attempts: Min: 1, Avg: 1.0, Max: 1, Diff: 0, Sum: 4]
      [GC Worker Other (ms): Min: 0.0, Avg: 0.0, Max: 0.1, Diff: 0.0, Sum: 0.2]
      [GC Worker Total (ms): Min: 21.4, Avg: 21.4, Max: 21.5, Diff: 0.1, Sum: 85.8]
      [GC Worker End (ms): Min: 33306878.2, Avg: 33306878.2, Max: 33306878.2, Diff: 0.0]
   [Code Root Fixup: 0.0 ms]
   [Code Root Purge: 0.0 ms]
   [Clear CT: 0.2 ms]
   [Other: 0.8 ms]
      [Choose CSet: 0.0 ms]
      [Ref Proc: 0.2 ms]
      [Ref Enq: 0.0 ms]
      [Redirty Cards: 0.2 ms]
      [Humongous Register: 0.0 ms]
      [Humongous Reclaim: 0.0 ms]
      [Free CSet: 0.1 ms]
   [Eden: 45.0M(45.0M)->0.0B(46.0M) Survivors: 6144.0K->5120.0K Heap: 308.2M(1024.0M)->263.2M(1024.0M)]
 [Times: user=0.08 sys=0.00, real=0.02 secs] 
2019-11-03T18:20:44.247+0800: 33317.331: [GC pause (G1 Evacuation Pause) (young), 0.0220904 secs]
   [Parallel Time: 21.3 ms, GC Workers: 4]
      [GC Worker Start (ms): Min: 33317331.1, Avg: 33317331.3, Max: 33317331.7, Diff: 0.5]
      [Ext Root Scanning (ms): Min: 0.5, Avg: 2.4, Max: 7.1, Diff: 6.7, Sum: 9.6]
      [Update RS (ms): Min: 0.0, Avg: 1.9, Max: 2.8, Diff: 2.8, Sum: 7.7]
         [Processed Buffers: Min: 0, Avg: 8.5, Max: 15, Diff: 15, Sum: 34]
      [Scan RS (ms): Min: 4.3, Avg: 8.5, Max: 13.8, Diff: 9.5, Sum: 34.0]
      [Code Root Scanning (ms): Min: 0.0, Avg: 0.0, Max: 0.0, Diff: 0.0, Sum: 0.0]
      [Object Copy (ms): Min: 3.4, Avg: 8.1, Max: 9.8, Diff: 6.4, Sum: 32.6]
      [Termination (ms): Min: 0.0, Avg: 0.1, Max: 0.2, Diff: 0.2, Sum: 0.5]
         [Termination Attempts: Min: 1, Avg: 1.2, Max: 2, Diff: 1, Sum: 5]
      [GC Worker Other (ms): Min: 0.0, Avg: 0.0, Max: 0.0, Diff: 0.0, Sum: 0.1]
      [GC Worker Total (ms): Min: 20.7, Avg: 21.1, Max: 21.2, Diff: 0.6, Sum: 84.4]
      [GC Worker End (ms): Min: 33317352.4, Avg: 33317352.4, Max: 33317352.4, Diff: 0.0]
   [Code Root Fixup: 0.0 ms]
   [Code Root Purge: 0.0 ms]
   [Clear CT: 0.1 ms]
   [Other: 0.6 ms]
      [Choose CSet: 0.0 ms]
      [Ref Proc: 0.2 ms]
      [Ref Enq: 0.0 ms]
      [Redirty Cards: 0.1 ms]
      [Humongous Register: 0.0 ms]
      [Humongous Reclaim: 0.0 ms]
      [Free CSet: 0.1 ms]
   [Eden: 46.0M(46.0M)->0.0B(46.0M) Survivors: 5120.0K->5120.0K Heap: 309.2M(1024.0M)->263.2M(1024.0M)]
 [Times: user=0.06 sys=0.00, real=0.02 secs] 
2019-11-03T18:20:54.787+0800: 33327.871: [GC pause (G1 Evacuation Pause) (young), 0.0188560 secs]
   [Parallel Time: 18.1 ms, GC Workers: 4]
      [GC Worker Start (ms): Min: 33327870.9, Avg: 33327871.0, Max: 33327871.0, Diff: 0.1]
      [Ext Root Scanning (ms): Min: 0.8, Avg: 0.8, Max: 0.9, Diff: 0.1, Sum: 3.2]
      [Update RS (ms): Min: 2.6, Avg: 2.6, Max: 2.7, Diff: 0.1, Sum: 10.4]
         [Processed Buffers: Min: 1, Avg: 8.5, Max: 16, Diff: 15, Sum: 34]
      [Scan RS (ms): Min: 7.0, Avg: 7.1, Max: 7.1, Diff: 0.1, Sum: 28.3]
      [Code Root Scanning (ms): Min: 0.0, Avg: 0.0, Max: 0.0, Diff: 0.0, Sum: 0.0]
      [Object Copy (ms): Min: 7.4, Avg: 7.5, Max: 7.5, Diff: 0.1, Sum: 29.9]
      [Termination (ms): Min: 0.0, Avg: 0.0, Max: 0.0, Diff: 0.0, Sum: 0.0]
         [Termination Attempts: Min: 1, Avg: 1.8, Max: 3, Diff: 2, Sum: 7]
      [GC Worker Other (ms): Min: 0.0, Avg: 0.0, Max: 0.1, Diff: 0.0, Sum: 0.2]
      [GC Worker Total (ms): Min: 18.0, Avg: 18.0, Max: 18.0, Diff: 0.1, Sum: 72.0]
      [GC Worker End (ms): Min: 33327888.9, Avg: 33327889.0, Max: 33327889.0, Diff: 0.0]
   [Code Root Fixup: 0.0 ms]
   [Code Root Purge: 0.0 ms]
   [Clear CT: 0.1 ms]
   [Other: 0.6 ms]
      [Choose CSet: 0.0 ms]
      [Ref Proc: 0.2 ms]
      [Ref Enq: 0.0 ms]
      [Redirty Cards: 0.1 ms]
      [Humongous Register: 0.0 ms]
      [Humongous Reclaim: 0.0 ms]
      [Free CSet: 0.1 ms]
   [Eden: 46.0M(46.0M)->0.0B(46.0M) Survivors: 5120.0K->5120.0K Heap: 309.2M(1024.0M)->263.2M(1024.0M)]
 [Times: user=0.07 sys=0.00, real=0.02 secs] 
2019-11-03T18:21:05.197+0800: 33338.281: [GC pause (G1 Evacuation Pause) (young), 0.0242200 secs]
   [Parallel Time: 23.1 ms, GC Workers: 4]
      [GC Worker Start (ms): Min: 33338280.8, Avg: 33338280.9, Max: 33338280.9, Diff: 0.1]
      [Ext Root Scanning (ms): Min: 0.8, Avg: 1.1, Max: 1.7, Diff: 0.9, Sum: 4.3]
      [Update RS (ms): Min: 1.1, Avg: 2.0, Max: 2.7, Diff: 1.6, Sum: 8.1]
         [Processed Buffers: Min: 7, Avg: 9.2, Max: 12, Diff: 5, Sum: 37]
      [Scan RS (ms): Min: 6.1, Avg: 6.4, Max: 6.8, Diff: 0.7, Sum: 25.4]
      [Code Root Scanning (ms): Min: 0.0, Avg: 0.0, Max: 0.0, Diff: 0.0, Sum: 0.0]
      [Object Copy (ms): Min: 13.0, Avg: 13.3, Max: 14.0, Diff: 1.0, Sum: 53.4]
      [Termination (ms): Min: 0.0, Avg: 0.1, Max: 0.2, Diff: 0.2, Sum: 0.4]
         [Termination Attempts: Min: 1, Avg: 1.5, Max: 2, Diff: 1, Sum: 6]
      [GC Worker Other (ms): Min: 0.0, Avg: 0.0, Max: 0.0, Diff: 0.0, Sum: 0.1]
      [GC Worker Total (ms): Min: 22.9, Avg: 22.9, Max: 23.0, Diff: 0.1, Sum: 91.7]
      [GC Worker End (ms): Min: 33338303.8, Avg: 33338303.8, Max: 33338303.8, Diff: 0.0]
   [Code Root Fixup: 0.0 ms]
   [Code Root Purge: 0.0 ms]
   [Clear CT: 0.1 ms]
   [Other: 1.0 ms]
      [Choose CSet: 0.0 ms]
      [Ref Proc: 0.2 ms]
      [Ref Enq: 0.0 ms]
      [Redirty Cards: 0.1 ms]
      [Humongous Register: 0.0 ms]
      [Humongous Reclaim: 0.1 ms]
      [Free CSet: 0.2 ms]
   [Eden: 46.0M(46.0M)->0.0B(45.0M) Survivors: 5120.0K->6144.0K Heap: 309.2M(1024.0M)->264.2M(1024.0M)]
 [Times: user=0.07 sys=0.00, real=0.03 secs] 
2019-11-03T18:21:15.507+0800: 33348.590: [GC pause (G1 Evacuation Pause) (young), 0.0212398 secs]
   [Parallel Time: 20.6 ms, GC Workers: 4]
      [GC Worker Start (ms): Min: 33348590.2, Avg: 33348590.3, Max: 33348590.3, Diff: 0.1]
      [Ext Root Scanning (ms): Min: 0.6, Avg: 0.6, Max: 0.6, Diff: 0.1, Sum: 2.4]
      [Update RS (ms): Min: 2.4, Avg: 2.6, Max: 2.8, Diff: 0.4, Sum: 10.5]
         [Processed Buffers: Min: 0, Avg: 8.8, Max: 17, Diff: 17, Sum: 35]
      [Scan RS (ms): Min: 4.2, Avg: 4.4, Max: 4.6, Diff: 0.4, Sum: 17.6]
      [Code Root Scanning (ms): Min: 0.0, Avg: 0.0, Max: 0.0, Diff: 0.0, Sum: 0.0]
      [Object Copy (ms): Min: 12.8, Avg: 12.8, Max: 12.8, Diff: 0.0, Sum: 51.2]
      [Termination (ms): Min: 0.0, Avg: 0.0, Max: 0.0, Diff: 0.0, Sum: 0.0]
         [Termination Attempts: Min: 1, Avg: 2.0, Max: 5, Diff: 4, Sum: 8]
      [GC Worker Other (ms): Min: 0.0, Avg: 0.0, Max: 0.0, Diff: 0.0, Sum: 0.1]
      [GC Worker Total (ms): Min: 20.4, Avg: 20.4, Max: 20.5, Diff: 0.1, Sum: 81.8]
      [GC Worker End (ms): Min: 33348610.7, Avg: 33348610.7, Max: 33348610.7, Diff: 0.0]
   [Code Root Fixup: 0.0 ms]
   [Code Root Purge: 0.0 ms]
   [Clear CT: 0.1 ms]
   [Other: 0.6 ms]
      [Choose CSet: 0.0 ms]
      [Ref Proc: 0.1 ms]
      [Ref Enq: 0.0 ms]
      [Redirty Cards: 0.1 ms]
      [Humongous Register: 0.0 ms]
      [Humongous Reclaim: 0.0 ms]
      [Free CSet: 0.1 ms]
   [Eden: 45.0M(45.0M)->0.0B(46.0M) Survivors: 6144.0K->5120.0K Heap: 309.2M(1024.0M)->264.4M(1024.0M)]
 [Times: user=0.06 sys=0.01, real=0.02 secs] 
2019-11-03T18:21:26.062+0800: 33359.144: [GC pause (G1 Evacuation Pause) (young), 0.0312815 secs]
   [Parallel Time: 27.4 ms, GC Workers: 4]
      [GC Worker Start (ms): Min: 33359145.0, Avg: 33359146.9, Max: 33359148.3, Diff: 3.3]
      [Ext Root Scanning (ms): Min: 0.0, Avg: 0.7, Max: 2.2, Diff: 2.2, Sum: 2.9]
      [Update RS (ms): Min: 1.5, Avg: 6.8, Max: 15.6, Diff: 14.1, Sum: 27.1]
         [Processed Buffers: Min: 0, Avg: 8.5, Max: 25, Diff: 25, Sum: 34]
      [Scan RS (ms): Min: 0.1, Avg: 7.6, Max: 16.5, Diff: 16.4, Sum: 30.4]
      [Code Root Scanning (ms): Min: 0.0, Avg: 0.0, Max: 0.0, Diff: 0.0, Sum: 0.0]
      [Object Copy (ms): Min: 6.1, Avg: 9.5, Max: 11.8, Diff: 5.7, Sum: 37.8]
      [Termination (ms): Min: 0.0, Avg: 0.3, Max: 0.6, Diff: 0.6, Sum: 1.1]
         [Termination Attempts: Min: 1, Avg: 1.0, Max: 1, Diff: 0, Sum: 4]
      [GC Worker Other (ms): Min: 0.0, Avg: 0.0, Max: 0.0, Diff: 0.0, Sum: 0.1]
      [GC Worker Total (ms): Min: 23.2, Avg: 24.8, Max: 26.9, Diff: 3.7, Sum: 99.4]
      [GC Worker End (ms): Min: 33359171.5, Avg: 33359171.7, Max: 33359172.0, Diff: 0.4]
   [Code Root Fixup: 0.0 ms]
   [Code Root Purge: 0.0 ms]
   [Clear CT: 0.2 ms]
   [Other: 3.7 ms]
      [Choose CSet: 0.0 ms]
      [Ref Proc: 3.0 ms]
      [Ref Enq: 0.0 ms]
      [Redirty Cards: 0.1 ms]
      [Humongous Register: 0.1 ms]
      [Humongous Reclaim: 0.0 ms]
      [Free CSet: 0.1 ms]
   [Eden: 46.0M(46.0M)->0.0B(47.0M) Survivors: 5120.0K->4096.0K Heap: 310.4M(1024.0M)->263.9M(1024.0M)]
 [Times: user=0.05 sys=0.00, real=0.03 secs] 
2019-11-03T18:21:36.854+0800: 33369.936: [GC pause (G1 Evacuation Pause) (young), 0.0231729 secs]
   [Parallel Time: 21.9 ms, GC Workers: 4]
      [GC Worker Start (ms): Min: 33369935.8, Avg: 33369935.9, Max: 33369936.1, Diff: 0.2]
      [Ext Root Scanning (ms): Min: 0.8, Avg: 1.0, Max: 1.1, Diff: 0.3, Sum: 4.1]
      [Update RS (ms): Min: 1.8, Avg: 2.4, Max: 2.6, Diff: 0.8, Sum: 9.5]
         [Processed Buffers: Min: 5, Avg: 9.8, Max: 13, Diff: 8, Sum: 39]
      [Scan RS (ms): Min: 7.2, Avg: 7.8, Max: 8.6, Diff: 1.4, Sum: 31.3]
      [Code Root Scanning (ms): Min: 0.0, Avg: 0.0, Max: 0.0, Diff: 0.0, Sum: 0.0]
      [Object Copy (ms): Min: 9.7, Avg: 10.0, Max: 10.3, Diff: 0.6, Sum: 40.1]
      [Termination (ms): Min: 0.0, Avg: 0.3, Max: 0.5, Diff: 0.5, Sum: 1.4]
         [Termination Attempts: Min: 1, Avg: 1.2, Max: 2, Diff: 1, Sum: 5]
      [GC Worker Other (ms): Min: 0.0, Avg: 0.0, Max: 0.0, Diff: 0.0, Sum: 0.1]
      [GC Worker Total (ms): Min: 21.2, Avg: 21.6, Max: 21.8, Diff: 0.6, Sum: 86.5]
      [GC Worker End (ms): Min: 33369957.3, Avg: 33369957.6, Max: 33369957.7, Diff: 0.4]
   [Code Root Fixup: 0.0 ms]
   [Code Root Purge: 0.0 ms]
   [Clear CT: 0.1 ms]
   [Other: 1.2 ms]
      [Choose CSet: 0.0 ms]
      [Ref Proc: 0.6 ms]
      [Ref Enq: 0.0 ms]
      [Redirty Cards: 0.1 ms]
      [Humongous Register: 0.0 ms]
      [Humongous Reclaim: 0.0 ms]
      [Free CSet: 0.1 ms]
   [Eden: 47.0M(47.0M)->0.0B(47.0M) Survivors: 4096.0K->4096.0K Heap: 310.9M(1024.0M)->263.9M(1024.0M)]
 [Times: user=0.07 sys=0.00, real=0.02 secs] 
2019-11-03T18:21:47.611+0800: 33380.693: [GC pause (G1 Evacuation Pause) (young), 0.0266755 secs]
   [Parallel Time: 25.3 ms, GC Workers: 4]
      [GC Worker Start (ms): Min: 33380693.3, Avg: 33380697.7, Max: 33380703.0, Diff: 9.8]
      [Ext Root Scanning (ms): Min: 0.0, Avg: 0.8, Max: 2.7, Diff: 2.7, Sum: 3.2]
      [Update RS (ms): Min: 0.0, Avg: 2.3, Max: 4.1, Diff: 4.1, Sum: 9.1]
         [Processed Buffers: Min: 0, Avg: 8.0, Max: 18, Diff: 18, Sum: 32]
      [Scan RS (ms): Min: 4.5, Avg: 7.0, Max: 8.6, Diff: 4.1, Sum: 28.1]
      [Code Root Scanning (ms): Min: 0.0, Avg: 0.0, Max: 0.0, Diff: 0.0, Sum: 0.0]
      [Object Copy (ms): Min: 9.7, Avg: 10.6, Max: 11.1, Diff: 1.5, Sum: 42.6]
      [Termination (ms): Min: 0.0, Avg: 0.0, Max: 0.0, Diff: 0.0, Sum: 0.0]
         [Termination Attempts: Min: 1, Avg: 1.2, Max: 2, Diff: 1, Sum: 5]
      [GC Worker Other (ms): Min: 0.0, Avg: 0.0, Max: 0.1, Diff: 0.0, Sum: 0.2]
      [GC Worker Total (ms): Min: 15.4, Avg: 20.8, Max: 25.2, Diff: 9.8, Sum: 83.1]
      [GC Worker End (ms): Min: 33380718.5, Avg: 33380718.5, Max: 33380718.5, Diff: 0.0]
   [Code Root Fixup: 0.0 ms]
   [Code Root Purge: 0.0 ms]
   [Clear CT: 0.1 ms]
   [Other: 1.2 ms]
      [Choose CSet: 0.0 ms]
      [Ref Proc: 0.6 ms]
      [Ref Enq: 0.0 ms]
      [Redirty Cards: 0.1 ms]
      [Humongous Register: 0.1 ms]
      [Humongous Reclaim: 0.0 ms]
      [Free CSet: 0.1 ms]
   [Eden: 47.0M(47.0M)->0.0B(45.0M) Survivors: 4096.0K->6144.0K Heap: 310.9M(1024.0M)->265.9M(1024.0M)]
 [Times: user=0.07 sys=0.00, real=0.02 secs] 
2019-11-03T18:21:57.792+0800: 33390.874: [GC pause (G1 Evacuation Pause) (young), 0.0218811 secs]
   [Parallel Time: 21.1 ms, GC Workers: 4]
      [GC Worker Start (ms): Min: 33390873.7, Avg: 33390873.8, Max: 33390873.8, Diff: 0.1]
      [Ext Root Scanning (ms): Min: 0.9, Avg: 1.0, Max: 1.0, Diff: 0.1, Sum: 3.8]
      [Update RS (ms): Min: 2.3, Avg: 2.7, Max: 3.5, Diff: 1.2, Sum: 10.7]
         [Processed Buffers: Min: 5, Avg: 9.0, Max: 12, Diff: 7, Sum: 36]
      [Scan RS (ms): Min: 5.4, Avg: 6.5, Max: 7.0, Diff: 1.6, Sum: 26.1]
      [Code Root Scanning (ms): Min: 0.0, Avg: 0.0, Max: 0.0, Diff: 0.0, Sum: 0.0]
      [Object Copy (ms): Min: 10.6, Avg: 10.8, Max: 11.1, Diff: 0.5, Sum: 43.0]
      [Termination (ms): Min: 0.0, Avg: 0.0, Max: 0.0, Diff: 0.0, Sum: 0.0]
         [Termination Attempts: Min: 1, Avg: 1.0, Max: 1, Diff: 0, Sum: 4]
      [GC Worker Other (ms): Min: 0.0, Avg: 0.0, Max: 0.1, Diff: 0.0, Sum: 0.2]
      [GC Worker Total (ms): Min: 20.9, Avg: 20.9, Max: 21.0, Diff: 0.0, Sum: 83.8]
      [GC Worker End (ms): Min: 33390894.7, Avg: 33390894.7, Max: 33390894.7, Diff: 0.0]
   [Code Root Fixup: 0.0 ms]
   [Code Root Purge: 0.0 ms]
   [Clear CT: 0.1 ms]
   [Other: 0.7 ms]
      [Choose CSet: 0.0 ms]
      [Ref Proc: 0.2 ms]
      [Ref Enq: 0.0 ms]
      [Redirty Cards: 0.1 ms]
      [Humongous Register: 0.0 ms]
      [Humongous Reclaim: 0.0 ms]
      [Free CSet: 0.1 ms]
   [Eden: 45.0M(45.0M)->0.0B(46.0M) Survivors: 6144.0K->5120.0K Heap: 310.9M(1024.0M)->265.5M(1024.0M)]
 [Times: user=0.07 sys=0.01, real=0.02 secs] 
2019-11-03T18:22:08.249+0800: 33401.330: [GC pause (G1 Evacuation Pause) (young), 0.0180475 secs]
   [Parallel Time: 17.3 ms, GC Workers: 4]
      [GC Worker Start (ms): Min: 33401330.4, Avg: 33401330.5, Max: 33401331.0, Diff: 0.6]
      [Ext Root Scanning (ms): Min: 0.5, Avg: 0.9, Max: 1.1, Diff: 0.7, Sum: 3.7]
      [Update RS (ms): Min: 1.8, Avg: 2.2, Max: 2.9, Diff: 1.1, Sum: 8.9]
         [Processed Buffers: Min: 4, Avg: 8.8, Max: 16, Diff: 12, Sum: 35]
      [Scan RS (ms): Min: 6.3, Avg: 6.9, Max: 7.3, Diff: 1.1, Sum: 27.6]
      [Code Root Scanning (ms): Min: 0.0, Avg: 0.0, Max: 0.0, Diff: 0.0, Sum: 0.0]
      [Object Copy (ms): Min: 6.8, Avg: 6.9, Max: 7.0, Diff: 0.2, Sum: 27.7]
      [Termination (ms): Min: 0.0, Avg: 0.0, Max: 0.0, Diff: 0.0, Sum: 0.0]
         [Termination Attempts: Min: 1, Avg: 1.0, Max: 1, Diff: 0, Sum: 4]
      [GC Worker Other (ms): Min: 0.0, Avg: 0.0, Max: 0.1, Diff: 0.0, Sum: 0.2]
      [GC Worker Total (ms): Min: 16.6, Avg: 17.0, Max: 17.2, Diff: 0.6, Sum: 68.1]
      [GC Worker End (ms): Min: 33401347.6, Avg: 33401347.6, Max: 33401347.6, Diff: 0.0]
   [Code Root Fixup: 0.0 ms]
   [Code Root Purge: 0.0 ms]
   [Clear CT: 0.1 ms]
   [Other: 0.6 ms]
      [Choose CSet: 0.0 ms]
      [Ref Proc: 0.2 ms]
      [Ref Enq: 0.0 ms]
      [Redirty Cards: 0.1 ms]
      [Humongous Register: 0.0 ms]
      [Humongous Reclaim: 0.0 ms]
      [Free CSet: 0.1 ms]
   [Eden: 46.0M(46.0M)->0.0B(46.0M) Survivors: 5120.0K->5120.0K Heap: 311.5M(1024.0M)->265.5M(1024.0M)]
 [Times: user=0.07 sys=0.00, real=0.02 secs] 
2019-11-03T18:22:18.808+0800: 33411.889: [GC pause (G1 Evacuation Pause) (young), 0.0188265 secs]
   [Parallel Time: 18.1 ms, GC Workers: 4]
      [GC Worker Start (ms): Min: 33411888.9, Avg: 33411888.9, Max: 33411888.9, Diff: 0.1]
      [Ext Root Scanning (ms): Min: 0.8, Avg: 0.8, Max: 0.8, Diff: 0.1, Sum: 3.2]
      [Update RS (ms): Min: 2.5, Avg: 2.7, Max: 3.2, Diff: 0.7, Sum: 10.9]
         [Processed Buffers: Min: 6, Avg: 8.8, Max: 15, Diff: 9, Sum: 35]
      [Scan RS (ms): Min: 6.5, Avg: 7.0, Max: 7.2, Diff: 0.8, Sum: 28.0]
      [Code Root Scanning (ms): Min: 0.0, Avg: 0.0, Max: 0.0, Diff: 0.0, Sum: 0.0]
      [Object Copy (ms): Min: 7.4, Avg: 7.4, Max: 7.4, Diff: 0.1, Sum: 29.6]
      [Termination (ms): Min: 0.0, Avg: 0.0, Max: 0.0, Diff: 0.0, Sum: 0.0]
         [Termination Attempts: Min: 1, Avg: 1.0, Max: 1, Diff: 0, Sum: 4]
      [GC Worker Other (ms): Min: 0.0, Avg: 0.0, Max: 0.1, Diff: 0.0, Sum: 0.2]
      [GC Worker Total (ms): Min: 17.9, Avg: 18.0, Max: 18.0, Diff: 0.1, Sum: 71.9]
      [GC Worker End (ms): Min: 33411906.8, Avg: 33411906.9, Max: 33411906.9, Diff: 0.0]
   [Code Root Fixup: 0.0 ms]
   [Code Root Purge: 0.0 ms]
   [Clear CT: 0.1 ms]
   [Other: 0.7 ms]
      [Choose CSet: 0.0 ms]
      [Ref Proc: 0.2 ms]
      [Ref Enq: 0.0 ms]
      [Redirty Cards: 0.1 ms]
      [Humongous Register: 0.0 ms]
      [Humongous Reclaim: 0.0 ms]
      [Free CSet: 0.1 ms]
   [Eden: 46.0M(46.0M)->0.0B(46.0M) Survivors: 5120.0K->5120.0K Heap: 311.5M(1024.0M)->265.5M(1024.0M)]
 [Times: user=0.07 sys=0.00, real=0.02 secs] 
2019-11-03T18:22:29.260+0800: 33422.340: [GC pause (G1 Evacuation Pause) (young), 0.0201042 secs]
   [Parallel Time: 19.2 ms, GC Workers: 4]
      [GC Worker Start (ms): Min: 33422340.5, Avg: 33422340.6, Max: 33422340.9, Diff: 0.4]
      [Ext Root Scanning (ms): Min: 0.6, Avg: 0.9, Max: 1.0, Diff: 0.4, Sum: 3.6]
      [Update RS (ms): Min: 2.2, Avg: 2.3, Max: 2.5, Diff: 0.3, Sum: 9.2]
         [Processed Buffers: Min: 5, Avg: 9.0, Max: 12, Diff: 7, Sum: 36]
      [Scan RS (ms): Min: 6.5, Avg: 6.7, Max: 6.9, Diff: 0.3, Sum: 26.8]
      [Code Root Scanning (ms): Min: 0.0, Avg: 0.0, Max: 0.0, Diff: 0.0, Sum: 0.0]
      [Object Copy (ms): Min: 9.1, Avg: 9.1, Max: 9.2, Diff: 0.1, Sum: 36.3]
      [Termination (ms): Min: 0.0, Avg: 0.0, Max: 0.0, Diff: 0.0, Sum: 0.0]
         [Termination Attempts: Min: 1, Avg: 1.0, Max: 1, Diff: 0, Sum: 4]
      [GC Worker Other (ms): Min: 0.0, Avg: 0.0, Max: 0.1, Diff: 0.0, Sum: 0.2]
      [GC Worker Total (ms): Min: 18.7, Avg: 19.1, Max: 19.2, Diff: 0.4, Sum: 76.2]
      [GC Worker End (ms): Min: 33422359.7, Avg: 33422359.7, Max: 33422359.7, Diff: 0.0]
   [Code Root Fixup: 0.0 ms]
   [Code Root Purge: 0.0 ms]
   [Clear CT: 0.1 ms]
   [Other: 0.8 ms]
      [Choose CSet: 0.0 ms]
      [Ref Proc: 0.3 ms]
      [Ref Enq: 0.0 ms]
      [Redirty Cards: 0.1 ms]
      [Humongous Register: 0.0 ms]
      [Humongous Reclaim: 0.0 ms]
      [Free CSet: 0.1 ms]
   [Eden: 46.0M(46.0M)->0.0B(44.0M) Survivors: 5120.0K->7168.0K Heap: 311.5M(1024.0M)->267.5M(1024.0M)]
 [Times: user=0.07 sys=0.00, real=0.02 secs] 
2019-11-03T18:22:39.320+0800: 33432.400: [GC pause (G1 Evacuation Pause) (young), 0.0211075 secs]
   [Parallel Time: 20.4 ms, GC Workers: 4]
      [GC Worker Start (ms): Min: 33432400.0, Avg: 33432400.1, Max: 33432400.3, Diff: 0.4]
      [Ext Root Scanning (ms): Min: 0.6, Avg: 0.9, Max: 1.0, Diff: 0.4, Sum: 3.4]
      [Update RS (ms): Min: 2.1, Avg: 2.9, Max: 4.8, Diff: 2.7, Sum: 11.6]
         [Processed Buffers: Min: 7, Avg: 8.5, Max: 11, Diff: 4, Sum: 34]
      [Scan RS (ms): Min: 4.7, Avg: 6.6, Max: 7.4, Diff: 2.7, Sum: 26.4]
      [Code Root Scanning (ms): Min: 0.0, Avg: 0.0, Max: 0.0, Diff: 0.0, Sum: 0.0]
      [Object Copy (ms): Min: 9.8, Avg: 9.9, Max: 9.9, Diff: 0.1, Sum: 39.5]
      [Termination (ms): Min: 0.0, Avg: 0.0, Max: 0.0, Diff: 0.0, Sum: 0.0]
         [Termination Attempts: Min: 1, Avg: 2.0, Max: 3, Diff: 2, Sum: 8]
      [GC Worker Other (ms): Min: 0.0, Avg: 0.0, Max: 0.1, Diff: 0.0, Sum: 0.1]
      [GC Worker Total (ms): Min: 20.0, Avg: 20.3, Max: 20.4, Diff: 0.4, Sum: 81.0]
      [GC Worker End (ms): Min: 33432420.3, Avg: 33432420.3, Max: 33432420.4, Diff: 0.0]
   [Code Root Fixup: 0.0 ms]
   [Code Root Purge: 0.0 ms]
   [Clear CT: 0.1 ms]
   [Other: 0.6 ms]
      [Choose CSet: 0.0 ms]
      [Ref Proc: 0.1 ms]
      [Ref Enq: 0.0 ms]
      [Redirty Cards: 0.1 ms]
      [Humongous Register: 0.0 ms]
      [Humongous Reclaim: 0.0 ms]
      [Free CSet: 0.1 ms]
   [Eden: 44.0M(44.0M)->0.0B(46.0M) Survivors: 7168.0K->5120.0K Heap: 311.5M(1024.0M)->266.4M(1024.0M)]
 [Times: user=0.08 sys=0.00, real=0.02 secs] 
2019-11-03T18:22:49.813+0800: 33442.893: [GC pause (G1 Evacuation Pause) (young), 0.0204717 secs]
   [Parallel Time: 19.6 ms, GC Workers: 4]
      [GC Worker Start (ms): Min: 33442892.9, Avg: 33442893.3, Max: 33442893.7, Diff: 0.8]
      [Ext Root Scanning (ms): Min: 0.7, Avg: 2.8, Max: 7.8, Diff: 7.2, Sum: 11.3]
      [Update RS (ms): Min: 0.0, Avg: 2.6, Max: 3.8, Diff: 3.8, Sum: 10.4]
         [Processed Buffers: Min: 0, Avg: 8.2, Max: 12, Diff: 12, Sum: 33]
      [Scan RS (ms): Min: 2.6, Avg: 5.3, Max: 6.5, Diff: 3.8, Sum: 21.1]
      [Code Root Scanning (ms): Min: 0.0, Avg: 0.0, Max: 0.0, Diff: 0.0, Sum: 0.0]
      [Object Copy (ms): Min: 8.4, Avg: 8.4, Max: 8.5, Diff: 0.1, Sum: 33.7]
      [Termination (ms): Min: 0.0, Avg: 0.0, Max: 0.0, Diff: 0.0, Sum: 0.0]
         [Termination Attempts: Min: 1, Avg: 1.2, Max: 2, Diff: 1, Sum: 5]
      [GC Worker Other (ms): Min: 0.0, Avg: 0.0, Max: 0.0, Diff: 0.0, Sum: 0.1]
      [GC Worker Total (ms): Min: 18.8, Avg: 19.2, Max: 19.6, Diff: 0.8, Sum: 76.7]
      [GC Worker End (ms): Min: 33442912.4, Avg: 33442912.4, Max: 33442912.4, Diff: 0.0]
   [Code Root Fixup: 0.0 ms]
   [Code Root Purge: 0.0 ms]
   [Clear CT: 0.1 ms]
   [Other: 0.7 ms]
      [Choose CSet: 0.0 ms]
      [Ref Proc: 0.2 ms]
      [Ref Enq: 0.0 ms]
      [Redirty Cards: 0.1 ms]
      [Humongous Register: 0.1 ms]
      [Humongous Reclaim: 0.0 ms]
      [Free CSet: 0.1 ms]
   [Eden: 46.0M(46.0M)->0.0B(46.0M) Survivors: 5120.0K->5120.0K Heap: 312.4M(1024.0M)->266.4M(1024.0M)]
 [Times: user=0.06 sys=0.00, real=0.02 secs] 
2019-11-03T18:23:00.244+0800: 33453.323: [GC pause (G1 Evacuation Pause) (young), 0.0209293 secs]
   [Parallel Time: 20.2 ms, GC Workers: 4]
      [GC Worker Start (ms): Min: 33453323.5, Avg: 33453323.6, Max: 33453323.6, Diff: 0.1]
      [Ext Root Scanning (ms): Min: 0.7, Avg: 0.8, Max: 0.8, Diff: 0.1, Sum: 3.0]
      [Update RS (ms): Min: 2.3, Avg: 2.4, Max: 2.5, Diff: 0.2, Sum: 9.5]
         [Processed Buffers: Min: 5, Avg: 9.2, Max: 17, Diff: 12, Sum: 37]
      [Scan RS (ms): Min: 7.5, Avg: 7.6, Max: 7.7, Diff: 0.3, Sum: 30.5]
      [Code Root Scanning (ms): Min: 0.0, Avg: 0.0, Max: 0.0, Diff: 0.0, Sum: 0.0]
      [Object Copy (ms): Min: 9.3, Avg: 9.3, Max: 9.4, Diff: 0.1, Sum: 37.3]
      [Termination (ms): Min: 0.0, Avg: 0.0, Max: 0.0, Diff: 0.0, Sum: 0.0]
         [Termination Attempts: Min: 1, Avg: 1.0, Max: 1, Diff: 0, Sum: 4]
      [GC Worker Other (ms): Min: 0.0, Avg: 0.0, Max: 0.0, Diff: 0.0, Sum: 0.2]
      [GC Worker Total (ms): Min: 20.1, Avg: 20.1, Max: 20.1, Diff: 0.0, Sum: 80.5]
      [GC Worker End (ms): Min: 33453343.7, Avg: 33453343.7, Max: 33453343.7, Diff: 0.0]
   [Code Root Fixup: 0.0 ms]
   [Code Root Purge: 0.0 ms]
   [Clear CT: 0.1 ms]
   [Other: 0.6 ms]
      [Choose CSet: 0.0 ms]
      [Ref Proc: 0.2 ms]
      [Ref Enq: 0.0 ms]
      [Redirty Cards: 0.1 ms]
      [Humongous Register: 0.0 ms]
      [Humongous Reclaim: 0.0 ms]
      [Free CSet: 0.1 ms]
   [Eden: 46.0M(46.0M)->0.0B(45.0M) Survivors: 5120.0K->6144.0K Heap: 312.4M(1024.0M)->267.4M(1024.0M)]
 [Times: user=0.08 sys=0.01, real=0.02 secs] 
2019-11-03T18:23:10.559+0800: 33463.637: [GC pause (G1 Evacuation Pause) (young), 0.0204650 secs]
   [Parallel Time: 19.8 ms, GC Workers: 4]
      [GC Worker Start (ms): Min: 33463637.6, Avg: 33463637.7, Max: 33463638.0, Diff: 0.4]
      [Ext Root Scanning (ms): Min: 0.6, Avg: 0.9, Max: 1.0, Diff: 0.4, Sum: 3.4]
      [Update RS (ms): Min: 2.0, Avg: 2.0, Max: 2.1, Diff: 0.1, Sum: 8.1]
         [Processed Buffers: Min: 6, Avg: 9.2, Max: 17, Diff: 11, Sum: 37]
      [Scan RS (ms): Min: 6.5, Avg: 6.7, Max: 6.8, Diff: 0.3, Sum: 26.8]
      [Code Root Scanning (ms): Min: 0.0, Avg: 0.0, Max: 0.0, Diff: 0.0, Sum: 0.0]
      [Object Copy (ms): Min: 9.9, Avg: 10.0, Max: 10.1, Diff: 0.2, Sum: 39.8]
      [Termination (ms): Min: 0.0, Avg: 0.1, Max: 0.1, Diff: 0.1, Sum: 0.4]
         [Termination Attempts: Min: 1, Avg: 1.0, Max: 1, Diff: 0, Sum: 4]
      [GC Worker Other (ms): Min: 0.0, Avg: 0.0, Max: 0.0, Diff: 0.0, Sum: 0.1]
      [GC Worker Total (ms): Min: 19.4, Avg: 19.6, Max: 19.7, Diff: 0.4, Sum: 78.6]
      [GC Worker End (ms): Min: 33463657.3, Avg: 33463657.4, Max: 33463657.4, Diff: 0.0]
   [Code Root Fixup: 0.0 ms]
   [Code Root Purge: 0.0 ms]
   [Clear CT: 0.0 ms]
   [Other: 0.6 ms]
      [Choose CSet: 0.0 ms]
      [Ref Proc: 0.1 ms]
      [Ref Enq: 0.0 ms]
      [Redirty Cards: 0.0 ms]
      [Humongous Register: 0.0 ms]
      [Humongous Reclaim: 0.0 ms]
      [Free CSet: 0.1 ms]
   [Eden: 45.0M(45.0M)->0.0B(46.0M) Survivors: 6144.0K->5120.0K Heap: 312.4M(1024.0M)->267.3M(1024.0M)]
 [Times: user=0.08 sys=0.00, real=0.02 secs] 
2019-11-03T18:23:21.115+0800: 33474.194: [GC pause (G1 Evacuation Pause) (young), 0.0186225 secs]
   [Parallel Time: 17.8 ms, GC Workers: 4]
      [GC Worker Start (ms): Min: 33474193.7, Avg: 33474193.8, Max: 33474194.1, Diff: 0.4]
      [Ext Root Scanning (ms): Min: 0.7, Avg: 0.9, Max: 1.0, Diff: 0.3, Sum: 3.8]
      [Update RS (ms): Min: 2.3, Avg: 2.6, Max: 2.9, Diff: 0.6, Sum: 10.4]
         [Processed Buffers: Min: 5, Avg: 8.2, Max: 16, Diff: 11, Sum: 33]
      [Scan RS (ms): Min: 6.6, Avg: 6.8, Max: 7.2, Diff: 0.6, Sum: 27.4]
      [Code Root Scanning (ms): Min: 0.0, Avg: 0.0, Max: 0.0, Diff: 0.0, Sum: 0.0]
      [Object Copy (ms): Min: 7.2, Avg: 7.2, Max: 7.3, Diff: 0.1, Sum: 29.0]
      [Termination (ms): Min: 0.0, Avg: 0.0, Max: 0.0, Diff: 0.0, Sum: 0.0]
         [Termination Attempts: Min: 1, Avg: 1.0, Max: 1, Diff: 0, Sum: 4]
      [GC Worker Other (ms): Min: 0.0, Avg: 0.0, Max: 0.0, Diff: 0.0, Sum: 0.1]
      [GC Worker Total (ms): Min: 17.4, Avg: 17.7, Max: 17.8, Diff: 0.4, Sum: 70.7]
      [GC Worker End (ms): Min: 33474211.5, Avg: 33474211.5, Max: 33474211.5, Diff: 0.0]
   [Code Root Fixup: 0.0 ms]
   [Code Root Purge: 0.0 ms]
   [Clear CT: 0.1 ms]
   [Other: 0.7 ms]
      [Choose CSet: 0.0 ms]
      [Ref Proc: 0.2 ms]
      [Ref Enq: 0.0 ms]
      [Redirty Cards: 0.1 ms]
      [Humongous Register: 0.0 ms]
      [Humongous Reclaim: 0.0 ms]
      [Free CSet: 0.1 ms]
   [Eden: 46.0M(46.0M)->0.0B(46.0M) Survivors: 5120.0K->5120.0K Heap: 313.3M(1024.0M)->267.3M(1024.0M)]
 [Times: user=0.07 sys=0.00, real=0.02 secs] 
2019-11-03T18:23:31.622+0800: 33484.700: [GC pause (G1 Evacuation Pause) (young), 0.0188590 secs]
   [Parallel Time: 18.2 ms, GC Workers: 4]
      [GC Worker Start (ms): Min: 33484700.3, Avg: 33484700.5, Max: 33484701.0, Diff: 0.7]
      [Ext Root Scanning (ms): Min: 0.4, Avg: 0.9, Max: 1.1, Diff: 0.7, Sum: 3.5]
      [Update RS (ms): Min: 2.3, Avg: 2.3, Max: 2.3, Diff: 0.1, Sum: 9.2]
         [Processed Buffers: Min: 5, Avg: 8.5, Max: 15, Diff: 10, Sum: 34]
      [Scan RS (ms): Min: 6.0, Avg: 6.0, Max: 6.1, Diff: 0.2, Sum: 24.1]
      [Code Root Scanning (ms): Min: 0.0, Avg: 0.0, Max: 0.0, Diff: 0.0, Sum: 0.0]
      [Object Copy (ms): Min: 8.6, Avg: 8.7, Max: 8.8, Diff: 0.2, Sum: 34.7]
      [Termination (ms): Min: 0.0, Avg: 0.0, Max: 0.0, Diff: 0.0, Sum: 0.0]
         [Termination Attempts: Min: 1, Avg: 2.0, Max: 3, Diff: 2, Sum: 8]
      [GC Worker Other (ms): Min: 0.0, Avg: 0.0, Max: 0.1, Diff: 0.0, Sum: 0.1]
      [GC Worker Total (ms): Min: 17.4, Avg: 17.9, Max: 18.1, Diff: 0.7, Sum: 71.6]
      [GC Worker End (ms): Min: 33484718.4, Avg: 33484718.4, Max: 33484718.4, Diff: 0.0]
   [Code Root Fixup: 0.0 ms]
   [Code Root Purge: 0.0 ms]
   [Clear CT: 0.1 ms]
   [Other: 0.6 ms]
      [Choose CSet: 0.0 ms]
      [Ref Proc: 0.1 ms]
      [Ref Enq: 0.0 ms]
      [Redirty Cards: 0.1 ms]
      [Humongous Register: 0.0 ms]
      [Humongous Reclaim: 0.0 ms]
      [Free CSet: 0.1 ms]
   [Eden: 46.0M(46.0M)->0.0B(74.0M) Survivors: 5120.0K->5120.0K Heap: 313.3M(1024.0M)->267.3M(1024.0M)]
 [Times: user=0.07 sys=0.00, real=0.02 secs] 
2019-11-03T18:23:42.107+0800: 33495.184: [GC pause (G1 Evacuation Pause) (young), 0.0212530 secs]
   [Parallel Time: 20.5 ms, GC Workers: 4]
      [GC Worker Start (ms): Min: 33495184.0, Avg: 33495184.4, Max: 33495185.7, Diff: 1.7]
      [Ext Root Scanning (ms): Min: 0.0, Avg: 0.8, Max: 1.1, Diff: 1.1, Sum: 3.2]
      [Update RS (ms): Min: 1.8, Avg: 2.1, Max: 2.5, Diff: 0.6, Sum: 8.4]
         [Processed Buffers: Min: 4, Avg: 8.5, Max: 15, Diff: 11, Sum: 34]
      [Scan RS (ms): Min: 7.1, Avg: 7.3, Max: 7.5, Diff: 0.4, Sum: 29.1]
      [Code Root Scanning (ms): Min: 0.0, Avg: 0.0, Max: 0.0, Diff: 0.0, Sum: 0.0]
      [Object Copy (ms): Min: 9.6, Avg: 9.7, Max: 9.9, Diff: 0.3, Sum: 38.9]
      [Termination (ms): Min: 0.0, Avg: 0.1, Max: 0.1, Diff: 0.1, Sum: 0.3]
         [Termination Attempts: Min: 1, Avg: 1.0, Max: 1, Diff: 0, Sum: 4]
      [GC Worker Other (ms): Min: 0.0, Avg: 0.0, Max: 0.0, Diff: 0.0, Sum: 0.1]
      [GC Worker Total (ms): Min: 18.8, Avg: 20.0, Max: 20.4, Diff: 1.7, Sum: 80.0]
      [GC Worker End (ms): Min: 33495204.4, Avg: 33495204.4, Max: 33495204.5, Diff: 0.0]
   [Code Root Fixup: 0.0 ms]
   [Code Root Purge: 0.0 ms]
   [Clear CT: 0.2 ms]
   [Other: 0.6 ms]
      [Choose CSet: 0.0 ms]
      [Ref Proc: 0.1 ms]
      [Ref Enq: 0.0 ms]
      [Redirty Cards: 0.1 ms]
      [Humongous Register: 0.0 ms]
      [Humongous Reclaim: 0.0 ms]
      [Free CSet: 0.1 ms]
   [Eden: 46.0M(46.0M)->0.0B(50.0M) Survivors: 5120.0K->6144.0K Heap: 313.3M(1024.0M)->268.8M(1024.0M)]
 [Times: user=0.08 sys=0.00, real=0.02 secs] 
2019-11-03T18:23:53.580+0800: 33506.657: [GC pause (G1 Evacuation Pause) (young), 0.0232285 secs]
   [Parallel Time: 22.4 ms, GC Workers: 4]
      [GC Worker Start (ms): Min: 33506657.0, Avg: 33506657.2, Max: 33506657.6, Diff: 0.6]
      [Ext Root Scanning (ms): Min: 0.5, Avg: 0.9, Max: 1.1, Diff: 0.6, Sum: 3.5]
      [Update RS (ms): Min: 1.7, Avg: 1.8, Max: 1.9, Diff: 0.2, Sum: 7.3]
         [Processed Buffers: Min: 5, Avg: 8.2, Max: 11, Diff: 6, Sum: 33]
      [Scan RS (ms): Min: 7.6, Avg: 7.7, Max: 7.9, Diff: 0.3, Sum: 30.7]
      [Code Root Scanning (ms): Min: 0.0, Avg: 0.0, Max: 0.0, Diff: 0.0, Sum: 0.0]
      [Object Copy (ms): Min: 11.7, Avg: 11.8, Max: 11.8, Diff: 0.1, Sum: 47.0]
      [Termination (ms): Min: 0.0, Avg: 0.0, Max: 0.0, Diff: 0.0, Sum: 0.0]
         [Termination Attempts: Min: 1, Avg: 2.5, Max: 4, Diff: 3, Sum: 10]
      [GC Worker Other (ms): Min: 0.0, Avg: 0.0, Max: 0.0, Diff: 0.0, Sum: 0.1]
      [GC Worker Total (ms): Min: 21.8, Avg: 22.2, Max: 22.3, Diff: 0.6, Sum: 88.7]
      [GC Worker End (ms): Min: 33506679.3, Avg: 33506679.3, Max: 33506679.3, Diff: 0.0]
   [Code Root Fixup: 0.0 ms]
   [Code Root Purge: 0.0 ms]
   [Clear CT: 0.1 ms]
   [Other: 0.7 ms]
      [Choose CSet: 0.0 ms]
      [Ref Proc: 0.2 ms]
      [Ref Enq: 0.0 ms]
      [Redirty Cards: 0.1 ms]
      [Humongous Register: 0.0 ms]
      [Humongous Reclaim: 0.0 ms]
      [Free CSet: 0.1 ms]
   [Eden: 50.0M(50.0M)->0.0B(46.0M) Survivors: 6144.0K->5120.0K Heap: 318.8M(1024.0M)->268.9M(1024.0M)]
 [Times: user=0.09 sys=0.01, real=0.02 secs] 
2019-11-03T18:24:03.963+0800: 33517.040: [GC pause (G1 Evacuation Pause) (young), 0.0195182 secs]
   [Parallel Time: 18.8 ms, GC Workers: 4]
      [GC Worker Start (ms): Min: 33517040.1, Avg: 33517040.3, Max: 33517040.8, Diff: 0.7]
      [Ext Root Scanning (ms): Min: 0.3, Avg: 0.8, Max: 1.0, Diff: 0.7, Sum: 3.3]
      [Update RS (ms): Min: 2.7, Avg: 2.8, Max: 3.0, Diff: 0.3, Sum: 11.1]
         [Processed Buffers: Min: 3, Avg: 8.2, Max: 12, Diff: 9, Sum: 33]
      [Scan RS (ms): Min: 6.3, Avg: 6.5, Max: 6.6, Diff: 0.3, Sum: 26.1]
      [Code Root Scanning (ms): Min: 0.0, Avg: 0.0, Max: 0.0, Diff: 0.0, Sum: 0.0]
      [Object Copy (ms): Min: 8.3, Avg: 8.4, Max: 8.4, Diff: 0.1, Sum: 33.5]
      [Termination (ms): Min: 0.0, Avg: 0.0, Max: 0.0, Diff: 0.0, Sum: 0.0]
         [Termination Attempts: Min: 1, Avg: 1.0, Max: 1, Diff: 0, Sum: 4]
      [GC Worker Other (ms): Min: 0.0, Avg: 0.0, Max: 0.0, Diff: 0.0, Sum: 0.1]
      [GC Worker Total (ms): Min: 18.1, Avg: 18.5, Max: 18.7, Diff: 0.7, Sum: 74.1]
      [GC Worker End (ms): Min: 33517058.8, Avg: 33517058.8, Max: 33517058.8, Diff: 0.0]
   [Code Root Fixup: 0.0 ms]
   [Code Root Purge: 0.0 ms]
   [Clear CT: 0.1 ms]
   [Other: 0.6 ms]
      [Choose CSet: 0.0 ms]
      [Ref Proc: 0.1 ms]
      [Ref Enq: 0.0 ms]
      [Redirty Cards: 0.1 ms]
      [Humongous Register: 0.0 ms]
      [Humongous Reclaim: 0.0 ms]
      [Free CSet: 0.1 ms]
   [Eden: 46.0M(46.0M)->0.0B(46.0M) Survivors: 5120.0K->5120.0K Heap: 314.9M(1024.0M)->269.4M(1024.0M)]
 [Times: user=0.08 sys=0.00, real=0.02 secs] 
2019-11-03T18:24:14.467+0800: 33527.543: [GC pause (G1 Evacuation Pause) (young), 0.0175191 secs]
   [Parallel Time: 16.8 ms, GC Workers: 4]
      [GC Worker Start (ms): Min: 33527543.7, Avg: 33527543.7, Max: 33527543.8, Diff: 0.1]
      [Ext Root Scanning (ms): Min: 0.8, Avg: 0.8, Max: 0.9, Diff: 0.1, Sum: 3.4]
      [Update RS (ms): Min: 1.6, Avg: 1.9, Max: 2.6, Diff: 1.0, Sum: 7.7]
         [Processed Buffers: Min: 5, Avg: 8.5, Max: 11, Diff: 6, Sum: 34]
      [Scan RS (ms): Min: 5.6, Avg: 6.3, Max: 6.7, Diff: 1.0, Sum: 25.1]
      [Code Root Scanning (ms): Min: 0.0, Avg: 0.0, Max: 0.0, Diff: 0.0, Sum: 0.0]
      [Object Copy (ms): Min: 7.6, Avg: 7.6, Max: 7.6, Diff: 0.0, Sum: 30.4]
      [Termination (ms): Min: 0.0, Avg: 0.0, Max: 0.0, Diff: 0.0, Sum: 0.0]
         [Termination Attempts: Min: 1, Avg: 1.0, Max: 1, Diff: 0, Sum: 4]
      [GC Worker Other (ms): Min: 0.0, Avg: 0.0, Max: 0.1, Diff: 0.0, Sum: 0.2]
      [GC Worker Total (ms): Min: 16.7, Avg: 16.7, Max: 16.7, Diff: 0.1, Sum: 66.8]
      [GC Worker End (ms): Min: 33527560.4, Avg: 33527560.4, Max: 33527560.4, Diff: 0.0]
   [Code Root Fixup: 0.0 ms]
   [Code Root Purge: 0.0 ms]
   [Clear CT: 0.1 ms]
   [Other: 0.6 ms]
      [Choose CSet: 0.0 ms]
      [Ref Proc: 0.1 ms]
      [Ref Enq: 0.0 ms]
      [Redirty Cards: 0.1 ms]
      [Humongous Register: 0.0 ms]
      [Humongous Reclaim: 0.0 ms]
      [Free CSet: 0.1 ms]
   [Eden: 46.0M(46.0M)->0.0B(60.0M) Survivors: 5120.0K->5120.0K Heap: 315.4M(1024.0M)->269.4M(1024.0M)]
 [Times: user=0.06 sys=0.00, real=0.02 secs] 
2019-11-03T18:24:28.003+0800: 33541.079: [GC pause (G1 Evacuation Pause) (young), 0.0192066 secs]
   [Parallel Time: 18.3 ms, GC Workers: 4]
      [GC Worker Start (ms): Min: 33541078.9, Avg: 33541078.9, Max: 33541079.0, Diff: 0.1]
      [Ext Root Scanning (ms): Min: 0.8, Avg: 0.8, Max: 0.9, Diff: 0.1, Sum: 3.2]
      [Update RS (ms): Min: 2.6, Avg: 2.8, Max: 3.1, Diff: 0.5, Sum: 11.1]
         [Processed Buffers: Min: 4, Avg: 7.0, Max: 9, Diff: 5, Sum: 28]
      [Scan RS (ms): Min: 6.1, Avg: 6.5, Max: 6.8, Diff: 0.7, Sum: 26.0]
      [Code Root Scanning (ms): Min: 0.0, Avg: 0.0, Max: 0.0, Diff: 0.0, Sum: 0.0]
      [Object Copy (ms): Min: 7.9, Avg: 8.0, Max: 8.1, Diff: 0.2, Sum: 32.1]
      [Termination (ms): Min: 0.0, Avg: 0.0, Max: 0.0, Diff: 0.0, Sum: 0.0]
         [Termination Attempts: Min: 1, Avg: 3.0, Max: 5, Diff: 4, Sum: 12]
      [GC Worker Other (ms): Min: 0.0, Avg: 0.0, Max: 0.1, Diff: 0.0, Sum: 0.2]
      [GC Worker Total (ms): Min: 18.2, Avg: 18.2, Max: 18.2, Diff: 0.0, Sum: 72.7]
      [GC Worker End (ms): Min: 33541097.1, Avg: 33541097.1, Max: 33541097.1, Diff: 0.0]
   [Code Root Fixup: 0.0 ms]
   [Code Root Purge: 0.0 ms]
   [Clear CT: 0.1 ms]
   [Other: 0.8 ms]
      [Choose CSet: 0.0 ms]
      [Ref Proc: 0.3 ms]
      [Ref Enq: 0.0 ms]
      [Redirty Cards: 0.2 ms]
      [Humongous Register: 0.0 ms]
      [Humongous Reclaim: 0.0 ms]
      [Free CSet: 0.1 ms]
   [Eden: 60.0M(60.0M)->0.0B(69.0M) Survivors: 5120.0K->5120.0K Heap: 329.4M(1024.0M)->269.4M(1024.0M)]
 [Times: user=0.07 sys=0.00, real=0.02 secs] 
2019-11-03T18:24:43.744+0800: 33556.819: [GC pause (G1 Evacuation Pause) (young), 0.0213639 secs]
   [Parallel Time: 20.5 ms, GC Workers: 4]
      [GC Worker Start (ms): Min: 33556819.2, Avg: 33556819.6, Max: 33556820.6, Diff: 1.4]
      [Ext Root Scanning (ms): Min: 0.0, Avg: 0.8, Max: 1.3, Diff: 1.3, Sum: 3.4]
      [Update RS (ms): Min: 2.0, Avg: 2.4, Max: 2.8, Diff: 0.8, Sum: 9.8]
         [Processed Buffers: Min: 5, Avg: 9.2, Max: 16, Diff: 11, Sum: 37]
      [Scan RS (ms): Min: 6.1, Avg: 6.3, Max: 6.4, Diff: 0.3, Sum: 25.3]
      [Code Root Scanning (ms): Min: 0.0, Avg: 0.0, Max: 0.0, Diff: 0.0, Sum: 0.0]
      [Object Copy (ms): Min: 9.9, Avg: 10.3, Max: 11.1, Diff: 1.2, Sum: 41.2]
      [Termination (ms): Min: 0.0, Avg: 0.0, Max: 0.0, Diff: 0.0, Sum: 0.0]
         [Termination Attempts: Min: 1, Avg: 2.5, Max: 4, Diff: 3, Sum: 10]
      [GC Worker Other (ms): Min: 0.0, Avg: 0.0, Max: 0.1, Diff: 0.0, Sum: 0.2]
      [GC Worker Total (ms): Min: 19.0, Avg: 20.0, Max: 20.4, Diff: 1.4, Sum: 79.9]
      [GC Worker End (ms): Min: 33556839.6, Avg: 33556839.6, Max: 33556839.6, Diff: 0.0]
   [Code Root Fixup: 0.0 ms]
   [Code Root Purge: 0.0 ms]
   [Clear CT: 0.1 ms]
   [Other: 0.8 ms]
      [Choose CSet: 0.0 ms]
      [Ref Proc: 0.2 ms]
      [Ref Enq: 0.0 ms]
      [Redirty Cards: 0.1 ms]
      [Humongous Register: 0.1 ms]
      [Humongous Reclaim: 0.0 ms]
      [Free CSet: 0.1 ms]
   [Eden: 69.0M(69.0M)->0.0B(64.0M) Survivors: 5120.0K->7168.0K Heap: 338.4M(1024.0M)->271.4M(1024.0M)]
 [Times: user=0.08 sys=0.00, real=0.02 secs] 
2019-11-03T18:24:58.270+0800: 33571.344: [GC pause (G1 Evacuation Pause) (young), 0.0228667 secs]
   [Parallel Time: 22.1 ms, GC Workers: 4]
      [GC Worker Start (ms): Min: 33571344.1, Avg: 33571344.1, Max: 33571344.2, Diff: 0.0]
      [Ext Root Scanning (ms): Min: 0.8, Avg: 0.8, Max: 0.9, Diff: 0.1, Sum: 3.3]
      [Update RS (ms): Min: 2.1, Avg: 2.4, Max: 2.9, Diff: 0.8, Sum: 9.5]
         [Processed Buffers: Min: 3, Avg: 8.5, Max: 14, Diff: 11, Sum: 34]
      [Scan RS (ms): Min: 6.7, Avg: 7.2, Max: 7.6, Diff: 0.9, Sum: 29.0]
      [Code Root Scanning (ms): Min: 0.0, Avg: 0.0, Max: 0.0, Diff: 0.0, Sum: 0.0]
      [Object Copy (ms): Min: 11.5, Avg: 11.5, Max: 11.6, Diff: 0.1, Sum: 46.1]
      [Termination (ms): Min: 0.0, Avg: 0.0, Max: 0.0, Diff: 0.0, Sum: 0.0]
         [Termination Attempts: Min: 1, Avg: 1.8, Max: 2, Diff: 1, Sum: 7]
      [GC Worker Other (ms): Min: 0.0, Avg: 0.0, Max: 0.1, Diff: 0.0, Sum: 0.2]
      [GC Worker Total (ms): Min: 22.0, Avg: 22.0, Max: 22.0, Diff: 0.0, Sum: 88.1]
      [GC Worker End (ms): Min: 33571366.2, Avg: 33571366.2, Max: 33571366.2, Diff: 0.0]
   [Code Root Fixup: 0.0 ms]
   [Code Root Purge: 0.0 ms]
   [Clear CT: 0.1 ms]
   [Other: 0.6 ms]
      [Choose CSet: 0.0 ms]
      [Ref Proc: 0.2 ms]
      [Ref Enq: 0.0 ms]
      [Redirty Cards: 0.1 ms]
      [Humongous Register: 0.0 ms]
      [Humongous Reclaim: 0.0 ms]
      [Free CSet: 0.1 ms]
   [Eden: 64.0M(64.0M)->0.0B(44.0M) Survivors: 7168.0K->7168.0K Heap: 335.4M(1024.0M)->271.7M(1024.0M)]
 [Times: user=0.09 sys=0.00, real=0.02 secs] 
2019-11-03T18:25:08.231+0800: 33581.305: [GC pause (G1 Evacuation Pause) (young), 0.0228575 secs]
   [Parallel Time: 22.2 ms, GC Workers: 4]
      [GC Worker Start (ms): Min: 33581304.8, Avg: 33581304.8, Max: 33581304.9, Diff: 0.1]
      [Ext Root Scanning (ms): Min: 0.8, Avg: 0.8, Max: 0.9, Diff: 0.1, Sum: 3.3]
      [Update RS (ms): Min: 1.6, Avg: 2.3, Max: 2.7, Diff: 1.1, Sum: 9.0]
         [Processed Buffers: Min: 4, Avg: 7.8, Max: 13, Diff: 9, Sum: 31]
      [Scan RS (ms): Min: 6.4, Avg: 6.9, Max: 7.7, Diff: 1.2, Sum: 27.6]
      [Code Root Scanning (ms): Min: 0.0, Avg: 0.0, Max: 0.0, Diff: 0.0, Sum: 0.0]
      [Object Copy (ms): Min: 12.0, Avg: 12.1, Max: 12.2, Diff: 0.1, Sum: 48.4]
      [Termination (ms): Min: 0.0, Avg: 0.0, Max: 0.0, Diff: 0.0, Sum: 0.0]
         [Termination Attempts: Min: 1, Avg: 1.0, Max: 1, Diff: 0, Sum: 4]
      [GC Worker Other (ms): Min: 0.0, Avg: 0.0, Max: 0.1, Diff: 0.0, Sum: 0.1]
      [GC Worker Total (ms): Min: 22.1, Avg: 22.1, Max: 22.1, Diff: 0.0, Sum: 88.5]
      [GC Worker End (ms): Min: 33581327.0, Avg: 33581327.0, Max: 33581327.0, Diff: 0.0]
   [Code Root Fixup: 0.0 ms]
   [Code Root Purge: 0.0 ms]
   [Clear CT: 0.1 ms]
   [Other: 0.5 ms]
      [Choose CSet: 0.0 ms]
      [Ref Proc: 0.1 ms]
      [Ref Enq: 0.0 ms]
      [Redirty Cards: 0.1 ms]
      [Humongous Register: 0.0 ms]
      [Humongous Reclaim: 0.0 ms]
      [Free CSet: 0.1 ms]
   [Eden: 44.0M(44.0M)->0.0B(46.0M) Survivors: 7168.0K->5120.0K Heap: 315.7M(1024.0M)->271.6M(1024.0M)]
 [Times: user=0.08 sys=0.01, real=0.02 secs] 
2019-11-03T18:25:18.674+0800: 33591.748: [GC pause (G1 Evacuation Pause) (young), 0.0181550 secs]
   [Parallel Time: 17.3 ms, GC Workers: 4]
      [GC Worker Start (ms): Min: 33591747.9, Avg: 33591748.0, Max: 33591748.3, Diff: 0.4]
      [Ext Root Scanning (ms): Min: 0.7, Avg: 1.0, Max: 1.2, Diff: 0.5, Sum: 4.2]
      [Update RS (ms): Min: 2.2, Avg: 2.4, Max: 2.8, Diff: 0.6, Sum: 9.8]
         [Processed Buffers: Min: 5, Avg: 8.2, Max: 14, Diff: 9, Sum: 33]
      [Scan RS (ms): Min: 6.1, Avg: 6.5, Max: 6.9, Diff: 0.8, Sum: 25.9]
      [Code Root Scanning (ms): Min: 0.0, Avg: 0.0, Max: 0.0, Diff: 0.0, Sum: 0.0]
      [Object Copy (ms): Min: 6.9, Avg: 7.1, Max: 7.7, Diff: 0.8, Sum: 28.4]
      [Termination (ms): Min: 0.0, Avg: 0.0, Max: 0.0, Diff: 0.0, Sum: 0.0]
         [Termination Attempts: Min: 1, Avg: 1.0, Max: 1, Diff: 0, Sum: 4]
      [GC Worker Other (ms): Min: 0.0, Avg: 0.1, Max: 0.1, Diff: 0.0, Sum: 0.2]
      [GC Worker Total (ms): Min: 16.8, Avg: 17.1, Max: 17.2, Diff: 0.4, Sum: 68.5]
      [GC Worker End (ms): Min: 33591765.1, Avg: 33591765.2, Max: 33591765.2, Diff: 0.0]
   [Code Root Fixup: 0.0 ms]
   [Code Root Purge: 0.0 ms]
   [Clear CT: 0.1 ms]
   [Other: 0.7 ms]
      [Choose CSet: 0.0 ms]
      [Ref Proc: 0.2 ms]
      [Ref Enq: 0.0 ms]
      [Redirty Cards: 0.1 ms]
      [Humongous Register: 0.1 ms]
      [Humongous Reclaim: 0.0 ms]
      [Free CSet: 0.1 ms]
   [Eden: 46.0M(46.0M)->0.0B(71.0M) Survivors: 5120.0K->5120.0K Heap: 317.6M(1024.0M)->271.6M(1024.0M)]
 [Times: user=0.07 sys=0.00, real=0.02 secs] 
2019-11-03T18:25:33.870+0800: 33606.943: [GC pause (G1 Evacuation Pause) (young), 0.0195135 secs]
   [Parallel Time: 18.8 ms, GC Workers: 4]
      [GC Worker Start (ms): Min: 33606942.9, Avg: 33606943.0, Max: 33606943.0, Diff: 0.1]
      [Ext Root Scanning (ms): Min: 0.8, Avg: 0.8, Max: 0.8, Diff: 0.1, Sum: 3.1]
      [Update RS (ms): Min: 1.8, Avg: 2.4, Max: 2.9, Diff: 1.1, Sum: 9.7]
         [Processed Buffers: Min: 4, Avg: 9.0, Max: 17, Diff: 13, Sum: 36]
      [Scan RS (ms): Min: 6.2, Avg: 6.6, Max: 7.2, Diff: 1.0, Sum: 26.5]
      [Code Root Scanning (ms): Min: 0.0, Avg: 0.0, Max: 0.0, Diff: 0.0, Sum: 0.0]
      [Object Copy (ms): Min: 8.7, Avg: 8.7, Max: 8.7, Diff: 0.1, Sum: 34.9]
      [Termination (ms): Min: 0.0, Avg: 0.0, Max: 0.0, Diff: 0.0, Sum: 0.0]
         [Termination Attempts: Min: 1, Avg: 1.2, Max: 2, Diff: 1, Sum: 5]
      [GC Worker Other (ms): Min: 0.0, Avg: 0.1, Max: 0.1, Diff: 0.1, Sum: 0.2]
      [GC Worker Total (ms): Min: 18.6, Avg: 18.6, Max: 18.7, Diff: 0.1, Sum: 74.5]
      [GC Worker End (ms): Min: 33606961.6, Avg: 33606961.6, Max: 33606961.6, Diff: 0.1]
   [Code Root Fixup: 0.0 ms]
   [Code Root Purge: 0.0 ms]
   [Clear CT: 0.1 ms]
   [Other: 0.7 ms]
      [Choose CSet: 0.0 ms]
      [Ref Proc: 0.2 ms]
      [Ref Enq: 0.0 ms]
      [Redirty Cards: 0.1 ms]
      [Humongous Register: 0.0 ms]
      [Humongous Reclaim: 0.0 ms]
      [Free CSet: 0.1 ms]
   [Eden: 67.0M(46.0M)->0.0B(87.0M) Survivors: 5120.0K->5120.0K Heap: 338.6M(1024.0M)->272.1M(1024.0M)]
 [Times: user=0.08 sys=0.00, real=0.01 secs] 
2019-11-03T18:25:53.619+0800: 33626.691: [GC pause (G1 Evacuation Pause) (young), 0.0211923 secs]
   [Parallel Time: 20.4 ms, GC Workers: 4]
      [GC Worker Start (ms): Min: 33626691.6, Avg: 33626691.7, Max: 33626691.8, Diff: 0.1]
      [Ext Root Scanning (ms): Min: 0.7, Avg: 0.8, Max: 0.9, Diff: 0.1, Sum: 3.2]
      [Update RS (ms): Min: 2.4, Avg: 2.6, Max: 2.8, Diff: 0.4, Sum: 10.5]
         [Processed Buffers: Min: 4, Avg: 8.8, Max: 20, Diff: 16, Sum: 35]
      [Scan RS (ms): Min: 6.6, Avg: 6.9, Max: 7.7, Diff: 1.1, Sum: 27.8]
      [Code Root Scanning (ms): Min: 0.0, Avg: 0.0, Max: 0.0, Diff: 0.0, Sum: 0.0]
      [Object Copy (ms): Min: 9.3, Avg: 9.8, Max: 10.0, Diff: 0.7, Sum: 39.3]
      [Termination (ms): Min: 0.0, Avg: 0.0, Max: 0.0, Diff: 0.0, Sum: 0.0]
         [Termination Attempts: Min: 1, Avg: 1.5, Max: 3, Diff: 2, Sum: 6]
      [GC Worker Other (ms): Min: 0.0, Avg: 0.1, Max: 0.1, Diff: 0.0, Sum: 0.2]
      [GC Worker Total (ms): Min: 20.2, Avg: 20.2, Max: 20.3, Diff: 0.1, Sum: 80.9]
      [GC Worker End (ms): Min: 33626711.9, Avg: 33626711.9, Max: 33626711.9, Diff: 0.0]
   [Code Root Fixup: 0.0 ms]
   [Code Root Purge: 0.0 ms]
   [Clear CT: 0.1 ms]
   [Other: 0.7 ms]
      [Choose CSet: 0.0 ms]
      [Ref Proc: 0.2 ms]
      [Ref Enq: 0.0 ms]
      [Redirty Cards: 0.1 ms]
      [Humongous Register: 0.0 ms]
      [Humongous Reclaim: 0.0 ms]
      [Free CSet: 0.1 ms]
   [Eden: 87.0M(87.0M)->0.0B(82.0M) Survivors: 5120.0K->7168.0K Heap: 359.1M(1024.0M)->273.6M(1024.0M)]
 [Times: user=0.08 sys=0.00, real=0.03 secs] 
2019-11-03T18:26:12.326+0800: 33645.398: [GC pause (G1 Evacuation Pause) (young), 0.0215132 secs]
   [Parallel Time: 20.7 ms, GC Workers: 4]
      [GC Worker Start (ms): Min: 33645397.9, Avg: 33645398.0, Max: 33645398.3, Diff: 0.4]
      [Ext Root Scanning (ms): Min: 0.5, Avg: 0.8, Max: 0.9, Diff: 0.4, Sum: 3.2]
      [Update RS (ms): Min: 2.2, Avg: 2.5, Max: 2.9, Diff: 0.8, Sum: 9.9]
         [Processed Buffers: Min: 7, Avg: 9.5, Max: 15, Diff: 8, Sum: 38]
      [Scan RS (ms): Min: 6.4, Avg: 6.8, Max: 7.0, Diff: 0.6, Sum: 27.0]
      [Code Root Scanning (ms): Min: 0.0, Avg: 0.0, Max: 0.0, Diff: 0.0, Sum: 0.0]
      [Object Copy (ms): Min: 10.3, Avg: 10.4, Max: 10.5, Diff: 0.2, Sum: 41.7]
      [Termination (ms): Min: 0.0, Avg: 0.0, Max: 0.0, Diff: 0.0, Sum: 0.0]
         [Termination Attempts: Min: 1, Avg: 3.5, Max: 5, Diff: 4, Sum: 14]
      [GC Worker Other (ms): Min: 0.0, Avg: 0.0, Max: 0.0, Diff: 0.0, Sum: 0.1]
      [GC Worker Total (ms): Min: 20.2, Avg: 20.5, Max: 20.6, Diff: 0.4, Sum: 81.9]
      [GC Worker End (ms): Min: 33645418.5, Avg: 33645418.5, Max: 33645418.5, Diff: 0.0]
   [Code Root Fixup: 0.0 ms]
   [Code Root Purge: 0.0 ms]
   [Clear CT: 0.1 ms]
   [Other: 0.6 ms]
      [Choose CSet: 0.0 ms]
      [Ref Proc: 0.2 ms]
      [Ref Enq: 0.0 ms]
      [Redirty Cards: 0.1 ms]
      [Humongous Register: 0.0 ms]
      [Humongous Reclaim: 0.0 ms]
      [Free CSet: 0.1 ms]
   [Eden: 82.0M(82.0M)->0.0B(79.0M) Survivors: 7168.0K->7168.0K Heap: 355.6M(1024.0M)->273.6M(1024.0M)]
 [Times: user=0.08 sys=0.00, real=0.02 secs] 
2019-11-03T18:26:30.333+0800: 33663.404: [GC pause (G1 Evacuation Pause) (young), 0.0245140 secs]
   [Parallel Time: 23.7 ms, GC Workers: 4]
      [GC Worker Start (ms): Min: 33663404.3, Avg: 33663404.3, Max: 33663404.3, Diff: 0.1]
      [Ext Root Scanning (ms): Min: 0.8, Avg: 0.8, Max: 0.8, Diff: 0.0, Sum: 3.2]
      [Update RS (ms): Min: 1.6, Avg: 1.8, Max: 2.2, Diff: 0.6, Sum: 7.1]
         [Processed Buffers: Min: 6, Avg: 9.2, Max: 16, Diff: 10, Sum: 37]
      [Scan RS (ms): Min: 7.6, Avg: 8.3, Max: 9.4, Diff: 1.8, Sum: 33.1]
      [Code Root Scanning (ms): Min: 0.0, Avg: 0.0, Max: 0.0, Diff: 0.0, Sum: 0.0]
      [Object Copy (ms): Min: 11.8, Avg: 12.7, Max: 13.0, Diff: 1.2, Sum: 50.6]
      [Termination (ms): Min: 0.0, Avg: 0.0, Max: 0.0, Diff: 0.0, Sum: 0.0]
         [Termination Attempts: Min: 1, Avg: 1.0, Max: 1, Diff: 0, Sum: 4]
      [GC Worker Other (ms): Min: 0.0, Avg: 0.0, Max: 0.0, Diff: 0.0, Sum: 0.1]
      [GC Worker Total (ms): Min: 23.5, Avg: 23.6, Max: 23.6, Diff: 0.1, Sum: 94.3]
      [GC Worker End (ms): Min: 33663427.8, Avg: 33663427.8, Max: 33663427.8, Diff: 0.0]
   [Code Root Fixup: 0.0 ms]
   [Code Root Purge: 0.0 ms]
   [Clear CT: 0.1 ms]
   [Other: 0.7 ms]
      [Choose CSet: 0.0 ms]
      [Ref Proc: 0.2 ms]
      [Ref Enq: 0.0 ms]
      [Redirty Cards: 0.1 ms]
      [Humongous Register: 0.0 ms]
      [Humongous Reclaim: 0.1 ms]
      [Free CSet: 0.2 ms]
   [Eden: 79.0M(79.0M)->0.0B(44.0M) Survivors: 7168.0K->7168.0K Heap: 352.6M(1024.0M)->274.1M(1024.0M)]
 [Times: user=0.08 sys=0.00, real=0.02 secs] 
2019-11-03T18:26:40.322+0800: 33673.392: [GC pause (G1 Evacuation Pause) (young), 0.0247230 secs]
   [Parallel Time: 23.8 ms, GC Workers: 4]
      [GC Worker Start (ms): Min: 33673392.6, Avg: 33673392.7, Max: 33673393.2, Diff: 0.6]
      [Ext Root Scanning (ms): Min: 0.4, Avg: 0.8, Max: 1.0, Diff: 0.6, Sum: 3.4]
      [Update RS (ms): Min: 2.5, Avg: 2.5, Max: 2.6, Diff: 0.1, Sum: 10.1]
         [Processed Buffers: Min: 4, Avg: 7.2, Max: 12, Diff: 8, Sum: 29]
      [Scan RS (ms): Min: 6.3, Avg: 6.4, Max: 6.5, Diff: 0.2, Sum: 25.5]
      [Code Root Scanning (ms): Min: 0.0, Avg: 0.0, Max: 0.0, Diff: 0.0, Sum: 0.0]
      [Object Copy (ms): Min: 13.7, Avg: 13.8, Max: 13.9, Diff: 0.2, Sum: 55.0]
      [Termination (ms): Min: 0.0, Avg: 0.0, Max: 0.0, Diff: 0.0, Sum: 0.0]
         [Termination Attempts: Min: 1, Avg: 1.0, Max: 1, Diff: 0, Sum: 4]
      [GC Worker Other (ms): Min: 0.0, Avg: 0.1, Max: 0.1, Diff: 0.0, Sum: 0.2]
      [GC Worker Total (ms): Min: 23.1, Avg: 23.6, Max: 23.8, Diff: 0.6, Sum: 94.3]
      [GC Worker End (ms): Min: 33673416.3, Avg: 33673416.3, Max: 33673416.3, Diff: 0.0]
   [Code Root Fixup: 0.0 ms]
   [Code Root Purge: 0.0 ms]
   [Clear CT: 0.1 ms]
   [Other: 0.7 ms]
      [Choose CSet: 0.0 ms]
      [Ref Proc: 0.2 ms]
      [Ref Enq: 0.0 ms]
      [Redirty Cards: 0.1 ms]
      [Humongous Register: 0.0 ms]
      [Humongous Reclaim: 0.0 ms]
      [Free CSet: 0.1 ms]
   [Eden: 44.0M(44.0M)->0.0B(46.0M) Survivors: 7168.0K->5120.0K Heap: 318.1M(1024.0M)->274.0M(1024.0M)]
 [Times: user=0.09 sys=0.00, real=0.02 secs] 
2019-11-03T18:26:50.821+0800: 33683.892: [GC pause (G1 Evacuation Pause) (young), 0.0185153 secs]
   [Parallel Time: 17.8 ms, GC Workers: 4]
      [GC Worker Start (ms): Min: 33683891.7, Avg: 33683891.7, Max: 33683891.8, Diff: 0.1]
      [Ext Root Scanning (ms): Min: 0.8, Avg: 0.8, Max: 0.9, Diff: 0.1, Sum: 3.2]
      [Update RS (ms): Min: 2.6, Avg: 3.5, Max: 5.4, Diff: 2.8, Sum: 13.9]
         [Processed Buffers: Min: 3, Avg: 6.8, Max: 10, Diff: 7, Sum: 27]
      [Scan RS (ms): Min: 4.2, Avg: 6.1, Max: 7.0, Diff: 2.9, Sum: 24.4]
      [Code Root Scanning (ms): Min: 0.0, Avg: 0.0, Max: 0.0, Diff: 0.0, Sum: 0.0]
      [Object Copy (ms): Min: 7.0, Avg: 7.2, Max: 7.2, Diff: 0.2, Sum: 28.6]
      [Termination (ms): Min: 0.0, Avg: 0.0, Max: 0.0, Diff: 0.0, Sum: 0.0]
         [Termination Attempts: Min: 1, Avg: 1.0, Max: 1, Diff: 0, Sum: 4]
      [GC Worker Other (ms): Min: 0.0, Avg: 0.0, Max: 0.0, Diff: 0.0, Sum: 0.1]
      [GC Worker Total (ms): Min: 17.5, Avg: 17.6, Max: 17.6, Diff: 0.1, Sum: 70.2]
      [GC Worker End (ms): Min: 33683909.3, Avg: 33683909.3, Max: 33683909.3, Diff: 0.0]
   [Code Root Fixup: 0.0 ms]
   [Code Root Purge: 0.0 ms]
   [Clear CT: 0.1 ms]
   [Other: 0.7 ms]
      [Choose CSet: 0.0 ms]
      [Ref Proc: 0.2 ms]
      [Ref Enq: 0.0 ms]
      [Redirty Cards: 0.1 ms]
      [Humongous Register: 0.0 ms]
      [Humongous Reclaim: 0.0 ms]
      [Free CSet: 0.1 ms]
   [Eden: 46.0M(46.0M)->0.0B(46.0M) Survivors: 5120.0K->5120.0K Heap: 320.0M(1024.0M)->274.0M(1024.0M)]
 [Times: user=0.07 sys=0.00, real=0.02 secs] 
2019-11-03T18:27:01.046+0800: 33694.115: [GC pause (G1 Evacuation Pause) (young), 0.0218734 secs]
   [Parallel Time: 21.0 ms, GC Workers: 4]
      [GC Worker Start (ms): Min: 33694115.5, Avg: 33694116.6, Max: 33694119.5, Diff: 4.0]
      [Ext Root Scanning (ms): Min: 0.0, Avg: 0.7, Max: 1.1, Diff: 1.0, Sum: 2.7]
      [Update RS (ms): Min: 0.0, Avg: 1.7, Max: 2.5, Diff: 2.5, Sum: 6.9]
         [Processed Buffers: Min: 0, Avg: 9.0, Max: 15, Diff: 15, Sum: 36]
      [Scan RS (ms): Min: 4.7, Avg: 5.5, Max: 6.5, Diff: 1.8, Sum: 21.9]
      [Code Root Scanning (ms): Min: 0.0, Avg: 0.0, Max: 0.0, Diff: 0.0, Sum: 0.0]
      [Object Copy (ms): Min: 10.4, Avg: 11.3, Max: 11.7, Diff: 1.3, Sum: 45.3]
      [Termination (ms): Min: 0.0, Avg: 0.4, Max: 0.7, Diff: 0.7, Sum: 1.5]
         [Termination Attempts: Min: 1, Avg: 1.0, Max: 1, Diff: 0, Sum: 4]
      [GC Worker Other (ms): Min: 0.0, Avg: 0.0, Max: 0.0, Diff: 0.0, Sum: 0.1]
      [GC Worker Total (ms): Min: 17.0, Avg: 19.6, Max: 20.6, Diff: 3.6, Sum: 78.4]
      [GC Worker End (ms): Min: 33694135.9, Avg: 33694136.2, Max: 33694136.5, Diff: 0.6]
   [Code Root Fixup: 0.0 ms]
   [Code Root Purge: 0.0 ms]
   [Clear CT: 0.1 ms]
   [Other: 0.7 ms]
      [Choose CSet: 0.0 ms]
      [Ref Proc: 0.2 ms]
      [Ref Enq: 0.0 ms]
      [Redirty Cards: 0.1 ms]
      [Humongous Register: 0.1 ms]
      [Humongous Reclaim: 0.0 ms]
      [Free CSet: 0.1 ms]
   [Eden: 46.0M(46.0M)->0.0B(45.0M) Survivors: 5120.0K->6144.0K Heap: 320.0M(1024.0M)->275.5M(1024.0M)]
 [Times: user=0.06 sys=0.00, real=0.02 secs] 
2019-11-03T18:27:16.779+0800: 33709.849: [GC pause (G1 Evacuation Pause) (young), 0.0223347 secs]
   [Parallel Time: 21.7 ms, GC Workers: 4]
      [GC Worker Start (ms): Min: 33709848.7, Avg: 33709848.7, Max: 33709848.7, Diff: 0.1]
      [Ext Root Scanning (ms): Min: 0.8, Avg: 0.8, Max: 0.8, Diff: 0.1, Sum: 3.2]
      [Update RS (ms): Min: 2.1, Avg: 2.8, Max: 3.9, Diff: 1.8, Sum: 11.2]
         [Processed Buffers: Min: 1, Avg: 8.5, Max: 13, Diff: 12, Sum: 34]
      [Scan RS (ms): Min: 5.2, Avg: 6.3, Max: 6.9, Diff: 1.7, Sum: 25.0]
      [Code Root Scanning (ms): Min: 0.0, Avg: 0.0, Max: 0.0, Diff: 0.0, Sum: 0.0]
      [Object Copy (ms): Min: 11.6, Avg: 11.7, Max: 11.8, Diff: 0.2, Sum: 46.8]
      [Termination (ms): Min: 0.0, Avg: 0.0, Max: 0.0, Diff: 0.0, Sum: 0.0]
         [Termination Attempts: Min: 1, Avg: 1.0, Max: 1, Diff: 0, Sum: 4]
      [GC Worker Other (ms): Min: 0.0, Avg: 0.0, Max: 0.1, Diff: 0.0, Sum: 0.2]
      [GC Worker Total (ms): Min: 21.6, Avg: 21.6, Max: 21.6, Diff: 0.0, Sum: 86.4]
      [GC Worker End (ms): Min: 33709870.3, Avg: 33709870.3, Max: 33709870.3, Diff: 0.0]
   [Code Root Fixup: 0.0 ms]
   [Code Root Purge: 0.0 ms]
   [Clear CT: 0.0 ms]
   [Other: 0.6 ms]
      [Choose CSet: 0.0 ms]
      [Ref Proc: 0.1 ms]
      [Ref Enq: 0.0 ms]
      [Redirty Cards: 0.1 ms]
      [Humongous Register: 0.0 ms]
      [Humongous Reclaim: 0.0 ms]
      [Free CSet: 0.1 ms]
   [Eden: 45.0M(45.0M)->0.0B(46.0M) Survivors: 6144.0K->5120.0K Heap: 320.5M(1024.0M)->275.3M(1024.0M)]
 [Times: user=0.07 sys=0.01, real=0.03 secs] 
2019-11-03T18:27:27.319+0800: 33720.388: [GC pause (G1 Evacuation Pause) (young), 0.0167376 secs]
   [Parallel Time: 16.0 ms, GC Workers: 4]
      [GC Worker Start (ms): Min: 33720387.9, Avg: 33720388.1, Max: 33720388.7, Diff: 0.9]
      [Ext Root Scanning (ms): Min: 0.2, Avg: 0.9, Max: 1.1, Diff: 0.9, Sum: 3.4]
      [Update RS (ms): Min: 2.5, Avg: 2.8, Max: 3.3, Diff: 0.8, Sum: 11.1]
         [Processed Buffers: Min: 3, Avg: 8.2, Max: 16, Diff: 13, Sum: 33]
      [Scan RS (ms): Min: 5.0, Avg: 5.5, Max: 5.8, Diff: 0.8, Sum: 21.9]
      [Code Root Scanning (ms): Min: 0.0, Avg: 0.0, Max: 0.0, Diff: 0.0, Sum: 0.0]
      [Object Copy (ms): Min: 6.5, Avg: 6.6, Max: 6.6, Diff: 0.1, Sum: 26.3]
      [Termination (ms): Min: 0.0, Avg: 0.0, Max: 0.0, Diff: 0.0, Sum: 0.0]
         [Termination Attempts: Min: 1, Avg: 1.0, Max: 1, Diff: 0, Sum: 4]
      [GC Worker Other (ms): Min: 0.0, Avg: 0.0, Max: 0.1, Diff: 0.0, Sum: 0.2]
      [GC Worker Total (ms): Min: 15.1, Avg: 15.7, Max: 16.0, Diff: 0.9, Sum: 62.9]
      [GC Worker End (ms): Min: 33720403.8, Avg: 33720403.8, Max: 33720403.8, Diff: 0.0]
   [Code Root Fixup: 0.0 ms]
   [Code Root Purge: 0.0 ms]
   [Clear CT: 0.1 ms]
   [Other: 0.6 ms]
      [Choose CSet: 0.0 ms]
      [Ref Proc: 0.1 ms]
      [Ref Enq: 0.0 ms]
      [Redirty Cards: 0.0 ms]
      [Humongous Register: 0.1 ms]
      [Humongous Reclaim: 0.0 ms]
      [Free CSet: 0.1 ms]
   [Eden: 46.0M(46.0M)->0.0B(82.0M) Survivors: 5120.0K->5120.0K Heap: 321.3M(1024.0M)->275.3M(1024.0M)]
 [Times: user=0.07 sys=0.00, real=0.02 secs] 
2019-11-03T18:27:42.282+0800: 33735.350: [GC pause (G1 Evacuation Pause) (young), 0.0184736 secs]
   [Parallel Time: 17.7 ms, GC Workers: 4]
      [GC Worker Start (ms): Min: 33735350.4, Avg: 33735350.4, Max: 33735350.4, Diff: 0.1]
      [Ext Root Scanning (ms): Min: 0.8, Avg: 0.8, Max: 0.9, Diff: 0.1, Sum: 3.2]
      [Update RS (ms): Min: 1.7, Avg: 2.3, Max: 2.7, Diff: 1.1, Sum: 9.2]
         [Processed Buffers: Min: 4, Avg: 8.5, Max: 18, Diff: 14, Sum: 34]
      [Scan RS (ms): Min: 5.9, Avg: 6.4, Max: 7.1, Diff: 1.2, Sum: 25.5]
      [Code Root Scanning (ms): Min: 0.0, Avg: 0.0, Max: 0.0, Diff: 0.0, Sum: 0.0]
      [Object Copy (ms): Min: 7.9, Avg: 8.0, Max: 8.1, Diff: 0.2, Sum: 32.1]
      [Termination (ms): Min: 0.0, Avg: 0.0, Max: 0.0, Diff: 0.0, Sum: 0.0]
         [Termination Attempts: Min: 1, Avg: 1.0, Max: 1, Diff: 0, Sum: 4]
      [GC Worker Other (ms): Min: 0.0, Avg: 0.1, Max: 0.1, Diff: 0.1, Sum: 0.3]
      [GC Worker Total (ms): Min: 17.5, Avg: 17.6, Max: 17.6, Diff: 0.1, Sum: 70.3]
      [GC Worker End (ms): Min: 33735367.9, Avg: 33735368.0, Max: 33735368.0, Diff: 0.1]
   [Code Root Fixup: 0.0 ms]
   [Code Root Purge: 0.0 ms]
   [Clear CT: 0.1 ms]
   [Other: 0.6 ms]
      [Choose CSet: 0.0 ms]
      [Ref Proc: 0.2 ms]
      [Ref Enq: 0.0 ms]
      [Redirty Cards: 0.1 ms]
      [Humongous Register: 0.0 ms]
      [Humongous Reclaim: 0.0 ms]
      [Free CSet: 0.1 ms]
   [Eden: 66.0M(46.0M)->0.0B(111.0M) Survivors: 5120.0K->5120.0K Heap: 341.3M(1024.0M)->275.3M(1024.0M)]
 [Times: user=0.07 sys=0.00, real=0.02 secs] 
2019-11-03T18:28:07.673+0800: 33760.740: [GC pause (G1 Evacuation Pause) (young), 0.0204201 secs]
   [Parallel Time: 19.6 ms, GC Workers: 4]
      [GC Worker Start (ms): Min: 33760740.5, Avg: 33760740.5, Max: 33760740.5, Diff: 0.1]
      [Ext Root Scanning (ms): Min: 0.8, Avg: 0.8, Max: 0.8, Diff: 0.1, Sum: 3.2]
      [Update RS (ms): Min: 2.6, Avg: 2.8, Max: 3.2, Diff: 0.6, Sum: 11.4]
         [Processed Buffers: Min: 7, Avg: 9.8, Max: 14, Diff: 7, Sum: 39]
      [Scan RS (ms): Min: 5.5, Avg: 6.0, Max: 6.2, Diff: 0.7, Sum: 23.8]
      [Code Root Scanning (ms): Min: 0.0, Avg: 0.0, Max: 0.0, Diff: 0.0, Sum: 0.0]
      [Object Copy (ms): Min: 9.8, Avg: 9.8, Max: 9.9, Diff: 0.1, Sum: 39.3]
      [Termination (ms): Min: 0.0, Avg: 0.0, Max: 0.0, Diff: 0.0, Sum: 0.0]
         [Termination Attempts: Min: 1, Avg: 1.8, Max: 3, Diff: 2, Sum: 7]
      [GC Worker Other (ms): Min: 0.0, Avg: 0.0, Max: 0.1, Diff: 0.0, Sum: 0.1]
      [GC Worker Total (ms): Min: 19.4, Avg: 19.5, Max: 19.5, Diff: 0.1, Sum: 77.9]
      [GC Worker End (ms): Min: 33760759.9, Avg: 33760760.0, Max: 33760760.0, Diff: 0.0]
   [Code Root Fixup: 0.0 ms]
   [Code Root Purge: 0.0 ms]
   [Clear CT: 0.1 ms]
   [Other: 0.7 ms]
      [Choose CSet: 0.0 ms]
      [Ref Proc: 0.2 ms]
      [Ref Enq: 0.0 ms]
      [Redirty Cards: 0.1 ms]
      [Humongous Register: 0.0 ms]
      [Humongous Reclaim: 0.0 ms]
      [Free CSet: 0.1 ms]
   [Eden: 111.0M(111.0M)->0.0B(119.0M) Survivors: 5120.0K->7168.0K Heap: 386.3M(1024.0M)->277.3M(1024.0M)]
 [Times: user=0.07 sys=0.00, real=0.02 secs] 
2019-11-03T18:28:26.528+0800: 33779.594: [GC pause (G1 Evacuation Pause) (young), 0.0236784 secs]
   [Parallel Time: 22.9 ms, GC Workers: 4]
      [GC Worker Start (ms): Min: 33779594.7, Avg: 33779594.7, Max: 33779594.9, Diff: 0.2]
      [Ext Root Scanning (ms): Min: 0.7, Avg: 0.8, Max: 0.9, Diff: 0.2, Sum: 3.3]
      [Update RS (ms): Min: 1.6, Avg: 1.7, Max: 1.9, Diff: 0.3, Sum: 6.8]
         [Processed Buffers: Min: 7, Avg: 9.5, Max: 14, Diff: 7, Sum: 38]
      [Scan RS (ms): Min: 6.4, Avg: 6.6, Max: 6.8, Diff: 0.4, Sum: 26.3]
      [Code Root Scanning (ms): Min: 0.0, Avg: 0.0, Max: 0.0, Diff: 0.0, Sum: 0.0]
      [Object Copy (ms): Min: 13.6, Avg: 13.6, Max: 13.7, Diff: 0.1, Sum: 54.6]
      [Termination (ms): Min: 0.0, Avg: 0.0, Max: 0.0, Diff: 0.0, Sum: 0.0]
         [Termination Attempts: Min: 1, Avg: 1.0, Max: 1, Diff: 0, Sum: 4]
      [GC Worker Other (ms): Min: 0.0, Avg: 0.0, Max: 0.0, Diff: 0.0, Sum: 0.1]
      [GC Worker Total (ms): Min: 22.7, Avg: 22.8, Max: 22.9, Diff: 0.2, Sum: 91.2]
      [GC Worker End (ms): Min: 33779617.5, Avg: 33779617.5, Max: 33779617.6, Diff: 0.0]
   [Code Root Fixup: 0.0 ms]
   [Code Root Purge: 0.0 ms]
   [Clear CT: 0.1 ms]
   [Other: 0.6 ms]
      [Choose CSet: 0.0 ms]
      [Ref Proc: 0.1 ms]
      [Ref Enq: 0.0 ms]
      [Redirty Cards: 0.1 ms]
      [Humongous Register: 0.1 ms]
      [Humongous Reclaim: 0.0 ms]
      [Free CSet: 0.1 ms]
   [Eden: 82.0M(44.0M)->0.0B(45.0M) Survivors: 7168.0K->6144.0K Heap: 359.3M(1024.0M)->277.3M(1024.0M)]
 [Times: user=0.08 sys=0.00, real=0.03 secs] 
2019-11-03T18:28:36.872+0800: 33789.938: [GC pause (G1 Evacuation Pause) (young), 0.0214722 secs]
   [Parallel Time: 20.8 ms, GC Workers: 4]
      [GC Worker Start (ms): Min: 33789938.1, Avg: 33789938.1, Max: 33789938.2, Diff: 0.1]
      [Ext Root Scanning (ms): Min: 0.7, Avg: 0.8, Max: 0.8, Diff: 0.1, Sum: 3.1]
      [Update RS (ms): Min: 1.7, Avg: 2.1, Max: 2.6, Diff: 0.9, Sum: 8.3]
         [Processed Buffers: Min: 1, Avg: 9.0, Max: 17, Diff: 16, Sum: 36]
      [Scan RS (ms): Min: 6.1, Avg: 6.6, Max: 7.0, Diff: 0.9, Sum: 26.5]
      [Code Root Scanning (ms): Min: 0.0, Avg: 0.0, Max: 0.0, Diff: 0.0, Sum: 0.0]
      [Object Copy (ms): Min: 11.1, Avg: 11.1, Max: 11.2, Diff: 0.1, Sum: 44.5]
      [Termination (ms): Min: 0.0, Avg: 0.0, Max: 0.0, Diff: 0.0, Sum: 0.0]
         [Termination Attempts: Min: 1, Avg: 1.0, Max: 1, Diff: 0, Sum: 4]
      [GC Worker Other (ms): Min: 0.0, Avg: 0.0, Max: 0.1, Diff: 0.0, Sum: 0.2]
      [GC Worker Total (ms): Min: 20.6, Avg: 20.7, Max: 20.7, Diff: 0.1, Sum: 82.7]
      [GC Worker End (ms): Min: 33789958.8, Avg: 33789958.8, Max: 33789958.8, Diff: 0.0]
   [Code Root Fixup: 0.0 ms]
   [Code Root Purge: 0.0 ms]
   [Clear CT: 0.1 ms]
   [Other: 0.6 ms]
      [Choose CSet: 0.0 ms]
      [Ref Proc: 0.1 ms]
      [Ref Enq: 0.0 ms]
      [Redirty Cards: 0.1 ms]
      [Humongous Register: 0.0 ms]
      [Humongous Reclaim: 0.0 ms]
      [Free CSet: 0.1 ms]
   [Eden: 45.0M(45.0M)->0.0B(44.0M) Survivors: 6144.0K->7168.0K Heap: 322.3M(1024.0M)->279.1M(1024.0M)]
 [Times: user=0.08 sys=0.00, real=0.02 secs] 
2019-11-03T18:28:46.962+0800: 33800.027: [GC pause (G1 Evacuation Pause) (young), 0.0193804 secs]
   [Parallel Time: 18.7 ms, GC Workers: 4]
      [GC Worker Start (ms): Min: 33800027.6, Avg: 33800027.9, Max: 33800028.8, Diff: 1.2]
      [Ext Root Scanning (ms): Min: 0.0, Avg: 0.8, Max: 1.1, Diff: 1.1, Sum: 3.1]
      [Update RS (ms): Min: 2.0, Avg: 2.5, Max: 2.9, Diff: 0.9, Sum: 9.9]
         [Processed Buffers: Min: 5, Avg: 8.2, Max: 13, Diff: 8, Sum: 33]
      [Scan RS (ms): Min: 4.6, Avg: 5.1, Max: 5.6, Diff: 1.1, Sum: 20.5]
      [Code Root Scanning (ms): Min: 0.0, Avg: 0.0, Max: 0.0, Diff: 0.0, Sum: 0.0]
      [Object Copy (ms): Min: 9.8, Avg: 9.9, Max: 10.0, Diff: 0.3, Sum: 39.6]
      [Termination (ms): Min: 0.0, Avg: 0.0, Max: 0.0, Diff: 0.0, Sum: 0.0]
         [Termination Attempts: Min: 1, Avg: 1.2, Max: 2, Diff: 1, Sum: 5]
      [GC Worker Other (ms): Min: 0.0, Avg: 0.0, Max: 0.0, Diff: 0.0, Sum: 0.1]
      [GC Worker Total (ms): Min: 17.4, Avg: 18.3, Max: 18.6, Diff: 1.2, Sum: 73.2]
      [GC Worker End (ms): Min: 33800046.2, Avg: 33800046.2, Max: 33800046.2, Diff: 0.0]
   [Code Root Fixup: 0.0 ms]
   [Code Root Purge: 0.0 ms]
   [Clear CT: 0.1 ms]
   [Other: 0.6 ms]
      [Choose CSet: 0.0 ms]
      [Ref Proc: 0.1 ms]
      [Ref Enq: 0.0 ms]
      [Redirty Cards: 0.1 ms]
      [Humongous Register: 0.0 ms]
      [Humongous Reclaim: 0.0 ms]
      [Free CSet: 0.1 ms]
   [Eden: 44.0M(44.0M)->0.0B(65.0M) Survivors: 7168.0K->5120.0K Heap: 323.1M(1024.0M)->278.3M(1024.0M)]
 [Times: user=0.07 sys=0.00, real=0.02 secs] 
2019-11-03T18:28:57.358+0800: 33810.423: [GC pause (G1 Evacuation Pause) (young), 0.0167865 secs]
   [Parallel Time: 16.1 ms, GC Workers: 4]
      [GC Worker Start (ms): Min: 33810423.4, Avg: 33810423.5, Max: 33810423.9, Diff: 0.5]
      [Ext Root Scanning (ms): Min: 0.5, Avg: 0.9, Max: 1.0, Diff: 0.5, Sum: 3.5]
      [Update RS (ms): Min: 1.7, Avg: 2.1, Max: 2.6, Diff: 0.9, Sum: 8.2]
         [Processed Buffers: Min: 3, Avg: 8.2, Max: 12, Diff: 9, Sum: 33]
      [Scan RS (ms): Min: 5.1, Avg: 5.6, Max: 6.0, Diff: 1.0, Sum: 22.6]
      [Code Root Scanning (ms): Min: 0.0, Avg: 0.0, Max: 0.0, Diff: 0.0, Sum: 0.0]
      [Object Copy (ms): Min: 7.2, Avg: 7.3, Max: 7.4, Diff: 0.2, Sum: 29.1]
      [Termination (ms): Min: 0.0, Avg: 0.0, Max: 0.0, Diff: 0.0, Sum: 0.0]
         [Termination Attempts: Min: 1, Avg: 1.0, Max: 1, Diff: 0, Sum: 4]
      [GC Worker Other (ms): Min: 0.0, Avg: 0.0, Max: 0.0, Diff: 0.0, Sum: 0.2]
      [GC Worker Total (ms): Min: 15.5, Avg: 15.9, Max: 16.0, Diff: 0.5, Sum: 63.5]
      [GC Worker End (ms): Min: 33810439.4, Avg: 33810439.4, Max: 33810439.4, Diff: 0.0]
   [Code Root Fixup: 0.0 ms]
   [Code Root Purge: 0.0 ms]
   [Clear CT: 0.1 ms]
   [Other: 0.6 ms]
      [Choose CSet: 0.0 ms]
      [Ref Proc: 0.1 ms]
      [Ref Enq: 0.0 ms]
      [Redirty Cards: 0.0 ms]
      [Humongous Register: 0.0 ms]
      [Humongous Reclaim: 0.0 ms]
      [Free CSet: 0.1 ms]
   [Eden: 46.0M(46.0M)->0.0B(144.0M) Survivors: 5120.0K->5120.0K Heap: 324.3M(1024.0M)->278.3M(1024.0M)]
 [Times: user=0.07 sys=0.00, real=0.02 secs] 
2019-11-03T18:29:13.338+0800: 33826.403: [GC pause (G1 Evacuation Pause) (young), 0.0225186 secs]
   [Parallel Time: 21.8 ms, GC Workers: 4]
      [GC Worker Start (ms): Min: 33826403.1, Avg: 33826403.4, Max: 33826403.8, Diff: 0.7]
      [Ext Root Scanning (ms): Min: 0.8, Avg: 1.2, Max: 1.7, Diff: 1.0, Sum: 4.8]
      [Update RS (ms): Min: 1.0, Avg: 2.4, Max: 3.2, Diff: 2.2, Sum: 9.7]
         [Processed Buffers: Min: 6, Avg: 9.5, Max: 14, Diff: 8, Sum: 38]
      [Scan RS (ms): Min: 7.2, Avg: 7.6, Max: 8.4, Diff: 1.2, Sum: 30.6]
      [Code Root Scanning (ms): Min: 0.0, Avg: 0.0, Max: 0.0, Diff: 0.0, Sum: 0.0]
      [Object Copy (ms): Min: 9.7, Avg: 10.1, Max: 10.9, Diff: 1.2, Sum: 40.4]
      [Termination (ms): Min: 0.0, Avg: 0.0, Max: 0.0, Diff: 0.0, Sum: 0.0]
         [Termination Attempts: Min: 1, Avg: 2.2, Max: 5, Diff: 4, Sum: 9]
      [GC Worker Other (ms): Min: 0.0, Avg: 0.0, Max: 0.0, Diff: 0.0, Sum: 0.1]
      [GC Worker Total (ms): Min: 21.1, Avg: 21.4, Max: 21.7, Diff: 0.7, Sum: 85.5]
      [GC Worker End (ms): Min: 33826424.8, Avg: 33826424.8, Max: 33826424.8, Diff: 0.0]
   [Code Root Fixup: 0.0 ms]
   [Code Root Purge: 0.0 ms]
   [Clear CT: 0.1 ms]
   [Other: 0.6 ms]
      [Choose CSet: 0.0 ms]
      [Ref Proc: 0.1 ms]
      [Ref Enq: 0.0 ms]
      [Redirty Cards: 0.0 ms]
      [Humongous Register: 0.1 ms]
      [Humongous Reclaim: 0.0 ms]
      [Free CSet: 0.1 ms]
   [Eden: 71.0M(46.0M)->0.0B(62.0M) Survivors: 5120.0K->7168.0K Heap: 349.3M(1024.0M)->280.3M(1024.0M)]
 [Times: user=0.07 sys=0.00, real=0.03 secs] 
2019-11-03T18:29:27.517+0800: 33840.581: [GC pause (G1 Evacuation Pause) (young), 0.0182256 secs]
   [Parallel Time: 17.5 ms, GC Workers: 4]
      [GC Worker Start (ms): Min: 33840581.3, Avg: 33840581.8, Max: 33840582.7, Diff: 1.4]
      [Ext Root Scanning (ms): Min: 0.0, Avg: 0.8, Max: 1.3, Diff: 1.3, Sum: 3.4]
      [Update RS (ms): Min: 1.8, Avg: 1.9, Max: 2.0, Diff: 0.2, Sum: 7.6]
         [Processed Buffers: Min: 4, Avg: 8.5, Max: 12, Diff: 8, Sum: 34]
      [Scan RS (ms): Min: 5.1, Avg: 5.3, Max: 5.4, Diff: 0.3, Sum: 21.1]
      [Code Root Scanning (ms): Min: 0.0, Avg: 0.0, Max: 0.0, Diff: 0.0, Sum: 0.0]
      [Object Copy (ms): Min: 8.8, Avg: 8.9, Max: 9.0, Diff: 0.2, Sum: 35.6]
      [Termination (ms): Min: 0.0, Avg: 0.0, Max: 0.0, Diff: 0.0, Sum: 0.0]
         [Termination Attempts: Min: 1, Avg: 1.0, Max: 1, Diff: 0, Sum: 4]
      [GC Worker Other (ms): Min: 0.0, Avg: 0.0, Max: 0.1, Diff: 0.0, Sum: 0.2]
      [GC Worker Total (ms): Min: 16.0, Avg: 17.0, Max: 17.4, Diff: 1.4, Sum: 67.8]
      [GC Worker End (ms): Min: 33840598.7, Avg: 33840598.7, Max: 33840598.8, Diff: 0.0]
   [Code Root Fixup: 0.0 ms]
   [Code Root Purge: 0.0 ms]
   [Clear CT: 0.1 ms]
   [Other: 0.6 ms]
      [Choose CSet: 0.0 ms]
      [Ref Proc: 0.2 ms]
      [Ref Enq: 0.0 ms]
      [Redirty Cards: 0.0 ms]
      [Humongous Register: 0.0 ms]
      [Humongous Reclaim: 0.0 ms]
      [Free CSet: 0.1 ms]
   [Eden: 62.0M(62.0M)->0.0B(77.0M) Survivors: 7168.0K->5120.0K Heap: 342.3M(1024.0M)->278.3M(1024.0M)]
 [Times: user=0.07 sys=0.00, real=0.02 secs] 
2019-11-03T18:29:44.978+0800: 33858.041: [GC pause (G1 Evacuation Pause) (young), 0.0200102 secs]
   [Parallel Time: 19.3 ms, GC Workers: 4]
      [GC Worker Start (ms): Min: 33858041.5, Avg: 33858041.5, Max: 33858041.6, Diff: 0.1]
      [Ext Root Scanning (ms): Min: 0.7, Avg: 0.8, Max: 0.9, Diff: 0.2, Sum: 3.1]
      [Update RS (ms): Min: 2.2, Avg: 2.6, Max: 3.0, Diff: 0.8, Sum: 10.3]
         [Processed Buffers: Min: 1, Avg: 8.2, Max: 12, Diff: 11, Sum: 33]
      [Scan RS (ms): Min: 5.4, Avg: 5.7, Max: 6.1, Diff: 0.7, Sum: 22.9]
      [Code Root Scanning (ms): Min: 0.0, Avg: 0.0, Max: 0.0, Diff: 0.0, Sum: 0.0]
      [Object Copy (ms): Min: 9.9, Avg: 10.0, Max: 10.1, Diff: 0.2, Sum: 40.1]
      [Termination (ms): Min: 0.0, Avg: 0.0, Max: 0.0, Diff: 0.0, Sum: 0.0]
         [Termination Attempts: Min: 1, Avg: 1.0, Max: 1, Diff: 0, Sum: 4]
      [GC Worker Other (ms): Min: 0.0, Avg: 0.0, Max: 0.1, Diff: 0.0, Sum: 0.1]
      [GC Worker Total (ms): Min: 19.1, Avg: 19.2, Max: 19.2, Diff: 0.1, Sum: 76.6]
      [GC Worker End (ms): Min: 33858060.7, Avg: 33858060.7, Max: 33858060.7, Diff: 0.0]
   [Code Root Fixup: 0.0 ms]
   [Code Root Purge: 0.0 ms]
   [Clear CT: 0.1 ms]
   [Other: 0.6 ms]
      [Choose CSet: 0.0 ms]
      [Ref Proc: 0.1 ms]
      [Ref Enq: 0.0 ms]
      [Redirty Cards: 0.1 ms]
      [Humongous Register: 0.0 ms]
      [Humongous Reclaim: 0.0 ms]
      [Free CSet: 0.1 ms]
   [Eden: 77.0M(77.0M)->0.0B(79.0M) Survivors: 5120.0K->7168.0K Heap: 355.3M(1024.0M)->280.3M(1024.0M)]
 [Times: user=0.08 sys=0.00, real=0.02 secs] 
2019-11-03T18:30:02.961+0800: 33876.024: [GC pause (G1 Evacuation Pause) (young), 0.0210831 secs]
   [Parallel Time: 20.4 ms, GC Workers: 4]
      [GC Worker Start (ms): Min: 33876024.4, Avg: 33876024.4, Max: 33876024.5, Diff: 0.1]
      [Ext Root Scanning (ms): Min: 0.7, Avg: 0.8, Max: 0.8, Diff: 0.1, Sum: 3.1]
      [Update RS (ms): Min: 1.5, Avg: 2.0, Max: 2.6, Diff: 1.1, Sum: 8.0]
         [Processed Buffers: Min: 7, Avg: 9.2, Max: 12, Diff: 5, Sum: 37]
      [Scan RS (ms): Min: 5.0, Avg: 5.5, Max: 6.0, Diff: 1.0, Sum: 22.1]
      [Code Root Scanning (ms): Min: 0.0, Avg: 0.0, Max: 0.0, Diff: 0.0, Sum: 0.0]
      [Object Copy (ms): Min: 11.8, Avg: 11.9, Max: 11.9, Diff: 0.1, Sum: 47.4]
      [Termination (ms): Min: 0.0, Avg: 0.1, Max: 0.1, Diff: 0.1, Sum: 0.4]
         [Termination Attempts: Min: 1, Avg: 1.2, Max: 2, Diff: 1, Sum: 5]
      [GC Worker Other (ms): Min: 0.0, Avg: 0.0, Max: 0.0, Diff: 0.0, Sum: 0.1]
      [GC Worker Total (ms): Min: 20.2, Avg: 20.3, Max: 20.3, Diff: 0.1, Sum: 81.1]
      [GC Worker End (ms): Min: 33876044.7, Avg: 33876044.7, Max: 33876044.7, Diff: 0.0]
   [Code Root Fixup: 0.0 ms]
   [Code Root Purge: 0.0 ms]
   [Clear CT: 0.1 ms]
   [Other: 0.6 ms]
      [Choose CSet: 0.0 ms]
      [Ref Proc: 0.1 ms]
      [Ref Enq: 0.0 ms]
      [Redirty Cards: 0.1 ms]
      [Humongous Register: 0.0 ms]
      [Humongous Reclaim: 0.0 ms]
      [Free CSet: 0.1 ms]
   [Eden: 79.0M(79.0M)->0.0B(70.0M) Survivors: 7168.0K->7168.0K Heap: 359.3M(1024.0M)->280.8M(1024.0M)]
 [Times: user=0.08 sys=0.00, real=0.02 secs] 
2019-11-03T18:30:18.907+0800: 33891.969: [GC pause (G1 Evacuation Pause) (young), 0.0258944 secs]
   [Parallel Time: 25.1 ms, GC Workers: 4]
      [GC Worker Start (ms): Min: 33891969.4, Avg: 33891971.5, Max: 33891977.7, Diff: 8.3]
      [Ext Root Scanning (ms): Min: 0.0, Avg: 0.8, Max: 1.1, Diff: 1.1, Sum: 3.4]
      [Update RS (ms): Min: 0.0, Avg: 2.7, Max: 3.9, Diff: 3.9, Sum: 10.9]
         [Processed Buffers: Min: 0, Avg: 8.8, Max: 17, Diff: 17, Sum: 35]
      [Scan RS (ms): Min: 1.8, Avg: 4.4, Max: 5.6, Diff: 3.8, Sum: 17.6]
      [Code Root Scanning (ms): Min: 0.0, Avg: 0.0, Max: 0.0, Diff: 0.0, Sum: 0.0]
      [Object Copy (ms): Min: 14.8, Avg: 14.9, Max: 15.0, Diff: 0.1, Sum: 59.7]
      [Termination (ms): Min: 0.0, Avg: 0.0, Max: 0.0, Diff: 0.0, Sum: 0.0]
         [Termination Attempts: Min: 1, Avg: 1.0, Max: 1, Diff: 0, Sum: 4]
      [GC Worker Other (ms): Min: 0.0, Avg: 0.0, Max: 0.0, Diff: 0.0, Sum: 0.1]
      [GC Worker Total (ms): Min: 16.7, Avg: 22.9, Max: 25.0, Diff: 8.3, Sum: 91.7]
      [GC Worker End (ms): Min: 33891994.4, Avg: 33891994.4, Max: 33891994.4, Diff: 0.0]
   [Code Root Fixup: 0.0 ms]
   [Code Root Purge: 0.0 ms]
   [Clear CT: 0.1 ms]
   [Other: 0.7 ms]
      [Choose CSet: 0.0 ms]
      [Ref Proc: 0.2 ms]
      [Ref Enq: 0.0 ms]
      [Redirty Cards: 0.1 ms]
      [Humongous Register: 0.0 ms]
      [Humongous Reclaim: 0.0 ms]
      [Free CSet: 0.1 ms]
   [Eden: 70.0M(70.0M)->0.0B(45.0M) Survivors: 7168.0K->6144.0K Heap: 350.8M(1024.0M)->280.6M(1024.0M)]
 [Times: user=0.08 sys=0.00, real=0.03 secs] 
2019-11-03T18:30:29.074+0800: 33902.136: [GC pause (G1 Evacuation Pause) (young), 0.0256015 secs]
   [Parallel Time: 24.9 ms, GC Workers: 4]
      [GC Worker Start (ms): Min: 33902135.7, Avg: 33902136.0, Max: 33902136.9, Diff: 1.1]
      [Ext Root Scanning (ms): Min: 0.0, Avg: 0.8, Max: 1.0, Diff: 1.0, Sum: 3.0]
      [Update RS (ms): Min: 2.0, Avg: 2.7, Max: 3.5, Diff: 1.6, Sum: 11.0]
         [Processed Buffers: Min: 6, Avg: 8.5, Max: 14, Diff: 8, Sum: 34]
      [Scan RS (ms): Min: 5.1, Avg: 5.7, Max: 6.0, Diff: 0.9, Sum: 22.7]
      [Code Root Scanning (ms): Min: 0.0, Avg: 0.0, Max: 0.0, Diff: 0.0, Sum: 0.0]
      [Object Copy (ms): Min: 15.1, Avg: 15.3, Max: 15.8, Diff: 0.8, Sum: 61.2]
      [Termination (ms): Min: 0.0, Avg: 0.0, Max: 0.0, Diff: 0.0, Sum: 0.0]
         [Termination Attempts: Min: 1, Avg: 1.0, Max: 1, Diff: 0, Sum: 4]
      [GC Worker Other (ms): Min: 0.0, Avg: 0.0, Max: 0.1, Diff: 0.0, Sum: 0.1]
      [GC Worker Total (ms): Min: 23.7, Avg: 24.5, Max: 24.8, Diff: 1.1, Sum: 98.1]
      [GC Worker End (ms): Min: 33902160.5, Avg: 33902160.6, Max: 33902160.6, Diff: 0.0]
   [Code Root Fixup: 0.0 ms]
   [Code Root Purge: 0.0 ms]
   [Clear CT: 0.1 ms]
   [Other: 0.6 ms]
      [Choose CSet: 0.0 ms]
      [Ref Proc: 0.1 ms]
      [Ref Enq: 0.0 ms]
      [Redirty Cards: 0.1 ms]
      [Humongous Register: 0.0 ms]
      [Humongous Reclaim: 0.0 ms]
      [Free CSet: 0.1 ms]
   [Eden: 45.0M(45.0M)->0.0B(45.0M) Survivors: 6144.0K->6144.0K Heap: 325.6M(1024.0M)->282.3M(1024.0M)]
 [Times: user=0.09 sys=0.01, real=0.02 secs] 
2019-11-03T18:30:39.273+0800: 33912.334: [GC pause (G1 Evacuation Pause) (young), 0.0215617 secs]
   [Parallel Time: 20.9 ms, GC Workers: 4]
      [GC Worker Start (ms): Min: 33912334.6, Avg: 33912334.6, Max: 33912334.7, Diff: 0.1]
      [Ext Root Scanning (ms): Min: 0.9, Avg: 0.9, Max: 1.0, Diff: 0.1, Sum: 3.7]
      [Update RS (ms): Min: 1.9, Avg: 2.2, Max: 2.4, Diff: 0.5, Sum: 8.6]
         [Processed Buffers: Min: 6, Avg: 8.8, Max: 15, Diff: 9, Sum: 35]
      [Scan RS (ms): Min: 7.2, Avg: 7.5, Max: 7.9, Diff: 0.6, Sum: 29.9]
      [Code Root Scanning (ms): Min: 0.0, Avg: 0.0, Max: 0.0, Diff: 0.0, Sum: 0.0]
      [Object Copy (ms): Min: 10.1, Avg: 10.2, Max: 10.3, Diff: 0.2, Sum: 40.9]
      [Termination (ms): Min: 0.0, Avg: 0.0, Max: 0.0, Diff: 0.0, Sum: 0.0]
         [Termination Attempts: Min: 1, Avg: 1.0, Max: 1, Diff: 0, Sum: 4]
      [GC Worker Other (ms): Min: 0.0, Avg: 0.0, Max: 0.1, Diff: 0.0, Sum: 0.2]
      [GC Worker Total (ms): Min: 20.8, Avg: 20.8, Max: 20.9, Diff: 0.1, Sum: 83.3]
      [GC Worker End (ms): Min: 33912355.4, Avg: 33912355.5, Max: 33912355.5, Diff: 0.0]
   [Code Root Fixup: 0.0 ms]
   [Code Root Purge: 0.0 ms]
   [Clear CT: 0.1 ms]
   [Other: 0.5 ms]
      [Choose CSet: 0.0 ms]
      [Ref Proc: 0.1 ms]
      [Ref Enq: 0.0 ms]
      [Redirty Cards: 0.1 ms]
      [Humongous Register: 0.0 ms]
      [Humongous Reclaim: 0.0 ms]
      [Free CSet: 0.1 ms]
   [Eden: 45.0M(45.0M)->0.0B(46.0M) Survivors: 6144.0K->5120.0K Heap: 327.3M(1024.0M)->282.1M(1024.0M)]
 [Times: user=0.08 sys=0.01, real=0.02 secs] 
2019-11-03T18:31:14.713+0800: 33947.773: [GC pause (G1 Evacuation Pause) (young), 0.0188271 secs]
   [Parallel Time: 18.0 ms, GC Workers: 4]
      [GC Worker Start (ms): Min: 33947773.8, Avg: 33947774.7, Max: 33947775.4, Diff: 1.6]
      [Ext Root Scanning (ms): Min: 0.6, Avg: 1.2, Max: 2.1, Diff: 1.5, Sum: 4.8]
      [Update RS (ms): Min: 1.9, Avg: 2.3, Max: 3.0, Diff: 1.0, Sum: 9.1]
         [Processed Buffers: Min: 5, Avg: 9.0, Max: 14, Diff: 9, Sum: 36]
      [Scan RS (ms): Min: 5.0, Avg: 5.7, Max: 6.1, Diff: 1.1, Sum: 22.8]
      [Code Root Scanning (ms): Min: 0.0, Avg: 0.0, Max: 0.0, Diff: 0.0, Sum: 0.0]
      [Object Copy (ms): Min: 7.6, Avg: 7.6, Max: 7.7, Diff: 0.0, Sum: 30.6]
      [Termination (ms): Min: 0.0, Avg: 0.0, Max: 0.0, Diff: 0.0, Sum: 0.0]
         [Termination Attempts: Min: 1, Avg: 2.8, Max: 5, Diff: 4, Sum: 11]
      [GC Worker Other (ms): Min: 0.0, Avg: 0.0, Max: 0.1, Diff: 0.0, Sum: 0.2]
      [GC Worker Total (ms): Min: 16.2, Avg: 16.9, Max: 17.8, Diff: 1.6, Sum: 67.5]
      [GC Worker End (ms): Min: 33947791.6, Avg: 33947791.6, Max: 33947791.6, Diff: 0.0]
   [Code Root Fixup: 0.0 ms]
   [Code Root Purge: 0.0 ms]
   [Clear CT: 0.1 ms]
   [Other: 0.8 ms]
      [Choose CSet: 0.0 ms]
      [Ref Proc: 0.2 ms]
      [Ref Enq: 0.0 ms]
      [Redirty Cards: 0.1 ms]
      [Humongous Register: 0.1 ms]
      [Humongous Reclaim: 0.0 ms]
      [Free CSet: 0.1 ms]
   [Eden: 46.0M(46.0M)->0.0B(46.0M) Survivors: 5120.0K->5120.0K Heap: 328.1M(1024.0M)->282.1M(1024.0M)]
 [Times: user=0.06 sys=0.00, real=0.02 secs] 
2019-11-03T18:31:24.867+0800: 33957.927: [GC pause (G1 Evacuation Pause) (young), 0.0201569 secs]
   [Parallel Time: 19.4 ms, GC Workers: 4]
      [GC Worker Start (ms): Min: 33957927.0, Avg: 33957927.4, Max: 33957927.8, Diff: 0.8]
      [Ext Root Scanning (ms): Min: 0.4, Avg: 0.8, Max: 1.2, Diff: 0.8, Sum: 3.2]
      [Update RS (ms): Min: 2.2, Avg: 2.4, Max: 2.6, Diff: 0.5, Sum: 9.5]
         [Processed Buffers: Min: 0, Avg: 8.5, Max: 20, Diff: 20, Sum: 34]
      [Scan RS (ms): Min: 4.5, Avg: 4.7, Max: 4.9, Diff: 0.5, Sum: 18.9]
      [Code Root Scanning (ms): Min: 0.0, Avg: 0.0, Max: 0.0, Diff: 0.0, Sum: 0.0]
      [Object Copy (ms): Min: 11.0, Avg: 11.1, Max: 11.1, Diff: 0.0, Sum: 44.2]
      [Termination (ms): Min: 0.0, Avg: 0.0, Max: 0.0, Diff: 0.0, Sum: 0.0]
         [Termination Attempts: Min: 1, Avg: 2.5, Max: 4, Diff: 3, Sum: 10]
      [GC Worker Other (ms): Min: 0.0, Avg: 0.0, Max: 0.0, Diff: 0.0, Sum: 0.1]
      [GC Worker Total (ms): Min: 18.6, Avg: 19.0, Max: 19.3, Diff: 0.8, Sum: 75.9]
      [GC Worker End (ms): Min: 33957946.4, Avg: 33957946.4, Max: 33957946.4, Diff: 0.0]
   [Code Root Fixup: 0.0 ms]
   [Code Root Purge: 0.0 ms]
   [Clear CT: 0.0 ms]
   [Other: 0.7 ms]
      [Choose CSet: 0.0 ms]
      [Ref Proc: 0.1 ms]
      [Ref Enq: 0.0 ms]
      [Redirty Cards: 0.1 ms]
      [Humongous Register: 0.0 ms]
      [Humongous Reclaim: 0.0 ms]
      [Free CSet: 0.1 ms]
   [Eden: 46.0M(46.0M)->0.0B(45.0M) Survivors: 5120.0K->6144.0K Heap: 328.1M(1024.0M)->283.6M(1024.0M)]
 [Times: user=0.06 sys=0.00, real=0.02 secs] 
2019-11-03T18:31:34.732+0800: 33967.791: [GC pause (G1 Evacuation Pause) (young), 0.0325609 secs]
   [Parallel Time: 31.2 ms, GC Workers: 4]
      [GC Worker Start (ms): Min: 33967791.4, Avg: 33967796.6, Max: 33967801.4, Diff: 10.0]
      [Ext Root Scanning (ms): Min: 0.0, Avg: 0.9, Max: 3.6, Diff: 3.6, Sum: 3.6]
      [Update RS (ms): Min: 0.0, Avg: 1.5, Max: 2.8, Diff: 2.8, Sum: 6.0]
         [Processed Buffers: Min: 0, Avg: 9.0, Max: 20, Diff: 20, Sum: 36]
      [Scan RS (ms): Min: 3.7, Avg: 6.1, Max: 7.1, Diff: 3.4, Sum: 24.3]
      [Code Root Scanning (ms): Min: 0.0, Avg: 0.0, Max: 0.0, Diff: 0.0, Sum: 0.0]
      [Object Copy (ms): Min: 17.1, Avg: 17.2, Max: 17.4, Diff: 0.2, Sum: 69.0]
      [Termination (ms): Min: 0.0, Avg: 0.1, Max: 0.2, Diff: 0.2, Sum: 0.5]
         [Termination Attempts: Min: 1, Avg: 1.5, Max: 3, Diff: 2, Sum: 6]
      [GC Worker Other (ms): Min: 0.0, Avg: 0.0, Max: 0.0, Diff: 0.0, Sum: 0.1]
      [GC Worker Total (ms): Min: 21.0, Avg: 25.9, Max: 31.0, Diff: 10.0, Sum: 103.5]
      [GC Worker End (ms): Min: 33967822.4, Avg: 33967822.4, Max: 33967822.5, Diff: 0.1]
   [Code Root Fixup: 0.0 ms]
   [Code Root Purge: 0.0 ms]
   [Clear CT: 0.1 ms]
   [Other: 1.3 ms]
      [Choose CSet: 0.0 ms]
      [Ref Proc: 0.6 ms]
      [Ref Enq: 0.0 ms]
      [Redirty Cards: 0.1 ms]
      [Humongous Register: 0.1 ms]
      [Humongous Reclaim: 0.0 ms]
      [Free CSet: 0.1 ms]
   [Eden: 45.0M(45.0M)->0.0B(46.0M) Survivors: 6144.0K->5120.0K Heap: 328.6M(1024.0M)->283.6M(1024.0M)]
 [Times: user=0.06 sys=0.00, real=0.03 secs] 
2019-11-03T18:31:44.944+0800: 33978.003: [GC pause (G1 Evacuation Pause) (young), 0.0204233 secs]
   [Parallel Time: 18.9 ms, GC Workers: 4]
      [GC Worker Start (ms): Min: 33978002.9, Avg: 33978002.9, Max: 33978003.0, Diff: 0.1]
      [Ext Root Scanning (ms): Min: 0.6, Avg: 0.6, Max: 0.7, Diff: 0.1, Sum: 2.5]
      [Update RS (ms): Min: 3.6, Avg: 4.2, Max: 5.3, Diff: 1.8, Sum: 16.6]
         [Processed Buffers: Min: 2, Avg: 7.8, Max: 13, Diff: 11, Sum: 31]
      [Scan RS (ms): Min: 4.6, Avg: 5.3, Max: 6.8, Diff: 2.2, Sum: 21.1]
      [Code Root Scanning (ms): Min: 0.0, Avg: 0.0, Max: 0.0, Diff: 0.0, Sum: 0.0]
      [Object Copy (ms): Min: 5.8, Avg: 8.6, Max: 9.5, Diff: 3.7, Sum: 34.3]
      [Termination (ms): Min: 0.0, Avg: 0.1, Max: 0.2, Diff: 0.2, Sum: 0.4]
         [Termination Attempts: Min: 1, Avg: 1.2, Max: 2, Diff: 1, Sum: 5]
      [GC Worker Other (ms): Min: 0.0, Avg: 0.0, Max: 0.0, Diff: 0.0, Sum: 0.1]
      [GC Worker Total (ms): Min: 18.7, Avg: 18.8, Max: 18.8, Diff: 0.1, Sum: 75.0]
      [GC Worker End (ms): Min: 33978021.7, Avg: 33978021.7, Max: 33978021.7, Diff: 0.1]
   [Code Root Fixup: 0.0 ms]
   [Code Root Purge: 0.0 ms]
   [Clear CT: 0.1 ms]
   [Other: 1.4 ms]
      [Choose CSet: 0.0 ms]
      [Ref Proc: 0.7 ms]
      [Ref Enq: 0.0 ms]
      [Redirty Cards: 0.2 ms]
      [Humongous Register: 0.0 ms]
      [Humongous Reclaim: 0.0 ms]
      [Free CSet: 0.2 ms]
   [Eden: 46.0M(46.0M)->0.0B(46.0M) Survivors: 5120.0K->5120.0K Heap: 329.6M(1024.0M)->283.6M(1024.0M)]
 [Times: user=0.06 sys=0.00, real=0.02 secs] 
2019-11-03T18:31:55.125+0800: 33988.183: [GC pause (G1 Evacuation Pause) (young), 0.0216940 secs]
   [Parallel Time: 20.8 ms, GC Workers: 4]
      [GC Worker Start (ms): Min: 33988183.4, Avg: 33988183.5, Max: 33988183.6, Diff: 0.2]
      [Ext Root Scanning (ms): Min: 0.7, Avg: 0.9, Max: 1.0, Diff: 0.3, Sum: 3.6]
      [Update RS (ms): Min: 2.1, Avg: 2.2, Max: 2.3, Diff: 0.2, Sum: 8.7]
         [Processed Buffers: Min: 4, Avg: 9.0, Max: 12, Diff: 8, Sum: 36]
      [Scan RS (ms): Min: 7.0, Avg: 7.3, Max: 8.0, Diff: 1.0, Sum: 29.1]
      [Code Root Scanning (ms): Min: 0.0, Avg: 0.0, Max: 0.0, Diff: 0.0, Sum: 0.0]
      [Object Copy (ms): Min: 9.6, Avg: 10.3, Max: 10.7, Diff: 1.1, Sum: 41.2]
      [Termination (ms): Min: 0.0, Avg: 0.0, Max: 0.0, Diff: 0.0, Sum: 0.0]
         [Termination Attempts: Min: 1, Avg: 2.2, Max: 4, Diff: 3, Sum: 9]
      [GC Worker Other (ms): Min: 0.0, Avg: 0.0, Max: 0.1, Diff: 0.0, Sum: 0.2]
      [GC Worker Total (ms): Min: 20.6, Avg: 20.7, Max: 20.8, Diff: 0.2, Sum: 82.8]
      [GC Worker End (ms): Min: 33988204.2, Avg: 33988204.2, Max: 33988204.2, Diff: 0.0]
   [Code Root Fixup: 0.0 ms]
   [Code Root Purge: 0.0 ms]
   [Clear CT: 0.1 ms]
   [Other: 0.8 ms]
      [Choose CSet: 0.0 ms]
      [Ref Proc: 0.2 ms]
      [Ref Enq: 0.0 ms]
      [Redirty Cards: 0.1 ms]
      [Humongous Register: 0.0 ms]
      [Humongous Reclaim: 0.0 ms]
      [Free CSet: 0.1 ms]
   [Eden: 46.0M(46.0M)->0.0B(44.0M) Survivors: 5120.0K->7168.0K Heap: 329.6M(1024.0M)->285.1M(1024.0M)]
 [Times: user=0.08 sys=0.01, real=0.02 secs] 
2019-11-03T18:32:04.737+0800: 33997.795: [GC pause (G1 Evacuation Pause) (young), 0.0249596 secs]
   [Parallel Time: 22.2 ms, GC Workers: 4]
      [GC Worker Start (ms): Min: 33997795.2, Avg: 33997796.4, Max: 33997799.7, Diff: 4.5]
      [Ext Root Scanning (ms): Min: 0.0, Avg: 1.2, Max: 1.7, Diff: 1.7, Sum: 4.7]
      [Update RS (ms): Min: 0.0, Avg: 1.3, Max: 1.9, Diff: 1.9, Sum: 5.2]
         [Processed Buffers: Min: 0, Avg: 6.5, Max: 14, Diff: 14, Sum: 26]
      [Scan RS (ms): Min: 3.6, Avg: 4.3, Max: 4.8, Diff: 1.2, Sum: 17.3]
      [Code Root Scanning (ms): Min: 0.0, Avg: 0.0, Max: 0.0, Diff: 0.0, Sum: 0.0]
      [Object Copy (ms): Min: 13.0, Avg: 13.1, Max: 13.1, Diff: 0.1, Sum: 52.3]
      [Termination (ms): Min: 0.0, Avg: 0.7, Max: 1.0, Diff: 1.0, Sum: 2.8]
         [Termination Attempts: Min: 1, Avg: 1.0, Max: 1, Diff: 0, Sum: 4]
      [GC Worker Other (ms): Min: 0.0, Avg: 0.0, Max: 0.0, Diff: 0.0, Sum: 0.1]
      [GC Worker Total (ms): Min: 16.7, Avg: 20.6, Max: 22.0, Diff: 5.3, Sum: 82.4]
      [GC Worker End (ms): Min: 33997816.4, Avg: 33997817.0, Max: 33997817.3, Diff: 0.9]
   [Code Root Fixup: 0.0 ms]
   [Code Root Purge: 0.0 ms]
   [Clear CT: 0.1 ms]
   [Other: 2.7 ms]
      [Choose CSet: 0.0 ms]
      [Ref Proc: 2.1 ms]
      [Ref Enq: 0.0 ms]
      [Redirty Cards: 0.1 ms]
      [Humongous Register: 0.1 ms]
      [Humongous Reclaim: 0.0 ms]
      [Free CSet: 0.1 ms]
   [Eden: 44.0M(44.0M)->0.0B(46.0M) Survivors: 7168.0K->5120.0K Heap: 329.1M(1024.0M)->284.3M(1024.0M)]
 [Times: user=0.06 sys=0.00, real=0.03 secs] 
2019-11-03T18:32:14.312+0800: 34007.369: [GC pause (G1 Evacuation Pause) (young), 0.0208188 secs]
   [Parallel Time: 19.8 ms, GC Workers: 4]
      [GC Worker Start (ms): Min: 34007369.7, Avg: 34007369.7, Max: 34007369.7, Diff: 0.0]
      [Ext Root Scanning (ms): Min: 0.4, Avg: 0.5, Max: 0.5, Diff: 0.1, Sum: 1.8]
      [Update RS (ms): Min: 1.5, Avg: 1.7, Max: 1.9, Diff: 0.3, Sum: 6.9]
         [Processed Buffers: Min: 3, Avg: 9.0, Max: 18, Diff: 15, Sum: 36]
      [Scan RS (ms): Min: 5.5, Avg: 5.6, Max: 5.9, Diff: 0.4, Sum: 22.6]
      [Code Root Scanning (ms): Min: 0.0, Avg: 0.0, Max: 0.0, Diff: 0.0, Sum: 0.0]
      [Object Copy (ms): Min: 11.8, Avg: 11.8, Max: 11.9, Diff: 0.1, Sum: 47.3]
      [Termination (ms): Min: 0.0, Avg: 0.0, Max: 0.0, Diff: 0.0, Sum: 0.0]
         [Termination Attempts: Min: 1, Avg: 1.5, Max: 3, Diff: 2, Sum: 6]
      [GC Worker Other (ms): Min: 0.0, Avg: 0.1, Max: 0.1, Diff: 0.1, Sum: 0.2]
      [GC Worker Total (ms): Min: 19.7, Avg: 19.7, Max: 19.8, Diff: 0.1, Sum: 79.0]
      [GC Worker End (ms): Min: 34007389.4, Avg: 34007389.4, Max: 34007389.4, Diff: 0.1]
   [Code Root Fixup: 0.0 ms]
   [Code Root Purge: 0.0 ms]
   [Clear CT: 0.1 ms]
   [Other: 0.9 ms]
      [Choose CSet: 0.0 ms]
      [Ref Proc: 0.2 ms]
      [Ref Enq: 0.0 ms]
      [Redirty Cards: 0.1 ms]
      [Humongous Register: 0.1 ms]
      [Humongous Reclaim: 0.0 ms]
      [Free CSet: 0.2 ms]
   [Eden: 46.0M(46.0M)->0.0B(44.0M) Survivors: 5120.0K->7168.0K Heap: 330.3M(1024.0M)->286.3M(1024.0M)]
 [Times: user=0.07 sys=0.00, real=0.02 secs] 
2019-11-03T18:32:23.963+0800: 34017.020: [GC pause (G1 Evacuation Pause) (young), 0.0227965 secs]
   [Parallel Time: 22.0 ms, GC Workers: 4]
      [GC Worker Start (ms): Min: 34017020.1, Avg: 34017020.3, Max: 34017020.7, Diff: 0.6]
      [Ext Root Scanning (ms): Min: 0.4, Avg: 0.9, Max: 1.1, Diff: 0.7, Sum: 3.5]
      [Update RS (ms): Min: 2.2, Avg: 2.3, Max: 2.5, Diff: 0.3, Sum: 9.3]
         [Processed Buffers: Min: 1, Avg: 6.5, Max: 15, Diff: 14, Sum: 26]
      [Scan RS (ms): Min: 5.8, Avg: 5.9, Max: 6.0, Diff: 0.2, Sum: 23.6]
      [Code Root Scanning (ms): Min: 0.0, Avg: 0.0, Max: 0.0, Diff: 0.0, Sum: 0.0]
      [Object Copy (ms): Min: 12.6, Avg: 12.6, Max: 12.7, Diff: 0.1, Sum: 50.6]
      [Termination (ms): Min: 0.0, Avg: 0.0, Max: 0.0, Diff: 0.0, Sum: 0.0]
         [Termination Attempts: Min: 1, Avg: 1.0, Max: 1, Diff: 0, Sum: 4]
      [GC Worker Other (ms): Min: 0.0, Avg: 0.0, Max: 0.0, Diff: 0.0, Sum: 0.1]
      [GC Worker Total (ms): Min: 21.3, Avg: 21.8, Max: 21.9, Diff: 0.6, Sum: 87.0]
      [GC Worker End (ms): Min: 34017042.0, Avg: 34017042.1, Max: 34017042.1, Diff: 0.0]
   [Code Root Fixup: 0.0 ms]
   [Code Root Purge: 0.0 ms]
   [Clear CT: 0.1 ms]
   [Other: 0.7 ms]
      [Choose CSet: 0.0 ms]
      [Ref Proc: 0.3 ms]
      [Ref Enq: 0.0 ms]
      [Redirty Cards: 0.1 ms]
      [Humongous Register: 0.0 ms]
      [Humongous Reclaim: 0.0 ms]
      [Free CSet: 0.1 ms]
   [Eden: 44.0M(44.0M)->0.0B(45.0M) Survivors: 7168.0K->6144.0K Heap: 330.3M(1024.0M)->287.0M(1024.0M)]
 [Times: user=0.09 sys=0.01, real=0.02 secs] 
2019-11-03T18:32:33.908+0800: 34026.965: [GC pause (G1 Evacuation Pause) (young), 0.0174871 secs]
   [Parallel Time: 16.4 ms, GC Workers: 4]
      [GC Worker Start (ms): Min: 34026964.8, Avg: 34026964.8, Max: 34026964.9, Diff: 0.0]
      [Ext Root Scanning (ms): Min: 0.6, Avg: 1.7, Max: 4.7, Diff: 4.1, Sum: 6.6]
      [Update RS (ms): Min: 0.0, Avg: 1.1, Max: 1.6, Diff: 1.6, Sum: 4.6]
         [Processed Buffers: Min: 0, Avg: 8.0, Max: 16, Diff: 16, Sum: 32]
      [Scan RS (ms): Min: 1.7, Avg: 3.6, Max: 4.3, Diff: 2.6, Sum: 14.2]
      [Code Root Scanning (ms): Min: 0.0, Avg: 0.0, Max: 0.0, Diff: 0.0, Sum: 0.0]
      [Object Copy (ms): Min: 9.3, Avg: 9.4, Max: 9.4, Diff: 0.1, Sum: 37.5]
      [Termination (ms): Min: 0.0, Avg: 0.3, Max: 0.6, Diff: 0.6, Sum: 1.3]
         [Termination Attempts: Min: 1, Avg: 1.0, Max: 1, Diff: 0, Sum: 4]
      [GC Worker Other (ms): Min: 0.0, Avg: 0.0, Max: 0.0, Diff: 0.0, Sum: 0.1]
      [GC Worker Total (ms): Min: 15.9, Avg: 16.1, Max: 16.3, Diff: 0.5, Sum: 64.3]
      [GC Worker End (ms): Min: 34026980.7, Avg: 34026980.9, Max: 34026981.2, Diff: 0.5]
   [Code Root Fixup: 0.0 ms]
   [Code Root Purge: 0.0 ms]
   [Clear CT: 0.1 ms]
   [Other: 0.9 ms]
      [Choose CSet: 0.0 ms]
      [Ref Proc: 0.4 ms]
      [Ref Enq: 0.0 ms]
      [Redirty Cards: 0.1 ms]
      [Humongous Register: 0.0 ms]
      [Humongous Reclaim: 0.0 ms]
      [Free CSet: 0.1 ms]
   [Eden: 45.0M(45.0M)->0.0B(47.0M) Survivors: 6144.0K->4096.0K Heap: 332.0M(1024.0M)->286.9M(1024.0M)]
 [Times: user=0.05 sys=0.00, real=0.02 secs] 
2019-11-03T18:32:44.342+0800: 34037.399: [GC pause (G1 Evacuation Pause) (young), 0.0162496 secs]
   [Parallel Time: 15.6 ms, GC Workers: 4]
      [GC Worker Start (ms): Min: 34037398.7, Avg: 34037398.8, Max: 34037399.1, Diff: 0.4]
      [Ext Root Scanning (ms): Min: 0.9, Avg: 1.1, Max: 1.2, Diff: 0.3, Sum: 4.5]
      [Update RS (ms): Min: 1.2, Avg: 2.5, Max: 3.2, Diff: 2.0, Sum: 10.1]
         [Processed Buffers: Min: 1, Avg: 7.2, Max: 14, Diff: 13, Sum: 29]
      [Scan RS (ms): Min: 5.0, Avg: 5.2, Max: 5.4, Diff: 0.4, Sum: 20.7]
      [Code Root Scanning (ms): Min: 0.0, Avg: 0.0, Max: 0.0, Diff: 0.0, Sum: 0.0]
      [Object Copy (ms): Min: 6.0, Avg: 6.5, Max: 7.9, Diff: 1.9, Sum: 26.1]
      [Termination (ms): Min: 0.0, Avg: 0.0, Max: 0.0, Diff: 0.0, Sum: 0.0]
         [Termination Attempts: Min: 1, Avg: 1.0, Max: 1, Diff: 0, Sum: 4]
      [GC Worker Other (ms): Min: 0.0, Avg: 0.1, Max: 0.1, Diff: 0.0, Sum: 0.2]
      [GC Worker Total (ms): Min: 15.1, Avg: 15.4, Max: 15.5, Diff: 0.4, Sum: 61.6]
      [GC Worker End (ms): Min: 34037414.2, Avg: 34037414.2, Max: 34037414.2, Diff: 0.0]
   [Code Root Fixup: 0.0 ms]
   [Code Root Purge: 0.0 ms]
   [Clear CT: 0.1 ms]
   [Other: 0.6 ms]
      [Choose CSet: 0.0 ms]
      [Ref Proc: 0.1 ms]
      [Ref Enq: 0.0 ms]
      [Redirty Cards: 0.1 ms]
      [Humongous Register: 0.0 ms]
      [Humongous Reclaim: 0.0 ms]
      [Free CSet: 0.1 ms]
   [Eden: 47.0M(47.0M)->0.0B(46.0M) Survivors: 4096.0K->5120.0K Heap: 333.9M(1024.0M)->287.4M(1024.0M)]
 [Times: user=0.06 sys=0.00, real=0.01 secs] 
2019-11-03T18:32:54.686+0800: 34047.742: [GC pause (G1 Evacuation Pause) (young), 0.0175510 secs]
   [Parallel Time: 16.8 ms, GC Workers: 4]
      [GC Worker Start (ms): Min: 34047742.1, Avg: 34047742.2, Max: 34047742.6, Diff: 0.6]
      [Ext Root Scanning (ms): Min: 0.4, Avg: 0.8, Max: 1.0, Diff: 0.6, Sum: 3.3]
      [Update RS (ms): Min: 2.0, Avg: 2.1, Max: 2.2, Diff: 0.2, Sum: 8.2]
         [Processed Buffers: Min: 1, Avg: 6.0, Max: 10, Diff: 9, Sum: 24]
      [Scan RS (ms): Min: 5.6, Avg: 5.7, Max: 5.8, Diff: 0.2, Sum: 22.8]
      [Code Root Scanning (ms): Min: 0.0, Avg: 0.0, Max: 0.0, Diff: 0.0, Sum: 0.0]
      [Object Copy (ms): Min: 7.9, Avg: 7.9, Max: 8.0, Diff: 0.1, Sum: 31.7]
      [Termination (ms): Min: 0.0, Avg: 0.0, Max: 0.0, Diff: 0.0, Sum: 0.0]
         [Termination Attempts: Min: 1, Avg: 1.0, Max: 1, Diff: 0, Sum: 4]
      [GC Worker Other (ms): Min: 0.0, Avg: 0.0, Max: 0.1, Diff: 0.0, Sum: 0.2]
      [GC Worker Total (ms): Min: 16.1, Avg: 16.5, Max: 16.7, Diff: 0.6, Sum: 66.1]
      [GC Worker End (ms): Min: 34047758.7, Avg: 34047758.8, Max: 34047758.8, Diff: 0.0]
   [Code Root Fixup: 0.0 ms]
   [Code Root Purge: 0.0 ms]
   [Clear CT: 0.1 ms]
   [Other: 0.7 ms]
      [Choose CSet: 0.0 ms]
      [Ref Proc: 0.2 ms]
      [Ref Enq: 0.0 ms]
      [Redirty Cards: 0.1 ms]
      [Humongous Register: 0.0 ms]
      [Humongous Reclaim: 0.0 ms]
      [Free CSet: 0.1 ms]
   [Eden: 46.0M(46.0M)->0.0B(46.0M) Survivors: 5120.0K->5120.0K Heap: 333.4M(1024.0M)->287.8M(1024.0M)]
 [Times: user=0.06 sys=0.00, real=0.02 secs] 
2019-11-03T18:33:04.866+0800: 34057.922: [GC pause (G1 Evacuation Pause) (young), 0.0159773 secs]
   [Parallel Time: 15.2 ms, GC Workers: 4]
      [GC Worker Start (ms): Min: 34057921.8, Avg: 34057921.9, Max: 34057922.1, Diff: 0.3]
      [Ext Root Scanning (ms): Min: 0.9, Avg: 1.0, Max: 1.2, Diff: 0.3, Sum: 4.2]
      [Update RS (ms): Min: 1.6, Avg: 1.7, Max: 2.0, Diff: 0.3, Sum: 7.0]
         [Processed Buffers: Min: 6, Avg: 8.8, Max: 14, Diff: 8, Sum: 35]
      [Scan RS (ms): Min: 5.1, Avg: 5.2, Max: 5.3, Diff: 0.2, Sum: 20.7]
      [Code Root Scanning (ms): Min: 0.0, Avg: 0.0, Max: 0.0, Diff: 0.0, Sum: 0.0]
      [Object Copy (ms): Min: 7.0, Avg: 7.1, Max: 7.2, Diff: 0.1, Sum: 28.4]
      [Termination (ms): Min: 0.0, Avg: 0.0, Max: 0.0, Diff: 0.0, Sum: 0.0]
         [Termination Attempts: Min: 1, Avg: 1.0, Max: 1, Diff: 0, Sum: 4]
      [GC Worker Other (ms): Min: 0.0, Avg: 0.0, Max: 0.0, Diff: 0.0, Sum: 0.1]
      [GC Worker Total (ms): Min: 14.9, Avg: 15.1, Max: 15.2, Diff: 0.3, Sum: 60.4]
      [GC Worker End (ms): Min: 34057937.0, Avg: 34057937.0, Max: 34057937.0, Diff: 0.0]
   [Code Root Fixup: 0.0 ms]
   [Code Root Purge: 0.0 ms]
   [Clear CT: 0.1 ms]
   [Other: 0.6 ms]
      [Choose CSet: 0.0 ms]
      [Ref Proc: 0.1 ms]
      [Ref Enq: 0.0 ms]
      [Redirty Cards: 0.1 ms]
      [Humongous Register: 0.0 ms]
      [Humongous Reclaim: 0.0 ms]
      [Free CSet: 0.1 ms]
   [Eden: 46.0M(46.0M)->0.0B(160.0M) Survivors: 5120.0K->5120.0K Heap: 333.8M(1024.0M)->287.7M(1024.0M)]
 [Times: user=0.06 sys=0.00, real=0.02 secs] 
2019-11-03T18:33:40.413+0800: 34093.467: [GC pause (G1 Evacuation Pause) (young), 0.0210487 secs]
   [Parallel Time: 20.3 ms, GC Workers: 4]
      [GC Worker Start (ms): Min: 34093467.4, Avg: 34093473.7, Max: 34093478.8, Diff: 11.4]
      [Ext Root Scanning (ms): Min: 0.0, Avg: 0.7, Max: 2.8, Diff: 2.8, Sum: 2.8]
      [Update RS (ms): Min: 0.0, Avg: 2.0, Max: 5.4, Diff: 5.4, Sum: 8.0]
         [Processed Buffers: Min: 0, Avg: 7.8, Max: 22, Diff: 22, Sum: 31]
      [Scan RS (ms): Min: 1.6, Avg: 4.0, Max: 5.0, Diff: 3.4, Sum: 15.8]
      [Code Root Scanning (ms): Min: 0.0, Avg: 0.0, Max: 0.0, Diff: 0.0, Sum: 0.0]
      [Object Copy (ms): Min: 7.1, Avg: 7.1, Max: 7.3, Diff: 0.2, Sum: 28.6]
      [Termination (ms): Min: 0.0, Avg: 0.0, Max: 0.0, Diff: 0.0, Sum: 0.0]
         [Termination Attempts: Min: 1, Avg: 1.0, Max: 1, Diff: 0, Sum: 4]
      [GC Worker Other (ms): Min: 0.0, Avg: 0.1, Max: 0.1, Diff: 0.0, Sum: 0.2]
      [GC Worker Total (ms): Min: 8.7, Avg: 13.9, Max: 20.1, Diff: 11.4, Sum: 55.5]
      [GC Worker End (ms): Min: 34093487.5, Avg: 34093487.5, Max: 34093487.5, Diff: 0.0]
   [Code Root Fixup: 0.0 ms]
   [Code Root Purge: 0.0 ms]
   [Clear CT: 0.1 ms]
   [Other: 0.7 ms]
      [Choose CSet: 0.0 ms]
      [Ref Proc: 0.1 ms]
      [Ref Enq: 0.0 ms]
      [Redirty Cards: 0.0 ms]
      [Humongous Register: 0.1 ms]
      [Humongous Reclaim: 0.0 ms]
      [Free CSet: 0.1 ms]
   [Eden: 160.0M(160.0M)->0.0B(46.0M) Survivors: 5120.0K->5120.0K Heap: 447.7M(1024.0M)->287.7M(1024.0M)]
 [Times: user=0.05 sys=0.00, real=0.02 secs] 
2019-11-03T18:33:50.690+0800: 34103.745: [GC pause (G1 Evacuation Pause) (young), 0.0166753 secs]
   [Parallel Time: 15.9 ms, GC Workers: 4]
      [GC Worker Start (ms): Min: 34103744.7, Avg: 34103744.8, Max: 34103744.8, Diff: 0.1]
      [Ext Root Scanning (ms): Min: 0.8, Avg: 0.8, Max: 0.9, Diff: 0.1, Sum: 3.1]
      [Update RS (ms): Min: 1.6, Avg: 2.0, Max: 2.4, Diff: 0.7, Sum: 8.0]
         [Processed Buffers: Min: 6, Avg: 6.8, Max: 8, Diff: 2, Sum: 27]
      [Scan RS (ms): Min: 5.6, Avg: 5.9, Max: 6.3, Diff: 0.7, Sum: 23.7]
      [Code Root Scanning (ms): Min: 0.0, Avg: 0.0, Max: 0.0, Diff: 0.0, Sum: 0.0]
      [Object Copy (ms): Min: 7.0, Avg: 7.1, Max: 7.2, Diff: 0.2, Sum: 28.3]
      [Termination (ms): Min: 0.0, Avg: 0.0, Max: 0.0, Diff: 0.0, Sum: 0.0]
         [Termination Attempts: Min: 1, Avg: 1.0, Max: 1, Diff: 0, Sum: 4]
      [GC Worker Other (ms): Min: 0.0, Avg: 0.0, Max: 0.0, Diff: 0.0, Sum: 0.1]
      [GC Worker Total (ms): Min: 15.8, Avg: 15.8, Max: 15.9, Diff: 0.1, Sum: 63.3]
      [GC Worker End (ms): Min: 34103760.6, Avg: 34103760.6, Max: 34103760.6, Diff: 0.0]
   [Code Root Fixup: 0.0 ms]
   [Code Root Purge: 0.0 ms]
   [Clear CT: 0.1 ms]
   [Other: 0.6 ms]
      [Choose CSet: 0.0 ms]
      [Ref Proc: 0.2 ms]
      [Ref Enq: 0.0 ms]
      [Redirty Cards: 0.1 ms]
      [Humongous Register: 0.0 ms]
      [Humongous Reclaim: 0.0 ms]
      [Free CSet: 0.1 ms]
   [Eden: 46.0M(46.0M)->0.0B(153.0M) Survivors: 5120.0K->5120.0K Heap: 333.7M(1024.0M)->287.7M(1024.0M)]
 [Times: user=0.06 sys=0.00, real=0.01 secs] 
2019-11-03T18:34:24.706+0800: 34137.759: [GC pause (G1 Evacuation Pause) (young), 0.0160366 secs]
   [Parallel Time: 15.2 ms, GC Workers: 4]
      [GC Worker Start (ms): Min: 34137759.1, Avg: 34137759.5, Max: 34137760.4, Diff: 1.2]
      [Ext Root Scanning (ms): Min: 0.0, Avg: 0.8, Max: 1.1, Diff: 1.1, Sum: 3.2]
      [Update RS (ms): Min: 0.0, Avg: 1.8, Max: 2.7, Diff: 2.7, Sum: 7.3]
         [Processed Buffers: Min: 0, Avg: 8.8, Max: 18, Diff: 18, Sum: 35]
      [Scan RS (ms): Min: 4.5, Avg: 4.7, Max: 5.0, Diff: 0.5, Sum: 18.9]
      [Code Root Scanning (ms): Min: 0.0, Avg: 0.0, Max: 0.0, Diff: 0.0, Sum: 0.0]
      [Object Copy (ms): Min: 6.7, Avg: 7.4, Max: 9.4, Diff: 2.6, Sum: 29.7]
      [Termination (ms): Min: 0.0, Avg: 0.0, Max: 0.0, Diff: 0.0, Sum: 0.0]
         [Termination Attempts: Min: 1, Avg: 1.0, Max: 1, Diff: 0, Sum: 4]
      [GC Worker Other (ms): Min: 0.0, Avg: 0.0, Max: 0.1, Diff: 0.0, Sum: 0.2]
      [GC Worker Total (ms): Min: 13.9, Avg: 14.8, Max: 15.2, Diff: 1.2, Sum: 59.3]
      [GC Worker End (ms): Min: 34137774.3, Avg: 34137774.3, Max: 34137774.3, Diff: 0.0]
   [Code Root Fixup: 0.0 ms]
   [Code Root Purge: 0.0 ms]
   [Clear CT: 0.1 ms]
   [Other: 0.7 ms]
      [Choose CSet: 0.0 ms]
      [Ref Proc: 0.2 ms]
      [Ref Enq: 0.0 ms]
      [Redirty Cards: 0.1 ms]
      [Humongous Register: 0.0 ms]
      [Humongous Reclaim: 0.0 ms]
      [Free CSet: 0.1 ms]
   [Eden: 153.0M(153.0M)->0.0B(270.0M) Survivors: 5120.0K->5120.0K Heap: 440.7M(1024.0M)->287.7M(1024.0M)]
 [Times: user=0.05 sys=0.00, real=0.02 secs] 
2019-11-03T18:35:24.838+0800: 34197.888: [GC pause (G1 Evacuation Pause) (young), 0.0249129 secs]
   [Parallel Time: 23.9 ms, GC Workers: 4]
      [GC Worker Start (ms): Min: 34197888.7, Avg: 34197888.8, Max: 34197889.1, Diff: 0.4]
      [Ext Root Scanning (ms): Min: 0.6, Avg: 0.9, Max: 1.0, Diff: 0.5, Sum: 3.6]
      [Update RS (ms): Min: 1.5, Avg: 2.1, Max: 2.4, Diff: 1.0, Sum: 8.2]
         [Processed Buffers: Min: 1, Avg: 8.8, Max: 16, Diff: 15, Sum: 35]
      [Scan RS (ms): Min: 5.4, Avg: 5.5, Max: 5.8, Diff: 0.4, Sum: 22.1]
      [Code Root Scanning (ms): Min: 0.0, Avg: 0.0, Max: 0.0, Diff: 0.0, Sum: 0.0]
      [Object Copy (ms): Min: 15.0, Avg: 15.1, Max: 15.5, Diff: 0.5, Sum: 60.6]
      [Termination (ms): Min: 0.0, Avg: 0.0, Max: 0.0, Diff: 0.0, Sum: 0.0]
         [Termination Attempts: Min: 1, Avg: 1.5, Max: 2, Diff: 1, Sum: 6]
      [GC Worker Other (ms): Min: 0.0, Avg: 0.0, Max: 0.1, Diff: 0.1, Sum: 0.2]
      [GC Worker Total (ms): Min: 23.4, Avg: 23.7, Max: 23.8, Diff: 0.4, Sum: 94.7]
      [GC Worker End (ms): Min: 34197912.5, Avg: 34197912.5, Max: 34197912.5, Diff: 0.0]
   [Code Root Fixup: 0.0 ms]
   [Code Root Purge: 0.0 ms]
   [Clear CT: 0.2 ms]
   [Other: 0.9 ms]
      [Choose CSet: 0.0 ms]
      [Ref Proc: 0.2 ms]
      [Ref Enq: 0.0 ms]
      [Redirty Cards: 0.0 ms]
      [Humongous Register: 0.1 ms]
      [Humongous Reclaim: 0.0 ms]
      [Free CSet: 0.3 ms]
   [Eden: 270.0M(270.0M)->0.0B(46.0M) Survivors: 5120.0K->5120.0K Heap: 557.7M(1024.0M)->287.7M(1024.0M)]
 [Times: user=0.06 sys=0.01, real=0.03 secs] 
2019-11-03T18:35:35.170+0800: 34208.221: [GC pause (G1 Evacuation Pause) (young), 0.0170017 secs]
   [Parallel Time: 16.1 ms, GC Workers: 4]
      [GC Worker Start (ms): Min: 34208220.7, Avg: 34208222.6, Max: 34208228.1, Diff: 7.4]
      [Ext Root Scanning (ms): Min: 0.0, Avg: 0.8, Max: 1.1, Diff: 1.1, Sum: 3.2]
      [Update RS (ms): Min: 0.0, Avg: 2.2, Max: 3.2, Diff: 3.2, Sum: 8.8]
         [Processed Buffers: Min: 0, Avg: 8.0, Max: 14, Diff: 14, Sum: 32]
      [Scan RS (ms): Min: 2.1, Avg: 4.5, Max: 5.7, Diff: 3.5, Sum: 18.2]
      [Code Root Scanning (ms): Min: 0.0, Avg: 0.0, Max: 0.0, Diff: 0.0, Sum: 0.0]
      [Object Copy (ms): Min: 6.5, Avg: 6.6, Max: 6.7, Diff: 0.2, Sum: 26.5]
      [Termination (ms): Min: 0.0, Avg: 0.0, Max: 0.0, Diff: 0.0, Sum: 0.0]
         [Termination Attempts: Min: 1, Avg: 1.0, Max: 1, Diff: 0, Sum: 4]
      [GC Worker Other (ms): Min: 0.0, Avg: 0.0, Max: 0.0, Diff: 0.0, Sum: 0.1]
      [GC Worker Total (ms): Min: 8.7, Avg: 14.2, Max: 16.0, Diff: 7.3, Sum: 56.8]
      [GC Worker End (ms): Min: 34208236.8, Avg: 34208236.8, Max: 34208236.8, Diff: 0.0]
   [Code Root Fixup: 0.0 ms]
   [Code Root Purge: 0.0 ms]
   [Clear CT: 0.1 ms]
   [Other: 0.8 ms]
      [Choose CSet: 0.0 ms]
      [Ref Proc: 0.3 ms]
      [Ref Enq: 0.0 ms]
      [Redirty Cards: 0.1 ms]
      [Humongous Register: 0.0 ms]
      [Humongous Reclaim: 0.0 ms]
      [Free CSet: 0.1 ms]
   [Eden: 46.0M(46.0M)->0.0B(76.0M) Survivors: 5120.0K->5120.0K Heap: 333.7M(1024.0M)->287.7M(1024.0M)]
 [Times: user=0.06 sys=0.00, real=0.01 secs] 
2019-11-03T18:35:52.087+0800: 34225.136: [GC pause (G1 Evacuation Pause) (young), 0.0177938 secs]
   [Parallel Time: 16.5 ms, GC Workers: 4]
      [GC Worker Start (ms): Min: 34225136.7, Avg: 34225136.9, Max: 34225137.3, Diff: 0.6]
      [Ext Root Scanning (ms): Min: 0.8, Avg: 1.2, Max: 1.5, Diff: 0.6, Sum: 4.9]
      [Update RS (ms): Min: 1.6, Avg: 1.8, Max: 2.3, Diff: 0.6, Sum: 7.3]
         [Processed Buffers: Min: 4, Avg: 8.0, Max: 12, Diff: 8, Sum: 32]
      [Scan RS (ms): Min: 5.0, Avg: 5.4, Max: 5.6, Diff: 0.6, Sum: 21.5]
      [Code Root Scanning (ms): Min: 0.0, Avg: 0.0, Max: 0.0, Diff: 0.0, Sum: 0.0]
      [Object Copy (ms): Min: 7.6, Avg: 7.7, Max: 7.8, Diff: 0.2, Sum: 30.8]
      [Termination (ms): Min: 0.0, Avg: 0.0, Max: 0.0, Diff: 0.0, Sum: 0.0]
         [Termination Attempts: Min: 1, Avg: 1.0, Max: 1, Diff: 0, Sum: 4]
      [GC Worker Other (ms): Min: 0.0, Avg: 0.0, Max: 0.0, Diff: 0.0, Sum: 0.1]
      [GC Worker Total (ms): Min: 15.8, Avg: 16.1, Max: 16.4, Diff: 0.6, Sum: 64.6]
      [GC Worker End (ms): Min: 34225153.1, Avg: 34225153.1, Max: 34225153.1, Diff: 0.0]
   [Code Root Fixup: 0.0 ms]
   [Code Root Purge: 0.0 ms]
   [Clear CT: 0.1 ms]
   [Other: 1.2 ms]
      [Choose CSet: 0.0 ms]
      [Ref Proc: 0.4 ms]
      [Ref Enq: 0.0 ms]
      [Redirty Cards: 0.2 ms]
      [Humongous Register: 0.2 ms]
      [Humongous Reclaim: 0.0 ms]
      [Free CSet: 0.1 ms]
   [Eden: 76.0M(76.0M)->0.0B(141.0M) Survivors: 5120.0K->5120.0K Heap: 363.7M(1024.0M)->288.2M(1024.0M)]
 [Times: user=0.06 sys=0.00, real=0.02 secs] 
2019-11-03T18:36:23.409+0800: 34256.457: [GC pause (G1 Evacuation Pause) (young), 0.0169883 secs]
   [Parallel Time: 16.2 ms, GC Workers: 4]
      [GC Worker Start (ms): Min: 34256457.3, Avg: 34256457.4, Max: 34256457.4, Diff: 0.1]
      [Ext Root Scanning (ms): Min: 0.8, Avg: 0.9, Max: 0.9, Diff: 0.1, Sum: 3.4]
      [Update RS (ms): Min: 3.6, Avg: 3.8, Max: 4.2, Diff: 0.7, Sum: 15.3]
         [Processed Buffers: Min: 0, Avg: 8.8, Max: 20, Diff: 20, Sum: 35]
      [Scan RS (ms): Min: 3.9, Avg: 4.7, Max: 6.3, Diff: 2.4, Sum: 18.7]
      [Code Root Scanning (ms): Min: 0.0, Avg: 0.0, Max: 0.0, Diff: 0.0, Sum: 0.0]
      [Object Copy (ms): Min: 5.3, Avg: 6.6, Max: 7.1, Diff: 1.8, Sum: 26.5]
      [Termination (ms): Min: 0.0, Avg: 0.1, Max: 0.1, Diff: 0.1, Sum: 0.4]
         [Termination Attempts: Min: 1, Avg: 1.0, Max: 1, Diff: 0, Sum: 4]
      [GC Worker Other (ms): Min: 0.0, Avg: 0.0, Max: 0.0, Diff: 0.0, Sum: 0.1]
      [GC Worker Total (ms): Min: 16.1, Avg: 16.1, Max: 16.2, Diff: 0.1, Sum: 64.5]
      [GC Worker End (ms): Min: 34256473.5, Avg: 34256473.5, Max: 34256473.5, Diff: 0.0]
   [Code Root Fixup: 0.0 ms]
   [Code Root Purge: 0.0 ms]
   [Clear CT: 0.1 ms]
   [Other: 0.7 ms]
      [Choose CSet: 0.0 ms]
      [Ref Proc: 0.2 ms]
      [Ref Enq: 0.0 ms]
      [Redirty Cards: 0.1 ms]
      [Humongous Register: 0.0 ms]
      [Humongous Reclaim: 0.0 ms]
      [Free CSet: 0.1 ms]
   [Eden: 141.0M(141.0M)->0.0B(241.0M) Survivors: 5120.0K->5120.0K Heap: 429.2M(1024.0M)->287.7M(1024.0M)]
 [Times: user=0.06 sys=0.00, real=0.02 secs] 
2019-11-03T18:36:33.276+0800: 34266.323: [GC pause (G1 Evacuation Pause) (young), 0.0170183 secs]
   [Parallel Time: 16.2 ms, GC Workers: 4]
      [GC Worker Start (ms): Min: 34266323.7, Avg: 34266323.7, Max: 34266323.8, Diff: 0.1]
      [Ext Root Scanning (ms): Min: 0.7, Avg: 0.8, Max: 0.8, Diff: 0.2, Sum: 3.0]
      [Update RS (ms): Min: 1.5, Avg: 1.6, Max: 2.0, Diff: 0.6, Sum: 6.5]
         [Processed Buffers: Min: 5, Avg: 8.0, Max: 12, Diff: 7, Sum: 32]
      [Scan RS (ms): Min: 6.3, Avg: 6.8, Max: 7.9, Diff: 1.6, Sum: 27.1]
      [Code Root Scanning (ms): Min: 0.0, Avg: 0.0, Max: 0.0, Diff: 0.0, Sum: 0.0]
      [Object Copy (ms): Min: 5.8, Avg: 6.8, Max: 7.3, Diff: 1.5, Sum: 27.3]
      [Termination (ms): Min: 0.0, Avg: 0.0, Max: 0.0, Diff: 0.0, Sum: 0.0]
         [Termination Attempts: Min: 1, Avg: 1.0, Max: 1, Diff: 0, Sum: 4]
      [GC Worker Other (ms): Min: 0.0, Avg: 0.1, Max: 0.1, Diff: 0.1, Sum: 0.2]
      [GC Worker Total (ms): Min: 15.9, Avg: 16.0, Max: 16.0, Diff: 0.1, Sum: 64.0]
      [GC Worker End (ms): Min: 34266339.7, Avg: 34266339.7, Max: 34266339.7, Diff: 0.0]
   [Code Root Fixup: 0.0 ms]
   [Code Root Purge: 0.0 ms]
   [Clear CT: 0.1 ms]
   [Other: 0.8 ms]
      [Choose CSet: 0.0 ms]
      [Ref Proc: 0.3 ms]
      [Ref Enq: 0.0 ms]
      [Redirty Cards: 0.1 ms]
      [Humongous Register: 0.0 ms]
      [Humongous Reclaim: 0.0 ms]
      [Free CSet: 0.1 ms]
   [Eden: 46.0M(46.0M)->0.0B(257.0M) Survivors: 5120.0K->4096.0K Heap: 333.7M(1024.0M)->287.2M(1024.0M)]
 [Times: user=0.05 sys=0.00, real=0.02 secs] 
2019-11-03T18:37:30.521+0800: 34323.566: [GC pause (G1 Evacuation Pause) (young), 0.0133007 secs]
   [Parallel Time: 12.6 ms, GC Workers: 4]
      [GC Worker Start (ms): Min: 34323566.6, Avg: 34323566.8, Max: 34323567.1, Diff: 0.5]
      [Ext Root Scanning (ms): Min: 0.6, Avg: 0.9, Max: 1.2, Diff: 0.6, Sum: 3.7]
      [Update RS (ms): Min: 1.2, Avg: 1.7, Max: 1.9, Diff: 0.7, Sum: 6.6]
         [Processed Buffers: Min: 1, Avg: 10.2, Max: 18, Diff: 17, Sum: 41]
      [Scan RS (ms): Min: 4.0, Avg: 4.2, Max: 4.3, Diff: 0.3, Sum: 16.7]
      [Code Root Scanning (ms): Min: 0.0, Avg: 0.0, Max: 0.0, Diff: 0.0, Sum: 0.0]
      [Object Copy (ms): Min: 5.2, Avg: 5.5, Max: 5.9, Diff: 0.6, Sum: 22.0]
      [Termination (ms): Min: 0.0, Avg: 0.0, Max: 0.0, Diff: 0.0, Sum: 0.0]
         [Termination Attempts: Min: 1, Avg: 1.0, Max: 1, Diff: 0, Sum: 4]
      [GC Worker Other (ms): Min: 0.0, Avg: 0.0, Max: 0.0, Diff: 0.0, Sum: 0.2]
      [GC Worker Total (ms): Min: 11.9, Avg: 12.3, Max: 12.5, Diff: 0.6, Sum: 49.2]
      [GC Worker End (ms): Min: 34323579.1, Avg: 34323579.1, Max: 34323579.1, Diff: 0.0]
   [Code Root Fixup: 0.0 ms]
   [Code Root Purge: 0.0 ms]
   [Clear CT: 0.1 ms]
   [Other: 0.6 ms]
      [Choose CSet: 0.0 ms]
      [Ref Proc: 0.1 ms]
      [Ref Enq: 0.0 ms]
      [Redirty Cards: 0.1 ms]
      [Humongous Register: 0.1 ms]
      [Humongous Reclaim: 0.0 ms]
      [Free CSet: 0.1 ms]
   [Eden: 257.0M(257.0M)->0.0B(475.0M) Survivors: 4096.0K->5120.0K Heap: 544.2M(1024.0M)->287.7M(1024.0M)]
 [Times: user=0.05 sys=0.00, real=0.01 secs] 
2019-11-03T18:39:16.397+0800: 34429.439: [GC pause (G1 Evacuation Pause) (young), 0.0236465 secs]
   [Parallel Time: 21.8 ms, GC Workers: 4]
      [GC Worker Start (ms): Min: 34429438.9, Avg: 34429439.5, Max: 34429440.2, Diff: 1.3]
      [Ext Root Scanning (ms): Min: 0.2, Avg: 1.1, Max: 1.8, Diff: 1.5, Sum: 4.2]
      [Update RS (ms): Min: 1.4, Avg: 1.5, Max: 1.6, Diff: 0.2, Sum: 6.0]
         [Processed Buffers: Min: 1, Avg: 10.2, Max: 16, Diff: 15, Sum: 41]
      [Scan RS (ms): Min: 3.7, Avg: 3.7, Max: 3.7, Diff: 0.1, Sum: 14.8]
      [Code Root Scanning (ms): Min: 0.0, Avg: 0.0, Max: 0.0, Diff: 0.0, Sum: 0.1]
      [Object Copy (ms): Min: 14.7, Avg: 14.8, Max: 14.8, Diff: 0.2, Sum: 59.0]
      [Termination (ms): Min: 0.0, Avg: 0.1, Max: 0.1, Diff: 0.1, Sum: 0.4]
         [Termination Attempts: Min: 1, Avg: 1.0, Max: 1, Diff: 0, Sum: 4]
      [GC Worker Other (ms): Min: 0.0, Avg: 0.0, Max: 0.1, Diff: 0.0, Sum: 0.2]
      [GC Worker Total (ms): Min: 20.4, Avg: 21.2, Max: 21.7, Diff: 1.3, Sum: 84.6]
      [GC Worker End (ms): Min: 34429460.6, Avg: 34429460.6, Max: 34429460.7, Diff: 0.0]
   [Code Root Fixup: 0.0 ms]
   [Code Root Purge: 0.0 ms]
   [Clear CT: 0.2 ms]
   [Other: 1.7 ms]
      [Choose CSet: 0.0 ms]
      [Ref Proc: 0.3 ms]
      [Ref Enq: 0.0 ms]
      [Redirty Cards: 0.1 ms]
      [Humongous Register: 0.1 ms]
      [Humongous Reclaim: 0.0 ms]
      [Free CSet: 0.9 ms]
   [Eden: 475.0M(475.0M)->0.0B(288.0M) Survivors: 5120.0K->5120.0K Heap: 762.7M(1024.0M)->288.7M(1024.0M)]
 [Times: user=0.06 sys=0.01, real=0.03 secs] 
2019-11-03T18:40:20.420+0800: 34493.459: [GC pause (G1 Evacuation Pause) (young), 0.0152426 secs]
   [Parallel Time: 13.9 ms, GC Workers: 4]
      [GC Worker Start (ms): Min: 34493459.0, Avg: 34493459.4, Max: 34493459.9, Diff: 0.8]
      [Ext Root Scanning (ms): Min: 0.4, Avg: 1.1, Max: 1.9, Diff: 1.5, Sum: 4.6]
      [Update RS (ms): Min: 1.7, Avg: 2.3, Max: 2.6, Diff: 0.9, Sum: 9.2]
         [Processed Buffers: Min: 1, Avg: 8.2, Max: 17, Diff: 16, Sum: 33]
      [Scan RS (ms): Min: 0.2, Avg: 1.5, Max: 4.7, Diff: 4.4, Sum: 5.9]
      [Code Root Scanning (ms): Min: 0.0, Avg: 0.0, Max: 0.0, Diff: 0.0, Sum: 0.1]
      [Object Copy (ms): Min: 5.2, Avg: 8.4, Max: 9.5, Diff: 4.3, Sum: 33.7]
      [Termination (ms): Min: 0.0, Avg: 0.1, Max: 0.2, Diff: 0.2, Sum: 0.5]
         [Termination Attempts: Min: 1, Avg: 1.5, Max: 2, Diff: 1, Sum: 6]
      [GC Worker Other (ms): Min: 0.0, Avg: 0.0, Max: 0.0, Diff: 0.0, Sum: 0.1]
      [GC Worker Total (ms): Min: 13.0, Avg: 13.5, Max: 13.8, Diff: 0.8, Sum: 54.1]
      [GC Worker End (ms): Min: 34493472.9, Avg: 34493472.9, Max: 34493472.9, Diff: 0.1]
   [Code Root Fixup: 0.0 ms]
   [Code Root Purge: 0.0 ms]
   [Clear CT: 0.2 ms]
   [Other: 1.1 ms]
      [Choose CSet: 0.0 ms]
      [Ref Proc: 0.3 ms]
      [Ref Enq: 0.0 ms]
      [Redirty Cards: 0.1 ms]
      [Humongous Register: 0.1 ms]
      [Humongous Reclaim: 0.0 ms]
      [Free CSet: 0.2 ms]
   [Eden: 288.0M(288.0M)->0.0B(46.0M) Survivors: 5120.0K->5120.0K Heap: 576.7M(1024.0M)->288.9M(1024.0M)]
 [Times: user=0.04 sys=0.00, real=0.01 secs] 
2019-11-03T18:40:30.571+0800: 34503.610: [GC pause (G1 Evacuation Pause) (young), 0.0115543 secs]
   [Parallel Time: 10.8 ms, GC Workers: 4]
      [GC Worker Start (ms): Min: 34503609.8, Avg: 34503609.9, Max: 34503610.0, Diff: 0.2]
      [Ext Root Scanning (ms): Min: 0.5, Avg: 0.7, Max: 0.8, Diff: 0.3, Sum: 2.7]
      [Update RS (ms): Min: 0.0, Avg: 2.3, Max: 5.2, Diff: 5.2, Sum: 9.2]
         [Processed Buffers: Min: 0, Avg: 7.2, Max: 14, Diff: 14, Sum: 29]
      [Scan RS (ms): Min: 0.0, Avg: 0.1, Max: 0.3, Diff: 0.3, Sum: 0.3]
      [Code Root Scanning (ms): Min: 0.0, Avg: 0.0, Max: 0.0, Diff: 0.0, Sum: 0.0]
      [Object Copy (ms): Min: 4.7, Avg: 7.5, Max: 10.0, Diff: 5.3, Sum: 30.2]
      [Termination (ms): Min: 0.0, Avg: 0.1, Max: 0.1, Diff: 0.1, Sum: 0.4]
         [Termination Attempts: Min: 1, Avg: 1.5, Max: 2, Diff: 1, Sum: 6]
      [GC Worker Other (ms): Min: 0.0, Avg: 0.0, Max: 0.0, Diff: 0.0, Sum: 0.1]
      [GC Worker Total (ms): Min: 10.5, Avg: 10.7, Max: 10.8, Diff: 0.2, Sum: 42.9]
      [GC Worker End (ms): Min: 34503620.6, Avg: 34503620.6, Max: 34503620.6, Diff: 0.0]
   [Code Root Fixup: 0.0 ms]
   [Code Root Purge: 0.0 ms]
   [Clear CT: 0.1 ms]
   [Other: 0.6 ms]
      [Choose CSet: 0.0 ms]
      [Ref Proc: 0.2 ms]
      [Ref Enq: 0.0 ms]
      [Redirty Cards: 0.1 ms]
      [Humongous Register: 0.0 ms]
      [Humongous Reclaim: 0.0 ms]
      [Free CSet: 0.1 ms]
   [Eden: 46.0M(46.0M)->0.0B(47.0M) Survivors: 5120.0K->4096.0K Heap: 334.9M(1024.0M)->288.5M(1024.0M)]
 [Times: user=0.03 sys=0.00, real=0.01 secs] 
2019-11-03T18:40:41.061+0800: 34514.099: [GC pause (G1 Evacuation Pause) (young), 0.0120011 secs]
   [Parallel Time: 11.3 ms, GC Workers: 4]
      [GC Worker Start (ms): Min: 34514099.5, Avg: 34514099.5, Max: 34514099.6, Diff: 0.1]
      [Ext Root Scanning (ms): Min: 0.8, Avg: 0.9, Max: 0.9, Diff: 0.1, Sum: 3.4]
      [Update RS (ms): Min: 0.7, Avg: 1.2, Max: 1.8, Diff: 1.1, Sum: 4.7]
         [Processed Buffers: Min: 1, Avg: 7.0, Max: 12, Diff: 11, Sum: 28]
      [Scan RS (ms): Min: 0.0, Avg: 0.1, Max: 0.2, Diff: 0.2, Sum: 0.4]
      [Code Root Scanning (ms): Min: 0.0, Avg: 0.0, Max: 0.0, Diff: 0.0, Sum: 0.0]
      [Object Copy (ms): Min: 8.4, Avg: 9.0, Max: 9.4, Diff: 1.0, Sum: 36.1]
      [Termination (ms): Min: 0.0, Avg: 0.0, Max: 0.0, Diff: 0.0, Sum: 0.0]
         [Termination Attempts: Min: 1, Avg: 2.2, Max: 4, Diff: 3, Sum: 9]
      [GC Worker Other (ms): Min: 0.0, Avg: 0.0, Max: 0.0, Diff: 0.0, Sum: 0.1]
      [GC Worker Total (ms): Min: 11.1, Avg: 11.2, Max: 11.2, Diff: 0.1, Sum: 44.7]
      [GC Worker End (ms): Min: 34514110.7, Avg: 34514110.7, Max: 34514110.7, Diff: 0.0]
   [Code Root Fixup: 0.0 ms]
   [Code Root Purge: 0.0 ms]
   [Clear CT: 0.1 ms]
   [Other: 0.6 ms]
      [Choose CSet: 0.0 ms]
      [Ref Proc: 0.1 ms]
      [Ref Enq: 0.0 ms]
      [Redirty Cards: 0.1 ms]
      [Humongous Register: 0.0 ms]
      [Humongous Reclaim: 0.0 ms]
      [Free CSet: 0.1 ms]
   [Eden: 47.0M(47.0M)->0.0B(46.0M) Survivors: 4096.0K->5120.0K Heap: 335.5M(1024.0M)->289.0M(1024.0M)]
 [Times: user=0.04 sys=0.01, real=0.01 secs] 
2019-11-03T18:40:51.242+0800: 34524.280: [GC pause (G1 Evacuation Pause) (young), 0.0146074 secs]
   [Parallel Time: 13.9 ms, GC Workers: 4]
      [GC Worker Start (ms): Min: 34524279.8, Avg: 34524280.2, Max: 34524281.1, Diff: 1.3]
      [Ext Root Scanning (ms): Min: 0.0, Avg: 0.8, Max: 1.2, Diff: 1.2, Sum: 3.1]
      [Update RS (ms): Min: 0.0, Avg: 1.1, Max: 1.8, Diff: 1.8, Sum: 4.5]
         [Processed Buffers: Min: 0, Avg: 6.8, Max: 15, Diff: 15, Sum: 27]
      [Scan RS (ms): Min: 0.0, Avg: 0.0, Max: 0.1, Diff: 0.1, Sum: 0.1]
      [Code Root Scanning (ms): Min: 0.0, Avg: 0.0, Max: 0.0, Diff: 0.0, Sum: 0.0]
      [Object Copy (ms): Min: 10.8, Avg: 11.4, Max: 12.6, Diff: 1.8, Sum: 45.5]
      [Termination (ms): Min: 0.0, Avg: 0.0, Max: 0.0, Diff: 0.0, Sum: 0.0]
         [Termination Attempts: Min: 1, Avg: 1.0, Max: 1, Diff: 0, Sum: 4]
      [GC Worker Other (ms): Min: 0.0, Avg: 0.1, Max: 0.1, Diff: 0.1, Sum: 0.2]
      [GC Worker Total (ms): Min: 12.5, Avg: 13.4, Max: 13.8, Diff: 1.4, Sum: 53.5]
      [GC Worker End (ms): Min: 34524293.6, Avg: 34524293.6, Max: 34524293.6, Diff: 0.1]
   [Code Root Fixup: 0.0 ms]
   [Code Root Purge: 0.0 ms]
   [Clear CT: 0.2 ms]
   [Other: 0.5 ms]
      [Choose CSet: 0.0 ms]
      [Ref Proc: 0.1 ms]
      [Ref Enq: 0.0 ms]
      [Redirty Cards: 0.1 ms]
      [Humongous Register: 0.0 ms]
      [Humongous Reclaim: 0.0 ms]
      [Free CSet: 0.1 ms]
   [Eden: 46.0M(46.0M)->0.0B(144.0M) Survivors: 5120.0K->6144.0K Heap: 335.0M(1024.0M)->290.0M(1024.0M)]
 [Times: user=0.05 sys=0.00, real=0.01 secs] 
2019-11-03T18:41:23.031+0800: 34556.068: [GC pause (G1 Evacuation Pause) (young), 0.0142991 secs]
   [Parallel Time: 13.5 ms, GC Workers: 4]
      [GC Worker Start (ms): Min: 34556068.0, Avg: 34556068.0, Max: 34556068.1, Diff: 0.1]
      [Ext Root Scanning (ms): Min: 0.8, Avg: 0.8, Max: 0.9, Diff: 0.1, Sum: 3.3]
      [Update RS (ms): Min: 1.0, Avg: 1.1, Max: 1.3, Diff: 0.3, Sum: 4.6]
         [Processed Buffers: Min: 1, Avg: 8.2, Max: 21, Diff: 20, Sum: 33]
      [Scan RS (ms): Min: 0.0, Avg: 0.1, Max: 0.1, Diff: 0.1, Sum: 0.2]
      [Code Root Scanning (ms): Min: 0.0, Avg: 0.0, Max: 0.0, Diff: 0.0, Sum: 0.0]
      [Object Copy (ms): Min: 10.9, Avg: 11.1, Max: 11.3, Diff: 0.4, Sum: 44.5]
      [Termination (ms): Min: 0.0, Avg: 0.2, Max: 0.3, Diff: 0.3, Sum: 0.6]
         [Termination Attempts: Min: 1, Avg: 43.0, Max: 87, Diff: 86, Sum: 172]
      [GC Worker Other (ms): Min: 0.0, Avg: 0.0, Max: 0.0, Diff: 0.0, Sum: 0.1]
      [GC Worker Total (ms): Min: 13.3, Avg: 13.4, Max: 13.4, Diff: 0.1, Sum: 53.5]
      [GC Worker End (ms): Min: 34556081.4, Avg: 34556081.4, Max: 34556081.4, Diff: 0.0]
   [Code Root Fixup: 0.0 ms]
   [Code Root Purge: 0.0 ms]
   [Clear CT: 0.1 ms]
   [Other: 0.7 ms]
      [Choose CSet: 0.0 ms]
      [Ref Proc: 0.2 ms]
      [Ref Enq: 0.0 ms]
      [Redirty Cards: 0.1 ms]
      [Humongous Register: 0.1 ms]
      [Humongous Reclaim: 0.0 ms]
      [Free CSet: 0.1 ms]
   [Eden: 144.0M(144.0M)->0.0B(250.0M) Survivors: 6144.0K->6144.0K Heap: 434.0M(1024.0M)->290.0M(1024.0M)]
 [Times: user=0.06 sys=0.00, real=0.01 secs] 
2019-11-03T18:42:18.502+0800: 34611.537: [GC pause (G1 Evacuation Pause) (young), 0.0148584 secs]
   [Parallel Time: 14.0 ms, GC Workers: 4]
      [GC Worker Start (ms): Min: 34611537.3, Avg: 34611537.3, Max: 34611537.4, Diff: 0.1]
      [Ext Root Scanning (ms): Min: 0.6, Avg: 0.7, Max: 0.7, Diff: 0.1, Sum: 2.7]
      [Update RS (ms): Min: 0.6, Avg: 1.0, Max: 1.2, Diff: 0.6, Sum: 3.9]
         [Processed Buffers: Min: 1, Avg: 9.0, Max: 20, Diff: 19, Sum: 36]
      [Scan RS (ms): Min: 0.0, Avg: 0.1, Max: 0.2, Diff: 0.2, Sum: 0.3]
      [Code Root Scanning (ms): Min: 0.0, Avg: 0.0, Max: 0.0, Diff: 0.0, Sum: 0.0]
      [Object Copy (ms): Min: 11.8, Avg: 11.9, Max: 12.2, Diff: 0.4, Sum: 47.8]
      [Termination (ms): Min: 0.1, Avg: 0.2, Max: 0.3, Diff: 0.1, Sum: 0.7]
         [Termination Attempts: Min: 41, Avg: 54.8, Max: 68, Diff: 27, Sum: 219]
      [GC Worker Other (ms): Min: 0.0, Avg: 0.0, Max: 0.1, Diff: 0.0, Sum: 0.2]
      [GC Worker Total (ms): Min: 13.8, Avg: 13.9, Max: 13.9, Diff: 0.1, Sum: 55.6]
      [GC Worker End (ms): Min: 34611551.2, Avg: 34611551.2, Max: 34611551.2, Diff: 0.0]
   [Code Root Fixup: 0.0 ms]
   [Code Root Purge: 0.0 ms]
   [Clear CT: 0.1 ms]
   [Other: 0.7 ms]
      [Choose CSet: 0.0 ms]
      [Ref Proc: 0.1 ms]
      [Ref Enq: 0.0 ms]
      [Redirty Cards: 0.1 ms]
      [Humongous Register: 0.0 ms]
      [Humongous Reclaim: 0.0 ms]
      [Free CSet: 0.1 ms]
   [Eden: 250.0M(250.0M)->0.0B(268.0M) Survivors: 6144.0K->7168.0K Heap: 540.0M(1024.0M)->291.6M(1024.0M)]
 [Times: user=0.05 sys=0.00, real=0.01 secs] 
2019-11-03T18:43:18.190+0800: 34671.222: [GC pause (G1 Evacuation Pause) (young), 0.0205305 secs]
   [Parallel Time: 19.7 ms, GC Workers: 4]
      [GC Worker Start (ms): Min: 34671222.7, Avg: 34671222.7, Max: 34671222.7, Diff: 0.1]
      [Ext Root Scanning (ms): Min: 1.0, Avg: 1.1, Max: 1.1, Diff: 0.1, Sum: 4.4]
      [Update RS (ms): Min: 1.1, Avg: 1.2, Max: 1.3, Diff: 0.2, Sum: 4.9]
         [Processed Buffers: Min: 2, Avg: 9.0, Max: 25, Diff: 23, Sum: 36]
      [Scan RS (ms): Min: 0.0, Avg: 0.1, Max: 0.1, Diff: 0.1, Sum: 0.4]
      [Code Root Scanning (ms): Min: 0.0, Avg: 0.0, Max: 0.0, Diff: 0.0, Sum: 0.1]
      [Object Copy (ms): Min: 16.7, Avg: 17.0, Max: 17.2, Diff: 0.5, Sum: 67.9]
      [Termination (ms): Min: 0.1, Avg: 0.2, Max: 0.4, Diff: 0.4, Sum: 0.7]
         [Termination Attempts: Min: 20, Avg: 47.2, Max: 65, Diff: 45, Sum: 189]
      [GC Worker Other (ms): Min: 0.0, Avg: 0.0, Max: 0.0, Diff: 0.0, Sum: 0.1]
      [GC Worker Total (ms): Min: 19.5, Avg: 19.6, Max: 19.7, Diff: 0.1, Sum: 78.4]
      [GC Worker End (ms): Min: 34671242.3, Avg: 34671242.3, Max: 34671242.3, Diff: 0.0]
   [Code Root Fixup: 0.0 ms]
   [Code Root Purge: 0.0 ms]
   [Clear CT: 0.1 ms]
   [Other: 0.7 ms]
      [Choose CSet: 0.0 ms]
      [Ref Proc: 0.2 ms]
      [Ref Enq: 0.0 ms]
      [Redirty Cards: 0.1 ms]
      [Humongous Register: 0.0 ms]
      [Humongous Reclaim: 0.0 ms]
      [Free CSet: 0.1 ms]
   [Eden: 268.0M(268.0M)->0.0B(204.0M) Survivors: 7168.0K->8192.0K Heap: 559.6M(1024.0M)->292.6M(1024.0M)]
 [Times: user=0.07 sys=0.00, real=0.02 secs] 
2019-11-03T18:44:03.515+0800: 34716.546: [GC pause (G1 Evacuation Pause) (young), 0.0221141 secs]
   [Parallel Time: 21.4 ms, GC Workers: 4]
      [GC Worker Start (ms): Min: 34716546.4, Avg: 34716546.4, Max: 34716546.5, Diff: 0.1]
      [Ext Root Scanning (ms): Min: 0.8, Avg: 0.8, Max: 0.9, Diff: 0.1, Sum: 3.4]
      [Update RS (ms): Min: 1.1, Avg: 1.5, Max: 2.5, Diff: 1.5, Sum: 6.1]
         [Processed Buffers: Min: 1, Avg: 8.8, Max: 20, Diff: 19, Sum: 35]
      [Scan RS (ms): Min: 0.0, Avg: 0.1, Max: 0.2, Diff: 0.2, Sum: 0.3]
      [Code Root Scanning (ms): Min: 0.0, Avg: 0.0, Max: 0.0, Diff: 0.0, Sum: 0.0]
      [Object Copy (ms): Min: 17.7, Avg: 18.6, Max: 19.0, Diff: 1.3, Sum: 74.3]
      [Termination (ms): Min: 0.1, Avg: 0.2, Max: 0.4, Diff: 0.3, Sum: 0.9]
         [Termination Attempts: Min: 30, Avg: 47.2, Max: 74, Diff: 44, Sum: 189]
      [GC Worker Other (ms): Min: 0.0, Avg: 0.0, Max: 0.0, Diff: 0.0, Sum: 0.1]
      [GC Worker Total (ms): Min: 21.2, Avg: 21.3, Max: 21.3, Diff: 0.1, Sum: 85.2]
      [GC Worker End (ms): Min: 34716567.7, Avg: 34716567.7, Max: 34716567.7, Diff: 0.0]
   [Code Root Fixup: 0.0 ms]
   [Code Root Purge: 0.0 ms]
   [Clear CT: 0.1 ms]
   [Other: 0.6 ms]
      [Choose CSet: 0.0 ms]
      [Ref Proc: 0.1 ms]
      [Ref Enq: 0.0 ms]
      [Redirty Cards: 0.1 ms]
      [Humongous Register: 0.0 ms]
      [Humongous Reclaim: 0.0 ms]
      [Free CSet: 0.1 ms]
   [Eden: 204.0M(204.0M)->0.0B(101.0M) Survivors: 8192.0K->9216.0K Heap: 496.6M(1024.0M)->293.1M(1024.0M)]
 [Times: user=0.08 sys=0.00, real=0.02 secs] 
2019-11-03T18:44:25.932+0800: 34738.962: [GC pause (G1 Evacuation Pause) (young), 0.0234895 secs]
   [Parallel Time: 22.8 ms, GC Workers: 4]
      [GC Worker Start (ms): Min: 34738962.1, Avg: 34738962.7, Max: 34738963.2, Diff: 1.2]
      [Ext Root Scanning (ms): Min: 0.0, Avg: 0.5, Max: 1.1, Diff: 1.1, Sum: 2.0]
      [Update RS (ms): Min: 0.0, Avg: 0.7, Max: 1.1, Diff: 1.1, Sum: 2.8]
         [Processed Buffers: Min: 0, Avg: 7.8, Max: 20, Diff: 20, Sum: 31]
      [Scan RS (ms): Min: 0.0, Avg: 0.0, Max: 0.1, Diff: 0.1, Sum: 0.1]
      [Code Root Scanning (ms): Min: 0.0, Avg: 0.0, Max: 0.0, Diff: 0.0, Sum: 0.0]
      [Object Copy (ms): Min: 20.4, Avg: 20.7, Max: 21.5, Diff: 1.1, Sum: 83.0]
      [Termination (ms): Min: 0.0, Avg: 0.1, Max: 0.1, Diff: 0.1, Sum: 0.3]
         [Termination Attempts: Min: 41, Avg: 49.0, Max: 58, Diff: 17, Sum: 196]
      [GC Worker Other (ms): Min: 0.0, Avg: 0.0, Max: 0.1, Diff: 0.0, Sum: 0.2]
      [GC Worker Total (ms): Min: 21.6, Avg: 22.1, Max: 22.7, Diff: 1.2, Sum: 88.4]
      [GC Worker End (ms): Min: 34738984.8, Avg: 34738984.8, Max: 34738984.8, Diff: 0.0]
   [Code Root Fixup: 0.0 ms]
   [Code Root Purge: 0.0 ms]
   [Clear CT: 0.1 ms]
   [Other: 0.6 ms]
      [Choose CSet: 0.0 ms]
      [Ref Proc: 0.2 ms]
      [Ref Enq: 0.0 ms]
      [Redirty Cards: 0.1 ms]
      [Humongous Register: 0.1 ms]
      [Humongous Reclaim: 0.0 ms]
      [Free CSet: 0.1 ms]
   [Eden: 101.0M(101.0M)->0.0B(42.0M) Survivors: 9216.0K->9216.0K Heap: 394.1M(1024.0M)->294.5M(1024.0M)]
 [Times: user=0.07 sys=0.00, real=0.02 secs] 
2019-11-03T18:44:35.321+0800: 34748.350: [GC pause (G1 Evacuation Pause) (young), 0.0317774 secs]
   [Parallel Time: 31.1 ms, GC Workers: 4]
      [GC Worker Start (ms): Min: 34748350.2, Avg: 34748350.5, Max: 34748351.3, Diff: 1.1]
      [Ext Root Scanning (ms): Min: 0.0, Avg: 0.7, Max: 1.0, Diff: 1.0, Sum: 2.8]
      [Update RS (ms): Min: 0.0, Avg: 2.0, Max: 2.7, Diff: 2.7, Sum: 7.9]
         [Processed Buffers: Min: 0, Avg: 8.5, Max: 15, Diff: 15, Sum: 34]
      [Scan RS (ms): Min: 0.1, Avg: 0.3, Max: 0.5, Diff: 0.4, Sum: 1.1]
      [Code Root Scanning (ms): Min: 0.0, Avg: 0.0, Max: 0.0, Diff: 0.0, Sum: 0.0]
      [Object Copy (ms): Min: 27.0, Avg: 27.8, Max: 29.7, Diff: 2.7, Sum: 111.1]
      [Termination (ms): Min: 0.0, Avg: 0.0, Max: 0.0, Diff: 0.0, Sum: 0.0]
         [Termination Attempts: Min: 1, Avg: 1.0, Max: 1, Diff: 0, Sum: 4]
      [GC Worker Other (ms): Min: 0.0, Avg: 0.0, Max: 0.0, Diff: 0.0, Sum: 0.1]
      [GC Worker Total (ms): Min: 30.0, Avg: 30.7, Max: 31.0, Diff: 1.1, Sum: 122.9]
      [GC Worker End (ms): Min: 34748381.2, Avg: 34748381.2, Max: 34748381.2, Diff: 0.0]
   [Code Root Fixup: 0.0 ms]
   [Code Root Purge: 0.0 ms]
   [Clear CT: 0.1 ms]
   [Other: 0.6 ms]
      [Choose CSet: 0.0 ms]
      [Ref Proc: 0.2 ms]
      [Ref Enq: 0.0 ms]
      [Redirty Cards: 0.1 ms]
      [Humongous Register: 0.0 ms]
      [Humongous Reclaim: 0.0 ms]
      [Free CSet: 0.1 ms]
   [Eden: 42.0M(42.0M)->0.0B(248.0M) Survivors: 9216.0K->4096.0K Heap: 336.5M(1024.0M)->295.0M(1024.0M)]
 [Times: user=0.07 sys=0.02, real=0.03 secs] 
2019-11-03T18:44:45.464+0800: 34758.493: [GC pause (G1 Evacuation Pause) (young), 0.0169151 secs]
   [Parallel Time: 16.2 ms, GC Workers: 4]
      [GC Worker Start (ms): Min: 34758492.9, Avg: 34758493.3, Max: 34758494.2, Diff: 1.3]
      [Ext Root Scanning (ms): Min: 0.0, Avg: 0.8, Max: 1.2, Diff: 1.2, Sum: 3.3]
      [Update RS (ms): Min: 2.8, Avg: 3.1, Max: 3.3, Diff: 0.5, Sum: 12.5]
         [Processed Buffers: Min: 2, Avg: 8.5, Max: 22, Diff: 20, Sum: 34]
      [Scan RS (ms): Min: 3.9, Avg: 4.2, Max: 4.5, Diff: 0.6, Sum: 16.6]
      [Code Root Scanning (ms): Min: 0.0, Avg: 0.0, Max: 0.0, Diff: 0.0, Sum: 0.0]
      [Object Copy (ms): Min: 7.3, Avg: 7.6, Max: 7.9, Diff: 0.6, Sum: 30.2]
      [Termination (ms): Min: 0.0, Avg: 0.0, Max: 0.0, Diff: 0.0, Sum: 0.0]
         [Termination Attempts: Min: 1, Avg: 1.0, Max: 1, Diff: 0, Sum: 4]
      [GC Worker Other (ms): Min: 0.0, Avg: 0.0, Max: 0.0, Diff: 0.0, Sum: 0.1]
      [GC Worker Total (ms): Min: 14.8, Avg: 15.7, Max: 16.1, Diff: 1.3, Sum: 62.7]
      [GC Worker End (ms): Min: 34758509.0, Avg: 34758509.0, Max: 34758509.0, Diff: 0.0]
   [Code Root Fixup: 0.0 ms]
   [Code Root Purge: 0.0 ms]
   [Clear CT: 0.1 ms]
   [Other: 0.6 ms]
      [Choose CSet: 0.0 ms]
      [Ref Proc: 0.2 ms]
      [Ref Enq: 0.0 ms]
      [Redirty Cards: 0.1 ms]
      [Humongous Register: 0.1 ms]
      [Humongous Reclaim: 0.0 ms]
      [Free CSet: 0.1 ms]
   [Eden: 47.0M(47.0M)->0.0B(98.0M) Survivors: 4096.0K->5120.0K Heap: 342.0M(1024.0M)->296.0M(1024.0M)]
 [Times: user=0.06 sys=0.00, real=0.02 secs] 
2019-11-03T18:44:55.462+0800: 34768.491: [GC pause (G1 Evacuation Pause) (young), 0.0157097 secs]
   [Parallel Time: 14.6 ms, GC Workers: 4]
      [GC Worker Start (ms): Min: 34768490.8, Avg: 34768490.9, Max: 34768491.3, Diff: 0.5]
      [Ext Root Scanning (ms): Min: 0.6, Avg: 1.0, Max: 1.2, Diff: 0.6, Sum: 4.0]
      [Update RS (ms): Min: 2.8, Avg: 2.9, Max: 3.0, Diff: 0.2, Sum: 11.4]
         [Processed Buffers: Min: 3, Avg: 8.2, Max: 15, Diff: 12, Sum: 33]
      [Scan RS (ms): Min: 1.9, Avg: 2.0, Max: 2.2, Diff: 0.3, Sum: 8.2]
      [Code Root Scanning (ms): Min: 0.0, Avg: 0.0, Max: 0.0, Diff: 0.0, Sum: 0.0]
      [Object Copy (ms): Min: 8.5, Avg: 8.5, Max: 8.5, Diff: 0.1, Sum: 33.9]
      [Termination (ms): Min: 0.0, Avg: 0.0, Max: 0.0, Diff: 0.0, Sum: 0.0]
         [Termination Attempts: Min: 1, Avg: 1.0, Max: 1, Diff: 0, Sum: 4]
      [GC Worker Other (ms): Min: 0.0, Avg: 0.0, Max: 0.0, Diff: 0.0, Sum: 0.1]
      [GC Worker Total (ms): Min: 14.0, Avg: 14.4, Max: 14.5, Diff: 0.5, Sum: 57.6]
      [GC Worker End (ms): Min: 34768505.3, Avg: 34768505.3, Max: 34768505.3, Diff: 0.0]
   [Code Root Fixup: 0.0 ms]
   [Code Root Purge: 0.0 ms]
   [Clear CT: 0.1 ms]
   [Other: 0.9 ms]
      [Choose CSet: 0.0 ms]
      [Ref Proc: 0.4 ms]
      [Ref Enq: 0.0 ms]
      [Redirty Cards: 0.1 ms]
      [Humongous Register: 0.1 ms]
      [Humongous Reclaim: 0.0 ms]
      [Free CSet: 0.1 ms]
   [Eden: 46.0M(46.0M)->0.0B(133.0M) Survivors: 5120.0K->5120.0K Heap: 342.0M(1024.0M)->296.0M(1024.0M)]
 [Times: user=0.06 sys=0.01, real=0.01 secs] 
2019-11-03T18:45:05.508+0800: 34778.536: [GC pause (G1 Evacuation Pause) (young), 0.0131386 secs]
   [Parallel Time: 11.2 ms, GC Workers: 4]
      [GC Worker Start (ms): Min: 34778536.1, Avg: 34778537.1, Max: 34778537.8, Diff: 1.6]
      [Ext Root Scanning (ms): Min: 0.0, Avg: 0.8, Max: 1.6, Diff: 1.6, Sum: 3.1]
      [Update RS (ms): Min: 1.3, Avg: 1.9, Max: 3.1, Diff: 1.8, Sum: 7.5]
         [Processed Buffers: Min: 5, Avg: 8.8, Max: 11, Diff: 6, Sum: 35]
      [Scan RS (ms): Min: 0.1, Avg: 1.0, Max: 1.4, Diff: 1.3, Sum: 4.0]
      [Code Root Scanning (ms): Min: 0.0, Avg: 0.0, Max: 0.0, Diff: 0.0, Sum: 0.0]
      [Object Copy (ms): Min: 6.3, Avg: 6.5, Max: 7.0, Diff: 0.7, Sum: 26.0]
      [Termination (ms): Min: 0.0, Avg: 0.0, Max: 0.0, Diff: 0.0, Sum: 0.0]
         [Termination Attempts: Min: 1, Avg: 1.0, Max: 1, Diff: 0, Sum: 4]
      [GC Worker Other (ms): Min: 0.0, Avg: 0.0, Max: 0.0, Diff: 0.0, Sum: 0.1]
      [GC Worker Total (ms): Min: 9.5, Avg: 10.2, Max: 11.2, Diff: 1.6, Sum: 40.7]
      [GC Worker End (ms): Min: 34778547.3, Avg: 34778547.3, Max: 34778547.3, Diff: 0.0]
   [Code Root Fixup: 0.0 ms]
   [Code Root Purge: 0.0 ms]
   [Clear CT: 0.1 ms]
   [Other: 1.8 ms]
      [Choose CSet: 0.0 ms]
      [Ref Proc: 1.4 ms]
      [Ref Enq: 0.0 ms]
      [Redirty Cards: 0.1 ms]
      [Humongous Register: 0.1 ms]
      [Humongous Reclaim: 0.0 ms]
      [Free CSet: 0.1 ms]
   [Eden: 46.0M(46.0M)->0.0B(187.0M) Survivors: 5120.0K->5120.0K Heap: 342.0M(1024.0M)->296.0M(1024.0M)]
 [Times: user=0.04 sys=0.01, real=0.02 secs] 
2019-11-03T18:45:47.258+0800: 34820.285: [GC pause (G1 Evacuation Pause) (young), 0.0216473 secs]
   [Parallel Time: 20.0 ms, GC Workers: 4]
      [GC Worker Start (ms): Min: 34820285.6, Avg: 34820286.7, Max: 34820287.8, Diff: 2.1]
      [Ext Root Scanning (ms): Min: 0.0, Avg: 0.9, Max: 2.0, Diff: 2.0, Sum: 3.8]
      [Update RS (ms): Min: 2.1, Avg: 3.1, Max: 3.6, Diff: 1.5, Sum: 12.5]
         [Processed Buffers: Min: 6, Avg: 10.2, Max: 18, Diff: 12, Sum: 41]
      [Scan RS (ms): Min: 2.5, Avg: 2.9, Max: 3.3, Diff: 0.8, Sum: 11.5]
      [Code Root Scanning (ms): Min: 0.0, Avg: 0.0, Max: 0.0, Diff: 0.0, Sum: 0.0]
      [Object Copy (ms): Min: 11.5, Avg: 11.8, Max: 12.5, Diff: 1.0, Sum: 47.2]
      [Termination (ms): Min: 0.0, Avg: 0.0, Max: 0.0, Diff: 0.0, Sum: 0.0]
         [Termination Attempts: Min: 1, Avg: 1.0, Max: 1, Diff: 0, Sum: 4]
      [GC Worker Other (ms): Min: 0.0, Avg: 0.0, Max: 0.0, Diff: 0.0, Sum: 0.1]
      [GC Worker Total (ms): Min: 17.8, Avg: 18.8, Max: 19.9, Diff: 2.1, Sum: 75.2]
      [GC Worker End (ms): Min: 34820305.5, Avg: 34820305.5, Max: 34820305.5, Diff: 0.0]
   [Code Root Fixup: 0.0 ms]
   [Code Root Purge: 0.0 ms]
   [Clear CT: 0.1 ms]
   [Other: 1.5 ms]
      [Choose CSet: 0.2 ms]
      [Ref Proc: 0.2 ms]
      [Ref Enq: 0.0 ms]
      [Redirty Cards: 0.1 ms]
      [Humongous Register: 0.3 ms]
      [Humongous Reclaim: 0.0 ms]
      [Free CSet: 0.1 ms]
   [Eden: 187.0M(187.0M)->0.0B(103.0M) Survivors: 5120.0K->6144.0K Heap: 483.0M(1024.0M)->297.5M(1024.0M)]
 [Times: user=0.06 sys=0.01, real=0.03 secs] 
2019-11-03T18:46:10.083+0800: 34843.109: [GC pause (G1 Evacuation Pause) (young), 0.0178616 secs]
   [Parallel Time: 16.9 ms, GC Workers: 4]
      [GC Worker Start (ms): Min: 34843108.7, Avg: 34843108.7, Max: 34843108.7, Diff: 0.1]
      [Ext Root Scanning (ms): Min: 0.7, Avg: 0.7, Max: 0.8, Diff: 0.1, Sum: 2.9]
      [Update RS (ms): Min: 2.5, Avg: 2.6, Max: 2.7, Diff: 0.2, Sum: 10.5]
         [Processed Buffers: Min: 2, Avg: 8.8, Max: 20, Diff: 18, Sum: 35]
      [Scan RS (ms): Min: 0.8, Avg: 0.9, Max: 1.0, Diff: 0.2, Sum: 3.5]
      [Code Root Scanning (ms): Min: 0.0, Avg: 0.0, Max: 0.0, Diff: 0.0, Sum: 0.0]
      [Object Copy (ms): Min: 12.5, Avg: 12.5, Max: 12.6, Diff: 0.1, Sum: 50.1]
      [Termination (ms): Min: 0.0, Avg: 0.0, Max: 0.0, Diff: 0.0, Sum: 0.0]
         [Termination Attempts: Min: 1, Avg: 1.0, Max: 1, Diff: 0, Sum: 4]
      [GC Worker Other (ms): Min: 0.1, Avg: 0.1, Max: 0.1, Diff: 0.0, Sum: 0.3]
      [GC Worker Total (ms): Min: 16.8, Avg: 16.8, Max: 16.9, Diff: 0.1, Sum: 67.3]
      [GC Worker End (ms): Min: 34843125.5, Avg: 34843125.5, Max: 34843125.5, Diff: 0.0]
   [Code Root Fixup: 0.0 ms]
   [Code Root Purge: 0.0 ms]
   [Clear CT: 0.1 ms]
   [Other: 0.8 ms]
      [Choose CSet: 0.0 ms]
      [Ref Proc: 0.3 ms]
      [Ref Enq: 0.0 ms]
      [Redirty Cards: 0.1 ms]
      [Humongous Register: 0.0 ms]
      [Humongous Reclaim: 0.0 ms]
      [Free CSet: 0.1 ms]
   [Eden: 103.0M(103.0M)->0.0B(109.0M) Survivors: 6144.0K->7168.0K Heap: 400.5M(1024.0M)->298.5M(1024.0M)]
 [Times: user=0.06 sys=0.00, real=0.02 secs] 
2019-11-03T18:46:34.252+0800: 34867.277: [GC pause (G1 Evacuation Pause) (young), 0.0231780 secs]
   [Parallel Time: 22.4 ms, GC Workers: 4]
      [GC Worker Start (ms): Min: 34867277.0, Avg: 34867277.0, Max: 34867277.1, Diff: 0.1]
      [Ext Root Scanning (ms): Min: 0.9, Avg: 1.0, Max: 1.0, Diff: 0.1, Sum: 4.0]
      [Update RS (ms): Min: 2.4, Avg: 2.8, Max: 3.3, Diff: 0.9, Sum: 11.3]
         [Processed Buffers: Min: 2, Avg: 8.8, Max: 14, Diff: 12, Sum: 35]
      [Scan RS (ms): Min: 1.2, Avg: 1.6, Max: 2.0, Diff: 0.8, Sum: 6.4]
      [Code Root Scanning (ms): Min: 0.0, Avg: 0.0, Max: 0.0, Diff: 0.0, Sum: 0.0]
      [Object Copy (ms): Min: 16.5, Avg: 16.7, Max: 16.8, Diff: 0.3, Sum: 66.7]
      [Termination (ms): Min: 0.0, Avg: 0.1, Max: 0.1, Diff: 0.1, Sum: 0.4]
         [Termination Attempts: Min: 1, Avg: 1.0, Max: 1, Diff: 0, Sum: 4]
      [GC Worker Other (ms): Min: 0.0, Avg: 0.0, Max: 0.0, Diff: 0.0, Sum: 0.1]
      [GC Worker Total (ms): Min: 22.2, Avg: 22.2, Max: 22.3, Diff: 0.1, Sum: 88.9]
      [GC Worker End (ms): Min: 34867299.2, Avg: 34867299.3, Max: 34867299.3, Diff: 0.0]
   [Code Root Fixup: 0.0 ms]
   [Code Root Purge: 0.0 ms]
   [Clear CT: 0.1 ms]
   [Other: 0.7 ms]
      [Choose CSet: 0.0 ms]
      [Ref Proc: 0.2 ms]
      [Ref Enq: 0.0 ms]
      [Redirty Cards: 0.1 ms]
      [Humongous Register: 0.0 ms]
      [Humongous Reclaim: 0.0 ms]
      [Free CSet: 0.1 ms]
   [Eden: 109.0M(109.0M)->0.0B(52.0M) Survivors: 7168.0K->8192.0K Heap: 407.5M(1024.0M)->299.5M(1024.0M)]
 [Times: user=0.08 sys=0.00, real=0.02 secs] 
2019-11-03T18:46:45.786+0800: 34878.810: [GC pause (G1 Evacuation Pause) (young), 0.0244964 secs]
   [Parallel Time: 23.8 ms, GC Workers: 4]
      [GC Worker Start (ms): Min: 34878810.4, Avg: 34878810.5, Max: 34878810.5, Diff: 0.1]
      [Ext Root Scanning (ms): Min: 0.7, Avg: 0.7, Max: 0.8, Diff: 0.1, Sum: 2.9]
      [Update RS (ms): Min: 2.1, Avg: 2.5, Max: 2.7, Diff: 0.6, Sum: 10.1]
         [Processed Buffers: Min: 1, Avg: 7.8, Max: 13, Diff: 12, Sum: 31]
      [Scan RS (ms): Min: 0.9, Avg: 1.1, Max: 1.5, Diff: 0.6, Sum: 4.2]
      [Code Root Scanning (ms): Min: 0.0, Avg: 0.0, Max: 0.0, Diff: 0.0, Sum: 0.0]
      [Object Copy (ms): Min: 19.2, Avg: 19.2, Max: 19.3, Diff: 0.1, Sum: 77.0]
      [Termination (ms): Min: 0.0, Avg: 0.0, Max: 0.0, Diff: 0.0, Sum: 0.0]
         [Termination Attempts: Min: 1, Avg: 1.0, Max: 1, Diff: 0, Sum: 4]
      [GC Worker Other (ms): Min: 0.0, Avg: 0.0, Max: 0.0, Diff: 0.0, Sum: 0.1]
      [GC Worker Total (ms): Min: 23.5, Avg: 23.6, Max: 23.6, Diff: 0.1, Sum: 94.3]
      [GC Worker End (ms): Min: 34878834.1, Avg: 34878834.1, Max: 34878834.1, Diff: 0.0]
   [Code Root Fixup: 0.0 ms]
   [Code Root Purge: 0.0 ms]
   [Clear CT: 0.1 ms]
   [Other: 0.6 ms]
      [Choose CSet: 0.0 ms]
      [Ref Proc: 0.1 ms]
      [Ref Enq: 0.0 ms]
      [Redirty Cards: 0.1 ms]
      [Humongous Register: 0.1 ms]
      [Humongous Reclaim: 0.0 ms]
      [Free CSet: 0.1 ms]
   [Eden: 52.0M(52.0M)->0.0B(44.0M) Survivors: 8192.0K->7168.0K Heap: 351.5M(1024.0M)->300.3M(1024.0M)]
 [Times: user=0.08 sys=0.01, real=0.03 secs] 
2019-11-03T18:46:55.561+0800: 34888.585: [GC pause (G1 Evacuation Pause) (young), 0.0229826 secs]
   [Parallel Time: 22.3 ms, GC Workers: 4]
      [GC Worker Start (ms): Min: 34888585.5, Avg: 34888586.3, Max: 34888588.8, Diff: 3.3]
      [Ext Root Scanning (ms): Min: 0.0, Avg: 0.9, Max: 1.3, Diff: 1.2, Sum: 3.7]
      [Update RS (ms): Min: 1.5, Avg: 3.0, Max: 3.9, Diff: 2.3, Sum: 12.2]
         [Processed Buffers: Min: 4, Avg: 9.0, Max: 18, Diff: 14, Sum: 36]
      [Scan RS (ms): Min: 4.0, Avg: 4.3, Max: 4.6, Diff: 0.6, Sum: 17.1]
      [Code Root Scanning (ms): Min: 0.0, Avg: 0.0, Max: 0.0, Diff: 0.0, Sum: 0.0]
      [Object Copy (ms): Min: 13.1, Avg: 13.2, Max: 13.3, Diff: 0.2, Sum: 52.7]
      [Termination (ms): Min: 0.0, Avg: 0.0, Max: 0.0, Diff: 0.0, Sum: 0.0]
         [Termination Attempts: Min: 1, Avg: 1.0, Max: 1, Diff: 0, Sum: 4]
      [GC Worker Other (ms): Min: 0.0, Avg: 0.0, Max: 0.0, Diff: 0.0, Sum: 0.1]
      [GC Worker Total (ms): Min: 19.0, Avg: 21.4, Max: 22.3, Diff: 3.3, Sum: 85.7]
      [GC Worker End (ms): Min: 34888607.8, Avg: 34888607.8, Max: 34888607.8, Diff: 0.0]
   [Code Root Fixup: 0.0 ms]
   [Code Root Purge: 0.0 ms]
   [Clear CT: 0.1 ms]
   [Other: 0.6 ms]
      [Choose CSet: 0.0 ms]
      [Ref Proc: 0.1 ms]
      [Ref Enq: 0.0 ms]
      [Redirty Cards: 0.1 ms]
      [Humongous Register: 0.0 ms]
      [Humongous Reclaim: 0.0 ms]
      [Free CSet: 0.1 ms]
   [Eden: 44.0M(44.0M)->0.0B(83.0M) Survivors: 7168.0K->5120.0K Heap: 344.3M(1024.0M)->301.9M(1024.0M)]
 [Times: user=0.07 sys=0.01, real=0.02 secs] 
2019-11-03T18:47:05.565+0800: 34898.588: [GC pause (G1 Evacuation Pause) (young), 0.0143169 secs]
   [Parallel Time: 13.6 ms, GC Workers: 4]
      [GC Worker Start (ms): Min: 34898588.6, Avg: 34898588.8, Max: 34898589.2, Diff: 0.6]
      [Ext Root Scanning (ms): Min: 0.5, Avg: 0.9, Max: 1.1, Diff: 0.6, Sum: 3.4]
      [Update RS (ms): Min: 2.7, Avg: 3.0, Max: 3.2, Diff: 0.5, Sum: 12.0]
         [Processed Buffers: Min: 3, Avg: 7.5, Max: 17, Diff: 14, Sum: 30]
      [Scan RS (ms): Min: 3.2, Avg: 3.4, Max: 3.7, Diff: 0.4, Sum: 13.8]
      [Code Root Scanning (ms): Min: 0.0, Avg: 0.0, Max: 0.0, Diff: 0.0, Sum: 0.0]
      [Object Copy (ms): Min: 5.9, Avg: 6.0, Max: 6.0, Diff: 0.1, Sum: 23.8]
      [Termination (ms): Min: 0.0, Avg: 0.0, Max: 0.0, Diff: 0.0, Sum: 0.0]
         [Termination Attempts: Min: 1, Avg: 1.0, Max: 1, Diff: 0, Sum: 4]
      [GC Worker Other (ms): Min: 0.0, Avg: 0.0, Max: 0.0, Diff: 0.0, Sum: 0.1]
      [GC Worker Total (ms): Min: 12.9, Avg: 13.3, Max: 13.5, Diff: 0.6, Sum: 53.1]
      [GC Worker End (ms): Min: 34898602.1, Avg: 34898602.1, Max: 34898602.1, Diff: 0.0]
   [Code Root Fixup: 0.0 ms]
   [Code Root Purge: 0.0 ms]
   [Clear CT: 0.1 ms]
   [Other: 0.6 ms]
      [Choose CSet: 0.0 ms]
      [Ref Proc: 0.2 ms]
      [Ref Enq: 0.0 ms]
      [Redirty Cards: 0.1 ms]
      [Humongous Register: 0.1 ms]
      [Humongous Reclaim: 0.0 ms]
      [Free CSet: 0.1 ms]
   [Eden: 46.0M(46.0M)->0.0B(143.0M) Survivors: 5120.0K->5120.0K Heap: 347.9M(1024.0M)->301.9M(1024.0M)]
 [Times: user=0.05 sys=0.00, real=0.01 secs] 
2019-11-03T18:47:15.526+0800: 34908.549: [GC pause (G1 Evacuation Pause) (young), 0.0169933 secs]
   [Parallel Time: 16.0 ms, GC Workers: 4]
      [GC Worker Start (ms): Min: 34908549.5, Avg: 34908549.5, Max: 34908549.5, Diff: 0.1]
      [Ext Root Scanning (ms): Min: 0.7, Avg: 0.8, Max: 0.8, Diff: 0.1, Sum: 3.1]
      [Update RS (ms): Min: 2.5, Avg: 2.5, Max: 2.6, Diff: 0.1, Sum: 10.2]
         [Processed Buffers: Min: 2, Avg: 7.2, Max: 15, Diff: 13, Sum: 29]
      [Scan RS (ms): Min: 3.8, Avg: 3.9, Max: 3.9, Diff: 0.1, Sum: 15.5]
      [Code Root Scanning (ms): Min: 0.0, Avg: 0.0, Max: 0.0, Diff: 0.0, Sum: 0.0]
      [Object Copy (ms): Min: 8.6, Avg: 8.7, Max: 8.7, Diff: 0.1, Sum: 34.6]
      [Termination (ms): Min: 0.0, Avg: 0.0, Max: 0.0, Diff: 0.0, Sum: 0.0]
         [Termination Attempts: Min: 1, Avg: 1.2, Max: 2, Diff: 1, Sum: 5]
      [GC Worker Other (ms): Min: 0.0, Avg: 0.0, Max: 0.1, Diff: 0.0, Sum: 0.2]
      [GC Worker Total (ms): Min: 15.9, Avg: 15.9, Max: 15.9, Diff: 0.0, Sum: 63.5]
      [GC Worker End (ms): Min: 34908565.3, Avg: 34908565.4, Max: 34908565.4, Diff: 0.0]
   [Code Root Fixup: 0.0 ms]
   [Code Root Purge: 0.0 ms]
   [Clear CT: 0.1 ms]
   [Other: 0.9 ms]
      [Choose CSet: 0.0 ms]
      [Ref Proc: 0.3 ms]
      [Ref Enq: 0.0 ms]
      [Redirty Cards: 0.1 ms]
      [Humongous Register: 0.0 ms]
      [Humongous Reclaim: 0.0 ms]
      [Free CSet: 0.1 ms]
   [Eden: 46.0M(46.0M)->0.0B(101.0M) Survivors: 5120.0K->7168.0K Heap: 347.9M(1024.0M)->303.8M(1024.0M)]
 [Times: user=0.06 sys=0.00, real=0.02 secs] 
2019-11-03T18:47:25.186+0800: 34918.209: [GC pause (G1 Evacuation Pause) (young), 0.0142055 secs]
   [Parallel Time: 13.3 ms, GC Workers: 4]
      [GC Worker Start (ms): Min: 34918208.7, Avg: 34918208.7, Max: 34918208.8, Diff: 0.1]
      [Ext Root Scanning (ms): Min: 0.7, Avg: 0.7, Max: 0.8, Diff: 0.1, Sum: 2.9]
      [Update RS (ms): Min: 1.3, Avg: 1.8, Max: 2.1, Diff: 0.8, Sum: 7.2]
         [Processed Buffers: Min: 1, Avg: 6.8, Max: 10, Diff: 9, Sum: 27]
      [Scan RS (ms): Min: 2.7, Avg: 3.0, Max: 3.4, Diff: 0.7, Sum: 11.9]
      [Code Root Scanning (ms): Min: 0.0, Avg: 0.0, Max: 0.0, Diff: 0.0, Sum: 0.0]
      [Object Copy (ms): Min: 7.6, Avg: 7.7, Max: 7.8, Diff: 0.1, Sum: 30.8]
      [Termination (ms): Min: 0.0, Avg: 0.0, Max: 0.0, Diff: 0.0, Sum: 0.0]
         [Termination Attempts: Min: 1, Avg: 1.0, Max: 1, Diff: 0, Sum: 4]
      [GC Worker Other (ms): Min: 0.0, Avg: 0.0, Max: 0.0, Diff: 0.0, Sum: 0.2]
      [GC Worker Total (ms): Min: 13.2, Avg: 13.2, Max: 13.3, Diff: 0.0, Sum: 53.0]
      [GC Worker End (ms): Min: 34918222.0, Avg: 34918222.0, Max: 34918222.0, Diff: 0.0]
   [Code Root Fixup: 0.0 ms]
   [Code Root Purge: 0.0 ms]
   [Clear CT: 0.1 ms]
   [Other: 0.7 ms]
      [Choose CSet: 0.0 ms]
      [Ref Proc: 0.1 ms]
      [Ref Enq: 0.0 ms]
      [Redirty Cards: 0.1 ms]
      [Humongous Register: 0.0 ms]
      [Humongous Reclaim: 0.0 ms]
      [Free CSet: 0.1 ms]
   [Eden: 44.0M(44.0M)->0.0B(174.0M) Survivors: 7168.0K->5120.0K Heap: 347.8M(1024.0M)->302.6M(1024.0M)]
 [Times: user=0.06 sys=0.01, real=0.02 secs] 
2019-11-03T18:47:35.258+0800: 34928.280: [GC pause (G1 Evacuation Pause) (young), 0.0132389 secs]
   [Parallel Time: 12.4 ms, GC Workers: 4]
      [GC Worker Start (ms): Min: 34928280.6, Avg: 34928281.1, Max: 34928281.6, Diff: 1.0]
      [Ext Root Scanning (ms): Min: 0.0, Avg: 0.5, Max: 1.0, Diff: 1.0, Sum: 2.2]
      [Update RS (ms): Min: 1.8, Avg: 1.8, Max: 1.9, Diff: 0.2, Sum: 7.4]
         [Processed Buffers: Min: 1, Avg: 8.8, Max: 16, Diff: 15, Sum: 35]
      [Scan RS (ms): Min: 2.6, Avg: 3.4, Max: 4.6, Diff: 2.0, Sum: 13.7]
      [Code Root Scanning (ms): Min: 0.0, Avg: 0.0, Max: 0.0, Diff: 0.0, Sum: 0.0]
      [Object Copy (ms): Min: 4.8, Avg: 5.9, Max: 6.6, Diff: 1.8, Sum: 23.5]
      [Termination (ms): Min: 0.0, Avg: 0.0, Max: 0.0, Diff: 0.0, Sum: 0.0]
         [Termination Attempts: Min: 1, Avg: 1.0, Max: 1, Diff: 0, Sum: 4]
      [GC Worker Other (ms): Min: 0.0, Avg: 0.1, Max: 0.2, Diff: 0.2, Sum: 0.3]
      [GC Worker Total (ms): Min: 11.3, Avg: 11.8, Max: 12.3, Diff: 1.0, Sum: 47.2]
      [GC Worker End (ms): Min: 34928292.9, Avg: 34928292.9, Max: 34928292.9, Diff: 0.0]
   [Code Root Fixup: 0.0 ms]
   [Code Root Purge: 0.0 ms]
   [Clear CT: 0.1 ms]
   [Other: 0.8 ms]
      [Choose CSet: 0.0 ms]
      [Ref Proc: 0.2 ms]
      [Ref Enq: 0.0 ms]
      [Redirty Cards: 0.1 ms]
      [Humongous Register: 0.1 ms]
      [Humongous Reclaim: 0.0 ms]
      [Free CSet: 0.1 ms]
   [Eden: 46.0M(46.0M)->0.0B(264.0M) Survivors: 5120.0K->5120.0K Heap: 348.6M(1024.0M)->302.5M(1024.0M)]
 [Times: user=0.04 sys=0.01, real=0.02 secs] 
2019-11-03T18:48:33.836+0800: 34986.856: [GC pause (G1 Evacuation Pause) (young), 0.0270940 secs]
   [Parallel Time: 26.4 ms, GC Workers: 4]
      [GC Worker Start (ms): Min: 34986856.3, Avg: 34986856.4, Max: 34986856.4, Diff: 0.1]
      [Ext Root Scanning (ms): Min: 0.7, Avg: 1.1, Max: 2.4, Diff: 1.8, Sum: 4.5]
      [Update RS (ms): Min: 3.9, Avg: 5.8, Max: 8.2, Diff: 4.3, Sum: 23.0]
         [Processed Buffers: Min: 1, Avg: 9.5, Max: 30, Diff: 29, Sum: 38]
      [Scan RS (ms): Min: 0.0, Avg: 3.5, Max: 5.9, Diff: 5.8, Sum: 14.1]
      [Code Root Scanning (ms): Min: 0.0, Avg: 0.0, Max: 0.0, Diff: 0.0, Sum: 0.0]
      [Object Copy (ms): Min: 15.6, Avg: 15.8, Max: 16.1, Diff: 0.5, Sum: 63.3]
      [Termination (ms): Min: 0.0, Avg: 0.0, Max: 0.0, Diff: 0.0, Sum: 0.0]
         [Termination Attempts: Min: 1, Avg: 1.0, Max: 1, Diff: 0, Sum: 4]
      [GC Worker Other (ms): Min: 0.0, Avg: 0.1, Max: 0.1, Diff: 0.1, Sum: 0.2]
      [GC Worker Total (ms): Min: 26.3, Avg: 26.3, Max: 26.3, Diff: 0.0, Sum: 105.2]
      [GC Worker End (ms): Min: 34986882.6, Avg: 34986882.7, Max: 34986882.7, Diff: 0.1]
   [Code Root Fixup: 0.0 ms]
   [Code Root Purge: 0.0 ms]
   [Clear CT: 0.1 ms]
   [Other: 0.6 ms]
      [Choose CSet: 0.0 ms]
      [Ref Proc: 0.1 ms]
      [Ref Enq: 0.0 ms]
      [Redirty Cards: 0.0 ms]
      [Humongous Register: 0.0 ms]
      [Humongous Reclaim: 0.0 ms]
      [Free CSet: 0.1 ms]
   [Eden: 264.0M(264.0M)->0.0B(109.0M) Survivors: 5120.0K->7168.0K Heap: 566.5M(1024.0M)->304.6M(1024.0M)]
 [Times: user=0.07 sys=0.01, real=0.03 secs] 
2019-11-03T18:48:58.067+0800: 35011.087: [GC pause (G1 Evacuation Pause) (young), 0.0180251 secs]
   [Parallel Time: 17.5 ms, GC Workers: 4]
      [GC Worker Start (ms): Min: 35011086.8, Avg: 35011087.0, Max: 35011087.4, Diff: 0.6]
      [Ext Root Scanning (ms): Min: 0.0, Avg: 0.5, Max: 0.6, Diff: 0.6, Sum: 1.8]
      [Update RS (ms): Min: 1.5, Avg: 1.6, Max: 1.7, Diff: 0.2, Sum: 6.5]
         [Processed Buffers: Min: 2, Avg: 9.0, Max: 14, Diff: 12, Sum: 36]
      [Scan RS (ms): Min: 2.0, Avg: 2.1, Max: 2.1, Diff: 0.1, Sum: 8.4]
      [Code Root Scanning (ms): Min: 0.0, Avg: 0.0, Max: 0.0, Diff: 0.0, Sum: 0.0]
      [Object Copy (ms): Min: 13.0, Avg: 13.0, Max: 13.1, Diff: 0.1, Sum: 52.0]
      [Termination (ms): Min: 0.0, Avg: 0.0, Max: 0.0, Diff: 0.0, Sum: 0.0]
         [Termination Attempts: Min: 1, Avg: 1.0, Max: 1, Diff: 0, Sum: 4]
      [GC Worker Other (ms): Min: 0.0, Avg: 0.0, Max: 0.0, Diff: 0.0, Sum: 0.1]
      [GC Worker Total (ms): Min: 16.8, Avg: 17.2, Max: 17.4, Diff: 0.6, Sum: 68.9]
      [GC Worker End (ms): Min: 35011104.2, Avg: 35011104.2, Max: 35011104.2, Diff: 0.0]
   [Code Root Fixup: 0.0 ms]
   [Code Root Purge: 0.0 ms]
   [Clear CT: 0.1 ms]
   [Other: 0.5 ms]
      [Choose CSet: 0.0 ms]
      [Ref Proc: 0.1 ms]
      [Ref Enq: 0.0 ms]
      [Redirty Cards: 0.0 ms]
      [Humongous Register: 0.0 ms]
      [Humongous Reclaim: 0.0 ms]
      [Free CSet: 0.1 ms]
   [Eden: 109.0M(109.0M)->0.0B(128.0M) Survivors: 7168.0K->7168.0K Heap: 413.6M(1024.0M)->305.1M(1024.0M)]
 [Times: user=0.07 sys=0.01, real=0.02 secs] 
2019-11-03T18:49:26.473+0800: 35039.491: [GC pause (G1 Evacuation Pause) (young), 0.0237488 secs]
   [Parallel Time: 22.9 ms, GC Workers: 4]
      [GC Worker Start (ms): Min: 35039491.2, Avg: 35039491.2, Max: 35039491.2, Diff: 0.1]
      [Ext Root Scanning (ms): Min: 0.7, Avg: 0.8, Max: 0.8, Diff: 0.1, Sum: 3.0]
      [Update RS (ms): Min: 2.7, Avg: 3.1, Max: 3.6, Diff: 0.9, Sum: 12.4]
         [Processed Buffers: Min: 2, Avg: 8.2, Max: 19, Diff: 17, Sum: 33]
      [Scan RS (ms): Min: 3.2, Avg: 3.5, Max: 3.9, Diff: 0.7, Sum: 14.2]
      [Code Root Scanning (ms): Min: 0.0, Avg: 0.0, Max: 0.0, Diff: 0.0, Sum: 0.0]
      [Object Copy (ms): Min: 15.2, Avg: 15.3, Max: 15.4, Diff: 0.2, Sum: 61.3]
      [Termination (ms): Min: 0.0, Avg: 0.0, Max: 0.0, Diff: 0.0, Sum: 0.0]
         [Termination Attempts: Min: 1, Avg: 1.0, Max: 1, Diff: 0, Sum: 4]
      [GC Worker Other (ms): Min: 0.0, Avg: 0.0, Max: 0.1, Diff: 0.0, Sum: 0.2]
      [GC Worker Total (ms): Min: 22.8, Avg: 22.8, Max: 22.8, Diff: 0.1, Sum: 91.1]
      [GC Worker End (ms): Min: 35039514.0, Avg: 35039514.0, Max: 35039514.0, Diff: 0.0]
   [Code Root Fixup: 0.0 ms]
   [Code Root Purge: 0.0 ms]
   [Clear CT: 0.1 ms]
   [Other: 0.7 ms]
      [Choose CSet: 0.0 ms]
      [Ref Proc: 0.2 ms]
      [Ref Enq: 0.0 ms]
      [Redirty Cards: 0.1 ms]
      [Humongous Register: 0.0 ms]
      [Humongous Reclaim: 0.0 ms]
      [Free CSet: 0.1 ms]
   [Eden: 128.0M(128.0M)->0.0B(53.0M) Survivors: 7168.0K->9216.0K Heap: 433.1M(1024.0M)->306.6M(1024.0M)]
 [Times: user=0.09 sys=0.00, real=0.02 secs] 
2019-11-03T18:49:38.147+0800: 35051.165: [GC pause (G1 Evacuation Pause) (young), 0.0264834 secs]
   [Parallel Time: 25.5 ms, GC Workers: 4]
      [GC Worker Start (ms): Min: 35051165.3, Avg: 35051166.6, Max: 35051170.5, Diff: 5.2]
      [Ext Root Scanning (ms): Min: 0.0, Avg: 0.5, Max: 0.6, Diff: 0.6, Sum: 1.8]
      [Update RS (ms): Min: 0.0, Avg: 1.3, Max: 1.8, Diff: 1.8, Sum: 5.2]
         [Processed Buffers: Min: 0, Avg: 8.8, Max: 20, Diff: 20, Sum: 35]
      [Scan RS (ms): Min: 0.0, Avg: 2.0, Max: 2.8, Diff: 2.8, Sum: 8.2]
      [Code Root Scanning (ms): Min: 0.0, Avg: 0.0, Max: 0.0, Diff: 0.0, Sum: 0.0]
      [Object Copy (ms): Min: 20.2, Avg: 20.3, Max: 20.3, Diff: 0.1, Sum: 81.2]
      [Termination (ms): Min: 0.0, Avg: 0.0, Max: 0.0, Diff: 0.0, Sum: 0.0]
         [Termination Attempts: Min: 1, Avg: 1.0, Max: 1, Diff: 0, Sum: 4]
      [GC Worker Other (ms): Min: 0.0, Avg: 0.0, Max: 0.0, Diff: 0.0, Sum: 0.1]
      [GC Worker Total (ms): Min: 20.3, Avg: 24.1, Max: 25.4, Diff: 5.1, Sum: 96.5]
      [GC Worker End (ms): Min: 35051190.7, Avg: 35051190.7, Max: 35051190.7, Diff: 0.0]
   [Code Root Fixup: 0.0 ms]
   [Code Root Purge: 0.0 ms]
   [Clear CT: 0.1 ms]
   [Other: 0.9 ms]
      [Choose CSet: 0.0 ms]
      [Ref Proc: 0.3 ms]
      [Ref Enq: 0.0 ms]
      [Redirty Cards: 0.2 ms]
      [Humongous Register: 0.0 ms]
      [Humongous Reclaim: 0.0 ms]
      [Free CSet: 0.2 ms]
   [Eden: 53.0M(53.0M)->0.0B(125.0M) Survivors: 9216.0K->3072.0K Heap: 359.6M(1024.0M)->305.2M(1024.0M)]
 [Times: user=0.07 sys=0.01, real=0.03 secs] 
2019-11-03T18:49:48.591+0800: 35061.609: [GC pause (G1 Evacuation Pause) (young), 0.0195239 secs]
   [Parallel Time: 18.3 ms, GC Workers: 4]
      [GC Worker Start (ms): Min: 35061608.7, Avg: 35061609.8, Max: 35061612.2, Diff: 3.6]
      [Ext Root Scanning (ms): Min: 0.0, Avg: 0.4, Max: 0.9, Diff: 0.9, Sum: 1.8]
      [Update RS (ms): Min: 0.7, Avg: 2.6, Max: 3.5, Diff: 2.8, Sum: 10.6]
         [Processed Buffers: Min: 5, Avg: 9.0, Max: 12, Diff: 7, Sum: 36]
      [Scan RS (ms): Min: 5.2, Avg: 5.9, Max: 7.5, Diff: 2.3, Sum: 23.5]
      [Code Root Scanning (ms): Min: 0.0, Avg: 0.0, Max: 0.0, Diff: 0.0, Sum: 0.0]
      [Object Copy (ms): Min: 6.5, Avg: 7.9, Max: 8.5, Diff: 2.0, Sum: 31.7]
      [Termination (ms): Min: 0.0, Avg: 0.1, Max: 0.2, Diff: 0.2, Sum: 0.5]
         [Termination Attempts: Min: 1, Avg: 1.0, Max: 1, Diff: 0, Sum: 4]
      [GC Worker Other (ms): Min: 0.0, Avg: 0.0, Max: 0.1, Diff: 0.0, Sum: 0.1]
      [GC Worker Total (ms): Min: 14.7, Avg: 17.1, Max: 18.2, Diff: 3.5, Sum: 68.3]
      [GC Worker End (ms): Min: 35061626.8, Avg: 35061626.9, Max: 35061626.9, Diff: 0.1]
   [Code Root Fixup: 0.0 ms]
   [Code Root Purge: 0.0 ms]
   [Clear CT: 0.1 ms]
   [Other: 1.0 ms]
      [Choose CSet: 0.0 ms]
      [Ref Proc: 0.4 ms]
      [Ref Enq: 0.0 ms]
      [Redirty Cards: 0.1 ms]
      [Humongous Register: 0.0 ms]
      [Humongous Reclaim: 0.0 ms]
      [Free CSet: 0.2 ms]
   [Eden: 48.0M(48.0M)->0.0B(63.0M) Survivors: 3072.0K->4096.0K Heap: 353.2M(1024.0M)->305.7M(1024.0M)]
 [Times: user=0.05 sys=0.00, real=0.02 secs] 
2019-11-03T18:49:58.961+0800: 35071.978: [GC pause (G1 Evacuation Pause) (young), 0.0206487 secs]
   [Parallel Time: 19.9 ms, GC Workers: 4]
      [GC Worker Start (ms): Min: 35071978.2, Avg: 35071978.2, Max: 35071978.2, Diff: 0.1]
      [Ext Root Scanning (ms): Min: 0.8, Avg: 0.8, Max: 0.9, Diff: 0.1, Sum: 3.2]
      [Update RS (ms): Min: 1.3, Avg: 4.0, Max: 5.0, Diff: 3.7, Sum: 15.8]
         [Processed Buffers: Min: 3, Avg: 7.0, Max: 17, Diff: 14, Sum: 28]
      [Scan RS (ms): Min: 3.8, Avg: 5.1, Max: 6.6, Diff: 2.8, Sum: 20.2]
      [Code Root Scanning (ms): Min: 0.0, Avg: 0.0, Max: 0.0, Diff: 0.0, Sum: 0.0]
      [Object Copy (ms): Min: 7.6, Avg: 9.8, Max: 13.8, Diff: 6.2, Sum: 39.3]
      [Termination (ms): Min: 0.0, Avg: 0.0, Max: 0.0, Diff: 0.0, Sum: 0.0]
         [Termination Attempts: Min: 1, Avg: 1.0, Max: 1, Diff: 0, Sum: 4]
      [GC Worker Other (ms): Min: 0.0, Avg: 0.0, Max: 0.1, Diff: 0.0, Sum: 0.2]
      [GC Worker Total (ms): Min: 19.6, Avg: 19.7, Max: 19.7, Diff: 0.1, Sum: 78.7]
      [GC Worker End (ms): Min: 35071997.9, Avg: 35071997.9, Max: 35071997.9, Diff: 0.0]
   [Code Root Fixup: 0.0 ms]
   [Code Root Purge: 0.0 ms]
   [Clear CT: 0.1 ms]
   [Other: 0.6 ms]
      [Choose CSet: 0.0 ms]
      [Ref Proc: 0.1 ms]
      [Ref Enq: 0.0 ms]
      [Redirty Cards: 0.2 ms]
      [Humongous Register: 0.0 ms]
      [Humongous Reclaim: 0.0 ms]
      [Free CSet: 0.1 ms]
   [Eden: 47.0M(47.0M)->0.0B(46.0M) Survivors: 4096.0K->5120.0K Heap: 352.7M(1024.0M)->306.7M(1024.0M)]
 [Times: user=0.06 sys=0.00, real=0.02 secs] 
2019-11-03T18:50:09.203+0800: 35082.219: [GC pause (G1 Evacuation Pause) (young), 0.0143842 secs]
   [Parallel Time: 13.6 ms, GC Workers: 4]
      [GC Worker Start (ms): Min: 35082219.4, Avg: 35082219.4, Max: 35082219.4, Diff: 0.1]
      [Ext Root Scanning (ms): Min: 0.6, Avg: 0.7, Max: 0.7, Diff: 0.1, Sum: 2.7]
      [Update RS (ms): Min: 1.6, Avg: 1.9, Max: 2.4, Diff: 0.8, Sum: 7.8]
         [Processed Buffers: Min: 1, Avg: 8.0, Max: 11, Diff: 10, Sum: 32]
      [Scan RS (ms): Min: 2.8, Avg: 3.2, Max: 3.6, Diff: 0.8, Sum: 12.9]
      [Code Root Scanning (ms): Min: 0.0, Avg: 0.0, Max: 0.0, Diff: 0.0, Sum: 0.0]
      [Object Copy (ms): Min: 7.6, Avg: 7.6, Max: 7.7, Diff: 0.1, Sum: 30.5]
      [Termination (ms): Min: 0.0, Avg: 0.0, Max: 0.1, Diff: 0.1, Sum: 0.2]
         [Termination Attempts: Min: 1, Avg: 1.0, Max: 1, Diff: 0, Sum: 4]
      [GC Worker Other (ms): Min: 0.0, Avg: 0.0, Max: 0.0, Diff: 0.0, Sum: 0.1]
      [GC Worker Total (ms): Min: 13.5, Avg: 13.5, Max: 13.6, Diff: 0.1, Sum: 54.2]
      [GC Worker End (ms): Min: 35082232.9, Avg: 35082232.9, Max: 35082232.9, Diff: 0.0]
   [Code Root Fixup: 0.0 ms]
   [Code Root Purge: 0.0 ms]
   [Clear CT: 0.1 ms]
   [Other: 0.6 ms]
      [Choose CSet: 0.0 ms]
      [Ref Proc: 0.1 ms]
      [Ref Enq: 0.0 ms]
      [Redirty Cards: 0.1 ms]
      [Humongous Register: 0.0 ms]
      [Humongous Reclaim: 0.0 ms]
      [Free CSet: 0.1 ms]
   [Eden: 46.0M(46.0M)->0.0B(50.0M) Survivors: 5120.0K->5120.0K Heap: 352.7M(1024.0M)->306.7M(1024.0M)]
 [Times: user=0.05 sys=0.00, real=0.01 secs] 
2019-11-03T18:50:20.298+0800: 35093.314: [GC pause (G1 Evacuation Pause) (young), 0.0186534 secs]
   [Parallel Time: 17.6 ms, GC Workers: 4]
      [GC Worker Start (ms): Min: 35093314.0, Avg: 35093314.1, Max: 35093314.2, Diff: 0.3]
      [Ext Root Scanning (ms): Min: 0.6, Avg: 0.9, Max: 0.9, Diff: 0.3, Sum: 3.4]
      [Update RS (ms): Min: 2.6, Avg: 2.9, Max: 3.3, Diff: 0.7, Sum: 11.8]
         [Processed Buffers: Min: 2, Avg: 7.0, Max: 11, Diff: 9, Sum: 28]
      [Scan RS (ms): Min: 3.7, Avg: 4.1, Max: 4.5, Diff: 0.8, Sum: 16.6]
      [Code Root Scanning (ms): Min: 0.0, Avg: 0.0, Max: 0.0, Diff: 0.0, Sum: 0.0]
      [Object Copy (ms): Min: 9.4, Avg: 9.5, Max: 9.6, Diff: 0.2, Sum: 38.0]
      [Termination (ms): Min: 0.0, Avg: 0.0, Max: 0.0, Diff: 0.0, Sum: 0.0]
         [Termination Attempts: Min: 1, Avg: 1.0, Max: 1, Diff: 0, Sum: 4]
      [GC Worker Other (ms): Min: 0.0, Avg: 0.0, Max: 0.1, Diff: 0.0, Sum: 0.2]
      [GC Worker Total (ms): Min: 17.3, Avg: 17.5, Max: 17.6, Diff: 0.3, Sum: 69.9]
      [GC Worker End (ms): Min: 35093331.5, Avg: 35093331.5, Max: 35093331.5, Diff: 0.0]
   [Code Root Fixup: 0.0 ms]
   [Code Root Purge: 0.0 ms]
   [Clear CT: 0.1 ms]
   [Other: 0.9 ms]
      [Choose CSet: 0.0 ms]
      [Ref Proc: 0.5 ms]
      [Ref Enq: 0.0 ms]
      [Redirty Cards: 0.1 ms]
      [Humongous Register: 0.0 ms]
      [Humongous Reclaim: 0.0 ms]
      [Free CSet: 0.1 ms]
   [Eden: 50.0M(50.0M)->0.0B(62.0M) Survivors: 5120.0K->5120.0K Heap: 356.7M(1024.0M)->307.2M(1024.0M)]
 [Times: user=0.07 sys=0.00, real=0.02 secs] 
2019-11-03T18:50:34.030+0800: 35107.046: [GC pause (G1 Evacuation Pause) (young), 0.0191229 secs]
   [Parallel Time: 18.3 ms, GC Workers: 4]
      [GC Worker Start (ms): Min: 35107046.3, Avg: 35107046.5, Max: 35107046.9, Diff: 0.6]
      [Ext Root Scanning (ms): Min: 0.4, Avg: 0.8, Max: 1.1, Diff: 0.6, Sum: 3.3]
      [Update RS (ms): Min: 2.7, Avg: 2.8, Max: 2.9, Diff: 0.2, Sum: 11.3]
         [Processed Buffers: Min: 6, Avg: 7.8, Max: 10, Diff: 4, Sum: 31]
      [Scan RS (ms): Min: 4.1, Avg: 4.2, Max: 4.5, Diff: 0.3, Sum: 17.0]
      [Code Root Scanning (ms): Min: 0.0, Avg: 0.0, Max: 0.0, Diff: 0.0, Sum: 0.0]
      [Object Copy (ms): Min: 10.1, Avg: 10.1, Max: 10.2, Diff: 0.1, Sum: 40.5]
      [Termination (ms): Min: 0.0, Avg: 0.0, Max: 0.0, Diff: 0.0, Sum: 0.0]
         [Termination Attempts: Min: 1, Avg: 1.0, Max: 1, Diff: 0, Sum: 4]
      [GC Worker Other (ms): Min: 0.0, Avg: 0.0, Max: 0.1, Diff: 0.0, Sum: 0.2]
      [GC Worker Total (ms): Min: 17.6, Avg: 18.1, Max: 18.2, Diff: 0.6, Sum: 72.2]
      [GC Worker End (ms): Min: 35107064.5, Avg: 35107064.5, Max: 35107064.5, Diff: 0.0]
   [Code Root Fixup: 0.0 ms]
   [Code Root Purge: 0.0 ms]
   [Clear CT: 0.1 ms]
   [Other: 0.7 ms]
      [Choose CSet: 0.0 ms]
      [Ref Proc: 0.2 ms]
      [Ref Enq: 0.0 ms]
      [Redirty Cards: 0.1 ms]
      [Humongous Register: 0.0 ms]
      [Humongous Reclaim: 0.0 ms]
      [Free CSet: 0.1 ms]
   [Eden: 62.0M(62.0M)->0.0B(86.0M) Survivors: 5120.0K->7168.0K Heap: 369.2M(1024.0M)->308.7M(1024.0M)]
 [Times: user=0.07 sys=0.00, real=0.02 secs] 
2019-11-03T18:50:53.066+0800: 35126.081: [GC pause (G1 Evacuation Pause) (young), 0.0198160 secs]
   [Parallel Time: 19.0 ms, GC Workers: 4]
      [GC Worker Start (ms): Min: 35126080.9, Avg: 35126081.4, Max: 35126083.0, Diff: 2.2]
      [Ext Root Scanning (ms): Min: 0.0, Avg: 0.8, Max: 1.0, Diff: 1.0, Sum: 3.0]
      [Update RS (ms): Min: 1.9, Avg: 2.5, Max: 2.8, Diff: 1.0, Sum: 10.1]
         [Processed Buffers: Min: 5, Avg: 8.0, Max: 12, Diff: 7, Sum: 32]
      [Scan RS (ms): Min: 4.0, Avg: 4.2, Max: 4.3, Diff: 0.3, Sum: 16.7]
      [Code Root Scanning (ms): Min: 0.0, Avg: 0.0, Max: 0.0, Diff: 0.0, Sum: 0.0]
      [Object Copy (ms): Min: 10.7, Avg: 10.8, Max: 10.9, Diff: 0.2, Sum: 43.2]
      [Termination (ms): Min: 0.0, Avg: 0.0, Max: 0.0, Diff: 0.0, Sum: 0.0]
         [Termination Attempts: Min: 1, Avg: 1.5, Max: 2, Diff: 1, Sum: 6]
      [GC Worker Other (ms): Min: 0.0, Avg: 0.0, Max: 0.1, Diff: 0.0, Sum: 0.2]
      [GC Worker Total (ms): Min: 16.7, Avg: 18.3, Max: 18.9, Diff: 2.2, Sum: 73.2]
      [GC Worker End (ms): Min: 35126099.7, Avg: 35126099.7, Max: 35126099.8, Diff: 0.0]
   [Code Root Fixup: 0.0 ms]
   [Code Root Purge: 0.0 ms]
   [Clear CT: 0.1 ms]
   [Other: 0.7 ms]
      [Choose CSet: 0.0 ms]
      [Ref Proc: 0.2 ms]
      [Ref Enq: 0.0 ms]
      [Redirty Cards: 0.1 ms]
      [Humongous Register: 0.0 ms]
      [Humongous Reclaim: 0.0 ms]
      [Free CSet: 0.1 ms]
   [Eden: 86.0M(86.0M)->0.0B(88.0M) Survivors: 7168.0K->7168.0K Heap: 394.7M(1024.0M)->308.7M(1024.0M)]
 [Times: user=0.07 sys=0.00, real=0.02 secs] 
2019-11-03T18:51:12.383+0800: 35145.397: [GC pause (G1 Evacuation Pause) (young), 0.0213231 secs]
   [Parallel Time: 20.0 ms, GC Workers: 4]
      [GC Worker Start (ms): Min: 35145397.1, Avg: 35145397.1, Max: 35145397.2, Diff: 0.1]
      [Ext Root Scanning (ms): Min: 0.7, Avg: 0.8, Max: 0.8, Diff: 0.1, Sum: 3.1]
      [Update RS (ms): Min: 2.2, Avg: 2.4, Max: 2.5, Diff: 0.3, Sum: 9.4]
         [Processed Buffers: Min: 3, Avg: 8.2, Max: 16, Diff: 13, Sum: 33]
      [Scan RS (ms): Min: 4.3, Avg: 4.5, Max: 4.6, Diff: 0.2, Sum: 17.9]
      [Code Root Scanning (ms): Min: 0.0, Avg: 0.0, Max: 0.0, Diff: 0.0, Sum: 0.0]
      [Object Copy (ms): Min: 12.1, Avg: 12.2, Max: 12.4, Diff: 0.3, Sum: 48.9]
      [Termination (ms): Min: 0.0, Avg: 0.0, Max: 0.0, Diff: 0.0, Sum: 0.0]
         [Termination Attempts: Min: 1, Avg: 1.0, Max: 1, Diff: 0, Sum: 4]
      [GC Worker Other (ms): Min: 0.0, Avg: 0.0, Max: 0.0, Diff: 0.0, Sum: 0.1]
      [GC Worker Total (ms): Min: 19.8, Avg: 19.9, Max: 19.9, Diff: 0.1, Sum: 79.5]
      [GC Worker End (ms): Min: 35145417.0, Avg: 35145417.0, Max: 35145417.0, Diff: 0.0]
   [Code Root Fixup: 0.0 ms]
   [Code Root Purge: 0.0 ms]
   [Clear CT: 0.2 ms]
   [Other: 1.2 ms]
      [Choose CSet: 0.0 ms]
      [Ref Proc: 0.7 ms]
      [Ref Enq: 0.0 ms]
      [Redirty Cards: 0.1 ms]
      [Humongous Register: 0.0 ms]
      [Humongous Reclaim: 0.0 ms]
      [Free CSet: 0.1 ms]
   [Eden: 88.0M(88.0M)->0.0B(59.0M) Survivors: 7168.0K->7168.0K Heap: 396.7M(1024.0M)->308.7M(1024.0M)]
 [Times: user=0.07 sys=0.00, real=0.02 secs] 
2019-11-03T18:51:25.355+0800: 35158.369: [GC pause (G1 Evacuation Pause) (young), 0.0242776 secs]
   [Parallel Time: 23.5 ms, GC Workers: 4]
      [GC Worker Start (ms): Min: 35158368.7, Avg: 35158368.8, Max: 35158368.9, Diff: 0.1]
      [Ext Root Scanning (ms): Min: 0.8, Avg: 0.9, Max: 0.9, Diff: 0.1, Sum: 3.4]
      [Update RS (ms): Min: 2.1, Avg: 2.4, Max: 2.8, Diff: 0.7, Sum: 9.7]
         [Processed Buffers: Min: 4, Avg: 8.0, Max: 14, Diff: 10, Sum: 32]
      [Scan RS (ms): Min: 3.8, Avg: 4.1, Max: 4.4, Diff: 0.7, Sum: 16.5]
      [Code Root Scanning (ms): Min: 0.0, Avg: 0.0, Max: 0.0, Diff: 0.0, Sum: 0.0]
      [Object Copy (ms): Min: 15.8, Avg: 15.9, Max: 16.0, Diff: 0.3, Sum: 63.6]
      [Termination (ms): Min: 0.0, Avg: 0.0, Max: 0.0, Diff: 0.0, Sum: 0.0]
         [Termination Attempts: Min: 1, Avg: 1.0, Max: 1, Diff: 0, Sum: 4]
      [GC Worker Other (ms): Min: 0.0, Avg: 0.0, Max: 0.0, Diff: 0.0, Sum: 0.2]
      [GC Worker Total (ms): Min: 23.3, Avg: 23.4, Max: 23.4, Diff: 0.1, Sum: 93.5]
      [GC Worker End (ms): Min: 35158392.1, Avg: 35158392.1, Max: 35158392.2, Diff: 0.0]
   [Code Root Fixup: 0.0 ms]
   [Code Root Purge: 0.0 ms]
   [Clear CT: 0.1 ms]
   [Other: 0.7 ms]
      [Choose CSet: 0.0 ms]
      [Ref Proc: 0.3 ms]
      [Ref Enq: 0.0 ms]
      [Redirty Cards: 0.1 ms]
      [Humongous Register: 0.0 ms]
      [Humongous Reclaim: 0.0 ms]
      [Free CSet: 0.1 ms]
   [Eden: 59.0M(59.0M)->0.0B(45.0M) Survivors: 7168.0K->6144.0K Heap: 367.7M(1024.0M)->309.6M(1024.0M)]
 [Times: user=0.08 sys=0.01, real=0.02 secs] 
2019-11-03T18:51:35.291+0800: 35168.304: [GC pause (G1 Evacuation Pause) (young), 0.0180438 secs]
   [Parallel Time: 17.3 ms, GC Workers: 4]
      [GC Worker Start (ms): Min: 35168304.6, Avg: 35168304.6, Max: 35168304.7, Diff: 0.1]
      [Ext Root Scanning (ms): Min: 0.8, Avg: 0.8, Max: 0.9, Diff: 0.1, Sum: 3.4]
      [Update RS (ms): Min: 1.5, Avg: 2.0, Max: 2.3, Diff: 0.8, Sum: 7.9]
         [Processed Buffers: Min: 3, Avg: 8.5, Max: 16, Diff: 13, Sum: 34]
      [Scan RS (ms): Min: 3.7, Avg: 4.2, Max: 4.6, Diff: 0.9, Sum: 16.8]
      [Code Root Scanning (ms): Min: 0.0, Avg: 0.0, Max: 0.0, Diff: 0.0, Sum: 0.0]
      [Object Copy (ms): Min: 9.9, Avg: 10.1, Max: 10.3, Diff: 0.4, Sum: 40.4]
      [Termination (ms): Min: 0.0, Avg: 0.0, Max: 0.0, Diff: 0.0, Sum: 0.0]
         [Termination Attempts: Min: 1, Avg: 1.0, Max: 1, Diff: 0, Sum: 4]
      [GC Worker Other (ms): Min: 0.0, Avg: 0.0, Max: 0.1, Diff: 0.0, Sum: 0.2]
      [GC Worker Total (ms): Min: 17.2, Avg: 17.2, Max: 17.2, Diff: 0.0, Sum: 68.7]
      [GC Worker End (ms): Min: 35168321.8, Avg: 35168321.8, Max: 35168321.8, Diff: 0.0]
   [Code Root Fixup: 0.0 ms]
   [Code Root Purge: 0.0 ms]
   [Clear CT: 0.1 ms]
   [Other: 0.7 ms]
      [Choose CSet: 0.0 ms]
      [Ref Proc: 0.2 ms]
      [Ref Enq: 0.0 ms]
      [Redirty Cards: 0.1 ms]
      [Humongous Register: 0.0 ms]
      [Humongous Reclaim: 0.0 ms]
      [Free CSet: 0.1 ms]
   [Eden: 45.0M(45.0M)->0.0B(98.0M) Survivors: 6144.0K->5120.0K Heap: 354.6M(1024.0M)->309.3M(1024.0M)]
 [Times: user=0.06 sys=0.00, real=0.01 secs] 
2019-11-03T18:51:45.469+0800: 35178.482: [GC pause (G1 Evacuation Pause) (young), 0.0198206 secs]
   [Parallel Time: 18.9 ms, GC Workers: 4]
      [GC Worker Start (ms): Min: 35178482.3, Avg: 35178482.5, Max: 35178482.9, Diff: 0.5]
      [Ext Root Scanning (ms): Min: 0.4, Avg: 0.8, Max: 0.9, Diff: 0.5, Sum: 3.2]
      [Update RS (ms): Min: 1.9, Avg: 2.1, Max: 2.6, Diff: 0.7, Sum: 8.6]
         [Processed Buffers: Min: 1, Avg: 8.2, Max: 12, Diff: 11, Sum: 33]
      [Scan RS (ms): Min: 5.0, Avg: 5.5, Max: 5.8, Diff: 0.9, Sum: 21.9]
      [Code Root Scanning (ms): Min: 0.0, Avg: 0.0, Max: 0.0, Diff: 0.0, Sum: 0.0]
      [Object Copy (ms): Min: 10.1, Avg: 10.3, Max: 10.4, Diff: 0.3, Sum: 41.1]
      [Termination (ms): Min: 0.0, Avg: 0.0, Max: 0.0, Diff: 0.0, Sum: 0.0]
         [Termination Attempts: Min: 1, Avg: 1.0, Max: 1, Diff: 0, Sum: 4]
      [GC Worker Other (ms): Min: 0.0, Avg: 0.0, Max: 0.0, Diff: 0.0, Sum: 0.1]
      [GC Worker Total (ms): Min: 18.3, Avg: 18.7, Max: 18.8, Diff: 0.5, Sum: 74.8]
      [GC Worker End (ms): Min: 35178501.2, Avg: 35178501.2, Max: 35178501.2, Diff: 0.0]
   [Code Root Fixup: 0.0 ms]
   [Code Root Purge: 0.0 ms]
   [Clear CT: 0.1 ms]
   [Other: 0.8 ms]
      [Choose CSet: 0.0 ms]
      [Ref Proc: 0.3 ms]
      [Ref Enq: 0.0 ms]
      [Redirty Cards: 0.1 ms]
      [Humongous Register: 0.0 ms]
      [Humongous Reclaim: 0.0 ms]
      [Free CSet: 0.1 ms]
   [Eden: 46.0M(46.0M)->0.0B(74.0M) Survivors: 5120.0K->7168.0K Heap: 355.3M(1024.0M)->311.3M(1024.0M)]
 [Times: user=0.07 sys=0.00, real=0.02 secs] 
2019-11-03T18:51:56.710+0800: 35189.723: [GC pause (G1 Evacuation Pause) (young), 0.0218571 secs]
   [Parallel Time: 21.0 ms, GC Workers: 4]
      [GC Worker Start (ms): Min: 35189723.5, Avg: 35189723.9, Max: 35189725.0, Diff: 1.5]
      [Ext Root Scanning (ms): Min: 0.1, Avg: 1.2, Max: 1.6, Diff: 1.5, Sum: 4.7]
      [Update RS (ms): Min: 1.6, Avg: 2.2, Max: 2.7, Diff: 1.1, Sum: 8.9]
         [Processed Buffers: Min: 5, Avg: 8.0, Max: 12, Diff: 7, Sum: 32]
      [Scan RS (ms): Min: 5.2, Avg: 5.7, Max: 6.3, Diff: 1.1, Sum: 22.7]
      [Code Root Scanning (ms): Min: 0.0, Avg: 0.0, Max: 0.0, Diff: 0.0, Sum: 0.0]
      [Object Copy (ms): Min: 11.3, Avg: 11.4, Max: 11.5, Diff: 0.2, Sum: 45.7]
      [Termination (ms): Min: 0.0, Avg: 0.0, Max: 0.0, Diff: 0.0, Sum: 0.0]
         [Termination Attempts: Min: 1, Avg: 1.0, Max: 1, Diff: 0, Sum: 4]
      [GC Worker Other (ms): Min: 0.0, Avg: 0.0, Max: 0.0, Diff: 0.0, Sum: 0.2]
      [GC Worker Total (ms): Min: 19.4, Avg: 20.6, Max: 21.0, Diff: 1.6, Sum: 82.2]
      [GC Worker End (ms): Min: 35189744.4, Avg: 35189744.4, Max: 35189744.4, Diff: 0.0]
   [Code Root Fixup: 0.0 ms]
   [Code Root Purge: 0.0 ms]
   [Clear CT: 0.1 ms]
   [Other: 0.7 ms]
      [Choose CSet: 0.0 ms]
      [Ref Proc: 0.1 ms]
      [Ref Enq: 0.0 ms]
      [Redirty Cards: 0.1 ms]
      [Humongous Register: 0.2 ms]
      [Humongous Reclaim: 0.0 ms]
      [Free CSet: 0.1 ms]
   [Eden: 51.0M(44.0M)->0.0B(74.0M) Survivors: 7168.0K->5120.0K Heap: 362.3M(1024.0M)->310.7M(1024.0M)]
 [Times: user=0.06 sys=0.01, real=0.02 secs] 
2019-11-03T18:52:06.717+0800: 35199.729: [GC pause (G1 Evacuation Pause) (young), 0.0193075 secs]
   [Parallel Time: 18.6 ms, GC Workers: 4]
      [GC Worker Start (ms): Min: 35199729.1, Avg: 35199730.3, Max: 35199733.6, Diff: 4.5]
      [Ext Root Scanning (ms): Min: 0.0, Avg: 1.0, Max: 1.5, Diff: 1.5, Sum: 4.1]
      [Update RS (ms): Min: 0.6, Avg: 2.8, Max: 3.8, Diff: 3.2, Sum: 11.3]
         [Processed Buffers: Min: 6, Avg: 8.5, Max: 11, Diff: 5, Sum: 34]
      [Scan RS (ms): Min: 4.6, Avg: 4.9, Max: 5.1, Diff: 0.4, Sum: 19.6]
      [Code Root Scanning (ms): Min: 0.0, Avg: 0.0, Max: 0.0, Diff: 0.0, Sum: 0.0]
      [Object Copy (ms): Min: 8.3, Avg: 8.6, Max: 8.8, Diff: 0.5, Sum: 34.3]
      [Termination (ms): Min: 0.0, Avg: 0.0, Max: 0.0, Diff: 0.0, Sum: 0.0]
         [Termination Attempts: Min: 1, Avg: 3.8, Max: 7, Diff: 6, Sum: 15]
      [GC Worker Other (ms): Min: 0.0, Avg: 0.0, Max: 0.0, Diff: 0.0, Sum: 0.1]
      [GC Worker Total (ms): Min: 14.0, Avg: 17.4, Max: 18.5, Diff: 4.5, Sum: 69.5]
      [GC Worker End (ms): Min: 35199747.7, Avg: 35199747.7, Max: 35199747.7, Diff: 0.0]
   [Code Root Fixup: 0.0 ms]
   [Code Root Purge: 0.0 ms]
   [Clear CT: 0.1 ms]
   [Other: 0.6 ms]
      [Choose CSet: 0.0 ms]
      [Ref Proc: 0.1 ms]
      [Ref Enq: 0.0 ms]
      [Redirty Cards: 0.1 ms]
      [Humongous Register: 0.0 ms]
      [Humongous Reclaim: 0.0 ms]
      [Free CSet: 0.1 ms]
   [Eden: 46.0M(46.0M)->0.0B(72.0M) Survivors: 5120.0K->5120.0K Heap: 356.7M(1024.0M)->311.1M(1024.0M)]
 [Times: user=0.06 sys=0.01, real=0.02 secs] 
2019-11-03T18:52:16.844+0800: 35209.856: [GC pause (G1 Evacuation Pause) (young), 0.0198804 secs]
   [Parallel Time: 19.0 ms, GC Workers: 4]
      [GC Worker Start (ms): Min: 35209856.2, Avg: 35209856.3, Max: 35209856.3, Diff: 0.1]
      [Ext Root Scanning (ms): Min: 0.7, Avg: 0.7, Max: 0.8, Diff: 0.1, Sum: 2.9]
      [Update RS (ms): Min: 2.3, Avg: 3.6, Max: 7.4, Diff: 5.1, Sum: 14.6]
         [Processed Buffers: Min: 6, Avg: 8.5, Max: 14, Diff: 8, Sum: 34]
      [Scan RS (ms): Min: 1.8, Avg: 5.7, Max: 7.2, Diff: 5.4, Sum: 22.7]
      [Code Root Scanning (ms): Min: 0.0, Avg: 0.0, Max: 0.0, Diff: 0.0, Sum: 0.0]
      [Object Copy (ms): Min: 6.5, Avg: 8.2, Max: 8.9, Diff: 2.3, Sum: 32.8]
      [Termination (ms): Min: 0.0, Avg: 0.0, Max: 0.0, Diff: 0.0, Sum: 0.0]
         [Termination Attempts: Min: 1, Avg: 1.0, Max: 1, Diff: 0, Sum: 4]
      [GC Worker Other (ms): Min: 0.0, Avg: 0.6, Max: 2.3, Diff: 2.3, Sum: 2.5]
      [GC Worker Total (ms): Min: 18.8, Avg: 18.9, Max: 18.9, Diff: 0.1, Sum: 75.5]
      [GC Worker End (ms): Min: 35209875.1, Avg: 35209875.2, Max: 35209875.2, Diff: 0.0]
   [Code Root Fixup: 0.0 ms]
   [Code Root Purge: 0.0 ms]
   [Clear CT: 0.1 ms]
   [Other: 0.8 ms]
      [Choose CSet: 0.0 ms]
      [Ref Proc: 0.2 ms]
      [Ref Enq: 0.0 ms]
      [Redirty Cards: 0.1 ms]
      [Humongous Register: 0.0 ms]
      [Humongous Reclaim: 0.0 ms]
      [Free CSet: 0.1 ms]
   [Eden: 46.0M(46.0M)->0.0B(65.0M) Survivors: 5120.0K->5120.0K Heap: 357.1M(1024.0M)->311.3M(1024.0M)]
 [Times: user=0.07 sys=0.00, real=0.02 secs] 
2019-11-03T18:52:27.047+0800: 35220.059: [GC pause (G1 Evacuation Pause) (young), 0.0173122 secs]
   [Parallel Time: 16.3 ms, GC Workers: 4]
      [GC Worker Start (ms): Min: 35220059.1, Avg: 35220059.6, Max: 35220060.6, Diff: 1.5]
      [Ext Root Scanning (ms): Min: 0.0, Avg: 0.9, Max: 1.4, Diff: 1.3, Sum: 3.5]
      [Update RS (ms): Min: 2.1, Avg: 2.7, Max: 3.3, Diff: 1.2, Sum: 11.0]
         [Processed Buffers: Min: 5, Avg: 7.2, Max: 12, Diff: 7, Sum: 29]
      [Scan RS (ms): Min: 4.4, Avg: 4.7, Max: 4.8, Diff: 0.4, Sum: 18.7]
      [Code Root Scanning (ms): Min: 0.0, Avg: 0.0, Max: 0.0, Diff: 0.0, Sum: 0.0]
      [Object Copy (ms): Min: 7.1, Avg: 7.4, Max: 8.1, Diff: 0.9, Sum: 29.6]
      [Termination (ms): Min: 0.0, Avg: 0.0, Max: 0.0, Diff: 0.0, Sum: 0.0]
         [Termination Attempts: Min: 1, Avg: 1.0, Max: 1, Diff: 0, Sum: 4]
      [GC Worker Other (ms): Min: 0.0, Avg: 0.0, Max: 0.0, Diff: 0.0, Sum: 0.1]
      [GC Worker Total (ms): Min: 14.8, Avg: 15.7, Max: 16.2, Diff: 1.5, Sum: 62.9]
      [GC Worker End (ms): Min: 35220075.4, Avg: 35220075.4, Max: 35220075.4, Diff: 0.0]
   [Code Root Fixup: 0.0 ms]
   [Code Root Purge: 0.0 ms]
   [Clear CT: 0.1 ms]
   [Other: 0.8 ms]
      [Choose CSet: 0.0 ms]
      [Ref Proc: 0.2 ms]
      [Ref Enq: 0.0 ms]
      [Redirty Cards: 0.1 ms]
      [Humongous Register: 0.1 ms]
      [Humongous Reclaim: 0.0 ms]
      [Free CSet: 0.1 ms]
   [Eden: 46.0M(46.0M)->0.0B(122.0M) Survivors: 5120.0K->5120.0K Heap: 357.3M(1024.0M)->311.3M(1024.0M)]
 [Times: user=0.06 sys=0.00, real=0.02 secs] 
2019-11-03T18:52:37.112+0800: 35230.123: [GC pause (G1 Evacuation Pause) (young), 0.0159561 secs]
   [Parallel Time: 14.8 ms, GC Workers: 4]
      [GC Worker Start (ms): Min: 35230123.7, Avg: 35230123.9, Max: 35230124.6, Diff: 0.9]
      [Ext Root Scanning (ms): Min: 0.0, Avg: 0.6, Max: 0.9, Diff: 0.9, Sum: 2.4]
      [Update RS (ms): Min: 1.6, Avg: 1.7, Max: 1.9, Diff: 0.3, Sum: 6.9]
         [Processed Buffers: Min: 3, Avg: 8.2, Max: 14, Diff: 11, Sum: 33]
      [Scan RS (ms): Min: 3.2, Avg: 3.4, Max: 3.5, Diff: 0.4, Sum: 13.4]
      [Code Root Scanning (ms): Min: 0.0, Avg: 0.0, Max: 0.0, Diff: 0.0, Sum: 0.0]
      [Object Copy (ms): Min: 8.7, Avg: 8.7, Max: 8.8, Diff: 0.1, Sum: 34.9]
      [Termination (ms): Min: 0.0, Avg: 0.0, Max: 0.0, Diff: 0.0, Sum: 0.0]
         [Termination Attempts: Min: 1, Avg: 2.0, Max: 5, Diff: 4, Sum: 8]
      [GC Worker Other (ms): Min: 0.0, Avg: 0.0, Max: 0.0, Diff: 0.0, Sum: 0.1]
      [GC Worker Total (ms): Min: 13.8, Avg: 14.5, Max: 14.7, Diff: 0.9, Sum: 57.8]
      [GC Worker End (ms): Min: 35230138.4, Avg: 35230138.4, Max: 35230138.4, Diff: 0.0]
   [Code Root Fixup: 0.0 ms]
   [Code Root Purge: 0.0 ms]
   [Clear CT: 0.1 ms]
   [Other: 1.1 ms]
      [Choose CSet: 0.0 ms]
      [Ref Proc: 0.5 ms]
      [Ref Enq: 0.0 ms]
      [Redirty Cards: 0.1 ms]
      [Humongous Register: 0.1 ms]
      [Humongous Reclaim: 0.0 ms]
      [Free CSet: 0.1 ms]
   [Eden: 46.0M(46.0M)->0.0B(171.0M) Survivors: 5120.0K->6144.0K Heap: 357.3M(1024.0M)->312.8M(1024.0M)]
 [Times: user=0.05 sys=0.00, real=0.01 secs] 
2019-11-03T18:53:03.778+0800: 35256.788: [GC pause (G1 Evacuation Pause) (young), 0.0234151 secs]
   [Parallel Time: 22.2 ms, GC Workers: 4]
      [GC Worker Start (ms): Min: 35256788.5, Avg: 35256788.5, Max: 35256788.5, Diff: 0.1]
      [Ext Root Scanning (ms): Min: 0.8, Avg: 0.9, Max: 0.9, Diff: 0.1, Sum: 3.4]
      [Update RS (ms): Min: 2.7, Avg: 2.9, Max: 3.4, Diff: 0.7, Sum: 11.7]
         [Processed Buffers: Min: 1, Avg: 9.0, Max: 16, Diff: 15, Sum: 36]
      [Scan RS (ms): Min: 5.0, Avg: 5.5, Max: 5.8, Diff: 0.8, Sum: 22.1]
      [Code Root Scanning (ms): Min: 0.0, Avg: 0.0, Max: 0.0, Diff: 0.0, Sum: 0.0]
      [Object Copy (ms): Min: 12.2, Avg: 12.3, Max: 12.4, Diff: 0.1, Sum: 49.2]
      [Termination (ms): Min: 0.0, Avg: 0.4, Max: 0.5, Diff: 0.5, Sum: 1.5]
         [Termination Attempts: Min: 1, Avg: 1.0, Max: 1, Diff: 0, Sum: 4]
      [GC Worker Other (ms): Min: 0.0, Avg: 0.0, Max: 0.0, Diff: 0.0, Sum: 0.1]
      [GC Worker Total (ms): Min: 21.8, Avg: 22.0, Max: 22.1, Diff: 0.4, Sum: 88.0]
      [GC Worker End (ms): Min: 35256810.2, Avg: 35256810.5, Max: 35256810.6, Diff: 0.4]
   [Code Root Fixup: 0.0 ms]
   [Code Root Purge: 0.0 ms]
   [Clear CT: 0.1 ms]
   [Other: 1.1 ms]
      [Choose CSet: 0.0 ms]
      [Ref Proc: 0.5 ms]
      [Ref Enq: 0.0 ms]
      [Redirty Cards: 0.1 ms]
      [Humongous Register: 0.0 ms]
      [Humongous Reclaim: 0.0 ms]
      [Free CSet: 0.1 ms]
   [Eden: 121.0M(45.0M)->0.0B(76.0M) Survivors: 6144.0K->5120.0K Heap: 433.8M(1024.0M)->312.2M(1024.0M)]
 [Times: user=0.08 sys=0.00, real=0.03 secs] 
2019-11-03T18:53:13.869+0800: 35266.879: [GC pause (G1 Evacuation Pause) (young), 0.0218021 secs]
   [Parallel Time: 21.0 ms, GC Workers: 4]
      [GC Worker Start (ms): Min: 35266879.5, Avg: 35266881.1, Max: 35266882.5, Diff: 3.1]
      [Ext Root Scanning (ms): Min: 0.0, Avg: 0.8, Max: 2.2, Diff: 2.2, Sum: 3.3]
      [Update RS (ms): Min: 1.8, Avg: 2.5, Max: 2.9, Diff: 1.1, Sum: 10.0]
         [Processed Buffers: Min: 3, Avg: 8.2, Max: 18, Diff: 15, Sum: 33]
      [Scan RS (ms): Min: 4.8, Avg: 5.0, Max: 5.3, Diff: 0.5, Sum: 20.2]
      [Code Root Scanning (ms): Min: 0.0, Avg: 0.0, Max: 0.0, Diff: 0.0, Sum: 0.0]
      [Object Copy (ms): Min: 10.7, Avg: 10.8, Max: 11.0, Diff: 0.3, Sum: 43.2]
      [Termination (ms): Min: 0.0, Avg: 0.0, Max: 0.0, Diff: 0.0, Sum: 0.0]
         [Termination Attempts: Min: 1, Avg: 1.0, Max: 1, Diff: 0, Sum: 4]
      [GC Worker Other (ms): Min: 0.0, Avg: 0.0, Max: 0.1, Diff: 0.0, Sum: 0.1]
      [GC Worker Total (ms): Min: 17.8, Avg: 19.2, Max: 20.9, Diff: 3.1, Sum: 76.8]
      [GC Worker End (ms): Min: 35266900.3, Avg: 35266900.3, Max: 35266900.3, Diff: 0.0]
   [Code Root Fixup: 0.0 ms]
   [Code Root Purge: 0.0 ms]
   [Clear CT: 0.1 ms]
   [Other: 0.7 ms]
      [Choose CSet: 0.0 ms]
      [Ref Proc: 0.1 ms]
      [Ref Enq: 0.0 ms]
      [Redirty Cards: 0.1 ms]
      [Humongous Register: 0.1 ms]
      [Humongous Reclaim: 0.0 ms]
      [Free CSet: 0.1 ms]
   [Eden: 46.0M(46.0M)->0.0B(72.0M) Survivors: 5120.0K->5120.0K Heap: 358.2M(1024.0M)->313.5M(1024.0M)]
 [Times: user=0.06 sys=0.00, real=0.03 secs] 
2019-11-03T18:53:24.106+0800: 35277.115: [GC pause (G1 Evacuation Pause) (young), 0.0191414 secs]
   [Parallel Time: 18.4 ms, GC Workers: 4]
      [GC Worker Start (ms): Min: 35277115.3, Avg: 35277115.4, Max: 35277115.6, Diff: 0.3]
      [Ext Root Scanning (ms): Min: 0.6, Avg: 0.8, Max: 0.9, Diff: 0.3, Sum: 3.2]
      [Update RS (ms): Min: 2.3, Avg: 2.4, Max: 2.6, Diff: 0.4, Sum: 9.6]
         [Processed Buffers: Min: 3, Avg: 8.2, Max: 20, Diff: 17, Sum: 33]
      [Scan RS (ms): Min: 6.0, Avg: 6.2, Max: 6.3, Diff: 0.3, Sum: 24.8]
      [Code Root Scanning (ms): Min: 0.0, Avg: 0.0, Max: 0.0, Diff: 0.0, Sum: 0.0]
      [Object Copy (ms): Min: 8.7, Avg: 8.7, Max: 8.8, Diff: 0.1, Sum: 35.0]
      [Termination (ms): Min: 0.0, Avg: 0.0, Max: 0.0, Diff: 0.0, Sum: 0.0]
         [Termination Attempts: Min: 1, Avg: 1.0, Max: 1, Diff: 0, Sum: 4]
      [GC Worker Other (ms): Min: 0.0, Avg: 0.0, Max: 0.1, Diff: 0.0, Sum: 0.2]
      [GC Worker Total (ms): Min: 18.0, Avg: 18.2, Max: 18.3, Diff: 0.3, Sum: 72.8]
      [GC Worker End (ms): Min: 35277133.6, Avg: 35277133.6, Max: 35277133.6, Diff: 0.0]
   [Code Root Fixup: 0.0 ms]
   [Code Root Purge: 0.0 ms]
   [Clear CT: 0.1 ms]
   [Other: 0.7 ms]
      [Choose CSet: 0.0 ms]
      [Ref Proc: 0.2 ms]
      [Ref Enq: 0.0 ms]
      [Redirty Cards: 0.0 ms]
      [Humongous Register: 0.1 ms]
      [Humongous Reclaim: 0.0 ms]
      [Free CSet: 0.1 ms]
   [Eden: 46.0M(46.0M)->0.0B(87.0M) Survivors: 5120.0K->5120.0K Heap: 359.5M(1024.0M)->313.0M(1024.0M)]
 [Times: user=0.07 sys=0.00, real=0.02 secs] 
2019-11-03T18:53:34.271+0800: 35287.280: [GC pause (G1 Evacuation Pause) (young), 0.0185937 secs]
   [Parallel Time: 17.7 ms, GC Workers: 4]
      [GC Worker Start (ms): Min: 35287280.4, Avg: 35287280.7, Max: 35287281.6, Diff: 1.2]
      [Ext Root Scanning (ms): Min: 0.0, Avg: 0.8, Max: 1.2, Diff: 1.2, Sum: 3.3]
      [Update RS (ms): Min: 0.8, Avg: 1.9, Max: 2.4, Diff: 1.6, Sum: 7.5]
         [Processed Buffers: Min: 3, Avg: 8.5, Max: 13, Diff: 10, Sum: 34]
      [Scan RS (ms): Min: 4.8, Avg: 4.9, Max: 5.0, Diff: 0.3, Sum: 19.7]
      [Code Root Scanning (ms): Min: 0.0, Avg: 0.0, Max: 0.0, Diff: 0.0, Sum: 0.0]
      [Object Copy (ms): Min: 9.2, Avg: 9.6, Max: 10.7, Diff: 1.4, Sum: 38.6]
      [Termination (ms): Min: 0.0, Avg: 0.0, Max: 0.0, Diff: 0.0, Sum: 0.0]
         [Termination Attempts: Min: 1, Avg: 1.2, Max: 2, Diff: 1, Sum: 5]
      [GC Worker Other (ms): Min: 0.0, Avg: 0.0, Max: 0.1, Diff: 0.0, Sum: 0.1]
      [GC Worker Total (ms): Min: 16.4, Avg: 17.3, Max: 17.7, Diff: 1.3, Sum: 69.3]
      [GC Worker End (ms): Min: 35287298.0, Avg: 35287298.1, Max: 35287298.1, Diff: 0.0]
   [Code Root Fixup: 0.0 ms]
   [Code Root Purge: 0.0 ms]
   [Clear CT: 0.1 ms]
   [Other: 0.7 ms]
      [Choose CSet: 0.0 ms]
      [Ref Proc: 0.1 ms]
      [Ref Enq: 0.0 ms]
      [Redirty Cards: 0.1 ms]
      [Humongous Register: 0.1 ms]
      [Humongous Reclaim: 0.0 ms]
      [Free CSet: 0.1 ms]
   [Eden: 46.0M(46.0M)->0.0B(106.0M) Survivors: 5120.0K->7168.0K Heap: 359.0M(1024.0M)->315.0M(1024.0M)]
 [Times: user=0.07 sys=0.00, real=0.02 secs] 
2019-11-03T18:53:57.773+0800: 35310.781: [GC pause (G1 Evacuation Pause) (young), 0.0213116 secs]
   [Parallel Time: 20.3 ms, GC Workers: 4]
      [GC Worker Start (ms): Min: 35310781.6, Avg: 35310781.6, Max: 35310781.7, Diff: 0.1]
      [Ext Root Scanning (ms): Min: 0.8, Avg: 0.9, Max: 0.9, Diff: 0.1, Sum: 3.4]
      [Update RS (ms): Min: 2.8, Avg: 3.0, Max: 3.2, Diff: 0.3, Sum: 11.9]
         [Processed Buffers: Min: 7, Avg: 9.5, Max: 13, Diff: 6, Sum: 38]
      [Scan RS (ms): Min: 5.3, Avg: 5.5, Max: 5.7, Diff: 0.5, Sum: 22.0]
      [Code Root Scanning (ms): Min: 0.0, Avg: 0.0, Max: 0.0, Diff: 0.0, Sum: 0.0]
      [Object Copy (ms): Min: 10.3, Avg: 10.5, Max: 10.6, Diff: 0.4, Sum: 42.0]
      [Termination (ms): Min: 0.0, Avg: 0.1, Max: 0.4, Diff: 0.4, Sum: 0.6]
         [Termination Attempts: Min: 1, Avg: 1.0, Max: 1, Diff: 0, Sum: 4]
      [GC Worker Other (ms): Min: 0.0, Avg: 0.0, Max: 0.0, Diff: 0.0, Sum: 0.1]
      [GC Worker Total (ms): Min: 19.9, Avg: 20.0, Max: 20.2, Diff: 0.3, Sum: 80.0]
      [GC Worker End (ms): Min: 35310801.6, Avg: 35310801.6, Max: 35310801.8, Diff: 0.3]
   [Code Root Fixup: 0.0 ms]
   [Code Root Purge: 0.0 ms]
   [Clear CT: 0.1 ms]
   [Other: 0.9 ms]
      [Choose CSet: 0.0 ms]
      [Ref Proc: 0.3 ms]
      [Ref Enq: 0.0 ms]
      [Redirty Cards: 0.1 ms]
      [Humongous Register: 0.0 ms]
      [Humongous Reclaim: 0.0 ms]
      [Free CSet: 0.1 ms]
   [Eden: 106.0M(106.0M)->0.0B(101.0M) Survivors: 7168.0K->7168.0K Heap: 421.0M(1024.0M)->315.0M(1024.0M)]
 [Times: user=0.08 sys=0.00, real=0.02 secs] 
2019-11-03T18:54:12.286+0800: 35325.293: [GC pause (G1 Evacuation Pause) (young), 0.0303978 secs]
   [Parallel Time: 29.1 ms, GC Workers: 4]
      [GC Worker Start (ms): Min: 35325293.6, Avg: 35325296.9, Max: 35325303.9, Diff: 10.3]
      [Ext Root Scanning (ms): Min: 0.0, Avg: 0.9, Max: 2.1, Diff: 2.1, Sum: 3.4]
      [Update RS (ms): Min: 0.0, Avg: 1.0, Max: 1.5, Diff: 1.5, Sum: 3.9]
         [Processed Buffers: Min: 0, Avg: 8.5, Max: 18, Diff: 18, Sum: 34]
      [Scan RS (ms): Min: 0.0, Avg: 4.6, Max: 6.6, Diff: 6.6, Sum: 18.3]
      [Code Root Scanning (ms): Min: 0.0, Avg: 0.0, Max: 0.0, Diff: 0.0, Sum: 0.0]
      [Object Copy (ms): Min: 18.5, Avg: 19.1, Max: 19.5, Diff: 0.9, Sum: 76.3]
      [Termination (ms): Min: 0.0, Avg: 0.1, Max: 0.2, Diff: 0.2, Sum: 0.5]
         [Termination Attempts: Min: 1, Avg: 1.0, Max: 1, Diff: 0, Sum: 4]
      [GC Worker Other (ms): Min: 0.0, Avg: 0.0, Max: 0.0, Diff: 0.0, Sum: 0.1]
      [GC Worker Total (ms): Min: 18.6, Avg: 25.6, Max: 29.0, Diff: 10.4, Sum: 102.5]
      [GC Worker End (ms): Min: 35325322.5, Avg: 35325322.5, Max: 35325322.6, Diff: 0.1]
   [Code Root Fixup: 0.0 ms]
   [Code Root Purge: 0.0 ms]
   [Clear CT: 0.1 ms]
   [Other: 1.1 ms]
      [Choose CSet: 0.0 ms]
      [Ref Proc: 0.6 ms]
      [Ref Enq: 0.0 ms]
      [Redirty Cards: 0.2 ms]
      [Humongous Register: 0.1 ms]
      [Humongous Reclaim: 0.0 ms]
      [Free CSet: 0.1 ms]
   [Eden: 66.0M(44.0M)->0.0B(45.0M) Survivors: 7168.0K->6144.0K Heap: 381.0M(1024.0M)->315.7M(1024.0M)]
 [Times: user=0.07 sys=0.01, real=0.03 secs] 
2019-11-03T18:54:22.264+0800: 35335.271: [GC pause (G1 Evacuation Pause) (young), 0.0210365 secs]
   [Parallel Time: 20.3 ms, GC Workers: 4]
      [GC Worker Start (ms): Min: 35335271.2, Avg: 35335271.3, Max: 35335271.3, Diff: 0.1]
      [Ext Root Scanning (ms): Min: 0.8, Avg: 0.8, Max: 0.8, Diff: 0.1, Sum: 3.2]
      [Update RS (ms): Min: 2.2, Avg: 2.4, Max: 2.6, Diff: 0.3, Sum: 9.7]
         [Processed Buffers: Min: 1, Avg: 8.2, Max: 15, Diff: 14, Sum: 33]
      [Scan RS (ms): Min: 5.6, Avg: 5.7, Max: 5.8, Diff: 0.2, Sum: 22.6]
      [Code Root Scanning (ms): Min: 0.0, Avg: 0.0, Max: 0.0, Diff: 0.0, Sum: 0.0]
      [Object Copy (ms): Min: 11.2, Avg: 11.3, Max: 11.4, Diff: 0.2, Sum: 45.2]
      [Termination (ms): Min: 0.0, Avg: 0.0, Max: 0.0, Diff: 0.0, Sum: 0.0]
         [Termination Attempts: Min: 1, Avg: 1.0, Max: 1, Diff: 0, Sum: 4]
      [GC Worker Other (ms): Min: 0.0, Avg: 0.0, Max: 0.1, Diff: 0.0, Sum: 0.1]
      [GC Worker Total (ms): Min: 20.2, Avg: 20.2, Max: 20.2, Diff: 0.0, Sum: 80.8]
      [GC Worker End (ms): Min: 35335291.4, Avg: 35335291.5, Max: 35335291.5, Diff: 0.0]
   [Code Root Fixup: 0.0 ms]
   [Code Root Purge: 0.0 ms]
   [Clear CT: 0.1 ms]
   [Other: 0.6 ms]
      [Choose CSet: 0.0 ms]
      [Ref Proc: 0.2 ms]
      [Ref Enq: 0.0 ms]
      [Redirty Cards: 0.1 ms]
      [Humongous Register: 0.1 ms]
      [Humongous Reclaim: 0.0 ms]
      [Free CSet: 0.1 ms]
   [Eden: 45.0M(45.0M)->0.0B(46.0M) Survivors: 6144.0K->5120.0K Heap: 360.7M(1024.0M)->316.1M(1024.0M)]
 [Times: user=0.07 sys=0.00, real=0.02 secs] 
2019-11-03T18:54:32.435+0800: 35345.441: [GC pause (G1 Evacuation Pause) (young), 0.0184582 secs]
   [Parallel Time: 17.7 ms, GC Workers: 4]
      [GC Worker Start (ms): Min: 35345441.7, Avg: 35345441.9, Max: 35345442.6, Diff: 0.9]
      [Ext Root Scanning (ms): Min: 0.2, Avg: 0.8, Max: 1.1, Diff: 0.9, Sum: 3.3]
      [Update RS (ms): Min: 1.8, Avg: 2.3, Max: 2.9, Diff: 1.1, Sum: 9.3]
         [Processed Buffers: Min: 3, Avg: 8.5, Max: 16, Diff: 13, Sum: 34]
      [Scan RS (ms): Min: 6.1, Avg: 6.7, Max: 7.0, Diff: 0.9, Sum: 26.8]
      [Code Root Scanning (ms): Min: 0.0, Avg: 0.0, Max: 0.0, Diff: 0.0, Sum: 0.0]
      [Object Copy (ms): Min: 7.3, Avg: 7.5, Max: 7.7, Diff: 0.4, Sum: 30.0]
      [Termination (ms): Min: 0.0, Avg: 0.0, Max: 0.0, Diff: 0.0, Sum: 0.0]
         [Termination Attempts: Min: 1, Avg: 2.0, Max: 4, Diff: 3, Sum: 8]
      [GC Worker Other (ms): Min: 0.0, Avg: 0.0, Max: 0.1, Diff: 0.0, Sum: 0.2]
      [GC Worker Total (ms): Min: 16.7, Avg: 17.4, Max: 17.7, Diff: 0.9, Sum: 69.6]
      [GC Worker End (ms): Min: 35345459.3, Avg: 35345459.3, Max: 35345459.3, Diff: 0.0]
   [Code Root Fixup: 0.0 ms]
   [Code Root Purge: 0.0 ms]
   [Clear CT: 0.2 ms]
   [Other: 0.5 ms]
      [Choose CSet: 0.0 ms]
      [Ref Proc: 0.1 ms]
      [Ref Enq: 0.0 ms]
      [Redirty Cards: 0.1 ms]
      [Humongous Register: 0.0 ms]
      [Humongous Reclaim: 0.0 ms]
      [Free CSet: 0.1 ms]
   [Eden: 46.0M(46.0M)->0.0B(46.0M) Survivors: 5120.0K->5120.0K Heap: 362.1M(1024.0M)->316.1M(1024.0M)]
 [Times: user=0.06 sys=0.00, real=0.02 secs] 
2019-11-03T18:54:42.677+0800: 35355.683: [GC pause (G1 Evacuation Pause) (young), 0.0185581 secs]
   [Parallel Time: 17.6 ms, GC Workers: 4]
      [GC Worker Start (ms): Min: 35355683.0, Avg: 35355683.0, Max: 35355683.1, Diff: 0.1]
      [Ext Root Scanning (ms): Min: 0.7, Avg: 0.8, Max: 0.8, Diff: 0.1, Sum: 3.1]
      [Update RS (ms): Min: 2.7, Avg: 2.8, Max: 3.0, Diff: 0.4, Sum: 11.4]
         [Processed Buffers: Min: 4, Avg: 7.5, Max: 15, Diff: 11, Sum: 30]
      [Scan RS (ms): Min: 6.3, Avg: 7.0, Max: 8.5, Diff: 2.2, Sum: 28.0]
      [Code Root Scanning (ms): Min: 0.0, Avg: 0.0, Max: 0.0, Diff: 0.0, Sum: 0.0]
      [Object Copy (ms): Min: 5.4, Avg: 6.8, Max: 7.3, Diff: 1.8, Sum: 27.1]
      [Termination (ms): Min: 0.0, Avg: 0.0, Max: 0.0, Diff: 0.0, Sum: 0.0]
         [Termination Attempts: Min: 1, Avg: 1.0, Max: 1, Diff: 0, Sum: 4]
      [GC Worker Other (ms): Min: 0.0, Avg: 0.0, Max: 0.1, Diff: 0.0, Sum: 0.2]
      [GC Worker Total (ms): Min: 17.4, Avg: 17.5, Max: 17.5, Diff: 0.0, Sum: 69.8]
      [GC Worker End (ms): Min: 35355700.5, Avg: 35355700.5, Max: 35355700.5, Diff: 0.0]
   [Code Root Fixup: 0.0 ms]
   [Code Root Purge: 0.0 ms]
   [Clear CT: 0.1 ms]
   [Other: 0.9 ms]
      [Choose CSet: 0.0 ms]
      [Ref Proc: 0.3 ms]
      [Ref Enq: 0.0 ms]
      [Redirty Cards: 0.1 ms]
      [Humongous Register: 0.0 ms]
      [Humongous Reclaim: 0.0 ms]
      [Free CSet: 0.1 ms]
   [Eden: 46.0M(46.0M)->0.0B(56.0M) Survivors: 5120.0K->5120.0K Heap: 362.1M(1024.0M)->316.1M(1024.0M)]
 [Times: user=0.07 sys=0.01, real=0.02 secs] 
2019-11-03T18:54:52.794+0800: 35365.799: [GC pause (G1 Evacuation Pause) (young), 0.0204651 secs]
   [Parallel Time: 19.3 ms, GC Workers: 4]
      [GC Worker Start (ms): Min: 35365799.6, Avg: 35365799.7, Max: 35365799.9, Diff: 0.2]
      [Ext Root Scanning (ms): Min: 0.6, Avg: 0.8, Max: 0.9, Diff: 0.3, Sum: 3.2]
      [Update RS (ms): Min: 2.1, Avg: 2.3, Max: 2.4, Diff: 0.3, Sum: 9.1]
         [Processed Buffers: Min: 5, Avg: 8.0, Max: 12, Diff: 7, Sum: 32]
      [Scan RS (ms): Min: 6.1, Avg: 6.2, Max: 6.3, Diff: 0.3, Sum: 24.8]
      [Code Root Scanning (ms): Min: 0.0, Avg: 0.0, Max: 0.0, Diff: 0.0, Sum: 0.0]
      [Object Copy (ms): Min: 9.8, Avg: 9.8, Max: 9.9, Diff: 0.1, Sum: 39.4]
      [Termination (ms): Min: 0.0, Avg: 0.0, Max: 0.0, Diff: 0.0, Sum: 0.0]
         [Termination Attempts: Min: 1, Avg: 1.0, Max: 1, Diff: 0, Sum: 4]
      [GC Worker Other (ms): Min: 0.0, Avg: 0.0, Max: 0.1, Diff: 0.0, Sum: 0.2]
      [GC Worker Total (ms): Min: 19.0, Avg: 19.2, Max: 19.3, Diff: 0.3, Sum: 76.6]
      [GC Worker End (ms): Min: 35365818.9, Avg: 35365818.9, Max: 35365818.9, Diff: 0.0]
   [Code Root Fixup: 0.0 ms]
   [Code Root Purge: 0.0 ms]
   [Clear CT: 0.2 ms]
   [Other: 0.9 ms]
      [Choose CSet: 0.0 ms]
      [Ref Proc: 0.4 ms]
      [Ref Enq: 0.0 ms]
      [Redirty Cards: 0.1 ms]
      [Humongous Register: 0.0 ms]
      [Humongous Reclaim: 0.0 ms]
      [Free CSet: 0.1 ms]
   [Eden: 46.0M(46.0M)->0.0B(53.0M) Survivors: 5120.0K->6144.0K Heap: 362.1M(1024.0M)->317.1M(1024.0M)]
 [Times: user=0.07 sys=0.00, real=0.02 secs] 
2019-11-03T18:55:04.378+0800: 35377.383: [GC pause (G1 Evacuation Pause) (young), 0.0216550 secs]
   [Parallel Time: 20.1 ms, GC Workers: 4]
      [GC Worker Start (ms): Min: 35377383.5, Avg: 35377383.5, Max: 35377383.5, Diff: 0.1]
      [Ext Root Scanning (ms): Min: 0.8, Avg: 0.8, Max: 0.9, Diff: 0.1, Sum: 3.3]
      [Update RS (ms): Min: 2.0, Avg: 2.4, Max: 2.8, Diff: 0.8, Sum: 9.6]
         [Processed Buffers: Min: 5, Avg: 9.0, Max: 13, Diff: 8, Sum: 36]
      [Scan RS (ms): Min: 7.1, Avg: 7.5, Max: 8.2, Diff: 1.0, Sum: 30.0]
      [Code Root Scanning (ms): Min: 0.0, Avg: 0.0, Max: 0.0, Diff: 0.0, Sum: 0.0]
      [Object Copy (ms): Min: 8.2, Avg: 9.2, Max: 9.6, Diff: 1.5, Sum: 36.8]
      [Termination (ms): Min: 0.0, Avg: 0.0, Max: 0.0, Diff: 0.0, Sum: 0.0]
         [Termination Attempts: Min: 1, Avg: 1.0, Max: 1, Diff: 0, Sum: 4]
      [GC Worker Other (ms): Min: 0.0, Avg: 0.0, Max: 0.1, Diff: 0.0, Sum: 0.1]
      [GC Worker Total (ms): Min: 19.9, Avg: 19.9, Max: 20.0, Diff: 0.0, Sum: 79.8]
      [GC Worker End (ms): Min: 35377403.4, Avg: 35377403.5, Max: 35377403.5, Diff: 0.0]
   [Code Root Fixup: 0.0 ms]
   [Code Root Purge: 0.0 ms]
   [Clear CT: 0.2 ms]
   [Other: 1.4 ms]
      [Choose CSet: 0.0 ms]
      [Ref Proc: 0.7 ms]
      [Ref Enq: 0.0 ms]
      [Redirty Cards: 0.2 ms]
      [Humongous Register: 0.0 ms]
      [Humongous Reclaim: 0.0 ms]
      [Free CSet: 0.2 ms]
   [Eden: 53.0M(53.0M)->0.0B(45.0M) Survivors: 6144.0K->6144.0K Heap: 370.1M(1024.0M)->317.6M(1024.0M)]
 [Times: user=0.08 sys=0.00, real=0.03 secs] 
2019-11-03T18:55:14.376+0800: 35387.381: [GC pause (G1 Evacuation Pause) (young), 0.0224958 secs]
   [Parallel Time: 21.8 ms, GC Workers: 4]
      [GC Worker Start (ms): Min: 35387381.3, Avg: 35387381.4, Max: 35387381.4, Diff: 0.1]
      [Ext Root Scanning (ms): Min: 0.7, Avg: 0.8, Max: 0.8, Diff: 0.1, Sum: 3.1]
      [Update RS (ms): Min: 1.9, Avg: 2.2, Max: 2.6, Diff: 0.7, Sum: 8.9]
         [Processed Buffers: Min: 8, Avg: 9.5, Max: 12, Diff: 4, Sum: 38]
      [Scan RS (ms): Min: 6.4, Avg: 6.9, Max: 7.2, Diff: 0.8, Sum: 27.4]
      [Code Root Scanning (ms): Min: 0.0, Avg: 0.0, Max: 0.0, Diff: 0.0, Sum: 0.0]
      [Object Copy (ms): Min: 11.7, Avg: 11.8, Max: 11.8, Diff: 0.1, Sum: 47.0]
      [Termination (ms): Min: 0.0, Avg: 0.0, Max: 0.0, Diff: 0.0, Sum: 0.0]
         [Termination Attempts: Min: 1, Avg: 1.0, Max: 1, Diff: 0, Sum: 4]
      [GC Worker Other (ms): Min: 0.0, Avg: 0.1, Max: 0.2, Diff: 0.1, Sum: 0.3]
      [GC Worker Total (ms): Min: 21.7, Avg: 21.7, Max: 21.7, Diff: 0.1, Sum: 86.8]
      [GC Worker End (ms): Min: 35387403.1, Avg: 35387403.1, Max: 35387403.1, Diff: 0.0]
   [Code Root Fixup: 0.0 ms]
   [Code Root Purge: 0.0 ms]
   [Clear CT: 0.1 ms]
   [Other: 0.6 ms]
      [Choose CSet: 0.0 ms]
      [Ref Proc: 0.1 ms]
      [Ref Enq: 0.0 ms]
      [Redirty Cards: 0.1 ms]
      [Humongous Register: 0.0 ms]
      [Humongous Reclaim: 0.0 ms]
      [Free CSet: 0.1 ms]
   [Eden: 45.0M(45.0M)->0.0B(46.0M) Survivors: 6144.0K->5120.0K Heap: 362.6M(1024.0M)->317.0M(1024.0M)]
 [Times: user=0.08 sys=0.01, real=0.02 secs] 
2019-11-03T18:55:24.613+0800: 35397.618: [GC pause (G1 Evacuation Pause) (young), 0.0225376 secs]
   [Parallel Time: 21.7 ms, GC Workers: 4]
      [GC Worker Start (ms): Min: 35397618.3, Avg: 35397618.3, Max: 35397618.4, Diff: 0.1]
      [Ext Root Scanning (ms): Min: 0.8, Avg: 0.8, Max: 0.9, Diff: 0.1, Sum: 3.3]
      [Update RS (ms): Min: 2.6, Avg: 2.7, Max: 3.1, Diff: 0.5, Sum: 10.9]
         [Processed Buffers: Min: 4, Avg: 8.0, Max: 14, Diff: 10, Sum: 32]
      [Scan RS (ms): Min: 6.7, Avg: 7.4, Max: 9.3, Diff: 2.7, Sum: 29.6]
      [Code Root Scanning (ms): Min: 0.0, Avg: 0.0, Max: 0.0, Diff: 0.0, Sum: 0.0]
      [Object Copy (ms): Min: 8.2, Avg: 10.5, Max: 11.4, Diff: 3.1, Sum: 42.2]
      [Termination (ms): Min: 0.0, Avg: 0.1, Max: 0.2, Diff: 0.2, Sum: 0.3]
         [Termination Attempts: Min: 1, Avg: 1.0, Max: 1, Diff: 0, Sum: 4]
      [GC Worker Other (ms): Min: 0.0, Avg: 0.0, Max: 0.1, Diff: 0.0, Sum: 0.1]
      [GC Worker Total (ms): Min: 21.5, Avg: 21.6, Max: 21.7, Diff: 0.1, Sum: 86.4]
      [GC Worker End (ms): Min: 35397639.9, Avg: 35397639.9, Max: 35397639.9, Diff: 0.1]
   [Code Root Fixup: 0.0 ms]
   [Code Root Purge: 0.0 ms]
   [Clear CT: 0.1 ms]
   [Other: 0.7 ms]
      [Choose CSet: 0.0 ms]
      [Ref Proc: 0.2 ms]
      [Ref Enq: 0.0 ms]
      [Redirty Cards: 0.1 ms]
      [Humongous Register: 0.0 ms]
      [Humongous Reclaim: 0.0 ms]
      [Free CSet: 0.1 ms]
   [Eden: 46.0M(46.0M)->0.0B(46.0M) Survivors: 5120.0K->5120.0K Heap: 363.0M(1024.0M)->318.0M(1024.0M)]
 [Times: user=0.08 sys=0.00, real=0.02 secs] 
2019-11-03T18:55:34.771+0800: 35407.775: [GC pause (G1 Evacuation Pause) (young), 0.0188493 secs]
   [Parallel Time: 17.8 ms, GC Workers: 4]
      [GC Worker Start (ms): Min: 35407775.5, Avg: 35407776.1, Max: 35407776.3, Diff: 0.8]
      [Ext Root Scanning (ms): Min: 0.6, Avg: 0.9, Max: 1.4, Diff: 0.8, Sum: 3.5]
      [Update RS (ms): Min: 1.6, Avg: 2.2, Max: 2.9, Diff: 1.3, Sum: 8.6]
         [Processed Buffers: Min: 6, Avg: 8.8, Max: 15, Diff: 9, Sum: 35]
      [Scan RS (ms): Min: 6.3, Avg: 7.2, Max: 7.9, Diff: 1.6, Sum: 28.6]
      [Code Root Scanning (ms): Min: 0.0, Avg: 0.0, Max: 0.0, Diff: 0.0, Sum: 0.0]
      [Object Copy (ms): Min: 6.5, Avg: 6.9, Max: 7.3, Diff: 0.8, Sum: 27.6]
      [Termination (ms): Min: 0.0, Avg: 0.0, Max: 0.0, Diff: 0.0, Sum: 0.0]
         [Termination Attempts: Min: 1, Avg: 1.0, Max: 1, Diff: 0, Sum: 4]
      [GC Worker Other (ms): Min: 0.0, Avg: 0.0, Max: 0.0, Diff: 0.0, Sum: 0.1]
      [GC Worker Total (ms): Min: 16.9, Avg: 17.1, Max: 17.7, Diff: 0.8, Sum: 68.5]
      [GC Worker End (ms): Min: 35407793.2, Avg: 35407793.2, Max: 35407793.2, Diff: 0.0]
   [Code Root Fixup: 0.0 ms]
   [Code Root Purge: 0.0 ms]
   [Clear CT: 0.1 ms]
   [Other: 1.0 ms]
      [Choose CSet: 0.0 ms]
      [Ref Proc: 0.3 ms]
      [Ref Enq: 0.0 ms]
      [Redirty Cards: 0.1 ms]
      [Humongous Register: 0.1 ms]
      [Humongous Reclaim: 0.0 ms]
      [Free CSet: 0.1 ms]
   [Eden: 46.0M(46.0M)->0.0B(46.0M) Survivors: 5120.0K->5120.0K Heap: 364.0M(1024.0M)->318.0M(1024.0M)]
 [Times: user=0.07 sys=0.00, real=0.02 secs] 
2019-11-03T18:55:44.961+0800: 35417.964: [GC pause (G1 Evacuation Pause) (young), 0.0184247 secs]
   [Parallel Time: 17.6 ms, GC Workers: 4]
      [GC Worker Start (ms): Min: 35417964.6, Avg: 35417964.7, Max: 35417965.0, Diff: 0.4]
      [Ext Root Scanning (ms): Min: 0.7, Avg: 1.0, Max: 1.2, Diff: 0.4, Sum: 4.1]
      [Update RS (ms): Min: 2.1, Avg: 2.2, Max: 2.4, Diff: 0.4, Sum: 8.9]
         [Processed Buffers: Min: 2, Avg: 8.2, Max: 13, Diff: 11, Sum: 33]
      [Scan RS (ms): Min: 4.8, Avg: 5.1, Max: 5.2, Diff: 0.4, Sum: 20.3]
      [Code Root Scanning (ms): Min: 0.0, Avg: 0.0, Max: 0.0, Diff: 0.0, Sum: 0.0]
      [Object Copy (ms): Min: 9.0, Avg: 9.0, Max: 9.1, Diff: 0.1, Sum: 36.1]
      [Termination (ms): Min: 0.0, Avg: 0.0, Max: 0.0, Diff: 0.0, Sum: 0.0]
         [Termination Attempts: Min: 1, Avg: 1.0, Max: 1, Diff: 0, Sum: 4]
      [GC Worker Other (ms): Min: 0.0, Avg: 0.0, Max: 0.0, Diff: 0.0, Sum: 0.2]
      [GC Worker Total (ms): Min: 17.1, Avg: 17.4, Max: 17.5, Diff: 0.4, Sum: 69.5]
      [GC Worker End (ms): Min: 35417982.1, Avg: 35417982.1, Max: 35417982.1, Diff: 0.0]
   [Code Root Fixup: 0.0 ms]
   [Code Root Purge: 0.0 ms]
   [Clear CT: 0.1 ms]
   [Other: 0.8 ms]
      [Choose CSet: 0.0 ms]
      [Ref Proc: 0.3 ms]
      [Ref Enq: 0.0 ms]
      [Redirty Cards: 0.1 ms]
      [Humongous Register: 0.0 ms]
      [Humongous Reclaim: 0.0 ms]
      [Free CSet: 0.1 ms]
   [Eden: 46.0M(46.0M)->0.0B(71.0M) Survivors: 5120.0K->6144.0K Heap: 364.0M(1024.0M)->319.0M(1024.0M)]
 [Times: user=0.06 sys=0.00, real=0.01 secs] 
2019-11-03T18:56:00.641+0800: 35433.644: [GC pause (G1 Evacuation Pause) (young), 0.0206017 secs]
   [Parallel Time: 19.8 ms, GC Workers: 4]
      [GC Worker Start (ms): Min: 35433644.4, Avg: 35433644.5, Max: 35433644.7, Diff: 0.3]
      [Ext Root Scanning (ms): Min: 0.7, Avg: 1.0, Max: 1.1, Diff: 0.4, Sum: 3.9]
      [Update RS (ms): Min: 2.0, Avg: 2.9, Max: 3.6, Diff: 1.5, Sum: 11.7]
         [Processed Buffers: Min: 6, Avg: 9.0, Max: 16, Diff: 10, Sum: 36]
      [Scan RS (ms): Min: 5.2, Avg: 5.6, Max: 5.9, Diff: 0.6, Sum: 22.5]
      [Code Root Scanning (ms): Min: 0.0, Avg: 0.0, Max: 0.0, Diff: 0.0, Sum: 0.0]
      [Object Copy (ms): Min: 9.8, Avg: 10.1, Max: 10.8, Diff: 1.1, Sum: 40.3]
      [Termination (ms): Min: 0.0, Avg: 0.0, Max: 0.0, Diff: 0.0, Sum: 0.0]
         [Termination Attempts: Min: 1, Avg: 1.0, Max: 1, Diff: 0, Sum: 4]
      [GC Worker Other (ms): Min: 0.0, Avg: 0.0, Max: 0.0, Diff: 0.0, Sum: 0.1]
      [GC Worker Total (ms): Min: 19.4, Avg: 19.6, Max: 19.7, Diff: 0.3, Sum: 78.6]
      [GC Worker End (ms): Min: 35433664.1, Avg: 35433664.1, Max: 35433664.1, Diff: 0.0]
   [Code Root Fixup: 0.0 ms]
   [Code Root Purge: 0.0 ms]
   [Clear CT: 0.1 ms]
   [Other: 0.7 ms]
      [Choose CSet: 0.0 ms]
      [Ref Proc: 0.2 ms]
      [Ref Enq: 0.0 ms]
      [Redirty Cards: 0.1 ms]
      [Humongous Register: 0.0 ms]
      [Humongous Reclaim: 0.0 ms]
      [Free CSet: 0.1 ms]
   [Eden: 71.0M(71.0M)->0.0B(67.0M) Survivors: 6144.0K->6144.0K Heap: 390.0M(1024.0M)->319.0M(1024.0M)]
 [Times: user=0.07 sys=0.00, real=0.02 secs] 
2019-11-03T18:56:10.553+0800: 35443.556: [GC pause (G1 Evacuation Pause) (young), 0.0214988 secs]
   [Parallel Time: 20.7 ms, GC Workers: 4]
      [GC Worker Start (ms): Min: 35443556.0, Avg: 35443556.0, Max: 35443556.0, Diff: 0.1]
      [Ext Root Scanning (ms): Min: 0.8, Avg: 0.8, Max: 0.8, Diff: 0.1, Sum: 3.2]
      [Update RS (ms): Min: 1.7, Avg: 1.9, Max: 2.2, Diff: 0.5, Sum: 7.5]
         [Processed Buffers: Min: 6, Avg: 8.8, Max: 10, Diff: 4, Sum: 35]
      [Scan RS (ms): Min: 6.0, Avg: 6.4, Max: 6.5, Diff: 0.5, Sum: 25.5]
      [Code Root Scanning (ms): Min: 0.0, Avg: 0.0, Max: 0.0, Diff: 0.0, Sum: 0.0]
      [Object Copy (ms): Min: 11.4, Avg: 11.5, Max: 11.5, Diff: 0.1, Sum: 45.9]
      [Termination (ms): Min: 0.0, Avg: 0.0, Max: 0.0, Diff: 0.0, Sum: 0.0]
         [Termination Attempts: Min: 1, Avg: 1.0, Max: 1, Diff: 0, Sum: 4]
      [GC Worker Other (ms): Min: 0.0, Avg: 0.0, Max: 0.1, Diff: 0.0, Sum: 0.2]
      [GC Worker Total (ms): Min: 20.5, Avg: 20.6, Max: 20.6, Diff: 0.0, Sum: 82.2]
      [GC Worker End (ms): Min: 35443576.5, Avg: 35443576.5, Max: 35443576.6, Diff: 0.0]
   [Code Root Fixup: 0.0 ms]
   [Code Root Purge: 0.0 ms]
   [Clear CT: 0.1 ms]
   [Other: 0.7 ms]
      [Choose CSet: 0.0 ms]
      [Ref Proc: 0.2 ms]
      [Ref Enq: 0.0 ms]
      [Redirty Cards: 0.1 ms]
      [Humongous Register: 0.0 ms]
      [Humongous Reclaim: 0.0 ms]
      [Free CSet: 0.1 ms]
   [Eden: 45.0M(45.0M)->0.0B(46.0M) Survivors: 6144.0K->5120.0K Heap: 364.0M(1024.0M)->318.9M(1024.0M)]
 [Times: user=0.08 sys=0.01, real=0.02 secs] 
2019-11-03T18:56:20.814+0800: 35453.816: [GC pause (G1 Evacuation Pause) (young), 0.0210260 secs]
   [Parallel Time: 19.9 ms, GC Workers: 4]
      [GC Worker Start (ms): Min: 35453816.6, Avg: 35453819.7, Max: 35453826.7, Diff: 10.1]
      [Ext Root Scanning (ms): Min: 0.0, Avg: 0.6, Max: 1.3, Diff: 1.3, Sum: 2.4]
      [Update RS (ms): Min: 0.0, Avg: 2.6, Max: 3.7, Diff: 3.7, Sum: 10.3]
         [Processed Buffers: Min: 0, Avg: 8.0, Max: 27, Diff: 27, Sum: 32]
      [Scan RS (ms): Min: 1.7, Avg: 5.5, Max: 6.9, Diff: 5.2, Sum: 22.0]
      [Code Root Scanning (ms): Min: 0.0, Avg: 0.0, Max: 0.0, Diff: 0.0, Sum: 0.0]
      [Object Copy (ms): Min: 7.8, Avg: 7.8, Max: 7.9, Diff: 0.1, Sum: 31.3]
      [Termination (ms): Min: 0.0, Avg: 0.1, Max: 0.1, Diff: 0.1, Sum: 0.4]
         [Termination Attempts: Min: 1, Avg: 1.2, Max: 2, Diff: 1, Sum: 5]
      [GC Worker Other (ms): Min: 0.0, Avg: 0.0, Max: 0.0, Diff: 0.0, Sum: 0.1]
      [GC Worker Total (ms): Min: 9.6, Avg: 16.6, Max: 19.7, Diff: 10.1, Sum: 66.5]
      [GC Worker End (ms): Min: 35453836.3, Avg: 35453836.3, Max: 35453836.3, Diff: 0.0]
   [Code Root Fixup: 0.0 ms]
   [Code Root Purge: 0.0 ms]
   [Clear CT: 0.1 ms]
   [Other: 1.0 ms]
      [Choose CSet: 0.0 ms]
      [Ref Proc: 0.5 ms]
      [Ref Enq: 0.0 ms]
      [Redirty Cards: 0.1 ms]
      [Humongous Register: 0.1 ms]
      [Humongous Reclaim: 0.0 ms]
      [Free CSet: 0.1 ms]
   [Eden: 46.0M(46.0M)->0.0B(46.0M) Survivors: 5120.0K->5120.0K Heap: 364.9M(1024.0M)->318.9M(1024.0M)]
 [Times: user=0.06 sys=0.00, real=0.02 secs] 
2019-11-03T18:56:31.072+0800: 35464.074: [GC pause (G1 Evacuation Pause) (young), 0.0212267 secs]
   [Parallel Time: 20.3 ms, GC Workers: 4]
      [GC Worker Start (ms): Min: 35464074.3, Avg: 35464074.3, Max: 35464074.3, Diff: 0.1]
      [Ext Root Scanning (ms): Min: 0.8, Avg: 0.8, Max: 0.9, Diff: 0.1, Sum: 3.4]
      [Update RS (ms): Min: 2.2, Avg: 2.3, Max: 2.4, Diff: 0.1, Sum: 9.1]
         [Processed Buffers: Min: 3, Avg: 8.5, Max: 19, Diff: 16, Sum: 34]
      [Scan RS (ms): Min: 7.2, Avg: 7.7, Max: 9.1, Diff: 1.9, Sum: 30.8]
      [Code Root Scanning (ms): Min: 0.0, Avg: 0.0, Max: 0.0, Diff: 0.0, Sum: 0.0]
      [Object Copy (ms): Min: 7.9, Avg: 9.2, Max: 9.7, Diff: 1.9, Sum: 36.9]
      [Termination (ms): Min: 0.0, Avg: 0.1, Max: 0.2, Diff: 0.2, Sum: 0.4]
         [Termination Attempts: Min: 1, Avg: 1.8, Max: 3, Diff: 2, Sum: 7]
      [GC Worker Other (ms): Min: 0.0, Avg: 0.0, Max: 0.0, Diff: 0.0, Sum: 0.1]
      [GC Worker Total (ms): Min: 20.2, Avg: 20.2, Max: 20.2, Diff: 0.0, Sum: 80.7]
      [GC Worker End (ms): Min: 35464094.5, Avg: 35464094.5, Max: 35464094.5, Diff: 0.1]
   [Code Root Fixup: 0.0 ms]
   [Code Root Purge: 0.0 ms]
   [Clear CT: 0.1 ms]
   [Other: 0.7 ms]
      [Choose CSet: 0.0 ms]
      [Ref Proc: 0.2 ms]
      [Ref Enq: 0.0 ms]
      [Redirty Cards: 0.1 ms]
      [Humongous Register: 0.0 ms]
      [Humongous Reclaim: 0.0 ms]
      [Free CSet: 0.1 ms]
   [Eden: 46.0M(46.0M)->0.0B(45.0M) Survivors: 5120.0K->6144.0K Heap: 364.9M(1024.0M)->320.4M(1024.0M)]
 [Times: user=0.08 sys=0.00, real=0.02 secs] 
2019-11-03T18:56:41.019+0800: 35474.021: [GC pause (G1 Evacuation Pause) (young), 0.0170765 secs]
   [Parallel Time: 16.4 ms, GC Workers: 4]
      [GC Worker Start (ms): Min: 35474020.7, Avg: 35474020.8, Max: 35474020.8, Diff: 0.1]
      [Ext Root Scanning (ms): Min: 0.5, Avg: 0.6, Max: 0.6, Diff: 0.1, Sum: 2.3]
      [Update RS (ms): Min: 1.1, Avg: 1.2, Max: 1.4, Diff: 0.3, Sum: 4.7]
         [Processed Buffers: Min: 3, Avg: 8.5, Max: 12, Diff: 9, Sum: 34]
      [Scan RS (ms): Min: 4.1, Avg: 4.3, Max: 4.4, Diff: 0.4, Sum: 17.2]
      [Code Root Scanning (ms): Min: 0.0, Avg: 0.0, Max: 0.0, Diff: 0.0, Sum: 0.0]
      [Object Copy (ms): Min: 10.1, Avg: 10.2, Max: 10.2, Diff: 0.1, Sum: 40.6]
      [Termination (ms): Min: 0.0, Avg: 0.0, Max: 0.0, Diff: 0.0, Sum: 0.0]
         [Termination Attempts: Min: 1, Avg: 1.0, Max: 1, Diff: 0, Sum: 4]
      [GC Worker Other (ms): Min: 0.0, Avg: 0.0, Max: 0.1, Diff: 0.0, Sum: 0.2]
      [GC Worker Total (ms): Min: 16.2, Avg: 16.2, Max: 16.3, Diff: 0.1, Sum: 65.0]
      [GC Worker End (ms): Min: 35474037.0, Avg: 35474037.0, Max: 35474037.0, Diff: 0.0]
   [Code Root Fixup: 0.0 ms]
   [Code Root Purge: 0.0 ms]
   [Clear CT: 0.1 ms]
   [Other: 0.6 ms]
      [Choose CSet: 0.0 ms]
      [Ref Proc: 0.2 ms]
      [Ref Enq: 0.0 ms]
      [Redirty Cards: 0.1 ms]
      [Humongous Register: 0.0 ms]
      [Humongous Reclaim: 0.0 ms]
      [Free CSet: 0.1 ms]
   [Eden: 45.0M(45.0M)->0.0B(72.0M) Survivors: 6144.0K->5120.0K Heap: 365.4M(1024.0M)->320.4M(1024.0M)]
 [Times: user=0.06 sys=0.00, real=0.02 secs] 
2019-11-03T18:56:50.789+0800: 35485.070: [GC pause (G1 Evacuation Pause) (young), 0.0196066 secs]
   [Parallel Time: 18.7 ms, GC Workers: 4]
      [GC Worker Start (ms): Min: 35485070.0, Avg: 35485070.1, Max: 35485070.3, Diff: 0.3]
      [Ext Root Scanning (ms): Min: 0.8, Avg: 1.0, Max: 1.1, Diff: 0.3, Sum: 3.9]
      [Update RS (ms): Min: 2.2, Avg: 2.6, Max: 2.9, Diff: 0.7, Sum: 10.3]
         [Processed Buffers: Min: 1, Avg: 8.8, Max: 20, Diff: 19, Sum: 35]
      [Scan RS (ms): Min: 6.1, Avg: 6.6, Max: 8.0, Diff: 1.9, Sum: 26.6]
      [Code Root Scanning (ms): Min: 0.0, Avg: 0.0, Max: 0.0, Diff: 0.0, Sum: 0.0]
      [Object Copy (ms): Min: 6.8, Avg: 8.3, Max: 9.2, Diff: 2.4, Sum: 33.0]
      [Termination (ms): Min: 0.0, Avg: 0.0, Max: 0.0, Diff: 0.0, Sum: 0.0]
         [Termination Attempts: Min: 1, Avg: 3.2, Max: 4, Diff: 3, Sum: 13]
      [GC Worker Other (ms): Min: 0.0, Avg: 0.0, Max: 0.0, Diff: 0.0, Sum: 0.1]
      [GC Worker Total (ms): Min: 18.3, Avg: 18.5, Max: 18.6, Diff: 0.3, Sum: 73.9]
      [GC Worker End (ms): Min: 35485088.6, Avg: 35485088.6, Max: 35485088.6, Diff: 0.0]
   [Code Root Fixup: 0.0 ms]
   [Code Root Purge: 0.0 ms]
   [Clear CT: 0.1 ms]
   [Other: 0.8 ms]
      [Choose CSet: 0.0 ms]
      [Ref Proc: 0.2 ms]
      [Ref Enq: 0.0 ms]
      [Redirty Cards: 0.1 ms]
      [Humongous Register: 0.2 ms]
      [Humongous Reclaim: 0.0 ms]
      [Free CSet: 0.1 ms]
   [Eden: 50.0M(46.0M)->0.0B(87.0M) Survivors: 5120.0K->5120.0K Heap: 370.4M(1024.0M)->320.4M(1024.0M)]
 [Times: user=0.07 sys=0.01, real=0.03 secs] 
2019-11-03T18:57:05.134+0800: 35499.413: [GC pause (G1 Evacuation Pause) (young), 0.0213969 secs]
   [Parallel Time: 20.3 ms, GC Workers: 4]
      [GC Worker Start (ms): Min: 35499413.4, Avg: 35499413.8, Max: 35499414.5, Diff: 1.2]
      [Ext Root Scanning (ms): Min: 0.0, Avg: 0.7, Max: 1.1, Diff: 1.0, Sum: 2.9]
      [Update RS (ms): Min: 1.9, Avg: 2.4, Max: 3.0, Diff: 1.2, Sum: 9.5]
         [Processed Buffers: Min: 4, Avg: 9.5, Max: 19, Diff: 15, Sum: 38]
      [Scan RS (ms): Min: 6.5, Avg: 6.9, Max: 7.6, Diff: 1.1, Sum: 27.6]
      [Code Root Scanning (ms): Min: 0.0, Avg: 0.0, Max: 0.0, Diff: 0.0, Sum: 0.0]
      [Object Copy (ms): Min: 9.4, Avg: 9.8, Max: 10.3, Diff: 0.8, Sum: 39.0]
      [Termination (ms): Min: 0.0, Avg: 0.1, Max: 0.2, Diff: 0.2, Sum: 0.4]
         [Termination Attempts: Min: 1, Avg: 1.0, Max: 1, Diff: 0, Sum: 4]
      [GC Worker Other (ms): Min: 0.0, Avg: 0.0, Max: 0.0, Diff: 0.0, Sum: 0.1]
      [GC Worker Total (ms): Min: 19.1, Avg: 19.9, Max: 20.3, Diff: 1.2, Sum: 79.5]
      [GC Worker End (ms): Min: 35499433.6, Avg: 35499433.6, Max: 35499433.7, Diff: 0.1]
   [Code Root Fixup: 0.0 ms]
   [Code Root Purge: 0.0 ms]
   [Clear CT: 0.1 ms]
   [Other: 0.9 ms]
      [Choose CSet: 0.0 ms]
      [Ref Proc: 0.3 ms]
      [Ref Enq: 0.0 ms]
      [Redirty Cards: 0.1 ms]
      [Humongous Register: 0.0 ms]
      [Humongous Reclaim: 0.0 ms]
      [Free CSet: 0.1 ms]
   [Eden: 65.0M(46.0M)->0.0B(72.0M) Survivors: 5120.0K->6144.0K Heap: 385.4M(1024.0M)->321.2M(1024.0M)]
 [Times: user=0.08 sys=0.00, real=0.02 secs] 
2019-11-03T18:57:20.940+0800: 35515.219: [GC pause (G1 Evacuation Pause) (young), 0.0201137 secs]
   [Parallel Time: 19.3 ms, GC Workers: 4]
      [GC Worker Start (ms): Min: 35515219.3, Avg: 35515219.6, Max: 35515220.4, Diff: 1.1]
      [Ext Root Scanning (ms): Min: 0.0, Avg: 0.8, Max: 1.1, Diff: 1.1, Sum: 3.3]
      [Update RS (ms): Min: 2.4, Avg: 2.7, Max: 3.0, Diff: 0.6, Sum: 10.6]
         [Processed Buffers: Min: 4, Avg: 7.8, Max: 14, Diff: 10, Sum: 31]
      [Scan RS (ms): Min: 5.2, Avg: 5.5, Max: 5.8, Diff: 0.5, Sum: 22.2]
      [Code Root Scanning (ms): Min: 0.0, Avg: 0.0, Max: 0.0, Diff: 0.0, Sum: 0.0]
      [Object Copy (ms): Min: 9.8, Avg: 9.9, Max: 9.9, Diff: 0.1, Sum: 39.5]
      [Termination (ms): Min: 0.0, Avg: 0.0, Max: 0.0, Diff: 0.0, Sum: 0.0]
         [Termination Attempts: Min: 1, Avg: 3.0, Max: 7, Diff: 6, Sum: 12]
      [GC Worker Other (ms): Min: 0.0, Avg: 0.0, Max: 0.0, Diff: 0.0, Sum: 0.1]
      [GC Worker Total (ms): Min: 18.1, Avg: 18.9, Max: 19.2, Diff: 1.1, Sum: 75.8]
      [GC Worker End (ms): Min: 35515238.5, Avg: 35515238.5, Max: 35515238.5, Diff: 0.0]
   [Code Root Fixup: 0.0 ms]
   [Code Root Purge: 0.0 ms]
   [Clear CT: 0.1 ms]
   [Other: 0.7 ms]
      [Choose CSet: 0.0 ms]
      [Ref Proc: 0.3 ms]
      [Ref Enq: 0.0 ms]
      [Redirty Cards: 0.1 ms]
      [Humongous Register: 0.0 ms]
      [Humongous Reclaim: 0.0 ms]
      [Free CSet: 0.1 ms]
   [Eden: 72.0M(72.0M)->0.0B(90.0M) Survivors: 6144.0K->6144.0K Heap: 393.2M(1024.0M)->321.7M(1024.0M)]
 [Times: user=0.08 sys=0.00, real=0.02 secs] 
2019-11-03T18:57:40.901+0800: 35535.180: [GC pause (G1 Evacuation Pause) (young), 0.0253971 secs]
   [Parallel Time: 24.3 ms, GC Workers: 4]
      [GC Worker Start (ms): Min: 35535179.8, Avg: 35535180.8, Max: 35535184.1, Diff: 4.3]
      [Ext Root Scanning (ms): Min: 0.0, Avg: 0.9, Max: 1.2, Diff: 1.2, Sum: 3.4]
      [Update RS (ms): Min: 0.7, Avg: 2.7, Max: 4.0, Diff: 3.3, Sum: 11.0]
         [Processed Buffers: Min: 6, Avg: 9.5, Max: 13, Diff: 7, Sum: 38]
      [Scan RS (ms): Min: 6.3, Avg: 6.7, Max: 7.1, Diff: 0.9, Sum: 27.0]
      [Code Root Scanning (ms): Min: 0.0, Avg: 0.0, Max: 0.0, Diff: 0.0, Sum: 0.0]
      [Object Copy (ms): Min: 12.5, Avg: 12.6, Max: 12.7, Diff: 0.2, Sum: 50.3]
      [Termination (ms): Min: 0.0, Avg: 0.2, Max: 0.2, Diff: 0.2, Sum: 0.6]
         [Termination Attempts: Min: 1, Avg: 1.0, Max: 1, Diff: 0, Sum: 4]
      [GC Worker Other (ms): Min: 0.0, Avg: 0.0, Max: 0.0, Diff: 0.0, Sum: 0.1]
      [GC Worker Total (ms): Min: 19.9, Avg: 23.1, Max: 24.2, Diff: 4.3, Sum: 92.4]
      [GC Worker End (ms): Min: 35535203.9, Avg: 35535204.0, Max: 35535204.0, Diff: 0.1]
   [Code Root Fixup: 0.0 ms]
   [Code Root Purge: 0.0 ms]
   [Clear CT: 0.1 ms]
   [Other: 1.0 ms]
      [Choose CSet: 0.0 ms]
      [Ref Proc: 0.5 ms]
      [Ref Enq: 0.0 ms]
      [Redirty Cards: 0.1 ms]
      [Humongous Register: 0.0 ms]
      [Humongous Reclaim: 0.0 ms]
      [Free CSet: 0.1 ms]
   [Eden: 90.0M(90.0M)->0.0B(44.0M) Survivors: 6144.0K->7168.0K Heap: 411.7M(1024.0M)->322.2M(1024.0M)]
 [Times: user=0.08 sys=0.00, real=0.02 secs] 
2019-11-03T18:57:50.747+0800: 35545.025: [GC pause (G1 Evacuation Pause) (young), 0.0211192 secs]
   [Parallel Time: 20.3 ms, GC Workers: 4]
      [GC Worker Start (ms): Min: 35545025.1, Avg: 35545025.2, Max: 35545025.3, Diff: 0.2]
      [Ext Root Scanning (ms): Min: 0.3, Avg: 0.5, Max: 0.5, Diff: 0.2, Sum: 1.9]
      [Update RS (ms): Min: 1.2, Avg: 1.3, Max: 1.4, Diff: 0.2, Sum: 5.3]
         [Processed Buffers: Min: 4, Avg: 8.0, Max: 17, Diff: 13, Sum: 32]
      [Scan RS (ms): Min: 4.9, Avg: 5.0, Max: 5.2, Diff: 0.2, Sum: 20.2]
      [Code Root Scanning (ms): Min: 0.0, Avg: 0.0, Max: 0.0, Diff: 0.0, Sum: 0.0]
      [Object Copy (ms): Min: 13.3, Avg: 13.3, Max: 13.3, Diff: 0.1, Sum: 53.2]
      [Termination (ms): Min: 0.0, Avg: 0.0, Max: 0.0, Diff: 0.0, Sum: 0.0]
         [Termination Attempts: Min: 1, Avg: 1.0, Max: 1, Diff: 0, Sum: 4]
      [GC Worker Other (ms): Min: 0.0, Avg: 0.0, Max: 0.0, Diff: 0.0, Sum: 0.1]
      [GC Worker Total (ms): Min: 20.1, Avg: 20.2, Max: 20.2, Diff: 0.2, Sum: 80.8]
      [GC Worker End (ms): Min: 35545045.4, Avg: 35545045.4, Max: 35545045.4, Diff: 0.0]
   [Code Root Fixup: 0.0 ms]
   [Code Root Purge: 0.0 ms]
   [Clear CT: 0.1 ms]
   [Other: 0.7 ms]
      [Choose CSet: 0.0 ms]
      [Ref Proc: 0.2 ms]
      [Ref Enq: 0.0 ms]
      [Redirty Cards: 0.1 ms]
      [Humongous Register: 0.0 ms]
      [Humongous Reclaim: 0.0 ms]
      [Free CSet: 0.1 ms]
   [Eden: 44.0M(44.0M)->0.0B(46.0M) Survivors: 7168.0K->5120.0K Heap: 366.2M(1024.0M)->322.0M(1024.0M)]
 [Times: user=0.07 sys=0.00, real=0.02 secs] 
2019-11-03T18:58:00.913+0800: 35555.190: [GC pause (G1 Evacuation Pause) (young), 0.0258594 secs]
   [Parallel Time: 25.0 ms, GC Workers: 4]
      [GC Worker Start (ms): Min: 35555190.4, Avg: 35555190.4, Max: 35555190.4, Diff: 0.0]
      [Ext Root Scanning (ms): Min: 0.7, Avg: 0.7, Max: 0.8, Diff: 0.1, Sum: 3.0]
      [Update RS (ms): Min: 2.1, Avg: 4.5, Max: 11.4, Diff: 9.4, Sum: 18.1]
         [Processed Buffers: Min: 0, Avg: 8.0, Max: 15, Diff: 15, Sum: 32]
      [Scan RS (ms): Min: 0.0, Avg: 6.0, Max: 8.8, Diff: 8.8, Sum: 24.0]
      [Code Root Scanning (ms): Min: 0.0, Avg: 0.0, Max: 0.0, Diff: 0.0, Sum: 0.0]
      [Object Copy (ms): Min: 12.5, Avg: 13.4, Max: 14.3, Diff: 1.8, Sum: 53.8]
      [Termination (ms): Min: 0.0, Avg: 0.1, Max: 0.2, Diff: 0.2, Sum: 0.5]
         [Termination Attempts: Min: 1, Avg: 3.0, Max: 5, Diff: 4, Sum: 12]
      [GC Worker Other (ms): Min: 0.0, Avg: 0.0, Max: 0.0, Diff: 0.0, Sum: 0.1]
      [GC Worker Total (ms): Min: 24.8, Avg: 24.9, Max: 24.9, Diff: 0.1, Sum: 99.5]
      [GC Worker End (ms): Min: 35555215.2, Avg: 35555215.2, Max: 35555215.3, Diff: 0.1]
   [Code Root Fixup: 0.0 ms]
   [Code Root Purge: 0.0 ms]
   [Clear CT: 0.1 ms]
   [Other: 0.8 ms]
      [Choose CSet: 0.0 ms]
      [Ref Proc: 0.3 ms]
      [Ref Enq: 0.0 ms]
      [Redirty Cards: 0.1 ms]
      [Humongous Register: 0.0 ms]
      [Humongous Reclaim: 0.0 ms]
      [Free CSet: 0.1 ms]
   [Eden: 46.0M(46.0M)->0.0B(46.0M) Survivors: 5120.0K->5120.0K Heap: 368.0M(1024.0M)->322.0M(1024.0M)]
 [Times: user=0.06 sys=0.00, real=0.02 secs] 
2019-11-03T18:58:11.091+0800: 35565.368: [GC pause (G1 Evacuation Pause) (young), 0.0209637 secs]
   [Parallel Time: 20.1 ms, GC Workers: 4]
      [GC Worker Start (ms): Min: 35565368.6, Avg: 35565368.9, Max: 35565369.3, Diff: 0.7]
      [Ext Root Scanning (ms): Min: 0.6, Avg: 1.0, Max: 1.2, Diff: 0.7, Sum: 3.9]
      [Update RS (ms): Min: 2.9, Avg: 3.3, Max: 4.2, Diff: 1.3, Sum: 13.1]
         [Processed Buffers: Min: 7, Avg: 9.2, Max: 12, Diff: 5, Sum: 37]
      [Scan RS (ms): Min: 4.2, Avg: 6.3, Max: 7.2, Diff: 3.0, Sum: 25.2]
      [Code Root Scanning (ms): Min: 0.0, Avg: 0.0, Max: 0.0, Diff: 0.0, Sum: 0.0]
      [Object Copy (ms): Min: 8.0, Avg: 8.9, Max: 10.0, Diff: 2.0, Sum: 35.5]
      [Termination (ms): Min: 0.0, Avg: 0.2, Max: 0.3, Diff: 0.3, Sum: 0.7]
         [Termination Attempts: Min: 1, Avg: 1.5, Max: 2, Diff: 1, Sum: 6]
      [GC Worker Other (ms): Min: 0.0, Avg: 0.0, Max: 0.0, Diff: 0.0, Sum: 0.1]
      [GC Worker Total (ms): Min: 19.1, Avg: 19.6, Max: 19.9, Diff: 0.8, Sum: 78.4]
      [GC Worker End (ms): Min: 35565388.5, Avg: 35565388.5, Max: 35565388.7, Diff: 0.2]
   [Code Root Fixup: 0.0 ms]
   [Code Root Purge: 0.0 ms]
   [Clear CT: 0.1 ms]
   [Other: 0.8 ms]
      [Choose CSet: 0.0 ms]
      [Ref Proc: 0.2 ms]
      [Ref Enq: 0.0 ms]
      [Redirty Cards: 0.1 ms]
      [Humongous Register: 0.1 ms]
      [Humongous Reclaim: 0.0 ms]
      [Free CSet: 0.1 ms]
   [Eden: 46.0M(46.0M)->0.0B(46.0M) Survivors: 5120.0K->5120.0K Heap: 368.0M(1024.0M)->322.0M(1024.0M)]
 [Times: user=0.07 sys=0.00, real=0.02 secs] 
2019-11-03T18:58:21.384+0800: 35575.660: [GC pause (G1 Evacuation Pause) (young), 0.0247510 secs]
   [Parallel Time: 23.9 ms, GC Workers: 4]
      [GC Worker Start (ms): Min: 35575660.6, Avg: 35575660.9, Max: 35575662.0, Diff: 1.4]
      [Ext Root Scanning (ms): Min: 0.0, Avg: 1.0, Max: 1.3, Diff: 1.3, Sum: 3.9]
      [Update RS (ms): Min: 0.8, Avg: 3.3, Max: 4.3, Diff: 3.4, Sum: 13.2]
         [Processed Buffers: Min: 4, Avg: 8.2, Max: 12, Diff: 8, Sum: 33]
      [Scan RS (ms): Min: 7.5, Avg: 7.7, Max: 7.9, Diff: 0.4, Sum: 30.8]
      [Code Root Scanning (ms): Min: 0.0, Avg: 0.0, Max: 0.0, Diff: 0.0, Sum: 0.0]
      [Object Copy (ms): Min: 10.4, Avg: 11.5, Max: 13.9, Diff: 3.5, Sum: 45.9]
      [Termination (ms): Min: 0.0, Avg: 0.0, Max: 0.0, Diff: 0.0, Sum: 0.0]
         [Termination Attempts: Min: 1, Avg: 1.0, Max: 1, Diff: 0, Sum: 4]
      [GC Worker Other (ms): Min: 0.0, Avg: 0.0, Max: 0.1, Diff: 0.0, Sum: 0.2]
      [GC Worker Total (ms): Min: 22.5, Avg: 23.5, Max: 23.9, Diff: 1.4, Sum: 94.0]
      [GC Worker End (ms): Min: 35575684.4, Avg: 35575684.4, Max: 35575684.4, Diff: 0.0]
   [Code Root Fixup: 0.0 ms]
   [Code Root Purge: 0.0 ms]
   [Clear CT: 0.1 ms]
   [Other: 0.7 ms]
      [Choose CSet: 0.0 ms]
      [Ref Proc: 0.2 ms]
      [Ref Enq: 0.0 ms]
      [Redirty Cards: 0.1 ms]
      [Humongous Register: 0.0 ms]
      [Humongous Reclaim: 0.0 ms]
      [Free CSet: 0.1 ms]
   [Eden: 46.0M(46.0M)->0.0B(45.0M) Survivors: 5120.0K->6144.0K Heap: 368.0M(1024.0M)->323.0M(1024.0M)]
 [Times: user=0.07 sys=0.00, real=0.02 secs] 
2019-11-03T18:58:31.324+0800: 35585.600: [GC pause (G1 Evacuation Pause) (young), 0.0249042 secs]
   [Parallel Time: 23.5 ms, GC Workers: 4]
      [GC Worker Start (ms): Min: 35585600.7, Avg: 35585600.8, Max: 35585600.9, Diff: 0.2]
      [Ext Root Scanning (ms): Min: 1.0, Avg: 1.2, Max: 1.3, Diff: 0.3, Sum: 4.6]
      [Update RS (ms): Min: 1.4, Avg: 1.7, Max: 1.9, Diff: 0.5, Sum: 7.0]
         [Processed Buffers: Min: 7, Avg: 9.2, Max: 12, Diff: 5, Sum: 37]
      [Scan RS (ms): Min: 7.0, Avg: 7.6, Max: 8.2, Diff: 1.2, Sum: 30.3]
      [Code Root Scanning (ms): Min: 0.0, Avg: 0.0, Max: 0.0, Diff: 0.0, Sum: 0.0]
      [Object Copy (ms): Min: 11.7, Avg: 12.3, Max: 13.2, Diff: 1.5, Sum: 49.4]
      [Termination (ms): Min: 0.0, Avg: 0.4, Max: 0.5, Diff: 0.5, Sum: 1.5]
         [Termination Attempts: Min: 1, Avg: 1.0, Max: 1, Diff: 0, Sum: 4]
      [GC Worker Other (ms): Min: 0.0, Avg: 0.0, Max: 0.0, Diff: 0.0, Sum: 0.1]
      [GC Worker Total (ms): Min: 23.0, Avg: 23.2, Max: 23.4, Diff: 0.4, Sum: 92.9]
      [GC Worker End (ms): Min: 35585623.8, Avg: 35585624.0, Max: 35585624.1, Diff: 0.4]
   [Code Root Fixup: 0.0 ms]
   [Code Root Purge: 0.0 ms]
   [Clear CT: 0.1 ms]
   [Other: 1.3 ms]
      [Choose CSet: 0.0 ms]
      [Ref Proc: 0.5 ms]
      [Ref Enq: 0.0 ms]
      [Redirty Cards: 0.2 ms]
      [Humongous Register: 0.1 ms]
      [Humongous Reclaim: 0.0 ms]
      [Free CSet: 0.1 ms]
   [Eden: 45.0M(45.0M)->0.0B(46.0M) Survivors: 6144.0K->5120.0K Heap: 368.0M(1024.0M)->323.3M(1024.0M)]
 [Times: user=0.07 sys=0.01, real=0.02 secs] 
2019-11-03T18:58:41.583+0800: 35595.858: [GC pause (G1 Evacuation Pause) (young), 0.0192771 secs]
   [Parallel Time: 18.2 ms, GC Workers: 4]
      [GC Worker Start (ms): Min: 35595858.6, Avg: 35595858.7, Max: 35595859.0, Diff: 0.4]
      [Ext Root Scanning (ms): Min: 0.5, Avg: 0.8, Max: 0.9, Diff: 0.5, Sum: 3.2]
      [Update RS (ms): Min: 2.5, Avg: 2.7, Max: 2.8, Diff: 0.3, Sum: 10.6]
         [Processed Buffers: Min: 2, Avg: 9.0, Max: 14, Diff: 12, Sum: 36]
      [Scan RS (ms): Min: 5.4, Avg: 5.5, Max: 5.6, Diff: 0.2, Sum: 21.9]
      [Code Root Scanning (ms): Min: 0.0, Avg: 0.0, Max: 0.0, Diff: 0.0, Sum: 0.0]
      [Object Copy (ms): Min: 8.8, Avg: 8.9, Max: 9.0, Diff: 0.2, Sum: 35.6]
      [Termination (ms): Min: 0.0, Avg: 0.1, Max: 0.2, Diff: 0.2, Sum: 0.5]
         [Termination Attempts: Min: 1, Avg: 1.5, Max: 3, Diff: 2, Sum: 6]
      [GC Worker Other (ms): Min: 0.0, Avg: 0.0, Max: 0.0, Diff: 0.0, Sum: 0.1]
      [GC Worker Total (ms): Min: 17.7, Avg: 18.0, Max: 18.1, Diff: 0.4, Sum: 71.8]
      [GC Worker End (ms): Min: 35595876.6, Avg: 35595876.7, Max: 35595876.7, Diff: 0.0]
   [Code Root Fixup: 0.0 ms]
   [Code Root Purge: 0.0 ms]
   [Clear CT: 0.1 ms]
   [Other: 0.9 ms]
      [Choose CSet: 0.0 ms]
      [Ref Proc: 0.3 ms]
      [Ref Enq: 0.0 ms]
      [Redirty Cards: 0.1 ms]
      [Humongous Register: 0.0 ms]
      [Humongous Reclaim: 0.0 ms]
      [Free CSet: 0.2 ms]
   [Eden: 46.0M(46.0M)->0.0B(47.0M) Survivors: 5120.0K->4096.0K Heap: 369.3M(1024.0M)->322.8M(1024.0M)]
 [Times: user=0.06 sys=0.00, real=0.02 secs] 
2019-11-03T18:58:52.010+0800: 35606.285: [GC pause (G1 Evacuation Pause) (young), 0.0189721 secs]
   [Parallel Time: 18.2 ms, GC Workers: 4]
      [GC Worker Start (ms): Min: 35606285.6, Avg: 35606287.5, Max: 35606292.7, Diff: 7.0]
      [Ext Root Scanning (ms): Min: 0.0, Avg: 0.9, Max: 1.2, Diff: 1.2, Sum: 3.4]
      [Update RS (ms): Min: 0.0, Avg: 2.8, Max: 4.7, Diff: 4.7, Sum: 11.2]
         [Processed Buffers: Min: 0, Avg: 8.0, Max: 17, Diff: 17, Sum: 32]
      [Scan RS (ms): Min: 3.7, Avg: 5.2, Max: 6.3, Diff: 2.6, Sum: 21.0]
      [Code Root Scanning (ms): Min: 0.0, Avg: 0.0, Max: 0.0, Diff: 0.0, Sum: 0.0]
      [Object Copy (ms): Min: 7.4, Avg: 7.4, Max: 7.5, Diff: 0.1, Sum: 29.7]
      [Termination (ms): Min: 0.0, Avg: 0.0, Max: 0.0, Diff: 0.0, Sum: 0.0]
         [Termination Attempts: Min: 1, Avg: 1.5, Max: 2, Diff: 1, Sum: 6]
      [GC Worker Other (ms): Min: 0.0, Avg: 0.0, Max: 0.0, Diff: 0.0, Sum: 0.1]
      [GC Worker Total (ms): Min: 11.1, Avg: 16.4, Max: 18.2, Diff: 7.0, Sum: 65.4]
      [GC Worker End (ms): Min: 35606303.8, Avg: 35606303.8, Max: 35606303.8, Diff: 0.0]
   [Code Root Fixup: 0.0 ms]
   [Code Root Purge: 0.0 ms]
   [Clear CT: 0.1 ms]
   [Other: 0.6 ms]
      [Choose CSet: 0.0 ms]
      [Ref Proc: 0.2 ms]
      [Ref Enq: 0.0 ms]
      [Redirty Cards: 0.1 ms]
      [Humongous Register: 0.0 ms]
      [Humongous Reclaim: 0.0 ms]
      [Free CSet: 0.1 ms]
   [Eden: 47.0M(47.0M)->0.0B(46.0M) Survivors: 4096.0K->5120.0K Heap: 369.8M(1024.0M)->323.3M(1024.0M)]
 [Times: user=0.06 sys=0.01, real=0.01 secs] 
2019-11-03T18:59:02.133+0800: 35616.408: [GC pause (G1 Evacuation Pause) (young), 0.0195869 secs]
   [Parallel Time: 18.9 ms, GC Workers: 4]
      [GC Worker Start (ms): Min: 35616408.0, Avg: 35616408.0, Max: 35616408.1, Diff: 0.1]
      [Ext Root Scanning (ms): Min: 0.7, Avg: 0.8, Max: 0.8, Diff: 0.1, Sum: 3.1]
      [Update RS (ms): Min: 2.0, Avg: 2.3, Max: 2.6, Diff: 0.5, Sum: 9.3]
         [Processed Buffers: Min: 2, Avg: 8.5, Max: 13, Diff: 11, Sum: 34]
      [Scan RS (ms): Min: 6.0, Avg: 6.3, Max: 6.7, Diff: 0.6, Sum: 25.4]
      [Code Root Scanning (ms): Min: 0.0, Avg: 0.0, Max: 0.0, Diff: 0.0, Sum: 0.0]
      [Object Copy (ms): Min: 9.2, Avg: 9.3, Max: 9.3, Diff: 0.1, Sum: 37.1]
      [Termination (ms): Min: 0.0, Avg: 0.0, Max: 0.0, Diff: 0.0, Sum: 0.0]
         [Termination Attempts: Min: 1, Avg: 1.0, Max: 1, Diff: 0, Sum: 4]
      [GC Worker Other (ms): Min: 0.0, Avg: 0.1, Max: 0.1, Diff: 0.0, Sum: 0.2]
      [GC Worker Total (ms): Min: 18.7, Avg: 18.8, Max: 18.8, Diff: 0.1, Sum: 75.1]
      [GC Worker End (ms): Min: 35616426.8, Avg: 35616426.8, Max: 35616426.8, Diff: 0.0]
   [Code Root Fixup: 0.0 ms]
   [Code Root Purge: 0.0 ms]
   [Clear CT: 0.1 ms]
   [Other: 0.6 ms]
      [Choose CSet: 0.0 ms]
      [Ref Proc: 0.2 ms]
      [Ref Enq: 0.0 ms]
      [Redirty Cards: 0.1 ms]
      [Humongous Register: 0.0 ms]
      [Humongous Reclaim: 0.0 ms]
      [Free CSet: 0.1 ms]
   [Eden: 46.0M(46.0M)->0.0B(45.0M) Survivors: 5120.0K->6144.0K Heap: 369.3M(1024.0M)->324.8M(1024.0M)]
 [Times: user=0.08 sys=0.00, real=0.02 secs] 
2019-11-03T18:59:12.138+0800: 35626.412: [GC pause (G1 Evacuation Pause) (young), 0.0224870 secs]
   [Parallel Time: 21.8 ms, GC Workers: 4]
      [GC Worker Start (ms): Min: 35626412.7, Avg: 35626413.1, Max: 35626413.4, Diff: 0.7]
      [Ext Root Scanning (ms): Min: 0.6, Avg: 1.0, Max: 1.2, Diff: 0.6, Sum: 4.0]
      [Update RS (ms): Min: 1.7, Avg: 1.8, Max: 2.1, Diff: 0.4, Sum: 7.2]
         [Processed Buffers: Min: 7, Avg: 8.5, Max: 9, Diff: 2, Sum: 34]
      [Scan RS (ms): Min: 7.4, Avg: 7.9, Max: 8.5, Diff: 1.1, Sum: 31.5]
      [Code Root Scanning (ms): Min: 0.0, Avg: 0.0, Max: 0.0, Diff: 0.0, Sum: 0.0]
      [Object Copy (ms): Min: 10.0, Avg: 10.6, Max: 10.9, Diff: 0.9, Sum: 42.4]
      [Termination (ms): Min: 0.0, Avg: 0.0, Max: 0.0, Diff: 0.0, Sum: 0.0]
         [Termination Attempts: Min: 1, Avg: 1.0, Max: 1, Diff: 0, Sum: 4]
      [GC Worker Other (ms): Min: 0.0, Avg: 0.1, Max: 0.2, Diff: 0.1, Sum: 0.3]
      [GC Worker Total (ms): Min: 21.0, Avg: 21.3, Max: 21.7, Diff: 0.7, Sum: 85.4]
      [GC Worker End (ms): Min: 35626434.4, Avg: 35626434.4, Max: 35626434.4, Diff: 0.0]
   [Code Root Fixup: 0.0 ms]
   [Code Root Purge: 0.0 ms]
   [Clear CT: 0.0 ms]
   [Other: 0.6 ms]
      [Choose CSet: 0.0 ms]
      [Ref Proc: 0.1 ms]
      [Ref Enq: 0.0 ms]
      [Redirty Cards: 0.1 ms]
      [Humongous Register: 0.1 ms]
      [Humongous Reclaim: 0.0 ms]
      [Free CSet: 0.1 ms]
   [Eden: 45.0M(45.0M)->0.0B(46.0M) Survivors: 6144.0K->5120.0K Heap: 369.8M(1024.0M)->324.8M(1024.0M)]
 [Times: user=0.08 sys=0.00, real=0.03 secs] 
2019-11-03T18:59:22.298+0800: 35636.572: [GC pause (G1 Evacuation Pause) (young), 0.0187739 secs]
   [Parallel Time: 18.1 ms, GC Workers: 4]
      [GC Worker Start (ms): Min: 35636571.9, Avg: 35636573.4, Max: 35636576.2, Diff: 4.2]
      [Ext Root Scanning (ms): Min: 0.0, Avg: 0.7, Max: 1.4, Diff: 1.4, Sum: 2.8]
      [Update RS (ms): Min: 1.1, Avg: 2.9, Max: 3.7, Diff: 2.6, Sum: 11.5]
         [Processed Buffers: Min: 1, Avg: 8.5, Max: 20, Diff: 19, Sum: 34]
      [Scan RS (ms): Min: 5.6, Avg: 5.7, Max: 5.8, Diff: 0.3, Sum: 22.9]
      [Code Root Scanning (ms): Min: 0.0, Avg: 0.0, Max: 0.0, Diff: 0.0, Sum: 0.0]
      [Object Copy (ms): Min: 6.9, Avg: 7.2, Max: 8.0, Diff: 1.1, Sum: 28.8]
      [Termination (ms): Min: 0.0, Avg: 0.0, Max: 0.0, Diff: 0.0, Sum: 0.0]
         [Termination Attempts: Min: 1, Avg: 1.2, Max: 2, Diff: 1, Sum: 5]
      [GC Worker Other (ms): Min: 0.0, Avg: 0.0, Max: 0.0, Diff: 0.0, Sum: 0.1]
      [GC Worker Total (ms): Min: 13.8, Avg: 16.5, Max: 18.0, Diff: 4.2, Sum: 66.2]
      [GC Worker End (ms): Min: 35636589.9, Avg: 35636589.9, Max: 35636589.9, Diff: 0.0]
   [Code Root Fixup: 0.0 ms]
   [Code Root Purge: 0.0 ms]
   [Clear CT: 0.1 ms]
   [Other: 0.6 ms]
      [Choose CSet: 0.0 ms]
      [Ref Proc: 0.2 ms]
      [Ref Enq: 0.0 ms]
      [Redirty Cards: 0.1 ms]
      [Humongous Register: 0.0 ms]
      [Humongous Reclaim: 0.0 ms]
      [Free CSet: 0.1 ms]
   [Eden: 46.0M(46.0M)->0.0B(46.0M) Survivors: 5120.0K->5120.0K Heap: 370.8M(1024.0M)->324.3M(1024.0M)]
 [Times: user=0.07 sys=0.01, real=0.02 secs] 
2019-11-03T18:59:32.553+0800: 35646.827: [GC pause (G1 Evacuation Pause) (young), 0.0196963 secs]
   [Parallel Time: 19.0 ms, GC Workers: 4]
      [GC Worker Start (ms): Min: 35646827.4, Avg: 35646827.9, Max: 35646829.2, Diff: 1.7]
      [Ext Root Scanning (ms): Min: 0.0, Avg: 1.2, Max: 1.6, Diff: 1.6, Sum: 4.9]
      [Update RS (ms): Min: 1.3, Avg: 1.6, Max: 1.9, Diff: 0.6, Sum: 6.5]
         [Processed Buffers: Min: 6, Avg: 8.8, Max: 12, Diff: 6, Sum: 35]
      [Scan RS (ms): Min: 3.7, Avg: 3.8, Max: 4.0, Diff: 0.3, Sum: 15.3]
      [Code Root Scanning (ms): Min: 0.0, Avg: 0.0, Max: 0.0, Diff: 0.0, Sum: 0.0]
      [Object Copy (ms): Min: 11.6, Avg: 11.7, Max: 12.0, Diff: 0.5, Sum: 46.9]
      [Termination (ms): Min: 0.0, Avg: 0.0, Max: 0.0, Diff: 0.0, Sum: 0.0]
         [Termination Attempts: Min: 1, Avg: 2.0, Max: 4, Diff: 3, Sum: 8]
      [GC Worker Other (ms): Min: 0.0, Avg: 0.1, Max: 0.1, Diff: 0.1, Sum: 0.2]
      [GC Worker Total (ms): Min: 17.1, Avg: 18.4, Max: 18.9, Diff: 1.7, Sum: 73.7]
      [GC Worker End (ms): Min: 35646846.3, Avg: 35646846.3, Max: 35646846.4, Diff: 0.1]
   [Code Root Fixup: 0.0 ms]
   [Code Root Purge: 0.0 ms]
   [Clear CT: 0.1 ms]
   [Other: 0.6 ms]
      [Choose CSet: 0.0 ms]
      [Ref Proc: 0.1 ms]
      [Ref Enq: 0.0 ms]
      [Redirty Cards: 0.1 ms]
      [Humongous Register: 0.1 ms]
      [Humongous Reclaim: 0.0 ms]
      [Free CSet: 0.1 ms]
   [Eden: 46.0M(46.0M)->0.0B(45.0M) Survivors: 5120.0K->6144.0K Heap: 370.3M(1024.0M)->325.3M(1024.0M)]
 [Times: user=0.06 sys=0.01, real=0.02 secs] 
2019-11-03T18:59:42.529+0800: 35656.803: [GC pause (G1 Evacuation Pause) (young), 0.0222308 secs]
   [Parallel Time: 21.0 ms, GC Workers: 4]
      [GC Worker Start (ms): Min: 35656802.9, Avg: 35656803.0, Max: 35656803.2, Diff: 0.4]
      [Ext Root Scanning (ms): Min: 0.6, Avg: 0.8, Max: 1.0, Diff: 0.4, Sum: 3.4]
      [Update RS (ms): Min: 2.0, Avg: 2.3, Max: 2.6, Diff: 0.6, Sum: 9.2]
         [Processed Buffers: Min: 1, Avg: 8.2, Max: 16, Diff: 15, Sum: 33]
      [Scan RS (ms): Min: 6.5, Avg: 6.8, Max: 7.2, Diff: 0.7, Sum: 27.3]
      [Code Root Scanning (ms): Min: 0.0, Avg: 0.0, Max: 0.0, Diff: 0.0, Sum: 0.0]
      [Object Copy (ms): Min: 10.0, Avg: 10.4, Max: 10.8, Diff: 0.8, Sum: 41.7]
      [Termination (ms): Min: 0.0, Avg: 0.2, Max: 0.5, Diff: 0.5, Sum: 0.9]
         [Termination Attempts: Min: 1, Avg: 1.0, Max: 1, Diff: 0, Sum: 4]
      [GC Worker Other (ms): Min: 0.0, Avg: 0.0, Max: 0.1, Diff: 0.0, Sum: 0.1]
      [GC Worker Total (ms): Min: 20.5, Avg: 20.7, Max: 21.0, Diff: 0.4, Sum: 82.7]
      [GC Worker End (ms): Min: 35656823.5, Avg: 35656823.6, Max: 35656823.8, Diff: 0.3]
   [Code Root Fixup: 0.0 ms]
   [Code Root Purge: 0.0 ms]
   [Clear CT: 0.1 ms]
   [Other: 1.1 ms]
      [Choose CSet: 0.0 ms]
      [Ref Proc: 0.5 ms]
      [Ref Enq: 0.0 ms]
      [Redirty Cards: 0.1 ms]
      [Humongous Register: 0.1 ms]
      [Humongous Reclaim: 0.1 ms]
      [Free CSet: 0.1 ms]
   [Eden: 45.0M(45.0M)->0.0B(46.0M) Survivors: 6144.0K->5120.0K Heap: 370.3M(1024.0M)->325.2M(1024.0M)]
 [Times: user=0.08 sys=0.00, real=0.03 secs] 
2019-11-03T18:59:52.723+0800: 35666.996: [GC pause (G1 Evacuation Pause) (young), 0.0225778 secs]
   [Parallel Time: 21.6 ms, GC Workers: 4]
      [GC Worker Start (ms): Min: 35666996.1, Avg: 35666996.5, Max: 35666997.2, Diff: 1.0]
      [Ext Root Scanning (ms): Min: 0.3, Avg: 2.2, Max: 6.2, Diff: 5.9, Sum: 8.8]
      [Update RS (ms): Min: 0.1, Avg: 3.9, Max: 5.3, Diff: 5.2, Sum: 15.7]
         [Processed Buffers: Min: 4, Avg: 8.2, Max: 16, Diff: 12, Sum: 33]
      [Scan RS (ms): Min: 5.7, Avg: 6.4, Max: 7.6, Diff: 1.9, Sum: 25.7]
      [Code Root Scanning (ms): Min: 0.0, Avg: 0.0, Max: 0.0, Diff: 0.0, Sum: 0.0]
      [Object Copy (ms): Min: 7.4, Avg: 8.6, Max: 9.0, Diff: 1.6, Sum: 34.2]
      [Termination (ms): Min: 0.0, Avg: 0.0, Max: 0.0, Diff: 0.0, Sum: 0.0]
         [Termination Attempts: Min: 1, Avg: 1.0, Max: 1, Diff: 0, Sum: 4]
      [GC Worker Other (ms): Min: 0.0, Avg: 0.1, Max: 0.1, Diff: 0.1, Sum: 0.2]
      [GC Worker Total (ms): Min: 20.5, Avg: 21.1, Max: 21.5, Diff: 1.0, Sum: 84.6]
      [GC Worker End (ms): Min: 35667017.7, Avg: 35667017.7, Max: 35667017.7, Diff: 0.0]
   [Code Root Fixup: 0.0 ms]
   [Code Root Purge: 0.0 ms]
   [Clear CT: 0.1 ms]
   [Other: 0.8 ms]
      [Choose CSet: 0.0 ms]
      [Ref Proc: 0.2 ms]
      [Ref Enq: 0.0 ms]
      [Redirty Cards: 0.1 ms]
      [Humongous Register: 0.1 ms]
      [Humongous Reclaim: 0.0 ms]
      [Free CSet: 0.1 ms]
   [Eden: 46.0M(46.0M)->0.0B(46.0M) Survivors: 5120.0K->5120.0K Heap: 371.2M(1024.0M)->325.2M(1024.0M)]
 [Times: user=0.06 sys=0.01, real=0.02 secs] 
2019-11-03T19:00:02.903+0800: 35677.175: [GC pause (G1 Evacuation Pause) (young), 0.0204650 secs]
   [Parallel Time: 19.6 ms, GC Workers: 4]
      [GC Worker Start (ms): Min: 35677175.4, Avg: 35677176.4, Max: 35677178.0, Diff: 2.6]
      [Ext Root Scanning (ms): Min: 0.0, Avg: 1.0, Max: 1.8, Diff: 1.8, Sum: 3.8]
      [Update RS (ms): Min: 1.9, Avg: 2.6, Max: 3.1, Diff: 1.2, Sum: 10.6]
         [Processed Buffers: Min: 4, Avg: 7.8, Max: 11, Diff: 7, Sum: 31]
      [Scan RS (ms): Min: 5.8, Avg: 6.0, Max: 6.2, Diff: 0.4, Sum: 24.0]
      [Code Root Scanning (ms): Min: 0.0, Avg: 0.0, Max: 0.0, Diff: 0.0, Sum: 0.0]
      [Object Copy (ms): Min: 8.6, Avg: 8.7, Max: 8.9, Diff: 0.3, Sum: 35.0]
      [Termination (ms): Min: 0.0, Avg: 0.1, Max: 0.1, Diff: 0.1, Sum: 0.4]
         [Termination Attempts: Min: 1, Avg: 1.2, Max: 2, Diff: 1, Sum: 5]
      [GC Worker Other (ms): Min: 0.0, Avg: 0.0, Max: 0.0, Diff: 0.0, Sum: 0.1]
      [GC Worker Total (ms): Min: 16.9, Avg: 18.5, Max: 19.5, Diff: 2.6, Sum: 73.9]
      [GC Worker End (ms): Min: 35677194.9, Avg: 35677194.9, Max: 35677194.9, Diff: 0.0]
   [Code Root Fixup: 0.0 ms]
   [Code Root Purge: 0.0 ms]
   [Clear CT: 0.1 ms]
   [Other: 0.7 ms]
      [Choose CSet: 0.0 ms]
      [Ref Proc: 0.2 ms]
      [Ref Enq: 0.0 ms]
      [Redirty Cards: 0.1 ms]
      [Humongous Register: 0.0 ms]
      [Humongous Reclaim: 0.0 ms]
      [Free CSet: 0.1 ms]
   [Eden: 46.0M(46.0M)->0.0B(46.0M) Survivors: 5120.0K->5120.0K Heap: 371.2M(1024.0M)->325.2M(1024.0M)]
 [Times: user=0.07 sys=0.00, real=0.02 secs] 
2019-11-03T19:00:13.156+0800: 35687.428: [GC pause (G1 Evacuation Pause) (young), 0.0205969 secs]
   [Parallel Time: 19.4 ms, GC Workers: 4]
      [GC Worker Start (ms): Min: 35687428.0, Avg: 35687428.0, Max: 35687428.1, Diff: 0.1]
      [Ext Root Scanning (ms): Min: 0.8, Avg: 0.8, Max: 0.9, Diff: 0.1, Sum: 3.3]
      [Update RS (ms): Min: 2.0, Avg: 2.4, Max: 2.7, Diff: 0.6, Sum: 9.5]
         [Processed Buffers: Min: 6, Avg: 9.0, Max: 12, Diff: 6, Sum: 36]
      [Scan RS (ms): Min: 6.0, Avg: 6.3, Max: 6.6, Diff: 0.6, Sum: 25.3]
      [Code Root Scanning (ms): Min: 0.0, Avg: 0.0, Max: 0.0, Diff: 0.0, Sum: 0.0]
      [Object Copy (ms): Min: 9.7, Avg: 9.7, Max: 9.7, Diff: 0.1, Sum: 38.8]
      [Termination (ms): Min: 0.0, Avg: 0.1, Max: 0.2, Diff: 0.1, Sum: 0.4]
         [Termination Attempts: Min: 1, Avg: 1.0, Max: 1, Diff: 0, Sum: 4]
      [GC Worker Other (ms): Min: 0.0, Avg: 0.0, Max: 0.0, Diff: 0.0, Sum: 0.1]
      [GC Worker Total (ms): Min: 19.3, Avg: 19.3, Max: 19.4, Diff: 0.1, Sum: 77.4]
      [GC Worker End (ms): Min: 35687447.3, Avg: 35687447.4, Max: 35687447.4, Diff: 0.0]
   [Code Root Fixup: 0.0 ms]
   [Code Root Purge: 0.0 ms]
   [Clear CT: 0.1 ms]
   [Other: 1.0 ms]
      [Choose CSet: 0.0 ms]
      [Ref Proc: 0.5 ms]
      [Ref Enq: 0.0 ms]
      [Redirty Cards: 0.1 ms]
      [Humongous Register: 0.0 ms]
      [Humongous Reclaim: 0.0 ms]
      [Free CSet: 0.1 ms]
   [Eden: 46.0M(46.0M)->0.0B(45.0M) Survivors: 5120.0K->6144.0K Heap: 371.2M(1024.0M)->326.7M(1024.0M)]
 [Times: user=0.08 sys=0.00, real=0.02 secs] 
2019-11-03T19:00:23.153+0800: 35697.425: [GC pause (G1 Evacuation Pause) (young), 0.0230915 secs]
   [Parallel Time: 22.4 ms, GC Workers: 4]
      [GC Worker Start (ms): Min: 35697425.1, Avg: 35697425.2, Max: 35697425.2, Diff: 0.1]
      [Ext Root Scanning (ms): Min: 0.8, Avg: 0.9, Max: 0.9, Diff: 0.1, Sum: 3.5]
      [Update RS (ms): Min: 1.4, Avg: 1.9, Max: 2.4, Diff: 1.0, Sum: 7.7]
         [Processed Buffers: Min: 4, Avg: 9.0, Max: 17, Diff: 13, Sum: 36]
      [Scan RS (ms): Min: 7.4, Avg: 7.7, Max: 7.8, Diff: 0.4, Sum: 30.6]
      [Code Root Scanning (ms): Min: 0.0, Avg: 0.0, Max: 0.0, Diff: 0.0, Sum: 0.0]
      [Object Copy (ms): Min: 11.6, Avg: 11.8, Max: 12.1, Diff: 0.6, Sum: 47.0]
      [Termination (ms): Min: 0.0, Avg: 0.0, Max: 0.0, Diff: 0.0, Sum: 0.0]
         [Termination Attempts: Min: 1, Avg: 2.2, Max: 5, Diff: 4, Sum: 9]
      [GC Worker Other (ms): Min: 0.0, Avg: 0.0, Max: 0.0, Diff: 0.0, Sum: 0.2]
      [GC Worker Total (ms): Min: 22.2, Avg: 22.3, Max: 22.3, Diff: 0.0, Sum: 89.0]
      [GC Worker End (ms): Min: 35697447.4, Avg: 35697447.4, Max: 35697447.4, Diff: 0.0]
   [Code Root Fixup: 0.0 ms]
   [Code Root Purge: 0.0 ms]
   [Clear CT: 0.0 ms]
   [Other: 0.7 ms]
      [Choose CSet: 0.0 ms]
      [Ref Proc: 0.2 ms]
      [Ref Enq: 0.0 ms]
      [Redirty Cards: 0.1 ms]
      [Humongous Register: 0.0 ms]
      [Humongous Reclaim: 0.0 ms]
      [Free CSet: 0.1 ms]
   [Eden: 45.0M(45.0M)->0.0B(46.0M) Survivors: 6144.0K->5120.0K Heap: 371.7M(1024.0M)->326.8M(1024.0M)]
 [Times: user=0.08 sys=0.00, real=0.02 secs] 
2019-11-03T19:00:33.369+0800: 35707.640: [GC pause (G1 Evacuation Pause) (young), 0.0203826 secs]
   [Parallel Time: 19.4 ms, GC Workers: 4]
      [GC Worker Start (ms): Min: 35707640.3, Avg: 35707640.4, Max: 35707640.4, Diff: 0.1]
      [Ext Root Scanning (ms): Min: 0.9, Avg: 0.9, Max: 1.0, Diff: 0.1, Sum: 3.8]
      [Update RS (ms): Min: 2.7, Avg: 2.8, Max: 3.0, Diff: 0.3, Sum: 11.3]
         [Processed Buffers: Min: 3, Avg: 8.8, Max: 14, Diff: 11, Sum: 35]
      [Scan RS (ms): Min: 6.9, Avg: 8.1, Max: 11.5, Diff: 4.6, Sum: 32.4]
      [Code Root Scanning (ms): Min: 0.0, Avg: 0.0, Max: 0.0, Diff: 0.0, Sum: 0.0]
      [Object Copy (ms): Min: 4.2, Avg: 7.4, Max: 8.5, Diff: 4.3, Sum: 29.5]
      [Termination (ms): Min: 0.0, Avg: 0.0, Max: 0.0, Diff: 0.0, Sum: 0.0]
         [Termination Attempts: Min: 1, Avg: 1.8, Max: 3, Diff: 2, Sum: 7]
      [GC Worker Other (ms): Min: 0.0, Avg: 0.0, Max: 0.0, Diff: 0.0, Sum: 0.1]
      [GC Worker Total (ms): Min: 19.2, Avg: 19.3, Max: 19.3, Diff: 0.1, Sum: 77.1]
      [GC Worker End (ms): Min: 35707659.6, Avg: 35707659.7, Max: 35707659.7, Diff: 0.0]
   [Code Root Fixup: 0.0 ms]
   [Code Root Purge: 0.0 ms]
   [Clear CT: 0.1 ms]
   [Other: 0.9 ms]
      [Choose CSet: 0.0 ms]
      [Ref Proc: 0.4 ms]
      [Ref Enq: 0.0 ms]
      [Redirty Cards: 0.1 ms]
      [Humongous Register: 0.0 ms]
      [Humongous Reclaim: 0.1 ms]
      [Free CSet: 0.1 ms]
   [Eden: 46.0M(46.0M)->0.0B(47.0M) Survivors: 5120.0K->4096.0K Heap: 372.8M(1024.0M)->325.8M(1024.0M)]
 [Times: user=0.07 sys=0.00, real=0.02 secs] 
2019-11-03T19:00:43.841+0800: 35718.112: [GC pause (G1 Evacuation Pause) (young), 0.0186878 secs]
   [Parallel Time: 17.8 ms, GC Workers: 4]
      [GC Worker Start (ms): Min: 35718112.5, Avg: 35718112.6, Max: 35718112.8, Diff: 0.3]
      [Ext Root Scanning (ms): Min: 0.7, Avg: 0.8, Max: 0.9, Diff: 0.3, Sum: 3.2]
      [Update RS (ms): Min: 2.2, Avg: 2.4, Max: 2.5, Diff: 0.2, Sum: 9.4]
         [Processed Buffers: Min: 4, Avg: 9.0, Max: 13, Diff: 9, Sum: 36]
      [Scan RS (ms): Min: 6.5, Avg: 6.7, Max: 6.8, Diff: 0.2, Sum: 26.7]
      [Code Root Scanning (ms): Min: 0.0, Avg: 0.0, Max: 0.0, Diff: 0.0, Sum: 0.0]
      [Object Copy (ms): Min: 7.7, Avg: 7.7, Max: 7.8, Diff: 0.1, Sum: 30.9]
      [Termination (ms): Min: 0.0, Avg: 0.0, Max: 0.0, Diff: 0.0, Sum: 0.0]
         [Termination Attempts: Min: 1, Avg: 1.0, Max: 1, Diff: 0, Sum: 4]
      [GC Worker Other (ms): Min: 0.0, Avg: 0.0, Max: 0.1, Diff: 0.1, Sum: 0.2]
      [GC Worker Total (ms): Min: 17.5, Avg: 17.6, Max: 17.7, Diff: 0.2, Sum: 70.5]
      [GC Worker End (ms): Min: 35718130.2, Avg: 35718130.2, Max: 35718130.3, Diff: 0.0]
   [Code Root Fixup: 0.0 ms]
   [Code Root Purge: 0.0 ms]
   [Clear CT: 0.1 ms]
   [Other: 0.8 ms]
      [Choose CSet: 0.0 ms]
      [Ref Proc: 0.2 ms]
      [Ref Enq: 0.0 ms]
      [Redirty Cards: 0.1 ms]
      [Humongous Register: 0.1 ms]
      [Humongous Reclaim: 0.0 ms]
      [Free CSet: 0.1 ms]
   [Eden: 47.0M(47.0M)->0.0B(46.0M) Survivors: 4096.0K->5120.0K Heap: 372.8M(1024.0M)->326.3M(1024.0M)]
 [Times: user=0.07 sys=0.00, real=0.02 secs] 
2019-11-03T19:00:54.065+0800: 35728.336: [GC pause (G1 Evacuation Pause) (young), 0.0226154 secs]
   [Parallel Time: 21.8 ms, GC Workers: 4]
      [GC Worker Start (ms): Min: 35728336.1, Avg: 35728336.3, Max: 35728336.8, Diff: 0.7]
      [Ext Root Scanning (ms): Min: 0.0, Avg: 0.5, Max: 0.6, Diff: 0.6, Sum: 1.9]
      [Update RS (ms): Min: 0.0, Avg: 1.6, Max: 2.3, Diff: 2.3, Sum: 6.5]
         [Processed Buffers: Min: 0, Avg: 8.2, Max: 15, Diff: 15, Sum: 33]
      [Scan RS (ms): Min: 0.0, Avg: 3.9, Max: 5.3, Diff: 5.3, Sum: 15.7]
      [Code Root Scanning (ms): Min: 0.0, Avg: 0.0, Max: 0.0, Diff: 0.0, Sum: 0.0]
      [Object Copy (ms): Min: 13.6, Avg: 15.5, Max: 21.0, Diff: 7.4, Sum: 61.9]
      [Termination (ms): Min: 0.0, Avg: 0.1, Max: 0.1, Diff: 0.1, Sum: 0.4]
         [Termination Attempts: Min: 1, Avg: 1.2, Max: 2, Diff: 1, Sum: 5]
      [GC Worker Other (ms): Min: 0.0, Avg: 0.0, Max: 0.0, Diff: 0.0, Sum: 0.1]
      [GC Worker Total (ms): Min: 21.1, Avg: 21.6, Max: 21.8, Diff: 0.7, Sum: 86.3]
      [GC Worker End (ms): Min: 35728357.9, Avg: 35728357.9, Max: 35728357.9, Diff: 0.0]
   [Code Root Fixup: 0.0 ms]
   [Code Root Purge: 0.0 ms]
   [Clear CT: 0.1 ms]
   [Other: 0.7 ms]
      [Choose CSet: 0.0 ms]
      [Ref Proc: 0.2 ms]
      [Ref Enq: 0.0 ms]
      [Redirty Cards: 0.1 ms]
      [Humongous Register: 0.0 ms]
      [Humongous Reclaim: 0.0 ms]
      [Free CSet: 0.1 ms]
   [Eden: 46.0M(46.0M)->0.0B(44.0M) Survivors: 5120.0K->7168.0K Heap: 372.3M(1024.0M)->328.3M(1024.0M)]
 [Times: user=0.06 sys=0.00, real=0.02 secs] 
2019-11-03T19:01:03.800+0800: 35738.070: [GC pause (G1 Evacuation Pause) (young), 0.0217493 secs]
   [Parallel Time: 20.9 ms, GC Workers: 4]
      [GC Worker Start (ms): Min: 35738070.3, Avg: 35738070.5, Max: 35738070.9, Diff: 0.6]
      [Ext Root Scanning (ms): Min: 0.3, Avg: 0.8, Max: 1.0, Diff: 0.6, Sum: 3.1]
      [Update RS (ms): Min: 1.9, Avg: 2.4, Max: 2.6, Diff: 0.8, Sum: 9.5]
         [Processed Buffers: Min: 1, Avg: 9.0, Max: 13, Diff: 12, Sum: 36]
      [Scan RS (ms): Min: 5.8, Avg: 6.0, Max: 6.5, Diff: 0.7, Sum: 23.9]
      [Code Root Scanning (ms): Min: 0.0, Avg: 0.0, Max: 0.0, Diff: 0.0, Sum: 0.0]
      [Object Copy (ms): Min: 11.4, Avg: 11.5, Max: 11.5, Diff: 0.1, Sum: 45.9]
      [Termination (ms): Min: 0.0, Avg: 0.0, Max: 0.0, Diff: 0.0, Sum: 0.0]
         [Termination Attempts: Min: 1, Avg: 1.2, Max: 2, Diff: 1, Sum: 5]
      [GC Worker Other (ms): Min: 0.0, Avg: 0.0, Max: 0.0, Diff: 0.0, Sum: 0.1]
      [GC Worker Total (ms): Min: 20.2, Avg: 20.7, Max: 20.8, Diff: 0.7, Sum: 82.6]
      [GC Worker End (ms): Min: 35738091.1, Avg: 35738091.1, Max: 35738091.1, Diff: 0.0]
   [Code Root Fixup: 0.0 ms]
   [Code Root Purge: 0.0 ms]
   [Clear CT: 0.1 ms]
   [Other: 0.7 ms]
      [Choose CSet: 0.0 ms]
      [Ref Proc: 0.2 ms]
      [Ref Enq: 0.0 ms]
      [Redirty Cards: 0.1 ms]
      [Humongous Register: 0.0 ms]
      [Humongous Reclaim: 0.0 ms]
      [Free CSet: 0.1 ms]
   [Eden: 44.0M(44.0M)->0.0B(46.0M) Survivors: 7168.0K->5120.0K Heap: 372.3M(1024.0M)->327.5M(1024.0M)]
 [Times: user=0.07 sys=0.00, real=0.02 secs] 
2019-11-03T19:01:14.034+0800: 35748.304: [GC pause (G1 Evacuation Pause) (young), 0.0190985 secs]
   [Parallel Time: 18.4 ms, GC Workers: 4]
      [GC Worker Start (ms): Min: 35748304.1, Avg: 35748304.2, Max: 35748304.2, Diff: 0.1]
      [Ext Root Scanning (ms): Min: 0.8, Avg: 0.8, Max: 0.8, Diff: 0.1, Sum: 3.2]
      [Update RS (ms): Min: 2.7, Avg: 3.6, Max: 6.0, Diff: 3.3, Sum: 14.2]
         [Processed Buffers: Min: 7, Avg: 8.8, Max: 13, Diff: 6, Sum: 35]
      [Scan RS (ms): Min: 3.7, Avg: 6.1, Max: 7.0, Diff: 3.4, Sum: 24.5]
      [Code Root Scanning (ms): Min: 0.0, Avg: 0.0, Max: 0.0, Diff: 0.0, Sum: 0.0]
      [Object Copy (ms): Min: 7.6, Avg: 7.7, Max: 7.8, Diff: 0.1, Sum: 31.0]
      [Termination (ms): Min: 0.0, Avg: 0.0, Max: 0.0, Diff: 0.0, Sum: 0.0]
         [Termination Attempts: Min: 1, Avg: 1.0, Max: 1, Diff: 0, Sum: 4]
      [GC Worker Other (ms): Min: 0.0, Avg: 0.0, Max: 0.0, Diff: 0.0, Sum: 0.1]
      [GC Worker Total (ms): Min: 18.2, Avg: 18.3, Max: 18.3, Diff: 0.0, Sum: 73.0]
      [GC Worker End (ms): Min: 35748322.4, Avg: 35748322.4, Max: 35748322.4, Diff: 0.0]
   [Code Root Fixup: 0.0 ms]
   [Code Root Purge: 0.0 ms]
   [Clear CT: 0.1 ms]
   [Other: 0.6 ms]
      [Choose CSet: 0.0 ms]
      [Ref Proc: 0.2 ms]
      [Ref Enq: 0.0 ms]
      [Redirty Cards: 0.1 ms]
      [Humongous Register: 0.0 ms]
      [Humongous Reclaim: 0.0 ms]
      [Free CSet: 0.1 ms]
   [Eden: 46.0M(46.0M)->0.0B(51.0M) Survivors: 5120.0K->5120.0K Heap: 373.5M(1024.0M)->327.5M(1024.0M)]
 [Times: user=0.07 sys=0.00, real=0.02 secs] 
2019-11-03T19:01:25.276+0800: 35759.545: [GC pause (G1 Evacuation Pause) (young), 0.0194481 secs]
   [Parallel Time: 17.7 ms, GC Workers: 4]
      [GC Worker Start (ms): Min: 35759545.5, Avg: 35759545.5, Max: 35759545.6, Diff: 0.1]
      [Ext Root Scanning (ms): Min: 0.6, Avg: 0.6, Max: 0.7, Diff: 0.1, Sum: 2.5]
      [Update RS (ms): Min: 2.9, Avg: 3.2, Max: 3.7, Diff: 0.8, Sum: 12.8]
         [Processed Buffers: Min: 0, Avg: 9.0, Max: 18, Diff: 18, Sum: 36]
      [Scan RS (ms): Min: 3.5, Avg: 4.0, Max: 4.3, Diff: 0.8, Sum: 16.0]
      [Code Root Scanning (ms): Min: 0.0, Avg: 0.0, Max: 0.0, Diff: 0.0, Sum: 0.0]
      [Object Copy (ms): Min: 9.7, Avg: 9.7, Max: 9.8, Diff: 0.1, Sum: 38.8]
      [Termination (ms): Min: 0.0, Avg: 0.1, Max: 0.1, Diff: 0.1, Sum: 0.4]
         [Termination Attempts: Min: 1, Avg: 1.2, Max: 2, Diff: 1, Sum: 5]
      [GC Worker Other (ms): Min: 0.0, Avg: 0.0, Max: 0.0, Diff: 0.0, Sum: 0.1]
      [GC Worker Total (ms): Min: 17.6, Avg: 17.6, Max: 17.7, Diff: 0.1, Sum: 70.5]
      [GC Worker End (ms): Min: 35759563.1, Avg: 35759563.1, Max: 35759563.2, Diff: 0.0]
   [Code Root Fixup: 0.0 ms]
   [Code Root Purge: 0.0 ms]
   [Clear CT: 0.1 ms]
   [Other: 1.6 ms]
      [Choose CSet: 0.0 ms]
      [Ref Proc: 0.2 ms]
      [Ref Enq: 0.0 ms]
      [Redirty Cards: 1.0 ms]
      [Humongous Register: 0.0 ms]
      [Humongous Reclaim: 0.0 ms]
      [Free CSet: 0.1 ms]
   [Eden: 51.0M(51.0M)->0.0B(76.0M) Survivors: 5120.0K->5120.0K Heap: 378.5M(1024.0M)->328.0M(1024.0M)]
 [Times: user=0.05 sys=0.01, real=0.02 secs] 
2019-11-03T19:01:35.426+0800: 35769.695: [GC pause (G1 Evacuation Pause) (young), 0.0199561 secs]
   [Parallel Time: 19.1 ms, GC Workers: 4]
      [GC Worker Start (ms): Min: 35769694.8, Avg: 35769695.1, Max: 35769696.0, Diff: 1.3]
      [Ext Root Scanning (ms): Min: 0.0, Avg: 0.9, Max: 1.2, Diff: 1.2, Sum: 3.5]
      [Update RS (ms): Min: 0.0, Avg: 2.4, Max: 3.4, Diff: 3.4, Sum: 9.5]
         [Processed Buffers: Min: 0, Avg: 8.8, Max: 16, Diff: 16, Sum: 35]
      [Scan RS (ms): Min: 5.8, Avg: 6.3, Max: 7.1, Diff: 1.3, Sum: 25.1]
      [Code Root Scanning (ms): Min: 0.0, Avg: 0.0, Max: 0.0, Diff: 0.0, Sum: 0.0]
      [Object Copy (ms): Min: 7.3, Avg: 9.1, Max: 12.0, Diff: 4.8, Sum: 36.5]
      [Termination (ms): Min: 0.0, Avg: 0.0, Max: 0.0, Diff: 0.0, Sum: 0.0]
         [Termination Attempts: Min: 1, Avg: 1.0, Max: 1, Diff: 0, Sum: 4]
      [GC Worker Other (ms): Min: 0.0, Avg: 0.0, Max: 0.0, Diff: 0.0, Sum: 0.1]
      [GC Worker Total (ms): Min: 17.7, Avg: 18.7, Max: 19.0, Diff: 1.3, Sum: 74.8]
      [GC Worker End (ms): Min: 35769713.8, Avg: 35769713.8, Max: 35769713.8, Diff: 0.0]
   [Code Root Fixup: 0.0 ms]
   [Code Root Purge: 0.0 ms]
   [Clear CT: 0.1 ms]
   [Other: 0.8 ms]
      [Choose CSet: 0.0 ms]
      [Ref Proc: 0.2 ms]
      [Ref Enq: 0.0 ms]
      [Redirty Cards: 0.1 ms]
      [Humongous Register: 0.0 ms]
      [Humongous Reclaim: 0.0 ms]
      [Free CSet: 0.1 ms]
   [Eden: 46.0M(46.0M)->0.0B(85.0M) Survivors: 5120.0K->5120.0K Heap: 374.0M(1024.0M)->327.8M(1024.0M)]
 [Times: user=0.06 sys=0.00, real=0.02 secs] 
2019-11-03T19:01:54.272+0800: 35788.541: [GC pause (G1 Evacuation Pause) (young), 0.0211217 secs]
   [Parallel Time: 20.4 ms, GC Workers: 4]
      [GC Worker Start (ms): Min: 35788540.9, Avg: 35788541.9, Max: 35788542.6, Diff: 1.8]
      [Ext Root Scanning (ms): Min: 0.2, Avg: 0.9, Max: 1.9, Diff: 1.8, Sum: 3.5]
      [Update RS (ms): Min: 2.2, Avg: 2.4, Max: 2.9, Diff: 0.6, Sum: 9.6]
         [Processed Buffers: Min: 6, Avg: 9.8, Max: 19, Diff: 13, Sum: 39]
      [Scan RS (ms): Min: 4.9, Avg: 5.3, Max: 5.5, Diff: 0.6, Sum: 21.4]
      [Code Root Scanning (ms): Min: 0.0, Avg: 0.0, Max: 0.0, Diff: 0.0, Sum: 0.0]
      [Object Copy (ms): Min: 10.5, Avg: 10.6, Max: 10.6, Diff: 0.1, Sum: 42.3]
      [Termination (ms): Min: 0.0, Avg: 0.0, Max: 0.0, Diff: 0.0, Sum: 0.0]
         [Termination Attempts: Min: 1, Avg: 1.0, Max: 1, Diff: 0, Sum: 4]
      [GC Worker Other (ms): Min: 0.0, Avg: 0.0, Max: 0.1, Diff: 0.0, Sum: 0.1]
      [GC Worker Total (ms): Min: 18.5, Avg: 19.2, Max: 20.3, Diff: 1.8, Sum: 76.9]
      [GC Worker End (ms): Min: 35788561.1, Avg: 35788561.1, Max: 35788561.1, Diff: 0.0]
   [Code Root Fixup: 0.0 ms]
   [Code Root Purge: 0.0 ms]
   [Clear CT: 0.1 ms]
   [Other: 0.7 ms]
      [Choose CSet: 0.0 ms]
      [Ref Proc: 0.2 ms]
      [Ref Enq: 0.0 ms]
      [Redirty Cards: 0.1 ms]
      [Humongous Register: 0.1 ms]
      [Humongous Reclaim: 0.0 ms]
      [Free CSet: 0.1 ms]
   [Eden: 85.0M(85.0M)->0.0B(45.0M) Survivors: 5120.0K->6144.0K Heap: 412.8M(1024.0M)->329.3M(1024.0M)]
 [Times: user=0.08 sys=0.00, real=0.02 secs] 
2019-11-03T19:02:04.183+0800: 35798.451: [GC pause (G1 Evacuation Pause) (young), 0.0224305 secs]
   [Parallel Time: 21.7 ms, GC Workers: 4]
      [GC Worker Start (ms): Min: 35798450.8, Avg: 35798451.2, Max: 35798452.0, Diff: 1.2]
      [Ext Root Scanning (ms): Min: 0.0, Avg: 0.8, Max: 1.1, Diff: 1.1, Sum: 3.1]
      [Update RS (ms): Min: 1.1, Avg: 2.3, Max: 2.9, Diff: 1.8, Sum: 9.0]
         [Processed Buffers: Min: 3, Avg: 8.5, Max: 17, Diff: 14, Sum: 34]
      [Scan RS (ms): Min: 5.3, Avg: 5.7, Max: 6.4, Diff: 1.1, Sum: 22.9]
      [Code Root Scanning (ms): Min: 0.0, Avg: 0.0, Max: 0.0, Diff: 0.0, Sum: 0.0]
      [Object Copy (ms): Min: 12.2, Avg: 12.5, Max: 13.0, Diff: 0.8, Sum: 49.9]
      [Termination (ms): Min: 0.0, Avg: 0.0, Max: 0.0, Diff: 0.0, Sum: 0.0]
         [Termination Attempts: Min: 1, Avg: 1.0, Max: 1, Diff: 0, Sum: 4]
      [GC Worker Other (ms): Min: 0.0, Avg: 0.0, Max: 0.0, Diff: 0.0, Sum: 0.1]
      [GC Worker Total (ms): Min: 20.4, Avg: 21.3, Max: 21.6, Diff: 1.2, Sum: 85.1]
      [GC Worker End (ms): Min: 35798472.4, Avg: 35798472.4, Max: 35798472.4, Diff: 0.0]
   [Code Root Fixup: 0.0 ms]
   [Code Root Purge: 0.0 ms]
   [Clear CT: 0.1 ms]
   [Other: 0.6 ms]
      [Choose CSet: 0.0 ms]
      [Ref Proc: 0.1 ms]
      [Ref Enq: 0.0 ms]
      [Redirty Cards: 0.1 ms]
      [Humongous Register: 0.1 ms]
      [Humongous Reclaim: 0.0 ms]
      [Free CSet: 0.1 ms]
   [Eden: 45.0M(45.0M)->0.0B(46.0M) Survivors: 6144.0K->5120.0K Heap: 374.3M(1024.0M)->330.0M(1024.0M)]
 [Times: user=0.07 sys=0.01, real=0.02 secs] 
2019-11-03T19:02:14.461+0800: 35808.729: [GC pause (G1 Evacuation Pause) (young), 0.0201347 secs]
   [Parallel Time: 19.4 ms, GC Workers: 4]
      [GC Worker Start (ms): Min: 35808728.9, Avg: 35808729.1, Max: 35808729.5, Diff: 0.6]
      [Ext Root Scanning (ms): Min: 0.4, Avg: 0.8, Max: 1.0, Diff: 0.6, Sum: 3.2]
      [Update RS (ms): Min: 1.4, Avg: 1.8, Max: 2.3, Diff: 0.8, Sum: 7.2]
         [Processed Buffers: Min: 5, Avg: 8.5, Max: 11, Diff: 6, Sum: 34]
      [Scan RS (ms): Min: 8.8, Avg: 9.1, Max: 9.3, Diff: 0.5, Sum: 36.6]
      [Code Root Scanning (ms): Min: 0.0, Avg: 0.0, Max: 0.0, Diff: 0.0, Sum: 0.0]
      [Object Copy (ms): Min: 7.2, Avg: 7.3, Max: 7.6, Diff: 0.4, Sum: 29.4]
      [Termination (ms): Min: 0.0, Avg: 0.0, Max: 0.0, Diff: 0.0, Sum: 0.0]
         [Termination Attempts: Min: 1, Avg: 1.2, Max: 2, Diff: 1, Sum: 5]
      [GC Worker Other (ms): Min: 0.0, Avg: 0.0, Max: 0.1, Diff: 0.0, Sum: 0.1]
      [GC Worker Total (ms): Min: 18.7, Avg: 19.1, Max: 19.3, Diff: 0.6, Sum: 76.5]
      [GC Worker End (ms): Min: 35808748.2, Avg: 35808748.2, Max: 35808748.2, Diff: 0.0]
   [Code Root Fixup: 0.0 ms]
   [Code Root Purge: 0.0 ms]
   [Clear CT: 0.1 ms]
   [Other: 0.6 ms]
      [Choose CSet: 0.0 ms]
      [Ref Proc: 0.2 ms]
      [Ref Enq: 0.0 ms]
      [Redirty Cards: 0.1 ms]
      [Humongous Register: 0.0 ms]
      [Humongous Reclaim: 0.0 ms]
      [Free CSet: 0.1 ms]
   [Eden: 46.0M(46.0M)->0.0B(46.0M) Survivors: 5120.0K->5120.0K Heap: 376.0M(1024.0M)->329.5M(1024.0M)]
 [Times: user=0.07 sys=0.00, real=0.02 secs] 
2019-11-03T19:02:24.715+0800: 35818.982: [GC pause (G1 Evacuation Pause) (young), 0.0167079 secs]
   [Parallel Time: 16.1 ms, GC Workers: 4]
      [GC Worker Start (ms): Min: 35818981.8, Avg: 35818982.0, Max: 35818982.8, Diff: 1.0]
      [Ext Root Scanning (ms): Min: 0.0, Avg: 0.6, Max: 0.8, Diff: 0.8, Sum: 2.4]
      [Update RS (ms): Min: 1.6, Avg: 2.3, Max: 3.7, Diff: 2.0, Sum: 9.1]
         [Processed Buffers: Min: 4, Avg: 7.8, Max: 13, Diff: 9, Sum: 31]
      [Scan RS (ms): Min: 2.7, Avg: 4.2, Max: 4.9, Diff: 2.2, Sum: 16.9]
      [Code Root Scanning (ms): Min: 0.0, Avg: 0.0, Max: 0.0, Diff: 0.0, Sum: 0.0]
      [Object Copy (ms): Min: 8.5, Avg: 8.6, Max: 8.6, Diff: 0.1, Sum: 34.4]
      [Termination (ms): Min: 0.0, Avg: 0.0, Max: 0.0, Diff: 0.0, Sum: 0.0]
         [Termination Attempts: Min: 1, Avg: 2.2, Max: 3, Diff: 2, Sum: 9]
      [GC Worker Other (ms): Min: 0.0, Avg: 0.0, Max: 0.0, Diff: 0.0, Sum: 0.1]
      [GC Worker Total (ms): Min: 15.0, Avg: 15.7, Max: 16.0, Diff: 1.0, Sum: 62.9]
      [GC Worker End (ms): Min: 35818997.8, Avg: 35818997.8, Max: 35818997.8, Diff: 0.0]
   [Code Root Fixup: 0.0 ms]
   [Code Root Purge: 0.0 ms]
   [Clear CT: 0.1 ms]
   [Other: 0.5 ms]
      [Choose CSet: 0.0 ms]
      [Ref Proc: 0.1 ms]
      [Ref Enq: 0.0 ms]
      [Redirty Cards: 0.1 ms]
      [Humongous Register: 0.0 ms]
      [Humongous Reclaim: 0.0 ms]
      [Free CSet: 0.1 ms]
   [Eden: 46.0M(46.0M)->0.0B(56.0M) Survivors: 5120.0K->5120.0K Heap: 375.5M(1024.0M)->329.5M(1024.0M)]
 [Times: user=0.05 sys=0.00, real=0.02 secs] 
2019-11-03T19:02:37.133+0800: 35831.399: [GC pause (G1 Evacuation Pause) (young), 0.0212246 secs]
   [Parallel Time: 20.4 ms, GC Workers: 4]
      [GC Worker Start (ms): Min: 35831399.5, Avg: 35831399.8, Max: 35831400.8, Diff: 1.3]
      [Ext Root Scanning (ms): Min: 0.0, Avg: 0.9, Max: 1.2, Diff: 1.2, Sum: 3.4]
      [Update RS (ms): Min: 2.6, Avg: 4.0, Max: 7.4, Diff: 4.7, Sum: 15.8]
         [Processed Buffers: Min: 0, Avg: 9.0, Max: 14, Diff: 14, Sum: 36]
      [Scan RS (ms): Min: 2.8, Avg: 6.2, Max: 7.5, Diff: 4.7, Sum: 24.9]
      [Code Root Scanning (ms): Min: 0.0, Avg: 0.0, Max: 0.0, Diff: 0.0, Sum: 0.0]
      [Object Copy (ms): Min: 8.8, Avg: 8.9, Max: 9.0, Diff: 0.2, Sum: 35.4]
      [Termination (ms): Min: 0.0, Avg: 0.0, Max: 0.0, Diff: 0.0, Sum: 0.0]
         [Termination Attempts: Min: 1, Avg: 1.0, Max: 1, Diff: 0, Sum: 4]
      [GC Worker Other (ms): Min: 0.0, Avg: 0.1, Max: 0.1, Diff: 0.1, Sum: 0.2]
      [GC Worker Total (ms): Min: 19.0, Avg: 20.0, Max: 20.3, Diff: 1.3, Sum: 79.9]
      [GC Worker End (ms): Min: 35831419.8, Avg: 35831419.8, Max: 35831419.8, Diff: 0.1]
   [Code Root Fixup: 0.0 ms]
   [Code Root Purge: 0.0 ms]
   [Clear CT: 0.1 ms]
   [Other: 0.7 ms]
      [Choose CSet: 0.0 ms]
      [Ref Proc: 0.2 ms]
      [Ref Enq: 0.0 ms]
      [Redirty Cards: 0.1 ms]
      [Humongous Register: 0.0 ms]
      [Humongous Reclaim: 0.0 ms]
      [Free CSet: 0.1 ms]
   [Eden: 56.0M(56.0M)->0.0B(45.0M) Survivors: 5120.0K->6144.0K Heap: 385.5M(1024.0M)->330.5M(1024.0M)]
 [Times: user=0.07 sys=0.00, real=0.02 secs] 
2019-11-03T19:02:47.114+0800: 35841.380: [GC pause (G1 Evacuation Pause) (young), 0.0221459 secs]
   [Parallel Time: 21.3 ms, GC Workers: 4]
      [GC Worker Start (ms): Min: 35841380.2, Avg: 35841380.4, Max: 35841380.8, Diff: 0.7]
      [Ext Root Scanning (ms): Min: 0.3, Avg: 0.8, Max: 1.0, Diff: 0.7, Sum: 3.3]
      [Update RS (ms): Min: 1.8, Avg: 2.1, Max: 2.5, Diff: 0.7, Sum: 8.5]
         [Processed Buffers: Min: 3, Avg: 7.2, Max: 13, Diff: 10, Sum: 29]
      [Scan RS (ms): Min: 7.2, Avg: 7.5, Max: 7.7, Diff: 0.5, Sum: 30.0]
      [Code Root Scanning (ms): Min: 0.0, Avg: 0.0, Max: 0.0, Diff: 0.0, Sum: 0.0]
      [Object Copy (ms): Min: 10.1, Avg: 10.6, Max: 10.8, Diff: 0.7, Sum: 42.3]
      [Termination (ms): Min: 0.0, Avg: 0.0, Max: 0.0, Diff: 0.0, Sum: 0.0]
         [Termination Attempts: Min: 1, Avg: 1.2, Max: 2, Diff: 1, Sum: 5]
      [GC Worker Other (ms): Min: 0.0, Avg: 0.0, Max: 0.0, Diff: 0.0, Sum: 0.1]
      [GC Worker Total (ms): Min: 20.6, Avg: 21.1, Max: 21.3, Diff: 0.7, Sum: 84.2]
      [GC Worker End (ms): Min: 35841401.4, Avg: 35841401.4, Max: 35841401.4, Diff: 0.0]
   [Code Root Fixup: 0.0 ms]
   [Code Root Purge: 0.0 ms]
   [Clear CT: 0.1 ms]
   [Other: 0.7 ms]
      [Choose CSet: 0.0 ms]
      [Ref Proc: 0.2 ms]
      [Ref Enq: 0.0 ms]
      [Redirty Cards: 0.1 ms]
      [Humongous Register: 0.0 ms]
      [Humongous Reclaim: 0.0 ms]
      [Free CSet: 0.1 ms]
   [Eden: 45.0M(45.0M)->0.0B(46.0M) Survivors: 6144.0K->5120.0K Heap: 375.5M(1024.0M)->330.3M(1024.0M)]
 [Times: user=0.07 sys=0.01, real=0.02 secs] 
2019-11-03T19:02:57.321+0800: 35851.587: [GC pause (G1 Evacuation Pause) (young), 0.0175244 secs]
   [Parallel Time: 16.7 ms, GC Workers: 4]
      [GC Worker Start (ms): Min: 35851587.0, Avg: 35851587.9, Max: 35851588.9, Diff: 1.9]
      [Ext Root Scanning (ms): Min: 0.0, Avg: 0.8, Max: 1.7, Diff: 1.7, Sum: 3.4]
      [Update RS (ms): Min: 2.1, Avg: 2.2, Max: 2.4, Diff: 0.2, Sum: 9.0]
         [Processed Buffers: Min: 3, Avg: 8.0, Max: 18, Diff: 15, Sum: 32]
      [Scan RS (ms): Min: 5.3, Avg: 5.5, Max: 5.6, Diff: 0.3, Sum: 21.8]
      [Code Root Scanning (ms): Min: 0.0, Avg: 0.0, Max: 0.0, Diff: 0.0, Sum: 0.0]
      [Object Copy (ms): Min: 7.0, Avg: 7.1, Max: 7.4, Diff: 0.3, Sum: 28.6]
      [Termination (ms): Min: 0.0, Avg: 0.0, Max: 0.0, Diff: 0.0, Sum: 0.0]
         [Termination Attempts: Min: 1, Avg: 1.0, Max: 1, Diff: 0, Sum: 4]
      [GC Worker Other (ms): Min: 0.0, Avg: 0.0, Max: 0.0, Diff: 0.0, Sum: 0.1]
      [GC Worker Total (ms): Min: 14.8, Avg: 15.7, Max: 16.6, Diff: 1.9, Sum: 62.9]
      [GC Worker End (ms): Min: 35851603.6, Avg: 35851603.7, Max: 35851603.7, Diff: 0.0]
   [Code Root Fixup: 0.0 ms]
   [Code Root Purge: 0.0 ms]
   [Clear CT: 0.1 ms]
   [Other: 0.7 ms]
      [Choose CSet: 0.0 ms]
      [Ref Proc: 0.2 ms]
      [Ref Enq: 0.0 ms]
      [Redirty Cards: 0.1 ms]
      [Humongous Register: 0.1 ms]
      [Humongous Reclaim: 0.0 ms]
      [Free CSet: 0.1 ms]
   [Eden: 46.0M(46.0M)->0.0B(74.0M) Survivors: 5120.0K->5120.0K Heap: 376.3M(1024.0M)->330.3M(1024.0M)]
 [Times: user=0.06 sys=0.00, real=0.02 secs] 
2019-11-03T19:03:13.604+0800: 35867.868: [GC pause (G1 Evacuation Pause) (young), 0.0223549 secs]
   [Parallel Time: 21.5 ms, GC Workers: 4]
      [GC Worker Start (ms): Min: 35867868.7, Avg: 35867871.6, Max: 35867877.7, Diff: 9.1]
      [Ext Root Scanning (ms): Min: 0.0, Avg: 0.5, Max: 1.5, Diff: 1.5, Sum: 1.9]
      [Update RS (ms): Min: 0.0, Avg: 1.7, Max: 2.4, Diff: 2.4, Sum: 6.8]
         [Processed Buffers: Min: 0, Avg: 9.5, Max: 18, Diff: 18, Sum: 38]
      [Scan RS (ms): Min: 0.0, Avg: 3.8, Max: 5.4, Diff: 5.4, Sum: 15.3]
      [Code Root Scanning (ms): Min: 0.0, Avg: 0.0, Max: 0.0, Diff: 0.0, Sum: 0.0]
      [Object Copy (ms): Min: 12.2, Avg: 12.3, Max: 12.3, Diff: 0.1, Sum: 49.0]
      [Termination (ms): Min: 0.0, Avg: 0.1, Max: 0.2, Diff: 0.2, Sum: 0.5]
         [Termination Attempts: Min: 1, Avg: 1.8, Max: 2, Diff: 1, Sum: 7]
      [GC Worker Other (ms): Min: 0.0, Avg: 0.0, Max: 0.0, Diff: 0.0, Sum: 0.1]
      [GC Worker Total (ms): Min: 12.2, Avg: 18.4, Max: 21.4, Diff: 9.2, Sum: 73.6]
      [GC Worker End (ms): Min: 35867889.9, Avg: 35867890.0, Max: 35867890.0, Diff: 0.1]
   [Code Root Fixup: 0.0 ms]
   [Code Root Purge: 0.0 ms]
   [Clear CT: 0.1 ms]
   [Other: 0.8 ms]
      [Choose CSet: 0.0 ms]
      [Ref Proc: 0.3 ms]
      [Ref Enq: 0.0 ms]
      [Redirty Cards: 0.1 ms]
      [Humongous Register: 0.0 ms]
      [Humongous Reclaim: 0.0 ms]
      [Free CSet: 0.1 ms]
   [Eden: 74.0M(74.0M)->0.0B(45.0M) Survivors: 5120.0K->6144.0K Heap: 404.3M(1024.0M)->331.3M(1024.0M)]
 [Times: user=0.06 sys=0.00, real=0.02 secs] 
2019-11-03T19:03:23.627+0800: 35877.892: [GC pause (G1 Evacuation Pause) (young), 0.0245558 secs]
   [Parallel Time: 23.7 ms, GC Workers: 4]
      [GC Worker Start (ms): Min: 35877891.8, Avg: 35877895.1, Max: 35877897.0, Diff: 5.2]
      [Ext Root Scanning (ms): Min: 0.0, Avg: 0.9, Max: 3.4, Diff: 3.4, Sum: 3.6]
      [Update RS (ms): Min: 0.9, Avg: 1.8, Max: 2.5, Diff: 1.6, Sum: 7.0]
         [Processed Buffers: Min: 1, Avg: 8.2, Max: 13, Diff: 12, Sum: 33]
      [Scan RS (ms): Min: 4.8, Avg: 5.0, Max: 5.3, Diff: 0.5, Sum: 19.9]
      [Code Root Scanning (ms): Min: 0.0, Avg: 0.0, Max: 0.0, Diff: 0.0, Sum: 0.0]
      [Object Copy (ms): Min: 12.5, Avg: 12.6, Max: 12.7, Diff: 0.2, Sum: 50.3]
      [Termination (ms): Min: 0.0, Avg: 0.0, Max: 0.0, Diff: 0.0, Sum: 0.0]
         [Termination Attempts: Min: 1, Avg: 1.0, Max: 1, Diff: 0, Sum: 4]
      [GC Worker Other (ms): Min: 0.0, Avg: 0.0, Max: 0.1, Diff: 0.0, Sum: 0.2]
      [GC Worker Total (ms): Min: 18.4, Avg: 20.3, Max: 23.6, Diff: 5.2, Sum: 81.1]
      [GC Worker End (ms): Min: 35877915.4, Avg: 35877915.4, Max: 35877915.4, Diff: 0.0]
   [Code Root Fixup: 0.0 ms]
   [Code Root Purge: 0.0 ms]
   [Clear CT: 0.1 ms]
   [Other: 0.8 ms]
      [Choose CSet: 0.0 ms]
      [Ref Proc: 0.2 ms]
      [Ref Enq: 0.0 ms]
      [Redirty Cards: 0.1 ms]
      [Humongous Register: 0.1 ms]
      [Humongous Reclaim: 0.0 ms]
      [Free CSet: 0.1 ms]
   [Eden: 45.0M(45.0M)->0.0B(45.0M) Survivors: 6144.0K->6144.0K Heap: 376.3M(1024.0M)->331.7M(1024.0M)]
 [Times: user=0.07 sys=0.01, real=0.03 secs] 
2019-11-03T19:03:33.680+0800: 35887.945: [GC pause (G1 Evacuation Pause) (young), 0.0208138 secs]
   [Parallel Time: 20.2 ms, GC Workers: 4]
      [GC Worker Start (ms): Min: 35887944.7, Avg: 35887944.9, Max: 35887945.2, Diff: 0.5]
      [Ext Root Scanning (ms): Min: 0.8, Avg: 1.0, Max: 1.1, Diff: 0.4, Sum: 4.1]
      [Update RS (ms): Min: 2.3, Avg: 2.4, Max: 2.5, Diff: 0.2, Sum: 9.8]
         [Processed Buffers: Min: 1, Avg: 9.8, Max: 24, Diff: 23, Sum: 39]
      [Scan RS (ms): Min: 5.3, Avg: 5.6, Max: 5.8, Diff: 0.5, Sum: 22.2]
      [Code Root Scanning (ms): Min: 0.0, Avg: 0.0, Max: 0.0, Diff: 0.0, Sum: 0.0]
      [Object Copy (ms): Min: 10.7, Avg: 10.9, Max: 11.2, Diff: 0.5, Sum: 43.5]
      [Termination (ms): Min: 0.0, Avg: 0.0, Max: 0.0, Diff: 0.0, Sum: 0.0]
         [Termination Attempts: Min: 1, Avg: 2.5, Max: 5, Diff: 4, Sum: 10]
      [GC Worker Other (ms): Min: 0.0, Avg: 0.0, Max: 0.0, Diff: 0.0, Sum: 0.1]
      [GC Worker Total (ms): Min: 19.6, Avg: 19.9, Max: 20.1, Diff: 0.5, Sum: 79.7]
      [GC Worker End (ms): Min: 35887964.8, Avg: 35887964.8, Max: 35887964.8, Diff: 0.0]
   [Code Root Fixup: 0.0 ms]
   [Code Root Purge: 0.0 ms]
   [Clear CT: 0.0 ms]
   [Other: 0.6 ms]
      [Choose CSet: 0.0 ms]
      [Ref Proc: 0.2 ms]
      [Ref Enq: 0.0 ms]
      [Redirty Cards: 0.1 ms]
      [Humongous Register: 0.0 ms]
      [Humongous Reclaim: 0.0 ms]
      [Free CSet: 0.1 ms]
   [Eden: 45.0M(45.0M)->0.0B(46.0M) Survivors: 6144.0K->5120.0K Heap: 376.7M(1024.0M)->331.9M(1024.0M)]
 [Times: user=0.07 sys=0.01, real=0.02 secs] 
2019-11-03T19:03:43.973+0800: 35898.237: [GC pause (G1 Evacuation Pause) (young), 0.0194081 secs]
   [Parallel Time: 18.7 ms, GC Workers: 4]
      [GC Worker Start (ms): Min: 35898237.3, Avg: 35898237.4, Max: 35898237.4, Diff: 0.1]
      [Ext Root Scanning (ms): Min: 0.8, Avg: 0.8, Max: 0.9, Diff: 0.1, Sum: 3.2]
      [Update RS (ms): Min: 2.6, Avg: 3.1, Max: 4.7, Diff: 2.1, Sum: 12.5]
         [Processed Buffers: Min: 1, Avg: 8.8, Max: 21, Diff: 20, Sum: 35]
      [Scan RS (ms): Min: 5.0, Avg: 6.6, Max: 7.2, Diff: 2.2, Sum: 26.5]
      [Code Root Scanning (ms): Min: 0.0, Avg: 0.0, Max: 0.1, Diff: 0.1, Sum: 0.1]
      [Object Copy (ms): Min: 7.9, Avg: 7.9, Max: 8.0, Diff: 0.1, Sum: 31.7]
      [Termination (ms): Min: 0.0, Avg: 0.0, Max: 0.0, Diff: 0.0, Sum: 0.0]
         [Termination Attempts: Min: 1, Avg: 1.0, Max: 1, Diff: 0, Sum: 4]
      [GC Worker Other (ms): Min: 0.0, Avg: 0.1, Max: 0.1, Diff: 0.0, Sum: 0.2]
      [GC Worker Total (ms): Min: 18.5, Avg: 18.5, Max: 18.6, Diff: 0.1, Sum: 74.2]
      [GC Worker End (ms): Min: 35898255.9, Avg: 35898255.9, Max: 35898256.0, Diff: 0.0]
   [Code Root Fixup: 0.0 ms]
   [Code Root Purge: 0.0 ms]
   [Clear CT: 0.1 ms]
   [Other: 0.6 ms]
      [Choose CSet: 0.0 ms]
      [Ref Proc: 0.1 ms]
      [Ref Enq: 0.0 ms]
      [Redirty Cards: 0.1 ms]
      [Humongous Register: 0.0 ms]
      [Humongous Reclaim: 0.0 ms]
      [Free CSet: 0.1 ms]
   [Eden: 46.0M(46.0M)->0.0B(46.0M) Survivors: 5120.0K->5120.0K Heap: 377.9M(1024.0M)->331.9M(1024.0M)]
 [Times: user=0.06 sys=0.00, real=0.02 secs] 
2019-11-03T19:03:54.248+0800: 35908.512: [GC pause (G1 Evacuation Pause) (young), 0.0181922 secs]
   [Parallel Time: 17.5 ms, GC Workers: 4]
      [GC Worker Start (ms): Min: 35908511.9, Avg: 35908512.0, Max: 35908512.2, Diff: 0.4]
      [Ext Root Scanning (ms): Min: 0.6, Avg: 0.8, Max: 0.9, Diff: 0.4, Sum: 3.3]
      [Update RS (ms): Min: 2.5, Avg: 2.6, Max: 2.9, Diff: 0.4, Sum: 10.4]
         [Processed Buffers: Min: 3, Avg: 6.8, Max: 14, Diff: 11, Sum: 27]
      [Scan RS (ms): Min: 6.0, Avg: 6.3, Max: 6.4, Diff: 0.4, Sum: 25.1]
      [Code Root Scanning (ms): Min: 0.0, Avg: 0.0, Max: 0.0, Diff: 0.0, Sum: 0.0]
      [Object Copy (ms): Min: 7.5, Avg: 7.5, Max: 7.6, Diff: 0.2, Sum: 30.2]
      [Termination (ms): Min: 0.0, Avg: 0.0, Max: 0.0, Diff: 0.0, Sum: 0.0]
         [Termination Attempts: Min: 1, Avg: 3.0, Max: 6, Diff: 5, Sum: 12]
      [GC Worker Other (ms): Min: 0.0, Avg: 0.0, Max: 0.1, Diff: 0.0, Sum: 0.1]
      [GC Worker Total (ms): Min: 17.0, Avg: 17.3, Max: 17.4, Diff: 0.4, Sum: 69.1]
      [GC Worker End (ms): Min: 35908529.2, Avg: 35908529.3, Max: 35908529.3, Diff: 0.0]
   [Code Root Fixup: 0.0 ms]
   [Code Root Purge: 0.0 ms]
   [Clear CT: 0.1 ms]
   [Other: 0.6 ms]
      [Choose CSet: 0.0 ms]
      [Ref Proc: 0.1 ms]
      [Ref Enq: 0.0 ms]
      [Redirty Cards: 0.1 ms]
      [Humongous Register: 0.0 ms]
      [Humongous Reclaim: 0.0 ms]
      [Free CSet: 0.1 ms]
   [Eden: 46.0M(46.0M)->0.0B(52.0M) Survivors: 5120.0K->5120.0K Heap: 377.9M(1024.0M)->331.9M(1024.0M)]
 [Times: user=0.07 sys=0.00, real=0.02 secs] 
2019-11-03T19:04:04.246+0800: 35918.508: [GC pause (G1 Evacuation Pause) (young), 0.0196871 secs]
   [Parallel Time: 18.9 ms, GC Workers: 4]
      [GC Worker Start (ms): Min: 35918508.9, Avg: 35918510.2, Max: 35918511.9, Diff: 3.0]
      [Ext Root Scanning (ms): Min: 0.0, Avg: 0.6, Max: 1.6, Diff: 1.6, Sum: 2.5]
      [Update RS (ms): Min: 0.5, Avg: 1.3, Max: 1.7, Diff: 1.2, Sum: 5.3]
         [Processed Buffers: Min: 4, Avg: 8.2, Max: 16, Diff: 12, Sum: 33]
      [Scan RS (ms): Min: 4.9, Avg: 5.0, Max: 5.2, Diff: 0.3, Sum: 20.1]
      [Code Root Scanning (ms): Min: 0.0, Avg: 0.0, Max: 0.0, Diff: 0.0, Sum: 0.0]
      [Object Copy (ms): Min: 10.3, Avg: 10.3, Max: 10.4, Diff: 0.1, Sum: 41.3]
      [Termination (ms): Min: 0.0, Avg: 0.0, Max: 0.0, Diff: 0.0, Sum: 0.0]
         [Termination Attempts: Min: 1, Avg: 1.2, Max: 2, Diff: 1, Sum: 5]
      [GC Worker Other (ms): Min: 0.0, Avg: 0.0, Max: 0.0, Diff: 0.0, Sum: 0.1]
      [GC Worker Total (ms): Min: 15.7, Avg: 17.3, Max: 18.7, Diff: 3.0, Sum: 69.3]
      [GC Worker End (ms): Min: 35918527.5, Avg: 35918527.5, Max: 35918527.5, Diff: 0.0]
   [Code Root Fixup: 0.0 ms]
   [Code Root Purge: 0.0 ms]
   [Clear CT: 0.1 ms]
   [Other: 0.7 ms]
      [Choose CSet: 0.0 ms]
      [Ref Proc: 0.2 ms]
      [Ref Enq: 0.0 ms]
      [Redirty Cards: 0.1 ms]
      [Humongous Register: 0.1 ms]
      [Humongous Reclaim: 0.0 ms]
      [Free CSet: 0.1 ms]
   [Eden: 46.0M(46.0M)->0.0B(67.0M) Survivors: 5120.0K->6144.0K Heap: 377.9M(1024.0M)->332.9M(1024.0M)]
 [Times: user=0.06 sys=0.00, real=0.02 secs] 
2019-11-03T19:04:19.086+0800: 35933.348: [GC pause (G1 Evacuation Pause) (young), 0.0253921 secs]
   [Parallel Time: 24.7 ms, GC Workers: 4]
      [GC Worker Start (ms): Min: 35933348.6, Avg: 35933349.2, Max: 35933350.1, Diff: 1.5]
      [Ext Root Scanning (ms): Min: 0.0, Avg: 0.9, Max: 1.4, Diff: 1.4, Sum: 3.6]
      [Update RS (ms): Min: 0.0, Avg: 3.3, Max: 4.7, Diff: 4.7, Sum: 13.1]
         [Processed Buffers: Min: 0, Avg: 7.8, Max: 18, Diff: 18, Sum: 31]
      [Scan RS (ms): Min: 5.2, Avg: 8.3, Max: 10.4, Diff: 5.2, Sum: 33.3]
      [Code Root Scanning (ms): Min: 0.0, Avg: 0.0, Max: 0.0, Diff: 0.0, Sum: 0.0]
      [Object Copy (ms): Min: 8.6, Avg: 11.5, Max: 17.9, Diff: 9.4, Sum: 46.0]
      [Termination (ms): Min: 0.0, Avg: 0.0, Max: 0.0, Diff: 0.0, Sum: 0.0]
         [Termination Attempts: Min: 1, Avg: 1.8, Max: 4, Diff: 3, Sum: 7]
      [GC Worker Other (ms): Min: 0.0, Avg: 0.0, Max: 0.1, Diff: 0.0, Sum: 0.2]
      [GC Worker Total (ms): Min: 23.1, Avg: 24.0, Max: 24.6, Diff: 1.5, Sum: 96.2]
      [GC Worker End (ms): Min: 35933373.2, Avg: 35933373.2, Max: 35933373.2, Diff: 0.0]
   [Code Root Fixup: 0.0 ms]
   [Code Root Purge: 0.0 ms]
   [Clear CT: 0.1 ms]
   [Other: 0.6 ms]
      [Choose CSet: 0.0 ms]
      [Ref Proc: 0.1 ms]
      [Ref Enq: 0.0 ms]
      [Redirty Cards: 0.1 ms]
      [Humongous Register: 0.0 ms]
      [Humongous Reclaim: 0.0 ms]
      [Free CSet: 0.1 ms]
   [Eden: 67.0M(67.0M)->0.0B(46.0M) Survivors: 6144.0K->5120.0K Heap: 399.9M(1024.0M)->332.4M(1024.0M)]
 [Times: user=0.07 sys=0.00, real=0.03 secs] 
2019-11-03T19:04:29.333+0800: 35943.595: [GC pause (G1 Evacuation Pause) (young), 0.0259956 secs]
   [Parallel Time: 25.2 ms, GC Workers: 4]
      [GC Worker Start (ms): Min: 35943595.4, Avg: 35943596.1, Max: 35943597.0, Diff: 1.6]
      [Ext Root Scanning (ms): Min: 0.0, Avg: 0.9, Max: 1.5, Diff: 1.5, Sum: 3.4]
      [Update RS (ms): Min: 1.4, Avg: 3.0, Max: 5.8, Diff: 4.5, Sum: 11.8]
         [Processed Buffers: Min: 3, Avg: 9.0, Max: 15, Diff: 12, Sum: 36]
      [Scan RS (ms): Min: 3.5, Avg: 6.0, Max: 7.2, Diff: 3.7, Sum: 24.0]
      [Code Root Scanning (ms): Min: 0.0, Avg: 0.0, Max: 0.0, Diff: 0.0, Sum: 0.0]
      [Object Copy (ms): Min: 14.1, Avg: 14.5, Max: 15.7, Diff: 1.6, Sum: 58.2]
      [Termination (ms): Min: 0.0, Avg: 0.0, Max: 0.0, Diff: 0.0, Sum: 0.0]
         [Termination Attempts: Min: 1, Avg: 1.5, Max: 3, Diff: 2, Sum: 6]
      [GC Worker Other (ms): Min: 0.0, Avg: 0.0, Max: 0.1, Diff: 0.0, Sum: 0.2]
      [GC Worker Total (ms): Min: 23.4, Avg: 24.4, Max: 25.1, Diff: 1.7, Sum: 97.7]
      [GC Worker End (ms): Min: 35943620.5, Avg: 35943620.5, Max: 35943620.5, Diff: 0.0]
   [Code Root Fixup: 0.0 ms]
   [Code Root Purge: 0.0 ms]
   [Clear CT: 0.1 ms]
   [Other: 0.6 ms]
      [Choose CSet: 0.0 ms]
      [Ref Proc: 0.1 ms]
      [Ref Enq: 0.0 ms]
      [Redirty Cards: 0.1 ms]
      [Humongous Register: 0.1 ms]
      [Humongous Reclaim: 0.0 ms]
      [Free CSet: 0.1 ms]
   [Eden: 46.0M(46.0M)->0.0B(45.0M) Survivors: 5120.0K->6144.0K Heap: 378.4M(1024.0M)->334.0M(1024.0M)]
 [Times: user=0.08 sys=0.00, real=0.02 secs] 
2019-11-03T19:04:39.265+0800: 35953.526: [GC pause (G1 Evacuation Pause) (young), 0.0295811 secs]
   [Parallel Time: 28.9 ms, GC Workers: 4]
      [GC Worker Start (ms): Min: 35953526.5, Avg: 35953527.9, Max: 35953531.8, Diff: 5.3]
      [Ext Root Scanning (ms): Min: 0.0, Avg: 2.0, Max: 4.7, Diff: 4.7, Sum: 7.8]
      [Update RS (ms): Min: 0.6, Avg: 2.4, Max: 4.4, Diff: 3.8, Sum: 9.7]
         [Processed Buffers: Min: 1, Avg: 9.2, Max: 19, Diff: 18, Sum: 37]
      [Scan RS (ms): Min: 8.8, Avg: 9.0, Max: 9.3, Diff: 0.6, Sum: 35.9]
      [Code Root Scanning (ms): Min: 0.0, Avg: 0.0, Max: 0.0, Diff: 0.0, Sum: 0.0]
      [Object Copy (ms): Min: 14.0, Avg: 14.1, Max: 14.2, Diff: 0.2, Sum: 56.4]
      [Termination (ms): Min: 0.0, Avg: 0.0, Max: 0.0, Diff: 0.0, Sum: 0.0]
         [Termination Attempts: Min: 1, Avg: 1.0, Max: 1, Diff: 0, Sum: 4]
      [GC Worker Other (ms): Min: 0.0, Avg: 0.0, Max: 0.0, Diff: 0.0, Sum: 0.1]
      [GC Worker Total (ms): Min: 23.5, Avg: 27.5, Max: 28.8, Diff: 5.3, Sum: 110.0]
      [GC Worker End (ms): Min: 35953555.4, Avg: 35953555.4, Max: 35953555.4, Diff: 0.0]
   [Code Root Fixup: 0.0 ms]
   [Code Root Purge: 0.0 ms]
   [Clear CT: 0.1 ms]
   [Other: 0.6 ms]
      [Choose CSet: 0.0 ms]
      [Ref Proc: 0.1 ms]
      [Ref Enq: 0.0 ms]
      [Redirty Cards: 0.1 ms]
      [Humongous Register: 0.0 ms]
      [Humongous Reclaim: 0.0 ms]
      [Free CSet: 0.1 ms]
   [Eden: 45.0M(45.0M)->0.0B(46.0M) Survivors: 6144.0K->5120.0K Heap: 379.0M(1024.0M)->334.0M(1024.0M)]
 [Times: user=0.07 sys=0.00, real=0.03 secs] 
2019-11-03T19:04:49.440+0800: 35963.701: [GC pause (G1 Evacuation Pause) (young), 0.0213285 secs]
   [Parallel Time: 20.4 ms, GC Workers: 4]
      [GC Worker Start (ms): Min: 35963701.3, Avg: 35963701.5, Max: 35963702.0, Diff: 0.6]
      [Ext Root Scanning (ms): Min: 0.0, Avg: 0.5, Max: 0.6, Diff: 0.6, Sum: 1.9]
      [Update RS (ms): Min: 1.0, Avg: 1.2, Max: 1.3, Diff: 0.4, Sum: 4.6]
         [Processed Buffers: Min: 5, Avg: 8.5, Max: 13, Diff: 8, Sum: 34]
      [Scan RS (ms): Min: 7.1, Avg: 8.0, Max: 10.1, Diff: 3.0, Sum: 32.2]
      [Code Root Scanning (ms): Min: 0.0, Avg: 0.0, Max: 0.0, Diff: 0.0, Sum: 0.0]
      [Object Copy (ms): Min: 8.2, Avg: 10.4, Max: 11.2, Diff: 3.0, Sum: 41.7]
      [Termination (ms): Min: 0.0, Avg: 0.1, Max: 0.1, Diff: 0.1, Sum: 0.4]
         [Termination Attempts: Min: 1, Avg: 1.0, Max: 1, Diff: 0, Sum: 4]
      [GC Worker Other (ms): Min: 0.0, Avg: 0.0, Max: 0.0, Diff: 0.0, Sum: 0.1]
      [GC Worker Total (ms): Min: 19.7, Avg: 20.2, Max: 20.4, Diff: 0.6, Sum: 80.8]
      [GC Worker End (ms): Min: 35963721.7, Avg: 35963721.7, Max: 35963721.7, Diff: 0.0]
   [Code Root Fixup: 0.0 ms]
   [Code Root Purge: 0.0 ms]
   [Clear CT: 0.1 ms]
   [Other: 0.8 ms]
      [Choose CSet: 0.0 ms]
      [Ref Proc: 0.3 ms]
      [Ref Enq: 0.0 ms]
      [Redirty Cards: 0.1 ms]
      [Humongous Register: 0.0 ms]
      [Humongous Reclaim: 0.0 ms]
      [Free CSet: 0.1 ms]
   [Eden: 46.0M(46.0M)->0.0B(46.0M) Survivors: 5120.0K->5120.0K Heap: 380.0M(1024.0M)->334.0M(1024.0M)]
 [Times: user=0.05 sys=0.00, real=0.02 secs] 
2019-11-03T19:04:59.658+0800: 35973.919: [GC pause (G1 Evacuation Pause) (young), 0.0168960 secs]
   [Parallel Time: 16.1 ms, GC Workers: 4]
      [GC Worker Start (ms): Min: 35973919.2, Avg: 35973919.2, Max: 35973919.3, Diff: 0.1]
      [Ext Root Scanning (ms): Min: 0.8, Avg: 0.8, Max: 0.9, Diff: 0.1, Sum: 3.3]
      [Update RS (ms): Min: 2.1, Avg: 2.3, Max: 2.5, Diff: 0.3, Sum: 9.1]
         [Processed Buffers: Min: 1, Avg: 9.5, Max: 23, Diff: 22, Sum: 38]
      [Scan RS (ms): Min: 5.7, Avg: 5.8, Max: 5.9, Diff: 0.2, Sum: 23.3]
      [Code Root Scanning (ms): Min: 0.0, Avg: 0.0, Max: 0.0, Diff: 0.0, Sum: 0.0]
      [Object Copy (ms): Min: 6.9, Avg: 7.0, Max: 7.1, Diff: 0.1, Sum: 27.9]
      [Termination (ms): Min: 0.0, Avg: 0.0, Max: 0.0, Diff: 0.0, Sum: 0.0]
         [Termination Attempts: Min: 1, Avg: 1.2, Max: 2, Diff: 1, Sum: 5]
      [GC Worker Other (ms): Min: 0.0, Avg: 0.0, Max: 0.1, Diff: 0.0, Sum: 0.2]
      [GC Worker Total (ms): Min: 15.9, Avg: 16.0, Max: 16.0, Diff: 0.0, Sum: 63.8]
      [GC Worker End (ms): Min: 35973935.2, Avg: 35973935.2, Max: 35973935.2, Diff: 0.0]
   [Code Root Fixup: 0.0 ms]
   [Code Root Purge: 0.0 ms]
   [Clear CT: 0.1 ms]
   [Other: 0.7 ms]
      [Choose CSet: 0.0 ms]
      [Ref Proc: 0.2 ms]
      [Ref Enq: 0.0 ms]
      [Redirty Cards: 0.1 ms]
      [Humongous Register: 0.0 ms]
      [Humongous Reclaim: 0.0 ms]
      [Free CSet: 0.1 ms]
   [Eden: 46.0M(46.0M)->0.0B(46.0M) Survivors: 5120.0K->5120.0K Heap: 380.0M(1024.0M)->334.0M(1024.0M)]
 [Times: user=0.07 sys=0.00, real=0.02 secs] 
2019-11-03T19:05:09.900+0800: 35984.160: [GC pause (G1 Evacuation Pause) (young), 0.0209731 secs]
   [Parallel Time: 20.1 ms, GC Workers: 4]
      [GC Worker Start (ms): Min: 35984160.7, Avg: 35984160.8, Max: 35984160.9, Diff: 0.2]
      [Ext Root Scanning (ms): Min: 0.7, Avg: 0.8, Max: 0.9, Diff: 0.2, Sum: 3.4]
      [Update RS (ms): Min: 0.2, Avg: 2.5, Max: 3.6, Diff: 3.4, Sum: 9.8]
         [Processed Buffers: Min: 2, Avg: 8.2, Max: 13, Diff: 11, Sum: 33]
      [Scan RS (ms): Min: 6.3, Avg: 6.7, Max: 7.0, Diff: 0.7, Sum: 26.7]
      [Code Root Scanning (ms): Min: 0.0, Avg: 0.0, Max: 0.0, Diff: 0.0, Sum: 0.0]
      [Object Copy (ms): Min: 9.1, Avg: 9.8, Max: 11.8, Diff: 2.7, Sum: 39.4]
      [Termination (ms): Min: 0.0, Avg: 0.0, Max: 0.0, Diff: 0.0, Sum: 0.0]
         [Termination Attempts: Min: 1, Avg: 1.0, Max: 1, Diff: 0, Sum: 4]
      [GC Worker Other (ms): Min: 0.0, Avg: 0.0, Max: 0.1, Diff: 0.1, Sum: 0.2]
      [GC Worker Total (ms): Min: 19.7, Avg: 19.9, Max: 20.0, Diff: 0.3, Sum: 79.5]
      [GC Worker End (ms): Min: 35984180.6, Avg: 35984180.6, Max: 35984180.7, Diff: 0.1]
   [Code Root Fixup: 0.0 ms]
   [Code Root Purge: 0.0 ms]
   [Clear CT: 0.1 ms]
   [Other: 0.8 ms]
      [Choose CSet: 0.0 ms]
      [Ref Proc: 0.2 ms]
      [Ref Enq: 0.0 ms]
      [Redirty Cards: 0.1 ms]
      [Humongous Register: 0.1 ms]
      [Humongous Reclaim: 0.0 ms]
      [Free CSet: 0.1 ms]
   [Eden: 46.0M(46.0M)->0.0B(45.0M) Survivors: 5120.0K->6144.0K Heap: 380.0M(1024.0M)->335.5M(1024.0M)]
 [Times: user=0.08 sys=0.00, real=0.02 secs] 
2019-11-03T19:05:19.872+0800: 35994.131: [GC pause (G1 Evacuation Pause) (young), 0.0233962 secs]
   [Parallel Time: 22.6 ms, GC Workers: 4]
      [GC Worker Start (ms): Min: 35994131.7, Avg: 35994131.8, Max: 35994131.9, Diff: 0.2]
      [Ext Root Scanning (ms): Min: 0.8, Avg: 0.8, Max: 0.9, Diff: 0.1, Sum: 3.2]
      [Update RS (ms): Min: 0.3, Avg: 2.8, Max: 3.9, Diff: 3.6, Sum: 11.2]
         [Processed Buffers: Min: 7, Avg: 8.2, Max: 9, Diff: 2, Sum: 33]
      [Scan RS (ms): Min: 4.3, Avg: 5.2, Max: 7.1, Diff: 2.9, Sum: 20.7]
      [Code Root Scanning (ms): Min: 0.0, Avg: 0.0, Max: 0.0, Diff: 0.0, Sum: 0.0]
      [Object Copy (ms): Min: 11.1, Avg: 13.6, Max: 16.5, Diff: 5.4, Sum: 54.5]
      [Termination (ms): Min: 0.0, Avg: 0.0, Max: 0.0, Diff: 0.0, Sum: 0.0]
         [Termination Attempts: Min: 1, Avg: 3.8, Max: 6, Diff: 5, Sum: 15]
      [GC Worker Other (ms): Min: 0.0, Avg: 0.0, Max: 0.0, Diff: 0.0, Sum: 0.1]
      [GC Worker Total (ms): Min: 22.4, Avg: 22.4, Max: 22.5, Diff: 0.2, Sum: 89.7]
      [GC Worker End (ms): Min: 35994154.2, Avg: 35994154.2, Max: 35994154.2, Diff: 0.0]
   [Code Root Fixup: 0.0 ms]
   [Code Root Purge: 0.0 ms]
   [Clear CT: 0.1 ms]
   [Other: 0.6 ms]
      [Choose CSet: 0.0 ms]
      [Ref Proc: 0.1 ms]
      [Ref Enq: 0.0 ms]
      [Redirty Cards: 0.1 ms]
      [Humongous Register: 0.1 ms]
      [Humongous Reclaim: 0.0 ms]
      [Free CSet: 0.1 ms]
   [Eden: 45.0M(45.0M)->0.0B(46.0M) Survivors: 6144.0K->5120.0K Heap: 380.5M(1024.0M)->335.4M(1024.0M)]
 [Times: user=0.07 sys=0.01, real=0.02 secs] 
2019-11-03T19:05:30.132+0800: 36004.392: [GC pause (G1 Evacuation Pause) (young), 0.0246244 secs]
   [Parallel Time: 23.6 ms, GC Workers: 4]
      [GC Worker Start (ms): Min: 36004392.0, Avg: 36004394.9, Max: 36004403.5, Diff: 11.5]
      [Ext Root Scanning (ms): Min: 0.0, Avg: 0.8, Max: 1.1, Diff: 1.1, Sum: 3.2]
      [Update RS (ms): Min: 0.0, Avg: 2.4, Max: 3.5, Diff: 3.5, Sum: 9.7]
         [Processed Buffers: Min: 0, Avg: 9.2, Max: 15, Diff: 15, Sum: 37]
      [Scan RS (ms): Min: 1.9, Avg: 7.7, Max: 10.8, Diff: 8.9, Sum: 30.7]
      [Code Root Scanning (ms): Min: 0.0, Avg: 0.0, Max: 0.0, Diff: 0.0, Sum: 0.0]
      [Object Copy (ms): Min: 7.9, Avg: 9.5, Max: 10.1, Diff: 2.2, Sum: 38.0]
      [Termination (ms): Min: 0.0, Avg: 0.1, Max: 0.2, Diff: 0.2, Sum: 0.4]
         [Termination Attempts: Min: 1, Avg: 1.0, Max: 1, Diff: 0, Sum: 4]
      [GC Worker Other (ms): Min: 0.0, Avg: 0.0, Max: 0.1, Diff: 0.1, Sum: 0.2]
      [GC Worker Total (ms): Min: 11.9, Avg: 20.5, Max: 23.5, Diff: 11.6, Sum: 82.1]
      [GC Worker End (ms): Min: 36004415.4, Avg: 36004415.4, Max: 36004415.5, Diff: 0.0]
   [Code Root Fixup: 0.0 ms]
   [Code Root Purge: 0.0 ms]
   [Clear CT: 0.1 ms]
   [Other: 0.9 ms]
      [Choose CSet: 0.0 ms]
      [Ref Proc: 0.2 ms]
      [Ref Enq: 0.0 ms]
      [Redirty Cards: 0.1 ms]
      [Humongous Register: 0.1 ms]
      [Humongous Reclaim: 0.0 ms]
      [Free CSet: 0.1 ms]
   [Eden: 46.0M(46.0M)->0.0B(45.0M) Survivors: 5120.0K->6144.0K Heap: 381.4M(1024.0M)->335.9M(1024.0M)]
 [Times: user=0.06 sys=0.00, real=0.02 secs] 
2019-11-03T19:05:40.171+0800: 36014.430: [GC pause (G1 Evacuation Pause) (young), 0.0203532 secs]
   [Parallel Time: 19.6 ms, GC Workers: 4]
      [GC Worker Start (ms): Min: 36014430.0, Avg: 36014430.1, Max: 36014430.2, Diff: 0.2]
      [Ext Root Scanning (ms): Min: 0.9, Avg: 1.0, Max: 1.2, Diff: 0.2, Sum: 4.2]
      [Update RS (ms): Min: 0.9, Avg: 2.5, Max: 3.3, Diff: 2.4, Sum: 10.0]
         [Processed Buffers: Min: 3, Avg: 8.0, Max: 10, Diff: 7, Sum: 32]
      [Scan RS (ms): Min: 5.8, Avg: 6.1, Max: 6.4, Diff: 0.6, Sum: 24.6]
      [Code Root Scanning (ms): Min: 0.0, Avg: 0.0, Max: 0.0, Diff: 0.0, Sum: 0.0]
      [Object Copy (ms): Min: 9.2, Avg: 9.7, Max: 11.3, Diff: 2.2, Sum: 38.9]
      [Termination (ms): Min: 0.0, Avg: 0.0, Max: 0.0, Diff: 0.0, Sum: 0.0]
         [Termination Attempts: Min: 1, Avg: 2.2, Max: 4, Diff: 3, Sum: 9]
      [GC Worker Other (ms): Min: 0.0, Avg: 0.0, Max: 0.0, Diff: 0.0, Sum: 0.1]
      [GC Worker Total (ms): Min: 19.3, Avg: 19.5, Max: 19.5, Diff: 0.2, Sum: 77.8]
      [GC Worker End (ms): Min: 36014449.5, Avg: 36014449.5, Max: 36014449.5, Diff: 0.0]
   [Code Root Fixup: 0.0 ms]
   [Code Root Purge: 0.0 ms]
   [Clear CT: 0.1 ms]
   [Other: 0.6 ms]
      [Choose CSet: 0.0 ms]
      [Ref Proc: 0.2 ms]
      [Ref Enq: 0.0 ms]
      [Redirty Cards: 0.1 ms]
      [Humongous Register: 0.0 ms]
      [Humongous Reclaim: 0.0 ms]
      [Free CSet: 0.1 ms]
   [Eden: 45.0M(45.0M)->0.0B(44.0M) Survivors: 6144.0K->7168.0K Heap: 380.9M(1024.0M)->336.9M(1024.0M)]
 [Times: user=0.07 sys=0.00, real=0.02 secs] 
2019-11-03T19:05:49.888+0800: 36024.147: [GC pause (G1 Evacuation Pause) (young), 0.0226607 secs]
   [Parallel Time: 21.6 ms, GC Workers: 4]
      [GC Worker Start (ms): Min: 36024146.8, Avg: 36024146.9, Max: 36024146.9, Diff: 0.1]
      [Ext Root Scanning (ms): Min: 0.8, Avg: 0.8, Max: 0.9, Diff: 0.1, Sum: 3.4]
      [Update RS (ms): Min: 1.6, Avg: 1.9, Max: 2.4, Diff: 0.7, Sum: 7.5]
         [Processed Buffers: Min: 4, Avg: 8.5, Max: 14, Diff: 10, Sum: 34]
      [Scan RS (ms): Min: 8.1, Avg: 8.5, Max: 8.7, Diff: 0.6, Sum: 34.0]
      [Code Root Scanning (ms): Min: 0.0, Avg: 0.0, Max: 0.0, Diff: 0.0, Sum: 0.0]
      [Object Copy (ms): Min: 10.1, Avg: 10.2, Max: 10.3, Diff: 0.2, Sum: 40.9]
      [Termination (ms): Min: 0.0, Avg: 0.0, Max: 0.0, Diff: 0.0, Sum: 0.0]
         [Termination Attempts: Min: 1, Avg: 1.0, Max: 1, Diff: 0, Sum: 4]
      [GC Worker Other (ms): Min: 0.0, Avg: 0.0, Max: 0.0, Diff: 0.0, Sum: 0.1]
      [GC Worker Total (ms): Min: 21.5, Avg: 21.5, Max: 21.5, Diff: 0.1, Sum: 85.9]
      [GC Worker End (ms): Min: 36024168.4, Avg: 36024168.4, Max: 36024168.4, Diff: 0.0]
   [Code Root Fixup: 0.0 ms]
   [Code Root Purge: 0.0 ms]
   [Clear CT: 0.1 ms]
   [Other: 1.0 ms]
      [Choose CSet: 0.0 ms]
      [Ref Proc: 0.4 ms]
      [Ref Enq: 0.0 ms]
      [Redirty Cards: 0.1 ms]
      [Humongous Register: 0.0 ms]
      [Humongous Reclaim: 0.0 ms]
      [Free CSet: 0.1 ms]
   [Eden: 44.0M(44.0M)->0.0B(46.0M) Survivors: 7168.0K->5120.0K Heap: 380.9M(1024.0M)->335.9M(1024.0M)]
 [Times: user=0.08 sys=0.01, real=0.03 secs] 
2019-11-03T19:05:59.983+0800: 36034.241: [GC pause (G1 Evacuation Pause) (young), 0.0231685 secs]
   [Parallel Time: 22.5 ms, GC Workers: 4]
      [GC Worker Start (ms): Min: 36034241.3, Avg: 36034241.8, Max: 36034243.4, Diff: 2.1]
      [Ext Root Scanning (ms): Min: 0.0, Avg: 0.5, Max: 0.7, Diff: 0.7, Sum: 2.0]
      [Update RS (ms): Min: 1.5, Avg: 4.3, Max: 10.3, Diff: 8.7, Sum: 17.3]
         [Processed Buffers: Min: 0, Avg: 8.8, Max: 20, Diff: 20, Sum: 35]
      [Scan RS (ms): Min: 0.0, Avg: 5.2, Max: 7.1, Diff: 7.1, Sum: 21.0]
      [Code Root Scanning (ms): Min: 0.0, Avg: 0.0, Max: 0.0, Diff: 0.0, Sum: 0.0]
      [Object Copy (ms): Min: 11.5, Avg: 11.8, Max: 12.0, Diff: 0.5, Sum: 47.3]
      [Termination (ms): Min: 0.0, Avg: 0.0, Max: 0.0, Diff: 0.0, Sum: 0.0]
         [Termination Attempts: Min: 1, Avg: 1.2, Max: 2, Diff: 1, Sum: 5]
      [GC Worker Other (ms): Min: 0.0, Avg: 0.0, Max: 0.0, Diff: 0.0, Sum: 0.1]
      [GC Worker Total (ms): Min: 20.4, Avg: 21.9, Max: 22.5, Diff: 2.1, Sum: 87.8]
      [GC Worker End (ms): Min: 36034263.8, Avg: 36034263.8, Max: 36034263.8, Diff: 0.0]
   [Code Root Fixup: 0.0 ms]
   [Code Root Purge: 0.0 ms]
   [Clear CT: 0.1 ms]
   [Other: 0.5 ms]
      [Choose CSet: 0.0 ms]
      [Ref Proc: 0.1 ms]
      [Ref Enq: 0.0 ms]
      [Redirty Cards: 0.1 ms]
      [Humongous Register: 0.0 ms]
      [Humongous Reclaim: 0.0 ms]
      [Free CSet: 0.1 ms]
   [Eden: 46.0M(46.0M)->0.0B(46.0M) Survivors: 5120.0K->5120.0K Heap: 381.9M(1024.0M)->335.9M(1024.0M)]
 [Times: user=0.06 sys=0.00, real=0.02 secs] 
2019-11-03T19:06:10.191+0800: 36044.449: [GC pause (G1 Evacuation Pause) (young), 0.0226252 secs]
   [Parallel Time: 21.7 ms, GC Workers: 4]
      [GC Worker Start (ms): Min: 36044449.0, Avg: 36044449.0, Max: 36044449.2, Diff: 0.2]
      [Ext Root Scanning (ms): Min: 1.1, Avg: 1.3, Max: 1.4, Diff: 0.3, Sum: 5.1]
      [Update RS (ms): Min: 0.0, Avg: 2.4, Max: 3.4, Diff: 3.4, Sum: 9.4]
         [Processed Buffers: Min: 0, Avg: 9.0, Max: 16, Diff: 16, Sum: 36]
      [Scan RS (ms): Min: 7.1, Avg: 7.3, Max: 7.5, Diff: 0.4, Sum: 29.1]
      [Code Root Scanning (ms): Min: 0.0, Avg: 0.0, Max: 0.0, Diff: 0.0, Sum: 0.0]
      [Object Copy (ms): Min: 9.7, Avg: 10.6, Max: 13.2, Diff: 3.5, Sum: 42.6]
      [Termination (ms): Min: 0.0, Avg: 0.0, Max: 0.0, Diff: 0.0, Sum: 0.0]
         [Termination Attempts: Min: 1, Avg: 1.0, Max: 1, Diff: 0, Sum: 4]
      [GC Worker Other (ms): Min: 0.0, Avg: 0.1, Max: 0.1, Diff: 0.1, Sum: 0.2]
      [GC Worker Total (ms): Min: 21.5, Avg: 21.6, Max: 21.7, Diff: 0.2, Sum: 86.4]
      [GC Worker End (ms): Min: 36044470.6, Avg: 36044470.6, Max: 36044470.7, Diff: 0.0]
   [Code Root Fixup: 0.0 ms]
   [Code Root Purge: 0.0 ms]
   [Clear CT: 0.1 ms]
   [Other: 0.7 ms]
      [Choose CSet: 0.0 ms]
      [Ref Proc: 0.2 ms]
      [Ref Enq: 0.0 ms]
      [Redirty Cards: 0.1 ms]
      [Humongous Register: 0.0 ms]
      [Humongous Reclaim: 0.0 ms]
      [Free CSet: 0.1 ms]
   [Eden: 46.0M(46.0M)->0.0B(45.0M) Survivors: 5120.0K->6144.0K Heap: 381.9M(1024.0M)->337.4M(1024.0M)]
 [Times: user=0.07 sys=0.00, real=0.02 secs] 
2019-11-03T19:06:20.260+0800: 36054.518: [GC pause (G1 Evacuation Pause) (young), 0.0210368 secs]
   [Parallel Time: 20.4 ms, GC Workers: 4]
      [GC Worker Start (ms): Min: 36054518.0, Avg: 36054518.1, Max: 36054518.2, Diff: 0.1]
      [Ext Root Scanning (ms): Min: 0.8, Avg: 0.9, Max: 1.0, Diff: 0.1, Sum: 3.7]
      [Update RS (ms): Min: 1.8, Avg: 2.2, Max: 2.7, Diff: 0.8, Sum: 9.0]
         [Processed Buffers: Min: 4, Avg: 7.8, Max: 11, Diff: 7, Sum: 31]
      [Scan RS (ms): Min: 6.6, Avg: 7.0, Max: 7.4, Diff: 0.7, Sum: 28.0]
      [Code Root Scanning (ms): Min: 0.0, Avg: 0.0, Max: 0.0, Diff: 0.0, Sum: 0.0]
      [Object Copy (ms): Min: 10.0, Avg: 10.0, Max: 10.1, Diff: 0.2, Sum: 40.2]
      [Termination (ms): Min: 0.0, Avg: 0.0, Max: 0.0, Diff: 0.0, Sum: 0.0]
         [Termination Attempts: Min: 1, Avg: 1.8, Max: 3, Diff: 2, Sum: 7]
      [GC Worker Other (ms): Min: 0.0, Avg: 0.0, Max: 0.0, Diff: 0.0, Sum: 0.1]
      [GC Worker Total (ms): Min: 20.1, Avg: 20.2, Max: 20.3, Diff: 0.1, Sum: 81.0]
      [GC Worker End (ms): Min: 36054538.3, Avg: 36054538.3, Max: 36054538.4, Diff: 0.0]
   [Code Root Fixup: 0.0 ms]
   [Code Root Purge: 0.0 ms]
   [Clear CT: 0.1 ms]
   [Other: 0.6 ms]
      [Choose CSet: 0.0 ms]
      [Ref Proc: 0.1 ms]
      [Ref Enq: 0.0 ms]
      [Redirty Cards: 0.1 ms]
      [Humongous Register: 0.0 ms]
      [Humongous Reclaim: 0.0 ms]
      [Free CSet: 0.1 ms]
   [Eden: 45.0M(45.0M)->0.0B(46.0M) Survivors: 6144.0K->5120.0K Heap: 382.4M(1024.0M)->336.7M(1024.0M)]
 [Times: user=0.08 sys=0.01, real=0.02 secs] 
2019-11-03T19:06:30.393+0800: 36064.650: [GC pause (G1 Evacuation Pause) (young), 0.0189973 secs]
   [Parallel Time: 18.4 ms, GC Workers: 4]
      [GC Worker Start (ms): Min: 36064650.2, Avg: 36064650.4, Max: 36064650.7, Diff: 0.4]
      [Ext Root Scanning (ms): Min: 0.8, Avg: 1.2, Max: 1.3, Diff: 0.5, Sum: 4.6]
      [Update RS (ms): Min: 2.1, Avg: 2.8, Max: 3.0, Diff: 0.9, Sum: 11.0]
         [Processed Buffers: Min: 3, Avg: 8.5, Max: 18, Diff: 15, Sum: 34]
      [Scan RS (ms): Min: 6.6, Avg: 6.8, Max: 7.2, Diff: 0.6, Sum: 27.3]
      [Code Root Scanning (ms): Min: 0.0, Avg: 0.0, Max: 0.0, Diff: 0.0, Sum: 0.0]
      [Object Copy (ms): Min: 7.3, Avg: 7.4, Max: 7.7, Diff: 0.4, Sum: 29.6]
      [Termination (ms): Min: 0.0, Avg: 0.0, Max: 0.0, Diff: 0.0, Sum: 0.0]
         [Termination Attempts: Min: 1, Avg: 1.5, Max: 2, Diff: 1, Sum: 6]
      [GC Worker Other (ms): Min: 0.0, Avg: 0.0, Max: 0.0, Diff: 0.0, Sum: 0.2]
      [GC Worker Total (ms): Min: 17.9, Avg: 18.2, Max: 18.3, Diff: 0.4, Sum: 72.7]
      [GC Worker End (ms): Min: 36064668.5, Avg: 36064668.5, Max: 36064668.5, Diff: 0.0]
   [Code Root Fixup: 0.0 ms]
   [Code Root Purge: 0.0 ms]
   [Clear CT: 0.1 ms]
   [Other: 0.6 ms]
      [Choose CSet: 0.0 ms]
      [Ref Proc: 0.1 ms]
      [Ref Enq: 0.0 ms]
      [Redirty Cards: 0.0 ms]
      [Humongous Register: 0.0 ms]
      [Humongous Reclaim: 0.0 ms]
      [Free CSet: 0.1 ms]
   [Eden: 46.0M(46.0M)->0.0B(46.0M) Survivors: 5120.0K->5120.0K Heap: 382.7M(1024.0M)->336.7M(1024.0M)]
 [Times: user=0.07 sys=0.00, real=0.02 secs] 
2019-11-03T19:06:40.730+0800: 36074.986: [GC pause (G1 Evacuation Pause) (young), 0.0187609 secs]
   [Parallel Time: 18.0 ms, GC Workers: 4]
      [GC Worker Start (ms): Min: 36074986.4, Avg: 36074986.6, Max: 36074987.3, Diff: 0.9]
      [Ext Root Scanning (ms): Min: 0.2, Avg: 0.9, Max: 1.1, Diff: 0.9, Sum: 3.4]
      [Update RS (ms): Min: 2.4, Avg: 2.6, Max: 3.0, Diff: 0.6, Sum: 10.5]
         [Processed Buffers: Min: 6, Avg: 8.2, Max: 13, Diff: 7, Sum: 33]
      [Scan RS (ms): Min: 6.1, Avg: 6.4, Max: 6.7, Diff: 0.6, Sum: 25.7]
      [Code Root Scanning (ms): Min: 0.0, Avg: 0.0, Max: 0.0, Diff: 0.0, Sum: 0.0]
      [Object Copy (ms): Min: 7.7, Avg: 7.8, Max: 7.8, Diff: 0.1, Sum: 31.1]
      [Termination (ms): Min: 0.0, Avg: 0.0, Max: 0.0, Diff: 0.0, Sum: 0.0]
         [Termination Attempts: Min: 1, Avg: 4.0, Max: 10, Diff: 9, Sum: 16]
      [GC Worker Other (ms): Min: 0.0, Avg: 0.0, Max: 0.0, Diff: 0.0, Sum: 0.1]
      [GC Worker Total (ms): Min: 17.1, Avg: 17.7, Max: 17.9, Diff: 0.9, Sum: 70.8]
      [GC Worker End (ms): Min: 36075004.3, Avg: 36075004.3, Max: 36075004.3, Diff: 0.0]
   [Code Root Fixup: 0.0 ms]
   [Code Root Purge: 0.0 ms]
   [Clear CT: 0.1 ms]
   [Other: 0.6 ms]
      [Choose CSet: 0.0 ms]
      [Ref Proc: 0.2 ms]
      [Ref Enq: 0.0 ms]
      [Redirty Cards: 0.1 ms]
      [Humongous Register: 0.0 ms]
      [Humongous Reclaim: 0.0 ms]
      [Free CSet: 0.1 ms]
   [Eden: 46.0M(46.0M)->0.0B(51.0M) Survivors: 5120.0K->5120.0K Heap: 382.7M(1024.0M)->336.7M(1024.0M)]
 [Times: user=0.07 sys=0.00, real=0.01 secs] 
2019-11-03T19:06:50.881+0800: 36085.137: [GC pause (G1 Evacuation Pause) (young), 0.0194855 secs]
   [Parallel Time: 18.8 ms, GC Workers: 4]
      [GC Worker Start (ms): Min: 36085136.9, Avg: 36085137.0, Max: 36085137.0, Diff: 0.1]
      [Ext Root Scanning (ms): Min: 0.7, Avg: 0.8, Max: 0.8, Diff: 0.1, Sum: 3.1]
      [Update RS (ms): Min: 1.9, Avg: 2.1, Max: 2.2, Diff: 0.3, Sum: 8.2]
         [Processed Buffers: Min: 4, Avg: 8.0, Max: 13, Diff: 9, Sum: 32]
      [Scan RS (ms): Min: 6.2, Avg: 6.3, Max: 6.4, Diff: 0.2, Sum: 25.4]
      [Code Root Scanning (ms): Min: 0.0, Avg: 0.0, Max: 0.0, Diff: 0.0, Sum: 0.0]
      [Object Copy (ms): Min: 9.4, Avg: 9.5, Max: 9.5, Diff: 0.2, Sum: 37.9]
      [Termination (ms): Min: 0.0, Avg: 0.0, Max: 0.0, Diff: 0.0, Sum: 0.0]
         [Termination Attempts: Min: 1, Avg: 2.2, Max: 4, Diff: 3, Sum: 9]
      [GC Worker Other (ms): Min: 0.0, Avg: 0.0, Max: 0.1, Diff: 0.0, Sum: 0.2]
      [GC Worker Total (ms): Min: 18.6, Avg: 18.7, Max: 18.7, Diff: 0.1, Sum: 74.7]
      [GC Worker End (ms): Min: 36085155.6, Avg: 36085155.6, Max: 36085155.7, Diff: 0.0]
   [Code Root Fixup: 0.0 ms]
   [Code Root Purge: 0.0 ms]
   [Clear CT: 0.1 ms]
   [Other: 0.6 ms]
      [Choose CSet: 0.0 ms]
      [Ref Proc: 0.1 ms]
      [Ref Enq: 0.0 ms]
      [Redirty Cards: 0.1 ms]
      [Humongous Register: 0.0 ms]
      [Humongous Reclaim: 0.0 ms]
      [Free CSet: 0.1 ms]
   [Eden: 46.0M(46.0M)->0.0B(72.0M) Survivors: 5120.0K->7168.0K Heap: 382.7M(1024.0M)->338.7M(1024.0M)]
 [Times: user=0.08 sys=0.00, real=0.02 secs] 
2019-11-03T19:07:00.955+0800: 36095.211: [GC pause (G1 Evacuation Pause) (young), 0.0229898 secs]
   [Parallel Time: 21.6 ms, GC Workers: 4]
      [GC Worker Start (ms): Min: 36095210.8, Avg: 36095210.8, Max: 36095210.9, Diff: 0.1]
      [Ext Root Scanning (ms): Min: 1.1, Avg: 1.1, Max: 1.2, Diff: 0.2, Sum: 4.6]
      [Update RS (ms): Min: 1.2, Avg: 1.9, Max: 2.3, Diff: 1.1, Sum: 7.5]
         [Processed Buffers: Min: 3, Avg: 8.5, Max: 13, Diff: 10, Sum: 34]
      [Scan RS (ms): Min: 6.7, Avg: 6.9, Max: 7.1, Diff: 0.4, Sum: 27.8]
      [Code Root Scanning (ms): Min: 0.0, Avg: 0.0, Max: 0.0, Diff: 0.0, Sum: 0.0]
      [Object Copy (ms): Min: 11.1, Avg: 11.4, Max: 12.1, Diff: 1.0, Sum: 45.5]
      [Termination (ms): Min: 0.0, Avg: 0.1, Max: 0.1, Diff: 0.1, Sum: 0.3]
         [Termination Attempts: Min: 1, Avg: 3.0, Max: 5, Diff: 4, Sum: 12]
      [GC Worker Other (ms): Min: 0.0, Avg: 0.0, Max: 0.0, Diff: 0.0, Sum: 0.1]
      [GC Worker Total (ms): Min: 21.4, Avg: 21.4, Max: 21.5, Diff: 0.0, Sum: 85.8]
      [GC Worker End (ms): Min: 36095232.3, Avg: 36095232.3, Max: 36095232.3, Diff: 0.0]
   [Code Root Fixup: 0.3 ms]
   [Code Root Purge: 0.0 ms]
   [Clear CT: 0.1 ms]
   [Other: 1.1 ms]
      [Choose CSet: 0.0 ms]
      [Ref Proc: 0.6 ms]
      [Ref Enq: 0.0 ms]
      [Redirty Cards: 0.1 ms]
      [Humongous Register: 0.0 ms]
      [Humongous Reclaim: 0.0 ms]
      [Free CSet: 0.1 ms]
   [Eden: 46.0M(44.0M)->0.0B(46.0M) Survivors: 7168.0K->5120.0K Heap: 384.7M(1024.0M)->338.4M(1024.0M)]
 [Times: user=0.08 sys=0.00, real=0.02 secs] 
2019-11-03T19:07:11.244+0800: 36105.500: [GC pause (G1 Evacuation Pause) (young), 0.0186444 secs]
   [Parallel Time: 18.0 ms, GC Workers: 4]
      [GC Worker Start (ms): Min: 36105499.8, Avg: 36105499.9, Max: 36105499.9, Diff: 0.1]
      [Ext Root Scanning (ms): Min: 0.7, Avg: 0.8, Max: 0.8, Diff: 0.1, Sum: 3.0]
      [Update RS (ms): Min: 2.5, Avg: 2.7, Max: 2.9, Diff: 0.5, Sum: 10.6]
         [Processed Buffers: Min: 1, Avg: 8.8, Max: 17, Diff: 16, Sum: 35]
      [Scan RS (ms): Min: 6.7, Avg: 7.0, Max: 7.2, Diff: 0.5, Sum: 28.2]
      [Code Root Scanning (ms): Min: 0.0, Avg: 0.0, Max: 0.0, Diff: 0.0, Sum: 0.0]
      [Object Copy (ms): Min: 7.3, Avg: 7.3, Max: 7.4, Diff: 0.1, Sum: 29.2]
      [Termination (ms): Min: 0.0, Avg: 0.0, Max: 0.0, Diff: 0.0, Sum: 0.0]
         [Termination Attempts: Min: 1, Avg: 1.0, Max: 1, Diff: 0, Sum: 4]
      [GC Worker Other (ms): Min: 0.0, Avg: 0.0, Max: 0.1, Diff: 0.0, Sum: 0.2]
      [GC Worker Total (ms): Min: 17.7, Avg: 17.8, Max: 17.9, Diff: 0.1, Sum: 71.2]
      [GC Worker End (ms): Min: 36105517.7, Avg: 36105517.7, Max: 36105517.7, Diff: 0.0]
   [Code Root Fixup: 0.0 ms]
   [Code Root Purge: 0.0 ms]
   [Clear CT: 0.1 ms]
   [Other: 0.6 ms]
      [Choose CSet: 0.0 ms]
      [Ref Proc: 0.1 ms]
      [Ref Enq: 0.0 ms]
      [Redirty Cards: 0.1 ms]
      [Humongous Register: 0.0 ms]
      [Humongous Reclaim: 0.0 ms]
      [Free CSet: 0.1 ms]
   [Eden: 46.0M(46.0M)->0.0B(50.0M) Survivors: 5120.0K->5120.0K Heap: 384.4M(1024.0M)->337.9M(1024.0M)]
 [Times: user=0.07 sys=0.01, real=0.02 secs] 
2019-11-03T19:07:22.506+0800: 36116.761: [GC pause (G1 Evacuation Pause) (young), 0.0195671 secs]
   [Parallel Time: 18.8 ms, GC Workers: 4]
      [GC Worker Start (ms): Min: 36116761.2, Avg: 36116761.5, Max: 36116762.4, Diff: 1.2]
      [Ext Root Scanning (ms): Min: 0.0, Avg: 0.8, Max: 1.1, Diff: 1.1, Sum: 3.1]
      [Update RS (ms): Min: 2.1, Avg: 2.4, Max: 2.7, Diff: 0.6, Sum: 9.7]
         [Processed Buffers: Min: 4, Avg: 7.0, Max: 10, Diff: 6, Sum: 28]
      [Scan RS (ms): Min: 6.7, Avg: 6.8, Max: 7.0, Diff: 0.3, Sum: 27.4]
      [Code Root Scanning (ms): Min: 0.0, Avg: 0.0, Max: 0.0, Diff: 0.0, Sum: 0.0]
      [Object Copy (ms): Min: 8.1, Avg: 8.2, Max: 8.6, Diff: 0.5, Sum: 33.0]
      [Termination (ms): Min: 0.0, Avg: 0.1, Max: 0.1, Diff: 0.1, Sum: 0.4]
         [Termination Attempts: Min: 1, Avg: 1.0, Max: 1, Diff: 0, Sum: 4]
      [GC Worker Other (ms): Min: 0.0, Avg: 0.0, Max: 0.0, Diff: 0.0, Sum: 0.1]
      [GC Worker Total (ms): Min: 17.5, Avg: 18.4, Max: 18.7, Diff: 1.2, Sum: 73.6]
      [GC Worker End (ms): Min: 36116779.9, Avg: 36116779.9, Max: 36116780.0, Diff: 0.0]
   [Code Root Fixup: 0.0 ms]
   [Code Root Purge: 0.0 ms]
   [Clear CT: 0.1 ms]
   [Other: 0.7 ms]
      [Choose CSet: 0.0 ms]
      [Ref Proc: 0.2 ms]
      [Ref Enq: 0.0 ms]
      [Redirty Cards: 0.1 ms]
      [Humongous Register: 0.0 ms]
      [Humongous Reclaim: 0.0 ms]
      [Free CSet: 0.1 ms]
   [Eden: 50.0M(50.0M)->0.0B(71.0M) Survivors: 5120.0K->5120.0K Heap: 387.9M(1024.0M)->337.9M(1024.0M)]
 [Times: user=0.07 sys=0.00, real=0.02 secs] 
2019-11-03T19:07:38.235+0800: 36132.490: [GC pause (G1 Evacuation Pause) (young), 0.0192955 secs]
   [Parallel Time: 18.7 ms, GC Workers: 4]
      [GC Worker Start (ms): Min: 36132489.7, Avg: 36132490.0, Max: 36132490.9, Diff: 1.2]
      [Ext Root Scanning (ms): Min: 0.0, Avg: 0.8, Max: 1.1, Diff: 1.1, Sum: 3.3]
      [Update RS (ms): Min: 2.1, Avg: 2.5, Max: 2.7, Diff: 0.6, Sum: 10.0]
         [Processed Buffers: Min: 4, Avg: 8.8, Max: 19, Diff: 15, Sum: 35]
      [Scan RS (ms): Min: 6.0, Avg: 6.2, Max: 6.3, Diff: 0.3, Sum: 24.7]
      [Code Root Scanning (ms): Min: 0.0, Avg: 0.0, Max: 0.0, Diff: 0.0, Sum: 0.0]
      [Object Copy (ms): Min: 8.6, Avg: 8.8, Max: 9.1, Diff: 0.5, Sum: 35.1]
      [Termination (ms): Min: 0.0, Avg: 0.0, Max: 0.0, Diff: 0.0, Sum: 0.0]
         [Termination Attempts: Min: 1, Avg: 1.0, Max: 1, Diff: 0, Sum: 4]
      [GC Worker Other (ms): Min: 0.0, Avg: 0.0, Max: 0.0, Diff: 0.0, Sum: 0.1]
      [GC Worker Total (ms): Min: 17.4, Avg: 18.3, Max: 18.6, Diff: 1.2, Sum: 73.2]
      [GC Worker End (ms): Min: 36132508.3, Avg: 36132508.3, Max: 36132508.3, Diff: 0.0]
   [Code Root Fixup: 0.0 ms]
   [Code Root Purge: 0.0 ms]
   [Clear CT: 0.1 ms]
   [Other: 0.6 ms]
      [Choose CSet: 0.0 ms]
      [Ref Proc: 0.1 ms]
      [Ref Enq: 0.0 ms]
      [Redirty Cards: 0.1 ms]
      [Humongous Register: 0.0 ms]
      [Humongous Reclaim: 0.0 ms]
      [Free CSet: 0.1 ms]
   [Eden: 71.0M(71.0M)->0.0B(104.0M) Survivors: 5120.0K->5120.0K Heap: 408.9M(1024.0M)->338.4M(1024.0M)]
 [Times: user=0.08 sys=0.00, real=0.02 secs] 
2019-11-03T19:07:48.921+0800: 36143.175: [GC pause (G1 Evacuation Pause) (young), 0.0197718 secs]
   [Parallel Time: 18.8 ms, GC Workers: 4]
      [GC Worker Start (ms): Min: 36143175.2, Avg: 36143175.3, Max: 36143175.3, Diff: 0.1]
      [Ext Root Scanning (ms): Min: 0.8, Avg: 0.8, Max: 0.9, Diff: 0.1, Sum: 3.2]
      [Update RS (ms): Min: 1.5, Avg: 1.8, Max: 2.1, Diff: 0.6, Sum: 7.0]
         [Processed Buffers: Min: 7, Avg: 8.8, Max: 13, Diff: 6, Sum: 35]
      [Scan RS (ms): Min: 6.1, Avg: 6.5, Max: 6.7, Diff: 0.6, Sum: 26.1]
      [Code Root Scanning (ms): Min: 0.0, Avg: 0.0, Max: 0.0, Diff: 0.0, Sum: 0.0]
      [Object Copy (ms): Min: 9.5, Avg: 9.6, Max: 9.6, Diff: 0.1, Sum: 38.3]
      [Termination (ms): Min: 0.0, Avg: 0.0, Max: 0.0, Diff: 0.0, Sum: 0.0]
         [Termination Attempts: Min: 1, Avg: 1.5, Max: 3, Diff: 2, Sum: 6]
      [GC Worker Other (ms): Min: 0.0, Avg: 0.0, Max: 0.0, Diff: 0.0, Sum: 0.1]
      [GC Worker Total (ms): Min: 18.7, Avg: 18.7, Max: 18.7, Diff: 0.1, Sum: 74.8]
      [GC Worker End (ms): Min: 36143194.0, Avg: 36143194.0, Max: 36143194.0, Diff: 0.0]
   [Code Root Fixup: 0.0 ms]
   [Code Root Purge: 0.0 ms]
   [Clear CT: 0.1 ms]
   [Other: 0.8 ms]
      [Choose CSet: 0.0 ms]
      [Ref Proc: 0.3 ms]
      [Ref Enq: 0.0 ms]
      [Redirty Cards: 0.2 ms]
      [Humongous Register: 0.0 ms]
      [Humongous Reclaim: 0.0 ms]
      [Free CSet: 0.1 ms]
   [Eden: 48.0M(46.0M)->0.0B(71.0M) Survivors: 5120.0K->5120.0K Heap: 386.4M(1024.0M)->338.4M(1024.0M)]
 [Times: user=0.08 sys=0.00, real=0.02 secs] 
2019-11-03T19:08:04.593+0800: 36158.846: [GC pause (G1 Evacuation Pause) (young), 0.0216360 secs]
   [Parallel Time: 20.9 ms, GC Workers: 4]
      [GC Worker Start (ms): Min: 36158846.2, Avg: 36158846.2, Max: 36158846.2, Diff: 0.1]
      [Ext Root Scanning (ms): Min: 0.8, Avg: 0.8, Max: 0.9, Diff: 0.1, Sum: 3.3]
      [Update RS (ms): Min: 2.4, Avg: 2.7, Max: 2.9, Diff: 0.4, Sum: 10.7]
         [Processed Buffers: Min: 1, Avg: 9.5, Max: 20, Diff: 19, Sum: 38]
      [Scan RS (ms): Min: 6.6, Avg: 6.8, Max: 7.0, Diff: 0.3, Sum: 27.3]
      [Code Root Scanning (ms): Min: 0.0, Avg: 0.0, Max: 0.0, Diff: 0.0, Sum: 0.0]
      [Object Copy (ms): Min: 10.3, Avg: 10.4, Max: 10.5, Diff: 0.2, Sum: 41.7]
      [Termination (ms): Min: 0.0, Avg: 0.0, Max: 0.0, Diff: 0.0, Sum: 0.0]
         [Termination Attempts: Min: 1, Avg: 2.8, Max: 4, Diff: 3, Sum: 11]
      [GC Worker Other (ms): Min: 0.0, Avg: 0.1, Max: 0.1, Diff: 0.0, Sum: 0.2]
      [GC Worker Total (ms): Min: 20.8, Avg: 20.8, Max: 20.9, Diff: 0.1, Sum: 83.3]
      [GC Worker End (ms): Min: 36158867.0, Avg: 36158867.0, Max: 36158867.0, Diff: 0.0]
   [Code Root Fixup: 0.0 ms]
   [Code Root Purge: 0.0 ms]
   [Clear CT: 0.1 ms]
   [Other: 0.6 ms]
      [Choose CSet: 0.0 ms]
      [Ref Proc: 0.2 ms]
      [Ref Enq: 0.0 ms]
      [Redirty Cards: 0.1 ms]
      [Humongous Register: 0.0 ms]
      [Humongous Reclaim: 0.0 ms]
      [Free CSet: 0.1 ms]
   [Eden: 71.0M(71.0M)->0.0B(44.0M) Survivors: 5120.0K->7168.0K Heap: 409.4M(1024.0M)->340.4M(1024.0M)]
 [Times: user=0.08 sys=0.00, real=0.02 secs] 
2019-11-03T19:08:14.361+0800: 36168.614: [GC pause (G1 Evacuation Pause) (young), 0.0226942 secs]
   [Parallel Time: 21.8 ms, GC Workers: 4]
      [GC Worker Start (ms): Min: 36168614.5, Avg: 36168614.6, Max: 36168614.7, Diff: 0.2]
      [Ext Root Scanning (ms): Min: 0.7, Avg: 0.9, Max: 0.9, Diff: 0.2, Sum: 3.4]
      [Update RS (ms): Min: 1.5, Avg: 1.7, Max: 2.1, Diff: 0.5, Sum: 6.9]
         [Processed Buffers: Min: 5, Avg: 8.2, Max: 11, Diff: 6, Sum: 33]
      [Scan RS (ms): Min: 7.1, Avg: 7.4, Max: 7.7, Diff: 0.6, Sum: 29.8]
      [Code Root Scanning (ms): Min: 0.0, Avg: 0.0, Max: 0.0, Diff: 0.0, Sum: 0.0]
      [Object Copy (ms): Min: 11.6, Avg: 11.6, Max: 11.7, Diff: 0.2, Sum: 46.5]
      [Termination (ms): Min: 0.0, Avg: 0.0, Max: 0.0, Diff: 0.0, Sum: 0.0]
         [Termination Attempts: Min: 1, Avg: 1.0, Max: 1, Diff: 0, Sum: 4]
      [GC Worker Other (ms): Min: 0.0, Avg: 0.0, Max: 0.1, Diff: 0.0, Sum: 0.2]
      [GC Worker Total (ms): Min: 21.6, Avg: 21.7, Max: 21.7, Diff: 0.1, Sum: 86.8]
      [GC Worker End (ms): Min: 36168636.2, Avg: 36168636.3, Max: 36168636.3, Diff: 0.0]
   [Code Root Fixup: 0.0 ms]
   [Code Root Purge: 0.0 ms]
   [Clear CT: 0.1 ms]
   [Other: 0.7 ms]
      [Choose CSet: 0.0 ms]
      [Ref Proc: 0.2 ms]
      [Ref Enq: 0.0 ms]
      [Redirty Cards: 0.1 ms]
      [Humongous Register: 0.0 ms]
      [Humongous Reclaim: 0.0 ms]
      [Free CSet: 0.1 ms]
   [Eden: 44.0M(44.0M)->0.0B(46.0M) Survivors: 7168.0K->5120.0K Heap: 384.4M(1024.0M)->339.9M(1024.0M)]
 [Times: user=0.08 sys=0.00, real=0.02 secs] 
2019-11-03T19:08:24.570+0800: 36178.822: [GC pause (G1 Evacuation Pause) (young), 0.0202336 secs]
   [Parallel Time: 19.4 ms, GC Workers: 4]
      [GC Worker Start (ms): Min: 36178822.6, Avg: 36178822.9, Max: 36178823.3, Diff: 0.7]
      [Ext Root Scanning (ms): Min: 0.4, Avg: 0.9, Max: 1.1, Diff: 0.8, Sum: 3.5]
      [Update RS (ms): Min: 2.6, Avg: 2.9, Max: 3.2, Diff: 0.6, Sum: 11.7]
         [Processed Buffers: Min: 4, Avg: 8.8, Max: 18, Diff: 14, Sum: 35]
      [Scan RS (ms): Min: 7.2, Avg: 8.0, Max: 9.4, Diff: 2.2, Sum: 32.1]
      [Code Root Scanning (ms): Min: 0.0, Avg: 0.0, Max: 0.0, Diff: 0.0, Sum: 0.0]
      [Object Copy (ms): Min: 5.6, Avg: 7.1, Max: 7.7, Diff: 2.1, Sum: 28.4]
      [Termination (ms): Min: 0.0, Avg: 0.0, Max: 0.0, Diff: 0.0, Sum: 0.0]
         [Termination Attempts: Min: 1, Avg: 1.0, Max: 1, Diff: 0, Sum: 4]
      [GC Worker Other (ms): Min: 0.0, Avg: 0.0, Max: 0.1, Diff: 0.0, Sum: 0.2]
      [GC Worker Total (ms): Min: 18.5, Avg: 19.0, Max: 19.2, Diff: 0.7, Sum: 75.9]
      [GC Worker End (ms): Min: 36178841.8, Avg: 36178841.8, Max: 36178841.9, Diff: 0.0]
   [Code Root Fixup: 0.0 ms]
   [Code Root Purge: 0.0 ms]
   [Clear CT: 0.1 ms]
   [Other: 0.7 ms]
      [Choose CSet: 0.0 ms]
      [Ref Proc: 0.2 ms]
      [Ref Enq: 0.0 ms]
      [Redirty Cards: 0.1 ms]
      [Humongous Register: 0.0 ms]
      [Humongous Reclaim: 0.0 ms]
      [Free CSet: 0.1 ms]
   [Eden: 46.0M(46.0M)->0.0B(46.0M) Survivors: 5120.0K->5120.0K Heap: 385.9M(1024.0M)->339.9M(1024.0M)]
 [Times: user=0.08 sys=0.00, real=0.02 secs] 
2019-11-03T19:08:34.907+0800: 36189.159: [GC pause (G1 Evacuation Pause) (young), 0.0204664 secs]
   [Parallel Time: 19.5 ms, GC Workers: 4]
      [GC Worker Start (ms): Min: 36189159.0, Avg: 36189159.4, Max: 36189160.6, Diff: 1.5]
      [Ext Root Scanning (ms): Min: 0.0, Avg: 0.9, Max: 1.2, Diff: 1.2, Sum: 3.4]
      [Update RS (ms): Min: 2.4, Avg: 2.5, Max: 2.6, Diff: 0.2, Sum: 9.9]
         [Processed Buffers: Min: 7, Avg: 9.2, Max: 16, Diff: 9, Sum: 37]
      [Scan RS (ms): Min: 6.1, Avg: 6.6, Max: 6.9, Diff: 0.8, Sum: 26.2]
      [Code Root Scanning (ms): Min: 0.0, Avg: 0.0, Max: 0.0, Diff: 0.0, Sum: 0.0]
      [Object Copy (ms): Min: 8.9, Avg: 9.0, Max: 9.1, Diff: 0.2, Sum: 36.1]
      [Termination (ms): Min: 0.0, Avg: 0.0, Max: 0.0, Diff: 0.0, Sum: 0.0]
         [Termination Attempts: Min: 1, Avg: 1.0, Max: 1, Diff: 0, Sum: 4]
      [GC Worker Other (ms): Min: 0.0, Avg: 0.0, Max: 0.1, Diff: 0.0, Sum: 0.2]
      [GC Worker Total (ms): Min: 17.8, Avg: 19.0, Max: 19.4, Diff: 1.5, Sum: 75.9]
      [GC Worker End (ms): Min: 36189178.4, Avg: 36189178.4, Max: 36189178.4, Diff: 0.0]
   [Code Root Fixup: 0.0 ms]
   [Code Root Purge: 0.0 ms]
   [Clear CT: 0.1 ms]
   [Other: 0.8 ms]
      [Choose CSet: 0.0 ms]
      [Ref Proc: 0.3 ms]
      [Ref Enq: 0.0 ms]
      [Redirty Cards: 0.1 ms]
      [Humongous Register: 0.0 ms]
      [Humongous Reclaim: 0.0 ms]
      [Free CSet: 0.1 ms]
   [Eden: 46.0M(46.0M)->0.0B(44.0M) Survivors: 5120.0K->7168.0K Heap: 385.9M(1024.0M)->341.9M(1024.0M)]
 [Times: user=0.08 sys=0.00, real=0.02 secs] 
2019-11-03T19:08:44.779+0800: 36199.030: [GC pause (G1 Evacuation Pause) (young), 0.0207731 secs]
   [Parallel Time: 20.1 ms, GC Workers: 4]
      [GC Worker Start (ms): Min: 36199030.5, Avg: 36199030.6, Max: 36199030.6, Diff: 0.1]
      [Ext Root Scanning (ms): Min: 0.8, Avg: 0.8, Max: 0.9, Diff: 0.1, Sum: 3.2]
      [Update RS (ms): Min: 1.7, Avg: 2.1, Max: 2.6, Diff: 0.8, Sum: 8.5]
         [Processed Buffers: Min: 6, Avg: 8.8, Max: 14, Diff: 8, Sum: 35]
      [Scan RS (ms): Min: 6.4, Avg: 6.9, Max: 7.3, Diff: 0.9, Sum: 27.5]
      [Code Root Scanning (ms): Min: 0.0, Avg: 0.0, Max: 0.0, Diff: 0.0, Sum: 0.0]
      [Object Copy (ms): Min: 10.0, Avg: 10.0, Max: 10.1, Diff: 0.1, Sum: 40.2]
      [Termination (ms): Min: 0.0, Avg: 0.0, Max: 0.0, Diff: 0.0, Sum: 0.0]
         [Termination Attempts: Min: 1, Avg: 1.0, Max: 1, Diff: 0, Sum: 4]
      [GC Worker Other (ms): Min: 0.0, Avg: 0.0, Max: 0.1, Diff: 0.0, Sum: 0.2]
      [GC Worker Total (ms): Min: 19.9, Avg: 19.9, Max: 19.9, Diff: 0.1, Sum: 79.6]
      [GC Worker End (ms): Min: 36199050.5, Avg: 36199050.5, Max: 36199050.5, Diff: 0.0]
   [Code Root Fixup: 0.0 ms]
   [Code Root Purge: 0.0 ms]
   [Clear CT: 0.1 ms]
   [Other: 0.6 ms]
      [Choose CSet: 0.0 ms]
      [Ref Proc: 0.1 ms]
      [Ref Enq: 0.0 ms]
      [Redirty Cards: 0.1 ms]
      [Humongous Register: 0.0 ms]
      [Humongous Reclaim: 0.0 ms]
      [Free CSet: 0.1 ms]
   [Eden: 44.0M(44.0M)->0.0B(46.0M) Survivors: 7168.0K->5120.0K Heap: 385.9M(1024.0M)->340.8M(1024.0M)]
 [Times: user=0.08 sys=0.00, real=0.02 secs] 
2019-11-03T19:08:55.074+0800: 36209.326: [GC pause (G1 Evacuation Pause) (young), 0.0180103 secs]
   [Parallel Time: 17.3 ms, GC Workers: 4]
      [GC Worker Start (ms): Min: 36209325.7, Avg: 36209325.7, Max: 36209325.7, Diff: 0.1]
      [Ext Root Scanning (ms): Min: 0.7, Avg: 0.7, Max: 0.8, Diff: 0.1, Sum: 3.0]
      [Update RS (ms): Min: 1.7, Avg: 2.3, Max: 2.6, Diff: 0.9, Sum: 9.0]
         [Processed Buffers: Min: 5, Avg: 8.5, Max: 14, Diff: 9, Sum: 34]
      [Scan RS (ms): Min: 6.5, Avg: 6.8, Max: 7.6, Diff: 1.1, Sum: 27.4]
      [Code Root Scanning (ms): Min: 0.0, Avg: 0.0, Max: 0.0, Diff: 0.0, Sum: 0.0]
      [Object Copy (ms): Min: 7.1, Avg: 7.3, Max: 7.4, Diff: 0.3, Sum: 29.2]
      [Termination (ms): Min: 0.0, Avg: 0.0, Max: 0.0, Diff: 0.0, Sum: 0.0]
         [Termination Attempts: Min: 1, Avg: 1.0, Max: 1, Diff: 0, Sum: 4]
      [GC Worker Other (ms): Min: 0.0, Avg: 0.0, Max: 0.0, Diff: 0.0, Sum: 0.1]
      [GC Worker Total (ms): Min: 17.2, Avg: 17.2, Max: 17.2, Diff: 0.0, Sum: 68.7]
      [GC Worker End (ms): Min: 36209342.9, Avg: 36209342.9, Max: 36209342.9, Diff: 0.0]
   [Code Root Fixup: 0.0 ms]
   [Code Root Purge: 0.0 ms]
   [Clear CT: 0.0 ms]
   [Other: 0.6 ms]
      [Choose CSet: 0.0 ms]
      [Ref Proc: 0.2 ms]
      [Ref Enq: 0.0 ms]
      [Redirty Cards: 0.1 ms]
      [Humongous Register: 0.0 ms]
      [Humongous Reclaim: 0.0 ms]
      [Free CSet: 0.1 ms]
   [Eden: 46.0M(46.0M)->0.0B(91.0M) Survivors: 5120.0K->5120.0K Heap: 386.8M(1024.0M)->340.8M(1024.0M)]
 [Times: user=0.07 sys=0.00, real=0.02 secs] 
2019-11-03T19:09:09.999+0800: 36224.250: [GC pause (G1 Evacuation Pause) (young), 0.0203561 secs]
   [Parallel Time: 19.6 ms, GC Workers: 4]
      [GC Worker Start (ms): Min: 36224249.8, Avg: 36224249.8, Max: 36224249.9, Diff: 0.1]
      [Ext Root Scanning (ms): Min: 0.8, Avg: 0.8, Max: 0.9, Diff: 0.1, Sum: 3.3]
      [Update RS (ms): Min: 1.9, Avg: 2.4, Max: 2.9, Diff: 1.0, Sum: 9.4]
         [Processed Buffers: Min: 5, Avg: 9.8, Max: 13, Diff: 8, Sum: 39]
      [Scan RS (ms): Min: 6.3, Avg: 7.0, Max: 7.8, Diff: 1.5, Sum: 28.0]
      [Code Root Scanning (ms): Min: 0.0, Avg: 0.0, Max: 0.0, Diff: 0.0, Sum: 0.0]
      [Object Copy (ms): Min: 8.8, Avg: 9.2, Max: 9.4, Diff: 0.6, Sum: 36.9]
      [Termination (ms): Min: 0.0, Avg: 0.0, Max: 0.0, Diff: 0.0, Sum: 0.0]
         [Termination Attempts: Min: 1, Avg: 1.2, Max: 2, Diff: 1, Sum: 5]
      [GC Worker Other (ms): Min: 0.0, Avg: 0.1, Max: 0.1, Diff: 0.0, Sum: 0.2]
      [GC Worker Total (ms): Min: 19.5, Avg: 19.5, Max: 19.5, Diff: 0.1, Sum: 78.0]
      [GC Worker End (ms): Min: 36224269.3, Avg: 36224269.3, Max: 36224269.3, Diff: 0.0]
   [Code Root Fixup: 0.0 ms]
   [Code Root Purge: 0.0 ms]
   [Clear CT: 0.1 ms]
   [Other: 0.6 ms]
      [Choose CSet: 0.0 ms]
      [Ref Proc: 0.1 ms]
      [Ref Enq: 0.0 ms]
      [Redirty Cards: 0.1 ms]
      [Humongous Register: 0.0 ms]
      [Humongous Reclaim: 0.0 ms]
      [Free CSet: 0.1 ms]
   [Eden: 67.0M(46.0M)->0.0B(106.0M) Survivors: 5120.0K->6144.0K Heap: 407.8M(1024.0M)->342.3M(1024.0M)]
 [Times: user=0.08 sys=0.00, real=0.02 secs] 
2019-11-03T19:09:34.025+0800: 36248.275: [GC pause (G1 Evacuation Pause) (young), 0.0261612 secs]
   [Parallel Time: 25.4 ms, GC Workers: 4]
      [GC Worker Start (ms): Min: 36248275.2, Avg: 36248275.5, Max: 36248276.4, Diff: 1.2]
      [Ext Root Scanning (ms): Min: 0.0, Avg: 0.8, Max: 1.1, Diff: 1.1, Sum: 3.2]
      [Update RS (ms): Min: 1.5, Avg: 2.7, Max: 3.3, Diff: 1.8, Sum: 11.0]
         [Processed Buffers: Min: 4, Avg: 9.8, Max: 24, Diff: 20, Sum: 39]
      [Scan RS (ms): Min: 6.1, Avg: 6.3, Max: 6.6, Diff: 0.4, Sum: 25.2]
      [Code Root Scanning (ms): Min: 0.0, Avg: 0.0, Max: 0.0, Diff: 0.0, Sum: 0.0]
      [Object Copy (ms): Min: 14.6, Avg: 15.2, Max: 16.6, Diff: 2.0, Sum: 60.6]
      [Termination (ms): Min: 0.0, Avg: 0.0, Max: 0.0, Diff: 0.0, Sum: 0.0]
         [Termination Attempts: Min: 1, Avg: 1.2, Max: 2, Diff: 1, Sum: 5]
      [GC Worker Other (ms): Min: 0.0, Avg: 0.0, Max: 0.1, Diff: 0.0, Sum: 0.1]
      [GC Worker Total (ms): Min: 24.2, Avg: 25.1, Max: 25.4, Diff: 1.2, Sum: 100.2]
      [GC Worker End (ms): Min: 36248300.5, Avg: 36248300.5, Max: 36248300.5, Diff: 0.0]
   [Code Root Fixup: 0.0 ms]
   [Code Root Purge: 0.0 ms]
   [Clear CT: 0.1 ms]
   [Other: 0.7 ms]
      [Choose CSet: 0.0 ms]
      [Ref Proc: 0.1 ms]
      [Ref Enq: 0.0 ms]
      [Redirty Cards: 0.1 ms]
      [Humongous Register: 0.0 ms]
      [Humongous Reclaim: 0.0 ms]
      [Free CSet: 0.2 ms]
   [Eden: 106.0M(106.0M)->0.0B(44.0M) Survivors: 6144.0K->7168.0K Heap: 448.3M(1024.0M)->342.8M(1024.0M)]
 [Times: user=0.08 sys=0.02, real=0.03 secs] 
2019-11-03T19:29:30.483+0800: 36709.372: [GC pause (G1 Evacuation Pause) (young), 0.0403973 secs]
   [Parallel Time: 39.2 ms, GC Workers: 4]
      [GC Worker Start (ms): Min: 36709372.0, Avg: 36709372.1, Max: 36709372.3, Diff: 0.3]
      [Ext Root Scanning (ms): Min: 0.9, Avg: 3.2, Max: 9.6, Diff: 8.7, Sum: 12.9]
      [Update RS (ms): Min: 0.0, Avg: 4.2, Max: 7.1, Diff: 7.1, Sum: 16.9]
         [Processed Buffers: Min: 0, Avg: 10.8, Max: 25, Diff: 25, Sum: 43]
      [Scan RS (ms): Min: 5.1, Avg: 7.2, Max: 8.7, Diff: 3.6, Sum: 28.7]
      [Code Root Scanning (ms): Min: 0.0, Avg: 0.0, Max: 0.1, Diff: 0.1, Sum: 0.1]
      [Object Copy (ms): Min: 24.2, Avg: 24.3, Max: 24.4, Diff: 0.2, Sum: 97.2]
      [Termination (ms): Min: 0.0, Avg: 0.1, Max: 0.2, Diff: 0.2, Sum: 0.4]
         [Termination Attempts: Min: 1, Avg: 1.2, Max: 2, Diff: 1, Sum: 5]
      [GC Worker Other (ms): Min: 0.0, Avg: 0.0, Max: 0.0, Diff: 0.0, Sum: 0.1]
      [GC Worker Total (ms): Min: 38.9, Avg: 39.1, Max: 39.2, Diff: 0.3, Sum: 156.4]
      [GC Worker End (ms): Min: 36709411.2, Avg: 36709411.2, Max: 36709411.2, Diff: 0.0]
   [Code Root Fixup: 0.0 ms]
   [Code Root Purge: 0.0 ms]
   [Clear CT: 0.1 ms]
   [Other: 1.1 ms]
      [Choose CSet: 0.0 ms]
      [Ref Proc: 0.4 ms]
      [Ref Enq: 0.0 ms]
      [Redirty Cards: 0.1 ms]
      [Humongous Register: 0.2 ms]
      [Humongous Reclaim: 0.0 ms]
      [Free CSet: 0.1 ms]
   [Eden: 44.0M(44.0M)->0.0B(44.0M) Survivors: 7168.0K->7168.0K Heap: 386.8M(1024.0M)->344.4M(1024.0M)]
 [Times: user=0.09 sys=0.01, real=0.04 secs] 
2019-11-03T19:29:47.653+0800: 36726.541: [GC pause (G1 Evacuation Pause) (young), 0.0358160 secs]
   [Parallel Time: 35.0 ms, GC Workers: 4]
      [GC Worker Start (ms): Min: 36726541.5, Avg: 36726542.8, Max: 36726546.5, Diff: 5.0]
      [Ext Root Scanning (ms): Min: 0.0, Avg: 1.0, Max: 1.4, Diff: 1.4, Sum: 4.0]
      [Update RS (ms): Min: 0.0, Avg: 2.6, Max: 3.7, Diff: 3.7, Sum: 10.5]
         [Processed Buffers: Min: 0, Avg: 9.8, Max: 19, Diff: 19, Sum: 39]
      [Scan RS (ms): Min: 7.3, Avg: 7.5, Max: 7.9, Diff: 0.5, Sum: 30.1]
      [Code Root Scanning (ms): Min: 0.0, Avg: 0.0, Max: 0.1, Diff: 0.1, Sum: 0.1]
      [Object Copy (ms): Min: 22.2, Avg: 22.4, Max: 22.5, Diff: 0.2, Sum: 89.4]
      [Termination (ms): Min: 0.0, Avg: 0.1, Max: 0.2, Diff: 0.2, Sum: 0.3]
         [Termination Attempts: Min: 1, Avg: 1.0, Max: 1, Diff: 0, Sum: 4]
      [GC Worker Other (ms): Min: 0.0, Avg: 0.0, Max: 0.0, Diff: 0.0, Sum: 0.1]
      [GC Worker Total (ms): Min: 29.9, Avg: 33.6, Max: 34.9, Diff: 4.9, Sum: 134.5]
      [GC Worker End (ms): Min: 36726576.4, Avg: 36726576.4, Max: 36726576.4, Diff: 0.0]
   [Code Root Fixup: 0.0 ms]
   [Code Root Purge: 0.0 ms]
   [Clear CT: 0.1 ms]
   [Other: 0.8 ms]
      [Choose CSet: 0.0 ms]
      [Ref Proc: 0.2 ms]
      [Ref Enq: 0.0 ms]
      [Redirty Cards: 0.1 ms]
      [Humongous Register: 0.0 ms]
      [Humongous Reclaim: 0.0 ms]
      [Free CSet: 0.1 ms]
   [Eden: 44.0M(44.0M)->0.0B(44.0M) Survivors: 7168.0K->7168.0K Heap: 388.4M(1024.0M)->347.4M(1024.0M)]
 [Times: user=0.12 sys=0.01, real=0.04 secs] 
2019-11-03T19:29:57.201+0800: 36736.088: [GC pause (G1 Evacuation Pause) (young), 0.0382007 secs]
   [Parallel Time: 37.2 ms, GC Workers: 4]
      [GC Worker Start (ms): Min: 36736088.6, Avg: 36736088.8, Max: 36736089.4, Diff: 0.8]
      [Ext Root Scanning (ms): Min: 0.4, Avg: 1.0, Max: 1.5, Diff: 1.2, Sum: 4.1]
      [Update RS (ms): Min: 2.0, Avg: 2.1, Max: 2.3, Diff: 0.3, Sum: 8.6]
         [Processed Buffers: Min: 4, Avg: 7.5, Max: 12, Diff: 8, Sum: 30]
      [Scan RS (ms): Min: 7.4, Avg: 7.4, Max: 7.5, Diff: 0.2, Sum: 29.8]
      [Code Root Scanning (ms): Min: 0.0, Avg: 0.0, Max: 0.1, Diff: 0.1, Sum: 0.1]
      [Object Copy (ms): Min: 26.0, Avg: 26.2, Max: 26.4, Diff: 0.3, Sum: 104.6]
      [Termination (ms): Min: 0.0, Avg: 0.1, Max: 0.2, Diff: 0.2, Sum: 0.3]
         [Termination Attempts: Min: 1, Avg: 1.0, Max: 1, Diff: 0, Sum: 4]
      [GC Worker Other (ms): Min: 0.0, Avg: 0.0, Max: 0.0, Diff: 0.0, Sum: 0.1]
      [GC Worker Total (ms): Min: 36.3, Avg: 36.9, Max: 37.1, Diff: 0.8, Sum: 147.6]
      [GC Worker End (ms): Min: 36736125.7, Avg: 36736125.7, Max: 36736125.7, Diff: 0.0]
   [Code Root Fixup: 0.0 ms]
   [Code Root Purge: 0.0 ms]
   [Clear CT: 0.1 ms]
   [Other: 0.9 ms]
      [Choose CSet: 0.0 ms]
      [Ref Proc: 0.3 ms]
      [Ref Enq: 0.0 ms]
      [Redirty Cards: 0.1 ms]
      [Humongous Register: 0.0 ms]
      [Humongous Reclaim: 0.0 ms]
      [Free CSet: 0.1 ms]
   [Eden: 44.0M(44.0M)->0.0B(48.0M) Survivors: 7168.0K->3072.0K Heap: 391.4M(1024.0M)->350.0M(1024.0M)]
 [Times: user=0.10 sys=0.02, real=0.04 secs] 
2019-11-03T19:30:07.773+0800: 36746.660: [GC pause (G1 Evacuation Pause) (young), 0.0138734 secs]
   [Parallel Time: 13.1 ms, GC Workers: 4]
      [GC Worker Start (ms): Min: 36746660.7, Avg: 36746660.8, Max: 36746661.1, Diff: 0.4]
      [Ext Root Scanning (ms): Min: 0.5, Avg: 0.8, Max: 1.0, Diff: 0.4, Sum: 3.4]
      [Update RS (ms): Min: 2.2, Avg: 2.3, Max: 2.3, Diff: 0.1, Sum: 9.2]
         [Processed Buffers: Min: 6, Avg: 7.8, Max: 10, Diff: 4, Sum: 31]
      [Scan RS (ms): Min: 2.6, Avg: 2.6, Max: 2.7, Diff: 0.1, Sum: 10.5]
      [Code Root Scanning (ms): Min: 0.0, Avg: 0.0, Max: 0.0, Diff: 0.0, Sum: 0.0]
      [Object Copy (ms): Min: 7.0, Avg: 7.1, Max: 7.1, Diff: 0.1, Sum: 28.2]
      [Termination (ms): Min: 0.0, Avg: 0.0, Max: 0.0, Diff: 0.0, Sum: 0.0]
         [Termination Attempts: Min: 1, Avg: 1.0, Max: 1, Diff: 0, Sum: 4]
      [GC Worker Other (ms): Min: 0.0, Avg: 0.0, Max: 0.0, Diff: 0.0, Sum: 0.1]
      [GC Worker Total (ms): Min: 12.5, Avg: 12.9, Max: 13.0, Diff: 0.5, Sum: 51.4]
      [GC Worker End (ms): Min: 36746673.7, Avg: 36746673.7, Max: 36746673.7, Diff: 0.0]
   [Code Root Fixup: 0.0 ms]
   [Code Root Purge: 0.0 ms]
   [Clear CT: 0.1 ms]
   [Other: 0.7 ms]
      [Choose CSet: 0.0 ms]
      [Ref Proc: 0.1 ms]
      [Ref Enq: 0.0 ms]
      [Redirty Cards: 0.1 ms]
      [Humongous Register: 0.0 ms]
      [Humongous Reclaim: 0.0 ms]
      [Free CSet: 0.1 ms]
   [Eden: 48.0M(48.0M)->0.0B(46.0M) Survivors: 3072.0K->5120.0K Heap: 398.0M(1024.0M)->352.0M(1024.0M)]
 [Times: user=0.05 sys=0.00, real=0.01 secs] 
2019-11-03T19:30:17.891+0800: 36756.777: [GC pause (G1 Evacuation Pause) (young), 0.0175945 secs]
   [Parallel Time: 16.8 ms, GC Workers: 4]
      [GC Worker Start (ms): Min: 36756777.7, Avg: 36756780.8, Max: 36756787.8, Diff: 10.0]
      [Ext Root Scanning (ms): Min: 0.0, Avg: 0.7, Max: 1.4, Diff: 1.4, Sum: 2.9]
      [Update RS (ms): Min: 0.0, Avg: 2.6, Max: 4.1, Diff: 4.1, Sum: 10.4]
         [Processed Buffers: Min: 0, Avg: 7.5, Max: 14, Diff: 14, Sum: 30]
      [Scan RS (ms): Min: 0.0, Avg: 2.0, Max: 3.1, Diff: 3.1, Sum: 7.8]
      [Code Root Scanning (ms): Min: 0.0, Avg: 0.0, Max: 0.0, Diff: 0.0, Sum: 0.0]
      [Object Copy (ms): Min: 6.6, Avg: 8.3, Max: 9.0, Diff: 2.3, Sum: 33.2]
      [Termination (ms): Min: 0.0, Avg: 0.0, Max: 0.0, Diff: 0.0, Sum: 0.0]
         [Termination Attempts: Min: 1, Avg: 1.0, Max: 1, Diff: 0, Sum: 4]
      [GC Worker Other (ms): Min: 0.0, Avg: 0.0, Max: 0.0, Diff: 0.0, Sum: 0.1]
      [GC Worker Total (ms): Min: 6.7, Avg: 13.6, Max: 16.7, Diff: 10.0, Sum: 54.4]
      [GC Worker End (ms): Min: 36756794.4, Avg: 36756794.4, Max: 36756794.4, Diff: 0.0]
   [Code Root Fixup: 0.0 ms]
   [Code Root Purge: 0.0 ms]
   [Clear CT: 0.1 ms]
   [Other: 0.7 ms]
      [Choose CSet: 0.0 ms]
      [Ref Proc: 0.1 ms]
      [Ref Enq: 0.0 ms]
      [Redirty Cards: 0.1 ms]
      [Humongous Register: 0.1 ms]
      [Humongous Reclaim: 0.0 ms]
      [Free CSet: 0.1 ms]
   [Eden: 46.0M(46.0M)->0.0B(46.0M) Survivors: 5120.0K->5120.0K Heap: 398.0M(1024.0M)->352.0M(1024.0M)]
 [Times: user=0.05 sys=0.00, real=0.01 secs] 
2019-11-03T19:30:28.043+0800: 36766.929: [GC pause (G1 Evacuation Pause) (young), 0.0174546 secs]
   [Parallel Time: 16.8 ms, GC Workers: 4]
      [GC Worker Start (ms): Min: 36766929.0, Avg: 36766929.0, Max: 36766929.1, Diff: 0.1]
      [Ext Root Scanning (ms): Min: 0.8, Avg: 0.8, Max: 0.9, Diff: 0.1, Sum: 3.2]
      [Update RS (ms): Min: 2.3, Avg: 2.6, Max: 2.9, Diff: 0.5, Sum: 10.2]
         [Processed Buffers: Min: 4, Avg: 7.2, Max: 14, Diff: 10, Sum: 29]
      [Scan RS (ms): Min: 2.4, Avg: 2.8, Max: 3.1, Diff: 0.6, Sum: 11.1]
      [Code Root Scanning (ms): Min: 0.0, Avg: 0.0, Max: 0.0, Diff: 0.0, Sum: 0.0]
      [Object Copy (ms): Min: 10.4, Avg: 10.5, Max: 10.6, Diff: 0.2, Sum: 42.0]
      [Termination (ms): Min: 0.0, Avg: 0.0, Max: 0.0, Diff: 0.0, Sum: 0.0]
         [Termination Attempts: Min: 1, Avg: 1.0, Max: 1, Diff: 0, Sum: 4]
      [GC Worker Other (ms): Min: 0.0, Avg: 0.0, Max: 0.0, Diff: 0.0, Sum: 0.1]
      [GC Worker Total (ms): Min: 16.7, Avg: 16.7, Max: 16.7, Diff: 0.1, Sum: 66.7]
      [GC Worker End (ms): Min: 36766945.7, Avg: 36766945.7, Max: 36766945.7, Diff: 0.0]
   [Code Root Fixup: 0.0 ms]
   [Code Root Purge: 0.0 ms]
   [Clear CT: 0.1 ms]
   [Other: 0.6 ms]
      [Choose CSet: 0.0 ms]
      [Ref Proc: 0.1 ms]
      [Ref Enq: 0.0 ms]
      [Redirty Cards: 0.1 ms]
      [Humongous Register: 0.0 ms]
      [Humongous Reclaim: 0.0 ms]
      [Free CSet: 0.1 ms]
   [Eden: 46.0M(46.0M)->0.0B(46.0M) Survivors: 5120.0K->5120.0K Heap: 398.0M(1024.0M)->353.5M(1024.0M)]
 [Times: user=0.06 sys=0.00, real=0.02 secs] 
2019-11-03T19:30:38.255+0800: 36777.141: [GC pause (G1 Evacuation Pause) (young), 0.0132773 secs]
   [Parallel Time: 12.5 ms, GC Workers: 4]
      [GC Worker Start (ms): Min: 36777141.3, Avg: 36777141.4, Max: 36777141.5, Diff: 0.2]
      [Ext Root Scanning (ms): Min: 0.6, Avg: 0.8, Max: 0.8, Diff: 0.2, Sum: 3.1]
      [Update RS (ms): Min: 1.5, Avg: 2.0, Max: 2.4, Diff: 0.9, Sum: 8.1]
         [Processed Buffers: Min: 4, Avg: 8.0, Max: 15, Diff: 11, Sum: 32]
      [Scan RS (ms): Min: 2.7, Avg: 3.2, Max: 3.7, Diff: 1.0, Sum: 12.8]
      [Code Root Scanning (ms): Min: 0.0, Avg: 0.0, Max: 0.0, Diff: 0.0, Sum: 0.0]
      [Object Copy (ms): Min: 6.2, Avg: 6.3, Max: 6.4, Diff: 0.2, Sum: 25.3]
      [Termination (ms): Min: 0.0, Avg: 0.0, Max: 0.0, Diff: 0.0, Sum: 0.0]
         [Termination Attempts: Min: 1, Avg: 1.0, Max: 1, Diff: 0, Sum: 4]
      [GC Worker Other (ms): Min: 0.0, Avg: 0.1, Max: 0.1, Diff: 0.0, Sum: 0.2]
      [GC Worker Total (ms): Min: 12.3, Avg: 12.4, Max: 12.4, Diff: 0.2, Sum: 49.5]
      [GC Worker End (ms): Min: 36777153.7, Avg: 36777153.8, Max: 36777153.8, Diff: 0.0]
   [Code Root Fixup: 0.0 ms]
   [Code Root Purge: 0.0 ms]
   [Clear CT: 0.1 ms]
   [Other: 0.6 ms]
      [Choose CSet: 0.0 ms]
      [Ref Proc: 0.1 ms]
      [Ref Enq: 0.0 ms]
      [Redirty Cards: 0.1 ms]
      [Humongous Register: 0.0 ms]
      [Humongous Reclaim: 0.0 ms]
      [Free CSet: 0.1 ms]
   [Eden: 46.0M(46.0M)->0.0B(46.0M) Survivors: 5120.0K->5120.0K Heap: 399.5M(1024.0M)->353.4M(1024.0M)]
 [Times: user=0.05 sys=0.00, real=0.01 secs] 
2019-11-03T19:30:48.530+0800: 36787.415: [GC pause (G1 Evacuation Pause) (young), 0.0178278 secs]
   [Parallel Time: 17.2 ms, GC Workers: 4]
      [GC Worker Start (ms): Min: 36787415.3, Avg: 36787415.4, Max: 36787415.4, Diff: 0.1]
      [Ext Root Scanning (ms): Min: 0.7, Avg: 0.8, Max: 0.8, Diff: 0.1, Sum: 3.0]
      [Update RS (ms): Min: 2.1, Avg: 2.3, Max: 2.6, Diff: 0.5, Sum: 9.3]
         [Processed Buffers: Min: 6, Avg: 7.8, Max: 11, Diff: 5, Sum: 31]
      [Scan RS (ms): Min: 3.6, Avg: 3.8, Max: 4.1, Diff: 0.5, Sum: 15.2]
      [Code Root Scanning (ms): Min: 0.0, Avg: 0.0, Max: 0.0, Diff: 0.0, Sum: 0.0]
      [Object Copy (ms): Min: 10.0, Avg: 10.1, Max: 10.3, Diff: 0.3, Sum: 40.5]
      [Termination (ms): Min: 0.0, Avg: 0.0, Max: 0.0, Diff: 0.0, Sum: 0.0]
         [Termination Attempts: Min: 1, Avg: 1.2, Max: 2, Diff: 1, Sum: 5]
      [GC Worker Other (ms): Min: 0.0, Avg: 0.0, Max: 0.1, Diff: 0.0, Sum: 0.1]
      [GC Worker Total (ms): Min: 17.0, Avg: 17.1, Max: 17.1, Diff: 0.1, Sum: 68.3]
      [GC Worker End (ms): Min: 36787432.4, Avg: 36787432.4, Max: 36787432.4, Diff: 0.0]
   [Code Root Fixup: 0.0 ms]
   [Code Root Purge: 0.0 ms]
   [Clear CT: 0.1 ms]
   [Other: 0.6 ms]
      [Choose CSet: 0.0 ms]
      [Ref Proc: 0.1 ms]
      [Ref Enq: 0.0 ms]
      [Redirty Cards: 0.1 ms]
      [Humongous Register: 0.0 ms]
      [Humongous Reclaim: 0.0 ms]
      [Free CSet: 0.1 ms]
   [Eden: 46.0M(46.0M)->0.0B(45.0M) Survivors: 5120.0K->6144.0K Heap: 399.4M(1024.0M)->354.5M(1024.0M)]
 [Times: user=0.07 sys=0.00, real=0.01 secs] 
2019-11-03T19:30:58.496+0800: 36797.381: [GC pause (G1 Evacuation Pause) (young), 0.0184305 secs]
   [Parallel Time: 17.7 ms, GC Workers: 4]
      [GC Worker Start (ms): Min: 36797381.0, Avg: 36797381.1, Max: 36797381.5, Diff: 0.5]
      [Ext Root Scanning (ms): Min: 0.5, Avg: 0.9, Max: 1.0, Diff: 0.5, Sum: 3.4]
      [Update RS (ms): Min: 2.7, Avg: 2.8, Max: 3.3, Diff: 0.6, Sum: 11.4]
         [Processed Buffers: Min: 4, Avg: 7.8, Max: 16, Diff: 12, Sum: 31]
      [Scan RS (ms): Min: 2.9, Avg: 3.3, Max: 3.4, Diff: 0.6, Sum: 13.1]
      [Code Root Scanning (ms): Min: 0.0, Avg: 0.0, Max: 0.0, Diff: 0.0, Sum: 0.0]
      [Object Copy (ms): Min: 10.4, Avg: 10.5, Max: 10.5, Diff: 0.1, Sum: 41.9]
      [Termination (ms): Min: 0.0, Avg: 0.0, Max: 0.0, Diff: 0.0, Sum: 0.0]
         [Termination Attempts: Min: 1, Avg: 1.0, Max: 1, Diff: 0, Sum: 4]
      [GC Worker Other (ms): Min: 0.0, Avg: 0.0, Max: 0.0, Diff: 0.0, Sum: 0.1]
      [GC Worker Total (ms): Min: 17.1, Avg: 17.5, Max: 17.6, Diff: 0.5, Sum: 69.9]
      [GC Worker End (ms): Min: 36797398.6, Avg: 36797398.6, Max: 36797398.6, Diff: 0.0]
   [Code Root Fixup: 0.0 ms]
   [Code Root Purge: 0.0 ms]
   [Clear CT: 0.1 ms]
   [Other: 0.5 ms]
      [Choose CSet: 0.0 ms]
      [Ref Proc: 0.1 ms]
      [Ref Enq: 0.0 ms]
      [Redirty Cards: 0.1 ms]
      [Humongous Register: 0.0 ms]
      [Humongous Reclaim: 0.0 ms]
      [Free CSet: 0.1 ms]
   [Eden: 45.0M(45.0M)->0.0B(58.0M) Survivors: 6144.0K->5120.0K Heap: 399.5M(1024.0M)->354.4M(1024.0M)]
 [Times: user=0.06 sys=0.00, real=0.02 secs] 
2019-11-03T19:31:11.263+0800: 36810.147: [GC pause (G1 Evacuation Pause) (young), 0.0160867 secs]
   [Parallel Time: 15.4 ms, GC Workers: 4]
      [GC Worker Start (ms): Min: 36810147.5, Avg: 36810147.6, Max: 36810148.0, Diff: 0.5]
      [Ext Root Scanning (ms): Min: 0.5, Avg: 0.9, Max: 1.1, Diff: 0.5, Sum: 3.6]
      [Update RS (ms): Min: 2.5, Avg: 2.7, Max: 2.8, Diff: 0.3, Sum: 10.7]
         [Processed Buffers: Min: 6, Avg: 8.5, Max: 12, Diff: 6, Sum: 34]
      [Scan RS (ms): Min: 3.9, Avg: 4.0, Max: 4.2, Diff: 0.3, Sum: 16.1]
      [Code Root Scanning (ms): Min: 0.0, Avg: 0.0, Max: 0.0, Diff: 0.0, Sum: 0.0]
      [Object Copy (ms): Min: 7.5, Avg: 7.5, Max: 7.6, Diff: 0.1, Sum: 30.0]
      [Termination (ms): Min: 0.0, Avg: 0.0, Max: 0.0, Diff: 0.0, Sum: 0.0]
         [Termination Attempts: Min: 1, Avg: 1.2, Max: 2, Diff: 1, Sum: 5]
      [GC Worker Other (ms): Min: 0.0, Avg: 0.0, Max: 0.1, Diff: 0.0, Sum: 0.2]
      [GC Worker Total (ms): Min: 14.8, Avg: 15.1, Max: 15.3, Diff: 0.5, Sum: 60.6]
      [GC Worker End (ms): Min: 36810162.7, Avg: 36810162.7, Max: 36810162.8, Diff: 0.0]
   [Code Root Fixup: 0.0 ms]
   [Code Root Purge: 0.0 ms]
   [Clear CT: 0.1 ms]
   [Other: 0.6 ms]
      [Choose CSet: 0.0 ms]
      [Ref Proc: 0.1 ms]
      [Ref Enq: 0.0 ms]
      [Redirty Cards: 0.1 ms]
      [Humongous Register: 0.0 ms]
      [Humongous Reclaim: 0.0 ms]
      [Free CSet: 0.1 ms]
   [Eden: 58.0M(58.0M)->0.0B(103.0M) Survivors: 5120.0K->5120.0K Heap: 412.4M(1024.0M)->354.4M(1024.0M)]
 [Times: user=0.06 sys=0.00, real=0.01 secs] 
2019-11-03T19:31:21.282+0800: 36820.166: [GC pause (G1 Evacuation Pause) (young), 0.0186354 secs]
   [Parallel Time: 17.9 ms, GC Workers: 4]
      [GC Worker Start (ms): Min: 36820166.1, Avg: 36820166.2, Max: 36820166.5, Diff: 0.4]
      [Ext Root Scanning (ms): Min: 0.6, Avg: 0.9, Max: 1.0, Diff: 0.4, Sum: 3.5]
      [Update RS (ms): Min: 1.8, Avg: 2.0, Max: 2.1, Diff: 0.2, Sum: 7.9]
         [Processed Buffers: Min: 5, Avg: 8.5, Max: 12, Diff: 7, Sum: 34]
      [Scan RS (ms): Min: 4.7, Avg: 4.8, Max: 4.8, Diff: 0.1, Sum: 19.0]
      [Code Root Scanning (ms): Min: 0.0, Avg: 0.0, Max: 0.0, Diff: 0.0, Sum: 0.0]
      [Object Copy (ms): Min: 10.0, Avg: 10.1, Max: 10.1, Diff: 0.2, Sum: 40.3]
      [Termination (ms): Min: 0.0, Avg: 0.0, Max: 0.0, Diff: 0.0, Sum: 0.0]
         [Termination Attempts: Min: 1, Avg: 1.0, Max: 1, Diff: 0, Sum: 4]
      [GC Worker Other (ms): Min: 0.0, Avg: 0.0, Max: 0.1, Diff: 0.0, Sum: 0.2]
      [GC Worker Total (ms): Min: 17.4, Avg: 17.7, Max: 17.8, Diff: 0.4, Sum: 70.8]
      [GC Worker End (ms): Min: 36820183.9, Avg: 36820183.9, Max: 36820183.9, Diff: 0.0]
   [Code Root Fixup: 0.0 ms]
   [Code Root Purge: 0.0 ms]
   [Clear CT: 0.1 ms]
   [Other: 0.6 ms]
      [Choose CSet: 0.0 ms]
      [Ref Proc: 0.2 ms]
      [Ref Enq: 0.0 ms]
      [Redirty Cards: 0.1 ms]
      [Humongous Register: 0.0 ms]
      [Humongous Reclaim: 0.0 ms]
      [Free CSet: 0.1 ms]
   [Eden: 46.0M(46.0M)->0.0B(91.0M) Survivors: 5120.0K->7168.0K Heap: 400.4M(1024.0M)->356.4M(1024.0M)]
 [Times: user=0.07 sys=0.00, real=0.02 secs] 
2019-11-03T19:31:34.337+0800: 36833.221: [GC pause (G1 Evacuation Pause) (young), 0.0180609 secs]
   [Parallel Time: 17.3 ms, GC Workers: 4]
      [GC Worker Start (ms): Min: 36833220.7, Avg: 36833221.0, Max: 36833221.8, Diff: 1.1]
      [Ext Root Scanning (ms): Min: 0.0, Avg: 0.7, Max: 1.1, Diff: 1.0, Sum: 3.0]
      [Update RS (ms): Min: 0.8, Avg: 1.8, Max: 2.4, Diff: 1.6, Sum: 7.1]
         [Processed Buffers: Min: 1, Avg: 7.2, Max: 12, Diff: 11, Sum: 29]
      [Scan RS (ms): Min: 2.8, Avg: 3.3, Max: 3.5, Diff: 0.7, Sum: 13.1]
      [Code Root Scanning (ms): Min: 0.0, Avg: 0.0, Max: 0.0, Diff: 0.0, Sum: 0.0]
      [Object Copy (ms): Min: 10.8, Avg: 11.2, Max: 11.9, Diff: 1.1, Sum: 44.6]
      [Termination (ms): Min: 0.0, Avg: 0.0, Max: 0.0, Diff: 0.0, Sum: 0.0]
         [Termination Attempts: Min: 1, Avg: 1.0, Max: 1, Diff: 0, Sum: 4]
      [GC Worker Other (ms): Min: 0.0, Avg: 0.0, Max: 0.0, Diff: 0.0, Sum: 0.1]
      [GC Worker Total (ms): Min: 16.2, Avg: 17.0, Max: 17.3, Diff: 1.1, Sum: 67.9]
      [GC Worker End (ms): Min: 36833238.0, Avg: 36833238.0, Max: 36833238.0, Diff: 0.0]
   [Code Root Fixup: 0.0 ms]
   [Code Root Purge: 0.0 ms]
   [Clear CT: 0.1 ms]
   [Other: 0.6 ms]
      [Choose CSet: 0.0 ms]
      [Ref Proc: 0.2 ms]
      [Ref Enq: 0.0 ms]
      [Redirty Cards: 0.1 ms]
      [Humongous Register: 0.0 ms]
      [Humongous Reclaim: 0.0 ms]
      [Free CSet: 0.1 ms]
   [Eden: 59.0M(44.0M)->0.0B(104.0M) Survivors: 7168.0K->5120.0K Heap: 415.4M(1024.0M)->355.5M(1024.0M)]
 [Times: user=0.06 sys=0.01, real=0.02 secs] 
2019-11-03T19:31:52.148+0800: 36851.031: [GC pause (G1 Evacuation Pause) (young), 0.0141059 secs]
   [Parallel Time: 13.3 ms, GC Workers: 4]
      [GC Worker Start (ms): Min: 36851030.7, Avg: 36851030.7, Max: 36851030.8, Diff: 0.0]
      [Ext Root Scanning (ms): Min: 0.5, Avg: 0.6, Max: 0.6, Diff: 0.1, Sum: 2.3]
      [Update RS (ms): Min: 1.8, Avg: 2.1, Max: 2.3, Diff: 0.4, Sum: 8.3]
         [Processed Buffers: Min: 3, Avg: 8.0, Max: 13, Diff: 10, Sum: 32]
      [Scan RS (ms): Min: 3.1, Avg: 3.3, Max: 3.4, Diff: 0.4, Sum: 13.0]
      [Code Root Scanning (ms): Min: 0.0, Avg: 0.0, Max: 0.0, Diff: 0.0, Sum: 0.0]
      [Object Copy (ms): Min: 7.2, Avg: 7.3, Max: 7.4, Diff: 0.2, Sum: 29.3]
      [Termination (ms): Min: 0.0, Avg: 0.0, Max: 0.0, Diff: 0.0, Sum: 0.0]
         [Termination Attempts: Min: 1, Avg: 1.0, Max: 1, Diff: 0, Sum: 4]
      [GC Worker Other (ms): Min: 0.0, Avg: 0.0, Max: 0.1, Diff: 0.0, Sum: 0.2]
      [GC Worker Total (ms): Min: 13.3, Avg: 13.3, Max: 13.3, Diff: 0.0, Sum: 53.1]
      [GC Worker End (ms): Min: 36851044.0, Avg: 36851044.0, Max: 36851044.0, Diff: 0.0]
   [Code Root Fixup: 0.0 ms]
   [Code Root Purge: 0.0 ms]
   [Clear CT: 0.1 ms]
   [Other: 0.7 ms]
      [Choose CSet: 0.0 ms]
      [Ref Proc: 0.1 ms]
      [Ref Enq: 0.0 ms]
      [Redirty Cards: 0.1 ms]
      [Humongous Register: 0.1 ms]
      [Humongous Reclaim: 0.0 ms]
      [Free CSet: 0.2 ms]
   [Eden: 80.0M(46.0M)->0.0B(146.0M) Survivors: 5120.0K->5120.0K Heap: 435.5M(1024.0M)->355.5M(1024.0M)]
 [Times: user=0.05 sys=0.00, real=0.02 secs] 
2019-11-03T19:32:02.213+0800: 36861.095: [GC pause (G1 Evacuation Pause) (young), 0.0176096 secs]
   [Parallel Time: 17.0 ms, GC Workers: 4]
      [GC Worker Start (ms): Min: 36861095.4, Avg: 36861095.6, Max: 36861095.8, Diff: 0.4]
      [Ext Root Scanning (ms): Min: 0.6, Avg: 0.9, Max: 1.0, Diff: 0.4, Sum: 3.4]
      [Update RS (ms): Min: 1.8, Avg: 2.1, Max: 2.4, Diff: 0.6, Sum: 8.3]
         [Processed Buffers: Min: 1, Avg: 8.0, Max: 11, Diff: 10, Sum: 32]
      [Scan RS (ms): Min: 3.9, Avg: 4.4, Max: 4.7, Diff: 0.7, Sum: 17.5]
      [Code Root Scanning (ms): Min: 0.0, Avg: 0.0, Max: 0.0, Diff: 0.0, Sum: 0.0]
      [Object Copy (ms): Min: 9.4, Avg: 9.5, Max: 9.6, Diff: 0.2, Sum: 37.9]
      [Termination (ms): Min: 0.0, Avg: 0.0, Max: 0.0, Diff: 0.0, Sum: 0.0]
         [Termination Attempts: Min: 1, Avg: 1.0, Max: 1, Diff: 0, Sum: 4]
      [GC Worker Other (ms): Min: 0.0, Avg: 0.0, Max: 0.0, Diff: 0.0, Sum: 0.1]
      [GC Worker Total (ms): Min: 16.6, Avg: 16.8, Max: 16.9, Diff: 0.4, Sum: 67.3]
      [GC Worker End (ms): Min: 36861112.4, Avg: 36861112.4, Max: 36861112.4, Diff: 0.0]
   [Code Root Fixup: 0.0 ms]
   [Code Root Purge: 0.0 ms]
   [Clear CT: 0.0 ms]
   [Other: 0.5 ms]
      [Choose CSet: 0.0 ms]
      [Ref Proc: 0.1 ms]
      [Ref Enq: 0.0 ms]
      [Redirty Cards: 0.1 ms]
      [Humongous Register: 0.0 ms]
      [Humongous Reclaim: 0.0 ms]
      [Free CSet: 0.1 ms]
   [Eden: 46.0M(46.0M)->0.0B(166.0M) Survivors: 5120.0K->7168.0K Heap: 401.5M(1024.0M)->357.5M(1024.0M)]
 [Times: user=0.06 sys=0.00, real=0.02 secs] 
2019-11-03T19:32:11.923+0800: 36870.805: [GC pause (G1 Evacuation Pause) (young), 0.0191176 secs]
   [Parallel Time: 18.4 ms, GC Workers: 4]
      [GC Worker Start (ms): Min: 36870805.4, Avg: 36870805.4, Max: 36870805.5, Diff: 0.1]
      [Ext Root Scanning (ms): Min: 0.8, Avg: 0.9, Max: 0.9, Diff: 0.1, Sum: 3.4]
      [Update RS (ms): Min: 1.6, Avg: 1.7, Max: 2.0, Diff: 0.4, Sum: 6.9]
         [Processed Buffers: Min: 6, Avg: 8.0, Max: 9, Diff: 3, Sum: 32]
      [Scan RS (ms): Min: 4.7, Avg: 4.9, Max: 5.1, Diff: 0.4, Sum: 19.8]
      [Code Root Scanning (ms): Min: 0.0, Avg: 0.0, Max: 0.0, Diff: 0.0, Sum: 0.0]
      [Object Copy (ms): Min: 10.6, Avg: 10.7, Max: 10.7, Diff: 0.1, Sum: 42.7]
      [Termination (ms): Min: 0.0, Avg: 0.0, Max: 0.0, Diff: 0.0, Sum: 0.0]
         [Termination Attempts: Min: 1, Avg: 1.0, Max: 1, Diff: 0, Sum: 4]
      [GC Worker Other (ms): Min: 0.0, Avg: 0.1, Max: 0.1, Diff: 0.0, Sum: 0.2]
      [GC Worker Total (ms): Min: 18.2, Avg: 18.3, Max: 18.3, Diff: 0.1, Sum: 73.0]
      [GC Worker End (ms): Min: 36870823.7, Avg: 36870823.7, Max: 36870823.7, Diff: 0.0]
   [Code Root Fixup: 0.0 ms]
   [Code Root Purge: 0.0 ms]
   [Clear CT: 0.0 ms]
   [Other: 0.7 ms]
      [Choose CSet: 0.0 ms]
      [Ref Proc: 0.2 ms]
      [Ref Enq: 0.0 ms]
      [Redirty Cards: 0.0 ms]
      [Humongous Register: 0.0 ms]
      [Humongous Reclaim: 0.0 ms]
      [Free CSet: 0.1 ms]
   [Eden: 44.0M(44.0M)->0.0B(117.0M) Survivors: 7168.0K->5120.0K Heap: 401.5M(1024.0M)->356.8M(1024.0M)]
 [Times: user=0.07 sys=0.00, real=0.02 secs] 
2019-11-03T19:32:28.030+0800: 36886.911: [GC pause (G1 Evacuation Pause) (young), 0.0171318 secs]
   [Parallel Time: 16.3 ms, GC Workers: 4]
      [GC Worker Start (ms): Min: 36886911.6, Avg: 36886911.8, Max: 36886912.4, Diff: 0.8]
      [Ext Root Scanning (ms): Min: 0.3, Avg: 0.9, Max: 1.1, Diff: 0.8, Sum: 3.4]
      [Update RS (ms): Min: 2.7, Avg: 3.0, Max: 3.3, Diff: 0.6, Sum: 12.0]
         [Processed Buffers: Min: 3, Avg: 9.0, Max: 18, Diff: 15, Sum: 36]
      [Scan RS (ms): Min: 4.7, Avg: 4.9, Max: 5.2, Diff: 0.5, Sum: 19.8]
      [Code Root Scanning (ms): Min: 0.0, Avg: 0.0, Max: 0.0, Diff: 0.0, Sum: 0.0]
      [Object Copy (ms): Min: 7.2, Avg: 7.2, Max: 7.3, Diff: 0.2, Sum: 28.9]
      [Termination (ms): Min: 0.0, Avg: 0.0, Max: 0.0, Diff: 0.0, Sum: 0.0]
         [Termination Attempts: Min: 1, Avg: 1.0, Max: 1, Diff: 0, Sum: 4]
      [GC Worker Other (ms): Min: 0.0, Avg: 0.0, Max: 0.0, Diff: 0.0, Sum: 0.1]
      [GC Worker Total (ms): Min: 15.5, Avg: 16.0, Max: 16.2, Diff: 0.8, Sum: 64.2]
      [GC Worker End (ms): Min: 36886927.9, Avg: 36886927.9, Max: 36886927.9, Diff: 0.0]
   [Code Root Fixup: 0.0 ms]
   [Code Root Purge: 0.0 ms]
   [Clear CT: 0.2 ms]
   [Other: 0.6 ms]
      [Choose CSet: 0.0 ms]
      [Ref Proc: 0.1 ms]
      [Ref Enq: 0.0 ms]
      [Redirty Cards: 0.1 ms]
      [Humongous Register: 0.1 ms]
      [Humongous Reclaim: 0.0 ms]
      [Free CSet: 0.1 ms]
   [Eden: 73.0M(46.0M)->0.0B(138.0M) Survivors: 5120.0K->5120.0K Heap: 429.8M(1024.0M)->356.8M(1024.0M)]
 [Times: user=0.07 sys=0.00, real=0.01 secs] 
2019-11-03T19:32:38.362+0800: 36897.243: [GC pause (G1 Evacuation Pause) (young), 0.0192366 secs]
   [Parallel Time: 18.5 ms, GC Workers: 4]
      [GC Worker Start (ms): Min: 36897243.4, Avg: 36897243.4, Max: 36897243.4, Diff: 0.0]
      [Ext Root Scanning (ms): Min: 0.9, Avg: 0.9, Max: 0.9, Diff: 0.1, Sum: 3.6]
      [Update RS (ms): Min: 2.0, Avg: 2.1, Max: 2.3, Diff: 0.4, Sum: 8.5]
         [Processed Buffers: Min: 3, Avg: 7.5, Max: 12, Diff: 9, Sum: 30]
      [Scan RS (ms): Min: 5.2, Avg: 5.4, Max: 5.6, Diff: 0.4, Sum: 21.8]
      [Code Root Scanning (ms): Min: 0.0, Avg: 0.0, Max: 0.0, Diff: 0.0, Sum: 0.0]
      [Object Copy (ms): Min: 9.9, Avg: 9.9, Max: 9.9, Diff: 0.0, Sum: 39.7]
      [Termination (ms): Min: 0.0, Avg: 0.0, Max: 0.0, Diff: 0.0, Sum: 0.0]
         [Termination Attempts: Min: 1, Avg: 1.5, Max: 2, Diff: 1, Sum: 6]
      [GC Worker Other (ms): Min: 0.0, Avg: 0.0, Max: 0.0, Diff: 0.0, Sum: 0.1]
      [GC Worker Total (ms): Min: 18.4, Avg: 18.4, Max: 18.5, Diff: 0.1, Sum: 73.7]
      [GC Worker End (ms): Min: 36897261.8, Avg: 36897261.8, Max: 36897261.9, Diff: 0.0]
   [Code Root Fixup: 0.0 ms]
   [Code Root Purge: 0.0 ms]
   [Clear CT: 0.1 ms]
   [Other: 0.6 ms]
      [Choose CSet: 0.0 ms]
      [Ref Proc: 0.1 ms]
      [Ref Enq: 0.0 ms]
      [Redirty Cards: 0.1 ms]
      [Humongous Register: 0.0 ms]
      [Humongous Reclaim: 0.0 ms]
      [Free CSet: 0.1 ms]
   [Eden: 46.0M(46.0M)->0.0B(132.0M) Survivors: 5120.0K->7168.0K Heap: 402.8M(1024.0M)->358.8M(1024.0M)]
 [Times: user=0.08 sys=0.00, real=0.02 secs] 
2019-11-03T19:32:48.286+0800: 36907.167: [GC pause (G1 Evacuation Pause) (young), 0.0195980 secs]
   [Parallel Time: 18.8 ms, GC Workers: 4]
      [GC Worker Start (ms): Min: 36907167.1, Avg: 36907167.5, Max: 36907168.6, Diff: 1.4]
      [Ext Root Scanning (ms): Min: 0.0, Avg: 0.8, Max: 1.1, Diff: 1.1, Sum: 3.1]
      [Update RS (ms): Min: 1.7, Avg: 1.8, Max: 1.9, Diff: 0.3, Sum: 7.3]
         [Processed Buffers: Min: 6, Avg: 8.5, Max: 10, Diff: 4, Sum: 34]
      [Scan RS (ms): Min: 5.1, Avg: 5.3, Max: 5.6, Diff: 0.5, Sum: 21.4]
      [Code Root Scanning (ms): Min: 0.0, Avg: 0.0, Max: 0.0, Diff: 0.0, Sum: 0.0]
      [Object Copy (ms): Min: 10.3, Avg: 10.3, Max: 10.4, Diff: 0.1, Sum: 41.3]
      [Termination (ms): Min: 0.0, Avg: 0.0, Max: 0.0, Diff: 0.0, Sum: 0.0]
         [Termination Attempts: Min: 1, Avg: 1.0, Max: 1, Diff: 0, Sum: 4]
      [GC Worker Other (ms): Min: 0.0, Avg: 0.0, Max: 0.1, Diff: 0.0, Sum: 0.1]
      [GC Worker Total (ms): Min: 17.2, Avg: 18.3, Max: 18.7, Diff: 1.5, Sum: 73.2]
      [GC Worker End (ms): Min: 36907185.8, Avg: 36907185.8, Max: 36907185.8, Diff: 0.0]
   [Code Root Fixup: 0.0 ms]
   [Code Root Purge: 0.0 ms]
   [Clear CT: 0.1 ms]
   [Other: 0.7 ms]
      [Choose CSet: 0.0 ms]
      [Ref Proc: 0.2 ms]
      [Ref Enq: 0.0 ms]
      [Redirty Cards: 0.1 ms]
      [Humongous Register: 0.0 ms]
      [Humongous Reclaim: 0.0 ms]
      [Free CSet: 0.1 ms]
   [Eden: 44.0M(44.0M)->0.0B(106.0M) Survivors: 7168.0K->5120.0K Heap: 402.8M(1024.0M)->358.1M(1024.0M)]
 [Times: user=0.07 sys=0.01, real=0.02 secs] 
2019-11-03T19:41:24.507+0800: 36919.982: [GC pause (G1 Evacuation Pause) (young), 0.0223417 secs]
   [Parallel Time: 21.4 ms, GC Workers: 4]
      [GC Worker Start (ms): Min: 36919982.1, Avg: 36919982.2, Max: 36919982.4, Diff: 0.2]
      [Ext Root Scanning (ms): Min: 0.5, Avg: 0.7, Max: 0.8, Diff: 0.2, Sum: 2.8]
      [Update RS (ms): Min: 0.0, Avg: 1.4, Max: 2.0, Diff: 2.0, Sum: 5.6]
         [Processed Buffers: Min: 0, Avg: 9.8, Max: 18, Diff: 18, Sum: 39]
      [Scan RS (ms): Min: 0.0, Avg: 3.6, Max: 4.9, Diff: 4.9, Sum: 14.5]
      [Code Root Scanning (ms): Min: 0.0, Avg: 0.0, Max: 0.0, Diff: 0.0, Sum: 0.0]
      [Object Copy (ms): Min: 13.1, Avg: 14.8, Max: 19.8, Diff: 6.7, Sum: 59.1]
      [Termination (ms): Min: 0.0, Avg: 0.2, Max: 0.8, Diff: 0.8, Sum: 1.0]
         [Termination Attempts: Min: 1, Avg: 1.0, Max: 1, Diff: 0, Sum: 4]
      [GC Worker Other (ms): Min: 0.0, Avg: 0.0, Max: 0.0, Diff: 0.0, Sum: 0.1]
      [GC Worker Total (ms): Min: 20.5, Avg: 20.8, Max: 21.3, Diff: 0.9, Sum: 83.1]
      [GC Worker End (ms): Min: 36920002.8, Avg: 36920003.0, Max: 36920003.5, Diff: 0.7]
   [Code Root Fixup: 0.0 ms]
   [Code Root Purge: 0.0 ms]
   [Clear CT: 0.1 ms]
   [Other: 0.9 ms]
      [Choose CSet: 0.0 ms]
      [Ref Proc: 0.4 ms]
      [Ref Enq: 0.0 ms]
      [Redirty Cards: 0.1 ms]
      [Humongous Register: 0.1 ms]
      [Humongous Reclaim: 0.0 ms]
      [Free CSet: 0.1 ms]
   [Eden: 49.0M(46.0M)->0.0B(46.0M) Survivors: 5120.0K->5120.0K Heap: 407.1M(1024.0M)->358.1M(1024.0M)]
 [Times: user=0.05 sys=0.00, real=0.03 secs] 
2019-11-03T19:41:45.698+0800: 36941.172: [GC pause (G1 Evacuation Pause) (young), 0.0278253 secs]
   [Parallel Time: 27.0 ms, GC Workers: 4]
      [GC Worker Start (ms): Min: 36941172.5, Avg: 36941172.8, Max: 36941173.2, Diff: 0.7]
      [Ext Root Scanning (ms): Min: 0.6, Avg: 1.0, Max: 1.3, Diff: 0.7, Sum: 4.0]
      [Update RS (ms): Min: 0.0, Avg: 2.7, Max: 3.8, Diff: 3.8, Sum: 10.8]
         [Processed Buffers: Min: 0, Avg: 9.2, Max: 22, Diff: 22, Sum: 37]
      [Scan RS (ms): Min: 2.2, Avg: 6.5, Max: 10.5, Diff: 8.4, Sum: 26.1]
      [Code Root Scanning (ms): Min: 0.0, Avg: 0.0, Max: 0.0, Diff: 0.0, Sum: 0.0]
      [Object Copy (ms): Min: 11.3, Avg: 16.4, Max: 23.5, Diff: 12.2, Sum: 65.7]
      [Termination (ms): Min: 0.0, Avg: 0.0, Max: 0.0, Diff: 0.0, Sum: 0.0]
         [Termination Attempts: Min: 1, Avg: 1.8, Max: 3, Diff: 2, Sum: 7]
      [GC Worker Other (ms): Min: 0.0, Avg: 0.0, Max: 0.0, Diff: 0.0, Sum: 0.1]
      [GC Worker Total (ms): Min: 26.3, Avg: 26.7, Max: 27.0, Diff: 0.7, Sum: 106.8]
      [GC Worker End (ms): Min: 36941199.5, Avg: 36941199.5, Max: 36941199.5, Diff: 0.0]
   [Code Root Fixup: 0.0 ms]
   [Code Root Purge: 0.0 ms]
   [Clear CT: 0.1 ms]
   [Other: 0.7 ms]
      [Choose CSet: 0.0 ms]
      [Ref Proc: 0.2 ms]
      [Ref Enq: 0.0 ms]
      [Redirty Cards: 0.1 ms]
      [Humongous Register: 0.0 ms]
      [Humongous Reclaim: 0.0 ms]
      [Free CSet: 0.1 ms]
   [Eden: 46.0M(46.0M)->0.0B(44.0M) Survivors: 5120.0K->7168.0K Heap: 404.1M(1024.0M)->360.8M(1024.0M)]
 [Times: user=0.09 sys=0.00, real=0.03 secs] 
2019-11-03T19:41:55.187+0800: 36950.661: [GC pause (G1 Evacuation Pause) (young), 0.0316484 secs]
   [Parallel Time: 30.5 ms, GC Workers: 4]
      [GC Worker Start (ms): Min: 36950660.8, Avg: 36950660.9, Max: 36950660.9, Diff: 0.1]
      [Ext Root Scanning (ms): Min: 0.8, Avg: 0.8, Max: 0.9, Diff: 0.1, Sum: 3.3]
      [Update RS (ms): Min: 1.9, Avg: 2.4, Max: 3.0, Diff: 1.1, Sum: 9.4]
         [Processed Buffers: Min: 2, Avg: 8.2, Max: 14, Diff: 12, Sum: 33]
      [Scan RS (ms): Min: 4.7, Avg: 5.3, Max: 5.7, Diff: 1.0, Sum: 21.1]
      [Code Root Scanning (ms): Min: 0.0, Avg: 0.0, Max: 0.0, Diff: 0.0, Sum: 0.0]
      [Object Copy (ms): Min: 21.7, Avg: 21.9, Max: 22.2, Diff: 0.5, Sum: 87.7]
      [Termination (ms): Min: 0.0, Avg: 0.0, Max: 0.0, Diff: 0.0, Sum: 0.0]
         [Termination Attempts: Min: 1, Avg: 1.0, Max: 1, Diff: 0, Sum: 4]
      [GC Worker Other (ms): Min: 0.0, Avg: 0.1, Max: 0.1, Diff: 0.0, Sum: 0.2]
      [GC Worker Total (ms): Min: 30.4, Avg: 30.4, Max: 30.4, Diff: 0.0, Sum: 121.7]
      [GC Worker End (ms): Min: 36950691.3, Avg: 36950691.3, Max: 36950691.3, Diff: 0.0]
   [Code Root Fixup: 0.0 ms]
   [Code Root Purge: 0.0 ms]
   [Clear CT: 0.1 ms]
   [Other: 1.0 ms]
      [Choose CSet: 0.0 ms]
      [Ref Proc: 0.5 ms]
      [Ref Enq: 0.0 ms]
      [Redirty Cards: 0.1 ms]
      [Humongous Register: 0.0 ms]
      [Humongous Reclaim: 0.0 ms]
      [Free CSet: 0.1 ms]
   [Eden: 44.0M(44.0M)->0.0B(47.0M) Survivors: 7168.0K->4096.0K Heap: 404.8M(1024.0M)->364.0M(1024.0M)]
 [Times: user=0.11 sys=0.01, real=0.03 secs] 
2019-11-03T19:42:05.537+0800: 36961.011: [GC pause (G1 Evacuation Pause) (young) (initial-mark), 0.0182389 secs]
   [Parallel Time: 17.4 ms, GC Workers: 4]
      [GC Worker Start (ms): Min: 36961011.1, Avg: 36961011.1, Max: 36961011.2, Diff: 0.2]
      [Ext Root Scanning (ms): Min: 1.6, Avg: 1.6, Max: 1.7, Diff: 0.1, Sum: 6.6]
      [Update RS (ms): Min: 0.0, Avg: 3.8, Max: 5.3, Diff: 5.3, Sum: 15.2]
         [Processed Buffers: Min: 0, Avg: 8.5, Max: 22, Diff: 22, Sum: 34]
      [Scan RS (ms): Min: 2.6, Avg: 2.8, Max: 3.0, Diff: 0.3, Sum: 11.1]
      [Code Root Scanning (ms): Min: 0.0, Avg: 0.0, Max: 0.0, Diff: 0.0, Sum: 0.0]
      [Object Copy (ms): Min: 7.6, Avg: 8.9, Max: 12.7, Diff: 5.2, Sum: 35.8]
      [Termination (ms): Min: 0.0, Avg: 0.0, Max: 0.0, Diff: 0.0, Sum: 0.0]
         [Termination Attempts: Min: 1, Avg: 1.8, Max: 3, Diff: 2, Sum: 7]
      [GC Worker Other (ms): Min: 0.0, Avg: 0.0, Max: 0.1, Diff: 0.0, Sum: 0.1]
      [GC Worker Total (ms): Min: 17.1, Avg: 17.2, Max: 17.2, Diff: 0.1, Sum: 68.8]
      [GC Worker End (ms): Min: 36961028.3, Avg: 36961028.3, Max: 36961028.4, Diff: 0.0]
   [Code Root Fixup: 0.0 ms]
   [Code Root Purge: 0.0 ms]
   [Clear CT: 0.1 ms]
   [Other: 0.8 ms]
      [Choose CSet: 0.0 ms]
      [Ref Proc: 0.1 ms]
      [Ref Enq: 0.0 ms]
      [Redirty Cards: 0.1 ms]
      [Humongous Register: 0.0 ms]
      [Humongous Reclaim: 0.0 ms]
      [Free CSet: 0.1 ms]
   [Eden: 47.0M(47.0M)->0.0B(46.0M) Survivors: 4096.0K->5120.0K Heap: 411.0M(1024.0M)->364.5M(1024.0M)]
 [Times: user=0.05 sys=0.00, real=0.02 secs] 
2019-11-03T19:42:05.556+0800: 36961.029: [GC concurrent-root-region-scan-start]
2019-11-03T19:42:05.570+0800: 36961.043: [GC concurrent-root-region-scan-end, 0.0141452 secs]
2019-11-03T19:42:05.570+0800: 36961.043: [GC concurrent-mark-start]
2019-11-03T19:42:05.617+0800: 36961.090: [GC concurrent-mark-end, 0.0466764 secs]
2019-11-03T19:42:05.617+0800: 36961.090: [GC remark 2019-11-03T19:42:05.617+0800: 36961.090: [Finalize Marking, 0.0002357 secs] 2019-11-03T19:42:05.617+0800: 36961.091: [GC ref-proc, 0.0001891 secs] 2019-11-03T19:42:05.617+0800: 36961.091: [Unloading, 0.0373392 secs], 0.0398089 secs]
 [Times: user=0.04 sys=0.06, real=0.04 secs] 
2019-11-03T19:42:05.657+0800: 36961.131: [GC cleanup 365M->252M(1024M), 0.0026732 secs]
 [Times: user=0.01 sys=0.00, real=0.01 secs] 
2019-11-03T19:42:05.660+0800: 36961.133: [GC concurrent-cleanup-start]
2019-11-03T19:42:05.661+0800: 36961.134: [GC concurrent-cleanup-end, 0.0010312 secs]
2019-11-03T19:42:15.591+0800: 36971.064: [GC pause (G1 Evacuation Pause) (young), 0.0113720 secs]
   [Parallel Time: 10.7 ms, GC Workers: 4]
      [GC Worker Start (ms): Min: 36971064.7, Avg: 36971064.7, Max: 36971064.8, Diff: 0.1]
      [Ext Root Scanning (ms): Min: 0.5, Avg: 0.6, Max: 0.7, Diff: 0.1, Sum: 2.4]
      [Update RS (ms): Min: 1.4, Avg: 1.5, Max: 1.6, Diff: 0.1, Sum: 5.9]
         [Processed Buffers: Min: 4, Avg: 8.0, Max: 17, Diff: 13, Sum: 32]
      [Scan RS (ms): Min: 1.5, Avg: 1.5, Max: 1.6, Diff: 0.1, Sum: 6.1]
      [Code Root Scanning (ms): Min: 0.0, Avg: 0.0, Max: 0.0, Diff: 0.0, Sum: 0.0]
      [Object Copy (ms): Min: 6.9, Avg: 6.9, Max: 7.0, Diff: 0.1, Sum: 27.8]
      [Termination (ms): Min: 0.0, Avg: 0.0, Max: 0.0, Diff: 0.0, Sum: 0.0]
         [Termination Attempts: Min: 1, Avg: 1.5, Max: 3, Diff: 2, Sum: 6]
      [GC Worker Other (ms): Min: 0.0, Avg: 0.0, Max: 0.1, Diff: 0.0, Sum: 0.1]
      [GC Worker Total (ms): Min: 10.5, Avg: 10.6, Max: 10.6, Diff: 0.1, Sum: 42.3]
      [GC Worker End (ms): Min: 36971075.3, Avg: 36971075.3, Max: 36971075.3, Diff: 0.0]
   [Code Root Fixup: 0.0 ms]
   [Code Root Purge: 0.0 ms]
   [Clear CT: 0.1 ms]
   [Other: 0.6 ms]
      [Choose CSet: 0.0 ms]
      [Ref Proc: 0.1 ms]
      [Ref Enq: 0.0 ms]
      [Redirty Cards: 0.1 ms]
      [Humongous Register: 0.0 ms]
      [Humongous Reclaim: 0.0 ms]
      [Free CSet: 0.1 ms]
   [Eden: 46.0M(46.0M)->0.0B(46.0M) Survivors: 5120.0K->5120.0K Heap: 297.5M(1024.0M)->251.5M(1024.0M)]
 [Times: user=0.04 sys=0.00, real=0.01 secs] 
2019-11-03T19:42:25.765+0800: 36981.237: [GC pause (G1 Evacuation Pause) (mixed), 0.0165741 secs]
   [Parallel Time: 15.8 ms, GC Workers: 4]
      [GC Worker Start (ms): Min: 36981237.6, Avg: 36981237.7, Max: 36981238.1, Diff: 0.5]
      [Ext Root Scanning (ms): Min: 0.4, Avg: 0.8, Max: 1.0, Diff: 0.6, Sum: 3.3]
      [Update RS (ms): Min: 2.3, Avg: 2.4, Max: 2.6, Diff: 0.4, Sum: 9.6]
         [Processed Buffers: Min: 4, Avg: 6.8, Max: 9, Diff: 5, Sum: 27]
      [Scan RS (ms): Min: 2.8, Avg: 3.1, Max: 3.2, Diff: 0.4, Sum: 12.3]
      [Code Root Scanning (ms): Min: 0.0, Avg: 0.0, Max: 0.0, Diff: 0.0, Sum: 0.0]
      [Object Copy (ms): Min: 9.2, Avg: 9.2, Max: 9.3, Diff: 0.1, Sum: 36.9]
      [Termination (ms): Min: 0.0, Avg: 0.0, Max: 0.0, Diff: 0.0, Sum: 0.0]
         [Termination Attempts: Min: 1, Avg: 1.0, Max: 1, Diff: 0, Sum: 4]
      [GC Worker Other (ms): Min: 0.0, Avg: 0.0, Max: 0.0, Diff: 0.0, Sum: 0.1]
      [GC Worker Total (ms): Min: 15.2, Avg: 15.6, Max: 15.7, Diff: 0.5, Sum: 62.3]
      [GC Worker End (ms): Min: 36981253.3, Avg: 36981253.3, Max: 36981253.3, Diff: 0.0]
   [Code Root Fixup: 0.0 ms]
   [Code Root Purge: 0.0 ms]
   [Clear CT: 0.1 ms]
   [Other: 0.7 ms]
      [Choose CSet: 0.0 ms]
      [Ref Proc: 0.2 ms]
      [Ref Enq: 0.0 ms]
      [Redirty Cards: 0.1 ms]
      [Humongous Register: 0.0 ms]
      [Humongous Reclaim: 0.0 ms]
      [Free CSet: 0.1 ms]
   [Eden: 46.0M(46.0M)->0.0B(46.0M) Survivors: 5120.0K->5120.0K Heap: 297.5M(1024.0M)->236.8M(1024.0M)]
 [Times: user=0.06 sys=0.00, real=0.02 secs] 
2019-11-03T19:42:35.783+0800: 36991.256: [GC pause (G1 Evacuation Pause) (mixed), 0.0206528 secs]
   [Parallel Time: 19.8 ms, GC Workers: 4]
      [GC Worker Start (ms): Min: 36991255.8, Avg: 36991255.8, Max: 36991255.8, Diff: 0.1]
      [Ext Root Scanning (ms): Min: 0.8, Avg: 0.9, Max: 1.0, Diff: 0.2, Sum: 3.6]
      [Update RS (ms): Min: 0.9, Avg: 1.9, Max: 2.2, Diff: 1.3, Sum: 7.4]
         [Processed Buffers: Min: 4, Avg: 8.2, Max: 11, Diff: 7, Sum: 33]
      [Scan RS (ms): Min: 3.2, Avg: 3.2, Max: 3.3, Diff: 0.1, Sum: 13.0]
      [Code Root Scanning (ms): Min: 0.0, Avg: 0.0, Max: 0.0, Diff: 0.0, Sum: 0.0]
      [Object Copy (ms): Min: 13.2, Avg: 13.6, Max: 14.7, Diff: 1.5, Sum: 54.5]
      [Termination (ms): Min: 0.0, Avg: 0.0, Max: 0.0, Diff: 0.0, Sum: 0.1]
         [Termination Attempts: Min: 1, Avg: 3.2, Max: 5, Diff: 4, Sum: 13]
      [GC Worker Other (ms): Min: 0.0, Avg: 0.0, Max: 0.0, Diff: 0.0, Sum: 0.1]
      [GC Worker Total (ms): Min: 19.6, Avg: 19.7, Max: 19.7, Diff: 0.0, Sum: 78.7]
      [GC Worker End (ms): Min: 36991275.4, Avg: 36991275.5, Max: 36991275.5, Diff: 0.0]
   [Code Root Fixup: 0.0 ms]
   [Code Root Purge: 0.0 ms]
   [Clear CT: 0.1 ms]
   [Other: 0.8 ms]
      [Choose CSet: 0.0 ms]
      [Ref Proc: 0.2 ms]
      [Ref Enq: 0.0 ms]
      [Redirty Cards: 0.1 ms]
      [Humongous Register: 0.0 ms]
      [Humongous Reclaim: 0.0 ms]
      [Free CSet: 0.2 ms]
   [Eden: 46.0M(46.0M)->0.0B(46.0M) Survivors: 5120.0K->5120.0K Heap: 282.8M(1024.0M)->223.6M(1024.0M)]
 [Times: user=0.06 sys=0.00, real=0.02 secs] 
2019-11-03T19:42:45.609+0800: 37001.081: [GC pause (G1 Evacuation Pause) (mixed), 0.0236703 secs]
   [Parallel Time: 22.7 ms, GC Workers: 4]
      [GC Worker Start (ms): Min: 37001081.2, Avg: 37001081.3, Max: 37001081.5, Diff: 0.3]
      [Ext Root Scanning (ms): Min: 2.3, Avg: 2.8, Max: 3.1, Diff: 0.8, Sum: 11.1]
      [Update RS (ms): Min: 1.5, Avg: 2.6, Max: 3.2, Diff: 1.6, Sum: 10.5]
         [Processed Buffers: Min: 1, Avg: 8.0, Max: 13, Diff: 12, Sum: 32]
      [Scan RS (ms): Min: 5.2, Avg: 5.4, Max: 5.6, Diff: 0.4, Sum: 21.5]
      [Code Root Scanning (ms): Min: 0.0, Avg: 0.0, Max: 0.0, Diff: 0.0, Sum: 0.0]
      [Object Copy (ms): Min: 11.0, Avg: 11.5, Max: 12.4, Diff: 1.4, Sum: 45.9]
      [Termination (ms): Min: 0.0, Avg: 0.3, Max: 0.4, Diff: 0.4, Sum: 1.1]
         [Termination Attempts: Min: 1, Avg: 1.0, Max: 1, Diff: 0, Sum: 4]
      [GC Worker Other (ms): Min: 0.0, Avg: 0.0, Max: 0.0, Diff: 0.0, Sum: 0.1]
      [GC Worker Total (ms): Min: 22.1, Avg: 22.5, Max: 22.7, Diff: 0.5, Sum: 90.1]
      [GC Worker End (ms): Min: 37001103.6, Avg: 37001103.8, Max: 37001103.9, Diff: 0.3]
   [Code Root Fixup: 0.0 ms]
   [Code Root Purge: 0.0 ms]
   [Clear CT: 0.1 ms]
   [Other: 0.8 ms]
      [Choose CSet: 0.0 ms]
      [Ref Proc: 0.1 ms]
      [Ref Enq: 0.0 ms]
      [Redirty Cards: 0.2 ms]
      [Humongous Register: 0.0 ms]
      [Humongous Reclaim: 0.0 ms]
      [Free CSet: 0.1 ms]
   [Eden: 46.0M(46.0M)->0.0B(46.0M) Survivors: 5120.0K->5120.0K Heap: 269.6M(1024.0M)->209.7M(1024.0M)]
 [Times: user=0.06 sys=0.01, real=0.03 secs] 
2019-11-03T19:42:55.591+0800: 37011.062: [GC pause (G1 Evacuation Pause) (mixed), 0.0176667 secs]
   [Parallel Time: 16.7 ms, GC Workers: 4]
      [GC Worker Start (ms): Min: 37011062.4, Avg: 37011062.4, Max: 37011062.4, Diff: 0.1]
      [Ext Root Scanning (ms): Min: 0.8, Avg: 0.9, Max: 0.9, Diff: 0.1, Sum: 3.4]
      [Update RS (ms): Min: 1.6, Avg: 1.7, Max: 2.2, Diff: 0.7, Sum: 6.9]
         [Processed Buffers: Min: 5, Avg: 8.2, Max: 10, Diff: 5, Sum: 33]
      [Scan RS (ms): Min: 5.1, Avg: 5.5, Max: 5.8, Diff: 0.7, Sum: 22.2]
      [Code Root Scanning (ms): Min: 0.0, Avg: 0.0, Max: 0.0, Diff: 0.0, Sum: 0.0]
      [Object Copy (ms): Min: 8.3, Avg: 8.4, Max: 8.5, Diff: 0.2, Sum: 33.7]
      [Termination (ms): Min: 0.0, Avg: 0.0, Max: 0.0, Diff: 0.0, Sum: 0.0]
         [Termination Attempts: Min: 1, Avg: 2.2, Max: 5, Diff: 4, Sum: 9]
      [GC Worker Other (ms): Min: 0.0, Avg: 0.0, Max: 0.0, Diff: 0.0, Sum: 0.1]
      [GC Worker Total (ms): Min: 16.6, Avg: 16.6, Max: 16.6, Diff: 0.0, Sum: 66.4]
      [GC Worker End (ms): Min: 37011079.0, Avg: 37011079.0, Max: 37011079.0, Diff: 0.0]
   [Code Root Fixup: 0.0 ms]
   [Code Root Purge: 0.0 ms]
   [Clear CT: 0.1 ms]
   [Other: 0.8 ms]
      [Choose CSet: 0.0 ms]
      [Ref Proc: 0.2 ms]
      [Ref Enq: 0.0 ms]
      [Redirty Cards: 0.1 ms]
      [Humongous Register: 0.0 ms]
      [Humongous Reclaim: 0.0 ms]
      [Free CSet: 0.2 ms]
   [Eden: 46.0M(46.0M)->0.0B(46.0M) Survivors: 5120.0K->5120.0K Heap: 255.7M(1024.0M)->198.3M(1024.0M)]
 [Times: user=0.07 sys=0.00, real=0.01 secs] 
2019-11-03T19:43:05.590+0800: 37021.061: [GC pause (G1 Evacuation Pause) (young), 0.0199666 secs]
   [Parallel Time: 19.2 ms, GC Workers: 4]
      [GC Worker Start (ms): Min: 37021061.1, Avg: 37021061.1, Max: 37021061.2, Diff: 0.1]
      [Ext Root Scanning (ms): Min: 1.0, Avg: 1.6, Max: 3.4, Diff: 2.4, Sum: 6.5]
      [Update RS (ms): Min: 0.4, Avg: 2.8, Max: 5.2, Diff: 4.8, Sum: 11.0]
         [Processed Buffers: Min: 1, Avg: 7.5, Max: 13, Diff: 12, Sum: 30]
      [Scan RS (ms): Min: 2.0, Avg: 4.0, Max: 4.8, Diff: 2.7, Sum: 16.1]
      [Code Root Scanning (ms): Min: 0.0, Avg: 0.0, Max: 0.0, Diff: 0.0, Sum: 0.0]
      [Object Copy (ms): Min: 10.5, Avg: 10.5, Max: 10.6, Diff: 0.2, Sum: 42.2]
      [Termination (ms): Min: 0.0, Avg: 0.0, Max: 0.0, Diff: 0.0, Sum: 0.0]
         [Termination Attempts: Min: 1, Avg: 1.2, Max: 2, Diff: 1, Sum: 5]
      [GC Worker Other (ms): Min: 0.0, Avg: 0.1, Max: 0.1, Diff: 0.1, Sum: 0.2]
      [GC Worker Total (ms): Min: 18.9, Avg: 19.0, Max: 19.1, Diff: 0.1, Sum: 76.1]
      [GC Worker End (ms): Min: 37021080.1, Avg: 37021080.2, Max: 37021080.2, Diff: 0.1]
   [Code Root Fixup: 0.0 ms]
   [Code Root Purge: 0.0 ms]
   [Clear CT: 0.1 ms]
   [Other: 0.6 ms]
      [Choose CSet: 0.0 ms]
      [Ref Proc: 0.1 ms]
      [Ref Enq: 0.0 ms]
      [Redirty Cards: 0.1 ms]
      [Humongous Register: 0.1 ms]
      [Humongous Reclaim: 0.0 ms]
      [Free CSet: 0.1 ms]
   [Eden: 46.0M(46.0M)->0.0B(45.0M) Survivors: 5120.0K->6144.0K Heap: 244.3M(1024.0M)->199.8M(1024.0M)]
 [Times: user=0.06 sys=0.00, real=0.02 secs] 
2019-11-03T19:43:15.269+0800: 37030.740: [GC pause (G1 Evacuation Pause) (young), 0.0277546 secs]
   [Parallel Time: 26.7 ms, GC Workers: 4]
      [GC Worker Start (ms): Min: 37030739.8, Avg: 37030740.0, Max: 37030740.3, Diff: 0.5]
      [Ext Root Scanning (ms): Min: 0.7, Avg: 1.1, Max: 1.3, Diff: 0.6, Sum: 4.4]
      [Update RS (ms): Min: 0.0, Avg: 1.8, Max: 2.7, Diff: 2.7, Sum: 7.4]
         [Processed Buffers: Min: 0, Avg: 8.5, Max: 15, Diff: 15, Sum: 34]
      [Scan RS (ms): Min: 0.0, Avg: 4.5, Max: 6.2, Diff: 6.2, Sum: 17.8]
      [Code Root Scanning (ms): Min: 0.0, Avg: 0.0, Max: 0.0, Diff: 0.0, Sum: 0.0]
      [Object Copy (ms): Min: 16.8, Avg: 18.9, Max: 25.2, Diff: 8.4, Sum: 75.6]
      [Termination (ms): Min: 0.0, Avg: 0.1, Max: 0.2, Diff: 0.2, Sum: 0.6]
         [Termination Attempts: Min: 1, Avg: 1.0, Max: 1, Diff: 0, Sum: 4]
      [GC Worker Other (ms): Min: 0.0, Avg: 0.0, Max: 0.0, Diff: 0.0, Sum: 0.1]
      [GC Worker Total (ms): Min: 26.1, Avg: 26.5, Max: 26.6, Diff: 0.6, Sum: 105.9]
      [GC Worker End (ms): Min: 37030766.4, Avg: 37030766.4, Max: 37030766.5, Diff: 0.1]
   [Code Root Fixup: 0.0 ms]
   [Code Root Purge: 0.0 ms]
   [Clear CT: 0.1 ms]
   [Other: 0.9 ms]
      [Choose CSet: 0.0 ms]
      [Ref Proc: 0.2 ms]
      [Ref Enq: 0.0 ms]
      [Redirty Cards: 0.1 ms]
      [Humongous Register: 0.1 ms]
      [Humongous Reclaim: 0.0 ms]
      [Free CSet: 0.1 ms]
   [Eden: 45.0M(45.0M)->0.0B(46.0M) Survivors: 6144.0K->5120.0K Heap: 244.8M(1024.0M)->199.5M(1024.0M)]
 [Times: user=0.07 sys=0.01, real=0.03 secs] 
2019-11-03T19:43:25.229+0800: 37040.700: [GC pause (G1 Evacuation Pause) (young), 0.0184633 secs]
   [Parallel Time: 17.6 ms, GC Workers: 4]
      [GC Worker Start (ms): Min: 37040700.0, Avg: 37040700.0, Max: 37040700.1, Diff: 0.1]
      [Ext Root Scanning (ms): Min: 0.7, Avg: 0.8, Max: 0.9, Diff: 0.2, Sum: 3.2]
      [Update RS (ms): Min: 2.5, Avg: 2.8, Max: 3.1, Diff: 0.6, Sum: 11.3]
         [Processed Buffers: Min: 1, Avg: 8.8, Max: 15, Diff: 14, Sum: 35]
      [Scan RS (ms): Min: 5.4, Avg: 5.8, Max: 6.0, Diff: 0.6, Sum: 23.1]
      [Code Root Scanning (ms): Min: 0.0, Avg: 0.0, Max: 0.0, Diff: 0.0, Sum: 0.0]
      [Object Copy (ms): Min: 7.9, Avg: 8.0, Max: 8.1, Diff: 0.2, Sum: 31.9]
      [Termination (ms): Min: 0.0, Avg: 0.0, Max: 0.0, Diff: 0.0, Sum: 0.0]
         [Termination Attempts: Min: 1, Avg: 1.0, Max: 1, Diff: 0, Sum: 4]
      [GC Worker Other (ms): Min: 0.0, Avg: 0.0, Max: 0.1, Diff: 0.0, Sum: 0.1]
      [GC Worker Total (ms): Min: 17.3, Avg: 17.4, Max: 17.5, Diff: 0.1, Sum: 69.6]
      [GC Worker End (ms): Min: 37040717.4, Avg: 37040717.4, Max: 37040717.5, Diff: 0.0]
   [Code Root Fixup: 0.0 ms]
   [Code Root Purge: 0.0 ms]
   [Clear CT: 0.1 ms]
   [Other: 0.8 ms]
      [Choose CSet: 0.0 ms]
      [Ref Proc: 0.3 ms]
      [Ref Enq: 0.0 ms]
      [Redirty Cards: 0.1 ms]
      [Humongous Register: 0.0 ms]
      [Humongous Reclaim: 0.0 ms]
      [Free CSet: 0.1 ms]
   [Eden: 46.0M(46.0M)->0.0B(46.0M) Survivors: 5120.0K->5120.0K Heap: 245.5M(1024.0M)->199.5M(1024.0M)]
 [Times: user=0.07 sys=0.00, real=0.02 secs] 
2019-11-03T19:43:35.113+0800: 37050.583: [GC pause (G1 Evacuation Pause) (young), 0.0133497 secs]
   [Parallel Time: 12.7 ms, GC Workers: 4]
      [GC Worker Start (ms): Min: 37050582.9, Avg: 37050583.0, Max: 37050583.5, Diff: 0.6]
      [Ext Root Scanning (ms): Min: 0.2, Avg: 0.6, Max: 0.8, Diff: 0.6, Sum: 2.5]
      [Update RS (ms): Min: 1.3, Avg: 1.5, Max: 1.8, Diff: 0.5, Sum: 5.9]
         [Processed Buffers: Min: 3, Avg: 8.0, Max: 15, Diff: 12, Sum: 32]
      [Scan RS (ms): Min: 2.7, Avg: 3.0, Max: 3.2, Diff: 0.5, Sum: 12.0]
      [Code Root Scanning (ms): Min: 0.0, Avg: 0.0, Max: 0.0, Diff: 0.0, Sum: 0.0]
      [Object Copy (ms): Min: 7.4, Avg: 7.4, Max: 7.5, Diff: 0.1, Sum: 29.6]
      [Termination (ms): Min: 0.0, Avg: 0.0, Max: 0.0, Diff: 0.0, Sum: 0.0]
         [Termination Attempts: Min: 1, Avg: 1.0, Max: 1, Diff: 0, Sum: 4]
      [GC Worker Other (ms): Min: 0.0, Avg: 0.0, Max: 0.1, Diff: 0.1, Sum: 0.1]
      [GC Worker Total (ms): Min: 12.1, Avg: 12.5, Max: 12.7, Diff: 0.6, Sum: 50.2]
      [GC Worker End (ms): Min: 37050595.6, Avg: 37050595.6, Max: 37050595.6, Diff: 0.0]
   [Code Root Fixup: 0.0 ms]
   [Code Root Purge: 0.0 ms]
   [Clear CT: 0.1 ms]
   [Other: 0.5 ms]
      [Choose CSet: 0.0 ms]
      [Ref Proc: 0.1 ms]
      [Ref Enq: 0.0 ms]
      [Redirty Cards: 0.1 ms]
      [Humongous Register: 0.0 ms]
      [Humongous Reclaim: 0.0 ms]
      [Free CSet: 0.1 ms]
   [Eden: 46.0M(46.0M)->0.0B(52.0M) Survivors: 5120.0K->5120.0K Heap: 245.5M(1024.0M)->199.5M(1024.0M)]
 [Times: user=0.05 sys=0.00, real=0.01 secs] 
2019-11-03T19:43:46.305+0800: 37061.774: [GC pause (G1 Evacuation Pause) (young), 0.0186561 secs]
   [Parallel Time: 17.7 ms, GC Workers: 4]
      [GC Worker Start (ms): Min: 37061774.5, Avg: 37061774.5, Max: 37061774.6, Diff: 0.0]
      [Ext Root Scanning (ms): Min: 0.5, Avg: 3.1, Max: 10.8, Diff: 10.3, Sum: 12.6]
      [Update RS (ms): Min: 0.0, Avg: 1.3, Max: 1.9, Diff: 1.9, Sum: 5.3]
         [Processed Buffers: Min: 0, Avg: 8.8, Max: 19, Diff: 19, Sum: 35]
      [Scan RS (ms): Min: 0.0, Avg: 3.2, Max: 4.3, Diff: 4.3, Sum: 12.7]
      [Code Root Scanning (ms): Min: 0.0, Avg: 0.0, Max: 0.0, Diff: 0.0, Sum: 0.0]
      [Object Copy (ms): Min: 6.8, Avg: 9.9, Max: 11.1, Diff: 4.3, Sum: 39.7]
      [Termination (ms): Min: 0.0, Avg: 0.0, Max: 0.0, Diff: 0.0, Sum: 0.0]
         [Termination Attempts: Min: 1, Avg: 1.8, Max: 2, Diff: 1, Sum: 7]
      [GC Worker Other (ms): Min: 0.0, Avg: 0.0, Max: 0.0, Diff: 0.0, Sum: 0.1]
      [GC Worker Total (ms): Min: 17.6, Avg: 17.6, Max: 17.6, Diff: 0.0, Sum: 70.4]
      [GC Worker End (ms): Min: 37061792.1, Avg: 37061792.1, Max: 37061792.2, Diff: 0.0]
   [Code Root Fixup: 0.0 ms]
   [Code Root Purge: 0.0 ms]
   [Clear CT: 0.1 ms]
   [Other: 0.9 ms]
      [Choose CSet: 0.0 ms]
      [Ref Proc: 0.3 ms]
      [Ref Enq: 0.0 ms]
      [Redirty Cards: 0.1 ms]
      [Humongous Register: 0.0 ms]
      [Humongous Reclaim: 0.0 ms]
      [Free CSet: 0.1 ms]
   [Eden: 52.0M(52.0M)->0.0B(57.0M) Survivors: 5120.0K->6144.0K Heap: 251.5M(1024.0M)->200.5M(1024.0M)]
 [Times: user=0.05 sys=0.00, real=0.02 secs] 
2019-11-03T19:43:58.757+0800: 37074.226: [GC pause (G1 Evacuation Pause) (young), 0.0227684 secs]
   [Parallel Time: 22.0 ms, GC Workers: 4]
      [GC Worker Start (ms): Min: 37074226.3, Avg: 37074226.4, Max: 37074226.4, Diff: 0.1]
      [Ext Root Scanning (ms): Min: 0.8, Avg: 0.8, Max: 0.9, Diff: 0.1, Sum: 3.3]
      [Update RS (ms): Min: 3.7, Avg: 3.8, Max: 4.0, Diff: 0.3, Sum: 15.3]
         [Processed Buffers: Min: 1, Avg: 9.0, Max: 22, Diff: 21, Sum: 36]
      [Scan RS (ms): Min: 4.2, Avg: 4.3, Max: 4.4, Diff: 0.2, Sum: 17.3]
      [Code Root Scanning (ms): Min: 0.0, Avg: 0.0, Max: 0.0, Diff: 0.0, Sum: 0.0]
      [Object Copy (ms): Min: 12.8, Avg: 12.9, Max: 13.0, Diff: 0.2, Sum: 51.5]
      [Termination (ms): Min: 0.0, Avg: 0.0, Max: 0.0, Diff: 0.0, Sum: 0.0]
         [Termination Attempts: Min: 1, Avg: 1.5, Max: 2, Diff: 1, Sum: 6]
      [GC Worker Other (ms): Min: 0.0, Avg: 0.0, Max: 0.1, Diff: 0.0, Sum: 0.1]
      [GC Worker Total (ms): Min: 21.9, Avg: 21.9, Max: 21.9, Diff: 0.1, Sum: 87.6]
      [GC Worker End (ms): Min: 37074248.2, Avg: 37074248.2, Max: 37074248.3, Diff: 0.0]
   [Code Root Fixup: 0.0 ms]
   [Code Root Purge: 0.0 ms]
   [Clear CT: 0.1 ms]
   [Other: 0.6 ms]
      [Choose CSet: 0.0 ms]
      [Ref Proc: 0.2 ms]
      [Ref Enq: 0.0 ms]
      [Redirty Cards: 0.1 ms]
      [Humongous Register: 0.0 ms]
      [Humongous Reclaim: 0.0 ms]
      [Free CSet: 0.1 ms]
   [Eden: 57.0M(57.0M)->0.0B(44.0M) Survivors: 6144.0K->7168.0K Heap: 257.5M(1024.0M)->201.5M(1024.0M)]
 [Times: user=0.07 sys=0.00, real=0.03 secs] 
2019-11-03T19:44:08.195+0800: 37083.664: [GC pause (G1 Evacuation Pause) (young), 0.0230644 secs]
   [Parallel Time: 22.4 ms, GC Workers: 4]
      [GC Worker Start (ms): Min: 37083664.2, Avg: 37083664.2, Max: 37083664.2, Diff: 0.1]
      [Ext Root Scanning (ms): Min: 0.8, Avg: 0.8, Max: 0.9, Diff: 0.1, Sum: 3.3]
      [Update RS (ms): Min: 2.3, Avg: 2.5, Max: 2.7, Diff: 0.5, Sum: 10.0]
         [Processed Buffers: Min: 1, Avg: 8.8, Max: 19, Diff: 18, Sum: 35]
      [Scan RS (ms): Min: 4.7, Avg: 4.9, Max: 5.1, Diff: 0.4, Sum: 19.7]
      [Code Root Scanning (ms): Min: 0.0, Avg: 0.0, Max: 0.0, Diff: 0.0, Sum: 0.0]
      [Object Copy (ms): Min: 13.9, Avg: 14.0, Max: 14.0, Diff: 0.1, Sum: 56.0]
      [Termination (ms): Min: 0.0, Avg: 0.0, Max: 0.0, Diff: 0.0, Sum: 0.0]
         [Termination Attempts: Min: 1, Avg: 3.0, Max: 5, Diff: 4, Sum: 12]
      [GC Worker Other (ms): Min: 0.0, Avg: 0.0, Max: 0.0, Diff: 0.0, Sum: 0.1]
      [GC Worker Total (ms): Min: 22.3, Avg: 22.3, Max: 22.3, Diff: 0.0, Sum: 89.2]
      [GC Worker End (ms): Min: 37083686.5, Avg: 37083686.5, Max: 37083686.5, Diff: 0.0]
   [Code Root Fixup: 0.0 ms]
   [Code Root Purge: 0.0 ms]
   [Clear CT: 0.1 ms]
   [Other: 0.6 ms]
      [Choose CSet: 0.0 ms]
      [Ref Proc: 0.1 ms]
      [Ref Enq: 0.0 ms]
      [Redirty Cards: 0.1 ms]
      [Humongous Register: 0.0 ms]
      [Humongous Reclaim: 0.0 ms]
      [Free CSet: 0.1 ms]
   [Eden: 44.0M(44.0M)->0.0B(46.0M) Survivors: 7168.0K->5120.0K Heap: 245.5M(1024.0M)->201.7M(1024.0M)]
 [Times: user=0.07 sys=0.01, real=0.02 secs] 
2019-11-03T19:44:18.154+0800: 37093.622: [GC pause (G1 Evacuation Pause) (young), 0.0234077 secs]
   [Parallel Time: 21.4 ms, GC Workers: 4]
      [GC Worker Start (ms): Min: 37093622.3, Avg: 37093624.8, Max: 37093632.0, Diff: 9.7]
      [Ext Root Scanning (ms): Min: 0.0, Avg: 0.9, Max: 2.2, Diff: 2.2, Sum: 3.8]
      [Update RS (ms): Min: 0.0, Avg: 1.7, Max: 2.8, Diff: 2.8, Sum: 6.9]
         [Processed Buffers: Min: 0, Avg: 8.8, Max: 15, Diff: 15, Sum: 35]
      [Scan RS (ms): Min: 0.0, Avg: 3.2, Max: 4.6, Diff: 4.6, Sum: 13.0]
      [Code Root Scanning (ms): Min: 0.0, Avg: 0.0, Max: 0.0, Diff: 0.0, Sum: 0.0]
      [Object Copy (ms): Min: 11.4, Avg: 12.8, Max: 13.4, Diff: 1.9, Sum: 51.3]
      [Termination (ms): Min: 0.0, Avg: 0.1, Max: 0.2, Diff: 0.2, Sum: 0.6]
         [Termination Attempts: Min: 1, Avg: 1.0, Max: 1, Diff: 0, Sum: 4]
      [GC Worker Other (ms): Min: 0.0, Avg: 0.0, Max: 0.0, Diff: 0.0, Sum: 0.1]
      [GC Worker Total (ms): Min: 11.7, Avg: 18.9, Max: 21.3, Diff: 9.6, Sum: 75.5]
      [GC Worker End (ms): Min: 37093643.6, Avg: 37093643.7, Max: 37093643.7, Diff: 0.1]
   [Code Root Fixup: 0.0 ms]
   [Code Root Purge: 0.0 ms]
   [Clear CT: 0.1 ms]
   [Other: 1.8 ms]
      [Choose CSet: 0.0 ms]
      [Ref Proc: 0.5 ms]
      [Ref Enq: 0.0 ms]
      [Redirty Cards: 0.5 ms]
      [Humongous Register: 0.1 ms]
      [Humongous Reclaim: 0.0 ms]
      [Free CSet: 0.4 ms]
   [Eden: 46.0M(46.0M)->0.0B(46.0M) Survivors: 5120.0K->5120.0K Heap: 247.7M(1024.0M)->201.7M(1024.0M)]
 [Times: user=0.05 sys=0.00, real=0.02 secs] 
2019-11-03T19:44:28.155+0800: 37103.623: [GC pause (G1 Evacuation Pause) (young), 0.0177331 secs]
   [Parallel Time: 16.9 ms, GC Workers: 4]
      [GC Worker Start (ms): Min: 37103623.3, Avg: 37103623.3, Max: 37103623.3, Diff: 0.1]
      [Ext Root Scanning (ms): Min: 0.8, Avg: 0.8, Max: 0.9, Diff: 0.1, Sum: 3.3]
      [Update RS (ms): Min: 2.4, Avg: 2.8, Max: 3.1, Diff: 0.8, Sum: 11.1]
         [Processed Buffers: Min: 1, Avg: 8.5, Max: 17, Diff: 16, Sum: 34]
      [Scan RS (ms): Min: 4.6, Avg: 5.0, Max: 5.3, Diff: 0.8, Sum: 20.0]
      [Code Root Scanning (ms): Min: 0.0, Avg: 0.0, Max: 0.0, Diff: 0.0, Sum: 0.0]
      [Object Copy (ms): Min: 8.0, Avg: 8.1, Max: 8.2, Diff: 0.2, Sum: 32.3]
      [Termination (ms): Min: 0.0, Avg: 0.0, Max: 0.0, Diff: 0.0, Sum: 0.0]
         [Termination Attempts: Min: 1, Avg: 2.8, Max: 4, Diff: 3, Sum: 11]
      [GC Worker Other (ms): Min: 0.1, Avg: 0.1, Max: 0.1, Diff: 0.0, Sum: 0.2]
      [GC Worker Total (ms): Min: 16.7, Avg: 16.8, Max: 16.8, Diff: 0.1, Sum: 67.0]
      [GC Worker End (ms): Min: 37103640.0, Avg: 37103640.1, Max: 37103640.1, Diff: 0.0]
   [Code Root Fixup: 0.0 ms]
   [Code Root Purge: 0.0 ms]
   [Clear CT: 0.1 ms]
   [Other: 0.8 ms]
      [Choose CSet: 0.0 ms]
      [Ref Proc: 0.3 ms]
      [Ref Enq: 0.0 ms]
      [Redirty Cards: 0.1 ms]
      [Humongous Register: 0.0 ms]
      [Humongous Reclaim: 0.0 ms]
      [Free CSet: 0.1 ms]
   [Eden: 46.0M(46.0M)->0.0B(46.0M) Survivors: 5120.0K->5120.0K Heap: 247.7M(1024.0M)->201.2M(1024.0M)]
 [Times: user=0.06 sys=0.00, real=0.02 secs] 
2019-11-03T19:44:38.012+0800: 37113.480: [GC pause (G1 Evacuation Pause) (young), 0.0193991 secs]
   [Parallel Time: 18.7 ms, GC Workers: 4]
      [GC Worker Start (ms): Min: 37113480.1, Avg: 37113480.1, Max: 37113480.2, Diff: 0.1]
      [Ext Root Scanning (ms): Min: 0.7, Avg: 0.8, Max: 0.9, Diff: 0.2, Sum: 3.2]
      [Update RS (ms): Min: 1.7, Avg: 2.0, Max: 2.3, Diff: 0.6, Sum: 7.9]
         [Processed Buffers: Min: 4, Avg: 8.8, Max: 17, Diff: 13, Sum: 35]
      [Scan RS (ms): Min: 4.9, Avg: 5.3, Max: 5.5, Diff: 0.6, Sum: 21.2]
      [Code Root Scanning (ms): Min: 0.0, Avg: 0.0, Max: 0.0, Diff: 0.0, Sum: 0.0]
      [Object Copy (ms): Min: 10.3, Avg: 10.4, Max: 10.5, Diff: 0.2, Sum: 41.7]
      [Termination (ms): Min: 0.0, Avg: 0.0, Max: 0.0, Diff: 0.0, Sum: 0.0]
         [Termination Attempts: Min: 1, Avg: 1.0, Max: 1, Diff: 0, Sum: 4]
      [GC Worker Other (ms): Min: 0.0, Avg: 0.0, Max: 0.0, Diff: 0.0, Sum: 0.2]
      [GC Worker Total (ms): Min: 18.5, Avg: 18.5, Max: 18.6, Diff: 0.1, Sum: 74.1]
      [GC Worker End (ms): Min: 37113498.7, Avg: 37113498.7, Max: 37113498.7, Diff: 0.0]
   [Code Root Fixup: 0.0 ms]
   [Code Root Purge: 0.0 ms]
   [Clear CT: 0.1 ms]
   [Other: 0.7 ms]
      [Choose CSet: 0.0 ms]
      [Ref Proc: 0.1 ms]
      [Ref Enq: 0.0 ms]
      [Redirty Cards: 0.2 ms]
      [Humongous Register: 0.1 ms]
      [Humongous Reclaim: 0.0 ms]
      [Free CSet: 0.1 ms]
   [Eden: 46.0M(46.0M)->0.0B(45.0M) Survivors: 5120.0K->6144.0K Heap: 247.2M(1024.0M)->202.7M(1024.0M)]
 [Times: user=0.06 sys=0.00, real=0.02 secs] 
2019-11-03T19:44:47.754+0800: 37123.221: [GC pause (G1 Evacuation Pause) (young), 0.0201603 secs]
   [Parallel Time: 19.3 ms, GC Workers: 4]
      [GC Worker Start (ms): Min: 37123221.4, Avg: 37123221.6, Max: 37123222.2, Diff: 0.8]
      [Ext Root Scanning (ms): Min: 0.3, Avg: 0.8, Max: 1.0, Diff: 0.8, Sum: 3.3]
      [Update RS (ms): Min: 2.6, Avg: 2.8, Max: 2.9, Diff: 0.3, Sum: 11.1]
         [Processed Buffers: Min: 5, Avg: 6.5, Max: 8, Diff: 3, Sum: 26]
      [Scan RS (ms): Min: 4.6, Avg: 4.7, Max: 4.9, Diff: 0.3, Sum: 18.7]
      [Code Root Scanning (ms): Min: 0.0, Avg: 0.0, Max: 0.0, Diff: 0.0, Sum: 0.0]
      [Object Copy (ms): Min: 10.6, Avg: 10.7, Max: 10.8, Diff: 0.1, Sum: 42.8]
      [Termination (ms): Min: 0.0, Avg: 0.0, Max: 0.0, Diff: 0.0, Sum: 0.0]
         [Termination Attempts: Min: 1, Avg: 1.0, Max: 1, Diff: 0, Sum: 4]
      [GC Worker Other (ms): Min: 0.0, Avg: 0.1, Max: 0.1, Diff: 0.0, Sum: 0.2]
      [GC Worker Total (ms): Min: 18.5, Avg: 19.1, Max: 19.3, Diff: 0.8, Sum: 76.2]
      [GC Worker End (ms): Min: 37123240.7, Avg: 37123240.7, Max: 37123240.7, Diff: 0.0]
   [Code Root Fixup: 0.0 ms]
   [Code Root Purge: 0.0 ms]
   [Clear CT: 0.1 ms]
   [Other: 0.7 ms]
      [Choose CSet: 0.0 ms]
      [Ref Proc: 0.2 ms]
      [Ref Enq: 0.0 ms]
      [Redirty Cards: 0.1 ms]
      [Humongous Register: 0.0 ms]
      [Humongous Reclaim: 0.0 ms]
      [Free CSet: 0.1 ms]
   [Eden: 45.0M(45.0M)->0.0B(46.0M) Survivors: 6144.0K->5120.0K Heap: 247.7M(1024.0M)->202.3M(1024.0M)]
 [Times: user=0.07 sys=0.00, real=0.02 secs] 
2019-11-03T19:44:57.767+0800: 37133.234: [GC pause (G1 Evacuation Pause) (young), 0.0186595 secs]
   [Parallel Time: 17.9 ms, GC Workers: 4]
      [GC Worker Start (ms): Min: 37133233.9, Avg: 37133233.9, Max: 37133234.0, Diff: 0.1]
      [Ext Root Scanning (ms): Min: 0.8, Avg: 0.9, Max: 1.1, Diff: 0.3, Sum: 3.7]
      [Update RS (ms): Min: 0.0, Avg: 3.0, Max: 4.2, Diff: 4.2, Sum: 12.0]
         [Processed Buffers: Min: 0, Avg: 8.0, Max: 16, Diff: 16, Sum: 32]
      [Scan RS (ms): Min: 3.9, Avg: 4.9, Max: 5.6, Diff: 1.7, Sum: 19.7]
      [Code Root Scanning (ms): Min: 0.0, Avg: 0.0, Max: 0.0, Diff: 0.0, Sum: 0.0]
      [Object Copy (ms): Min: 7.5, Avg: 8.9, Max: 13.0, Diff: 5.5, Sum: 35.7]
      [Termination (ms): Min: 0.0, Avg: 0.0, Max: 0.0, Diff: 0.0, Sum: 0.0]
         [Termination Attempts: Min: 1, Avg: 1.0, Max: 1, Diff: 0, Sum: 4]
      [GC Worker Other (ms): Min: 0.0, Avg: 0.0, Max: 0.0, Diff: 0.0, Sum: 0.1]
      [GC Worker Total (ms): Min: 17.8, Avg: 17.8, Max: 17.8, Diff: 0.1, Sum: 71.1]
      [GC Worker End (ms): Min: 37133251.7, Avg: 37133251.7, Max: 37133251.7, Diff: 0.0]
   [Code Root Fixup: 0.0 ms]
   [Code Root Purge: 0.0 ms]
   [Clear CT: 0.1 ms]
   [Other: 0.7 ms]
      [Choose CSet: 0.0 ms]
      [Ref Proc: 0.2 ms]
      [Ref Enq: 0.0 ms]
      [Redirty Cards: 0.1 ms]
      [Humongous Register: 0.0 ms]
      [Humongous Reclaim: 0.0 ms]
      [Free CSet: 0.1 ms]
   [Eden: 46.0M(46.0M)->0.0B(66.0M) Survivors: 5120.0K->5120.0K Heap: 248.3M(1024.0M)->202.3M(1024.0M)]
 [Times: user=0.06 sys=0.01, real=0.02 secs] 
2019-11-03T19:45:07.729+0800: 37143.195: [GC pause (G1 Evacuation Pause) (young), 0.0200746 secs]
   [Parallel Time: 19.2 ms, GC Workers: 4]
      [GC Worker Start (ms): Min: 37143195.2, Avg: 37143195.2, Max: 37143195.3, Diff: 0.1]
      [Ext Root Scanning (ms): Min: 0.7, Avg: 0.8, Max: 0.9, Diff: 0.1, Sum: 3.2]
      [Update RS (ms): Min: 2.2, Avg: 2.2, Max: 2.3, Diff: 0.1, Sum: 9.0]
         [Processed Buffers: Min: 5, Avg: 8.2, Max: 14, Diff: 9, Sum: 33]
      [Scan RS (ms): Min: 5.5, Avg: 5.7, Max: 5.8, Diff: 0.3, Sum: 22.8]
      [Code Root Scanning (ms): Min: 0.0, Avg: 0.0, Max: 0.0, Diff: 0.0, Sum: 0.0]
      [Object Copy (ms): Min: 10.3, Avg: 10.3, Max: 10.4, Diff: 0.1, Sum: 41.2]
      [Termination (ms): Min: 0.0, Avg: 0.0, Max: 0.0, Diff: 0.0, Sum: 0.0]
         [Termination Attempts: Min: 1, Avg: 1.2, Max: 2, Diff: 1, Sum: 5]
      [GC Worker Other (ms): Min: 0.0, Avg: 0.1, Max: 0.1, Diff: 0.0, Sum: 0.2]
      [GC Worker Total (ms): Min: 19.1, Avg: 19.1, Max: 19.2, Diff: 0.1, Sum: 76.5]
      [GC Worker End (ms): Min: 37143214.4, Avg: 37143214.4, Max: 37143214.4, Diff: 0.0]
   [Code Root Fixup: 0.0 ms]
   [Code Root Purge: 0.0 ms]
   [Clear CT: 0.1 ms]
   [Other: 0.7 ms]
      [Choose CSet: 0.0 ms]
      [Ref Proc: 0.2 ms]
      [Ref Enq: 0.0 ms]
      [Redirty Cards: 0.1 ms]
      [Humongous Register: 0.0 ms]
      [Humongous Reclaim: 0.0 ms]
      [Free CSet: 0.1 ms]
   [Eden: 46.0M(46.0M)->0.0B(56.0M) Survivors: 5120.0K->6144.0K Heap: 248.3M(1024.0M)->203.8M(1024.0M)]
 [Times: user=0.07 sys=0.00, real=0.02 secs] 
2019-11-03T19:45:17.372+0800: 37152.837: [GC pause (G1 Evacuation Pause) (young), 0.0191621 secs]
   [Parallel Time: 18.4 ms, GC Workers: 4]
      [GC Worker Start (ms): Min: 37152837.5, Avg: 37152837.6, Max: 37152837.6, Diff: 0.0]
      [Ext Root Scanning (ms): Min: 0.6, Avg: 0.7, Max: 0.7, Diff: 0.1, Sum: 2.7]
      [Update RS (ms): Min: 1.3, Avg: 1.6, Max: 1.8, Diff: 0.5, Sum: 6.2]
         [Processed Buffers: Min: 6, Avg: 8.2, Max: 10, Diff: 4, Sum: 33]
      [Scan RS (ms): Min: 4.7, Avg: 4.9, Max: 5.2, Diff: 0.5, Sum: 19.8]
      [Code Root Scanning (ms): Min: 0.0, Avg: 0.0, Max: 0.0, Diff: 0.0, Sum: 0.0]
      [Object Copy (ms): Min: 11.1, Avg: 11.1, Max: 11.2, Diff: 0.1, Sum: 44.4]
      [Termination (ms): Min: 0.0, Avg: 0.0, Max: 0.0, Diff: 0.0, Sum: 0.0]
         [Termination Attempts: Min: 1, Avg: 1.0, Max: 1, Diff: 0, Sum: 4]
      [GC Worker Other (ms): Min: 0.0, Avg: 0.0, Max: 0.1, Diff: 0.0, Sum: 0.1]
      [GC Worker Total (ms): Min: 18.3, Avg: 18.3, Max: 18.4, Diff: 0.1, Sum: 73.3]
      [GC Worker End (ms): Min: 37152855.9, Avg: 37152855.9, Max: 37152855.9, Diff: 0.0]
   [Code Root Fixup: 0.0 ms]
   [Code Root Purge: 0.0 ms]
   [Clear CT: 0.1 ms]
   [Other: 0.6 ms]
      [Choose CSet: 0.0 ms]
      [Ref Proc: 0.1 ms]
      [Ref Enq: 0.0 ms]
      [Redirty Cards: 0.1 ms]
      [Humongous Register: 0.0 ms]
      [Humongous Reclaim: 0.0 ms]
      [Free CSet: 0.1 ms]
   [Eden: 45.0M(45.0M)->0.0B(93.0M) Survivors: 6144.0K->5120.0K Heap: 248.8M(1024.0M)->203.5M(1024.0M)]
 [Times: user=0.06 sys=0.00, real=0.02 secs] 
2019-11-03T19:45:28.107+0800: 37163.572: [GC pause (G1 Evacuation Pause) (young), 0.0198529 secs]
   [Parallel Time: 19.3 ms, GC Workers: 4]
      [GC Worker Start (ms): Min: 37163572.6, Avg: 37163572.7, Max: 37163572.7, Diff: 0.1]
      [Ext Root Scanning (ms): Min: 0.8, Avg: 0.8, Max: 0.8, Diff: 0.1, Sum: 3.2]
      [Update RS (ms): Min: 2.8, Avg: 3.0, Max: 3.4, Diff: 0.6, Sum: 12.0]
         [Processed Buffers: Min: 3, Avg: 8.2, Max: 14, Diff: 11, Sum: 33]
      [Scan RS (ms): Min: 6.5, Avg: 7.1, Max: 7.7, Diff: 1.2, Sum: 28.3]
      [Code Root Scanning (ms): Min: 0.0, Avg: 0.0, Max: 0.0, Diff: 0.0, Sum: 0.0]
      [Object Copy (ms): Min: 7.7, Avg: 8.2, Max: 8.4, Diff: 0.6, Sum: 32.6]
      [Termination (ms): Min: 0.0, Avg: 0.1, Max: 0.1, Diff: 0.1, Sum: 0.4]
         [Termination Attempts: Min: 1, Avg: 1.2, Max: 2, Diff: 1, Sum: 5]
      [GC Worker Other (ms): Min: 0.0, Avg: 0.0, Max: 0.0, Diff: 0.0, Sum: 0.1]
      [GC Worker Total (ms): Min: 19.1, Avg: 19.2, Max: 19.2, Diff: 0.0, Sum: 76.6]
      [GC Worker End (ms): Min: 37163591.8, Avg: 37163591.8, Max: 37163591.9, Diff: 0.0]
   [Code Root Fixup: 0.0 ms]
   [Code Root Purge: 0.0 ms]
   [Clear CT: 0.0 ms]
   [Other: 0.5 ms]
      [Choose CSet: 0.0 ms]
      [Ref Proc: 0.1 ms]
      [Ref Enq: 0.0 ms]
      [Redirty Cards: 0.0 ms]
      [Humongous Register: 0.0 ms]
      [Humongous Reclaim: 0.0 ms]
      [Free CSet: 0.1 ms]
   [Eden: 50.0M(46.0M)->0.0B(73.0M) Survivors: 5120.0K->5120.0K Heap: 253.5M(1024.0M)->203.5M(1024.0M)]
 [Times: user=0.07 sys=0.00, real=0.02 secs] 
2019-11-03T19:45:40.957+0800: 37176.422: [GC pause (G1 Evacuation Pause) (young), 0.0227613 secs]
   [Parallel Time: 21.6 ms, GC Workers: 4]
      [GC Worker Start (ms): Min: 37176422.7, Avg: 37176423.2, Max: 37176424.2, Diff: 1.5]
      [Ext Root Scanning (ms): Min: 0.0, Avg: 0.9, Max: 1.4, Diff: 1.4, Sum: 3.4]
      [Update RS (ms): Min: 2.3, Avg: 2.6, Max: 2.9, Diff: 0.6, Sum: 10.4]
         [Processed Buffers: Min: 3, Avg: 8.5, Max: 17, Diff: 14, Sum: 34]
      [Scan RS (ms): Min: 6.8, Avg: 7.0, Max: 7.3, Diff: 0.6, Sum: 28.2]
      [Code Root Scanning (ms): Min: 0.0, Avg: 0.0, Max: 0.0, Diff: 0.0, Sum: 0.0]
      [Object Copy (ms): Min: 10.3, Avg: 10.4, Max: 10.6, Diff: 0.3, Sum: 41.6]
      [Termination (ms): Min: 0.0, Avg: 0.0, Max: 0.0, Diff: 0.0, Sum: 0.0]
         [Termination Attempts: Min: 1, Avg: 1.0, Max: 1, Diff: 0, Sum: 4]
      [GC Worker Other (ms): Min: 0.0, Avg: 0.1, Max: 0.4, Diff: 0.4, Sum: 0.5]
      [GC Worker Total (ms): Min: 20.0, Avg: 21.0, Max: 21.5, Diff: 1.5, Sum: 84.1]
      [GC Worker End (ms): Min: 37176444.2, Avg: 37176444.2, Max: 37176444.2, Diff: 0.0]
   [Code Root Fixup: 0.0 ms]
   [Code Root Purge: 0.0 ms]
   [Clear CT: 0.1 ms]
   [Other: 1.1 ms]
      [Choose CSet: 0.0 ms]
      [Ref Proc: 0.2 ms]
      [Ref Enq: 0.0 ms]
      [Redirty Cards: 0.1 ms]
      [Humongous Register: 0.1 ms]
      [Humongous Reclaim: 0.0 ms]
      [Free CSet: 0.2 ms]
   [Eden: 60.0M(46.0M)->0.0B(46.0M) Survivors: 5120.0K->5120.0K Heap: 263.5M(1024.0M)->203.9M(1024.0M)]
 [Times: user=0.07 sys=0.00, real=0.03 secs] 
2019-11-03T19:45:50.956+0800: 37186.420: [GC pause (G1 Evacuation Pause) (young), 0.0201876 secs]
   [Parallel Time: 19.4 ms, GC Workers: 4]
      [GC Worker Start (ms): Min: 37186420.3, Avg: 37186420.8, Max: 37186422.5, Diff: 2.2]
      [Ext Root Scanning (ms): Min: 0.0, Avg: 0.5, Max: 0.7, Diff: 0.7, Sum: 2.1]
      [Update RS (ms): Min: 0.9, Avg: 1.9, Max: 2.7, Diff: 1.8, Sum: 7.6]
         [Processed Buffers: Min: 5, Avg: 8.8, Max: 16, Diff: 11, Sum: 35]
      [Scan RS (ms): Min: 3.4, Avg: 3.6, Max: 3.7, Diff: 0.4, Sum: 14.3]
      [Code Root Scanning (ms): Min: 0.0, Avg: 0.0, Max: 0.0, Diff: 0.0, Sum: 0.0]
      [Object Copy (ms): Min: 12.6, Avg: 12.8, Max: 13.1, Diff: 0.5, Sum: 51.3]
      [Termination (ms): Min: 0.0, Avg: 0.0, Max: 0.0, Diff: 0.0, Sum: 0.0]
         [Termination Attempts: Min: 1, Avg: 2.2, Max: 3, Diff: 2, Sum: 9]
      [GC Worker Other (ms): Min: 0.0, Avg: 0.0, Max: 0.0, Diff: 0.0, Sum: 0.1]
      [GC Worker Total (ms): Min: 17.2, Avg: 18.8, Max: 19.4, Diff: 2.2, Sum: 75.4]
      [GC Worker End (ms): Min: 37186439.7, Avg: 37186439.7, Max: 37186439.7, Diff: 0.0]
   [Code Root Fixup: 0.0 ms]
   [Code Root Purge: 0.0 ms]
   [Clear CT: 0.1 ms]
   [Other: 0.6 ms]
      [Choose CSet: 0.0 ms]
      [Ref Proc: 0.2 ms]
      [Ref Enq: 0.0 ms]
      [Redirty Cards: 0.1 ms]
      [Humongous Register: 0.0 ms]
      [Humongous Reclaim: 0.0 ms]
      [Free CSet: 0.1 ms]
   [Eden: 46.0M(46.0M)->0.0B(46.0M) Survivors: 5120.0K->5120.0K Heap: 249.9M(1024.0M)->203.9M(1024.0M)]
 [Times: user=0.05 sys=0.00, real=0.02 secs] 
2019-11-03T19:46:01.051+0800: 37196.515: [GC pause (G1 Evacuation Pause) (young), 0.0167826 secs]
   [Parallel Time: 16.0 ms, GC Workers: 4]
      [GC Worker Start (ms): Min: 37196515.7, Avg: 37196515.7, Max: 37196515.8, Diff: 0.1]
      [Ext Root Scanning (ms): Min: 0.7, Avg: 0.8, Max: 0.8, Diff: 0.1, Sum: 3.1]
      [Update RS (ms): Min: 2.1, Avg: 2.3, Max: 2.4, Diff: 0.4, Sum: 9.0]
         [Processed Buffers: Min: 1, Avg: 7.8, Max: 12, Diff: 11, Sum: 31]
      [Scan RS (ms): Min: 4.9, Avg: 5.1, Max: 5.3, Diff: 0.4, Sum: 20.2]
      [Code Root Scanning (ms): Min: 0.0, Avg: 0.0, Max: 0.0, Diff: 0.0, Sum: 0.0]
      [Object Copy (ms): Min: 7.7, Avg: 7.8, Max: 7.8, Diff: 0.1, Sum: 31.0]
      [Termination (ms): Min: 0.0, Avg: 0.0, Max: 0.0, Diff: 0.0, Sum: 0.0]
         [Termination Attempts: Min: 1, Avg: 2.2, Max: 4, Diff: 3, Sum: 9]
      [GC Worker Other (ms): Min: 0.0, Avg: 0.0, Max: 0.0, Diff: 0.0, Sum: 0.1]
      [GC Worker Total (ms): Min: 15.8, Avg: 15.9, Max: 15.9, Diff: 0.1, Sum: 63.6]
      [GC Worker End (ms): Min: 37196531.6, Avg: 37196531.6, Max: 37196531.6, Diff: 0.0]
   [Code Root Fixup: 0.0 ms]
   [Code Root Purge: 0.0 ms]
   [Clear CT: 0.1 ms]
   [Other: 0.7 ms]
      [Choose CSet: 0.0 ms]
      [Ref Proc: 0.1 ms]
      [Ref Enq: 0.0 ms]
      [Redirty Cards: 0.1 ms]
      [Humongous Register: 0.1 ms]
      [Humongous Reclaim: 0.0 ms]
      [Free CSet: 0.1 ms]
   [Eden: 46.0M(46.0M)->0.0B(74.0M) Survivors: 5120.0K->5120.0K Heap: 249.9M(1024.0M)->203.9M(1024.0M)]
 [Times: user=0.07 sys=0.00, real=0.01 secs] 
2019-11-03T19:46:10.964+0800: 37206.427: [GC pause (G1 Evacuation Pause) (young), 0.0182399 secs]
   [Parallel Time: 17.5 ms, GC Workers: 4]
      [GC Worker Start (ms): Min: 37206427.7, Avg: 37206427.8, Max: 37206427.9, Diff: 0.2]
      [Ext Root Scanning (ms): Min: 0.8, Avg: 0.9, Max: 1.0, Diff: 0.2, Sum: 3.8]
      [Update RS (ms): Min: 1.4, Avg: 1.7, Max: 2.1, Diff: 0.7, Sum: 6.8]
         [Processed Buffers: Min: 4, Avg: 8.2, Max: 13, Diff: 9, Sum: 33]
      [Scan RS (ms): Min: 4.8, Avg: 5.1, Max: 5.2, Diff: 0.5, Sum: 20.4]
      [Code Root Scanning (ms): Min: 0.0, Avg: 0.0, Max: 0.0, Diff: 0.0, Sum: 0.0]
      [Object Copy (ms): Min: 9.5, Avg: 9.6, Max: 9.8, Diff: 0.3, Sum: 38.5]
      [Termination (ms): Min: 0.0, Avg: 0.0, Max: 0.0, Diff: 0.0, Sum: 0.0]
         [Termination Attempts: Min: 1, Avg: 1.0, Max: 1, Diff: 0, Sum: 4]
      [GC Worker Other (ms): Min: 0.0, Avg: 0.0, Max: 0.1, Diff: 0.0, Sum: 0.2]
      [GC Worker Total (ms): Min: 17.3, Avg: 17.4, Max: 17.5, Diff: 0.2, Sum: 69.6]
      [GC Worker End (ms): Min: 37206445.2, Avg: 37206445.2, Max: 37206445.2, Diff: 0.0]
   [Code Root Fixup: 0.0 ms]
   [Code Root Purge: 0.0 ms]
   [Clear CT: 0.1 ms]
   [Other: 0.6 ms]
      [Choose CSet: 0.0 ms]
      [Ref Proc: 0.1 ms]
      [Ref Enq: 0.0 ms]
      [Redirty Cards: 0.0 ms]
      [Humongous Register: 0.0 ms]
      [Humongous Reclaim: 0.0 ms]
      [Free CSet: 0.1 ms]
   [Eden: 46.0M(46.0M)->0.0B(72.0M) Survivors: 5120.0K->7168.0K Heap: 249.9M(1024.0M)->205.9M(1024.0M)]
 [Times: user=0.07 sys=0.00, real=0.02 secs] 
2019-11-03T19:46:29.028+0800: 37224.491: [GC pause (G1 Evacuation Pause) (young), 0.0293379 secs]
   [Parallel Time: 28.5 ms, GC Workers: 4]
      [GC Worker Start (ms): Min: 37224491.3, Avg: 37224494.6, Max: 37224503.2, Diff: 12.0]
      [Ext Root Scanning (ms): Min: 0.0, Avg: 0.5, Max: 1.1, Diff: 1.1, Sum: 2.2]
      [Update RS (ms): Min: 0.0, Avg: 1.8, Max: 3.6, Diff: 3.6, Sum: 7.2]
         [Processed Buffers: Min: 0, Avg: 8.5, Max: 25, Diff: 25, Sum: 34]
      [Scan RS (ms): Min: 1.0, Avg: 5.4, Max: 8.6, Diff: 7.5, Sum: 21.8]
      [Code Root Scanning (ms): Min: 0.0, Avg: 0.0, Max: 0.0, Diff: 0.0, Sum: 0.0]
      [Object Copy (ms): Min: 14.8, Avg: 17.2, Max: 22.1, Diff: 7.3, Sum: 68.6]
      [Termination (ms): Min: 0.0, Avg: 0.2, Max: 0.2, Diff: 0.2, Sum: 0.6]
         [Termination Attempts: Min: 1, Avg: 1.0, Max: 1, Diff: 0, Sum: 4]
      [GC Worker Other (ms): Min: 0.0, Avg: 0.0, Max: 0.0, Diff: 0.0, Sum: 0.1]
      [GC Worker Total (ms): Min: 16.4, Avg: 25.1, Max: 28.5, Diff: 12.1, Sum: 100.5]
      [GC Worker End (ms): Min: 37224519.6, Avg: 37224519.7, Max: 37224519.7, Diff: 0.1]
   [Code Root Fixup: 0.0 ms]
   [Code Root Purge: 0.0 ms]
   [Clear CT: 0.1 ms]
   [Other: 0.7 ms]
      [Choose CSet: 0.0 ms]
      [Ref Proc: 0.2 ms]
      [Ref Enq: 0.0 ms]
      [Redirty Cards: 0.1 ms]
      [Humongous Register: 0.0 ms]
      [Humongous Reclaim: 0.0 ms]
      [Free CSet: 0.1 ms]
   [Eden: 72.0M(72.0M)->0.0B(44.0M) Survivors: 7168.0K->7168.0K Heap: 277.9M(1024.0M)->205.9M(1024.0M)]
 [Times: user=0.07 sys=0.00, real=0.03 secs] 
2019-11-03T19:46:38.569+0800: 37234.031: [GC pause (G1 Evacuation Pause) (young), 0.0234774 secs]
   [Parallel Time: 22.4 ms, GC Workers: 4]
      [GC Worker Start (ms): Min: 37234031.3, Avg: 37234031.3, Max: 37234031.4, Diff: 0.1]
      [Ext Root Scanning (ms): Min: 0.7, Avg: 0.8, Max: 0.8, Diff: 0.1, Sum: 3.1]
      [Update RS (ms): Min: 0.7, Avg: 1.9, Max: 2.3, Diff: 1.6, Sum: 7.6]
         [Processed Buffers: Min: 3, Avg: 9.8, Max: 19, Diff: 16, Sum: 39]
      [Scan RS (ms): Min: 3.1, Avg: 3.2, Max: 3.2, Diff: 0.2, Sum: 12.7]
      [Code Root Scanning (ms): Min: 0.0, Avg: 0.0, Max: 0.0, Diff: 0.0, Sum: 0.0]
      [Object Copy (ms): Min: 15.1, Avg: 15.6, Max: 16.8, Diff: 1.8, Sum: 62.2]
      [Termination (ms): Min: 0.0, Avg: 0.7, Max: 1.0, Diff: 1.0, Sum: 2.9]
         [Termination Attempts: Min: 1, Avg: 1.0, Max: 1, Diff: 0, Sum: 4]
      [GC Worker Other (ms): Min: 0.0, Avg: 0.0, Max: 0.0, Diff: 0.0, Sum: 0.1]
      [GC Worker Total (ms): Min: 21.5, Avg: 22.1, Max: 22.4, Diff: 0.9, Sum: 88.5]
      [GC Worker End (ms): Min: 37234052.8, Avg: 37234053.4, Max: 37234053.7, Diff: 0.9]
   [Code Root Fixup: 0.0 ms]
   [Code Root Purge: 0.0 ms]
   [Clear CT: 0.1 ms]
   [Other: 0.9 ms]
      [Choose CSet: 0.0 ms]
      [Ref Proc: 0.5 ms]
      [Ref Enq: 0.0 ms]
      [Redirty Cards: 0.1 ms]
      [Humongous Register: 0.0 ms]
      [Humongous Reclaim: 0.0 ms]
      [Free CSet: 0.1 ms]
   [Eden: 44.0M(44.0M)->0.0B(45.0M) Survivors: 7168.0K->6144.0K Heap: 249.9M(1024.0M)->206.9M(1024.0M)]
 [Times: user=0.07 sys=0.00, real=0.03 secs] 
2019-11-03T19:46:48.447+0800: 37243.910: [GC pause (G1 Evacuation Pause) (young), 0.0209634 secs]
   [Parallel Time: 20.0 ms, GC Workers: 4]
      [GC Worker Start (ms): Min: 37243909.7, Avg: 37243909.8, Max: 37243909.8, Diff: 0.1]
      [Ext Root Scanning (ms): Min: 0.8, Avg: 0.9, Max: 0.9, Diff: 0.1, Sum: 3.4]
      [Update RS (ms): Min: 3.3, Avg: 3.5, Max: 3.7, Diff: 0.5, Sum: 14.2]
         [Processed Buffers: Min: 1, Avg: 9.2, Max: 23, Diff: 22, Sum: 37]
      [Scan RS (ms): Min: 5.3, Avg: 5.7, Max: 6.7, Diff: 1.4, Sum: 23.0]
      [Code Root Scanning (ms): Min: 0.0, Avg: 0.0, Max: 0.0, Diff: 0.0, Sum: 0.0]
      [Object Copy (ms): Min: 9.0, Avg: 9.7, Max: 10.0, Diff: 1.0, Sum: 38.9]
      [Termination (ms): Min: 0.0, Avg: 0.0, Max: 0.0, Diff: 0.0, Sum: 0.0]
         [Termination Attempts: Min: 1, Avg: 1.0, Max: 1, Diff: 0, Sum: 4]
      [GC Worker Other (ms): Min: 0.0, Avg: 0.0, Max: 0.0, Diff: 0.0, Sum: 0.1]
      [GC Worker Total (ms): Min: 19.9, Avg: 19.9, Max: 19.9, Diff: 0.0, Sum: 79.6]
      [GC Worker End (ms): Min: 37243929.7, Avg: 37243929.7, Max: 37243929.7, Diff: 0.0]
   [Code Root Fixup: 0.0 ms]
   [Code Root Purge: 0.0 ms]
   [Clear CT: 0.1 ms]
   [Other: 0.8 ms]
      [Choose CSet: 0.0 ms]
      [Ref Proc: 0.3 ms]
      [Ref Enq: 0.0 ms]
      [Redirty Cards: 0.1 ms]
      [Humongous Register: 0.0 ms]
      [Humongous Reclaim: 0.0 ms]
      [Free CSet: 0.1 ms]
   [Eden: 45.0M(45.0M)->0.0B(46.0M) Survivors: 6144.0K->5120.0K Heap: 251.9M(1024.0M)->206.8M(1024.0M)]
 [Times: user=0.08 sys=0.00, real=0.02 secs] 
2019-11-03T19:46:58.321+0800: 37253.783: [GC pause (G1 Evacuation Pause) (young), 0.0184524 secs]
   [Parallel Time: 17.6 ms, GC Workers: 4]
      [GC Worker Start (ms): Min: 37253783.2, Avg: 37253783.2, Max: 37253783.2, Diff: 0.1]
      [Ext Root Scanning (ms): Min: 0.8, Avg: 0.8, Max: 0.9, Diff: 0.1, Sum: 3.2]
      [Update RS (ms): Min: 3.5, Avg: 3.7, Max: 4.0, Diff: 0.5, Sum: 14.9]
         [Processed Buffers: Min: 3, Avg: 8.0, Max: 13, Diff: 10, Sum: 32]
      [Scan RS (ms): Min: 5.2, Avg: 5.5, Max: 5.7, Diff: 0.5, Sum: 21.9]
      [Code Root Scanning (ms): Min: 0.0, Avg: 0.0, Max: 0.0, Diff: 0.0, Sum: 0.0]
      [Object Copy (ms): Min: 7.3, Avg: 7.3, Max: 7.4, Diff: 0.1, Sum: 29.3]
      [Termination (ms): Min: 0.0, Avg: 0.1, Max: 0.1, Diff: 0.1, Sum: 0.4]
         [Termination Attempts: Min: 1, Avg: 1.0, Max: 1, Diff: 0, Sum: 4]
      [GC Worker Other (ms): Min: 0.0, Avg: 0.0, Max: 0.0, Diff: 0.0, Sum: 0.1]
      [GC Worker Total (ms): Min: 17.4, Avg: 17.5, Max: 17.5, Diff: 0.1, Sum: 69.8]
      [GC Worker End (ms): Min: 37253800.6, Avg: 37253800.6, Max: 37253800.7, Diff: 0.0]
   [Code Root Fixup: 0.0 ms]
   [Code Root Purge: 0.0 ms]
   [Clear CT: 0.1 ms]
   [Other: 0.8 ms]
      [Choose CSet: 0.0 ms]
      [Ref Proc: 0.3 ms]
      [Ref Enq: 0.0 ms]
      [Redirty Cards: 0.1 ms]
      [Humongous Register: 0.0 ms]
      [Humongous Reclaim: 0.0 ms]
      [Free CSet: 0.1 ms]
   [Eden: 46.0M(46.0M)->0.0B(46.0M) Survivors: 5120.0K->5120.0K Heap: 252.8M(1024.0M)->206.8M(1024.0M)]
 [Times: user=0.07 sys=0.00, real=0.02 secs] 
2019-11-03T19:47:08.370+0800: 37263.831: [GC pause (G1 Evacuation Pause) (young), 0.0190968 secs]
   [Parallel Time: 18.4 ms, GC Workers: 4]
      [GC Worker Start (ms): Min: 37263831.2, Avg: 37263831.3, Max: 37263831.3, Diff: 0.1]
      [Ext Root Scanning (ms): Min: 0.7, Avg: 0.8, Max: 0.8, Diff: 0.1, Sum: 3.1]
      [Update RS (ms): Min: 2.6, Avg: 2.8, Max: 3.1, Diff: 0.5, Sum: 11.2]
         [Processed Buffers: Min: 1, Avg: 8.5, Max: 15, Diff: 14, Sum: 34]
      [Scan RS (ms): Min: 6.5, Avg: 6.8, Max: 7.0, Diff: 0.5, Sum: 27.4]
      [Code Root Scanning (ms): Min: 0.0, Avg: 0.0, Max: 0.0, Diff: 0.0, Sum: 0.0]
      [Object Copy (ms): Min: 7.7, Avg: 7.8, Max: 7.9, Diff: 0.1, Sum: 31.3]
      [Termination (ms): Min: 0.0, Avg: 0.0, Max: 0.0, Diff: 0.0, Sum: 0.0]
         [Termination Attempts: Min: 1, Avg: 1.8, Max: 2, Diff: 1, Sum: 7]
      [GC Worker Other (ms): Min: 0.0, Avg: 0.0, Max: 0.1, Diff: 0.0, Sum: 0.2]
      [GC Worker Total (ms): Min: 18.2, Avg: 18.3, Max: 18.3, Diff: 0.1, Sum: 73.1]
      [GC Worker End (ms): Min: 37263849.5, Avg: 37263849.6, Max: 37263849.6, Diff: 0.0]
   [Code Root Fixup: 0.0 ms]
   [Code Root Purge: 0.0 ms]
   [Clear CT: 0.1 ms]
   [Other: 0.6 ms]
      [Choose CSet: 0.0 ms]
      [Ref Proc: 0.1 ms]
      [Ref Enq: 0.0 ms]
      [Redirty Cards: 0.1 ms]
      [Humongous Register: 0.0 ms]
      [Humongous Reclaim: 0.0 ms]
      [Free CSet: 0.1 ms]
   [Eden: 46.0M(46.0M)->0.0B(46.0M) Survivors: 5120.0K->5120.0K Heap: 252.8M(1024.0M)->206.8M(1024.0M)]
 [Times: user=0.07 sys=0.00, real=0.01 secs] 
2019-11-03T19:47:18.327+0800: 37273.788: [GC pause (G1 Evacuation Pause) (young), 0.0197990 secs]
   [Parallel Time: 19.1 ms, GC Workers: 4]
      [GC Worker Start (ms): Min: 37273787.8, Avg: 37273788.0, Max: 37273788.6, Diff: 0.8]
      [Ext Root Scanning (ms): Min: 0.3, Avg: 1.0, Max: 1.6, Diff: 1.3, Sum: 4.0]
      [Update RS (ms): Min: 2.3, Avg: 2.5, Max: 2.8, Diff: 0.5, Sum: 9.9]
         [Processed Buffers: Min: 5, Avg: 8.8, Max: 18, Diff: 13, Sum: 35]
      [Scan RS (ms): Min: 5.8, Avg: 6.2, Max: 6.6, Diff: 0.8, Sum: 24.8]
      [Code Root Scanning (ms): Min: 0.0, Avg: 0.0, Max: 0.0, Diff: 0.0, Sum: 0.0]
      [Object Copy (ms): Min: 9.1, Avg: 9.2, Max: 9.2, Diff: 0.1, Sum: 36.7]
      [Termination (ms): Min: 0.0, Avg: 0.0, Max: 0.0, Diff: 0.0, Sum: 0.0]
         [Termination Attempts: Min: 1, Avg: 1.0, Max: 1, Diff: 0, Sum: 4]
      [GC Worker Other (ms): Min: 0.0, Avg: 0.0, Max: 0.0, Diff: 0.0, Sum: 0.1]
      [GC Worker Total (ms): Min: 18.3, Avg: 18.9, Max: 19.1, Diff: 0.8, Sum: 75.5]
      [GC Worker End (ms): Min: 37273806.8, Avg: 37273806.9, Max: 37273806.9, Diff: 0.0]
   [Code Root Fixup: 0.0 ms]
   [Code Root Purge: 0.0 ms]
   [Clear CT: 0.1 ms]
   [Other: 0.5 ms]
      [Choose CSet: 0.0 ms]
      [Ref Proc: 0.1 ms]
      [Ref Enq: 0.0 ms]
      [Redirty Cards: 0.1 ms]
      [Humongous Register: 0.0 ms]
      [Humongous Reclaim: 0.0 ms]
      [Free CSet: 0.1 ms]
   [Eden: 46.0M(46.0M)->0.0B(44.0M) Survivors: 5120.0K->7168.0K Heap: 252.8M(1024.0M)->208.8M(1024.0M)]
 [Times: user=0.08 sys=0.00, real=0.02 secs] 
2019-11-03T19:47:27.874+0800: 37283.335: [GC pause (G1 Evacuation Pause) (young), 0.0212808 secs]
   [Parallel Time: 20.6 ms, GC Workers: 4]
      [GC Worker Start (ms): Min: 37283334.8, Avg: 37283334.8, Max: 37283334.8, Diff: 0.1]
      [Ext Root Scanning (ms): Min: 0.8, Avg: 0.9, Max: 0.9, Diff: 0.1, Sum: 3.4]
      [Update RS (ms): Min: 1.7, Avg: 1.8, Max: 2.2, Diff: 0.6, Sum: 7.4]
         [Processed Buffers: Min: 5, Avg: 8.2, Max: 10, Diff: 5, Sum: 33]
      [Scan RS (ms): Min: 6.7, Avg: 7.2, Max: 7.5, Diff: 0.8, Sum: 28.8]
      [Code Root Scanning (ms): Min: 0.0, Avg: 0.0, Max: 0.0, Diff: 0.0, Sum: 0.0]
      [Object Copy (ms): Min: 10.2, Avg: 10.5, Max: 10.6, Diff: 0.4, Sum: 41.9]
      [Termination (ms): Min: 0.0, Avg: 0.0, Max: 0.0, Diff: 0.0, Sum: 0.0]
         [Termination Attempts: Min: 1, Avg: 1.0, Max: 1, Diff: 0, Sum: 4]
      [GC Worker Other (ms): Min: 0.0, Avg: 0.0, Max: 0.0, Diff: 0.0, Sum: 0.2]
      [GC Worker Total (ms): Min: 20.4, Avg: 20.4, Max: 20.4, Diff: 0.1, Sum: 81.6]
      [GC Worker End (ms): Min: 37283355.2, Avg: 37283355.2, Max: 37283355.2, Diff: 0.0]
   [Code Root Fixup: 0.0 ms]
   [Code Root Purge: 0.0 ms]
   [Clear CT: 0.1 ms]
   [Other: 0.6 ms]
      [Choose CSet: 0.0 ms]
      [Ref Proc: 0.1 ms]
      [Ref Enq: 0.0 ms]
      [Redirty Cards: 0.1 ms]
      [Humongous Register: 0.0 ms]
      [Humongous Reclaim: 0.0 ms]
      [Free CSet: 0.1 ms]
   [Eden: 44.0M(44.0M)->0.0B(46.0M) Survivors: 7168.0K->5120.0K Heap: 252.8M(1024.0M)->207.7M(1024.0M)]
 [Times: user=0.08 sys=0.01, real=0.02 secs] 
2019-11-03T19:47:37.797+0800: 37293.257: [GC pause (G1 Evacuation Pause) (young), 0.0193333 secs]
   [Parallel Time: 18.6 ms, GC Workers: 4]
      [GC Worker Start (ms): Min: 37293257.2, Avg: 37293257.2, Max: 37293257.2, Diff: 0.1]
      [Ext Root Scanning (ms): Min: 0.8, Avg: 0.8, Max: 0.8, Diff: 0.1, Sum: 3.2]
      [Update RS (ms): Min: 2.8, Avg: 2.9, Max: 3.2, Diff: 0.5, Sum: 11.7]
         [Processed Buffers: Min: 5, Avg: 9.5, Max: 12, Diff: 7, Sum: 38]
      [Scan RS (ms): Min: 7.0, Avg: 7.3, Max: 7.4, Diff: 0.5, Sum: 29.2]
      [Code Root Scanning (ms): Min: 0.0, Avg: 0.0, Max: 0.0, Diff: 0.0, Sum: 0.0]
      [Object Copy (ms): Min: 7.4, Avg: 7.4, Max: 7.5, Diff: 0.1, Sum: 29.7]
      [Termination (ms): Min: 0.0, Avg: 0.0, Max: 0.0, Diff: 0.0, Sum: 0.0]
         [Termination Attempts: Min: 1, Avg: 1.8, Max: 3, Diff: 2, Sum: 7]
      [GC Worker Other (ms): Min: 0.0, Avg: 0.1, Max: 0.1, Diff: 0.0, Sum: 0.2]
      [GC Worker Total (ms): Min: 18.5, Avg: 18.5, Max: 18.5, Diff: 0.1, Sum: 74.0]
      [GC Worker End (ms): Min: 37293275.7, Avg: 37293275.7, Max: 37293275.7, Diff: 0.0]
   [Code Root Fixup: 0.0 ms]
   [Code Root Purge: 0.0 ms]
   [Clear CT: 0.1 ms]
   [Other: 0.6 ms]
      [Choose CSet: 0.0 ms]
      [Ref Proc: 0.1 ms]
      [Ref Enq: 0.0 ms]
      [Redirty Cards: 0.0 ms]
      [Humongous Register: 0.0 ms]
      [Humongous Reclaim: 0.0 ms]
      [Free CSet: 0.1 ms]
   [Eden: 46.0M(46.0M)->0.0B(46.0M) Survivors: 5120.0K->5120.0K Heap: 253.7M(1024.0M)->207.7M(1024.0M)]
 [Times: user=0.08 sys=0.00, real=0.02 secs] 
2019-11-03T19:47:47.879+0800: 37303.339: [GC pause (G1 Evacuation Pause) (young), 0.0198356 secs]
   [Parallel Time: 19.1 ms, GC Workers: 4]
      [GC Worker Start (ms): Min: 37303339.1, Avg: 37303339.5, Max: 37303340.5, Diff: 1.3]
      [Ext Root Scanning (ms): Min: 0.0, Avg: 0.8, Max: 1.1, Diff: 1.1, Sum: 3.2]
      [Update RS (ms): Min: 2.3, Avg: 2.5, Max: 2.8, Diff: 0.5, Sum: 10.1]
         [Processed Buffers: Min: 4, Avg: 7.2, Max: 11, Diff: 7, Sum: 29]
      [Scan RS (ms): Min: 5.6, Avg: 5.9, Max: 6.2, Diff: 0.7, Sum: 23.8]
      [Code Root Scanning (ms): Min: 0.0, Avg: 0.0, Max: 0.0, Diff: 0.0, Sum: 0.0]
      [Object Copy (ms): Min: 9.1, Avg: 9.4, Max: 9.9, Diff: 0.8, Sum: 37.6]
      [Termination (ms): Min: 0.0, Avg: 0.0, Max: 0.0, Diff: 0.0, Sum: 0.0]
         [Termination Attempts: Min: 1, Avg: 1.0, Max: 1, Diff: 0, Sum: 4]
      [GC Worker Other (ms): Min: 0.0, Avg: 0.0, Max: 0.0, Diff: 0.0, Sum: 0.1]
      [GC Worker Total (ms): Min: 17.7, Avg: 18.7, Max: 19.0, Diff: 1.3, Sum: 74.8]
      [GC Worker End (ms): Min: 37303358.2, Avg: 37303358.2, Max: 37303358.2, Diff: 0.0]
   [Code Root Fixup: 0.0 ms]
   [Code Root Purge: 0.0 ms]
   [Clear CT: 0.1 ms]
   [Other: 0.6 ms]
      [Choose CSet: 0.0 ms]
      [Ref Proc: 0.1 ms]
      [Ref Enq: 0.0 ms]
      [Redirty Cards: 0.1 ms]
      [Humongous Register: 0.0 ms]
      [Humongous Reclaim: 0.0 ms]
      [Free CSet: 0.1 ms]
   [Eden: 46.0M(46.0M)->0.0B(50.0M) Survivors: 5120.0K->7168.0K Heap: 253.7M(1024.0M)->209.7M(1024.0M)]
 [Times: user=0.08 sys=0.00, real=0.02 secs] 
2019-11-03T19:47:57.430+0800: 37312.889: [GC pause (G1 Evacuation Pause) (young), 0.0205292 secs]
   [Parallel Time: 19.7 ms, GC Workers: 4]
      [GC Worker Start (ms): Min: 37312889.4, Avg: 37312890.1, Max: 37312892.0, Diff: 2.5]
      [Ext Root Scanning (ms): Min: 0.0, Avg: 0.7, Max: 1.0, Diff: 1.0, Sum: 3.0]
      [Update RS (ms): Min: 1.3, Avg: 2.1, Max: 2.4, Diff: 1.1, Sum: 8.3]
         [Processed Buffers: Min: 6, Avg: 9.2, Max: 15, Diff: 9, Sum: 37]
      [Scan RS (ms): Min: 5.7, Avg: 6.0, Max: 6.1, Diff: 0.5, Sum: 23.9]
      [Code Root Scanning (ms): Min: 0.0, Avg: 0.0, Max: 0.0, Diff: 0.0, Sum: 0.0]
      [Object Copy (ms): Min: 10.1, Avg: 10.2, Max: 10.2, Diff: 0.1, Sum: 40.7]
      [Termination (ms): Min: 0.0, Avg: 0.0, Max: 0.0, Diff: 0.0, Sum: 0.0]
         [Termination Attempts: Min: 1, Avg: 1.0, Max: 1, Diff: 0, Sum: 4]
      [GC Worker Other (ms): Min: 0.0, Avg: 0.0, Max: 0.1, Diff: 0.0, Sum: 0.2]
      [GC Worker Total (ms): Min: 17.1, Avg: 19.0, Max: 19.6, Diff: 2.5, Sum: 76.0]
      [GC Worker End (ms): Min: 37312909.1, Avg: 37312909.1, Max: 37312909.1, Diff: 0.0]
   [Code Root Fixup: 0.0 ms]
   [Code Root Purge: 0.0 ms]
   [Clear CT: 0.1 ms]
   [Other: 0.7 ms]
      [Choose CSet: 0.0 ms]
      [Ref Proc: 0.2 ms]
      [Ref Enq: 0.0 ms]
      [Redirty Cards: 0.1 ms]
      [Humongous Register: 0.0 ms]
      [Humongous Reclaim: 0.0 ms]
      [Free CSet: 0.1 ms]
   [Eden: 44.0M(44.0M)->0.0B(48.0M) Survivors: 7168.0K->5120.0K Heap: 253.7M(1024.0M)->208.9M(1024.0M)]
 [Times: user=0.07 sys=0.00, real=0.02 secs] 
2019-11-03T19:48:07.445+0800: 37322.904: [GC pause (G1 Evacuation Pause) (young), 0.0177204 secs]
   [Parallel Time: 16.9 ms, GC Workers: 4]
      [GC Worker Start (ms): Min: 37322904.5, Avg: 37322904.5, Max: 37322904.6, Diff: 0.1]
      [Ext Root Scanning (ms): Min: 0.8, Avg: 0.8, Max: 0.9, Diff: 0.1, Sum: 3.3]
      [Update RS (ms): Min: 1.8, Avg: 2.2, Max: 2.4, Diff: 0.6, Sum: 8.7]
         [Processed Buffers: Min: 4, Avg: 9.0, Max: 12, Diff: 8, Sum: 36]
      [Scan RS (ms): Min: 6.8, Avg: 7.1, Max: 7.6, Diff: 0.8, Sum: 28.6]
      [Code Root Scanning (ms): Min: 0.0, Avg: 0.0, Max: 0.0, Diff: 0.0, Sum: 0.0]
      [Object Copy (ms): Min: 6.6, Avg: 6.6, Max: 6.7, Diff: 0.2, Sum: 26.5]
      [Termination (ms): Min: 0.0, Avg: 0.0, Max: 0.0, Diff: 0.0, Sum: 0.0]
         [Termination Attempts: Min: 1, Avg: 1.2, Max: 2, Diff: 1, Sum: 5]
      [GC Worker Other (ms): Min: 0.0, Avg: 0.0, Max: 0.1, Diff: 0.0, Sum: 0.2]
      [GC Worker Total (ms): Min: 16.8, Avg: 16.8, Max: 16.9, Diff: 0.1, Sum: 67.3]
      [GC Worker End (ms): Min: 37322921.3, Avg: 37322921.3, Max: 37322921.4, Diff: 0.0]
   [Code Root Fixup: 0.0 ms]
   [Code Root Purge: 0.0 ms]
   [Clear CT: 0.1 ms]
   [Other: 0.7 ms]
      [Choose CSet: 0.0 ms]
      [Ref Proc: 0.1 ms]
      [Ref Enq: 0.0 ms]
      [Redirty Cards: 0.0 ms]
      [Humongous Register: 0.1 ms]
      [Humongous Reclaim: 0.0 ms]
      [Free CSet: 0.1 ms]
   [Eden: 46.0M(46.0M)->0.0B(108.0M) Survivors: 5120.0K->5120.0K Heap: 254.9M(1024.0M)->208.9M(1024.0M)]
 [Times: user=0.06 sys=0.00, real=0.02 secs] 
2019-11-03T19:48:19.700+0800: 37335.158: [GC pause (G1 Evacuation Pause) (young), 0.0190572 secs]
   [Parallel Time: 18.3 ms, GC Workers: 4]
      [GC Worker Start (ms): Min: 37335158.3, Avg: 37335158.6, Max: 37335159.1, Diff: 0.8]
      [Ext Root Scanning (ms): Min: 0.4, Avg: 0.8, Max: 1.2, Diff: 0.8, Sum: 3.3]
      [Update RS (ms): Min: 1.7, Avg: 2.3, Max: 2.7, Diff: 1.1, Sum: 9.2]
         [Processed Buffers: Min: 6, Avg: 7.5, Max: 10, Diff: 4, Sum: 30]
      [Scan RS (ms): Min: 5.7, Avg: 6.1, Max: 6.6, Diff: 0.9, Sum: 24.3]
      [Code Root Scanning (ms): Min: 0.0, Avg: 0.0, Max: 0.0, Diff: 0.0, Sum: 0.0]
      [Object Copy (ms): Min: 8.6, Avg: 8.6, Max: 8.7, Diff: 0.1, Sum: 34.4]
      [Termination (ms): Min: 0.0, Avg: 0.0, Max: 0.0, Diff: 0.0, Sum: 0.0]
         [Termination Attempts: Min: 1, Avg: 1.2, Max: 2, Diff: 1, Sum: 5]
      [GC Worker Other (ms): Min: 0.0, Avg: 0.0, Max: 0.0, Diff: 0.0, Sum: 0.2]
      [GC Worker Total (ms): Min: 17.4, Avg: 17.9, Max: 18.2, Diff: 0.8, Sum: 71.5]
      [GC Worker End (ms): Min: 37335176.5, Avg: 37335176.5, Max: 37335176.5, Diff: 0.0]
   [Code Root Fixup: 0.0 ms]
   [Code Root Purge: 0.0 ms]
   [Clear CT: 0.1 ms]
   [Other: 0.7 ms]
      [Choose CSet: 0.0 ms]
      [Ref Proc: 0.2 ms]
      [Ref Enq: 0.0 ms]
      [Redirty Cards: 0.1 ms]
      [Humongous Register: 0.0 ms]
      [Humongous Reclaim: 0.0 ms]
      [Free CSet: 0.1 ms]
   [Eden: 57.0M(46.0M)->0.0B(121.0M) Survivors: 5120.0K->6144.0K Heap: 265.9M(1024.0M)->210.4M(1024.0M)]
 [Times: user=0.07 sys=0.00, real=0.01 secs] 
2019-11-03T19:48:37.088+0800: 37352.546: [GC pause (G1 Evacuation Pause) (young), 0.0225656 secs]
   [Parallel Time: 21.8 ms, GC Workers: 4]
      [GC Worker Start (ms): Min: 37352546.0, Avg: 37352546.5, Max: 37352547.9, Diff: 2.0]
      [Ext Root Scanning (ms): Min: 0.0, Avg: 0.8, Max: 1.1, Diff: 1.0, Sum: 3.0]
      [Update RS (ms): Min: 2.0, Avg: 2.3, Max: 2.8, Diff: 0.8, Sum: 9.4]
         [Processed Buffers: Min: 4, Avg: 8.8, Max: 11, Diff: 7, Sum: 35]
      [Scan RS (ms): Min: 5.6, Avg: 6.0, Max: 6.5, Diff: 0.8, Sum: 23.9]
      [Code Root Scanning (ms): Min: 0.0, Avg: 0.0, Max: 0.0, Diff: 0.0, Sum: 0.0]
      [Object Copy (ms): Min: 11.9, Avg: 12.1, Max: 12.1, Diff: 0.2, Sum: 48.2]
      [Termination (ms): Min: 0.0, Avg: 0.0, Max: 0.0, Diff: 0.0, Sum: 0.0]
         [Termination Attempts: Min: 1, Avg: 1.8, Max: 2, Diff: 1, Sum: 7]
      [GC Worker Other (ms): Min: 0.0, Avg: 0.0, Max: 0.1, Diff: 0.0, Sum: 0.2]
      [GC Worker Total (ms): Min: 19.8, Avg: 21.2, Max: 21.7, Diff: 1.9, Sum: 84.8]
      [GC Worker End (ms): Min: 37352567.6, Avg: 37352567.7, Max: 37352567.7, Diff: 0.0]
   [Code Root Fixup: 0.0 ms]
   [Code Root Purge: 0.0 ms]
   [Clear CT: 0.1 ms]
   [Other: 0.6 ms]
      [Choose CSet: 0.0 ms]
      [Ref Proc: 0.2 ms]
      [Ref Enq: 0.0 ms]
      [Redirty Cards: 0.1 ms]
      [Humongous Register: 0.0 ms]
      [Humongous Reclaim: 0.0 ms]
      [Free CSet: 0.1 ms]
   [Eden: 81.0M(45.0M)->0.0B(51.0M) Survivors: 6144.0K->5120.0K Heap: 291.4M(1024.0M)->209.5M(1024.0M)]
 [Times: user=0.07 sys=0.01, real=0.03 secs] 
2019-11-03T19:48:48.202+0800: 37363.660: [GC pause (G1 Evacuation Pause) (young), 0.0194145 secs]
   [Parallel Time: 18.7 ms, GC Workers: 4]
      [GC Worker Start (ms): Min: 37363659.8, Avg: 37363659.8, Max: 37363659.8, Diff: 0.0]
      [Ext Root Scanning (ms): Min: 0.8, Avg: 0.8, Max: 0.9, Diff: 0.1, Sum: 3.3]
      [Update RS (ms): Min: 2.3, Avg: 2.5, Max: 2.7, Diff: 0.4, Sum: 9.8]
         [Processed Buffers: Min: 3, Avg: 9.5, Max: 19, Diff: 16, Sum: 38]
      [Scan RS (ms): Min: 6.3, Avg: 6.7, Max: 6.8, Diff: 0.5, Sum: 26.7]
      [Code Root Scanning (ms): Min: 0.0, Avg: 0.0, Max: 0.0, Diff: 0.0, Sum: 0.0]
      [Object Copy (ms): Min: 8.4, Avg: 8.6, Max: 8.7, Diff: 0.3, Sum: 34.3]
      [Termination (ms): Min: 0.0, Avg: 0.0, Max: 0.0, Diff: 0.0, Sum: 0.0]
         [Termination Attempts: Min: 1, Avg: 1.0, Max: 1, Diff: 0, Sum: 4]
      [GC Worker Other (ms): Min: 0.0, Avg: 0.0, Max: 0.1, Diff: 0.0, Sum: 0.1]
      [GC Worker Total (ms): Min: 18.5, Avg: 18.6, Max: 18.6, Diff: 0.1, Sum: 74.3]
      [GC Worker End (ms): Min: 37363678.4, Avg: 37363678.4, Max: 37363678.4, Diff: 0.0]
   [Code Root Fixup: 0.0 ms]
   [Code Root Purge: 0.0 ms]
   [Clear CT: 0.1 ms]
   [Other: 0.6 ms]
      [Choose CSet: 0.0 ms]
      [Ref Proc: 0.1 ms]
      [Ref Enq: 0.0 ms]
      [Redirty Cards: 0.1 ms]
      [Humongous Register: 0.1 ms]
      [Humongous Reclaim: 0.0 ms]
      [Free CSet: 0.1 ms]
   [Eden: 51.0M(51.0M)->0.0B(81.0M) Survivors: 5120.0K->6144.0K Heap: 260.5M(1024.0M)->210.5M(1024.0M)]
 [Times: user=0.07 sys=0.00, real=0.02 secs] 
2019-11-03T19:49:05.794+0800: 37381.250: [GC pause (G1 Evacuation Pause) (young), 0.0207260 secs]
   [Parallel Time: 20.1 ms, GC Workers: 4]
      [GC Worker Start (ms): Min: 37381250.5, Avg: 37381250.6, Max: 37381250.6, Diff: 0.1]
      [Ext Root Scanning (ms): Min: 0.8, Avg: 0.8, Max: 0.9, Diff: 0.1, Sum: 3.2]
      [Update RS (ms): Min: 1.6, Avg: 2.3, Max: 2.9, Diff: 1.2, Sum: 9.4]
         [Processed Buffers: Min: 5, Avg: 8.2, Max: 11, Diff: 6, Sum: 33]
      [Scan RS (ms): Min: 6.6, Avg: 7.2, Max: 7.9, Diff: 1.3, Sum: 28.8]
      [Code Root Scanning (ms): Min: 0.0, Avg: 0.0, Max: 0.0, Diff: 0.0, Sum: 0.0]
      [Object Copy (ms): Min: 9.5, Avg: 9.6, Max: 9.7, Diff: 0.2, Sum: 38.4]
      [Termination (ms): Min: 0.0, Avg: 0.0, Max: 0.0, Diff: 0.0, Sum: 0.0]
         [Termination Attempts: Min: 1, Avg: 1.0, Max: 1, Diff: 0, Sum: 4]
      [GC Worker Other (ms): Min: 0.0, Avg: 0.0, Max: 0.0, Diff: 0.0, Sum: 0.1]
      [GC Worker Total (ms): Min: 19.9, Avg: 20.0, Max: 20.0, Diff: 0.1, Sum: 79.9]
      [GC Worker End (ms): Min: 37381270.5, Avg: 37381270.5, Max: 37381270.5, Diff: 0.0]
   [Code Root Fixup: 0.0 ms]
   [Code Root Purge: 0.0 ms]
   [Clear CT: 0.1 ms]
   [Other: 0.6 ms]
      [Choose CSet: 0.0 ms]
      [Ref Proc: 0.2 ms]
      [Ref Enq: 0.0 ms]
      [Redirty Cards: 0.1 ms]
      [Humongous Register: 0.0 ms]
      [Humongous Reclaim: 0.0 ms]
      [Free CSet: 0.1 ms]
   [Eden: 81.0M(81.0M)->0.0B(75.0M) Survivors: 6144.0K->5120.0K Heap: 291.5M(1024.0M)->210.0M(1024.0M)]
 [Times: user=0.07 sys=0.00, real=0.02 secs] 
2019-11-03T19:49:22.041+0800: 37397.497: [GC pause (G1 Evacuation Pause) (young), 0.0211892 secs]
   [Parallel Time: 20.5 ms, GC Workers: 4]
      [GC Worker Start (ms): Min: 37397496.9, Avg: 37397497.2, Max: 37397498.1, Diff: 1.2]
      [Ext Root Scanning (ms): Min: 0.0, Avg: 0.8, Max: 1.1, Diff: 1.1, Sum: 3.2]
      [Update RS (ms): Min: 0.0, Avg: 2.1, Max: 3.2, Diff: 3.2, Sum: 8.4]
         [Processed Buffers: Min: 0, Avg: 9.2, Max: 15, Diff: 15, Sum: 37]
      [Scan RS (ms): Min: 1.9, Avg: 5.4, Max: 6.8, Diff: 4.9, Sum: 21.7]
      [Code Root Scanning (ms): Min: 0.0, Avg: 0.0, Max: 0.0, Diff: 0.0, Sum: 0.0]
      [Object Copy (ms): Min: 9.8, Avg: 11.8, Max: 17.4, Diff: 7.5, Sum: 47.0]
      [Termination (ms): Min: 0.0, Avg: 0.0, Max: 0.0, Diff: 0.0, Sum: 0.0]
         [Termination Attempts: Min: 1, Avg: 1.0, Max: 1, Diff: 0, Sum: 4]
      [GC Worker Other (ms): Min: 0.0, Avg: 0.0, Max: 0.0, Diff: 0.0, Sum: 0.2]
      [GC Worker Total (ms): Min: 19.3, Avg: 20.2, Max: 20.5, Diff: 1.2, Sum: 80.6]
      [GC Worker End (ms): Min: 37397517.4, Avg: 37397517.4, Max: 37397517.4, Diff: 0.0]
   [Code Root Fixup: 0.0 ms]
   [Code Root Purge: 0.0 ms]
   [Clear CT: 0.1 ms]
   [Other: 0.6 ms]
      [Choose CSet: 0.0 ms]
      [Ref Proc: 0.1 ms]
      [Ref Enq: 0.0 ms]
      [Redirty Cards: 0.1 ms]
      [Humongous Register: 0.0 ms]
      [Humongous Reclaim: 0.0 ms]
      [Free CSet: 0.1 ms]
   [Eden: 75.0M(75.0M)->0.0B(81.0M) Survivors: 5120.0K->7168.0K Heap: 285.0M(1024.0M)->211.5M(1024.0M)]
 [Times: user=0.07 sys=0.00, real=0.02 secs] 
2019-11-03T19:49:39.435+0800: 37414.891: [GC pause (G1 Evacuation Pause) (young), 0.0247264 secs]
   [Parallel Time: 24.0 ms, GC Workers: 4]
      [GC Worker Start (ms): Min: 37414890.8, Avg: 37414890.8, Max: 37414890.8, Diff: 0.1]
      [Ext Root Scanning (ms): Min: 0.7, Avg: 0.8, Max: 0.8, Diff: 0.1, Sum: 3.0]
      [Update RS (ms): Min: 1.6, Avg: 1.8, Max: 2.2, Diff: 0.6, Sum: 7.4]
         [Processed Buffers: Min: 5, Avg: 8.8, Max: 16, Diff: 11, Sum: 35]
      [Scan RS (ms): Min: 4.7, Avg: 5.1, Max: 5.5, Diff: 0.7, Sum: 20.4]
      [Code Root Scanning (ms): Min: 0.0, Avg: 0.0, Max: 0.0, Diff: 0.0, Sum: 0.0]
      [Object Copy (ms): Min: 16.1, Avg: 16.1, Max: 16.2, Diff: 0.1, Sum: 64.5]
      [Termination (ms): Min: 0.0, Avg: 0.0, Max: 0.0, Diff: 0.0, Sum: 0.0]
         [Termination Attempts: Min: 1, Avg: 1.0, Max: 1, Diff: 0, Sum: 4]
      [GC Worker Other (ms): Min: 0.0, Avg: 0.0, Max: 0.0, Diff: 0.0, Sum: 0.1]
      [GC Worker Total (ms): Min: 23.9, Avg: 23.9, Max: 23.9, Diff: 0.0, Sum: 95.5]
      [GC Worker End (ms): Min: 37414914.7, Avg: 37414914.7, Max: 37414914.7, Diff: 0.0]
   [Code Root Fixup: 0.0 ms]
   [Code Root Purge: 0.0 ms]
   [Clear CT: 0.1 ms]
   [Other: 0.7 ms]
      [Choose CSet: 0.0 ms]
      [Ref Proc: 0.1 ms]
      [Ref Enq: 0.0 ms]
      [Redirty Cards: 0.2 ms]
      [Humongous Register: 0.0 ms]
      [Humongous Reclaim: 0.0 ms]
      [Free CSet: 0.1 ms]
   [Eden: 81.0M(81.0M)->0.0B(43.0M) Survivors: 7168.0K->8192.0K Heap: 292.5M(1024.0M)->212.5M(1024.0M)]
 [Times: user=0.08 sys=0.01, real=0.03 secs] 
2019-11-03T19:49:49.044+0800: 37424.499: [GC pause (G1 Evacuation Pause) (young), 0.0279242 secs]
   [Parallel Time: 27.3 ms, GC Workers: 4]
      [GC Worker Start (ms): Min: 37424499.2, Avg: 37424499.2, Max: 37424499.3, Diff: 0.1]
      [Ext Root Scanning (ms): Min: 0.8, Avg: 0.8, Max: 0.8, Diff: 0.1, Sum: 3.1]
      [Update RS (ms): Min: 2.3, Avg: 2.6, Max: 3.1, Diff: 0.8, Sum: 10.2]
         [Processed Buffers: Min: 6, Avg: 8.0, Max: 10, Diff: 4, Sum: 32]
      [Scan RS (ms): Min: 5.8, Avg: 6.6, Max: 7.7, Diff: 1.9, Sum: 26.5]
      [Code Root Scanning (ms): Min: 0.0, Avg: 0.0, Max: 0.0, Diff: 0.0, Sum: 0.0]
      [Object Copy (ms): Min: 16.3, Avg: 17.1, Max: 17.4, Diff: 1.1, Sum: 68.4]
      [Termination (ms): Min: 0.0, Avg: 0.0, Max: 0.0, Diff: 0.0, Sum: 0.0]
         [Termination Attempts: Min: 1, Avg: 1.0, Max: 1, Diff: 0, Sum: 4]
      [GC Worker Other (ms): Min: 0.0, Avg: 0.0, Max: 0.1, Diff: 0.0, Sum: 0.1]
      [GC Worker Total (ms): Min: 27.1, Avg: 27.1, Max: 27.1, Diff: 0.1, Sum: 108.5]
      [GC Worker End (ms): Min: 37424526.3, Avg: 37424526.3, Max: 37424526.4, Diff: 0.0]
   [Code Root Fixup: 0.0 ms]
   [Code Root Purge: 0.0 ms]
   [Clear CT: 0.1 ms]
   [Other: 0.6 ms]
      [Choose CSet: 0.0 ms]
      [Ref Proc: 0.1 ms]
      [Ref Enq: 0.0 ms]
      [Redirty Cards: 0.1 ms]
      [Humongous Register: 0.0 ms]
      [Humongous Reclaim: 0.0 ms]
      [Free CSet: 0.1 ms]
   [Eden: 43.0M(43.0M)->0.0B(46.0M) Survivors: 8192.0K->5120.0K Heap: 255.5M(1024.0M)->212.3M(1024.0M)]
 [Times: user=0.09 sys=0.01, real=0.03 secs] 
2019-11-03T19:49:59.304+0800: 37434.759: [GC pause (G1 Evacuation Pause) (young), 0.0178897 secs]
   [Parallel Time: 17.0 ms, GC Workers: 4]
      [GC Worker Start (ms): Min: 37434759.0, Avg: 37434759.3, Max: 37434760.2, Diff: 1.2]
      [Ext Root Scanning (ms): Min: 0.0, Avg: 0.8, Max: 1.1, Diff: 1.1, Sum: 3.2]
      [Update RS (ms): Min: 1.1, Avg: 2.3, Max: 2.9, Diff: 1.8, Sum: 9.4]
         [Processed Buffers: Min: 5, Avg: 8.0, Max: 14, Diff: 9, Sum: 32]
      [Scan RS (ms): Min: 5.8, Avg: 6.1, Max: 6.5, Diff: 0.7, Sum: 24.4]
      [Code Root Scanning (ms): Min: 0.0, Avg: 0.0, Max: 0.0, Diff: 0.0, Sum: 0.0]
      [Object Copy (ms): Min: 7.0, Avg: 7.3, Max: 8.2, Diff: 1.1, Sum: 29.4]
      [Termination (ms): Min: 0.0, Avg: 0.0, Max: 0.0, Diff: 0.0, Sum: 0.0]
         [Termination Attempts: Min: 1, Avg: 1.0, Max: 1, Diff: 0, Sum: 4]
      [GC Worker Other (ms): Min: 0.0, Avg: 0.0, Max: 0.0, Diff: 0.0, Sum: 0.1]
      [GC Worker Total (ms): Min: 15.7, Avg: 16.6, Max: 16.9, Diff: 1.2, Sum: 66.4]
      [GC Worker End (ms): Min: 37434775.9, Avg: 37434775.9, Max: 37434776.0, Diff: 0.0]
   [Code Root Fixup: 0.0 ms]
   [Code Root Purge: 0.0 ms]
   [Clear CT: 0.1 ms]
   [Other: 0.7 ms]
      [Choose CSet: 0.0 ms]
      [Ref Proc: 0.2 ms]
      [Ref Enq: 0.0 ms]
      [Redirty Cards: 0.1 ms]
      [Humongous Register: 0.0 ms]
      [Humongous Reclaim: 0.0 ms]
      [Free CSet: 0.1 ms]
   [Eden: 46.0M(46.0M)->0.0B(46.0M) Survivors: 5120.0K->5120.0K Heap: 258.3M(1024.0M)->211.8M(1024.0M)]
 [Times: user=0.06 sys=0.00, real=0.02 secs] 
2019-11-03T19:50:09.521+0800: 37444.976: [GC pause (G1 Evacuation Pause) (young), 0.0201901 secs]
   [Parallel Time: 19.3 ms, GC Workers: 4]
      [GC Worker Start (ms): Min: 37444975.9, Avg: 37444976.0, Max: 37444976.2, Diff: 0.3]
      [Ext Root Scanning (ms): Min: 0.8, Avg: 1.0, Max: 1.1, Diff: 0.3, Sum: 3.8]
      [Update RS (ms): Min: 2.3, Avg: 2.5, Max: 3.0, Diff: 0.7, Sum: 10.0]
         [Processed Buffers: Min: 6, Avg: 8.2, Max: 10, Diff: 4, Sum: 33]
      [Scan RS (ms): Min: 6.0, Avg: 6.4, Max: 6.7, Diff: 0.7, Sum: 25.6]
      [Code Root Scanning (ms): Min: 0.0, Avg: 0.0, Max: 0.0, Diff: 0.0, Sum: 0.0]
      [Object Copy (ms): Min: 9.2, Avg: 9.2, Max: 9.3, Diff: 0.1, Sum: 36.9]
      [Termination (ms): Min: 0.0, Avg: 0.0, Max: 0.0, Diff: 0.0, Sum: 0.0]
         [Termination Attempts: Min: 1, Avg: 1.0, Max: 1, Diff: 0, Sum: 4]
      [GC Worker Other (ms): Min: 0.0, Avg: 0.0, Max: 0.1, Diff: 0.0, Sum: 0.1]
      [GC Worker Total (ms): Min: 18.9, Avg: 19.1, Max: 19.2, Diff: 0.4, Sum: 76.5]
      [GC Worker End (ms): Min: 37444995.1, Avg: 37444995.1, Max: 37444995.1, Diff: 0.0]
   [Code Root Fixup: 0.0 ms]
   [Code Root Purge: 0.0 ms]
   [Clear CT: 0.1 ms]
   [Other: 0.8 ms]
      [Choose CSet: 0.0 ms]
      [Ref Proc: 0.3 ms]
      [Ref Enq: 0.0 ms]
      [Redirty Cards: 0.1 ms]
      [Humongous Register: 0.1 ms]
      [Humongous Reclaim: 0.0 ms]
      [Free CSet: 0.1 ms]
   [Eden: 46.0M(46.0M)->0.0B(44.0M) Survivors: 5120.0K->7168.0K Heap: 257.8M(1024.0M)->213.8M(1024.0M)]
 [Times: user=0.08 sys=0.00, real=0.02 secs] 
2019-11-03T20:38:08.556+0800: 38323.685: [GC pause (G1 Evacuation Pause) (young), 0.0218963 secs]
   [Parallel Time: 20.9 ms, GC Workers: 4]
      [GC Worker Start (ms): Min: 38323685.7, Avg: 38323685.8, Max: 38323686.1, Diff: 0.4]
      [Ext Root Scanning (ms): Min: 0.7, Avg: 1.4, Max: 2.7, Diff: 2.0, Sum: 5.6]
      [Update RS (ms): Min: 1.4, Avg: 2.4, Max: 2.9, Diff: 1.5, Sum: 9.8]
         [Processed Buffers: Min: 2, Avg: 10.5, Max: 15, Diff: 13, Sum: 42]
      [Scan RS (ms): Min: 6.2, Avg: 6.4, Max: 6.6, Diff: 0.3, Sum: 25.7]
      [Code Root Scanning (ms): Min: 0.0, Avg: 0.0, Max: 0.1, Diff: 0.1, Sum: 0.1]
      [Object Copy (ms): Min: 10.3, Avg: 10.4, Max: 10.4, Diff: 0.1, Sum: 41.5]
      [Termination (ms): Min: 0.0, Avg: 0.0, Max: 0.0, Diff: 0.0, Sum: 0.0]
         [Termination Attempts: Min: 1, Avg: 1.0, Max: 1, Diff: 0, Sum: 4]
      [GC Worker Other (ms): Min: 0.0, Avg: 0.0, Max: 0.0, Diff: 0.0, Sum: 0.1]
      [GC Worker Total (ms): Min: 20.4, Avg: 20.7, Max: 20.8, Diff: 0.4, Sum: 82.7]
      [GC Worker End (ms): Min: 38323706.5, Avg: 38323706.5, Max: 38323706.5, Diff: 0.0]
   [Code Root Fixup: 0.0 ms]
   [Code Root Purge: 0.0 ms]
   [Clear CT: 0.1 ms]
   [Other: 0.9 ms]
      [Choose CSet: 0.0 ms]
      [Ref Proc: 0.3 ms]
      [Ref Enq: 0.0 ms]
      [Redirty Cards: 0.1 ms]
      [Humongous Register: 0.1 ms]
      [Humongous Reclaim: 0.0 ms]
      [Free CSet: 0.1 ms]
   [Eden: 44.0M(44.0M)->0.0B(46.0M) Survivors: 7168.0K->5120.0K Heap: 257.8M(1024.0M)->213.2M(1024.0M)]
 [Times: user=0.07 sys=0.01, real=0.03 secs] 
2019-11-03T20:44:58.016+0800: 38733.129: [GC pause (G1 Evacuation Pause) (young), 0.0222491 secs]
   [Parallel Time: 21.3 ms, GC Workers: 4]
      [GC Worker Start (ms): Min: 38733128.9, Avg: 38733129.0, Max: 38733129.0, Diff: 0.1]
      [Ext Root Scanning (ms): Min: 0.7, Avg: 0.8, Max: 0.9, Diff: 0.1, Sum: 3.3]
      [Update RS (ms): Min: 2.0, Avg: 2.3, Max: 2.6, Diff: 0.6, Sum: 9.2]
         [Processed Buffers: Min: 6, Avg: 10.8, Max: 20, Diff: 14, Sum: 43]
      [Scan RS (ms): Min: 6.2, Avg: 6.5, Max: 6.9, Diff: 0.8, Sum: 26.0]
      [Code Root Scanning (ms): Min: 0.0, Avg: 0.0, Max: 0.1, Diff: 0.1, Sum: 0.1]
      [Object Copy (ms): Min: 11.2, Avg: 11.4, Max: 11.6, Diff: 0.4, Sum: 45.7]
      [Termination (ms): Min: 0.0, Avg: 0.1, Max: 0.2, Diff: 0.2, Sum: 0.4]
         [Termination Attempts: Min: 1, Avg: 2.0, Max: 3, Diff: 2, Sum: 8]
      [GC Worker Other (ms): Min: 0.0, Avg: 0.0, Max: 0.0, Diff: 0.0, Sum: 0.1]
      [GC Worker Total (ms): Min: 21.1, Avg: 21.2, Max: 21.2, Diff: 0.1, Sum: 84.8]
      [GC Worker End (ms): Min: 38733150.2, Avg: 38733150.2, Max: 38733150.2, Diff: 0.0]
   [Code Root Fixup: 0.0 ms]
   [Code Root Purge: 0.0 ms]
   [Clear CT: 0.1 ms]
   [Other: 0.9 ms]
      [Choose CSet: 0.0 ms]
      [Ref Proc: 0.3 ms]
      [Ref Enq: 0.0 ms]
      [Redirty Cards: 0.1 ms]
      [Humongous Register: 0.0 ms]
      [Humongous Reclaim: 0.0 ms]
      [Free CSet: 0.1 ms]
   [Eden: 46.0M(46.0M)->0.0B(44.0M) Survivors: 5120.0K->7168.0K Heap: 259.2M(1024.0M)->215.2M(1024.0M)]
 [Times: user=0.08 sys=0.00, real=0.02 secs] 
2019-11-03T20:45:07.562+0800: 38742.675: [GC pause (G1 Evacuation Pause) (young), 0.0296687 secs]
   [Parallel Time: 28.7 ms, GC Workers: 4]
      [GC Worker Start (ms): Min: 38742675.0, Avg: 38742677.1, Max: 38742683.2, Diff: 8.2]
      [Ext Root Scanning (ms): Min: 0.0, Avg: 0.8, Max: 1.6, Diff: 1.6, Sum: 3.3]
      [Update RS (ms): Min: 0.0, Avg: 2.6, Max: 5.3, Diff: 5.3, Sum: 10.2]
         [Processed Buffers: Min: 0, Avg: 8.0, Max: 17, Diff: 17, Sum: 32]
      [Scan RS (ms): Min: 2.4, Avg: 5.4, Max: 6.9, Diff: 4.5, Sum: 21.8]
      [Code Root Scanning (ms): Min: 0.0, Avg: 0.0, Max: 0.1, Diff: 0.1, Sum: 0.1]
      [Object Copy (ms): Min: 16.4, Avg: 17.5, Max: 18.1, Diff: 1.7, Sum: 70.2]
      [Termination (ms): Min: 0.0, Avg: 0.1, Max: 0.2, Diff: 0.2, Sum: 0.4]
         [Termination Attempts: Min: 1, Avg: 1.0, Max: 1, Diff: 0, Sum: 4]
      [GC Worker Other (ms): Min: 0.0, Avg: 0.0, Max: 0.0, Diff: 0.0, Sum: 0.1]
      [GC Worker Total (ms): Min: 20.5, Avg: 26.5, Max: 28.7, Diff: 8.2, Sum: 106.0]
      [GC Worker End (ms): Min: 38742703.6, Avg: 38742703.6, Max: 38742703.6, Diff: 0.0]
   [Code Root Fixup: 0.0 ms]
   [Code Root Purge: 0.0 ms]
   [Clear CT: 0.1 ms]
   [Other: 0.9 ms]
      [Choose CSet: 0.0 ms]
      [Ref Proc: 0.3 ms]
      [Ref Enq: 0.0 ms]
      [Redirty Cards: 0.1 ms]
      [Humongous Register: 0.1 ms]
      [Humongous Reclaim: 0.0 ms]
      [Free CSet: 0.1 ms]
   [Eden: 44.0M(44.0M)->0.0B(47.0M) Survivors: 7168.0K->4096.0K Heap: 259.2M(1024.0M)->215.1M(1024.0M)]
 [Times: user=0.06 sys=0.01, real=0.03 secs] 
2019-11-03T20:45:17.872+0800: 38752.984: [GC pause (G1 Evacuation Pause) (young), 0.0169158 secs]
   [Parallel Time: 16.3 ms, GC Workers: 4]
      [GC Worker Start (ms): Min: 38752984.3, Avg: 38752984.3, Max: 38752984.3, Diff: 0.1]
      [Ext Root Scanning (ms): Min: 0.9, Avg: 0.9, Max: 1.0, Diff: 0.1, Sum: 3.7]
      [Update RS (ms): Min: 1.5, Avg: 1.7, Max: 2.1, Diff: 0.6, Sum: 6.7]
         [Processed Buffers: Min: 7, Avg: 9.0, Max: 12, Diff: 5, Sum: 36]
      [Scan RS (ms): Min: 5.6, Avg: 6.0, Max: 6.1, Diff: 0.5, Sum: 23.9]
      [Code Root Scanning (ms): Min: 0.0, Avg: 0.0, Max: 0.0, Diff: 0.0, Sum: 0.0]
      [Object Copy (ms): Min: 7.6, Avg: 7.6, Max: 7.7, Diff: 0.1, Sum: 30.5]
      [Termination (ms): Min: 0.0, Avg: 0.0, Max: 0.0, Diff: 0.0, Sum: 0.0]
         [Termination Attempts: Min: 1, Avg: 1.0, Max: 1, Diff: 0, Sum: 4]
      [GC Worker Other (ms): Min: 0.0, Avg: 0.0, Max: 0.1, Diff: 0.0, Sum: 0.1]
      [GC Worker Total (ms): Min: 16.2, Avg: 16.2, Max: 16.3, Diff: 0.1, Sum: 65.0]
      [GC Worker End (ms): Min: 38753000.5, Avg: 38753000.5, Max: 38753000.6, Diff: 0.0]
   [Code Root Fixup: 0.0 ms]
   [Code Root Purge: 0.0 ms]
   [Clear CT: 0.0 ms]
   [Other: 0.5 ms]
      [Choose CSet: 0.0 ms]
      [Ref Proc: 0.1 ms]
      [Ref Enq: 0.0 ms]
      [Redirty Cards: 0.1 ms]
      [Humongous Register: 0.0 ms]
      [Humongous Reclaim: 0.0 ms]
      [Free CSet: 0.1 ms]
   [Eden: 47.0M(47.0M)->0.0B(46.0M) Survivors: 4096.0K->5120.0K Heap: 262.1M(1024.0M)->215.6M(1024.0M)]
 [Times: user=0.06 sys=0.00, real=0.01 secs] 
2019-11-03T20:45:27.979+0800: 38763.091: [GC pause (G1 Evacuation Pause) (young), 0.0385669 secs]
   [Parallel Time: 35.6 ms, GC Workers: 4]
      [GC Worker Start (ms): Min: 38763091.0, Avg: 38763099.9, Max: 38763106.7, Diff: 15.8]
      [Ext Root Scanning (ms): Min: 0.0, Avg: 3.8, Max: 14.7, Diff: 14.7, Sum: 15.3]
      [Update RS (ms): Min: 0.0, Avg: 1.8, Max: 7.2, Diff: 7.2, Sum: 7.2]
         [Processed Buffers: Min: 0, Avg: 7.5, Max: 30, Diff: 30, Sum: 30]
      [Scan RS (ms): Min: 2.3, Avg: 4.7, Max: 10.1, Diff: 7.8, Sum: 18.8]
      [Code Root Scanning (ms): Min: 0.0, Avg: 0.0, Max: 0.0, Diff: 0.0, Sum: 0.0]
      [Object Copy (ms): Min: 12.4, Avg: 16.0, Max: 17.3, Diff: 4.8, Sum: 64.1]
      [Termination (ms): Min: 0.0, Avg: 0.1, Max: 0.2, Diff: 0.2, Sum: 0.4]
         [Termination Attempts: Min: 1, Avg: 1.0, Max: 1, Diff: 0, Sum: 4]
      [GC Worker Other (ms): Min: 0.0, Avg: 0.0, Max: 0.0, Diff: 0.0, Sum: 0.1]
      [GC Worker Total (ms): Min: 19.7, Avg: 26.5, Max: 35.5, Diff: 15.8, Sum: 106.0]
      [GC Worker End (ms): Min: 38763126.3, Avg: 38763126.4, Max: 38763126.4, Diff: 0.1]
   [Code Root Fixup: 0.0 ms]
   [Code Root Purge: 0.0 ms]
   [Clear CT: 0.3 ms]
   [Other: 2.7 ms]
      [Choose CSet: 0.0 ms]
      [Ref Proc: 1.9 ms]
      [Ref Enq: 0.0 ms]
      [Redirty Cards: 0.2 ms]
      [Humongous Register: 0.1 ms]
      [Humongous Reclaim: 0.1 ms]
      [Free CSet: 0.1 ms]
   [Eden: 46.0M(46.0M)->0.0B(46.0M) Survivors: 5120.0K->5120.0K Heap: 261.6M(1024.0M)->215.6M(1024.0M)]
 [Times: user=0.04 sys=0.00, real=0.04 secs] 
2019-11-03T20:45:37.988+0800: 38773.099: [GC pause (G1 Evacuation Pause) (young), 0.0151467 secs]
   [Parallel Time: 14.4 ms, GC Workers: 4]
      [GC Worker Start (ms): Min: 38773099.4, Avg: 38773099.5, Max: 38773099.5, Diff: 0.1]
      [Ext Root Scanning (ms): Min: 0.8, Avg: 0.8, Max: 0.9, Diff: 0.1, Sum: 3.3]
      [Update RS (ms): Min: 1.8, Avg: 2.1, Max: 2.4, Diff: 0.6, Sum: 8.5]
         [Processed Buffers: Min: 1, Avg: 7.2, Max: 17, Diff: 16, Sum: 29]
      [Scan RS (ms): Min: 4.6, Avg: 4.9, Max: 5.2, Diff: 0.6, Sum: 19.7]
      [Code Root Scanning (ms): Min: 0.0, Avg: 0.0, Max: 0.0, Diff: 0.0, Sum: 0.0]
      [Object Copy (ms): Min: 6.2, Avg: 6.4, Max: 6.5, Diff: 0.3, Sum: 25.4]
      [Termination (ms): Min: 0.0, Avg: 0.0, Max: 0.0, Diff: 0.0, Sum: 0.0]
         [Termination Attempts: Min: 1, Avg: 1.0, Max: 1, Diff: 0, Sum: 4]
      [GC Worker Other (ms): Min: 0.0, Avg: 0.0, Max: 0.0, Diff: 0.0, Sum: 0.1]
      [GC Worker Total (ms): Min: 14.3, Avg: 14.3, Max: 14.3, Diff: 0.1, Sum: 57.1]
      [GC Worker End (ms): Min: 38773113.7, Avg: 38773113.7, Max: 38773113.7, Diff: 0.0]
   [Code Root Fixup: 0.0 ms]
   [Code Root Purge: 0.0 ms]
   [Clear CT: 0.1 ms]
   [Other: 0.6 ms]
      [Choose CSet: 0.0 ms]
      [Ref Proc: 0.2 ms]
      [Ref Enq: 0.0 ms]
      [Redirty Cards: 0.1 ms]
      [Humongous Register: 0.1 ms]
      [Humongous Reclaim: 0.0 ms]
      [Free CSet: 0.1 ms]
   [Eden: 46.0M(46.0M)->0.0B(46.0M) Survivors: 5120.0K->5120.0K Heap: 261.6M(1024.0M)->215.6M(1024.0M)]
 [Times: user=0.05 sys=0.00, real=0.02 secs] 
2019-11-03T20:45:47.887+0800: 38782.997: [GC pause (G1 Evacuation Pause) (young), 0.0186178 secs]
   [Parallel Time: 17.9 ms, GC Workers: 4]
      [GC Worker Start (ms): Min: 38782997.4, Avg: 38782997.4, Max: 38782997.6, Diff: 0.2]
      [Ext Root Scanning (ms): Min: 0.8, Avg: 0.9, Max: 1.0, Diff: 0.2, Sum: 3.6]
      [Update RS (ms): Min: 1.7, Avg: 2.9, Max: 5.8, Diff: 4.1, Sum: 11.6]
         [Processed Buffers: Min: 1, Avg: 7.0, Max: 12, Diff: 11, Sum: 28]
      [Scan RS (ms): Min: 2.5, Avg: 5.5, Max: 6.7, Diff: 4.2, Sum: 22.0]
      [Code Root Scanning (ms): Min: 0.0, Avg: 0.0, Max: 0.0, Diff: 0.0, Sum: 0.0]
      [Object Copy (ms): Min: 8.3, Avg: 8.4, Max: 8.5, Diff: 0.3, Sum: 33.6]
      [Termination (ms): Min: 0.0, Avg: 0.0, Max: 0.0, Diff: 0.0, Sum: 0.0]
         [Termination Attempts: Min: 1, Avg: 1.0, Max: 1, Diff: 0, Sum: 4]
      [GC Worker Other (ms): Min: 0.0, Avg: 0.0, Max: 0.0, Diff: 0.0, Sum: 0.1]
      [GC Worker Total (ms): Min: 17.6, Avg: 17.8, Max: 17.8, Diff: 0.2, Sum: 71.0]
      [GC Worker End (ms): Min: 38783015.2, Avg: 38783015.2, Max: 38783015.2, Diff: 0.0]
   [Code Root Fixup: 0.0 ms]
   [Code Root Purge: 0.0 ms]
   [Clear CT: 0.1 ms]
   [Other: 0.6 ms]
      [Choose CSet: 0.0 ms]
      [Ref Proc: 0.2 ms]
      [Ref Enq: 0.0 ms]
      [Redirty Cards: 0.1 ms]
      [Humongous Register: 0.0 ms]
      [Humongous Reclaim: 0.0 ms]
      [Free CSet: 0.1 ms]
   [Eden: 46.0M(46.0M)->0.0B(47.0M) Survivors: 5120.0K->4096.0K Heap: 261.6M(1024.0M)->215.1M(1024.0M)]
 [Times: user=0.05 sys=0.00, real=0.02 secs] 
2019-11-03T20:45:57.955+0800: 38793.065: [GC pause (G1 Evacuation Pause) (young), 0.0167387 secs]
   [Parallel Time: 15.9 ms, GC Workers: 4]
      [GC Worker Start (ms): Min: 38793065.2, Avg: 38793065.2, Max: 38793065.3, Diff: 0.1]
      [Ext Root Scanning (ms): Min: 0.7, Avg: 0.8, Max: 0.9, Diff: 0.1, Sum: 3.2]
      [Update RS (ms): Min: 1.5, Avg: 1.9, Max: 2.4, Diff: 0.9, Sum: 7.8]
         [Processed Buffers: Min: 4, Avg: 7.5, Max: 11, Diff: 7, Sum: 30]
      [Scan RS (ms): Min: 4.9, Avg: 5.4, Max: 5.8, Diff: 0.9, Sum: 21.5]
      [Code Root Scanning (ms): Min: 0.0, Avg: 0.0, Max: 0.0, Diff: 0.0, Sum: 0.0]
      [Object Copy (ms): Min: 7.5, Avg: 7.5, Max: 7.6, Diff: 0.1, Sum: 30.2]
      [Termination (ms): Min: 0.0, Avg: 0.0, Max: 0.0, Diff: 0.0, Sum: 0.0]
         [Termination Attempts: Min: 1, Avg: 1.0, Max: 1, Diff: 0, Sum: 4]
      [GC Worker Other (ms): Min: 0.0, Avg: 0.1, Max: 0.1, Diff: 0.0, Sum: 0.2]
      [GC Worker Total (ms): Min: 15.7, Avg: 15.7, Max: 15.8, Diff: 0.1, Sum: 62.9]
      [GC Worker End (ms): Min: 38793080.9, Avg: 38793081.0, Max: 38793081.0, Diff: 0.0]
   [Code Root Fixup: 0.0 ms]
   [Code Root Purge: 0.0 ms]
   [Clear CT: 0.1 ms]
   [Other: 0.7 ms]
      [Choose CSet: 0.0 ms]
      [Ref Proc: 0.2 ms]
      [Ref Enq: 0.0 ms]
      [Redirty Cards: 0.1 ms]
      [Humongous Register: 0.0 ms]
      [Humongous Reclaim: 0.0 ms]
      [Free CSet: 0.1 ms]
   [Eden: 47.0M(47.0M)->0.0B(46.0M) Survivors: 4096.0K->5120.0K Heap: 262.1M(1024.0M)->215.6M(1024.0M)]
 [Times: user=0.06 sys=0.00, real=0.02 secs] 
2019-11-03T20:46:07.967+0800: 38803.077: [GC pause (G1 Evacuation Pause) (young), 0.0169362 secs]
   [Parallel Time: 16.1 ms, GC Workers: 4]
      [GC Worker Start (ms): Min: 38803076.9, Avg: 38803076.9, Max: 38803077.0, Diff: 0.1]
      [Ext Root Scanning (ms): Min: 0.8, Avg: 0.8, Max: 0.9, Diff: 0.1, Sum: 3.4]
      [Update RS (ms): Min: 1.6, Avg: 1.9, Max: 2.3, Diff: 0.6, Sum: 7.7]
         [Processed Buffers: Min: 1, Avg: 7.0, Max: 10, Diff: 9, Sum: 28]
      [Scan RS (ms): Min: 5.1, Avg: 5.4, Max: 5.7, Diff: 0.6, Sum: 21.5]
      [Code Root Scanning (ms): Min: 0.0, Avg: 0.0, Max: 0.0, Diff: 0.0, Sum: 0.0]
      [Object Copy (ms): Min: 7.6, Avg: 7.7, Max: 7.8, Diff: 0.2, Sum: 30.6]
      [Termination (ms): Min: 0.0, Avg: 0.1, Max: 0.1, Diff: 0.1, Sum: 0.4]
         [Termination Attempts: Min: 1, Avg: 1.0, Max: 1, Diff: 0, Sum: 4]
      [GC Worker Other (ms): Min: 0.0, Avg: 0.0, Max: 0.0, Diff: 0.0, Sum: 0.1]
      [GC Worker Total (ms): Min: 15.9, Avg: 15.9, Max: 16.0, Diff: 0.0, Sum: 63.7]
      [GC Worker End (ms): Min: 38803092.8, Avg: 38803092.9, Max: 38803092.9, Diff: 0.0]
   [Code Root Fixup: 0.0 ms]
   [Code Root Purge: 0.0 ms]
   [Clear CT: 0.1 ms]
   [Other: 0.8 ms]
      [Choose CSet: 0.0 ms]
      [Ref Proc: 0.2 ms]
      [Ref Enq: 0.0 ms]
      [Redirty Cards: 0.1 ms]
      [Humongous Register: 0.1 ms]
      [Humongous Reclaim: 0.0 ms]
      [Free CSet: 0.1 ms]
   [Eden: 46.0M(46.0M)->0.0B(46.0M) Survivors: 5120.0K->5120.0K Heap: 261.6M(1024.0M)->215.6M(1024.0M)]
 [Times: user=0.06 sys=0.00, real=0.02 secs] 
2019-11-03T20:46:17.853+0800: 38812.963: [GC pause (G1 Evacuation Pause) (young), 0.0151813 secs]
   [Parallel Time: 14.6 ms, GC Workers: 4]
      [GC Worker Start (ms): Min: 38812962.9, Avg: 38812963.0, Max: 38812963.0, Diff: 0.1]
      [Ext Root Scanning (ms): Min: 0.5, Avg: 0.6, Max: 0.6, Diff: 0.1, Sum: 2.2]
      [Update RS (ms): Min: 1.1, Avg: 1.3, Max: 1.4, Diff: 0.4, Sum: 5.1]
         [Processed Buffers: Min: 1, Avg: 9.0, Max: 15, Diff: 14, Sum: 36]
      [Scan RS (ms): Min: 4.7, Avg: 5.0, Max: 5.9, Diff: 1.3, Sum: 20.0]
      [Code Root Scanning (ms): Min: 0.0, Avg: 0.0, Max: 0.0, Diff: 0.0, Sum: 0.0]
      [Object Copy (ms): Min: 6.8, Avg: 7.5, Max: 7.8, Diff: 1.1, Sum: 30.1]
      [Termination (ms): Min: 0.0, Avg: 0.1, Max: 0.1, Diff: 0.1, Sum: 0.3]
         [Termination Attempts: Min: 1, Avg: 1.0, Max: 1, Diff: 0, Sum: 4]
      [GC Worker Other (ms): Min: 0.0, Avg: 0.0, Max: 0.0, Diff: 0.0, Sum: 0.1]
      [GC Worker Total (ms): Min: 14.4, Avg: 14.4, Max: 14.5, Diff: 0.1, Sum: 57.8]
      [GC Worker End (ms): Min: 38812977.4, Avg: 38812977.4, Max: 38812977.4, Diff: 0.0]
   [Code Root Fixup: 0.0 ms]
   [Code Root Purge: 0.0 ms]
   [Clear CT: 0.1 ms]
   [Other: 0.5 ms]
      [Choose CSet: 0.0 ms]
      [Ref Proc: 0.1 ms]
      [Ref Enq: 0.0 ms]
      [Redirty Cards: 0.1 ms]
      [Humongous Register: 0.0 ms]
      [Humongous Reclaim: 0.0 ms]
      [Free CSet: 0.1 ms]
   [Eden: 46.0M(46.0M)->0.0B(48.0M) Survivors: 5120.0K->5120.0K Heap: 261.6M(1024.0M)->215.6M(1024.0M)]
 [Times: user=0.04 sys=0.00, real=0.02 secs] 
2019-11-03T20:46:28.253+0800: 38823.362: [GC pause (G1 Evacuation Pause) (young), 0.0172671 secs]
   [Parallel Time: 16.5 ms, GC Workers: 4]
      [GC Worker Start (ms): Min: 38823361.9, Avg: 38823362.0, Max: 38823362.2, Diff: 0.2]
      [Ext Root Scanning (ms): Min: 0.8, Avg: 1.2, Max: 2.0, Diff: 1.1, Sum: 4.9]
      [Update RS (ms): Min: 1.7, Avg: 2.5, Max: 2.8, Diff: 1.1, Sum: 9.9]
         [Processed Buffers: Min: 1, Avg: 7.8, Max: 17, Diff: 16, Sum: 31]
      [Scan RS (ms): Min: 5.9, Avg: 6.0, Max: 6.1, Diff: 0.3, Sum: 23.8]
      [Code Root Scanning (ms): Min: 0.0, Avg: 0.0, Max: 0.0, Diff: 0.0, Sum: 0.0]
      [Object Copy (ms): Min: 6.5, Avg: 6.6, Max: 6.7, Diff: 0.2, Sum: 26.5]
      [Termination (ms): Min: 0.0, Avg: 0.0, Max: 0.0, Diff: 0.0, Sum: 0.0]
         [Termination Attempts: Min: 1, Avg: 1.0, Max: 1, Diff: 0, Sum: 4]
      [GC Worker Other (ms): Min: 0.0, Avg: 0.0, Max: 0.0, Diff: 0.0, Sum: 0.1]
      [GC Worker Total (ms): Min: 16.2, Avg: 16.3, Max: 16.4, Diff: 0.2, Sum: 65.2]
      [GC Worker End (ms): Min: 38823378.3, Avg: 38823378.3, Max: 38823378.3, Diff: 0.0]
   [Code Root Fixup: 0.0 ms]
   [Code Root Purge: 0.0 ms]
   [Clear CT: 0.1 ms]
   [Other: 0.7 ms]
      [Choose CSet: 0.0 ms]
      [Ref Proc: 0.2 ms]
      [Ref Enq: 0.0 ms]
      [Redirty Cards: 0.1 ms]
      [Humongous Register: 0.0 ms]
      [Humongous Reclaim: 0.0 ms]
      [Free CSet: 0.1 ms]
   [Eden: 48.0M(48.0M)->0.0B(66.0M) Survivors: 5120.0K->5120.0K Heap: 263.6M(1024.0M)->215.6M(1024.0M)]
 [Times: user=0.05 sys=0.00, real=0.02 secs] 
2019-11-03T20:46:42.358+0800: 38837.467: [GC pause (G1 Evacuation Pause) (young), 0.0161093 secs]
   [Parallel Time: 15.4 ms, GC Workers: 4]
      [GC Worker Start (ms): Min: 38837467.2, Avg: 38837467.6, Max: 38837468.3, Diff: 1.1]
      [Ext Root Scanning (ms): Min: 0.0, Avg: 0.6, Max: 1.0, Diff: 1.0, Sum: 2.2]
      [Update RS (ms): Min: 0.0, Avg: 2.4, Max: 5.7, Diff: 5.7, Sum: 9.5]
         [Processed Buffers: Min: 0, Avg: 8.5, Max: 27, Diff: 27, Sum: 34]
      [Scan RS (ms): Min: 0.0, Avg: 3.0, Max: 5.3, Diff: 5.3, Sum: 11.8]
      [Code Root Scanning (ms): Min: 0.0, Avg: 0.0, Max: 0.0, Diff: 0.0, Sum: 0.0]
      [Object Copy (ms): Min: 7.2, Avg: 9.0, Max: 14.3, Diff: 7.2, Sum: 35.9]
      [Termination (ms): Min: 0.0, Avg: 0.0, Max: 0.0, Diff: 0.0, Sum: 0.0]
         [Termination Attempts: Min: 1, Avg: 1.2, Max: 2, Diff: 1, Sum: 5]
      [GC Worker Other (ms): Min: 0.0, Avg: 0.0, Max: 0.1, Diff: 0.0, Sum: 0.2]
      [GC Worker Total (ms): Min: 14.2, Avg: 14.9, Max: 15.4, Diff: 1.1, Sum: 59.6]
      [GC Worker End (ms): Min: 38837482.5, Avg: 38837482.5, Max: 38837482.6, Diff: 0.0]
   [Code Root Fixup: 0.0 ms]
   [Code Root Purge: 0.0 ms]
   [Clear CT: 0.1 ms]
   [Other: 0.6 ms]
      [Choose CSet: 0.0 ms]
      [Ref Proc: 0.1 ms]
      [Ref Enq: 0.0 ms]
      [Redirty Cards: 0.1 ms]
      [Humongous Register: 0.1 ms]
      [Humongous Reclaim: 0.0 ms]
      [Free CSet: 0.1 ms]
   [Eden: 66.0M(66.0M)->0.0B(122.0M) Survivors: 5120.0K->5120.0K Heap: 281.6M(1024.0M)->215.9M(1024.0M)]
 [Times: user=0.04 sys=0.00, real=0.02 secs] 
2019-11-03T20:47:08.456+0800: 38863.563: [GC pause (G1 Evacuation Pause) (young), 0.0189412 secs]
   [Parallel Time: 18.1 ms, GC Workers: 4]
      [GC Worker Start (ms): Min: 38863563.2, Avg: 38863563.4, Max: 38863563.9, Diff: 0.7]
      [Ext Root Scanning (ms): Min: 0.0, Avg: 0.5, Max: 0.6, Diff: 0.6, Sum: 1.9]
      [Update RS (ms): Min: 0.0, Avg: 1.2, Max: 1.7, Diff: 1.7, Sum: 4.7]
         [Processed Buffers: Min: 0, Avg: 9.5, Max: 21, Diff: 21, Sum: 38]
      [Scan RS (ms): Min: 0.0, Avg: 2.8, Max: 3.9, Diff: 3.9, Sum: 11.3]
      [Code Root Scanning (ms): Min: 0.0, Avg: 0.0, Max: 0.0, Diff: 0.0, Sum: 0.0]
      [Object Copy (ms): Min: 11.8, Avg: 13.3, Max: 17.3, Diff: 5.5, Sum: 53.3]
      [Termination (ms): Min: 0.0, Avg: 0.1, Max: 0.2, Diff: 0.2, Sum: 0.4]
         [Termination Attempts: Min: 1, Avg: 1.0, Max: 1, Diff: 0, Sum: 4]
      [GC Worker Other (ms): Min: 0.0, Avg: 0.0, Max: 0.0, Diff: 0.0, Sum: 0.1]
      [GC Worker Total (ms): Min: 17.4, Avg: 17.9, Max: 18.1, Diff: 0.7, Sum: 71.6]
      [GC Worker End (ms): Min: 38863581.3, Avg: 38863581.3, Max: 38863581.3, Diff: 0.0]
   [Code Root Fixup: 0.0 ms]
   [Code Root Purge: 0.0 ms]
   [Clear CT: 0.1 ms]
   [Other: 0.7 ms]
      [Choose CSet: 0.0 ms]
      [Ref Proc: 0.3 ms]
      [Ref Enq: 0.0 ms]
      [Redirty Cards: 0.1 ms]
      [Humongous Register: 0.0 ms]
      [Humongous Reclaim: 0.0 ms]
      [Free CSet: 0.2 ms]
   [Eden: 122.0M(122.0M)->0.0B(117.0M) Survivors: 5120.0K->5120.0K Heap: 337.9M(1024.0M)->215.6M(1024.0M)]
 [Times: user=0.04 sys=0.01, real=0.02 secs] 
2019-11-03T20:47:33.592+0800: 38888.698: [GC pause (G1 Evacuation Pause) (young), 0.0164236 secs]
   [Parallel Time: 15.6 ms, GC Workers: 4]
      [GC Worker Start (ms): Min: 38888698.7, Avg: 38888700.8, Max: 38888705.5, Diff: 6.8]
      [Ext Root Scanning (ms): Min: 0.0, Avg: 1.0, Max: 1.8, Diff: 1.8, Sum: 4.0]
      [Update RS (ms): Min: 0.0, Avg: 2.1, Max: 3.8, Diff: 3.8, Sum: 8.2]
         [Processed Buffers: Min: 0, Avg: 8.0, Max: 29, Diff: 29, Sum: 32]
      [Scan RS (ms): Min: 1.4, Avg: 3.0, Max: 4.1, Diff: 2.7, Sum: 12.1]
      [Code Root Scanning (ms): Min: 0.0, Avg: 0.0, Max: 0.0, Diff: 0.0, Sum: 0.0]
      [Object Copy (ms): Min: 7.2, Avg: 7.3, Max: 7.4, Diff: 0.2, Sum: 29.2]
      [Termination (ms): Min: 0.0, Avg: 0.0, Max: 0.0, Diff: 0.0, Sum: 0.0]
         [Termination Attempts: Min: 1, Avg: 1.0, Max: 1, Diff: 0, Sum: 4]
      [GC Worker Other (ms): Min: 0.0, Avg: 0.0, Max: 0.1, Diff: 0.0, Sum: 0.2]
      [GC Worker Total (ms): Min: 8.7, Avg: 13.4, Max: 15.5, Diff: 6.8, Sum: 53.6]
      [GC Worker End (ms): Min: 38888714.2, Avg: 38888714.2, Max: 38888714.2, Diff: 0.0]
   [Code Root Fixup: 0.0 ms]
   [Code Root Purge: 0.0 ms]
   [Clear CT: 0.1 ms]
   [Other: 0.7 ms]
      [Choose CSet: 0.0 ms]
      [Ref Proc: 0.2 ms]
      [Ref Enq: 0.0 ms]
      [Redirty Cards: 0.1 ms]
      [Humongous Register: 0.1 ms]
      [Humongous Reclaim: 0.0 ms]
      [Free CSet: 0.1 ms]
   [Eden: 117.0M(117.0M)->0.0B(158.0M) Survivors: 5120.0K->5120.0K Heap: 332.6M(1024.0M)->216.1M(1024.0M)]
 [Times: user=0.05 sys=0.00, real=0.02 secs] 
2019-11-03T20:48:07.698+0800: 38922.803: [GC pause (G1 Evacuation Pause) (young), 0.0213087 secs]
   [Parallel Time: 20.3 ms, GC Workers: 4]
      [GC Worker Start (ms): Min: 38922803.4, Avg: 38922803.6, Max: 38922804.1, Diff: 0.7]
      [Ext Root Scanning (ms): Min: 0.4, Avg: 0.8, Max: 1.0, Diff: 0.7, Sum: 3.4]
      [Update RS (ms): Min: 1.6, Avg: 2.3, Max: 2.6, Diff: 0.9, Sum: 9.0]
         [Processed Buffers: Min: 1, Avg: 8.0, Max: 15, Diff: 14, Sum: 32]
      [Scan RS (ms): Min: 4.1, Avg: 4.4, Max: 4.9, Diff: 0.8, Sum: 17.6]
      [Code Root Scanning (ms): Min: 0.0, Avg: 0.0, Max: 0.0, Diff: 0.0, Sum: 0.0]
      [Object Copy (ms): Min: 12.2, Avg: 12.4, Max: 12.6, Diff: 0.4, Sum: 49.4]
      [Termination (ms): Min: 0.0, Avg: 0.1, Max: 0.2, Diff: 0.2, Sum: 0.6]
         [Termination Attempts: Min: 1, Avg: 1.0, Max: 1, Diff: 0, Sum: 4]
      [GC Worker Other (ms): Min: 0.0, Avg: 0.0, Max: 0.0, Diff: 0.0, Sum: 0.1]
      [GC Worker Total (ms): Min: 19.6, Avg: 20.0, Max: 20.2, Diff: 0.6, Sum: 80.1]
      [GC Worker End (ms): Min: 38922823.6, Avg: 38922823.6, Max: 38922823.6, Diff: 0.1]
   [Code Root Fixup: 0.0 ms]
   [Code Root Purge: 0.0 ms]
   [Clear CT: 0.1 ms]
   [Other: 0.8 ms]
      [Choose CSet: 0.0 ms]
      [Ref Proc: 0.2 ms]
      [Ref Enq: 0.0 ms]
      [Redirty Cards: 0.1 ms]
      [Humongous Register: 0.0 ms]
      [Humongous Reclaim: 0.0 ms]
      [Free CSet: 0.2 ms]
   [Eden: 158.0M(158.0M)->0.0B(134.0M) Survivors: 5120.0K->5120.0K Heap: 374.1M(1024.0M)->215.6M(1024.0M)]
 [Times: user=0.06 sys=0.02, real=0.03 secs] 
2019-11-03T20:48:17.521+0800: 38932.626: [GC pause (G1 Evacuation Pause) (young), 0.0149935 secs]
   [Parallel Time: 14.3 ms, GC Workers: 4]
      [GC Worker Start (ms): Min: 38932625.8, Avg: 38932625.8, Max: 38932625.9, Diff: 0.1]
      [Ext Root Scanning (ms): Min: 0.8, Avg: 0.8, Max: 0.9, Diff: 0.1, Sum: 3.3]
      [Update RS (ms): Min: 1.4, Avg: 1.6, Max: 1.9, Diff: 0.4, Sum: 6.5]
         [Processed Buffers: Min: 5, Avg: 8.2, Max: 13, Diff: 8, Sum: 33]
      [Scan RS (ms): Min: 5.0, Avg: 5.3, Max: 5.4, Diff: 0.5, Sum: 21.1]
      [Code Root Scanning (ms): Min: 0.0, Avg: 0.0, Max: 0.0, Diff: 0.0, Sum: 0.0]
      [Object Copy (ms): Min: 6.3, Avg: 6.4, Max: 6.5, Diff: 0.2, Sum: 25.6]
      [Termination (ms): Min: 0.0, Avg: 0.0, Max: 0.0, Diff: 0.0, Sum: 0.0]
         [Termination Attempts: Min: 1, Avg: 1.0, Max: 1, Diff: 0, Sum: 4]
      [GC Worker Other (ms): Min: 0.0, Avg: 0.0, Max: 0.1, Diff: 0.0, Sum: 0.2]
      [GC Worker Total (ms): Min: 14.2, Avg: 14.2, Max: 14.2, Diff: 0.0, Sum: 56.7]
      [GC Worker End (ms): Min: 38932640.0, Avg: 38932640.0, Max: 38932640.0, Diff: 0.0]
   [Code Root Fixup: 0.0 ms]
   [Code Root Purge: 0.0 ms]
   [Clear CT: 0.1 ms]
   [Other: 0.6 ms]
      [Choose CSet: 0.0 ms]
      [Ref Proc: 0.1 ms]
      [Ref Enq: 0.0 ms]
      [Redirty Cards: 0.1 ms]
      [Humongous Register: 0.0 ms]
      [Humongous Reclaim: 0.0 ms]
      [Free CSet: 0.1 ms]
   [Eden: 46.0M(46.0M)->0.0B(152.0M) Survivors: 5120.0K->5120.0K Heap: 261.6M(1024.0M)->215.6M(1024.0M)]
 [Times: user=0.06 sys=0.00, real=0.01 secs] 
2019-11-03T20:48:50.495+0800: 38965.598: [GC pause (G1 Evacuation Pause) (young), 0.0163234 secs]
   [Parallel Time: 15.5 ms, GC Workers: 4]
      [GC Worker Start (ms): Min: 38965598.6, Avg: 38965598.6, Max: 38965598.6, Diff: 0.1]
      [Ext Root Scanning (ms): Min: 0.6, Avg: 0.6, Max: 0.7, Diff: 0.1, Sum: 2.6]
      [Update RS (ms): Min: 1.0, Avg: 1.2, Max: 1.4, Diff: 0.4, Sum: 5.0]
         [Processed Buffers: Min: 1, Avg: 9.2, Max: 14, Diff: 13, Sum: 37]
      [Scan RS (ms): Min: 4.0, Avg: 4.2, Max: 4.4, Diff: 0.3, Sum: 16.8]
      [Code Root Scanning (ms): Min: 0.0, Avg: 0.0, Max: 0.0, Diff: 0.0, Sum: 0.0]
      [Object Copy (ms): Min: 9.2, Avg: 9.3, Max: 9.3, Diff: 0.1, Sum: 37.1]
      [Termination (ms): Min: 0.0, Avg: 0.0, Max: 0.0, Diff: 0.0, Sum: 0.0]
         [Termination Attempts: Min: 1, Avg: 1.0, Max: 1, Diff: 0, Sum: 4]
      [GC Worker Other (ms): Min: 0.0, Avg: 0.0, Max: 0.1, Diff: 0.0, Sum: 0.2]
      [GC Worker Total (ms): Min: 15.4, Avg: 15.4, Max: 15.4, Diff: 0.1, Sum: 61.6]
      [GC Worker End (ms): Min: 38965614.0, Avg: 38965614.0, Max: 38965614.0, Diff: 0.0]
   [Code Root Fixup: 0.0 ms]
   [Code Root Purge: 0.0 ms]
   [Clear CT: 0.2 ms]
   [Other: 0.6 ms]
      [Choose CSet: 0.0 ms]
      [Ref Proc: 0.2 ms]
      [Ref Enq: 0.0 ms]
      [Redirty Cards: 0.1 ms]
      [Humongous Register: 0.0 ms]
      [Humongous Reclaim: 0.0 ms]
      [Free CSet: 0.1 ms]
   [Eden: 152.0M(152.0M)->0.0B(230.0M) Survivors: 5120.0K->4096.0K Heap: 367.6M(1024.0M)->215.8M(1024.0M)]
 [Times: user=0.05 sys=0.00, real=0.02 secs] 
2019-11-03T20:49:40.196+0800: 39015.298: [GC pause (G1 Evacuation Pause) (young), 0.0195502 secs]
   [Parallel Time: 18.4 ms, GC Workers: 4]
      [GC Worker Start (ms): Min: 39015298.0, Avg: 39015298.1, Max: 39015298.4, Diff: 0.5]
      [Ext Root Scanning (ms): Min: 0.8, Avg: 1.1, Max: 1.3, Diff: 0.5, Sum: 4.4]
      [Update RS (ms): Min: 0.0, Avg: 2.5, Max: 3.4, Diff: 3.4, Sum: 9.8]
         [Processed Buffers: Min: 0, Avg: 9.0, Max: 28, Diff: 28, Sum: 36]
      [Scan RS (ms): Min: 0.1, Avg: 0.3, Max: 0.6, Diff: 0.4, Sum: 1.2]
      [Code Root Scanning (ms): Min: 0.0, Avg: 0.0, Max: 0.0, Diff: 0.0, Sum: 0.0]
      [Object Copy (ms): Min: 13.2, Avg: 14.2, Max: 16.9, Diff: 3.6, Sum: 56.8]
      [Termination (ms): Min: 0.0, Avg: 0.1, Max: 0.2, Diff: 0.2, Sum: 0.5]
         [Termination Attempts: Min: 1, Avg: 1.0, Max: 1, Diff: 0, Sum: 4]
      [GC Worker Other (ms): Min: 0.0, Avg: 0.0, Max: 0.0, Diff: 0.0, Sum: 0.1]
      [GC Worker Total (ms): Min: 17.9, Avg: 18.2, Max: 18.4, Diff: 0.5, Sum: 72.9]
      [GC Worker End (ms): Min: 39015316.3, Avg: 39015316.3, Max: 39015316.3, Diff: 0.0]
   [Code Root Fixup: 0.0 ms]
   [Code Root Purge: 0.0 ms]
   [Clear CT: 0.2 ms]
   [Other: 1.0 ms]
      [Choose CSet: 0.0 ms]
      [Ref Proc: 0.3 ms]
      [Ref Enq: 0.0 ms]
      [Redirty Cards: 0.1 ms]
      [Humongous Register: 0.0 ms]
      [Humongous Reclaim: 0.0 ms]
      [Free CSet: 0.2 ms]
   [Eden: 230.0M(230.0M)->0.0B(179.0M) Survivors: 4096.0K->5120.0K Heap: 445.8M(1024.0M)->216.9M(1024.0M)]
 [Times: user=0.04 sys=0.01, real=0.02 secs] 
2019-11-03T20:50:18.750+0800: 39053.849: [GC pause (G1 Evacuation Pause) (young), 0.0128234 secs]
   [Parallel Time: 12.1 ms, GC Workers: 4]
      [GC Worker Start (ms): Min: 39053849.5, Avg: 39053850.7, Max: 39053854.2, Diff: 4.7]
      [Ext Root Scanning (ms): Min: 0.0, Avg: 0.8, Max: 1.2, Diff: 1.2, Sum: 3.3]
      [Update RS (ms): Min: 0.0, Avg: 0.9, Max: 1.3, Diff: 1.3, Sum: 3.6]
         [Processed Buffers: Min: 0, Avg: 7.5, Max: 15, Diff: 15, Sum: 30]
      [Scan RS (ms): Min: 0.0, Avg: 0.2, Max: 0.3, Diff: 0.3, Sum: 0.7]
      [Code Root Scanning (ms): Min: 0.0, Avg: 0.0, Max: 0.0, Diff: 0.0, Sum: 0.0]
      [Object Copy (ms): Min: 7.2, Avg: 8.9, Max: 9.6, Diff: 2.3, Sum: 35.6]
      [Termination (ms): Min: 0.0, Avg: 0.0, Max: 0.0, Diff: 0.0, Sum: 0.0]
         [Termination Attempts: Min: 1, Avg: 1.0, Max: 1, Diff: 0, Sum: 4]
      [GC Worker Other (ms): Min: 0.0, Avg: 0.0, Max: 0.1, Diff: 0.0, Sum: 0.2]
      [GC Worker Total (ms): Min: 7.4, Avg: 10.8, Max: 12.0, Diff: 4.7, Sum: 43.4]
      [GC Worker End (ms): Min: 39053861.5, Avg: 39053861.5, Max: 39053861.5, Diff: 0.0]
   [Code Root Fixup: 0.0 ms]
   [Code Root Purge: 0.0 ms]
   [Clear CT: 0.1 ms]
   [Other: 0.7 ms]
      [Choose CSet: 0.0 ms]
      [Ref Proc: 0.2 ms]
      [Ref Enq: 0.0 ms]
      [Redirty Cards: 0.1 ms]
      [Humongous Register: 0.0 ms]
      [Humongous Reclaim: 0.0 ms]
      [Free CSet: 0.1 ms]
   [Eden: 179.0M(179.0M)->0.0B(269.0M) Survivors: 5120.0K->7168.0K Heap: 395.9M(1024.0M)->219.1M(1024.0M)]
 [Times: user=0.04 sys=0.00, real=0.01 secs] 
2019-11-03T20:51:17.154+0800: 39112.251: [GC pause (G1 Evacuation Pause) (young), 0.0279050 secs]
   [Parallel Time: 26.4 ms, GC Workers: 4]
      [GC Worker Start (ms): Min: 39112251.5, Avg: 39112251.6, Max: 39112251.8, Diff: 0.4]
      [Ext Root Scanning (ms): Min: 1.0, Avg: 1.2, Max: 1.3, Diff: 0.3, Sum: 4.9]
      [Update RS (ms): Min: 1.0, Avg: 1.4, Max: 1.7, Diff: 0.8, Sum: 5.5]
         [Processed Buffers: Min: 1, Avg: 8.8, Max: 17, Diff: 16, Sum: 35]
      [Scan RS (ms): Min: 0.0, Avg: 0.2, Max: 0.6, Diff: 0.6, Sum: 0.9]
      [Code Root Scanning (ms): Min: 0.0, Avg: 0.0, Max: 0.0, Diff: 0.0, Sum: 0.0]
      [Object Copy (ms): Min: 23.1, Avg: 23.2, Max: 23.3, Diff: 0.2, Sum: 92.6]
      [Termination (ms): Min: 0.0, Avg: 0.1, Max: 0.2, Diff: 0.2, Sum: 0.5]
         [Termination Attempts: Min: 1, Avg: 1.0, Max: 1, Diff: 0, Sum: 4]
      [GC Worker Other (ms): Min: 0.0, Avg: 0.0, Max: 0.0, Diff: 0.0, Sum: 0.1]
      [GC Worker Total (ms): Min: 25.9, Avg: 26.1, Max: 26.2, Diff: 0.3, Sum: 104.6]
      [GC Worker End (ms): Min: 39112277.7, Avg: 39112277.7, Max: 39112277.7, Diff: 0.1]
   [Code Root Fixup: 0.0 ms]
   [Code Root Purge: 0.0 ms]
   [Clear CT: 0.2 ms]
   [Other: 1.4 ms]
      [Choose CSet: 0.0 ms]
      [Ref Proc: 0.6 ms]
      [Ref Enq: 0.0 ms]
      [Redirty Cards: 0.1 ms]
      [Humongous Register: 0.2 ms]
      [Humongous Reclaim: 0.0 ms]
      [Free CSet: 0.2 ms]
   [Eden: 269.0M(269.0M)->0.0B(64.0M) Survivors: 7168.0K->7168.0K Heap: 488.1M(1024.0M)->219.6M(1024.0M)]
 [Times: user=0.07 sys=0.03, real=0.03 secs] 
2019-11-03T20:51:31.029+0800: 39126.126: [GC pause (G1 Evacuation Pause) (young), 0.0216063 secs]
   [Parallel Time: 20.7 ms, GC Workers: 4]
      [GC Worker Start (ms): Min: 39126126.1, Avg: 39126126.2, Max: 39126126.5, Diff: 0.4]
      [Ext Root Scanning (ms): Min: 0.7, Avg: 1.0, Max: 1.2, Diff: 0.5, Sum: 4.2]
      [Update RS (ms): Min: 1.2, Avg: 1.3, Max: 1.5, Diff: 0.3, Sum: 5.3]
         [Processed Buffers: Min: 1, Avg: 7.0, Max: 17, Diff: 16, Sum: 28]
      [Scan RS (ms): Min: 0.0, Avg: 0.0, Max: 0.1, Diff: 0.1, Sum: 0.2]
      [Code Root Scanning (ms): Min: 0.0, Avg: 0.0, Max: 0.0, Diff: 0.0, Sum: 0.0]
      [Object Copy (ms): Min: 17.8, Avg: 18.0, Max: 18.1, Diff: 0.3, Sum: 72.0]
      [Termination (ms): Min: 0.0, Avg: 0.0, Max: 0.0, Diff: 0.0, Sum: 0.0]
         [Termination Attempts: Min: 1, Avg: 1.0, Max: 1, Diff: 0, Sum: 4]
      [GC Worker Other (ms): Min: 0.0, Avg: 0.0, Max: 0.1, Diff: 0.0, Sum: 0.2]
      [GC Worker Total (ms): Min: 20.1, Avg: 20.5, Max: 20.6, Diff: 0.4, Sum: 81.9]
      [GC Worker End (ms): Min: 39126146.6, Avg: 39126146.7, Max: 39126146.7, Diff: 0.0]
   [Code Root Fixup: 0.0 ms]
   [Code Root Purge: 0.0 ms]
   [Clear CT: 0.1 ms]
   [Other: 0.8 ms]
      [Choose CSet: 0.0 ms]
      [Ref Proc: 0.3 ms]
      [Ref Enq: 0.0 ms]
      [Redirty Cards: 0.1 ms]
      [Humongous Register: 0.1 ms]
      [Humongous Reclaim: 0.0 ms]
      [Free CSet: 0.1 ms]
   [Eden: 64.0M(64.0M)->0.0B(46.0M) Survivors: 7168.0K->5120.0K Heap: 283.6M(1024.0M)->219.7M(1024.0M)]
 [Times: user=0.06 sys=0.01, real=0.03 secs] 
2019-11-03T20:51:40.979+0800: 39136.075: [GC pause (G1 Evacuation Pause) (young), 0.0193943 secs]
   [Parallel Time: 17.4 ms, GC Workers: 4]
      [GC Worker Start (ms): Min: 39136075.1, Avg: 39136075.3, Max: 39136075.8, Diff: 0.7]
      [Ext Root Scanning (ms): Min: 0.0, Avg: 0.5, Max: 0.6, Diff: 0.6, Sum: 1.9]
      [Update RS (ms): Min: 1.3, Avg: 2.1, Max: 4.0, Diff: 2.6, Sum: 8.4]
         [Processed Buffers: Min: 0, Avg: 8.0, Max: 16, Diff: 16, Sum: 32]
      [Scan RS (ms): Min: 0.3, Avg: 3.2, Max: 6.5, Diff: 6.2, Sum: 12.7]
      [Code Root Scanning (ms): Min: 0.0, Avg: 0.0, Max: 0.0, Diff: 0.0, Sum: 0.0]
      [Object Copy (ms): Min: 8.4, Avg: 10.9, Max: 11.9, Diff: 3.5, Sum: 43.5]
      [Termination (ms): Min: 0.0, Avg: 0.3, Max: 0.5, Diff: 0.5, Sum: 1.2]
         [Termination Attempts: Min: 1, Avg: 1.0, Max: 1, Diff: 0, Sum: 4]
      [GC Worker Other (ms): Min: 0.0, Avg: 0.0, Max: 0.0, Diff: 0.0, Sum: 0.1]
      [GC Worker Total (ms): Min: 16.6, Avg: 16.9, Max: 17.3, Diff: 0.7, Sum: 67.7]
      [GC Worker End (ms): Min: 39136092.0, Avg: 39136092.2, Max: 39136092.5, Diff: 0.4]
   [Code Root Fixup: 0.0 ms]
   [Code Root Purge: 0.0 ms]
   [Clear CT: 0.1 ms]
   [Other: 1.9 ms]
      [Choose CSet: 0.0 ms]
      [Ref Proc: 1.2 ms]
      [Ref Enq: 0.0 ms]
      [Redirty Cards: 0.2 ms]
      [Humongous Register: 0.0 ms]
      [Humongous Reclaim: 0.0 ms]
      [Free CSet: 0.1 ms]
   [Eden: 46.0M(46.0M)->0.0B(45.0M) Survivors: 5120.0K->6144.0K Heap: 265.7M(1024.0M)->220.7M(1024.0M)]
 [Times: user=0.05 sys=0.00, real=0.02 secs] 
2019-11-03T20:51:50.836+0800: 39145.933: [GC pause (G1 Evacuation Pause) (young), 0.0200499 secs]
   [Parallel Time: 19.3 ms, GC Workers: 4]
      [GC Worker Start (ms): Min: 39145932.8, Avg: 39145933.0, Max: 39145933.5, Diff: 0.7]
      [Ext Root Scanning (ms): Min: 0.2, Avg: 1.4, Max: 3.4, Diff: 3.2, Sum: 5.4]
      [Update RS (ms): Min: 0.4, Avg: 2.3, Max: 3.1, Diff: 2.7, Sum: 9.1]
         [Processed Buffers: Min: 4, Avg: 7.2, Max: 13, Diff: 9, Sum: 29]
      [Scan RS (ms): Min: 2.1, Avg: 2.2, Max: 2.3, Diff: 0.3, Sum: 8.9]
      [Code Root Scanning (ms): Min: 0.0, Avg: 0.0, Max: 0.0, Diff: 0.0, Sum: 0.0]
      [Object Copy (ms): Min: 11.1, Avg: 11.2, Max: 11.2, Diff: 0.1, Sum: 44.6]
      [Termination (ms): Min: 0.0, Avg: 0.6, Max: 2.0, Diff: 2.0, Sum: 2.2]
         [Termination Attempts: Min: 1, Avg: 1.0, Max: 1, Diff: 0, Sum: 4]
      [GC Worker Other (ms): Min: 0.0, Avg: 0.0, Max: 0.0, Diff: 0.0, Sum: 0.1]
      [GC Worker Total (ms): Min: 17.3, Avg: 17.6, Max: 18.5, Diff: 1.2, Sum: 70.3]
      [GC Worker End (ms): Min: 39145950.1, Avg: 39145950.6, Max: 39145952.0, Diff: 1.9]
   [Code Root Fixup: 0.0 ms]
   [Code Root Purge: 0.0 ms]
   [Clear CT: 0.1 ms]
   [Other: 0.7 ms]
      [Choose CSet: 0.0 ms]
      [Ref Proc: 0.1 ms]
      [Ref Enq: 0.0 ms]
      [Redirty Cards: 0.0 ms]
      [Humongous Register: 0.1 ms]
      [Humongous Reclaim: 0.0 ms]
      [Free CSet: 0.1 ms]
   [Eden: 45.0M(45.0M)->0.0B(46.0M) Survivors: 6144.0K->5120.0K Heap: 265.7M(1024.0M)->220.5M(1024.0M)]
 [Times: user=0.05 sys=0.00, real=0.02 secs] 
2019-11-03T20:52:00.701+0800: 39155.797: [GC pause (G1 Evacuation Pause) (young), 0.0152762 secs]
   [Parallel Time: 14.6 ms, GC Workers: 4]
      [GC Worker Start (ms): Min: 39155797.0, Avg: 39155797.0, Max: 39155797.1, Diff: 0.1]
      [Ext Root Scanning (ms): Min: 0.8, Avg: 1.0, Max: 1.5, Diff: 0.6, Sum: 4.1]
      [Update RS (ms): Min: 1.7, Avg: 2.0, Max: 2.4, Diff: 0.7, Sum: 8.0]
         [Processed Buffers: Min: 1, Avg: 7.5, Max: 16, Diff: 15, Sum: 30]
      [Scan RS (ms): Min: 3.1, Avg: 3.4, Max: 3.6, Diff: 0.5, Sum: 13.7]
      [Code Root Scanning (ms): Min: 0.0, Avg: 0.0, Max: 0.0, Diff: 0.0, Sum: 0.0]
      [Object Copy (ms): Min: 7.7, Avg: 8.0, Max: 8.3, Diff: 0.6, Sum: 32.0]
      [Termination (ms): Min: 0.0, Avg: 0.0, Max: 0.0, Diff: 0.0, Sum: 0.0]
         [Termination Attempts: Min: 1, Avg: 1.0, Max: 1, Diff: 0, Sum: 4]
      [GC Worker Other (ms): Min: 0.0, Avg: 0.0, Max: 0.1, Diff: 0.0, Sum: 0.2]
      [GC Worker Total (ms): Min: 14.4, Avg: 14.5, Max: 14.5, Diff: 0.0, Sum: 57.9]
      [GC Worker End (ms): Min: 39155811.5, Avg: 39155811.5, Max: 39155811.5, Diff: 0.0]
   [Code Root Fixup: 0.0 ms]
   [Code Root Purge: 0.0 ms]
   [Clear CT: 0.1 ms]
   [Other: 0.6 ms]
      [Choose CSet: 0.0 ms]
      [Ref Proc: 0.2 ms]
      [Ref Enq: 0.0 ms]
      [Redirty Cards: 0.1 ms]
      [Humongous Register: 0.0 ms]
      [Humongous Reclaim: 0.0 ms]
      [Free CSet: 0.1 ms]
   [Eden: 46.0M(46.0M)->0.0B(72.0M) Survivors: 5120.0K->5120.0K Heap: 266.5M(1024.0M)->220.5M(1024.0M)]
 [Times: user=0.06 sys=0.00, real=0.01 secs] 
2019-11-03T20:52:10.539+0800: 39165.634: [GC pause (G1 Evacuation Pause) (young), 0.0149546 secs]
   [Parallel Time: 14.2 ms, GC Workers: 4]
      [GC Worker Start (ms): Min: 39165634.5, Avg: 39165634.7, Max: 39165635.4, Diff: 0.9]
      [Ext Root Scanning (ms): Min: 0.0, Avg: 0.5, Max: 0.7, Diff: 0.7, Sum: 2.0]
      [Update RS (ms): Min: 0.8, Avg: 1.3, Max: 1.8, Diff: 1.0, Sum: 5.1]
         [Processed Buffers: Min: 3, Avg: 7.2, Max: 11, Diff: 8, Sum: 29]
      [Scan RS (ms): Min: 1.7, Avg: 2.2, Max: 2.4, Diff: 0.7, Sum: 8.6]
      [Code Root Scanning (ms): Min: 0.0, Avg: 0.0, Max: 0.0, Diff: 0.0, Sum: 0.0]
      [Object Copy (ms): Min: 9.7, Avg: 9.8, Max: 9.9, Diff: 0.1, Sum: 39.1]
      [Termination (ms): Min: 0.0, Avg: 0.2, Max: 0.3, Diff: 0.3, Sum: 0.7]
         [Termination Attempts: Min: 1, Avg: 1.5, Max: 2, Diff: 1, Sum: 6]
      [GC Worker Other (ms): Min: 0.0, Avg: 0.0, Max: 0.0, Diff: 0.0, Sum: 0.1]
      [GC Worker Total (ms): Min: 13.1, Avg: 13.9, Max: 14.2, Diff: 1.1, Sum: 55.5]
      [GC Worker End (ms): Min: 39165648.5, Avg: 39165648.6, Max: 39165648.6, Diff: 0.1]
   [Code Root Fixup: 0.0 ms]
   [Code Root Purge: 0.0 ms]
   [Clear CT: 0.1 ms]
   [Other: 0.6 ms]
      [Choose CSet: 0.0 ms]
      [Ref Proc: 0.2 ms]
      [Ref Enq: 0.0 ms]
      [Redirty Cards: 0.1 ms]
      [Humongous Register: 0.0 ms]
      [Humongous Reclaim: 0.0 ms]
      [Free CSet: 0.1 ms]
   [Eden: 46.0M(46.0M)->0.0B(135.0M) Survivors: 5120.0K->5120.0K Heap: 266.5M(1024.0M)->220.5M(1024.0M)]
 [Times: user=0.04 sys=0.01, real=0.02 secs] 
2019-11-03T20:52:50.115+0800: 39205.209: [GC pause (G1 Evacuation Pause) (young), 0.0198853 secs]
   [Parallel Time: 18.9 ms, GC Workers: 4]
      [GC Worker Start (ms): Min: 39205209.1, Avg: 39205209.4, Max: 39205209.8, Diff: 0.7]
      [Ext Root Scanning (ms): Min: 0.3, Avg: 0.7, Max: 1.1, Diff: 0.8, Sum: 3.0]
      [Update RS (ms): Min: 0.2, Avg: 2.5, Max: 3.3, Diff: 3.1, Sum: 9.8]
         [Processed Buffers: Min: 2, Avg: 9.0, Max: 23, Diff: 21, Sum: 36]
      [Scan RS (ms): Min: 2.0, Avg: 2.1, Max: 2.2, Diff: 0.3, Sum: 8.3]
      [Code Root Scanning (ms): Min: 0.0, Avg: 0.0, Max: 0.0, Diff: 0.0, Sum: 0.0]
      [Object Copy (ms): Min: 12.4, Avg: 13.1, Max: 15.2, Diff: 2.9, Sum: 52.3]
      [Termination (ms): Min: 0.0, Avg: 0.0, Max: 0.0, Diff: 0.0, Sum: 0.0]
         [Termination Attempts: Min: 1, Avg: 1.0, Max: 1, Diff: 0, Sum: 4]
      [GC Worker Other (ms): Min: 0.0, Avg: 0.0, Max: 0.1, Diff: 0.0, Sum: 0.2]
      [GC Worker Total (ms): Min: 18.1, Avg: 18.4, Max: 18.8, Diff: 0.7, Sum: 73.6]
      [GC Worker End (ms): Min: 39205227.8, Avg: 39205227.8, Max: 39205227.8, Diff: 0.0]
   [Code Root Fixup: 0.0 ms]
   [Code Root Purge: 0.0 ms]
   [Clear CT: 0.1 ms]
   [Other: 0.9 ms]
      [Choose CSet: 0.0 ms]
      [Ref Proc: 0.2 ms]
      [Ref Enq: 0.0 ms]
      [Redirty Cards: 0.1 ms]
      [Humongous Register: 0.0 ms]
      [Humongous Reclaim: 0.0 ms]
      [Free CSet: 0.2 ms]
   [Eden: 135.0M(135.0M)->0.0B(115.0M) Survivors: 5120.0K->7168.0K Heap: 355.5M(1024.0M)->222.5M(1024.0M)]
 [Times: user=0.06 sys=0.00, real=0.02 secs] 
2019-11-03T20:53:15.678+0800: 39230.771: [GC pause (G1 Evacuation Pause) (young), 0.0225845 secs]
   [Parallel Time: 21.7 ms, GC Workers: 4]
      [GC Worker Start (ms): Min: 39230770.8, Avg: 39230770.9, Max: 39230770.9, Diff: 0.0]
      [Ext Root Scanning (ms): Min: 0.5, Avg: 0.5, Max: 0.5, Diff: 0.1, Sum: 2.1]
      [Update RS (ms): Min: 0.5, Avg: 1.9, Max: 2.5, Diff: 2.0, Sum: 7.7]
         [Processed Buffers: Min: 2, Avg: 8.2, Max: 15, Diff: 13, Sum: 33]
      [Scan RS (ms): Min: 1.6, Avg: 1.6, Max: 1.7, Diff: 0.1, Sum: 6.5]
      [Code Root Scanning (ms): Min: 0.0, Avg: 0.0, Max: 0.0, Diff: 0.0, Sum: 0.0]
      [Object Copy (ms): Min: 17.0, Avg: 17.5, Max: 19.0, Diff: 2.0, Sum: 70.0]
      [Termination (ms): Min: 0.0, Avg: 0.0, Max: 0.0, Diff: 0.0, Sum: 0.0]
         [Termination Attempts: Min: 1, Avg: 1.0, Max: 1, Diff: 0, Sum: 4]
      [GC Worker Other (ms): Min: 0.0, Avg: 0.0, Max: 0.0, Diff: 0.0, Sum: 0.1]
      [GC Worker Total (ms): Min: 21.6, Avg: 21.6, Max: 21.6, Diff: 0.0, Sum: 86.5]
      [GC Worker End (ms): Min: 39230792.5, Avg: 39230792.5, Max: 39230792.5, Diff: 0.0]
   [Code Root Fixup: 0.0 ms]
   [Code Root Purge: 0.0 ms]
   [Clear CT: 0.1 ms]
   [Other: 0.8 ms]
      [Choose CSet: 0.0 ms]
      [Ref Proc: 0.2 ms]
      [Ref Enq: 0.0 ms]
      [Redirty Cards: 0.1 ms]
      [Humongous Register: 0.1 ms]
      [Humongous Reclaim: 0.0 ms]
      [Free CSet: 0.1 ms]
   [Eden: 115.0M(115.0M)->0.0B(67.0M) Survivors: 7168.0K->7168.0K Heap: 337.5M(1024.0M)->222.5M(1024.0M)]
 [Times: user=0.05 sys=0.00, real=0.03 secs] 
2019-11-03T20:53:30.555+0800: 39245.647: [GC pause (G1 Evacuation Pause) (young), 0.0212607 secs]
   [Parallel Time: 20.6 ms, GC Workers: 4]
      [GC Worker Start (ms): Min: 39245647.3, Avg: 39245647.4, Max: 39245647.6, Diff: 0.3]
      [Ext Root Scanning (ms): Min: 0.4, Avg: 0.6, Max: 0.7, Diff: 0.3, Sum: 2.5]
      [Update RS (ms): Min: 1.0, Avg: 1.5, Max: 1.9, Diff: 0.9, Sum: 6.0]
         [Processed Buffers: Min: 2, Avg: 9.0, Max: 22, Diff: 20, Sum: 36]
      [Scan RS (ms): Min: 1.2, Avg: 1.4, Max: 1.5, Diff: 0.4, Sum: 5.7]
      [Code Root Scanning (ms): Min: 0.0, Avg: 0.0, Max: 0.0, Diff: 0.0, Sum: 0.0]
      [Object Copy (ms): Min: 16.6, Avg: 16.8, Max: 17.3, Diff: 0.7, Sum: 67.3]
      [Termination (ms): Min: 0.0, Avg: 0.0, Max: 0.0, Diff: 0.0, Sum: 0.0]
         [Termination Attempts: Min: 1, Avg: 1.0, Max: 1, Diff: 0, Sum: 4]
      [GC Worker Other (ms): Min: 0.0, Avg: 0.0, Max: 0.1, Diff: 0.0, Sum: 0.2]
      [GC Worker Total (ms): Min: 20.2, Avg: 20.4, Max: 20.5, Diff: 0.3, Sum: 81.7]
      [GC Worker End (ms): Min: 39245667.8, Avg: 39245667.8, Max: 39245667.8, Diff: 0.0]
   [Code Root Fixup: 0.0 ms]
   [Code Root Purge: 0.0 ms]
   [Clear CT: 0.1 ms]
   [Other: 0.6 ms]
      [Choose CSet: 0.0 ms]
      [Ref Proc: 0.1 ms]
      [Ref Enq: 0.0 ms]
      [Redirty Cards: 0.1 ms]
      [Humongous Register: 0.1 ms]
      [Humongous Reclaim: 0.0 ms]
      [Free CSet: 0.1 ms]
   [Eden: 67.0M(67.0M)->0.0B(45.0M) Survivors: 7168.0K->6144.0K Heap: 289.5M(1024.0M)->223.6M(1024.0M)]
 [Times: user=0.06 sys=0.01, real=0.02 secs] 
2019-11-03T20:53:40.589+0800: 39255.681: [GC pause (G1 Evacuation Pause) (young), 0.0235903 secs]
   [Parallel Time: 22.8 ms, GC Workers: 4]
      [GC Worker Start (ms): Min: 39255681.1, Avg: 39255681.4, Max: 39255682.0, Diff: 0.9]
      [Ext Root Scanning (ms): Min: 0.2, Avg: 0.8, Max: 1.0, Diff: 0.8, Sum: 3.2]
      [Update RS (ms): Min: 3.9, Avg: 5.0, Max: 6.6, Diff: 2.7, Sum: 19.9]
         [Processed Buffers: Min: 3, Avg: 9.5, Max: 14, Diff: 11, Sum: 38]
      [Scan RS (ms): Min: 1.8, Avg: 3.4, Max: 4.5, Diff: 2.6, Sum: 13.6]
      [Code Root Scanning (ms): Min: 0.0, Avg: 0.0, Max: 0.0, Diff: 0.0, Sum: 0.0]
      [Object Copy (ms): Min: 13.3, Avg: 13.3, Max: 13.4, Diff: 0.1, Sum: 53.3]
      [Termination (ms): Min: 0.0, Avg: 0.0, Max: 0.0, Diff: 0.0, Sum: 0.0]
         [Termination Attempts: Min: 1, Avg: 1.0, Max: 1, Diff: 0, Sum: 4]
      [GC Worker Other (ms): Min: 0.0, Avg: 0.0, Max: 0.1, Diff: 0.0, Sum: 0.2]
      [GC Worker Total (ms): Min: 21.9, Avg: 22.5, Max: 22.8, Diff: 0.9, Sum: 90.1]
      [GC Worker End (ms): Min: 39255703.9, Avg: 39255703.9, Max: 39255703.9, Diff: 0.0]
   [Code Root Fixup: 0.0 ms]
   [Code Root Purge: 0.0 ms]
   [Clear CT: 0.1 ms]
   [Other: 0.6 ms]
      [Choose CSet: 0.0 ms]
      [Ref Proc: 0.2 ms]
      [Ref Enq: 0.0 ms]
      [Redirty Cards: 0.1 ms]
      [Humongous Register: 0.0 ms]
      [Humongous Reclaim: 0.0 ms]
      [Free CSet: 0.1 ms]
   [Eden: 45.0M(45.0M)->0.0B(52.0M) Survivors: 6144.0K->5120.0K Heap: 268.6M(1024.0M)->224.4M(1024.0M)]
 [Times: user=0.07 sys=0.00, real=0.03 secs] 
2019-11-03T20:53:50.564+0800: 39265.656: [GC pause (G1 Evacuation Pause) (young), 0.0175726 secs]
   [Parallel Time: 16.9 ms, GC Workers: 4]
      [GC Worker Start (ms): Min: 39265655.8, Avg: 39265656.2, Max: 39265657.6, Diff: 1.8]
      [Ext Root Scanning (ms): Min: 0.0, Avg: 0.8, Max: 1.1, Diff: 1.1, Sum: 3.1]
      [Update RS (ms): Min: 3.2, Avg: 3.6, Max: 4.2, Diff: 1.0, Sum: 14.6]
         [Processed Buffers: Min: 2, Avg: 7.8, Max: 17, Diff: 15, Sum: 31]
      [Scan RS (ms): Min: 3.6, Avg: 3.9, Max: 4.3, Diff: 0.6, Sum: 15.8]
      [Code Root Scanning (ms): Min: 0.0, Avg: 0.0, Max: 0.0, Diff: 0.0, Sum: 0.0]
      [Object Copy (ms): Min: 7.8, Avg: 7.8, Max: 7.9, Diff: 0.1, Sum: 31.4]
      [Termination (ms): Min: 0.0, Avg: 0.0, Max: 0.0, Diff: 0.0, Sum: 0.0]
         [Termination Attempts: Min: 1, Avg: 1.0, Max: 1, Diff: 0, Sum: 4]
      [GC Worker Other (ms): Min: 0.0, Avg: 0.0, Max: 0.0, Diff: 0.0, Sum: 0.1]
      [GC Worker Total (ms): Min: 14.9, Avg: 16.3, Max: 16.7, Diff: 1.8, Sum: 65.0]
      [GC Worker End (ms): Min: 39265672.5, Avg: 39265672.5, Max: 39265672.5, Diff: 0.0]
   [Code Root Fixup: 0.0 ms]
   [Code Root Purge: 0.0 ms]
   [Clear CT: 0.1 ms]
   [Other: 0.6 ms]
      [Choose CSet: 0.0 ms]
      [Ref Proc: 0.1 ms]
      [Ref Enq: 0.0 ms]
      [Redirty Cards: 0.1 ms]
      [Humongous Register: 0.0 ms]
      [Humongous Reclaim: 0.0 ms]
      [Free CSet: 0.1 ms]
   [Eden: 46.0M(46.0M)->0.0B(93.0M) Survivors: 5120.0K->5120.0K Heap: 270.4M(1024.0M)->224.4M(1024.0M)]
 [Times: user=0.06 sys=0.00, real=0.02 secs] 
2019-11-03T20:54:00.307+0800: 39275.398: [GC pause (G1 Evacuation Pause) (young), 0.0189553 secs]
   [Parallel Time: 18.2 ms, GC Workers: 4]
      [GC Worker Start (ms): Min: 39275398.4, Avg: 39275398.5, Max: 39275398.8, Diff: 0.4]
      [Ext Root Scanning (ms): Min: 0.7, Avg: 1.1, Max: 1.3, Diff: 0.5, Sum: 4.2]
      [Update RS (ms): Min: 2.5, Avg: 3.1, Max: 3.5, Diff: 1.0, Sum: 12.6]
         [Processed Buffers: Min: 2, Avg: 8.5, Max: 15, Diff: 13, Sum: 34]
      [Scan RS (ms): Min: 3.5, Avg: 3.9, Max: 4.1, Diff: 0.6, Sum: 15.5]
      [Code Root Scanning (ms): Min: 0.0, Avg: 0.0, Max: 0.0, Diff: 0.0, Sum: 0.0]
      [Object Copy (ms): Min: 9.4, Avg: 10.0, Max: 11.0, Diff: 1.6, Sum: 39.8]
      [Termination (ms): Min: 0.0, Avg: 0.0, Max: 0.0, Diff: 0.0, Sum: 0.0]
         [Termination Attempts: Min: 1, Avg: 1.0, Max: 1, Diff: 0, Sum: 4]
      [GC Worker Other (ms): Min: 0.0, Avg: 0.0, Max: 0.0, Diff: 0.0, Sum: 0.1]
      [GC Worker Total (ms): Min: 17.8, Avg: 18.1, Max: 18.2, Diff: 0.4, Sum: 72.3]
      [GC Worker End (ms): Min: 39275416.6, Avg: 39275416.6, Max: 39275416.6, Diff: 0.0]
   [Code Root Fixup: 0.0 ms]
   [Code Root Purge: 0.0 ms]
   [Clear CT: 0.1 ms]
   [Other: 0.6 ms]
      [Choose CSet: 0.0 ms]
      [Ref Proc: 0.2 ms]
      [Ref Enq: 0.0 ms]
      [Redirty Cards: 0.1 ms]
      [Humongous Register: 0.0 ms]
      [Humongous Reclaim: 0.0 ms]
      [Free CSet: 0.1 ms]
   [Eden: 46.0M(46.0M)->0.0B(95.0M) Survivors: 5120.0K->7168.0K Heap: 270.4M(1024.0M)->226.4M(1024.0M)]
 [Times: user=0.07 sys=0.00, real=0.02 secs] 
2019-11-03T20:54:09.828+0800: 39284.919: [GC pause (G1 Evacuation Pause) (young), 0.0163721 secs]
   [Parallel Time: 15.7 ms, GC Workers: 4]
      [GC Worker Start (ms): Min: 39284918.7, Avg: 39284918.7, Max: 39284918.8, Diff: 0.1]
      [Ext Root Scanning (ms): Min: 0.4, Avg: 0.5, Max: 0.5, Diff: 0.1, Sum: 2.0]
      [Update RS (ms): Min: 1.4, Avg: 1.5, Max: 1.8, Diff: 0.3, Sum: 6.1]
         [Processed Buffers: Min: 6, Avg: 7.8, Max: 9, Diff: 3, Sum: 31]
      [Scan RS (ms): Min: 2.1, Avg: 2.3, Max: 2.4, Diff: 0.3, Sum: 9.3]
      [Code Root Scanning (ms): Min: 0.0, Avg: 0.0, Max: 0.0, Diff: 0.0, Sum: 0.0]
      [Object Copy (ms): Min: 11.1, Avg: 11.2, Max: 11.2, Diff: 0.1, Sum: 44.7]
      [Termination (ms): Min: 0.0, Avg: 0.0, Max: 0.0, Diff: 0.0, Sum: 0.0]
         [Termination Attempts: Min: 1, Avg: 1.0, Max: 1, Diff: 0, Sum: 4]
      [GC Worker Other (ms): Min: 0.0, Avg: 0.0, Max: 0.0, Diff: 0.0, Sum: 0.1]
      [GC Worker Total (ms): Min: 15.5, Avg: 15.5, Max: 15.6, Diff: 0.1, Sum: 62.2]
      [GC Worker End (ms): Min: 39284934.2, Avg: 39284934.3, Max: 39284934.3, Diff: 0.0]
   [Code Root Fixup: 0.0 ms]
   [Code Root Purge: 0.0 ms]
   [Clear CT: 0.1 ms]
   [Other: 0.6 ms]
      [Choose CSet: 0.0 ms]
      [Ref Proc: 0.2 ms]
      [Ref Enq: 0.0 ms]
      [Redirty Cards: 0.0 ms]
      [Humongous Register: 0.1 ms]
      [Humongous Reclaim: 0.0 ms]
      [Free CSet: 0.1 ms]
   [Eden: 44.0M(44.0M)->0.0B(189.0M) Survivors: 7168.0K->5120.0K Heap: 270.4M(1024.0M)->225.7M(1024.0M)]
 [Times: user=0.05 sys=0.01, real=0.02 secs] 
2019-11-03T20:54:19.621+0800: 39294.711: [GC pause (G1 Evacuation Pause) (young), 0.0161492 secs]
   [Parallel Time: 15.3 ms, GC Workers: 4]
      [GC Worker Start (ms): Min: 39294711.1, Avg: 39294711.2, Max: 39294711.5, Diff: 0.3]
      [Ext Root Scanning (ms): Min: 0.5, Avg: 0.8, Max: 0.9, Diff: 0.4, Sum: 3.1]
      [Update RS (ms): Min: 3.2, Avg: 3.3, Max: 3.4, Diff: 0.2, Sum: 13.3]
         [Processed Buffers: Min: 2, Avg: 8.0, Max: 20, Diff: 18, Sum: 32]
      [Scan RS (ms): Min: 4.4, Avg: 4.5, Max: 4.7, Diff: 0.3, Sum: 18.1]
      [Code Root Scanning (ms): Min: 0.0, Avg: 0.0, Max: 0.0, Diff: 0.0, Sum: 0.0]
      [Object Copy (ms): Min: 6.3, Avg: 6.5, Max: 6.6, Diff: 0.3, Sum: 26.0]
      [Termination (ms): Min: 0.0, Avg: 0.0, Max: 0.0, Diff: 0.0, Sum: 0.0]
         [Termination Attempts: Min: 1, Avg: 1.0, Max: 1, Diff: 0, Sum: 4]
      [GC Worker Other (ms): Min: 0.0, Avg: 0.0, Max: 0.0, Diff: 0.0, Sum: 0.1]
      [GC Worker Total (ms): Min: 14.9, Avg: 15.2, Max: 15.3, Diff: 0.3, Sum: 60.7]
      [GC Worker End (ms): Min: 39294726.4, Avg: 39294726.4, Max: 39294726.4, Diff: 0.0]
   [Code Root Fixup: 0.0 ms]
   [Code Root Purge: 0.0 ms]
   [Clear CT: 0.1 ms]
   [Other: 0.7 ms]
      [Choose CSet: 0.0 ms]
      [Ref Proc: 0.3 ms]
      [Ref Enq: 0.0 ms]
      [Redirty Cards: 0.1 ms]
      [Humongous Register: 0.0 ms]
      [Humongous Reclaim: 0.0 ms]
      [Free CSet: 0.1 ms]
   [Eden: 46.0M(46.0M)->0.0B(179.0M) Survivors: 5120.0K->5120.0K Heap: 271.7M(1024.0M)->225.7M(1024.0M)]
 [Times: user=0.06 sys=0.00, real=0.01 secs] 
2019-11-03T20:54:29.401+0800: 39304.490: [GC pause (G1 Evacuation Pause) (young), 0.0181764 secs]
   [Parallel Time: 17.5 ms, GC Workers: 4]
      [GC Worker Start (ms): Min: 39304490.6, Avg: 39304490.7, Max: 39304490.8, Diff: 0.1]
      [Ext Root Scanning (ms): Min: 0.8, Avg: 0.9, Max: 0.9, Diff: 0.1, Sum: 3.5]
      [Update RS (ms): Min: 2.6, Avg: 2.9, Max: 3.1, Diff: 0.5, Sum: 11.5]
         [Processed Buffers: Min: 1, Avg: 8.0, Max: 15, Diff: 14, Sum: 32]
      [Scan RS (ms): Min: 4.3, Avg: 4.6, Max: 4.8, Diff: 0.5, Sum: 18.3]
      [Code Root Scanning (ms): Min: 0.0, Avg: 0.0, Max: 0.0, Diff: 0.0, Sum: 0.0]
      [Object Copy (ms): Min: 8.9, Avg: 9.0, Max: 9.0, Diff: 0.1, Sum: 35.9]
      [Termination (ms): Min: 0.0, Avg: 0.0, Max: 0.0, Diff: 0.0, Sum: 0.0]
         [Termination Attempts: Min: 1, Avg: 1.0, Max: 1, Diff: 0, Sum: 4]
      [GC Worker Other (ms): Min: 0.0, Avg: 0.0, Max: 0.0, Diff: 0.0, Sum: 0.1]
      [GC Worker Total (ms): Min: 17.3, Avg: 17.3, Max: 17.4, Diff: 0.1, Sum: 69.3]
      [GC Worker End (ms): Min: 39304508.0, Avg: 39304508.0, Max: 39304508.0, Diff: 0.0]
   [Code Root Fixup: 0.0 ms]
   [Code Root Purge: 0.0 ms]
   [Clear CT: 0.2 ms]
   [Other: 0.5 ms]
      [Choose CSet: 0.0 ms]
      [Ref Proc: 0.1 ms]
      [Ref Enq: 0.0 ms]
      [Redirty Cards: 0.1 ms]
      [Humongous Register: 0.0 ms]
      [Humongous Reclaim: 0.0 ms]
      [Free CSet: 0.1 ms]
   [Eden: 46.0M(46.0M)->0.0B(155.0M) Survivors: 5120.0K->6144.0K Heap: 271.7M(1024.0M)->226.7M(1024.0M)]
 [Times: user=0.07 sys=0.00, real=0.01 secs] 
2019-11-03T20:54:38.980+0800: 39314.069: [GC pause (G1 Evacuation Pause) (young), 0.0643979 secs]
   [Parallel Time: 62.7 ms, GC Workers: 4]
      [GC Worker Start (ms): Min: 39314069.5, Avg: 39314069.9, Max: 39314070.7, Diff: 1.2]
      [Ext Root Scanning (ms): Min: 0.0, Avg: 0.7, Max: 1.1, Diff: 1.1, Sum: 2.7]
      [Update RS (ms): Min: 0.0, Avg: 3.9, Max: 11.3, Diff: 11.3, Sum: 15.4]
         [Processed Buffers: Min: 0, Avg: 9.5, Max: 23, Diff: 23, Sum: 38]
      [Scan RS (ms): Min: 0.0, Avg: 13.7, Max: 45.2, Diff: 45.2, Sum: 54.7]
      [Code Root Scanning (ms): Min: 0.0, Avg: 0.0, Max: 0.0, Diff: 0.0, Sum: 0.0]
      [Object Copy (ms): Min: 7.3, Avg: 36.9, Max: 54.4, Diff: 47.1, Sum: 147.6]
      [Termination (ms): Min: 0.0, Avg: 3.6, Max: 7.1, Diff: 7.1, Sum: 14.4]
         [Termination Attempts: Min: 1, Avg: 1.5, Max: 2, Diff: 1, Sum: 6]
      [GC Worker Other (ms): Min: 0.0, Avg: 0.0, Max: 0.0, Diff: 0.0, Sum: 0.1]
      [GC Worker Total (ms): Min: 54.5, Avg: 58.7, Max: 62.6, Diff: 8.1, Sum: 235.0]
      [GC Worker End (ms): Min: 39314125.2, Avg: 39314128.7, Max: 39314132.2, Diff: 7.0]
   [Code Root Fixup: 0.0 ms]
   [Code Root Purge: 0.0 ms]
   [Clear CT: 0.1 ms]
   [Other: 1.5 ms]
      [Choose CSet: 0.0 ms]
      [Ref Proc: 0.9 ms]
      [Ref Enq: 0.0 ms]
      [Redirty Cards: 0.1 ms]
      [Humongous Register: 0.1 ms]
      [Humongous Reclaim: 0.0 ms]
      [Free CSet: 0.1 ms]
   [Eden: 45.0M(45.0M)->0.0B(47.0M) Survivors: 6144.0K->4096.0K Heap: 271.7M(1024.0M)->226.0M(1024.0M)]
 [Times: user=0.06 sys=0.00, real=0.06 secs] 
2019-11-03T20:54:49.199+0800: 39324.288: [GC pause (G1 Evacuation Pause) (young), 0.0184075 secs]
   [Parallel Time: 17.5 ms, GC Workers: 4]
      [GC Worker Start (ms): Min: 39324288.0, Avg: 39324288.3, Max: 39324288.9, Diff: 0.9]
      [Ext Root Scanning (ms): Min: 0.0, Avg: 0.6, Max: 0.8, Diff: 0.8, Sum: 2.2]
      [Update RS (ms): Min: 0.0, Avg: 1.5, Max: 2.2, Diff: 2.2, Sum: 6.0]
         [Processed Buffers: Min: 0, Avg: 8.8, Max: 21, Diff: 21, Sum: 35]
      [Scan RS (ms): Min: 3.0, Avg: 5.5, Max: 6.4, Diff: 3.3, Sum: 21.9]
      [Code Root Scanning (ms): Min: 0.0, Avg: 0.0, Max: 0.0, Diff: 0.0, Sum: 0.0]
      [Object Copy (ms): Min: 8.0, Avg: 9.4, Max: 13.3, Diff: 5.3, Sum: 37.6]
      [Termination (ms): Min: 0.0, Avg: 0.1, Max: 0.2, Diff: 0.2, Sum: 0.5]
         [Termination Attempts: Min: 1, Avg: 1.8, Max: 3, Diff: 2, Sum: 7]
      [GC Worker Other (ms): Min: 0.0, Avg: 0.0, Max: 0.0, Diff: 0.0, Sum: 0.1]
      [GC Worker Total (ms): Min: 16.4, Avg: 17.1, Max: 17.3, Diff: 0.9, Sum: 68.2]
      [GC Worker End (ms): Min: 39324305.3, Avg: 39324305.3, Max: 39324305.3, Diff: 0.0]
   [Code Root Fixup: 0.0 ms]
   [Code Root Purge: 0.0 ms]
   [Clear CT: 0.1 ms]
   [Other: 0.9 ms]
      [Choose CSet: 0.0 ms]
      [Ref Proc: 0.2 ms]
      [Ref Enq: 0.0 ms]
      [Redirty Cards: 0.1 ms]
      [Humongous Register: 0.2 ms]
      [Humongous Reclaim: 0.0 ms]
      [Free CSet: 0.1 ms]
   [Eden: 47.0M(47.0M)->0.0B(46.0M) Survivors: 4096.0K->5120.0K Heap: 273.0M(1024.0M)->226.5M(1024.0M)]
 [Times: user=0.05 sys=0.01, real=0.02 secs] 
2019-11-03T20:54:59.059+0800: 39334.147: [GC pause (G1 Evacuation Pause) (young), 0.0187886 secs]
   [Parallel Time: 18.0 ms, GC Workers: 4]
      [GC Worker Start (ms): Min: 39334147.3, Avg: 39334147.8, Max: 39334149.3, Diff: 2.0]
      [Ext Root Scanning (ms): Min: 0.0, Avg: 0.7, Max: 1.0, Diff: 1.0, Sum: 2.9]
      [Update RS (ms): Min: 1.7, Avg: 2.5, Max: 3.0, Diff: 1.3, Sum: 10.0]
         [Processed Buffers: Min: 1, Avg: 9.8, Max: 22, Diff: 21, Sum: 39]
      [Scan RS (ms): Min: 4.6, Avg: 5.2, Max: 6.1, Diff: 1.5, Sum: 20.9]
      [Code Root Scanning (ms): Min: 0.0, Avg: 0.0, Max: 0.0, Diff: 0.0, Sum: 0.0]
      [Object Copy (ms): Min: 8.1, Avg: 8.9, Max: 9.2, Diff: 1.2, Sum: 35.6]
      [Termination (ms): Min: 0.0, Avg: 0.0, Max: 0.0, Diff: 0.0, Sum: 0.0]
         [Termination Attempts: Min: 1, Avg: 1.8, Max: 3, Diff: 2, Sum: 7]
      [GC Worker Other (ms): Min: 0.0, Avg: 0.0, Max: 0.1, Diff: 0.0, Sum: 0.2]
      [GC Worker Total (ms): Min: 16.0, Avg: 17.4, Max: 17.9, Diff: 2.0, Sum: 69.7]
      [GC Worker End (ms): Min: 39334165.2, Avg: 39334165.2, Max: 39334165.3, Diff: 0.0]
   [Code Root Fixup: 0.0 ms]
   [Code Root Purge: 0.0 ms]
   [Clear CT: 0.1 ms]
   [Other: 0.7 ms]
      [Choose CSet: 0.0 ms]
      [Ref Proc: 0.2 ms]
      [Ref Enq: 0.0 ms]
      [Redirty Cards: 0.1 ms]
      [Humongous Register: 0.0 ms]
      [Humongous Reclaim: 0.0 ms]
      [Free CSet: 0.1 ms]
   [Eden: 46.0M(46.0M)->0.0B(44.0M) Survivors: 5120.0K->7168.0K Heap: 272.5M(1024.0M)->228.5M(1024.0M)]
 [Times: user=0.07 sys=0.00, real=0.02 secs] 
2019-11-03T20:55:08.624+0800: 39343.712: [GC pause (G1 Evacuation Pause) (young), 0.0152831 secs]
   [Parallel Time: 14.6 ms, GC Workers: 4]
      [GC Worker Start (ms): Min: 39343712.1, Avg: 39343712.1, Max: 39343712.3, Diff: 0.2]
      [Ext Root Scanning (ms): Min: 0.4, Avg: 1.1, Max: 2.8, Diff: 2.5, Sum: 4.4]
      [Update RS (ms): Min: 0.0, Avg: 1.1, Max: 1.7, Diff: 1.7, Sum: 4.5]
         [Processed Buffers: Min: 0, Avg: 8.2, Max: 12, Diff: 12, Sum: 33]
      [Scan RS (ms): Min: 2.6, Avg: 3.2, Max: 3.7, Diff: 1.0, Sum: 12.9]
      [Code Root Scanning (ms): Min: 0.0, Avg: 0.0, Max: 0.0, Diff: 0.0, Sum: 0.0]
      [Object Copy (ms): Min: 8.9, Avg: 9.0, Max: 9.0, Diff: 0.1, Sum: 35.9]
      [Termination (ms): Min: 0.0, Avg: 0.0, Max: 0.0, Diff: 0.0, Sum: 0.0]
         [Termination Attempts: Min: 1, Avg: 3.2, Max: 6, Diff: 5, Sum: 13]
      [GC Worker Other (ms): Min: 0.0, Avg: 0.0, Max: 0.0, Diff: 0.0, Sum: 0.1]
      [GC Worker Total (ms): Min: 14.3, Avg: 14.5, Max: 14.5, Diff: 0.2, Sum: 57.9]
      [GC Worker End (ms): Min: 39343726.6, Avg: 39343726.6, Max: 39343726.6, Diff: 0.0]
   [Code Root Fixup: 0.0 ms]
   [Code Root Purge: 0.0 ms]
   [Clear CT: 0.1 ms]
   [Other: 0.6 ms]
      [Choose CSet: 0.0 ms]
      [Ref Proc: 0.1 ms]
      [Ref Enq: 0.0 ms]
      [Redirty Cards: 0.1 ms]
      [Humongous Register: 0.0 ms]
      [Humongous Reclaim: 0.0 ms]
      [Free CSet: 0.1 ms]
   [Eden: 44.0M(44.0M)->0.0B(46.0M) Survivors: 7168.0K->5120.0K Heap: 272.5M(1024.0M)->227.2M(1024.0M)]
 [Times: user=0.05 sys=0.00, real=0.01 secs] 
2019-11-03T20:55:18.513+0800: 39353.601: [GC pause (G1 Evacuation Pause) (young), 0.0198777 secs]
   [Parallel Time: 18.9 ms, GC Workers: 4]
      [GC Worker Start (ms): Min: 39353601.2, Avg: 39353601.2, Max: 39353601.3, Diff: 0.2]
      [Ext Root Scanning (ms): Min: 0.7, Avg: 1.2, Max: 2.7, Diff: 2.0, Sum: 4.9]
      [Update RS (ms): Min: 0.0, Avg: 1.5, Max: 2.1, Diff: 2.1, Sum: 5.9]
         [Processed Buffers: Min: 0, Avg: 8.8, Max: 13, Diff: 13, Sum: 35]
      [Scan RS (ms): Min: 4.0, Avg: 4.2, Max: 4.4, Diff: 0.4, Sum: 16.8]
      [Code Root Scanning (ms): Min: 0.0, Avg: 0.0, Max: 0.0, Diff: 0.0, Sum: 0.0]
      [Object Copy (ms): Min: 11.6, Avg: 11.7, Max: 11.8, Diff: 0.2, Sum: 46.7]
      [Termination (ms): Min: 0.0, Avg: 0.1, Max: 0.2, Diff: 0.2, Sum: 0.5]
         [Termination Attempts: Min: 1, Avg: 1.8, Max: 3, Diff: 2, Sum: 7]
      [GC Worker Other (ms): Min: 0.0, Avg: 0.0, Max: 0.0, Diff: 0.0, Sum: 0.1]
      [GC Worker Total (ms): Min: 18.7, Avg: 18.7, Max: 18.8, Diff: 0.1, Sum: 74.9]
      [GC Worker End (ms): Min: 39353619.9, Avg: 39353620.0, Max: 39353620.0, Diff: 0.1]
   [Code Root Fixup: 0.0 ms]
   [Code Root Purge: 0.0 ms]
   [Clear CT: 0.1 ms]
   [Other: 0.9 ms]
      [Choose CSet: 0.0 ms]
      [Ref Proc: 0.2 ms]
      [Ref Enq: 0.0 ms]
      [Redirty Cards: 0.1 ms]
      [Humongous Register: 0.2 ms]
      [Humongous Reclaim: 0.0 ms]
      [Free CSet: 0.1 ms]
   [Eden: 46.0M(46.0M)->0.0B(46.0M) Survivors: 5120.0K->5120.0K Heap: 273.2M(1024.0M)->227.2M(1024.0M)]
 [Times: user=0.06 sys=0.01, real=0.02 secs] 
2019-11-03T20:55:28.505+0800: 39363.593: [GC pause (G1 Evacuation Pause) (young), 0.0195002 secs]
   [Parallel Time: 18.8 ms, GC Workers: 4]
      [GC Worker Start (ms): Min: 39363592.8, Avg: 39363592.9, Max: 39363593.0, Diff: 0.2]
      [Ext Root Scanning (ms): Min: 0.7, Avg: 0.8, Max: 0.9, Diff: 0.2, Sum: 3.4]
      [Update RS (ms): Min: 2.5, Avg: 2.7, Max: 3.1, Diff: 0.6, Sum: 10.9]
         [Processed Buffers: Min: 4, Avg: 9.8, Max: 15, Diff: 11, Sum: 39]
      [Scan RS (ms): Min: 5.1, Avg: 5.7, Max: 6.1, Diff: 1.0, Sum: 22.8]
      [Code Root Scanning (ms): Min: 0.0, Avg: 0.0, Max: 0.0, Diff: 0.0, Sum: 0.0]
      [Object Copy (ms): Min: 9.0, Avg: 9.3, Max: 9.5, Diff: 0.5, Sum: 37.1]
      [Termination (ms): Min: 0.0, Avg: 0.0, Max: 0.0, Diff: 0.0, Sum: 0.0]
         [Termination Attempts: Min: 1, Avg: 1.2, Max: 2, Diff: 1, Sum: 5]
      [GC Worker Other (ms): Min: 0.0, Avg: 0.0, Max: 0.1, Diff: 0.0, Sum: 0.2]
      [GC Worker Total (ms): Min: 18.5, Avg: 18.6, Max: 18.7, Diff: 0.2, Sum: 74.5]
      [GC Worker End (ms): Min: 39363611.5, Avg: 39363611.5, Max: 39363611.5, Diff: 0.0]
   [Code Root Fixup: 0.0 ms]
   [Code Root Purge: 0.0 ms]
   [Clear CT: 0.1 ms]
   [Other: 0.6 ms]
      [Choose CSet: 0.0 ms]
      [Ref Proc: 0.1 ms]
      [Ref Enq: 0.0 ms]
      [Redirty Cards: 0.1 ms]
      [Humongous Register: 0.0 ms]
      [Humongous Reclaim: 0.0 ms]
      [Free CSet: 0.1 ms]
   [Eden: 46.0M(46.0M)->0.0B(44.0M) Survivors: 5120.0K->7168.0K Heap: 273.2M(1024.0M)->229.2M(1024.0M)]
 [Times: user=0.07 sys=0.01, real=0.02 secs] 
2019-11-03T20:55:38.000+0800: 39373.087: [GC pause (G1 Evacuation Pause) (young), 0.0247115 secs]
   [Parallel Time: 23.5 ms, GC Workers: 4]
      [GC Worker Start (ms): Min: 39373087.5, Avg: 39373089.4, Max: 39373095.0, Diff: 7.5]
      [Ext Root Scanning (ms): Min: 0.0, Avg: 0.5, Max: 0.7, Diff: 0.7, Sum: 2.0]
      [Update RS (ms): Min: 0.0, Avg: 1.2, Max: 1.7, Diff: 1.7, Sum: 4.7]
         [Processed Buffers: Min: 0, Avg: 8.5, Max: 17, Diff: 17, Sum: 34]
      [Scan RS (ms): Min: 0.0, Avg: 3.6, Max: 4.9, Diff: 4.9, Sum: 14.3]
      [Code Root Scanning (ms): Min: 0.0, Avg: 0.0, Max: 0.0, Diff: 0.0, Sum: 0.0]
      [Object Copy (ms): Min: 15.7, Avg: 16.1, Max: 16.3, Diff: 0.6, Sum: 64.4]
      [Termination (ms): Min: 0.0, Avg: 0.1, Max: 0.2, Diff: 0.2, Sum: 0.6]
         [Termination Attempts: Min: 1, Avg: 1.8, Max: 3, Diff: 2, Sum: 7]
      [GC Worker Other (ms): Min: 0.0, Avg: 0.0, Max: 0.0, Diff: 0.0, Sum: 0.1]
      [GC Worker Total (ms): Min: 15.9, Avg: 21.5, Max: 23.5, Diff: 7.6, Sum: 86.1]
      [GC Worker End (ms): Min: 39373110.9, Avg: 39373110.9, Max: 39373111.0, Diff: 0.1]
   [Code Root Fixup: 0.0 ms]
   [Code Root Purge: 0.0 ms]
   [Clear CT: 0.1 ms]
   [Other: 1.1 ms]
      [Choose CSet: 0.0 ms]
      [Ref Proc: 0.3 ms]
      [Ref Enq: 0.0 ms]
      [Redirty Cards: 0.1 ms]
      [Humongous Register: 0.0 ms]
      [Humongous Reclaim: 0.0 ms]
      [Free CSet: 0.2 ms]
   [Eden: 44.0M(44.0M)->0.0B(46.0M) Survivors: 7168.0K->5120.0K Heap: 273.2M(1024.0M)->228.6M(1024.0M)]
 [Times: user=0.06 sys=0.00, real=0.02 secs] 
2019-11-03T20:55:47.991+0800: 39383.077: [GC pause (G1 Evacuation Pause) (young), 0.0207675 secs]
   [Parallel Time: 20.0 ms, GC Workers: 4]
      [GC Worker Start (ms): Min: 39383077.7, Avg: 39383079.7, Max: 39383085.7, Diff: 8.0]
      [Ext Root Scanning (ms): Min: 0.0, Avg: 0.6, Max: 0.8, Diff: 0.8, Sum: 2.4]
      [Update RS (ms): Min: 0.0, Avg: 2.3, Max: 3.3, Diff: 3.3, Sum: 9.1]
         [Processed Buffers: Min: 0, Avg: 8.8, Max: 21, Diff: 21, Sum: 35]
      [Scan RS (ms): Min: 2.4, Avg: 5.4, Max: 6.6, Diff: 4.3, Sum: 21.7]
      [Code Root Scanning (ms): Min: 0.0, Avg: 0.0, Max: 0.0, Diff: 0.0, Sum: 0.0]
      [Object Copy (ms): Min: 9.5, Avg: 9.6, Max: 9.7, Diff: 0.2, Sum: 38.3]
      [Termination (ms): Min: 0.0, Avg: 0.0, Max: 0.0, Diff: 0.0, Sum: 0.0]
         [Termination Attempts: Min: 1, Avg: 1.0, Max: 1, Diff: 0, Sum: 4]
      [GC Worker Other (ms): Min: 0.0, Avg: 0.0, Max: 0.1, Diff: 0.1, Sum: 0.2]
      [GC Worker Total (ms): Min: 11.9, Avg: 17.9, Max: 19.9, Diff: 8.1, Sum: 71.6]
      [GC Worker End (ms): Min: 39383097.6, Avg: 39383097.6, Max: 39383097.6, Diff: 0.0]
   [Code Root Fixup: 0.0 ms]
   [Code Root Purge: 0.0 ms]
   [Clear CT: 0.1 ms]
   [Other: 0.7 ms]
      [Choose CSet: 0.0 ms]
      [Ref Proc: 0.1 ms]
      [Ref Enq: 0.0 ms]
      [Redirty Cards: 0.1 ms]
      [Humongous Register: 0.1 ms]
      [Humongous Reclaim: 0.0 ms]
      [Free CSet: 0.1 ms]
   [Eden: 46.0M(46.0M)->0.0B(46.0M) Survivors: 5120.0K->5120.0K Heap: 274.6M(1024.0M)->228.1M(1024.0M)]
 [Times: user=0.06 sys=0.00, real=0.02 secs] 
2019-11-03T20:55:57.968+0800: 39393.054: [GC pause (G1 Evacuation Pause) (young), 0.0198865 secs]
   [Parallel Time: 19.1 ms, GC Workers: 4]
      [GC Worker Start (ms): Min: 39393053.9, Avg: 39393054.0, Max: 39393054.0, Diff: 0.1]
      [Ext Root Scanning (ms): Min: 0.8, Avg: 0.9, Max: 0.9, Diff: 0.1, Sum: 3.5]
      [Update RS (ms): Min: 3.4, Avg: 3.8, Max: 4.0, Diff: 0.6, Sum: 15.1]
         [Processed Buffers: Min: 0, Avg: 8.8, Max: 19, Diff: 19, Sum: 35]
      [Scan RS (ms): Min: 5.9, Avg: 6.2, Max: 6.6, Diff: 0.8, Sum: 24.6]
      [Code Root Scanning (ms): Min: 0.0, Avg: 0.0, Max: 0.0, Diff: 0.0, Sum: 0.0]
      [Object Copy (ms): Min: 8.1, Avg: 8.2, Max: 8.2, Diff: 0.1, Sum: 32.7]
      [Termination (ms): Min: 0.0, Avg: 0.0, Max: 0.0, Diff: 0.0, Sum: 0.0]
         [Termination Attempts: Min: 1, Avg: 3.5, Max: 7, Diff: 6, Sum: 14]
      [GC Worker Other (ms): Min: 0.0, Avg: 0.0, Max: 0.1, Diff: 0.0, Sum: 0.2]
      [GC Worker Total (ms): Min: 19.0, Avg: 19.0, Max: 19.1, Diff: 0.1, Sum: 76.1]
      [GC Worker End (ms): Min: 39393073.0, Avg: 39393073.0, Max: 39393073.0, Diff: 0.0]
   [Code Root Fixup: 0.0 ms]
   [Code Root Purge: 0.0 ms]
   [Clear CT: 0.1 ms]
   [Other: 0.6 ms]
      [Choose CSet: 0.0 ms]
      [Ref Proc: 0.2 ms]
      [Ref Enq: 0.0 ms]
      [Redirty Cards: 0.1 ms]
      [Humongous Register: 0.0 ms]
      [Humongous Reclaim: 0.0 ms]
      [Free CSet: 0.1 ms]
   [Eden: 46.0M(46.0M)->0.0B(46.0M) Survivors: 5120.0K->5120.0K Heap: 274.1M(1024.0M)->228.1M(1024.0M)]
 [Times: user=0.07 sys=0.01, real=0.02 secs] 
2019-11-03T20:56:08.001+0800: 39403.086: [GC pause (G1 Evacuation Pause) (young), 0.0310810 secs]
   [Parallel Time: 30.0 ms, GC Workers: 4]
      [GC Worker Start (ms): Min: 39403086.7, Avg: 39403089.3, Max: 39403093.7, Diff: 7.0]
      [Ext Root Scanning (ms): Min: 0.0, Avg: 1.1, Max: 2.8, Diff: 2.8, Sum: 4.5]
      [Update RS (ms): Min: 0.0, Avg: 2.1, Max: 4.3, Diff: 4.3, Sum: 8.4]
         [Processed Buffers: Min: 0, Avg: 8.5, Max: 22, Diff: 22, Sum: 34]
      [Scan RS (ms): Min: 4.7, Avg: 7.2, Max: 10.4, Diff: 5.7, Sum: 28.7]
      [Code Root Scanning (ms): Min: 0.0, Avg: 0.0, Max: 0.0, Diff: 0.0, Sum: 0.0]
      [Object Copy (ms): Min: 10.6, Avg: 15.1, Max: 17.1, Diff: 6.4, Sum: 60.3]
      [Termination (ms): Min: 0.0, Avg: 0.5, Max: 1.8, Diff: 1.8, Sum: 2.1]
         [Termination Attempts: Min: 1, Avg: 1.8, Max: 3, Diff: 2, Sum: 7]
      [GC Worker Other (ms): Min: 0.0, Avg: 0.0, Max: 0.0, Diff: 0.0, Sum: 0.1]
      [GC Worker Total (ms): Min: 21.2, Avg: 26.0, Max: 29.6, Diff: 8.3, Sum: 104.2]
      [GC Worker End (ms): Min: 39403114.9, Avg: 39403115.3, Max: 39403116.6, Diff: 1.7]
   [Code Root Fixup: 0.0 ms]
   [Code Root Purge: 0.0 ms]
   [Clear CT: 0.1 ms]
   [Other: 1.0 ms]
      [Choose CSet: 0.0 ms]
      [Ref Proc: 0.3 ms]
      [Ref Enq: 0.0 ms]
      [Redirty Cards: 0.1 ms]
      [Humongous Register: 0.2 ms]
      [Humongous Reclaim: 0.0 ms]
      [Free CSet: 0.1 ms]
   [Eden: 46.0M(46.0M)->0.0B(45.0M) Survivors: 5120.0K->6144.0K Heap: 274.1M(1024.0M)->229.6M(1024.0M)]
 [Times: user=0.06 sys=0.00, real=0.03 secs] 
2019-11-03T20:56:17.816+0800: 39412.902: [GC pause (G1 Evacuation Pause) (young), 0.0206786 secs]
   [Parallel Time: 20.0 ms, GC Workers: 4]
      [GC Worker Start (ms): Min: 39412902.0, Avg: 39412902.1, Max: 39412902.2, Diff: 0.1]
      [Ext Root Scanning (ms): Min: 0.7, Avg: 0.8, Max: 0.9, Diff: 0.2, Sum: 3.3]
      [Update RS (ms): Min: 1.7, Avg: 2.3, Max: 2.7, Diff: 1.0, Sum: 9.3]
         [Processed Buffers: Min: 7, Avg: 8.8, Max: 10, Diff: 3, Sum: 35]
      [Scan RS (ms): Min: 5.3, Avg: 5.7, Max: 6.4, Diff: 1.1, Sum: 23.0]
      [Code Root Scanning (ms): Min: 0.0, Avg: 0.0, Max: 0.0, Diff: 0.0, Sum: 0.0]
      [Object Copy (ms): Min: 10.7, Avg: 10.8, Max: 10.9, Diff: 0.2, Sum: 43.3]
      [Termination (ms): Min: 0.0, Avg: 0.0, Max: 0.0, Diff: 0.0, Sum: 0.0]
         [Termination Attempts: Min: 1, Avg: 1.0, Max: 1, Diff: 0, Sum: 4]
      [GC Worker Other (ms): Min: 0.0, Avg: 0.1, Max: 0.1, Diff: 0.1, Sum: 0.2]
      [GC Worker Total (ms): Min: 19.7, Avg: 19.8, Max: 19.8, Diff: 0.1, Sum: 79.1]
      [GC Worker End (ms): Min: 39412921.8, Avg: 39412921.9, Max: 39412921.9, Diff: 0.1]
   [Code Root Fixup: 0.0 ms]
   [Code Root Purge: 0.0 ms]
   [Clear CT: 0.1 ms]
   [Other: 0.5 ms]
      [Choose CSet: 0.0 ms]
      [Ref Proc: 0.1 ms]
      [Ref Enq: 0.0 ms]
      [Redirty Cards: 0.1 ms]
      [Humongous Register: 0.0 ms]
      [Humongous Reclaim: 0.0 ms]
      [Free CSet: 0.1 ms]
   [Eden: 45.0M(45.0M)->0.0B(46.0M) Survivors: 6144.0K->5120.0K Heap: 274.6M(1024.0M)->229.3M(1024.0M)]
 [Times: user=0.08 sys=0.00, real=0.02 secs] 
2019-11-03T20:56:27.811+0800: 39422.896: [GC pause (G1 Evacuation Pause) (young), 0.0183475 secs]
   [Parallel Time: 17.8 ms, GC Workers: 4]
      [GC Worker Start (ms): Min: 39422896.6, Avg: 39422896.7, Max: 39422896.8, Diff: 0.3]
      [Ext Root Scanning (ms): Min: 0.7, Avg: 0.8, Max: 0.9, Diff: 0.3, Sum: 3.3]
      [Update RS (ms): Min: 2.3, Avg: 2.8, Max: 3.1, Diff: 0.8, Sum: 11.0]
         [Processed Buffers: Min: 4, Avg: 8.5, Max: 18, Diff: 14, Sum: 34]
      [Scan RS (ms): Min: 6.1, Avg: 6.7, Max: 7.5, Diff: 1.4, Sum: 27.0]
      [Code Root Scanning (ms): Min: 0.0, Avg: 0.0, Max: 0.0, Diff: 0.0, Sum: 0.0]
      [Object Copy (ms): Min: 6.9, Avg: 7.2, Max: 7.6, Diff: 0.7, Sum: 29.0]
      [Termination (ms): Min: 0.0, Avg: 0.0, Max: 0.0, Diff: 0.0, Sum: 0.0]
         [Termination Attempts: Min: 1, Avg: 1.0, Max: 1, Diff: 0, Sum: 4]
      [GC Worker Other (ms): Min: 0.0, Avg: 0.0, Max: 0.0, Diff: 0.0, Sum: 0.1]
      [GC Worker Total (ms): Min: 17.4, Avg: 17.6, Max: 17.7, Diff: 0.3, Sum: 70.4]
      [GC Worker End (ms): Min: 39422914.3, Avg: 39422914.3, Max: 39422914.3, Diff: 0.0]
   [Code Root Fixup: 0.0 ms]
   [Code Root Purge: 0.0 ms]
   [Clear CT: 0.1 ms]
   [Other: 0.5 ms]
      [Choose CSet: 0.0 ms]
      [Ref Proc: 0.1 ms]
      [Ref Enq: 0.0 ms]
      [Redirty Cards: 0.0 ms]
      [Humongous Register: 0.0 ms]
      [Humongous Reclaim: 0.0 ms]
      [Free CSet: 0.1 ms]
   [Eden: 46.0M(46.0M)->0.0B(46.0M) Survivors: 5120.0K->5120.0K Heap: 275.3M(1024.0M)->229.3M(1024.0M)]
 [Times: user=0.07 sys=0.00, real=0.02 secs] 
2019-11-03T20:56:37.858+0800: 39432.942: [GC pause (G1 Evacuation Pause) (young), 0.0186247 secs]
   [Parallel Time: 17.8 ms, GC Workers: 4]
      [GC Worker Start (ms): Min: 39432942.6, Avg: 39432942.8, Max: 39432943.2, Diff: 0.5]
      [Ext Root Scanning (ms): Min: 0.5, Avg: 0.9, Max: 1.0, Diff: 0.6, Sum: 3.5]
      [Update RS (ms): Min: 2.3, Avg: 2.3, Max: 2.4, Diff: 0.2, Sum: 9.3]
         [Processed Buffers: Min: 3, Avg: 8.5, Max: 13, Diff: 10, Sum: 34]
      [Scan RS (ms): Min: 6.4, Avg: 6.6, Max: 6.7, Diff: 0.3, Sum: 26.3]
      [Code Root Scanning (ms): Min: 0.0, Avg: 0.0, Max: 0.0, Diff: 0.0, Sum: 0.0]
      [Object Copy (ms): Min: 7.6, Avg: 7.7, Max: 7.8, Diff: 0.2, Sum: 30.7]
      [Termination (ms): Min: 0.0, Avg: 0.0, Max: 0.0, Diff: 0.0, Sum: 0.0]
         [Termination Attempts: Min: 1, Avg: 1.8, Max: 4, Diff: 3, Sum: 7]
      [GC Worker Other (ms): Min: 0.0, Avg: 0.0, Max: 0.1, Diff: 0.0, Sum: 0.2]
      [GC Worker Total (ms): Min: 17.1, Avg: 17.5, Max: 17.7, Diff: 0.6, Sum: 70.0]
      [GC Worker End (ms): Min: 39432960.3, Avg: 39432960.3, Max: 39432960.3, Diff: 0.0]
   [Code Root Fixup: 0.0 ms]
   [Code Root Purge: 0.0 ms]
   [Clear CT: 0.1 ms]
   [Other: 0.7 ms]
      [Choose CSet: 0.0 ms]
      [Ref Proc: 0.2 ms]
      [Ref Enq: 0.0 ms]
      [Redirty Cards: 0.1 ms]
      [Humongous Register: 0.0 ms]
      [Humongous Reclaim: 0.0 ms]
      [Free CSet: 0.1 ms]
   [Eden: 46.0M(46.0M)->0.0B(46.0M) Survivors: 5120.0K->5120.0K Heap: 275.3M(1024.0M)->229.3M(1024.0M)]
 [Times: user=0.07 sys=0.01, real=0.02 secs] 
2019-11-03T20:56:47.904+0800: 39442.989: [GC pause (G1 Evacuation Pause) (young), 0.0204199 secs]
   [Parallel Time: 19.6 ms, GC Workers: 4]
      [GC Worker Start (ms): Min: 39442988.9, Avg: 39442990.0, Max: 39442991.2, Diff: 2.2]
      [Ext Root Scanning (ms): Min: 0.0, Avg: 0.8, Max: 1.7, Diff: 1.7, Sum: 3.4]
      [Update RS (ms): Min: 2.0, Avg: 2.1, Max: 2.3, Diff: 0.3, Sum: 8.5]
         [Processed Buffers: Min: 4, Avg: 8.2, Max: 18, Diff: 14, Sum: 33]
      [Scan RS (ms): Min: 6.0, Avg: 6.0, Max: 6.1, Diff: 0.2, Sum: 24.2]
      [Code Root Scanning (ms): Min: 0.0, Avg: 0.0, Max: 0.0, Diff: 0.0, Sum: 0.0]
      [Object Copy (ms): Min: 9.3, Avg: 9.4, Max: 9.5, Diff: 0.3, Sum: 37.6]
      [Termination (ms): Min: 0.0, Avg: 0.0, Max: 0.0, Diff: 0.0, Sum: 0.0]
         [Termination Attempts: Min: 1, Avg: 1.0, Max: 1, Diff: 0, Sum: 4]
      [GC Worker Other (ms): Min: 0.0, Avg: 0.1, Max: 0.1, Diff: 0.0, Sum: 0.2]
      [GC Worker Total (ms): Min: 17.3, Avg: 18.4, Max: 19.5, Diff: 2.2, Sum: 73.8]
      [GC Worker End (ms): Min: 39443008.4, Avg: 39443008.5, Max: 39443008.5, Diff: 0.0]
   [Code Root Fixup: 0.0 ms]
   [Code Root Purge: 0.0 ms]
   [Clear CT: 0.1 ms]
   [Other: 0.7 ms]
      [Choose CSet: 0.0 ms]
      [Ref Proc: 0.2 ms]
      [Ref Enq: 0.0 ms]
      [Redirty Cards: 0.0 ms]
      [Humongous Register: 0.1 ms]
      [Humongous Reclaim: 0.0 ms]
      [Free CSet: 0.1 ms]
   [Eden: 46.0M(46.0M)->0.0B(45.0M) Survivors: 5120.0K->6144.0K Heap: 275.3M(1024.0M)->230.8M(1024.0M)]
 [Times: user=0.07 sys=0.00, real=0.02 secs] 
2019-11-03T20:56:57.650+0800: 39452.734: [GC pause (G1 Evacuation Pause) (young), 0.0214255 secs]
   [Parallel Time: 20.7 ms, GC Workers: 4]
      [GC Worker Start (ms): Min: 39452734.3, Avg: 39452734.3, Max: 39452734.4, Diff: 0.1]
      [Ext Root Scanning (ms): Min: 0.7, Avg: 0.7, Max: 0.8, Diff: 0.1, Sum: 3.0]
      [Update RS (ms): Min: 1.6, Avg: 1.8, Max: 2.0, Diff: 0.4, Sum: 7.2]
         [Processed Buffers: Min: 5, Avg: 8.8, Max: 15, Diff: 10, Sum: 35]
      [Scan RS (ms): Min: 6.2, Avg: 6.5, Max: 6.6, Diff: 0.4, Sum: 25.8]
      [Code Root Scanning (ms): Min: 0.0, Avg: 0.0, Max: 0.0, Diff: 0.0, Sum: 0.0]
      [Object Copy (ms): Min: 11.5, Avg: 11.6, Max: 11.6, Diff: 0.1, Sum: 46.3]
      [Termination (ms): Min: 0.0, Avg: 0.0, Max: 0.0, Diff: 0.0, Sum: 0.0]
         [Termination Attempts: Min: 1, Avg: 1.2, Max: 2, Diff: 1, Sum: 5]
      [GC Worker Other (ms): Min: 0.0, Avg: 0.0, Max: 0.0, Diff: 0.0, Sum: 0.1]
      [GC Worker Total (ms): Min: 20.6, Avg: 20.6, Max: 20.6, Diff: 0.0, Sum: 82.5]
      [GC Worker End (ms): Min: 39452755.0, Avg: 39452755.0, Max: 39452755.0, Diff: 0.0]
   [Code Root Fixup: 0.0 ms]
   [Code Root Purge: 0.0 ms]
   [Clear CT: 0.1 ms]
   [Other: 0.6 ms]
      [Choose CSet: 0.0 ms]
      [Ref Proc: 0.1 ms]
      [Ref Enq: 0.0 ms]
      [Redirty Cards: 0.1 ms]
      [Humongous Register: 0.0 ms]
      [Humongous Reclaim: 0.0 ms]
      [Free CSet: 0.1 ms]
   [Eden: 45.0M(45.0M)->0.0B(46.0M) Survivors: 6144.0K->5120.0K Heap: 275.8M(1024.0M)->230.4M(1024.0M)]
 [Times: user=0.08 sys=0.01, real=0.02 secs] 
2019-11-03T20:57:07.748+0800: 39462.832: [GC pause (G1 Evacuation Pause) (young), 0.0147693 secs]
   [Parallel Time: 14.0 ms, GC Workers: 4]
      [GC Worker Start (ms): Min: 39462831.9, Avg: 39462831.9, Max: 39462831.9, Diff: 0.0]
      [Ext Root Scanning (ms): Min: 0.5, Avg: 0.5, Max: 0.5, Diff: 0.1, Sum: 1.9]
      [Update RS (ms): Min: 1.1, Avg: 1.6, Max: 1.9, Diff: 0.9, Sum: 6.2]
         [Processed Buffers: Min: 3, Avg: 8.2, Max: 13, Diff: 10, Sum: 33]
      [Scan RS (ms): Min: 3.8, Avg: 4.0, Max: 4.2, Diff: 0.4, Sum: 16.1]
      [Code Root Scanning (ms): Min: 0.0, Avg: 0.0, Max: 0.0, Diff: 0.0, Sum: 0.0]
      [Object Copy (ms): Min: 7.6, Avg: 7.8, Max: 8.2, Diff: 0.6, Sum: 31.0]
      [Termination (ms): Min: 0.0, Avg: 0.0, Max: 0.0, Diff: 0.0, Sum: 0.0]
         [Termination Attempts: Min: 1, Avg: 2.2, Max: 4, Diff: 3, Sum: 9]
      [GC Worker Other (ms): Min: 0.0, Avg: 0.0, Max: 0.1, Diff: 0.0, Sum: 0.2]
      [GC Worker Total (ms): Min: 13.9, Avg: 13.9, Max: 13.9, Diff: 0.0, Sum: 55.5]
      [GC Worker End (ms): Min: 39462845.7, Avg: 39462845.8, Max: 39462845.8, Diff: 0.1]
   [Code Root Fixup: 0.0 ms]
   [Code Root Purge: 0.0 ms]
   [Clear CT: 0.1 ms]
   [Other: 0.7 ms]
      [Choose CSet: 0.0 ms]
      [Ref Proc: 0.2 ms]
      [Ref Enq: 0.0 ms]
      [Redirty Cards: 0.1 ms]
      [Humongous Register: 0.0 ms]
      [Humongous Reclaim: 0.0 ms]
      [Free CSet: 0.1 ms]
   [Eden: 46.0M(46.0M)->0.0B(62.0M) Survivors: 5120.0K->5120.0K Heap: 276.4M(1024.0M)->230.4M(1024.0M)]
 [Times: user=0.06 sys=0.00, real=0.02 secs] 
2019-11-03T20:57:21.136+0800: 39476.219: [GC pause (G1 Evacuation Pause) (young), 0.0190850 secs]
   [Parallel Time: 18.2 ms, GC Workers: 4]
      [GC Worker Start (ms): Min: 39476219.0, Avg: 39476219.9, Max: 39476220.6, Diff: 1.5]
      [Ext Root Scanning (ms): Min: 0.0, Avg: 0.6, Max: 1.5, Diff: 1.5, Sum: 2.5]
      [Update RS (ms): Min: 1.6, Avg: 2.0, Max: 2.3, Diff: 0.7, Sum: 7.9]
         [Processed Buffers: Min: 2, Avg: 8.0, Max: 14, Diff: 12, Sum: 32]
      [Scan RS (ms): Min: 4.1, Avg: 4.3, Max: 4.5, Diff: 0.5, Sum: 17.0]
      [Code Root Scanning (ms): Min: 0.0, Avg: 0.0, Max: 0.0, Diff: 0.0, Sum: 0.0]
      [Object Copy (ms): Min: 10.1, Avg: 10.3, Max: 10.8, Diff: 0.7, Sum: 41.4]
      [Termination (ms): Min: 0.0, Avg: 0.0, Max: 0.1, Diff: 0.1, Sum: 0.2]
         [Termination Attempts: Min: 1, Avg: 2.0, Max: 4, Diff: 3, Sum: 8]
      [GC Worker Other (ms): Min: 0.0, Avg: 0.0, Max: 0.0, Diff: 0.0, Sum: 0.1]
      [GC Worker Total (ms): Min: 16.6, Avg: 17.3, Max: 18.1, Diff: 1.6, Sum: 69.0]
      [GC Worker End (ms): Min: 39476237.1, Avg: 39476237.1, Max: 39476237.2, Diff: 0.0]
   [Code Root Fixup: 0.0 ms]
   [Code Root Purge: 0.0 ms]
   [Clear CT: 0.1 ms]
   [Other: 0.7 ms]
      [Choose CSet: 0.0 ms]
      [Ref Proc: 0.2 ms]
      [Ref Enq: 0.0 ms]
      [Redirty Cards: 0.1 ms]
      [Humongous Register: 0.1 ms]
      [Humongous Reclaim: 0.0 ms]
      [Free CSet: 0.1 ms]
   [Eden: 62.0M(62.0M)->0.0B(59.0M) Survivors: 5120.0K->5120.0K Heap: 292.4M(1024.0M)->230.9M(1024.0M)]
 [Times: user=0.06 sys=0.01, real=0.02 secs] 
2019-11-03T20:57:33.922+0800: 39489.004: [GC pause (G1 Evacuation Pause) (young), 0.0201101 secs]
   [Parallel Time: 19.5 ms, GC Workers: 4]
      [GC Worker Start (ms): Min: 39489004.0, Avg: 39489004.0, Max: 39489004.0, Diff: 0.1]
      [Ext Root Scanning (ms): Min: 0.7, Avg: 0.8, Max: 0.8, Diff: 0.1, Sum: 3.1]
      [Update RS (ms): Min: 2.9, Avg: 3.5, Max: 5.0, Diff: 2.1, Sum: 13.9]
         [Processed Buffers: Min: 4, Avg: 9.8, Max: 24, Diff: 20, Sum: 39]
      [Scan RS (ms): Min: 4.6, Avg: 6.1, Max: 6.6, Diff: 2.1, Sum: 24.4]
      [Code Root Scanning (ms): Min: 0.0, Avg: 0.0, Max: 0.0, Diff: 0.0, Sum: 0.0]
      [Object Copy (ms): Min: 8.9, Avg: 9.0, Max: 9.0, Diff: 0.0, Sum: 35.9]
      [Termination (ms): Min: 0.0, Avg: 0.0, Max: 0.0, Diff: 0.0, Sum: 0.0]
         [Termination Attempts: Min: 1, Avg: 1.5, Max: 2, Diff: 1, Sum: 6]
      [GC Worker Other (ms): Min: 0.0, Avg: 0.1, Max: 0.1, Diff: 0.1, Sum: 0.2]
      [GC Worker Total (ms): Min: 19.3, Avg: 19.4, Max: 19.4, Diff: 0.1, Sum: 77.5]
      [GC Worker End (ms): Min: 39489023.3, Avg: 39489023.4, Max: 39489023.4, Diff: 0.1]
   [Code Root Fixup: 0.0 ms]
   [Code Root Purge: 0.0 ms]
   [Clear CT: 0.1 ms]
   [Other: 0.6 ms]
      [Choose CSet: 0.0 ms]
      [Ref Proc: 0.1 ms]
      [Ref Enq: 0.0 ms]
      [Redirty Cards: 0.1 ms]
      [Humongous Register: 0.0 ms]
      [Humongous Reclaim: 0.0 ms]
      [Free CSet: 0.1 ms]
   [Eden: 59.0M(59.0M)->0.0B(63.0M) Survivors: 5120.0K->5120.0K Heap: 289.9M(1024.0M)->230.9M(1024.0M)]
 [Times: user=0.07 sys=0.00, real=0.02 secs] 
2019-11-03T20:57:47.552+0800: 39502.634: [GC pause (G1 Evacuation Pause) (young), 0.0213612 secs]
   [Parallel Time: 20.6 ms, GC Workers: 4]
      [GC Worker Start (ms): Min: 39502634.2, Avg: 39502634.3, Max: 39502634.3, Diff: 0.1]
      [Ext Root Scanning (ms): Min: 0.8, Avg: 0.8, Max: 0.9, Diff: 0.1, Sum: 3.4]
      [Update RS (ms): Min: 2.5, Avg: 2.6, Max: 2.8, Diff: 0.4, Sum: 10.4]
         [Processed Buffers: Min: 1, Avg: 9.0, Max: 21, Diff: 20, Sum: 36]
      [Scan RS (ms): Min: 6.6, Avg: 6.9, Max: 7.1, Diff: 0.4, Sum: 27.5]
      [Code Root Scanning (ms): Min: 0.0, Avg: 0.0, Max: 0.0, Diff: 0.0, Sum: 0.0]
      [Object Copy (ms): Min: 10.0, Avg: 10.1, Max: 10.2, Diff: 0.2, Sum: 40.3]
      [Termination (ms): Min: 0.0, Avg: 0.0, Max: 0.0, Diff: 0.0, Sum: 0.0]
         [Termination Attempts: Min: 1, Avg: 1.0, Max: 1, Diff: 0, Sum: 4]
      [GC Worker Other (ms): Min: 0.0, Avg: 0.0, Max: 0.1, Diff: 0.0, Sum: 0.2]
      [GC Worker Total (ms): Min: 20.4, Avg: 20.4, Max: 20.5, Diff: 0.1, Sum: 81.8]
      [GC Worker End (ms): Min: 39502654.7, Avg: 39502654.7, Max: 39502654.8, Diff: 0.0]
   [Code Root Fixup: 0.0 ms]
   [Code Root Purge: 0.0 ms]
   [Clear CT: 0.1 ms]
   [Other: 0.6 ms]
      [Choose CSet: 0.0 ms]
      [Ref Proc: 0.2 ms]
      [Ref Enq: 0.0 ms]
      [Redirty Cards: 0.1 ms]
      [Humongous Register: 0.0 ms]
      [Humongous Reclaim: 0.0 ms]
      [Free CSet: 0.1 ms]
   [Eden: 63.0M(63.0M)->0.0B(53.0M) Survivors: 5120.0K->6144.0K Heap: 293.9M(1024.0M)->231.9M(1024.0M)]
 [Times: user=0.08 sys=0.00, real=0.02 secs] 
2019-11-03T20:57:58.923+0800: 39514.004: [GC pause (G1 Evacuation Pause) (young), 0.0218410 secs]
   [Parallel Time: 21.0 ms, GC Workers: 4]
      [GC Worker Start (ms): Min: 39514004.2, Avg: 39514004.2, Max: 39514004.2, Diff: 0.1]
      [Ext Root Scanning (ms): Min: 0.9, Avg: 0.9, Max: 1.0, Diff: 0.1, Sum: 3.7]
      [Update RS (ms): Min: 2.7, Avg: 2.8, Max: 2.9, Diff: 0.3, Sum: 11.1]
         [Processed Buffers: Min: 5, Avg: 7.0, Max: 10, Diff: 5, Sum: 28]
      [Scan RS (ms): Min: 5.9, Avg: 6.0, Max: 6.2, Diff: 0.3, Sum: 24.1]
      [Code Root Scanning (ms): Min: 0.0, Avg: 0.0, Max: 0.0, Diff: 0.0, Sum: 0.0]
      [Object Copy (ms): Min: 11.1, Avg: 11.2, Max: 11.3, Diff: 0.1, Sum: 44.8]
      [Termination (ms): Min: 0.0, Avg: 0.0, Max: 0.0, Diff: 0.0, Sum: 0.0]
         [Termination Attempts: Min: 1, Avg: 1.0, Max: 1, Diff: 0, Sum: 4]
      [GC Worker Other (ms): Min: 0.0, Avg: 0.0, Max: 0.0, Diff: 0.0, Sum: 0.1]
      [GC Worker Total (ms): Min: 20.9, Avg: 21.0, Max: 21.0, Diff: 0.1, Sum: 83.8]
      [GC Worker End (ms): Min: 39514025.2, Avg: 39514025.2, Max: 39514025.2, Diff: 0.0]
   [Code Root Fixup: 0.0 ms]
   [Code Root Purge: 0.0 ms]
   [Clear CT: 0.1 ms]
   [Other: 0.7 ms]
      [Choose CSet: 0.0 ms]
      [Ref Proc: 0.2 ms]
      [Ref Enq: 0.0 ms]
      [Redirty Cards: 0.1 ms]
      [Humongous Register: 0.0 ms]
      [Humongous Reclaim: 0.0 ms]
      [Free CSet: 0.1 ms]
   [Eden: 53.0M(53.0M)->0.0B(44.0M) Survivors: 6144.0K->7168.0K Heap: 284.9M(1024.0M)->232.7M(1024.0M)]
 [Times: user=0.08 sys=0.00, real=0.02 secs] 
2019-11-03T20:58:08.458+0800: 39523.539: [GC pause (G1 Evacuation Pause) (young), 0.0240655 secs]
   [Parallel Time: 23.4 ms, GC Workers: 4]
      [GC Worker Start (ms): Min: 39523539.0, Avg: 39523540.7, Max: 39523544.2, Diff: 5.3]
      [Ext Root Scanning (ms): Min: 0.0, Avg: 0.8, Max: 1.5, Diff: 1.5, Sum: 3.0]
      [Update RS (ms): Min: 1.0, Avg: 3.5, Max: 4.5, Diff: 3.5, Sum: 14.0]
         [Processed Buffers: Min: 6, Avg: 7.2, Max: 8, Diff: 2, Sum: 29]
      [Scan RS (ms): Min: 3.6, Avg: 3.9, Max: 4.0, Diff: 0.4, Sum: 15.5]
      [Code Root Scanning (ms): Min: 0.0, Avg: 0.0, Max: 0.0, Diff: 0.0, Sum: 0.0]
      [Object Copy (ms): Min: 13.3, Avg: 13.3, Max: 13.4, Diff: 0.1, Sum: 53.2]
      [Termination (ms): Min: 0.0, Avg: 0.0, Max: 0.0, Diff: 0.0, Sum: 0.0]
         [Termination Attempts: Min: 1, Avg: 1.0, Max: 1, Diff: 0, Sum: 4]
      [GC Worker Other (ms): Min: 0.0, Avg: 0.0, Max: 0.0, Diff: 0.0, Sum: 0.1]
      [GC Worker Total (ms): Min: 18.0, Avg: 21.5, Max: 23.3, Diff: 5.3, Sum: 85.9]
      [GC Worker End (ms): Min: 39523562.2, Avg: 39523562.2, Max: 39523562.2, Diff: 0.0]
   [Code Root Fixup: 0.0 ms]
   [Code Root Purge: 0.0 ms]
   [Clear CT: 0.1 ms]
   [Other: 0.6 ms]
      [Choose CSet: 0.0 ms]
      [Ref Proc: 0.1 ms]
      [Ref Enq: 0.0 ms]
      [Redirty Cards: 0.1 ms]
      [Humongous Register: 0.1 ms]
      [Humongous Reclaim: 0.0 ms]
      [Free CSet: 0.1 ms]
   [Eden: 44.0M(44.0M)->0.0B(46.0M) Survivors: 7168.0K->5120.0K Heap: 276.7M(1024.0M)->232.2M(1024.0M)]
 [Times: user=0.07 sys=0.01, real=0.03 secs] 
2019-11-03T20:58:18.516+0800: 39533.596: [GC pause (G1 Evacuation Pause) (young), 0.0205433 secs]
   [Parallel Time: 19.9 ms, GC Workers: 4]
      [GC Worker Start (ms): Min: 39533596.2, Avg: 39533596.3, Max: 39533596.4, Diff: 0.2]
      [Ext Root Scanning (ms): Min: 0.7, Avg: 0.9, Max: 0.9, Diff: 0.2, Sum: 3.4]
      [Update RS (ms): Min: 2.2, Avg: 2.3, Max: 2.5, Diff: 0.3, Sum: 9.2]
         [Processed Buffers: Min: 4, Avg: 8.2, Max: 12, Diff: 8, Sum: 33]
      [Scan RS (ms): Min: 7.3, Avg: 7.4, Max: 7.5, Diff: 0.3, Sum: 29.8]
      [Code Root Scanning (ms): Min: 0.0, Avg: 0.0, Max: 0.0, Diff: 0.0, Sum: 0.0]
      [Object Copy (ms): Min: 9.1, Avg: 9.1, Max: 9.2, Diff: 0.1, Sum: 36.6]
      [Termination (ms): Min: 0.0, Avg: 0.0, Max: 0.0, Diff: 0.0, Sum: 0.1]
         [Termination Attempts: Min: 1, Avg: 1.0, Max: 1, Diff: 0, Sum: 4]
      [GC Worker Other (ms): Min: 0.0, Avg: 0.0, Max: 0.0, Diff: 0.0, Sum: 0.1]
      [GC Worker Total (ms): Min: 19.6, Avg: 19.8, Max: 19.9, Diff: 0.2, Sum: 79.2]
      [GC Worker End (ms): Min: 39533616.1, Avg: 39533616.1, Max: 39533616.1, Diff: 0.0]
   [Code Root Fixup: 0.0 ms]
   [Code Root Purge: 0.0 ms]
   [Clear CT: 0.1 ms]
   [Other: 0.6 ms]
      [Choose CSet: 0.0 ms]
      [Ref Proc: 0.1 ms]
      [Ref Enq: 0.0 ms]
      [Redirty Cards: 0.0 ms]
      [Humongous Register: 0.1 ms]
      [Humongous Reclaim: 0.0 ms]
      [Free CSet: 0.1 ms]
   [Eden: 46.0M(46.0M)->0.0B(44.0M) Survivors: 5120.0K->7168.0K Heap: 278.2M(1024.0M)->234.2M(1024.0M)]
 [Times: user=0.08 sys=0.00, real=0.02 secs] 
2019-11-03T20:58:28.044+0800: 39543.124: [GC pause (G1 Evacuation Pause) (young), 0.0182964 secs]
   [Parallel Time: 17.4 ms, GC Workers: 4]
      [GC Worker Start (ms): Min: 39543123.9, Avg: 39543124.2, Max: 39543124.9, Diff: 1.0]
      [Ext Root Scanning (ms): Min: 0.0, Avg: 0.7, Max: 0.9, Diff: 0.9, Sum: 2.7]
      [Update RS (ms): Min: 0.7, Avg: 1.7, Max: 2.1, Diff: 1.4, Sum: 6.7]
         [Processed Buffers: Min: 4, Avg: 8.0, Max: 12, Diff: 8, Sum: 32]
      [Scan RS (ms): Min: 4.5, Avg: 4.7, Max: 4.8, Diff: 0.3, Sum: 18.7]
      [Code Root Scanning (ms): Min: 0.0, Avg: 0.0, Max: 0.0, Diff: 0.0, Sum: 0.0]
      [Object Copy (ms): Min: 9.7, Avg: 10.0, Max: 10.8, Diff: 1.2, Sum: 40.2]
      [Termination (ms): Min: 0.0, Avg: 0.0, Max: 0.0, Diff: 0.0, Sum: 0.0]
         [Termination Attempts: Min: 1, Avg: 1.2, Max: 2, Diff: 1, Sum: 5]
      [GC Worker Other (ms): Min: 0.0, Avg: 0.0, Max: 0.1, Diff: 0.0, Sum: 0.2]
      [GC Worker Total (ms): Min: 16.4, Avg: 17.1, Max: 17.4, Diff: 1.0, Sum: 68.4]
      [GC Worker End (ms): Min: 39543141.3, Avg: 39543141.3, Max: 39543141.3, Diff: 0.0]
   [Code Root Fixup: 0.0 ms]
   [Code Root Purge: 0.0 ms]
   [Clear CT: 0.2 ms]
   [Other: 0.7 ms]
      [Choose CSet: 0.0 ms]
      [Ref Proc: 0.3 ms]
      [Ref Enq: 0.0 ms]
      [Redirty Cards: 0.1 ms]
      [Humongous Register: 0.0 ms]
      [Humongous Reclaim: 0.0 ms]
      [Free CSet: 0.1 ms]
   [Eden: 44.0M(44.0M)->0.0B(46.0M) Survivors: 7168.0K->5120.0K Heap: 278.2M(1024.0M)->233.2M(1024.0M)]
 [Times: user=0.06 sys=0.00, real=0.02 secs] 
2019-11-03T20:58:38.098+0800: 39553.178: [GC pause (G1 Evacuation Pause) (young), 0.0177570 secs]
   [Parallel Time: 17.1 ms, GC Workers: 4]
      [GC Worker Start (ms): Min: 39553178.0, Avg: 39553178.2, Max: 39553178.6, Diff: 0.5]
      [Ext Root Scanning (ms): Min: 0.5, Avg: 1.1, Max: 1.6, Diff: 1.1, Sum: 4.2]
      [Update RS (ms): Min: 2.6, Avg: 2.9, Max: 3.1, Diff: 0.5, Sum: 11.5]
         [Processed Buffers: Min: 2, Avg: 8.0, Max: 12, Diff: 10, Sum: 32]
      [Scan RS (ms): Min: 5.9, Avg: 6.1, Max: 6.2, Diff: 0.3, Sum: 24.2]
      [Code Root Scanning (ms): Min: 0.0, Avg: 0.0, Max: 0.0, Diff: 0.0, Sum: 0.0]
      [Object Copy (ms): Min: 6.8, Avg: 6.8, Max: 6.9, Diff: 0.1, Sum: 27.4]
      [Termination (ms): Min: 0.0, Avg: 0.0, Max: 0.0, Diff: 0.0, Sum: 0.0]
         [Termination Attempts: Min: 1, Avg: 1.0, Max: 1, Diff: 0, Sum: 4]
      [GC Worker Other (ms): Min: 0.0, Avg: 0.0, Max: 0.0, Diff: 0.0, Sum: 0.1]
      [GC Worker Total (ms): Min: 16.5, Avg: 16.9, Max: 17.0, Diff: 0.5, Sum: 67.5]
      [GC Worker End (ms): Min: 39553195.0, Avg: 39553195.0, Max: 39553195.0, Diff: 0.0]
   [Code Root Fixup: 0.0 ms]
   [Code Root Purge: 0.0 ms]
   [Clear CT: 0.1 ms]
   [Other: 0.6 ms]
      [Choose CSet: 0.0 ms]
      [Ref Proc: 0.2 ms]
      [Ref Enq: 0.0 ms]
      [Redirty Cards: 0.1 ms]
      [Humongous Register: 0.0 ms]
      [Humongous Reclaim: 0.0 ms]
      [Free CSet: 0.1 ms]
   [Eden: 46.0M(46.0M)->0.0B(86.0M) Survivors: 5120.0K->5120.0K Heap: 279.2M(1024.0M)->233.2M(1024.0M)]
 [Times: user=0.07 sys=0.00, real=0.02 secs] 
2019-11-03T20:58:47.992+0800: 39563.071: [GC pause (G1 Evacuation Pause) (young), 0.0200038 secs]
   [Parallel Time: 19.3 ms, GC Workers: 4]
      [GC Worker Start (ms): Min: 39563071.3, Avg: 39563071.4, Max: 39563071.4, Diff: 0.1]
      [Ext Root Scanning (ms): Min: 0.8, Avg: 0.8, Max: 0.9, Diff: 0.1, Sum: 3.4]
      [Update RS (ms): Min: 2.1, Avg: 2.2, Max: 2.4, Diff: 0.3, Sum: 8.9]
         [Processed Buffers: Min: 6, Avg: 9.2, Max: 12, Diff: 6, Sum: 37]
      [Scan RS (ms): Min: 6.9, Avg: 6.9, Max: 7.1, Diff: 0.2, Sum: 27.8]
      [Code Root Scanning (ms): Min: 0.0, Avg: 0.0, Max: 0.0, Diff: 0.0, Sum: 0.0]
      [Object Copy (ms): Min: 8.8, Avg: 9.1, Max: 9.2, Diff: 0.4, Sum: 36.5]
      [Termination (ms): Min: 0.0, Avg: 0.0, Max: 0.0, Diff: 0.0, Sum: 0.0]
         [Termination Attempts: Min: 1, Avg: 1.0, Max: 1, Diff: 0, Sum: 4]
      [GC Worker Other (ms): Min: 0.0, Avg: 0.0, Max: 0.1, Diff: 0.0, Sum: 0.2]
      [GC Worker Total (ms): Min: 19.1, Avg: 19.2, Max: 19.2, Diff: 0.0, Sum: 76.7]
      [GC Worker End (ms): Min: 39563090.5, Avg: 39563090.5, Max: 39563090.5, Diff: 0.0]
   [Code Root Fixup: 0.0 ms]
   [Code Root Purge: 0.0 ms]
   [Clear CT: 0.1 ms]
   [Other: 0.6 ms]
      [Choose CSet: 0.0 ms]
      [Ref Proc: 0.1 ms]
      [Ref Enq: 0.0 ms]
      [Redirty Cards: 0.1 ms]
      [Humongous Register: 0.0 ms]
      [Humongous Reclaim: 0.0 ms]
      [Free CSet: 0.1 ms]
   [Eden: 46.0M(46.0M)->0.0B(89.0M) Survivors: 5120.0K->7168.0K Heap: 279.2M(1024.0M)->235.2M(1024.0M)]
 [Times: user=0.08 sys=0.00, real=0.02 secs] 
2019-11-03T20:58:57.295+0800: 39572.374: [GC pause (G1 Evacuation Pause) (young), 0.0165177 secs]
   [Parallel Time: 15.6 ms, GC Workers: 4]
      [GC Worker Start (ms): Min: 39572373.8, Avg: 39572373.9, Max: 39572374.0, Diff: 0.2]
      [Ext Root Scanning (ms): Min: 0.4, Avg: 0.6, Max: 0.6, Diff: 0.2, Sum: 2.2]
      [Update RS (ms): Min: 1.0, Avg: 1.2, Max: 1.3, Diff: 0.4, Sum: 4.6]
         [Processed Buffers: Min: 5, Avg: 8.0, Max: 12, Diff: 7, Sum: 32]
      [Scan RS (ms): Min: 3.9, Avg: 4.2, Max: 4.5, Diff: 0.5, Sum: 16.8]
      [Code Root Scanning (ms): Min: 0.0, Avg: 0.0, Max: 0.0, Diff: 0.0, Sum: 0.0]
      [Object Copy (ms): Min: 9.4, Avg: 9.6, Max: 9.6, Diff: 0.2, Sum: 38.3]
      [Termination (ms): Min: 0.0, Avg: 0.0, Max: 0.0, Diff: 0.0, Sum: 0.0]
         [Termination Attempts: Min: 1, Avg: 1.0, Max: 1, Diff: 0, Sum: 4]
      [GC Worker Other (ms): Min: 0.0, Avg: 0.0, Max: 0.0, Diff: 0.0, Sum: 0.1]
      [GC Worker Total (ms): Min: 15.3, Avg: 15.5, Max: 15.6, Diff: 0.2, Sum: 62.0]
      [GC Worker End (ms): Min: 39572389.4, Avg: 39572389.4, Max: 39572389.4, Diff: 0.0]
   [Code Root Fixup: 0.0 ms]
   [Code Root Purge: 0.0 ms]
   [Clear CT: 0.1 ms]
   [Other: 0.8 ms]
      [Choose CSet: 0.0 ms]
      [Ref Proc: 0.2 ms]
      [Ref Enq: 0.0 ms]
      [Redirty Cards: 0.1 ms]
      [Humongous Register: 0.0 ms]
      [Humongous Reclaim: 0.0 ms]
      [Free CSet: 0.1 ms]
   [Eden: 44.0M(44.0M)->0.0B(165.0M) Survivors: 7168.0K->5120.0K Heap: 279.2M(1024.0M)->234.2M(1024.0M)]
 [Times: user=0.06 sys=0.01, real=0.02 secs] 
2019-11-03T20:59:08.351+0800: 39583.429: [GC pause (G1 Evacuation Pause) (young), 0.0194402 secs]
   [Parallel Time: 18.6 ms, GC Workers: 4]
      [GC Worker Start (ms): Min: 39583429.4, Avg: 39583429.4, Max: 39583429.4, Diff: 0.1]
      [Ext Root Scanning (ms): Min: 0.8, Avg: 0.8, Max: 0.9, Diff: 0.1, Sum: 3.2]
      [Update RS (ms): Min: 1.8, Avg: 2.4, Max: 2.8, Diff: 1.0, Sum: 9.7]
         [Processed Buffers: Min: 1, Avg: 9.0, Max: 18, Diff: 17, Sum: 36]
      [Scan RS (ms): Min: 7.3, Avg: 7.7, Max: 8.4, Diff: 1.1, Sum: 30.8]
      [Code Root Scanning (ms): Min: 0.0, Avg: 0.0, Max: 0.0, Diff: 0.0, Sum: 0.0]
      [Object Copy (ms): Min: 7.4, Avg: 7.5, Max: 7.6, Diff: 0.2, Sum: 30.0]
      [Termination (ms): Min: 0.0, Avg: 0.0, Max: 0.0, Diff: 0.0, Sum: 0.0]
         [Termination Attempts: Min: 1, Avg: 1.0, Max: 1, Diff: 0, Sum: 4]
      [GC Worker Other (ms): Min: 0.0, Avg: 0.0, Max: 0.1, Diff: 0.0, Sum: 0.2]
      [GC Worker Total (ms): Min: 18.5, Avg: 18.5, Max: 18.5, Diff: 0.0, Sum: 73.9]
      [GC Worker End (ms): Min: 39583447.9, Avg: 39583447.9, Max: 39583447.9, Diff: 0.0]
   [Code Root Fixup: 0.0 ms]
   [Code Root Purge: 0.0 ms]
   [Clear CT: 0.1 ms]
   [Other: 0.7 ms]
      [Choose CSet: 0.0 ms]
      [Ref Proc: 0.2 ms]
      [Ref Enq: 0.0 ms]
      [Redirty Cards: 0.1 ms]
      [Humongous Register: 0.0 ms]
      [Humongous Reclaim: 0.0 ms]
      [Free CSet: 0.1 ms]
   [Eden: 51.0M(46.0M)->0.0B(129.0M) Survivors: 5120.0K->5120.0K Heap: 285.2M(1024.0M)->234.2M(1024.0M)]
 [Times: user=0.08 sys=0.01, real=0.02 secs] 
2019-11-03T20:59:21.678+0800: 39596.756: [GC pause (G1 Evacuation Pause) (young), 0.0200414 secs]
   [Parallel Time: 19.2 ms, GC Workers: 4]
      [GC Worker Start (ms): Min: 39596756.1, Avg: 39596756.1, Max: 39596756.1, Diff: 0.1]
      [Ext Root Scanning (ms): Min: 0.7, Avg: 0.8, Max: 0.8, Diff: 0.1, Sum: 3.1]
      [Update RS (ms): Min: 1.8, Avg: 2.1, Max: 2.7, Diff: 0.9, Sum: 8.6]
         [Processed Buffers: Min: 6, Avg: 8.2, Max: 10, Diff: 4, Sum: 33]
      [Scan RS (ms): Min: 7.0, Avg: 7.5, Max: 7.9, Diff: 0.9, Sum: 30.0]
      [Code Root Scanning (ms): Min: 0.0, Avg: 0.0, Max: 0.0, Diff: 0.0, Sum: 0.0]
      [Object Copy (ms): Min: 8.5, Avg: 8.6, Max: 8.6, Diff: 0.1, Sum: 34.3]
      [Termination (ms): Min: 0.0, Avg: 0.0, Max: 0.0, Diff: 0.0, Sum: 0.0]
         [Termination Attempts: Min: 1, Avg: 1.0, Max: 1, Diff: 0, Sum: 4]
      [GC Worker Other (ms): Min: 0.0, Avg: 0.1, Max: 0.1, Diff: 0.0, Sum: 0.2]
      [GC Worker Total (ms): Min: 19.0, Avg: 19.1, Max: 19.1, Diff: 0.0, Sum: 76.2]
      [GC Worker End (ms): Min: 39596775.2, Avg: 39596775.2, Max: 39596775.2, Diff: 0.0]
   [Code Root Fixup: 0.0 ms]
   [Code Root Purge: 0.0 ms]
   [Clear CT: 0.1 ms]
   [Other: 0.8 ms]
      [Choose CSet: 0.0 ms]
      [Ref Proc: 0.2 ms]
      [Ref Enq: 0.0 ms]
      [Redirty Cards: 0.1 ms]
      [Humongous Register: 0.0 ms]
      [Humongous Reclaim: 0.0 ms]
      [Free CSet: 0.1 ms]
   [Eden: 62.0M(46.0M)->0.0B(102.0M) Survivors: 5120.0K->5120.0K Heap: 296.2M(1024.0M)->234.7M(1024.0M)]
 [Times: user=0.08 sys=0.00, real=0.02 secs] 
2019-11-03T20:59:43.871+0800: 39618.948: [GC pause (G1 Evacuation Pause) (young), 0.0229628 secs]
   [Parallel Time: 22.3 ms, GC Workers: 4]
      [GC Worker Start (ms): Min: 39618948.1, Avg: 39618948.1, Max: 39618948.1, Diff: 0.1]
      [Ext Root Scanning (ms): Min: 0.7, Avg: 0.8, Max: 0.9, Diff: 0.1, Sum: 3.1]
      [Update RS (ms): Min: 2.2, Avg: 3.0, Max: 4.8, Diff: 2.6, Sum: 12.1]
         [Processed Buffers: Min: 4, Avg: 8.0, Max: 14, Diff: 10, Sum: 32]
      [Scan RS (ms): Min: 4.8, Avg: 6.0, Max: 6.6, Diff: 1.8, Sum: 23.8]
      [Code Root Scanning (ms): Min: 0.0, Avg: 0.0, Max: 0.0, Diff: 0.0, Sum: 0.0]
      [Object Copy (ms): Min: 11.6, Avg: 12.3, Max: 12.6, Diff: 0.9, Sum: 49.2]
      [Termination (ms): Min: 0.0, Avg: 0.0, Max: 0.0, Diff: 0.0, Sum: 0.0]
         [Termination Attempts: Min: 1, Avg: 1.5, Max: 2, Diff: 1, Sum: 6]
      [GC Worker Other (ms): Min: 0.0, Avg: 0.0, Max: 0.1, Diff: 0.1, Sum: 0.2]
      [GC Worker Total (ms): Min: 22.1, Avg: 22.1, Max: 22.2, Diff: 0.0, Sum: 88.6]
      [GC Worker End (ms): Min: 39618970.2, Avg: 39618970.2, Max: 39618970.3, Diff: 0.0]
   [Code Root Fixup: 0.0 ms]
   [Code Root Purge: 0.0 ms]
   [Clear CT: 0.1 ms]
   [Other: 0.6 ms]
      [Choose CSet: 0.0 ms]
      [Ref Proc: 0.2 ms]
      [Ref Enq: 0.0 ms]
      [Redirty Cards: 0.1 ms]
      [Humongous Register: 0.0 ms]
      [Humongous Reclaim: 0.0 ms]
      [Free CSet: 0.1 ms]
   [Eden: 102.0M(102.0M)->0.0B(70.0M) Survivors: 5120.0K->7168.0K Heap: 336.7M(1024.0M)->236.7M(1024.0M)]
 [Times: user=0.07 sys=0.00, real=0.02 secs] 
2019-11-03T20:59:58.788+0800: 39633.864: [GC pause (G1 Evacuation Pause) (young), 0.0209489 secs]
   [Parallel Time: 20.3 ms, GC Workers: 4]
      [GC Worker Start (ms): Min: 39633864.3, Avg: 39633864.3, Max: 39633864.4, Diff: 0.1]
      [Ext Root Scanning (ms): Min: 0.8, Avg: 0.8, Max: 0.9, Diff: 0.1, Sum: 3.4]
      [Update RS (ms): Min: 1.9, Avg: 2.2, Max: 2.6, Diff: 0.8, Sum: 8.9]
         [Processed Buffers: Min: 8, Avg: 8.5, Max: 9, Diff: 1, Sum: 34]
      [Scan RS (ms): Min: 6.0, Avg: 6.5, Max: 6.8, Diff: 0.8, Sum: 26.0]
      [Code Root Scanning (ms): Min: 0.0, Avg: 0.0, Max: 0.0, Diff: 0.0, Sum: 0.0]
      [Object Copy (ms): Min: 10.5, Avg: 10.6, Max: 10.6, Diff: 0.1, Sum: 42.3]
      [Termination (ms): Min: 0.0, Avg: 0.0, Max: 0.0, Diff: 0.0, Sum: 0.0]
         [Termination Attempts: Min: 1, Avg: 1.0, Max: 1, Diff: 0, Sum: 4]
      [GC Worker Other (ms): Min: 0.0, Avg: 0.0, Max: 0.0, Diff: 0.0, Sum: 0.1]
      [GC Worker Total (ms): Min: 20.1, Avg: 20.2, Max: 20.2, Diff: 0.1, Sum: 80.6]
      [GC Worker End (ms): Min: 39633884.5, Avg: 39633884.5, Max: 39633884.5, Diff: 0.0]
   [Code Root Fixup: 0.0 ms]
   [Code Root Purge: 0.0 ms]
   [Clear CT: 0.1 ms]
   [Other: 0.5 ms]
      [Choose CSet: 0.0 ms]
      [Ref Proc: 0.1 ms]
      [Ref Enq: 0.0 ms]
      [Redirty Cards: 0.1 ms]
      [Humongous Register: 0.0 ms]
      [Humongous Reclaim: 0.0 ms]
      [Free CSet: 0.1 ms]
   [Eden: 70.0M(70.0M)->0.0B(69.0M) Survivors: 7168.0K->7168.0K Heap: 306.7M(1024.0M)->236.2M(1024.0M)]
 [Times: user=0.08 sys=0.00, real=0.02 secs] 
2019-11-03T21:00:13.809+0800: 39648.885: [GC pause (G1 Evacuation Pause) (young), 0.0453543 secs]
   [Parallel Time: 43.4 ms, GC Workers: 4]
      [GC Worker Start (ms): Min: 39648885.5, Avg: 39648896.9, Max: 39648916.0, Diff: 30.6]
      [Ext Root Scanning (ms): Min: 0.0, Avg: 0.8, Max: 3.2, Diff: 3.2, Sum: 3.2]
      [Update RS (ms): Min: 0.0, Avg: 2.4, Max: 5.1, Diff: 5.1, Sum: 9.6]
         [Processed Buffers: Min: 0, Avg: 7.5, Max: 20, Diff: 20, Sum: 30]
      [Scan RS (ms): Min: 0.0, Avg: 4.3, Max: 7.0, Diff: 7.0, Sum: 17.4]
      [Code Root Scanning (ms): Min: 0.0, Avg: 0.0, Max: 0.0, Diff: 0.0, Sum: 0.0]
      [Object Copy (ms): Min: 12.6, Avg: 24.0, Max: 28.3, Diff: 15.7, Sum: 96.2]
      [Termination (ms): Min: 0.0, Avg: 0.2, Max: 0.3, Diff: 0.3, Sum: 0.7]
         [Termination Attempts: Min: 1, Avg: 1.0, Max: 1, Diff: 0, Sum: 4]
      [GC Worker Other (ms): Min: 0.0, Avg: 0.0, Max: 0.0, Diff: 0.0, Sum: 0.1]
      [GC Worker Total (ms): Min: 12.7, Avg: 31.8, Max: 43.2, Diff: 30.6, Sum: 127.2]
      [GC Worker End (ms): Min: 39648928.7, Avg: 39648928.7, Max: 39648928.7, Diff: 0.0]
   [Code Root Fixup: 0.0 ms]
   [Code Root Purge: 0.0 ms]
   [Clear CT: 0.5 ms]
   [Other: 1.4 ms]
      [Choose CSet: 0.0 ms]
      [Ref Proc: 0.3 ms]
      [Ref Enq: 0.0 ms]
      [Redirty Cards: 0.2 ms]
      [Humongous Register: 0.1 ms]
      [Humongous Reclaim: 0.0 ms]
      [Free CSet: 0.2 ms]
   [Eden: 69.0M(69.0M)->0.0B(44.0M) Survivors: 7168.0K->7168.0K Heap: 305.2M(1024.0M)->236.2M(1024.0M)]
 [Times: user=0.06 sys=0.00, real=0.05 secs] 
2019-11-03T21:00:23.444+0800: 39658.519: [GC pause (G1 Evacuation Pause) (young), 0.0252312 secs]
   [Parallel Time: 24.6 ms, GC Workers: 4]
      [GC Worker Start (ms): Min: 39658519.1, Avg: 39658519.2, Max: 39658519.2, Diff: 0.1]
      [Ext Root Scanning (ms): Min: 0.7, Avg: 0.8, Max: 0.8, Diff: 0.1, Sum: 3.1]
      [Update RS (ms): Min: 2.5, Avg: 2.8, Max: 3.5, Diff: 1.0, Sum: 11.1]
         [Processed Buffers: Min: 4, Avg: 7.5, Max: 10, Diff: 6, Sum: 30]
      [Scan RS (ms): Min: 5.6, Avg: 6.4, Max: 6.8, Diff: 1.2, Sum: 25.5]
      [Code Root Scanning (ms): Min: 0.0, Avg: 0.0, Max: 0.0, Diff: 0.0, Sum: 0.0]
      [Object Copy (ms): Min: 14.3, Avg: 14.5, Max: 14.6, Diff: 0.3, Sum: 57.9]
      [Termination (ms): Min: 0.0, Avg: 0.0, Max: 0.0, Diff: 0.0, Sum: 0.0]
         [Termination Attempts: Min: 1, Avg: 1.0, Max: 1, Diff: 0, Sum: 4]
      [GC Worker Other (ms): Min: 0.0, Avg: 0.0, Max: 0.1, Diff: 0.0, Sum: 0.2]
      [GC Worker Total (ms): Min: 24.4, Avg: 24.5, Max: 24.5, Diff: 0.0, Sum: 97.9]
      [GC Worker End (ms): Min: 39658543.6, Avg: 39658543.6, Max: 39658543.7, Diff: 0.0]
   [Code Root Fixup: 0.0 ms]
   [Code Root Purge: 0.0 ms]
   [Clear CT: 0.0 ms]
   [Other: 0.6 ms]
      [Choose CSet: 0.0 ms]
      [Ref Proc: 0.2 ms]
      [Ref Enq: 0.0 ms]
      [Redirty Cards: 0.1 ms]
      [Humongous Register: 0.0 ms]
      [Humongous Reclaim: 0.0 ms]
      [Free CSet: 0.1 ms]
   [Eden: 44.0M(44.0M)->0.0B(45.0M) Survivors: 7168.0K->6144.0K Heap: 280.2M(1024.0M)->237.2M(1024.0M)]
 [Times: user=0.09 sys=0.01, real=0.02 secs] 
2019-11-03T21:00:33.198+0800: 39668.273: [GC pause (G1 Evacuation Pause) (young), 0.0222649 secs]
   [Parallel Time: 21.3 ms, GC Workers: 4]
      [GC Worker Start (ms): Min: 39668273.6, Avg: 39668274.1, Max: 39668275.0, Diff: 1.5]
      [Ext Root Scanning (ms): Min: 0.0, Avg: 0.8, Max: 1.3, Diff: 1.3, Sum: 3.2]
      [Update RS (ms): Min: 1.4, Avg: 2.1, Max: 2.5, Diff: 1.1, Sum: 8.3]
         [Processed Buffers: Min: 4, Avg: 8.0, Max: 13, Diff: 9, Sum: 32]
      [Scan RS (ms): Min: 6.8, Avg: 7.1, Max: 7.3, Diff: 0.5, Sum: 28.2]
      [Code Root Scanning (ms): Min: 0.0, Avg: 0.0, Max: 0.0, Diff: 0.0, Sum: 0.0]
      [Object Copy (ms): Min: 10.5, Avg: 10.8, Max: 11.4, Diff: 0.9, Sum: 43.1]
      [Termination (ms): Min: 0.0, Avg: 0.0, Max: 0.0, Diff: 0.0, Sum: 0.0]
         [Termination Attempts: Min: 1, Avg: 1.5, Max: 2, Diff: 1, Sum: 6]
      [GC Worker Other (ms): Min: 0.0, Avg: 0.0, Max: 0.0, Diff: 0.0, Sum: 0.1]
      [GC Worker Total (ms): Min: 19.8, Avg: 20.7, Max: 21.3, Diff: 1.5, Sum: 82.9]
      [GC Worker End (ms): Min: 39668294.8, Avg: 39668294.8, Max: 39668294.9, Diff: 0.0]
   [Code Root Fixup: 0.0 ms]
   [Code Root Purge: 0.0 ms]
   [Clear CT: 0.1 ms]
   [Other: 0.8 ms]
      [Choose CSet: 0.0 ms]
      [Ref Proc: 0.2 ms]
      [Ref Enq: 0.0 ms]
      [Redirty Cards: 0.1 ms]
      [Humongous Register: 0.1 ms]
      [Humongous Reclaim: 0.0 ms]
      [Free CSet: 0.1 ms]
   [Eden: 45.0M(45.0M)->0.0B(46.0M) Survivors: 6144.0K->5120.0K Heap: 282.2M(1024.0M)->237.6M(1024.0M)]
 [Times: user=0.08 sys=0.00, real=0.03 secs] 
2019-11-03T21:00:43.127+0800: 39678.202: [GC pause (G1 Evacuation Pause) (young), 0.0198986 secs]
   [Parallel Time: 19.2 ms, GC Workers: 4]
      [GC Worker Start (ms): Min: 39678201.9, Avg: 39678202.0, Max: 39678202.4, Diff: 0.6]
      [Ext Root Scanning (ms): Min: 0.4, Avg: 0.8, Max: 1.0, Diff: 0.6, Sum: 3.2]
      [Update RS (ms): Min: 2.3, Avg: 2.5, Max: 2.6, Diff: 0.4, Sum: 9.9]
         [Processed Buffers: Min: 2, Avg: 7.5, Max: 14, Diff: 12, Sum: 30]
      [Scan RS (ms): Min: 7.8, Avg: 8.0, Max: 8.2, Diff: 0.4, Sum: 31.9]
      [Code Root Scanning (ms): Min: 0.0, Avg: 0.0, Max: 0.0, Diff: 0.0, Sum: 0.0]
      [Object Copy (ms): Min: 7.6, Avg: 7.7, Max: 7.8, Diff: 0.2, Sum: 30.7]
      [Termination (ms): Min: 0.0, Avg: 0.0, Max: 0.0, Diff: 0.0, Sum: 0.0]
         [Termination Attempts: Min: 1, Avg: 1.0, Max: 1, Diff: 0, Sum: 4]
      [GC Worker Other (ms): Min: 0.0, Avg: 0.0, Max: 0.1, Diff: 0.0, Sum: 0.2]
      [GC Worker Total (ms): Min: 18.6, Avg: 19.0, Max: 19.2, Diff: 0.6, Sum: 76.0]
      [GC Worker End (ms): Min: 39678221.0, Avg: 39678221.0, Max: 39678221.0, Diff: 0.0]
   [Code Root Fixup: 0.0 ms]
   [Code Root Purge: 0.0 ms]
   [Clear CT: 0.1 ms]
   [Other: 0.6 ms]
      [Choose CSet: 0.0 ms]
      [Ref Proc: 0.1 ms]
      [Ref Enq: 0.0 ms]
      [Redirty Cards: 0.1 ms]
      [Humongous Register: 0.0 ms]
      [Humongous Reclaim: 0.0 ms]
      [Free CSet: 0.1 ms]
   [Eden: 46.0M(46.0M)->0.0B(46.0M) Survivors: 5120.0K->5120.0K Heap: 283.6M(1024.0M)->237.1M(1024.0M)]
 [Times: user=0.07 sys=0.00, real=0.02 secs] 
2019-11-03T21:00:53.121+0800: 39688.195: [GC pause (G1 Evacuation Pause) (young), 0.0188535 secs]
   [Parallel Time: 18.0 ms, GC Workers: 4]
      [GC Worker Start (ms): Min: 39688195.4, Avg: 39688195.4, Max: 39688195.4, Diff: 0.1]
      [Ext Root Scanning (ms): Min: 0.7, Avg: 0.8, Max: 0.8, Diff: 0.1, Sum: 3.1]
      [Update RS (ms): Min: 1.9, Avg: 2.3, Max: 2.6, Diff: 0.7, Sum: 9.3]
         [Processed Buffers: Min: 4, Avg: 7.0, Max: 11, Diff: 7, Sum: 28]
      [Scan RS (ms): Min: 5.8, Avg: 6.1, Max: 6.4, Diff: 0.6, Sum: 24.4]
      [Code Root Scanning (ms): Min: 0.0, Avg: 0.0, Max: 0.0, Diff: 0.0, Sum: 0.0]
      [Object Copy (ms): Min: 8.5, Avg: 8.6, Max: 8.7, Diff: 0.2, Sum: 34.5]
      [Termination (ms): Min: 0.0, Avg: 0.0, Max: 0.0, Diff: 0.0, Sum: 0.0]
         [Termination Attempts: Min: 1, Avg: 1.8, Max: 2, Diff: 1, Sum: 7]
      [GC Worker Other (ms): Min: 0.0, Avg: 0.0, Max: 0.1, Diff: 0.0, Sum: 0.2]
      [GC Worker Total (ms): Min: 17.8, Avg: 17.9, Max: 17.9, Diff: 0.0, Sum: 71.4]
      [GC Worker End (ms): Min: 39688213.2, Avg: 39688213.2, Max: 39688213.3, Diff: 0.0]
   [Code Root Fixup: 0.0 ms]
   [Code Root Purge: 0.0 ms]
   [Clear CT: 0.1 ms]
   [Other: 0.8 ms]
      [Choose CSet: 0.0 ms]
      [Ref Proc: 0.2 ms]
      [Ref Enq: 0.0 ms]
      [Redirty Cards: 0.1 ms]
      [Humongous Register: 0.1 ms]
      [Humongous Reclaim: 0.0 ms]
      [Free CSet: 0.1 ms]
   [Eden: 46.0M(46.0M)->0.0B(46.0M) Survivors: 5120.0K->5120.0K Heap: 283.1M(1024.0M)->237.1M(1024.0M)]
 [Times: user=0.07 sys=0.00, real=0.02 secs] 
2019-11-03T21:01:03.052+0800: 39698.125: [GC pause (G1 Evacuation Pause) (young), 0.0164071 secs]
   [Parallel Time: 15.9 ms, GC Workers: 4]
      [GC Worker Start (ms): Min: 39698125.6, Avg: 39698125.6, Max: 39698125.6, Diff: 0.0]
      [Ext Root Scanning (ms): Min: 0.4, Avg: 0.5, Max: 0.5, Diff: 0.0, Sum: 1.9]
      [Update RS (ms): Min: 0.9, Avg: 1.1, Max: 1.2, Diff: 0.3, Sum: 4.2]
         [Processed Buffers: Min: 3, Avg: 8.2, Max: 14, Diff: 11, Sum: 33]
      [Scan RS (ms): Min: 4.6, Avg: 4.8, Max: 5.0, Diff: 0.4, Sum: 19.1]
      [Code Root Scanning (ms): Min: 0.0, Avg: 0.0, Max: 0.0, Diff: 0.0, Sum: 0.0]
      [Object Copy (ms): Min: 9.3, Avg: 9.4, Max: 9.5, Diff: 0.1, Sum: 37.7]
      [Termination (ms): Min: 0.0, Avg: 0.0, Max: 0.0, Diff: 0.0, Sum: 0.0]
         [Termination Attempts: Min: 1, Avg: 1.0, Max: 1, Diff: 0, Sum: 4]
      [GC Worker Other (ms): Min: 0.0, Avg: 0.0, Max: 0.1, Diff: 0.0, Sum: 0.2]
      [GC Worker Total (ms): Min: 15.7, Avg: 15.8, Max: 15.8, Diff: 0.1, Sum: 63.1]
      [GC Worker End (ms): Min: 39698141.3, Avg: 39698141.4, Max: 39698141.4, Diff: 0.0]
   [Code Root Fixup: 0.0 ms]
   [Code Root Purge: 0.0 ms]
   [Clear CT: 0.1 ms]
   [Other: 0.5 ms]
      [Choose CSet: 0.0 ms]
      [Ref Proc: 0.1 ms]
      [Ref Enq: 0.0 ms]
      [Redirty Cards: 0.0 ms]
      [Humongous Register: 0.0 ms]
      [Humongous Reclaim: 0.0 ms]
      [Free CSet: 0.1 ms]
   [Eden: 46.0M(46.0M)->0.0B(45.0M) Survivors: 5120.0K->6144.0K Heap: 283.1M(1024.0M)->238.6M(1024.0M)]
 [Times: user=0.06 sys=0.00, real=0.01 secs] 
2019-11-03T21:01:12.865+0800: 39707.938: [GC pause (G1 Evacuation Pause) (young), 0.0261264 secs]
   [Parallel Time: 25.1 ms, GC Workers: 4]
      [GC Worker Start (ms): Min: 39707938.2, Avg: 39707938.5, Max: 39707939.0, Diff: 0.7]
      [Ext Root Scanning (ms): Min: 0.4, Avg: 1.5, Max: 3.2, Diff: 2.8, Sum: 5.8]
      [Update RS (ms): Min: 2.3, Avg: 4.0, Max: 4.9, Diff: 2.7, Sum: 16.0]
         [Processed Buffers: Min: 2, Avg: 8.2, Max: 17, Diff: 15, Sum: 33]
      [Scan RS (ms): Min: 6.4, Avg: 6.9, Max: 7.0, Diff: 0.6, Sum: 27.4]
      [Code Root Scanning (ms): Min: 0.0, Avg: 0.0, Max: 0.0, Diff: 0.0, Sum: 0.0]
      [Object Copy (ms): Min: 12.2, Avg: 12.2, Max: 12.4, Diff: 0.2, Sum: 49.0]
      [Termination (ms): Min: 0.0, Avg: 0.2, Max: 0.3, Diff: 0.3, Sum: 0.7]
         [Termination Attempts: Min: 1, Avg: 2.2, Max: 4, Diff: 3, Sum: 9]
      [GC Worker Other (ms): Min: 0.0, Avg: 0.0, Max: 0.0, Diff: 0.0, Sum: 0.1]
      [GC Worker Total (ms): Min: 24.3, Avg: 24.7, Max: 25.0, Diff: 0.7, Sum: 99.0]
      [GC Worker End (ms): Min: 39707963.1, Avg: 39707963.2, Max: 39707963.3, Diff: 0.2]
   [Code Root Fixup: 0.0 ms]
   [Code Root Purge: 0.0 ms]
   [Clear CT: 0.1 ms]
   [Other: 0.9 ms]
      [Choose CSet: 0.0 ms]
      [Ref Proc: 0.4 ms]
      [Ref Enq: 0.0 ms]
      [Redirty Cards: 0.1 ms]
      [Humongous Register: 0.0 ms]
      [Humongous Reclaim: 0.0 ms]
      [Free CSet: 0.1 ms]
   [Eden: 45.0M(45.0M)->0.0B(46.0M) Survivors: 6144.0K->5120.0K Heap: 283.6M(1024.0M)->238.4M(1024.0M)]
 [Times: user=0.07 sys=0.00, real=0.03 secs] 
2019-11-03T21:01:22.854+0800: 39717.927: [GC pause (G1 Evacuation Pause) (young), 0.0184125 secs]
   [Parallel Time: 17.7 ms, GC Workers: 4]
      [GC Worker Start (ms): Min: 39717927.6, Avg: 39717927.7, Max: 39717927.7, Diff: 0.1]
      [Ext Root Scanning (ms): Min: 0.8, Avg: 0.9, Max: 0.9, Diff: 0.1, Sum: 3.5]
      [Update RS (ms): Min: 2.4, Avg: 2.7, Max: 2.8, Diff: 0.5, Sum: 10.6]
         [Processed Buffers: Min: 3, Avg: 8.0, Max: 18, Diff: 15, Sum: 32]
      [Scan RS (ms): Min: 6.4, Avg: 6.6, Max: 6.9, Diff: 0.5, Sum: 26.5]
      [Code Root Scanning (ms): Min: 0.0, Avg: 0.0, Max: 0.0, Diff: 0.0, Sum: 0.0]
      [Object Copy (ms): Min: 7.2, Avg: 7.4, Max: 7.5, Diff: 0.2, Sum: 29.5]
      [Termination (ms): Min: 0.0, Avg: 0.0, Max: 0.0, Diff: 0.0, Sum: 0.0]
         [Termination Attempts: Min: 1, Avg: 2.5, Max: 5, Diff: 4, Sum: 10]
      [GC Worker Other (ms): Min: 0.0, Avg: 0.0, Max: 0.1, Diff: 0.0, Sum: 0.2]
      [GC Worker Total (ms): Min: 17.5, Avg: 17.6, Max: 17.6, Diff: 0.1, Sum: 70.3]
      [GC Worker End (ms): Min: 39717945.2, Avg: 39717945.3, Max: 39717945.3, Diff: 0.0]
   [Code Root Fixup: 0.0 ms]
   [Code Root Purge: 0.0 ms]
   [Clear CT: 0.1 ms]
   [Other: 0.6 ms]
      [Choose CSet: 0.0 ms]
      [Ref Proc: 0.2 ms]
      [Ref Enq: 0.0 ms]
      [Redirty Cards: 0.1 ms]
      [Humongous Register: 0.0 ms]
      [Humongous Reclaim: 0.0 ms]
      [Free CSet: 0.1 ms]
   [Eden: 46.0M(46.0M)->0.0B(46.0M) Survivors: 5120.0K->5120.0K Heap: 284.4M(1024.0M)->238.4M(1024.0M)]
 [Times: user=0.06 sys=0.00, real=0.02 secs] 
2019-11-03T21:01:32.982+0800: 39728.054: [GC pause (G1 Evacuation Pause) (young), 0.0209403 secs]
   [Parallel Time: 20.3 ms, GC Workers: 4]
      [GC Worker Start (ms): Min: 39728054.5, Avg: 39728054.6, Max: 39728054.7, Diff: 0.1]
      [Ext Root Scanning (ms): Min: 0.7, Avg: 0.8, Max: 0.9, Diff: 0.2, Sum: 3.2]
      [Update RS (ms): Min: 2.4, Avg: 2.5, Max: 2.5, Diff: 0.1, Sum: 9.9]
         [Processed Buffers: Min: 6, Avg: 8.2, Max: 12, Diff: 6, Sum: 33]
      [Scan RS (ms): Min: 7.1, Avg: 7.2, Max: 7.2, Diff: 0.1, Sum: 28.6]
      [Code Root Scanning (ms): Min: 0.0, Avg: 0.0, Max: 0.0, Diff: 0.0, Sum: 0.0]
      [Object Copy (ms): Min: 9.5, Avg: 9.6, Max: 9.7, Diff: 0.2, Sum: 38.6]
      [Termination (ms): Min: 0.0, Avg: 0.0, Max: 0.0, Diff: 0.0, Sum: 0.0]
         [Termination Attempts: Min: 1, Avg: 1.0, Max: 1, Diff: 0, Sum: 4]
      [GC Worker Other (ms): Min: 0.0, Avg: 0.0, Max: 0.0, Diff: 0.0, Sum: 0.1]
      [GC Worker Total (ms): Min: 20.0, Avg: 20.1, Max: 20.2, Diff: 0.1, Sum: 80.4]
      [GC Worker End (ms): Min: 39728074.7, Avg: 39728074.7, Max: 39728074.7, Diff: 0.0]
   [Code Root Fixup: 0.0 ms]
   [Code Root Purge: 0.0 ms]
   [Clear CT: 0.2 ms]
   [Other: 0.5 ms]
      [Choose CSet: 0.0 ms]
      [Ref Proc: 0.1 ms]
      [Ref Enq: 0.0 ms]
      [Redirty Cards: 0.1 ms]
      [Humongous Register: 0.0 ms]
      [Humongous Reclaim: 0.0 ms]
      [Free CSet: 0.1 ms]
   [Eden: 46.0M(46.0M)->0.0B(45.0M) Survivors: 5120.0K->6144.0K Heap: 284.4M(1024.0M)->239.9M(1024.0M)]
 [Times: user=0.08 sys=0.00, real=0.02 secs] 
2019-11-03T21:01:42.862+0800: 39737.934: [GC pause (G1 Evacuation Pause) (young), 0.0215859 secs]
   [Parallel Time: 20.8 ms, GC Workers: 4]
      [GC Worker Start (ms): Min: 39737934.1, Avg: 39737934.2, Max: 39737934.2, Diff: 0.1]
      [Ext Root Scanning (ms): Min: 0.8, Avg: 0.8, Max: 0.8, Diff: 0.1, Sum: 3.2]
      [Update RS (ms): Min: 1.9, Avg: 2.0, Max: 2.2, Diff: 0.3, Sum: 8.0]
         [Processed Buffers: Min: 7, Avg: 8.2, Max: 10, Diff: 3, Sum: 33]
      [Scan RS (ms): Min: 6.9, Avg: 7.3, Max: 7.7, Diff: 0.8, Sum: 29.3]
      [Code Root Scanning (ms): Min: 0.0, Avg: 0.0, Max: 0.0, Diff: 0.0, Sum: 0.0]
      [Object Copy (ms): Min: 10.2, Avg: 10.5, Max: 10.8, Diff: 0.6, Sum: 42.1]
      [Termination (ms): Min: 0.0, Avg: 0.0, Max: 0.0, Diff: 0.0, Sum: 0.0]
         [Termination Attempts: Min: 1, Avg: 1.0, Max: 1, Diff: 0, Sum: 4]
      [GC Worker Other (ms): Min: 0.0, Avg: 0.1, Max: 0.1, Diff: 0.0, Sum: 0.2]
      [GC Worker Total (ms): Min: 20.7, Avg: 20.7, Max: 20.7, Diff: 0.0, Sum: 82.8]
      [GC Worker End (ms): Min: 39737954.9, Avg: 39737954.9, Max: 39737954.9, Diff: 0.0]
   [Code Root Fixup: 0.0 ms]
   [Code Root Purge: 0.0 ms]
   [Clear CT: 0.1 ms]
   [Other: 0.7 ms]
      [Choose CSet: 0.0 ms]
      [Ref Proc: 0.2 ms]
      [Ref Enq: 0.0 ms]
      [Redirty Cards: 0.1 ms]
      [Humongous Register: 0.0 ms]
      [Humongous Reclaim: 0.0 ms]
      [Free CSet: 0.1 ms]
   [Eden: 45.0M(45.0M)->0.0B(46.0M) Survivors: 6144.0K->5120.0K Heap: 284.9M(1024.0M)->239.5M(1024.0M)]
 [Times: user=0.08 sys=0.01, real=0.02 secs] 
2019-11-03T21:01:52.919+0800: 39747.991: [GC pause (G1 Evacuation Pause) (young), 0.0219768 secs]
   [Parallel Time: 21.2 ms, GC Workers: 4]
      [GC Worker Start (ms): Min: 39747991.2, Avg: 39747991.9, Max: 39747993.5, Diff: 2.2]
      [Ext Root Scanning (ms): Min: 0.0, Avg: 1.5, Max: 2.1, Diff: 2.1, Sum: 6.0]
      [Update RS (ms): Min: 2.8, Avg: 3.0, Max: 3.2, Diff: 0.4, Sum: 12.0]
         [Processed Buffers: Min: 4, Avg: 8.2, Max: 15, Diff: 11, Sum: 33]
      [Scan RS (ms): Min: 7.3, Avg: 7.9, Max: 8.4, Diff: 1.1, Sum: 31.5]
      [Code Root Scanning (ms): Min: 0.0, Avg: 0.0, Max: 0.0, Diff: 0.0, Sum: 0.0]
      [Object Copy (ms): Min: 7.3, Avg: 8.0, Max: 8.7, Diff: 1.4, Sum: 32.0]
      [Termination (ms): Min: 0.0, Avg: 0.0, Max: 0.0, Diff: 0.0, Sum: 0.0]
         [Termination Attempts: Min: 1, Avg: 1.2, Max: 2, Diff: 1, Sum: 5]
      [GC Worker Other (ms): Min: 0.0, Avg: 0.0, Max: 0.1, Diff: 0.0, Sum: 0.2]
      [GC Worker Total (ms): Min: 18.8, Avg: 20.4, Max: 21.1, Diff: 2.3, Sum: 81.7]
      [GC Worker End (ms): Min: 39748012.3, Avg: 39748012.3, Max: 39748012.3, Diff: 0.0]
   [Code Root Fixup: 0.0 ms]
   [Code Root Purge: 0.0 ms]
   [Clear CT: 0.1 ms]
   [Other: 0.7 ms]
      [Choose CSet: 0.0 ms]
      [Ref Proc: 0.2 ms]
      [Ref Enq: 0.0 ms]
      [Redirty Cards: 0.1 ms]
      [Humongous Register: 0.1 ms]
      [Humongous Reclaim: 0.0 ms]
      [Free CSet: 0.1 ms]
   [Eden: 46.0M(46.0M)->0.0B(46.0M) Survivors: 5120.0K->5120.0K Heap: 285.5M(1024.0M)->239.5M(1024.0M)]
 [Times: user=0.07 sys=0.00, real=0.03 secs] 
2019-11-03T21:02:02.912+0800: 39757.983: [GC pause (G1 Evacuation Pause) (young), 0.0220240 secs]
   [Parallel Time: 21.1 ms, GC Workers: 4]
      [GC Worker Start (ms): Min: 39757983.3, Avg: 39757985.8, Max: 39757987.0, Diff: 3.7]
      [Ext Root Scanning (ms): Min: 0.0, Avg: 1.2, Max: 3.6, Diff: 3.6, Sum: 4.6]
      [Update RS (ms): Min: 2.3, Avg: 2.4, Max: 2.6, Diff: 0.3, Sum: 9.7]
         [Processed Buffers: Min: 4, Avg: 8.5, Max: 15, Diff: 11, Sum: 34]
      [Scan RS (ms): Min: 6.6, Avg: 6.7, Max: 6.9, Diff: 0.2, Sum: 26.9]
      [Code Root Scanning (ms): Min: 0.0, Avg: 0.0, Max: 0.0, Diff: 0.0, Sum: 0.0]
      [Object Copy (ms): Min: 8.1, Avg: 8.2, Max: 8.3, Diff: 0.2, Sum: 32.8]
      [Termination (ms): Min: 0.0, Avg: 0.0, Max: 0.0, Diff: 0.0, Sum: 0.0]
         [Termination Attempts: Min: 1, Avg: 1.0, Max: 1, Diff: 0, Sum: 4]
      [GC Worker Other (ms): Min: 0.0, Avg: 0.0, Max: 0.1, Diff: 0.0, Sum: 0.2]
      [GC Worker Total (ms): Min: 17.3, Avg: 18.5, Max: 21.0, Diff: 3.7, Sum: 74.2]
      [GC Worker End (ms): Min: 39758004.3, Avg: 39758004.3, Max: 39758004.3, Diff: 0.0]
   [Code Root Fixup: 0.0 ms]
   [Code Root Purge: 0.0 ms]
   [Clear CT: 0.1 ms]
   [Other: 0.8 ms]
      [Choose CSet: 0.0 ms]
      [Ref Proc: 0.3 ms]
      [Ref Enq: 0.0 ms]
      [Redirty Cards: 0.1 ms]
      [Humongous Register: 0.1 ms]
      [Humongous Reclaim: 0.0 ms]
      [Free CSet: 0.1 ms]
   [Eden: 46.0M(46.0M)->0.0B(46.0M) Survivors: 5120.0K->5120.0K Heap: 285.5M(1024.0M)->239.5M(1024.0M)]
 [Times: user=0.06 sys=0.00, real=0.02 secs] 
2019-11-03T21:02:12.951+0800: 39768.022: [GC pause (G1 Evacuation Pause) (young), 0.0202818 secs]
   [Parallel Time: 19.5 ms, GC Workers: 4]
      [GC Worker Start (ms): Min: 39768022.2, Avg: 39768022.5, Max: 39768023.2, Diff: 0.9]
      [Ext Root Scanning (ms): Min: 0.0, Avg: 0.6, Max: 0.9, Diff: 0.8, Sum: 2.5]
      [Update RS (ms): Min: 0.0, Avg: 1.6, Max: 2.4, Diff: 2.3, Sum: 6.5]
         [Processed Buffers: Min: 0, Avg: 8.5, Max: 16, Diff: 16, Sum: 34]
      [Scan RS (ms): Min: 4.6, Avg: 5.2, Max: 6.0, Diff: 1.5, Sum: 20.9]
      [Code Root Scanning (ms): Min: 0.0, Avg: 0.0, Max: 0.0, Diff: 0.0, Sum: 0.0]
      [Object Copy (ms): Min: 10.4, Avg: 11.6, Max: 14.0, Diff: 3.6, Sum: 46.6]
      [Termination (ms): Min: 0.0, Avg: 0.0, Max: 0.0, Diff: 0.0, Sum: 0.0]
         [Termination Attempts: Min: 1, Avg: 1.0, Max: 1, Diff: 0, Sum: 4]
      [GC Worker Other (ms): Min: 0.0, Avg: 0.0, Max: 0.0, Diff: 0.0, Sum: 0.1]
      [GC Worker Total (ms): Min: 18.5, Avg: 19.2, Max: 19.4, Diff: 1.0, Sum: 76.7]
      [GC Worker End (ms): Min: 39768041.6, Avg: 39768041.6, Max: 39768041.6, Diff: 0.0]
   [Code Root Fixup: 0.0 ms]
   [Code Root Purge: 0.0 ms]
   [Clear CT: 0.1 ms]
   [Other: 0.7 ms]
      [Choose CSet: 0.0 ms]
      [Ref Proc: 0.2 ms]
      [Ref Enq: 0.0 ms]
      [Redirty Cards: 0.1 ms]
      [Humongous Register: 0.0 ms]
      [Humongous Reclaim: 0.0 ms]
      [Free CSet: 0.1 ms]
   [Eden: 46.0M(46.0M)->0.0B(45.0M) Survivors: 5120.0K->6144.0K Heap: 285.5M(1024.0M)->241.0M(1024.0M)]
 [Times: user=0.07 sys=0.00, real=0.02 secs] 
2019-11-03T21:02:22.730+0800: 39777.801: [GC pause (G1 Evacuation Pause) (young), 0.0193430 secs]
   [Parallel Time: 18.4 ms, GC Workers: 4]
      [GC Worker Start (ms): Min: 39777801.1, Avg: 39777801.3, Max: 39777801.8, Diff: 0.6]
      [Ext Root Scanning (ms): Min: 0.2, Avg: 0.7, Max: 0.9, Diff: 0.6, Sum: 2.8]
      [Update RS (ms): Min: 1.5, Avg: 1.6, Max: 1.7, Diff: 0.3, Sum: 6.3]
         [Processed Buffers: Min: 1, Avg: 8.5, Max: 13, Diff: 12, Sum: 34]
      [Scan RS (ms): Min: 5.0, Avg: 5.2, Max: 5.3, Diff: 0.4, Sum: 20.8]
      [Code Root Scanning (ms): Min: 0.0, Avg: 0.0, Max: 0.0, Diff: 0.0, Sum: 0.0]
      [Object Copy (ms): Min: 10.7, Avg: 10.7, Max: 10.7, Diff: 0.1, Sum: 42.8]
      [Termination (ms): Min: 0.0, Avg: 0.0, Max: 0.0, Diff: 0.0, Sum: 0.0]
         [Termination Attempts: Min: 1, Avg: 1.0, Max: 1, Diff: 0, Sum: 4]
      [GC Worker Other (ms): Min: 0.0, Avg: 0.0, Max: 0.0, Diff: 0.0, Sum: 0.1]
      [GC Worker Total (ms): Min: 17.7, Avg: 18.2, Max: 18.4, Diff: 0.6, Sum: 72.7]
      [GC Worker End (ms): Min: 39777819.5, Avg: 39777819.5, Max: 39777819.5, Diff: 0.0]
   [Code Root Fixup: 0.0 ms]
   [Code Root Purge: 0.0 ms]
   [Clear CT: 0.1 ms]
   [Other: 0.8 ms]
      [Choose CSet: 0.0 ms]
      [Ref Proc: 0.2 ms]
      [Ref Enq: 0.0 ms]
      [Redirty Cards: 0.1 ms]
      [Humongous Register: 0.0 ms]
      [Humongous Reclaim: 0.0 ms]
      [Free CSet: 0.1 ms]
   [Eden: 45.0M(45.0M)->0.0B(46.0M) Survivors: 6144.0K->5120.0K Heap: 286.0M(1024.0M)->240.3M(1024.0M)]
 [Times: user=0.06 sys=0.00, real=0.02 secs] 
2019-11-03T21:02:32.702+0800: 39787.772: [GC pause (G1 Evacuation Pause) (young), 0.0181619 secs]
   [Parallel Time: 17.4 ms, GC Workers: 4]
      [GC Worker Start (ms): Min: 39787772.4, Avg: 39787772.6, Max: 39787773.3, Diff: 0.9]
      [Ext Root Scanning (ms): Min: 0.2, Avg: 0.8, Max: 1.1, Diff: 0.9, Sum: 3.3]
      [Update RS (ms): Min: 4.3, Avg: 4.4, Max: 4.5, Diff: 0.2, Sum: 17.5]
         [Processed Buffers: Min: 0, Avg: 8.5, Max: 27, Diff: 27, Sum: 34]
      [Scan RS (ms): Min: 4.1, Avg: 4.2, Max: 4.4, Diff: 0.2, Sum: 16.9]
      [Code Root Scanning (ms): Min: 0.0, Avg: 0.0, Max: 0.0, Diff: 0.0, Sum: 0.0]
      [Object Copy (ms): Min: 7.6, Avg: 7.7, Max: 7.8, Diff: 0.1, Sum: 30.6]
      [Termination (ms): Min: 0.0, Avg: 0.0, Max: 0.0, Diff: 0.0, Sum: 0.0]
         [Termination Attempts: Min: 1, Avg: 1.2, Max: 2, Diff: 1, Sum: 5]
      [GC Worker Other (ms): Min: 0.0, Avg: 0.0, Max: 0.0, Diff: 0.0, Sum: 0.1]
      [GC Worker Total (ms): Min: 16.4, Avg: 17.1, Max: 17.3, Diff: 0.9, Sum: 68.4]
      [GC Worker End (ms): Min: 39787789.7, Avg: 39787789.7, Max: 39787789.7, Diff: 0.0]
   [Code Root Fixup: 0.0 ms]
   [Code Root Purge: 0.0 ms]
   [Clear CT: 0.1 ms]
   [Other: 0.7 ms]
      [Choose CSet: 0.0 ms]
      [Ref Proc: 0.2 ms]
      [Ref Enq: 0.0 ms]
      [Redirty Cards: 0.0 ms]
      [Humongous Register: 0.0 ms]
      [Humongous Reclaim: 0.0 ms]
      [Free CSet: 0.1 ms]
   [Eden: 46.0M(46.0M)->0.0B(46.0M) Survivors: 5120.0K->5120.0K Heap: 286.3M(1024.0M)->240.3M(1024.0M)]
 [Times: user=0.06 sys=0.00, real=0.02 secs] 
2019-11-03T21:02:42.765+0800: 39797.835: [GC pause (G1 Evacuation Pause) (young), 0.0221526 secs]
   [Parallel Time: 21.5 ms, GC Workers: 4]
      [GC Worker Start (ms): Min: 39797834.8, Avg: 39797834.9, Max: 39797835.2, Diff: 0.5]
      [Ext Root Scanning (ms): Min: 0.7, Avg: 1.1, Max: 1.2, Diff: 0.5, Sum: 4.2]
      [Update RS (ms): Min: 2.7, Avg: 4.7, Max: 6.3, Diff: 3.7, Sum: 18.8]
         [Processed Buffers: Min: 1, Avg: 8.8, Max: 16, Diff: 15, Sum: 35]
      [Scan RS (ms): Min: 3.6, Avg: 5.6, Max: 8.6, Diff: 5.1, Sum: 22.2]
      [Code Root Scanning (ms): Min: 0.0, Avg: 0.0, Max: 0.0, Diff: 0.0, Sum: 0.0]
      [Object Copy (ms): Min: 8.6, Avg: 9.7, Max: 10.1, Diff: 1.6, Sum: 38.6]
      [Termination (ms): Min: 0.0, Avg: 0.1, Max: 0.3, Diff: 0.3, Sum: 0.6]
         [Termination Attempts: Min: 1, Avg: 1.0, Max: 1, Diff: 0, Sum: 4]
      [GC Worker Other (ms): Min: 0.0, Avg: 0.0, Max: 0.0, Diff: 0.0, Sum: 0.1]
      [GC Worker Total (ms): Min: 20.8, Avg: 21.1, Max: 21.3, Diff: 0.5, Sum: 84.5]
      [GC Worker End (ms): Min: 39797856.0, Avg: 39797856.0, Max: 39797856.1, Diff: 0.1]
   [Code Root Fixup: 0.0 ms]
   [Code Root Purge: 0.0 ms]
   [Clear CT: 0.1 ms]
   [Other: 0.6 ms]
      [Choose CSet: 0.0 ms]
      [Ref Proc: 0.1 ms]
      [Ref Enq: 0.0 ms]
      [Redirty Cards: 0.1 ms]
      [Humongous Register: 0.0 ms]
      [Humongous Reclaim: 0.0 ms]
      [Free CSet: 0.1 ms]
   [Eden: 46.0M(46.0M)->0.0B(46.0M) Survivors: 5120.0K->5120.0K Heap: 286.3M(1024.0M)->240.3M(1024.0M)]
 [Times: user=0.06 sys=0.00, real=0.02 secs] 
2019-11-03T21:02:52.729+0800: 39807.798: [GC pause (G1 Evacuation Pause) (young), 0.0209317 secs]
   [Parallel Time: 20.3 ms, GC Workers: 4]
      [GC Worker Start (ms): Min: 39807798.3, Avg: 39807798.5, Max: 39807798.7, Diff: 0.3]
      [Ext Root Scanning (ms): Min: 0.6, Avg: 0.8, Max: 0.9, Diff: 0.3, Sum: 3.2]
      [Update RS (ms): Min: 2.0, Avg: 2.1, Max: 2.3, Diff: 0.4, Sum: 8.3]
         [Processed Buffers: Min: 4, Avg: 7.8, Max: 10, Diff: 6, Sum: 31]
      [Scan RS (ms): Min: 6.9, Avg: 7.1, Max: 7.3, Diff: 0.3, Sum: 28.6]
      [Code Root Scanning (ms): Min: 0.0, Avg: 0.0, Max: 0.0, Diff: 0.0, Sum: 0.0]
      [Object Copy (ms): Min: 10.0, Avg: 10.0, Max: 10.1, Diff: 0.1, Sum: 40.1]
      [Termination (ms): Min: 0.0, Avg: 0.0, Max: 0.0, Diff: 0.0, Sum: 0.0]
         [Termination Attempts: Min: 1, Avg: 1.0, Max: 1, Diff: 0, Sum: 4]
      [GC Worker Other (ms): Min: 0.0, Avg: 0.1, Max: 0.1, Diff: 0.0, Sum: 0.2]
      [GC Worker Total (ms): Min: 19.9, Avg: 20.1, Max: 20.2, Diff: 0.3, Sum: 80.4]
      [GC Worker End (ms): Min: 39807818.6, Avg: 39807818.6, Max: 39807818.6, Diff: 0.0]
   [Code Root Fixup: 0.0 ms]
   [Code Root Purge: 0.0 ms]
   [Clear CT: 0.1 ms]
   [Other: 0.5 ms]
      [Choose CSet: 0.0 ms]
      [Ref Proc: 0.1 ms]
      [Ref Enq: 0.0 ms]
      [Redirty Cards: 0.0 ms]
      [Humongous Register: 0.0 ms]
      [Humongous Reclaim: 0.0 ms]
      [Free CSet: 0.1 ms]
   [Eden: 46.0M(46.0M)->0.0B(44.0M) Survivors: 5120.0K->7168.0K Heap: 286.3M(1024.0M)->242.3M(1024.0M)]
 [Times: user=0.08 sys=0.00, real=0.03 secs] 
2019-11-03T21:03:02.268+0800: 39817.337: [GC pause (G1 Evacuation Pause) (young), 0.0246432 secs]
   [Parallel Time: 24.0 ms, GC Workers: 4]
      [GC Worker Start (ms): Min: 39817337.1, Avg: 39817339.5, Max: 39817346.6, Diff: 9.6]
      [Ext Root Scanning (ms): Min: 0.0, Avg: 0.8, Max: 1.1, Diff: 1.1, Sum: 3.2]
      [Update RS (ms): Min: 0.0, Avg: 2.1, Max: 3.3, Diff: 3.3, Sum: 8.2]
         [Processed Buffers: Min: 0, Avg: 9.0, Max: 14, Diff: 14, Sum: 36]
      [Scan RS (ms): Min: 2.6, Avg: 6.8, Max: 8.7, Diff: 6.1, Sum: 27.4]
      [Code Root Scanning (ms): Min: 0.0, Avg: 0.0, Max: 0.0, Diff: 0.0, Sum: 0.0]
      [Object Copy (ms): Min: 11.6, Avg: 11.7, Max: 11.8, Diff: 0.1, Sum: 46.9]
      [Termination (ms): Min: 0.0, Avg: 0.0, Max: 0.0, Diff: 0.0, Sum: 0.0]
         [Termination Attempts: Min: 1, Avg: 1.0, Max: 1, Diff: 0, Sum: 4]
      [GC Worker Other (ms): Min: 0.0, Avg: 0.0, Max: 0.0, Diff: 0.0, Sum: 0.1]
      [GC Worker Total (ms): Min: 14.3, Avg: 21.5, Max: 23.9, Diff: 9.6, Sum: 85.9]
      [GC Worker End (ms): Min: 39817360.9, Avg: 39817360.9, Max: 39817361.0, Diff: 0.0]
   [Code Root Fixup: 0.0 ms]
   [Code Root Purge: 0.0 ms]
   [Clear CT: 0.1 ms]
   [Other: 0.6 ms]
      [Choose CSet: 0.0 ms]
      [Ref Proc: 0.2 ms]
      [Ref Enq: 0.0 ms]
      [Redirty Cards: 0.1 ms]
      [Humongous Register: 0.0 ms]
      [Humongous Reclaim: 0.0 ms]
      [Free CSet: 0.1 ms]
   [Eden: 44.0M(44.0M)->0.0B(46.0M) Survivors: 7168.0K->5120.0K Heap: 286.3M(1024.0M)->241.9M(1024.0M)]
 [Times: user=0.07 sys=0.01, real=0.03 secs] 
2019-11-03T21:03:12.210+0800: 39827.278: [GC pause (G1 Evacuation Pause) (young), 0.0203423 secs]
   [Parallel Time: 19.6 ms, GC Workers: 4]
      [GC Worker Start (ms): Min: 39827278.6, Avg: 39827278.6, Max: 39827278.6, Diff: 0.1]
      [Ext Root Scanning (ms): Min: 0.7, Avg: 0.8, Max: 0.8, Diff: 0.1, Sum: 3.0]
      [Update RS (ms): Min: 2.3, Avg: 2.6, Max: 2.9, Diff: 0.6, Sum: 10.4]
         [Processed Buffers: Min: 3, Avg: 8.2, Max: 14, Diff: 11, Sum: 33]
      [Scan RS (ms): Min: 6.8, Avg: 7.1, Max: 7.4, Diff: 0.6, Sum: 28.4]
      [Code Root Scanning (ms): Min: 0.0, Avg: 0.0, Max: 0.0, Diff: 0.0, Sum: 0.0]
      [Object Copy (ms): Min: 8.9, Avg: 9.0, Max: 9.1, Diff: 0.2, Sum: 35.9]
      [Termination (ms): Min: 0.0, Avg: 0.0, Max: 0.0, Diff: 0.0, Sum: 0.0]
         [Termination Attempts: Min: 1, Avg: 1.5, Max: 3, Diff: 2, Sum: 6]
      [GC Worker Other (ms): Min: 0.0, Avg: 0.0, Max: 0.0, Diff: 0.0, Sum: 0.1]
      [GC Worker Total (ms): Min: 19.5, Avg: 19.5, Max: 19.5, Diff: 0.0, Sum: 77.9]
      [GC Worker End (ms): Min: 39827298.1, Avg: 39827298.1, Max: 39827298.1, Diff: 0.0]
   [Code Root Fixup: 0.0 ms]
   [Code Root Purge: 0.0 ms]
   [Clear CT: 0.1 ms]
   [Other: 0.6 ms]
      [Choose CSet: 0.0 ms]
      [Ref Proc: 0.2 ms]
      [Ref Enq: 0.0 ms]
      [Redirty Cards: 0.1 ms]
      [Humongous Register: 0.0 ms]
      [Humongous Reclaim: 0.0 ms]
      [Free CSet: 0.1 ms]
   [Eden: 46.0M(46.0M)->0.0B(46.0M) Survivors: 5120.0K->5120.0K Heap: 287.9M(1024.0M)->241.4M(1024.0M)]
 [Times: user=0.07 sys=0.00, real=0.02 secs] 
2019-11-03T21:03:22.155+0800: 39837.223: [GC pause (G1 Evacuation Pause) (young), 0.0190664 secs]
   [Parallel Time: 18.4 ms, GC Workers: 4]
      [GC Worker Start (ms): Min: 39837222.9, Avg: 39837223.0, Max: 39837223.0, Diff: 0.1]
      [Ext Root Scanning (ms): Min: 0.8, Avg: 0.8, Max: 0.9, Diff: 0.1, Sum: 3.2]
      [Update RS (ms): Min: 2.2, Avg: 2.3, Max: 2.5, Diff: 0.2, Sum: 9.2]
         [Processed Buffers: Min: 4, Avg: 7.0, Max: 11, Diff: 7, Sum: 28]
      [Scan RS (ms): Min: 6.8, Avg: 7.1, Max: 7.7, Diff: 0.8, Sum: 28.5]
      [Code Root Scanning (ms): Min: 0.0, Avg: 0.0, Max: 0.0, Diff: 0.0, Sum: 0.0]
      [Object Copy (ms): Min: 7.4, Avg: 7.9, Max: 8.2, Diff: 0.7, Sum: 31.7]
      [Termination (ms): Min: 0.0, Avg: 0.0, Max: 0.0, Diff: 0.0, Sum: 0.0]
         [Termination Attempts: Min: 1, Avg: 1.5, Max: 2, Diff: 1, Sum: 6]
      [GC Worker Other (ms): Min: 0.0, Avg: 0.1, Max: 0.1, Diff: 0.1, Sum: 0.3]
      [GC Worker Total (ms): Min: 18.2, Avg: 18.3, Max: 18.3, Diff: 0.0, Sum: 73.1]
      [GC Worker End (ms): Min: 39837241.2, Avg: 39837241.3, Max: 39837241.3, Diff: 0.1]
   [Code Root Fixup: 0.0 ms]
   [Code Root Purge: 0.0 ms]
   [Clear CT: 0.0 ms]
   [Other: 0.6 ms]
      [Choose CSet: 0.0 ms]
      [Ref Proc: 0.1 ms]
      [Ref Enq: 0.0 ms]
      [Redirty Cards: 0.1 ms]
      [Humongous Register: 0.0 ms]
      [Humongous Reclaim: 0.0 ms]
      [Free CSet: 0.1 ms]
   [Eden: 46.0M(46.0M)->0.0B(46.0M) Survivors: 5120.0K->5120.0K Heap: 287.4M(1024.0M)->241.4M(1024.0M)]
 [Times: user=0.07 sys=0.00, real=0.02 secs] 
2019-11-03T21:03:32.100+0800: 39847.168: [GC pause (G1 Evacuation Pause) (young), 0.0219792 secs]
   [Parallel Time: 21.2 ms, GC Workers: 4]
      [GC Worker Start (ms): Min: 39847167.8, Avg: 39847168.0, Max: 39847168.4, Diff: 0.6]
      [Ext Root Scanning (ms): Min: 0.7, Avg: 1.1, Max: 1.3, Diff: 0.6, Sum: 4.6]
      [Update RS (ms): Min: 0.0, Avg: 2.1, Max: 3.0, Diff: 3.0, Sum: 8.2]
         [Processed Buffers: Min: 0, Avg: 8.8, Max: 13, Diff: 13, Sum: 35]
      [Scan RS (ms): Min: 4.8, Avg: 5.7, Max: 6.2, Diff: 1.3, Sum: 22.7]
      [Code Root Scanning (ms): Min: 0.0, Avg: 0.0, Max: 0.0, Diff: 0.0, Sum: 0.0]
      [Object Copy (ms): Min: 10.8, Avg: 12.0, Max: 15.0, Diff: 4.2, Sum: 48.1]
      [Termination (ms): Min: 0.0, Avg: 0.0, Max: 0.0, Diff: 0.0, Sum: 0.0]
         [Termination Attempts: Min: 1, Avg: 1.0, Max: 1, Diff: 0, Sum: 4]
      [GC Worker Other (ms): Min: 0.0, Avg: 0.0, Max: 0.1, Diff: 0.0, Sum: 0.2]
      [GC Worker Total (ms): Min: 20.5, Avg: 20.9, Max: 21.1, Diff: 0.6, Sum: 83.8]
      [GC Worker End (ms): Min: 39847188.9, Avg: 39847188.9, Max: 39847189.0, Diff: 0.0]
   [Code Root Fixup: 0.0 ms]
   [Code Root Purge: 0.0 ms]
   [Clear CT: 0.1 ms]
   [Other: 0.7 ms]
      [Choose CSet: 0.0 ms]
      [Ref Proc: 0.2 ms]
      [Ref Enq: 0.0 ms]
      [Redirty Cards: 0.1 ms]
      [Humongous Register: 0.0 ms]
      [Humongous Reclaim: 0.0 ms]
      [Free CSet: 0.1 ms]
   [Eden: 46.0M(46.0M)->0.0B(45.0M) Survivors: 5120.0K->6144.0K Heap: 287.4M(1024.0M)->242.9M(1024.0M)]
 [Times: user=0.07 sys=0.00, real=0.02 secs] 
2019-11-03T21:03:41.850+0800: 39856.917: [GC pause (G1 Evacuation Pause) (young), 0.0206891 secs]
   [Parallel Time: 19.9 ms, GC Workers: 4]
      [GC Worker Start (ms): Min: 39856917.5, Avg: 39856917.7, Max: 39856917.9, Diff: 0.4]
      [Ext Root Scanning (ms): Min: 0.7, Avg: 1.0, Max: 1.1, Diff: 0.4, Sum: 3.9]
      [Update RS (ms): Min: 0.7, Avg: 2.2, Max: 3.1, Diff: 2.4, Sum: 8.9]
         [Processed Buffers: Min: 7, Avg: 8.8, Max: 11, Diff: 4, Sum: 35]
      [Scan RS (ms): Min: 5.4, Avg: 5.8, Max: 6.1, Diff: 0.7, Sum: 23.1]
      [Code Root Scanning (ms): Min: 0.0, Avg: 0.0, Max: 0.0, Diff: 0.0, Sum: 0.0]
      [Object Copy (ms): Min: 10.1, Avg: 10.7, Max: 12.1, Diff: 2.0, Sum: 42.8]
      [Termination (ms): Min: 0.0, Avg: 0.0, Max: 0.0, Diff: 0.0, Sum: 0.0]
         [Termination Attempts: Min: 1, Avg: 1.0, Max: 1, Diff: 0, Sum: 4]
      [GC Worker Other (ms): Min: 0.0, Avg: 0.0, Max: 0.1, Diff: 0.0, Sum: 0.2]
      [GC Worker Total (ms): Min: 19.4, Avg: 19.7, Max: 19.8, Diff: 0.4, Sum: 78.9]
      [GC Worker End (ms): Min: 39856937.4, Avg: 39856937.4, Max: 39856937.4, Diff: 0.0]
   [Code Root Fixup: 0.0 ms]
   [Code Root Purge: 0.0 ms]
   [Clear CT: 0.2 ms]
   [Other: 0.6 ms]
      [Choose CSet: 0.0 ms]
      [Ref Proc: 0.1 ms]
      [Ref Enq: 0.0 ms]
      [Redirty Cards: 0.1 ms]
      [Humongous Register: 0.0 ms]
      [Humongous Reclaim: 0.0 ms]
      [Free CSet: 0.1 ms]
   [Eden: 45.0M(45.0M)->0.0B(46.0M) Survivors: 6144.0K->5120.0K Heap: 287.9M(1024.0M)->242.6M(1024.0M)]
 [Times: user=0.07 sys=0.01, real=0.02 secs] 
2019-11-03T21:03:51.776+0800: 39866.843: [GC pause (G1 Evacuation Pause) (young), 0.0178448 secs]
   [Parallel Time: 17.0 ms, GC Workers: 4]
      [GC Worker Start (ms): Min: 39866843.3, Avg: 39866843.4, Max: 39866843.4, Diff: 0.1]
      [Ext Root Scanning (ms): Min: 0.8, Avg: 0.8, Max: 0.9, Diff: 0.1, Sum: 3.3]
      [Update RS (ms): Min: 2.7, Avg: 2.9, Max: 3.3, Diff: 0.6, Sum: 11.7]
         [Processed Buffers: Min: 4, Avg: 7.8, Max: 15, Diff: 11, Sum: 31]
      [Scan RS (ms): Min: 5.5, Avg: 5.9, Max: 6.1, Diff: 0.6, Sum: 23.6]
      [Code Root Scanning (ms): Min: 0.0, Avg: 0.0, Max: 0.0, Diff: 0.0, Sum: 0.0]
      [Object Copy (ms): Min: 7.2, Avg: 7.2, Max: 7.3, Diff: 0.1, Sum: 28.9]
      [Termination (ms): Min: 0.0, Avg: 0.0, Max: 0.0, Diff: 0.0, Sum: 0.0]
         [Termination Attempts: Min: 1, Avg: 2.0, Max: 4, Diff: 3, Sum: 8]
      [GC Worker Other (ms): Min: 0.0, Avg: 0.0, Max: 0.1, Diff: 0.0, Sum: 0.2]
      [GC Worker Total (ms): Min: 16.9, Avg: 16.9, Max: 16.9, Diff: 0.1, Sum: 67.7]
      [GC Worker End (ms): Min: 39866860.3, Avg: 39866860.3, Max: 39866860.3, Diff: 0.0]
   [Code Root Fixup: 0.0 ms]
   [Code Root Purge: 0.0 ms]
   [Clear CT: 0.1 ms]
   [Other: 0.7 ms]
      [Choose CSet: 0.0 ms]
      [Ref Proc: 0.3 ms]
      [Ref Enq: 0.0 ms]
      [Redirty Cards: 0.1 ms]
      [Humongous Register: 0.0 ms]
      [Humongous Reclaim: 0.0 ms]
      [Free CSet: 0.1 ms]
   [Eden: 46.0M(46.0M)->0.0B(77.0M) Survivors: 5120.0K->5120.0K Heap: 288.6M(1024.0M)->242.6M(1024.0M)]
 [Times: user=0.07 sys=0.00, real=0.02 secs] 
2019-11-03T21:04:07.036+0800: 39882.102: [GC pause (G1 Evacuation Pause) (young), 0.0205373 secs]
   [Parallel Time: 19.6 ms, GC Workers: 4]
      [GC Worker Start (ms): Min: 39882102.2, Avg: 39882102.3, Max: 39882102.3, Diff: 0.1]
      [Ext Root Scanning (ms): Min: 0.8, Avg: 0.8, Max: 0.9, Diff: 0.1, Sum: 3.2]
      [Update RS (ms): Min: 1.7, Avg: 2.4, Max: 2.9, Diff: 1.1, Sum: 9.5]
         [Processed Buffers: Min: 5, Avg: 8.5, Max: 14, Diff: 9, Sum: 34]
      [Scan RS (ms): Min: 6.2, Avg: 6.8, Max: 7.5, Diff: 1.3, Sum: 27.3]
      [Code Root Scanning (ms): Min: 0.0, Avg: 0.0, Max: 0.0, Diff: 0.0, Sum: 0.0]
      [Object Copy (ms): Min: 9.4, Avg: 9.5, Max: 9.6, Diff: 0.2, Sum: 37.9]
      [Termination (ms): Min: 0.0, Avg: 0.0, Max: 0.0, Diff: 0.0, Sum: 0.0]
         [Termination Attempts: Min: 1, Avg: 1.0, Max: 1, Diff: 0, Sum: 4]
      [GC Worker Other (ms): Min: 0.0, Avg: 0.0, Max: 0.1, Diff: 0.0, Sum: 0.2]
      [GC Worker Total (ms): Min: 19.5, Avg: 19.6, Max: 19.6, Diff: 0.0, Sum: 78.2]
      [GC Worker End (ms): Min: 39882121.8, Avg: 39882121.8, Max: 39882121.8, Diff: 0.0]
   [Code Root Fixup: 0.0 ms]
   [Code Root Purge: 0.0 ms]
   [Clear CT: 0.2 ms]
   [Other: 0.7 ms]
      [Choose CSet: 0.0 ms]
      [Ref Proc: 0.2 ms]
      [Ref Enq: 0.0 ms]
      [Redirty Cards: 0.2 ms]
      [Humongous Register: 0.0 ms]
      [Humongous Reclaim: 0.0 ms]
      [Free CSet: 0.1 ms]
   [Eden: 71.0M(46.0M)->0.0B(61.0M) Survivors: 5120.0K->7168.0K Heap: 313.6M(1024.0M)->244.6M(1024.0M)]
 [Times: user=0.08 sys=0.00, real=0.02 secs] 
2019-11-03T21:04:16.464+0800: 39891.530: [GC pause (G1 Evacuation Pause) (young), 0.0212836 secs]
   [Parallel Time: 20.6 ms, GC Workers: 4]
      [GC Worker Start (ms): Min: 39891530.2, Avg: 39891530.3, Max: 39891530.3, Diff: 0.1]
      [Ext Root Scanning (ms): Min: 0.7, Avg: 0.8, Max: 0.8, Diff: 0.1, Sum: 3.1]
      [Update RS (ms): Min: 1.7, Avg: 1.9, Max: 2.3, Diff: 0.6, Sum: 7.6]
         [Processed Buffers: Min: 3, Avg: 8.5, Max: 17, Diff: 14, Sum: 34]
      [Scan RS (ms): Min: 7.0, Avg: 7.4, Max: 7.7, Diff: 0.6, Sum: 29.8]
      [Code Root Scanning (ms): Min: 0.0, Avg: 0.0, Max: 0.0, Diff: 0.0, Sum: 0.0]
      [Object Copy (ms): Min: 10.2, Avg: 10.3, Max: 10.3, Diff: 0.1, Sum: 41.2]
      [Termination (ms): Min: 0.0, Avg: 0.0, Max: 0.0, Diff: 0.0, Sum: 0.0]
         [Termination Attempts: Min: 1, Avg: 2.5, Max: 6, Diff: 5, Sum: 10]
      [GC Worker Other (ms): Min: 0.0, Avg: 0.0, Max: 0.0, Diff: 0.0, Sum: 0.1]
      [GC Worker Total (ms): Min: 20.4, Avg: 20.4, Max: 20.5, Diff: 0.1, Sum: 81.8]
      [GC Worker End (ms): Min: 39891550.7, Avg: 39891550.7, Max: 39891550.7, Diff: 0.0]
   [Code Root Fixup: 0.0 ms]
   [Code Root Purge: 0.0 ms]
   [Clear CT: 0.1 ms]
   [Other: 0.6 ms]
      [Choose CSet: 0.0 ms]
      [Ref Proc: 0.1 ms]
      [Ref Enq: 0.0 ms]
      [Redirty Cards: 0.1 ms]
      [Humongous Register: 0.0 ms]
      [Humongous Reclaim: 0.0 ms]
      [Free CSet: 0.1 ms]
   [Eden: 44.0M(44.0M)->0.0B(46.0M) Survivors: 7168.0K->5120.0K Heap: 288.6M(1024.0M)->243.7M(1024.0M)]
 [Times: user=0.08 sys=0.00, real=0.02 secs] 
2019-11-03T21:04:26.404+0800: 39901.470: [GC pause (G1 Evacuation Pause) (young), 0.0191760 secs]
   [Parallel Time: 18.5 ms, GC Workers: 4]
      [GC Worker Start (ms): Min: 39901470.2, Avg: 39901471.3, Max: 39901473.0, Diff: 2.7]
      [Ext Root Scanning (ms): Min: 0.0, Avg: 0.7, Max: 1.4, Diff: 1.4, Sum: 2.7]
      [Update RS (ms): Min: 2.6, Avg: 3.9, Max: 5.5, Diff: 2.9, Sum: 15.6]
         [Processed Buffers: Min: 1, Avg: 7.2, Max: 11, Diff: 10, Sum: 29]
      [Scan RS (ms): Min: 3.1, Avg: 4.4, Max: 4.8, Diff: 1.7, Sum: 17.4]
      [Code Root Scanning (ms): Min: 0.0, Avg: 0.0, Max: 0.0, Diff: 0.0, Sum: 0.0]
      [Object Copy (ms): Min: 8.2, Avg: 8.3, Max: 8.4, Diff: 0.2, Sum: 33.0]
      [Termination (ms): Min: 0.0, Avg: 0.0, Max: 0.0, Diff: 0.0, Sum: 0.0]
         [Termination Attempts: Min: 1, Avg: 1.0, Max: 1, Diff: 0, Sum: 4]
      [GC Worker Other (ms): Min: 0.0, Avg: 0.0, Max: 0.0, Diff: 0.0, Sum: 0.1]
      [GC Worker Total (ms): Min: 15.6, Avg: 17.2, Max: 18.3, Diff: 2.8, Sum: 68.9]
      [GC Worker End (ms): Min: 39901488.5, Avg: 39901488.5, Max: 39901488.6, Diff: 0.0]
   [Code Root Fixup: 0.0 ms]
   [Code Root Purge: 0.0 ms]
   [Clear CT: 0.1 ms]
   [Other: 0.6 ms]
      [Choose CSet: 0.0 ms]
      [Ref Proc: 0.1 ms]
      [Ref Enq: 0.0 ms]
      [Redirty Cards: 0.1 ms]
      [Humongous Register: 0.1 ms]
      [Humongous Reclaim: 0.0 ms]
      [Free CSet: 0.1 ms]
   [Eden: 46.0M(46.0M)->0.0B(49.0M) Survivors: 5120.0K->5120.0K Heap: 289.7M(1024.0M)->243.7M(1024.0M)]
 [Times: user=0.06 sys=0.00, real=0.02 secs] 
2019-11-03T21:04:36.992+0800: 39912.058: [GC pause (G1 Evacuation Pause) (young), 0.0173428 secs]
   [Parallel Time: 16.6 ms, GC Workers: 4]
      [GC Worker Start (ms): Min: 39912057.7, Avg: 39912057.7, Max: 39912057.8, Diff: 0.1]
      [Ext Root Scanning (ms): Min: 0.8, Avg: 0.8, Max: 0.8, Diff: 0.1, Sum: 3.1]
      [Update RS (ms): Min: 2.5, Avg: 2.7, Max: 3.2, Diff: 0.7, Sum: 10.8]
         [Processed Buffers: Min: 6, Avg: 8.8, Max: 13, Diff: 7, Sum: 35]
      [Scan RS (ms): Min: 5.1, Avg: 5.6, Max: 5.8, Diff: 0.7, Sum: 22.3]
      [Code Root Scanning (ms): Min: 0.0, Avg: 0.0, Max: 0.0, Diff: 0.0, Sum: 0.0]
      [Object Copy (ms): Min: 7.3, Avg: 7.4, Max: 7.5, Diff: 0.2, Sum: 29.7]
      [Termination (ms): Min: 0.0, Avg: 0.0, Max: 0.0, Diff: 0.0, Sum: 0.0]
         [Termination Attempts: Min: 1, Avg: 1.0, Max: 1, Diff: 0, Sum: 4]
      [GC Worker Other (ms): Min: 0.0, Avg: 0.1, Max: 0.1, Diff: 0.0, Sum: 0.2]
      [GC Worker Total (ms): Min: 16.5, Avg: 16.5, Max: 16.6, Diff: 0.1, Sum: 66.1]
      [GC Worker End (ms): Min: 39912074.2, Avg: 39912074.3, Max: 39912074.3, Diff: 0.0]
   [Code Root Fixup: 0.0 ms]
   [Code Root Purge: 0.0 ms]
   [Clear CT: 0.1 ms]
   [Other: 0.6 ms]
      [Choose CSet: 0.0 ms]
      [Ref Proc: 0.1 ms]
      [Ref Enq: 0.0 ms]
      [Redirty Cards: 0.1 ms]
      [Humongous Register: 0.0 ms]
      [Humongous Reclaim: 0.0 ms]
      [Free CSet: 0.1 ms]
   [Eden: 49.0M(49.0M)->0.0B(125.0M) Survivors: 5120.0K->5120.0K Heap: 292.7M(1024.0M)->243.7M(1024.0M)]
 [Times: user=0.06 sys=0.00, real=0.02 secs] 
2019-11-03T21:04:46.944+0800: 39922.009: [GC pause (G1 Evacuation Pause) (young), 0.0186147 secs]
   [Parallel Time: 17.7 ms, GC Workers: 4]
      [GC Worker Start (ms): Min: 39922008.9, Avg: 39922009.3, Max: 39922010.3, Diff: 1.3]
      [Ext Root Scanning (ms): Min: 0.0, Avg: 0.9, Max: 1.2, Diff: 1.2, Sum: 3.4]
      [Update RS (ms): Min: 2.1, Avg: 2.2, Max: 2.4, Diff: 0.4, Sum: 8.8]
         [Processed Buffers: Min: 6, Avg: 8.5, Max: 13, Diff: 7, Sum: 34]
      [Scan RS (ms): Min: 6.2, Avg: 6.4, Max: 6.6, Diff: 0.4, Sum: 25.7]
      [Code Root Scanning (ms): Min: 0.0, Avg: 0.0, Max: 0.0, Diff: 0.0, Sum: 0.0]
      [Object Copy (ms): Min: 7.6, Avg: 7.7, Max: 7.8, Diff: 0.2, Sum: 30.7]
      [Termination (ms): Min: 0.0, Avg: 0.0, Max: 0.0, Diff: 0.0, Sum: 0.0]
         [Termination Attempts: Min: 1, Avg: 1.0, Max: 1, Diff: 0, Sum: 4]
      [GC Worker Other (ms): Min: 0.0, Avg: 0.0, Max: 0.1, Diff: 0.0, Sum: 0.2]
      [GC Worker Total (ms): Min: 16.3, Avg: 17.2, Max: 17.6, Diff: 1.3, Sum: 68.8]
      [GC Worker End (ms): Min: 39922026.5, Avg: 39922026.5, Max: 39922026.6, Diff: 0.0]
   [Code Root Fixup: 0.0 ms]
   [Code Root Purge: 0.0 ms]
   [Clear CT: 0.1 ms]
   [Other: 0.8 ms]
      [Choose CSet: 0.0 ms]
      [Ref Proc: 0.2 ms]
      [Ref Enq: 0.0 ms]
      [Redirty Cards: 0.1 ms]
      [Humongous Register: 0.1 ms]
      [Humongous Reclaim: 0.0 ms]
      [Free CSet: 0.1 ms]
   [Eden: 46.0M(46.0M)->0.0B(154.0M) Survivors: 5120.0K->5120.0K Heap: 289.7M(1024.0M)->243.7M(1024.0M)]
 [Times: user=0.07 sys=0.00, real=0.02 secs] 
2019-11-03T21:05:11.572+0800: 39946.636: [GC pause (G1 Evacuation Pause) (young), 0.0203031 secs]
   [Parallel Time: 19.3 ms, GC Workers: 4]
      [GC Worker Start (ms): Min: 39946636.1, Avg: 39946636.4, Max: 39946637.2, Diff: 1.0]
      [Ext Root Scanning (ms): Min: 0.0, Avg: 0.7, Max: 1.0, Diff: 1.0, Sum: 2.8]
      [Update RS (ms): Min: 1.5, Avg: 2.0, Max: 2.2, Diff: 0.8, Sum: 7.8]
         [Processed Buffers: Min: 7, Avg: 10.2, Max: 16, Diff: 9, Sum: 41]
      [Scan RS (ms): Min: 4.9, Avg: 5.1, Max: 5.6, Diff: 0.7, Sum: 20.5]
      [Code Root Scanning (ms): Min: 0.0, Avg: 0.0, Max: 0.0, Diff: 0.0, Sum: 0.0]
      [Object Copy (ms): Min: 11.0, Avg: 11.1, Max: 11.1, Diff: 0.1, Sum: 44.3]
      [Termination (ms): Min: 0.0, Avg: 0.0, Max: 0.1, Diff: 0.1, Sum: 0.1]
         [Termination Attempts: Min: 1, Avg: 1.0, Max: 1, Diff: 0, Sum: 4]
      [GC Worker Other (ms): Min: 0.0, Avg: 0.0, Max: 0.1, Diff: 0.0, Sum: 0.1]
      [GC Worker Total (ms): Min: 18.2, Avg: 18.9, Max: 19.2, Diff: 1.0, Sum: 75.7]
      [GC Worker End (ms): Min: 39946655.3, Avg: 39946655.4, Max: 39946655.4, Diff: 0.0]
   [Code Root Fixup: 0.0 ms]
   [Code Root Purge: 0.0 ms]
   [Clear CT: 0.1 ms]
   [Other: 0.9 ms]
      [Choose CSet: 0.0 ms]
      [Ref Proc: 0.1 ms]
      [Ref Enq: 0.0 ms]
      [Redirty Cards: 0.1 ms]
      [Humongous Register: 0.1 ms]
      [Humongous Reclaim: 0.0 ms]
      [Free CSet: 0.2 ms]
   [Eden: 114.0M(46.0M)->0.0B(132.0M) Survivors: 5120.0K->6144.0K Heap: 357.7M(1024.0M)->244.7M(1024.0M)]
 [Times: user=0.07 sys=0.00, real=0.02 secs] 
2019-11-03T21:05:40.212+0800: 39975.275: [GC pause (G1 Evacuation Pause) (young), 0.0201538 secs]
   [Parallel Time: 19.5 ms, GC Workers: 4]
      [GC Worker Start (ms): Min: 39975275.3, Avg: 39975275.3, Max: 39975275.3, Diff: 0.1]
      [Ext Root Scanning (ms): Min: 0.5, Avg: 0.5, Max: 0.6, Diff: 0.1, Sum: 2.1]
      [Update RS (ms): Min: 1.3, Avg: 1.5, Max: 1.7, Diff: 0.4, Sum: 6.0]
         [Processed Buffers: Min: 1, Avg: 9.0, Max: 14, Diff: 13, Sum: 36]
      [Scan RS (ms): Min: 4.2, Avg: 5.5, Max: 8.8, Diff: 4.5, Sum: 21.9]
      [Code Root Scanning (ms): Min: 0.0, Avg: 0.0, Max: 0.0, Diff: 0.0, Sum: 0.0]
      [Object Copy (ms): Min: 8.5, Avg: 11.9, Max: 13.0, Diff: 4.5, Sum: 47.4]
      [Termination (ms): Min: 0.0, Avg: 0.0, Max: 0.0, Diff: 0.0, Sum: 0.0]
         [Termination Attempts: Min: 1, Avg: 1.0, Max: 1, Diff: 0, Sum: 4]
      [GC Worker Other (ms): Min: 0.1, Avg: 0.1, Max: 0.1, Diff: 0.0, Sum: 0.3]
      [GC Worker Total (ms): Min: 19.4, Avg: 19.4, Max: 19.4, Diff: 0.0, Sum: 77.6]
      [GC Worker End (ms): Min: 39975294.7, Avg: 39975294.7, Max: 39975294.7, Diff: 0.0]
   [Code Root Fixup: 0.0 ms]
   [Code Root Purge: 0.0 ms]
   [Clear CT: 0.1 ms]
   [Other: 0.6 ms]
      [Choose CSet: 0.0 ms]
      [Ref Proc: 0.1 ms]
      [Ref Enq: 0.0 ms]
      [Redirty Cards: 0.1 ms]
      [Humongous Register: 0.0 ms]
      [Humongous Reclaim: 0.0 ms]
      [Free CSet: 0.1 ms]
   [Eden: 132.0M(132.0M)->0.0B(106.0M) Survivors: 6144.0K->6144.0K Heap: 376.7M(1024.0M)->245.2M(1024.0M)]
 [Times: user=0.06 sys=0.00, real=0.02 secs] 
2019-11-03T21:06:03.068+0800: 39998.130: [GC pause (G1 Evacuation Pause) (young), 0.0249818 secs]
   [Parallel Time: 24.2 ms, GC Workers: 4]
      [GC Worker Start (ms): Min: 39998129.7, Avg: 39998129.8, Max: 39998129.8, Diff: 0.1]
      [Ext Root Scanning (ms): Min: 0.5, Avg: 0.5, Max: 0.6, Diff: 0.1, Sum: 2.0]
      [Update RS (ms): Min: 1.5, Avg: 1.6, Max: 1.8, Diff: 0.4, Sum: 6.5]
         [Processed Buffers: Min: 2, Avg: 7.8, Max: 12, Diff: 10, Sum: 31]
      [Scan RS (ms): Min: 4.3, Avg: 5.3, Max: 8.2, Diff: 3.9, Sum: 21.3]
      [Code Root Scanning (ms): Min: 0.0, Avg: 0.0, Max: 0.0, Diff: 0.0, Sum: 0.0]
      [Object Copy (ms): Min: 13.4, Avg: 16.5, Max: 17.7, Diff: 4.3, Sum: 66.1]
      [Termination (ms): Min: 0.0, Avg: 0.1, Max: 0.1, Diff: 0.1, Sum: 0.4]
         [Termination Attempts: Min: 1, Avg: 1.0, Max: 1, Diff: 0, Sum: 4]
      [GC Worker Other (ms): Min: 0.0, Avg: 0.0, Max: 0.0, Diff: 0.0, Sum: 0.1]
      [GC Worker Total (ms): Min: 24.1, Avg: 24.1, Max: 24.2, Diff: 0.1, Sum: 96.4]
      [GC Worker End (ms): Min: 39998153.8, Avg: 39998153.8, Max: 39998153.9, Diff: 0.0]
   [Code Root Fixup: 0.0 ms]
   [Code Root Purge: 0.0 ms]
   [Clear CT: 0.1 ms]
   [Other: 0.7 ms]
      [Choose CSet: 0.0 ms]
      [Ref Proc: 0.2 ms]
      [Ref Enq: 0.0 ms]
      [Redirty Cards: 0.1 ms]
      [Humongous Register: 0.0 ms]
      [Humongous Reclaim: 0.0 ms]
      [Free CSet: 0.1 ms]
   [Eden: 106.0M(106.0M)->0.0B(43.0M) Survivors: 6144.0K->8192.0K Heap: 351.2M(1024.0M)->246.7M(1024.0M)]
 [Times: user=0.07 sys=0.01, real=0.03 secs] 
2019-11-03T21:06:12.336+0800: 40007.397: [GC pause (G1 Evacuation Pause) (young), 0.0292859 secs]
   [Parallel Time: 28.5 ms, GC Workers: 4]
      [GC Worker Start (ms): Min: 40007397.4, Avg: 40007397.4, Max: 40007397.5, Diff: 0.1]
      [Ext Root Scanning (ms): Min: 0.7, Avg: 0.8, Max: 0.8, Diff: 0.1, Sum: 3.1]
      [Update RS (ms): Min: 2.5, Avg: 2.9, Max: 3.2, Diff: 0.7, Sum: 11.4]
         [Processed Buffers: Min: 3, Avg: 8.0, Max: 18, Diff: 15, Sum: 32]
      [Scan RS (ms): Min: 6.7, Avg: 7.0, Max: 7.4, Diff: 0.6, Sum: 28.0]
      [Code Root Scanning (ms): Min: 0.0, Avg: 0.0, Max: 0.0, Diff: 0.0, Sum: 0.0]
      [Object Copy (ms): Min: 17.7, Avg: 17.8, Max: 17.8, Diff: 0.1, Sum: 71.1]
      [Termination (ms): Min: 0.0, Avg: 0.0, Max: 0.0, Diff: 0.0, Sum: 0.0]
         [Termination Attempts: Min: 1, Avg: 1.0, Max: 1, Diff: 0, Sum: 4]
      [GC Worker Other (ms): Min: 0.0, Avg: 0.0, Max: 0.0, Diff: 0.0, Sum: 0.1]
      [GC Worker Total (ms): Min: 28.4, Avg: 28.4, Max: 28.5, Diff: 0.1, Sum: 113.8]
      [GC Worker End (ms): Min: 40007425.9, Avg: 40007425.9, Max: 40007425.9, Diff: 0.0]
   [Code Root Fixup: 0.0 ms]
   [Code Root Purge: 0.0 ms]
   [Clear CT: 0.1 ms]
   [Other: 0.6 ms]
      [Choose CSet: 0.0 ms]
      [Ref Proc: 0.1 ms]
      [Ref Enq: 0.0 ms]
      [Redirty Cards: 0.1 ms]
      [Humongous Register: 0.0 ms]
      [Humongous Reclaim: 0.0 ms]
      [Free CSet: 0.1 ms]
   [Eden: 43.0M(43.0M)->0.0B(46.0M) Survivors: 8192.0K->5120.0K Heap: 289.7M(1024.0M)->246.7M(1024.0M)]
 [Times: user=0.09 sys=0.01, real=0.03 secs] 
2019-11-03T21:06:22.240+0800: 40017.301: [GC pause (G1 Evacuation Pause) (young), 0.0170447 secs]
   [Parallel Time: 16.3 ms, GC Workers: 4]
      [GC Worker Start (ms): Min: 40017301.2, Avg: 40017301.5, Max: 40017302.2, Diff: 1.0]
      [Ext Root Scanning (ms): Min: 0.0, Avg: 0.7, Max: 0.9, Diff: 0.9, Sum: 2.7]
      [Update RS (ms): Min: 1.4, Avg: 1.9, Max: 2.2, Diff: 0.8, Sum: 7.7]
         [Processed Buffers: Min: 1, Avg: 7.8, Max: 20, Diff: 19, Sum: 31]
      [Scan RS (ms): Min: 4.0, Avg: 4.2, Max: 4.4, Diff: 0.3, Sum: 16.8]
      [Code Root Scanning (ms): Min: 0.0, Avg: 0.0, Max: 0.0, Diff: 0.0, Sum: 0.0]
      [Object Copy (ms): Min: 8.7, Avg: 9.1, Max: 9.8, Diff: 1.1, Sum: 36.4]
      [Termination (ms): Min: 0.0, Avg: 0.0, Max: 0.0, Diff: 0.0, Sum: 0.0]
         [Termination Attempts: Min: 1, Avg: 1.0, Max: 1, Diff: 0, Sum: 4]
      [GC Worker Other (ms): Min: 0.0, Avg: 0.1, Max: 0.1, Diff: 0.1, Sum: 0.2]
      [GC Worker Total (ms): Min: 15.2, Avg: 15.9, Max: 16.3, Diff: 1.1, Sum: 63.8]
      [GC Worker End (ms): Min: 40017317.4, Avg: 40017317.5, Max: 40017317.5, Diff: 0.1]
   [Code Root Fixup: 0.0 ms]
   [Code Root Purge: 0.0 ms]
   [Clear CT: 0.1 ms]
   [Other: 0.6 ms]
      [Choose CSet: 0.0 ms]
      [Ref Proc: 0.1 ms]
      [Ref Enq: 0.0 ms]
      [Redirty Cards: 0.1 ms]
      [Humongous Register: 0.1 ms]
      [Humongous Reclaim: 0.0 ms]
      [Free CSet: 0.1 ms]
   [Eden: 46.0M(46.0M)->0.0B(45.0M) Survivors: 5120.0K->6144.0K Heap: 292.7M(1024.0M)->248.2M(1024.0M)]
 [Times: user=0.06 sys=0.00, real=0.01 secs] 
2019-11-03T21:06:31.987+0800: 40027.048: [GC pause (G1 Evacuation Pause) (young), 0.0197652 secs]
   [Parallel Time: 19.1 ms, GC Workers: 4]
      [GC Worker Start (ms): Min: 40027047.8, Avg: 40027047.9, Max: 40027048.2, Diff: 0.4]
      [Ext Root Scanning (ms): Min: 0.8, Avg: 1.0, Max: 1.2, Diff: 0.4, Sum: 3.8]
      [Update RS (ms): Min: 2.5, Avg: 2.6, Max: 2.8, Diff: 0.2, Sum: 10.5]
         [Processed Buffers: Min: 1, Avg: 8.5, Max: 29, Diff: 28, Sum: 34]
      [Scan RS (ms): Min: 5.5, Avg: 5.7, Max: 5.8, Diff: 0.3, Sum: 22.9]
      [Code Root Scanning (ms): Min: 0.0, Avg: 0.0, Max: 0.0, Diff: 0.0, Sum: 0.0]
      [Object Copy (ms): Min: 9.5, Avg: 9.6, Max: 9.9, Diff: 0.4, Sum: 38.5]
      [Termination (ms): Min: 0.0, Avg: 0.0, Max: 0.0, Diff: 0.0, Sum: 0.0]
         [Termination Attempts: Min: 1, Avg: 1.0, Max: 1, Diff: 0, Sum: 4]
      [GC Worker Other (ms): Min: 0.0, Avg: 0.0, Max: 0.0, Diff: 0.0, Sum: 0.1]
      [GC Worker Total (ms): Min: 18.6, Avg: 18.9, Max: 19.1, Diff: 0.4, Sum: 75.8]
      [GC Worker End (ms): Min: 40027066.9, Avg: 40027066.9, Max: 40027066.9, Diff: 0.0]
   [Code Root Fixup: 0.0 ms]
   [Code Root Purge: 0.0 ms]
   [Clear CT: 0.1 ms]
   [Other: 0.5 ms]
      [Choose CSet: 0.0 ms]
      [Ref Proc: 0.1 ms]
      [Ref Enq: 0.0 ms]
      [Redirty Cards: 0.0 ms]
      [Humongous Register: 0.0 ms]
      [Humongous Reclaim: 0.0 ms]
      [Free CSet: 0.1 ms]
   [Eden: 45.0M(45.0M)->0.0B(46.0M) Survivors: 6144.0K->5120.0K Heap: 293.2M(1024.0M)->247.8M(1024.0M)]
 [Times: user=0.07 sys=0.00, real=0.02 secs] 
2019-11-03T21:06:42.010+0800: 40037.070: [GC pause (G1 Evacuation Pause) (young), 0.0177247 secs]
   [Parallel Time: 16.8 ms, GC Workers: 4]
      [GC Worker Start (ms): Min: 40037070.2, Avg: 40037070.3, Max: 40037070.3, Diff: 0.1]
      [Ext Root Scanning (ms): Min: 0.7, Avg: 0.8, Max: 0.8, Diff: 0.1, Sum: 3.2]
      [Update RS (ms): Min: 3.0, Avg: 3.3, Max: 3.5, Diff: 0.5, Sum: 13.3]
         [Processed Buffers: Min: 2, Avg: 7.5, Max: 12, Diff: 10, Sum: 30]
      [Scan RS (ms): Min: 5.3, Avg: 5.4, Max: 5.7, Diff: 0.4, Sum: 21.6]
      [Code Root Scanning (ms): Min: 0.0, Avg: 0.0, Max: 0.0, Diff: 0.0, Sum: 0.0]
      [Object Copy (ms): Min: 7.0, Avg: 7.1, Max: 7.1, Diff: 0.1, Sum: 28.4]
      [Termination (ms): Min: 0.0, Avg: 0.0, Max: 0.0, Diff: 0.0, Sum: 0.0]
         [Termination Attempts: Min: 1, Avg: 1.0, Max: 1, Diff: 0, Sum: 4]
      [GC Worker Other (ms): Min: 0.0, Avg: 0.1, Max: 0.1, Diff: 0.0, Sum: 0.2]
      [GC Worker Total (ms): Min: 16.6, Avg: 16.7, Max: 16.7, Diff: 0.1, Sum: 66.7]
      [GC Worker End (ms): Min: 40037086.9, Avg: 40037086.9, Max: 40037087.0, Diff: 0.0]
   [Code Root Fixup: 0.0 ms]
   [Code Root Purge: 0.0 ms]
   [Clear CT: 0.1 ms]
   [Other: 0.9 ms]
      [Choose CSet: 0.0 ms]
      [Ref Proc: 0.3 ms]
      [Ref Enq: 0.0 ms]
      [Redirty Cards: 0.1 ms]
      [Humongous Register: 0.1 ms]
      [Humongous Reclaim: 0.0 ms]
      [Free CSet: 0.1 ms]
   [Eden: 46.0M(46.0M)->0.0B(74.0M) Survivors: 5120.0K->5120.0K Heap: 293.8M(1024.0M)->247.8M(1024.0M)]
 [Times: user=0.06 sys=0.00, real=0.01 secs] 
2019-11-03T21:06:57.827+0800: 40052.887: [GC pause (G1 Evacuation Pause) (young), 0.0146143 secs]
   [Parallel Time: 14.0 ms, GC Workers: 4]
      [GC Worker Start (ms): Min: 40052887.0, Avg: 40052887.0, Max: 40052887.0, Diff: 0.0]
      [Ext Root Scanning (ms): Min: 0.5, Avg: 0.5, Max: 0.6, Diff: 0.1, Sum: 2.0]
      [Update RS (ms): Min: 1.2, Avg: 1.6, Max: 2.0, Diff: 0.7, Sum: 6.4]
         [Processed Buffers: Min: 4, Avg: 9.2, Max: 16, Diff: 12, Sum: 37]
      [Scan RS (ms): Min: 3.7, Avg: 4.0, Max: 4.1, Diff: 0.4, Sum: 15.9]
      [Code Root Scanning (ms): Min: 0.0, Avg: 0.0, Max: 0.0, Diff: 0.0, Sum: 0.0]
      [Object Copy (ms): Min: 7.6, Avg: 7.8, Max: 8.1, Diff: 0.5, Sum: 31.2]
      [Termination (ms): Min: 0.0, Avg: 0.0, Max: 0.0, Diff: 0.0, Sum: 0.0]
         [Termination Attempts: Min: 1, Avg: 2.0, Max: 5, Diff: 4, Sum: 8]
      [GC Worker Other (ms): Min: 0.0, Avg: 0.0, Max: 0.1, Diff: 0.0, Sum: 0.1]
      [GC Worker Total (ms): Min: 13.9, Avg: 13.9, Max: 13.9, Diff: 0.0, Sum: 55.7]
      [GC Worker End (ms): Min: 40052900.9, Avg: 40052900.9, Max: 40052901.0, Diff: 0.0]
   [Code Root Fixup: 0.0 ms]
   [Code Root Purge: 0.0 ms]
   [Clear CT: 0.1 ms]
   [Other: 0.5 ms]
      [Choose CSet: 0.0 ms]
      [Ref Proc: 0.1 ms]
      [Ref Enq: 0.0 ms]
      [Redirty Cards: 0.0 ms]
      [Humongous Register: 0.1 ms]
      [Humongous Reclaim: 0.0 ms]
      [Free CSet: 0.1 ms]
   [Eden: 74.0M(74.0M)->0.0B(167.0M) Survivors: 5120.0K->5120.0K Heap: 321.8M(1024.0M)->247.8M(1024.0M)]
 [Times: user=0.06 sys=0.00, real=0.02 secs] 
2019-11-03T21:07:33.848+0800: 40088.907: [GC pause (G1 Evacuation Pause) (young), 0.0187805 secs]
   [Parallel Time: 17.8 ms, GC Workers: 4]
      [GC Worker Start (ms): Min: 40088906.8, Avg: 40088907.1, Max: 40088908.0, Diff: 1.2]
      [Ext Root Scanning (ms): Min: 0.0, Avg: 0.5, Max: 0.8, Diff: 0.8, Sum: 2.2]
      [Update RS (ms): Min: 1.7, Avg: 1.8, Max: 2.0, Diff: 0.3, Sum: 7.4]
         [Processed Buffers: Min: 2, Avg: 10.2, Max: 15, Diff: 13, Sum: 41]
      [Scan RS (ms): Min: 3.3, Avg: 3.7, Max: 3.9, Diff: 0.6, Sum: 14.6]
      [Code Root Scanning (ms): Min: 0.0, Avg: 0.0, Max: 0.0, Diff: 0.0, Sum: 0.0]
      [Object Copy (ms): Min: 11.2, Avg: 11.3, Max: 11.3, Diff: 0.1, Sum: 45.1]
      [Termination (ms): Min: 0.0, Avg: 0.0, Max: 0.0, Diff: 0.0, Sum: 0.0]
         [Termination Attempts: Min: 1, Avg: 1.0, Max: 1, Diff: 0, Sum: 4]
      [GC Worker Other (ms): Min: 0.0, Avg: 0.1, Max: 0.1, Diff: 0.1, Sum: 0.3]
      [GC Worker Total (ms): Min: 16.5, Avg: 17.4, Max: 17.8, Diff: 1.3, Sum: 69.6]
      [GC Worker End (ms): Min: 40088924.5, Avg: 40088924.5, Max: 40088924.6, Diff: 0.1]
   [Code Root Fixup: 0.0 ms]
   [Code Root Purge: 0.0 ms]
   [Clear CT: 0.1 ms]
   [Other: 0.9 ms]
      [Choose CSet: 0.0 ms]
      [Ref Proc: 0.2 ms]
      [Ref Enq: 0.0 ms]
      [Redirty Cards: 0.1 ms]
      [Humongous Register: 0.1 ms]
      [Humongous Reclaim: 0.0 ms]
      [Free CSet: 0.3 ms]
   [Eden: 167.0M(167.0M)->0.0B(161.0M) Survivors: 5120.0K->7168.0K Heap: 414.8M(1024.0M)->249.8M(1024.0M)]
 [Times: user=0.07 sys=0.00, real=0.02 secs] 
2019-11-03T21:08:07.974+0800: 40123.031: [GC pause (G1 Evacuation Pause) (young), 0.0185533 secs]
   [Parallel Time: 17.4 ms, GC Workers: 4]
      [GC Worker Start (ms): Min: 40123030.9, Avg: 40123031.2, Max: 40123031.7, Diff: 0.8]
      [Ext Root Scanning (ms): Min: 0.0, Avg: 0.5, Max: 0.7, Diff: 0.7, Sum: 2.0]
      [Update RS (ms): Min: 1.1, Avg: 1.8, Max: 2.1, Diff: 1.0, Sum: 7.1]
         [Processed Buffers: Min: 2, Avg: 9.5, Max: 22, Diff: 20, Sum: 38]
      [Scan RS (ms): Min: 3.0, Avg: 3.2, Max: 3.4, Diff: 0.4, Sum: 13.0]
      [Code Root Scanning (ms): Min: 0.0, Avg: 0.0, Max: 0.0, Diff: 0.0, Sum: 0.0]
      [Object Copy (ms): Min: 11.3, Avg: 11.5, Max: 12.0, Diff: 0.7, Sum: 46.0]
      [Termination (ms): Min: 0.0, Avg: 0.0, Max: 0.0, Diff: 0.0, Sum: 0.0]
         [Termination Attempts: Min: 1, Avg: 1.0, Max: 1, Diff: 0, Sum: 4]
      [GC Worker Other (ms): Min: 0.0, Avg: 0.0, Max: 0.1, Diff: 0.1, Sum: 0.2]
      [GC Worker Total (ms): Min: 16.6, Avg: 17.1, Max: 17.3, Diff: 0.7, Sum: 68.3]
      [GC Worker End (ms): Min: 40123048.2, Avg: 40123048.3, Max: 40123048.3, Diff: 0.0]
   [Code Root Fixup: 0.0 ms]
   [Code Root Purge: 0.0 ms]
   [Clear CT: 0.1 ms]
   [Other: 1.0 ms]
      [Choose CSet: 0.0 ms]
      [Ref Proc: 0.4 ms]
      [Ref Enq: 0.0 ms]
      [Redirty Cards: 0.1 ms]
      [Humongous Register: 0.1 ms]
      [Humongous Reclaim: 0.0 ms]
      [Free CSet: 0.2 ms]
   [Eden: 161.0M(161.0M)->0.0B(176.0M) Survivors: 7168.0K->7168.0K Heap: 410.8M(1024.0M)->249.8M(1024.0M)]
 [Times: user=0.07 sys=0.00, real=0.02 secs] 
2019-11-03T21:08:45.653+0800: 40160.708: [GC pause (G1 Evacuation Pause) (young), 0.0323294 secs]
   [Parallel Time: 31.3 ms, GC Workers: 4]
      [GC Worker Start (ms): Min: 40160708.4, Avg: 40160708.4, Max: 40160708.5, Diff: 0.1]
      [Ext Root Scanning (ms): Min: 0.8, Avg: 0.8, Max: 0.9, Diff: 0.1, Sum: 3.3]
      [Update RS (ms): Min: 2.2, Avg: 2.3, Max: 2.6, Diff: 0.4, Sum: 9.4]
         [Processed Buffers: Min: 7, Avg: 11.5, Max: 20, Diff: 13, Sum: 46]
      [Scan RS (ms): Min: 3.2, Avg: 3.5, Max: 3.6, Diff: 0.4, Sum: 14.1]
      [Code Root Scanning (ms): Min: 0.0, Avg: 0.0, Max: 0.0, Diff: 0.0, Sum: 0.0]
      [Object Copy (ms): Min: 24.4, Avg: 24.5, Max: 24.5, Diff: 0.1, Sum: 97.9]
      [Termination (ms): Min: 0.0, Avg: 0.0, Max: 0.0, Diff: 0.0, Sum: 0.0]
         [Termination Attempts: Min: 1, Avg: 1.0, Max: 1, Diff: 0, Sum: 4]
      [GC Worker Other (ms): Min: 0.0, Avg: 0.0, Max: 0.0, Diff: 0.0, Sum: 0.1]
      [GC Worker Total (ms): Min: 31.2, Avg: 31.2, Max: 31.3, Diff: 0.1, Sum: 124.9]
      [GC Worker End (ms): Min: 40160739.6, Avg: 40160739.7, Max: 40160739.7, Diff: 0.0]
   [Code Root Fixup: 0.0 ms]
   [Code Root Purge: 0.0 ms]
   [Clear CT: 0.1 ms]
   [Other: 0.8 ms]
      [Choose CSet: 0.0 ms]
      [Ref Proc: 0.2 ms]
      [Ref Enq: 0.0 ms]
      [Redirty Cards: 0.1 ms]
      [Humongous Register: 0.1 ms]
      [Humongous Reclaim: 0.0 ms]
      [Free CSet: 0.2 ms]
   [Eden: 176.0M(176.0M)->0.0B(42.0M) Survivors: 7168.0K->9216.0K Heap: 425.8M(1024.0M)->251.8M(1024.0M)]
 [Times: user=0.08 sys=0.03, real=0.03 secs] 
2019-11-03T21:08:54.724+0800: 40169.779: [GC pause (G1 Evacuation Pause) (young), 0.0379647 secs]
   [Parallel Time: 37.1 ms, GC Workers: 4]
      [GC Worker Start (ms): Min: 40169779.7, Avg: 40169780.6, Max: 40169781.2, Diff: 1.5]
      [Ext Root Scanning (ms): Min: 0.3, Avg: 0.9, Max: 1.9, Diff: 1.5, Sum: 3.7]
      [Update RS (ms): Min: 0.0, Avg: 1.9, Max: 2.7, Diff: 2.7, Sum: 7.6]
         [Processed Buffers: Min: 0, Avg: 8.0, Max: 14, Diff: 14, Sum: 32]
      [Scan RS (ms): Min: 0.0, Avg: 3.0, Max: 4.0, Diff: 4.0, Sum: 12.0]
      [Code Root Scanning (ms): Min: 0.0, Avg: 0.0, Max: 0.0, Diff: 0.0, Sum: 0.0]
      [Object Copy (ms): Min: 28.3, Avg: 30.1, Max: 35.1, Diff: 6.8, Sum: 120.2]
      [Termination (ms): Min: 0.0, Avg: 0.1, Max: 0.2, Diff: 0.2, Sum: 0.5]
         [Termination Attempts: Min: 1, Avg: 1.5, Max: 3, Diff: 2, Sum: 6]
      [GC Worker Other (ms): Min: 0.0, Avg: 0.0, Max: 0.0, Diff: 0.0, Sum: 0.1]
      [GC Worker Total (ms): Min: 35.5, Avg: 36.0, Max: 36.9, Diff: 1.5, Sum: 144.1]
      [GC Worker End (ms): Min: 40169816.6, Avg: 40169816.7, Max: 40169816.7, Diff: 0.0]
   [Code Root Fixup: 0.0 ms]
   [Code Root Purge: 0.0 ms]
   [Clear CT: 0.1 ms]
   [Other: 0.8 ms]
      [Choose CSet: 0.0 ms]
      [Ref Proc: 0.3 ms]
      [Ref Enq: 0.0 ms]
      [Redirty Cards: 0.1 ms]
      [Humongous Register: 0.1 ms]
      [Humongous Reclaim: 0.0 ms]
      [Free CSet: 0.1 ms]
   [Eden: 42.0M(42.0M)->0.0B(46.0M) Survivors: 9216.0K->5120.0K Heap: 293.8M(1024.0M)->251.8M(1024.0M)]
 [Times: user=0.08 sys=0.02, real=0.04 secs] 
2019-11-03T21:09:04.680+0800: 40179.734: [GC pause (G1 Evacuation Pause) (young), 0.0201130 secs]
   [Parallel Time: 19.2 ms, GC Workers: 4]
      [GC Worker Start (ms): Min: 40179734.5, Avg: 40179734.9, Max: 40179736.1, Diff: 1.6]
      [Ext Root Scanning (ms): Min: 0.0, Avg: 0.8, Max: 1.1, Diff: 1.1, Sum: 3.3]
      [Update RS (ms): Min: 3.5, Avg: 4.2, Max: 4.8, Diff: 1.3, Sum: 16.6]
         [Processed Buffers: Min: 5, Avg: 10.2, Max: 19, Diff: 14, Sum: 41]
      [Scan RS (ms): Min: 5.0, Avg: 6.1, Max: 7.5, Diff: 2.5, Sum: 24.4]
      [Code Root Scanning (ms): Min: 0.0, Avg: 0.0, Max: 0.0, Diff: 0.0, Sum: 0.0]
      [Object Copy (ms): Min: 5.9, Avg: 7.5, Max: 8.1, Diff: 2.2, Sum: 30.0]
      [Termination (ms): Min: 0.0, Avg: 0.0, Max: 0.0, Diff: 0.0, Sum: 0.0]
         [Termination Attempts: Min: 1, Avg: 1.0, Max: 1, Diff: 0, Sum: 4]
      [GC Worker Other (ms): Min: 0.0, Avg: 0.0, Max: 0.1, Diff: 0.0, Sum: 0.2]
      [GC Worker Total (ms): Min: 17.5, Avg: 18.6, Max: 19.1, Diff: 1.6, Sum: 74.6]
      [GC Worker End (ms): Min: 40179753.6, Avg: 40179753.6, Max: 40179753.6, Diff: 0.0]
   [Code Root Fixup: 0.0 ms]
   [Code Root Purge: 0.0 ms]
   [Clear CT: 0.1 ms]
   [Other: 0.8 ms]
      [Choose CSet: 0.0 ms]
      [Ref Proc: 0.3 ms]
      [Ref Enq: 0.0 ms]
      [Redirty Cards: 0.1 ms]
      [Humongous Register: 0.1 ms]
      [Humongous Reclaim: 0.0 ms]
      [Free CSet: 0.1 ms]
   [Eden: 46.0M(46.0M)->0.0B(46.0M) Survivors: 5120.0K->5120.0K Heap: 297.8M(1024.0M)->251.8M(1024.0M)]
 [Times: user=0.07 sys=0.00, real=0.02 secs] 
2019-11-03T21:09:14.800+0800: 40189.854: [GC pause (G1 Evacuation Pause) (young), 0.0177897 secs]
   [Parallel Time: 17.1 ms, GC Workers: 4]
      [GC Worker Start (ms): Min: 40189854.0, Avg: 40189854.1, Max: 40189854.2, Diff: 0.2]
      [Ext Root Scanning (ms): Min: 0.9, Avg: 1.0, Max: 1.2, Diff: 0.3, Sum: 4.2]
      [Update RS (ms): Min: 2.7, Avg: 3.2, Max: 3.6, Diff: 1.0, Sum: 12.7]
         [Processed Buffers: Min: 3, Avg: 7.8, Max: 18, Diff: 15, Sum: 31]
      [Scan RS (ms): Min: 3.9, Avg: 4.2, Max: 4.7, Diff: 0.8, Sum: 17.0]
      [Code Root Scanning (ms): Min: 0.0, Avg: 0.0, Max: 0.0, Diff: 0.0, Sum: 0.0]
      [Object Copy (ms): Min: 8.4, Avg: 8.5, Max: 8.6, Diff: 0.3, Sum: 33.9]
      [Termination (ms): Min: 0.0, Avg: 0.0, Max: 0.0, Diff: 0.0, Sum: 0.0]
         [Termination Attempts: Min: 1, Avg: 1.2, Max: 2, Diff: 1, Sum: 5]
      [GC Worker Other (ms): Min: 0.0, Avg: 0.0, Max: 0.0, Diff: 0.0, Sum: 0.1]
      [GC Worker Total (ms): Min: 16.8, Avg: 17.0, Max: 17.0, Diff: 0.2, Sum: 67.8]
      [GC Worker End (ms): Min: 40189871.0, Avg: 40189871.0, Max: 40189871.0, Diff: 0.0]
   [Code Root Fixup: 0.0 ms]
   [Code Root Purge: 0.0 ms]
   [Clear CT: 0.1 ms]
   [Other: 0.6 ms]
      [Choose CSet: 0.0 ms]
      [Ref Proc: 0.2 ms]
      [Ref Enq: 0.0 ms]
      [Redirty Cards: 0.1 ms]
      [Humongous Register: 0.0 ms]
      [Humongous Reclaim: 0.0 ms]
      [Free CSet: 0.1 ms]
   [Eden: 46.0M(46.0M)->0.0B(46.0M) Survivors: 5120.0K->5120.0K Heap: 297.8M(1024.0M)->251.8M(1024.0M)]
 [Times: user=0.07 sys=0.00, real=0.01 secs] 
2019-11-03T21:09:24.699+0800: 40199.753: [GC pause (G1 Evacuation Pause) (young), 0.0158486 secs]
   [Parallel Time: 15.1 ms, GC Workers: 4]
      [GC Worker Start (ms): Min: 40199752.9, Avg: 40199753.0, Max: 40199753.1, Diff: 0.1]
      [Ext Root Scanning (ms): Min: 0.7, Avg: 0.8, Max: 0.9, Diff: 0.2, Sum: 3.3]
      [Update RS (ms): Min: 2.7, Avg: 3.0, Max: 3.1, Diff: 0.4, Sum: 11.9]
         [Processed Buffers: Min: 1, Avg: 6.8, Max: 17, Diff: 16, Sum: 27]
      [Scan RS (ms): Min: 3.3, Avg: 3.4, Max: 3.5, Diff: 0.3, Sum: 13.5]
      [Code Root Scanning (ms): Min: 0.0, Avg: 0.0, Max: 0.0, Diff: 0.0, Sum: 0.0]
      [Object Copy (ms): Min: 7.7, Avg: 7.8, Max: 7.9, Diff: 0.1, Sum: 31.1]
      [Termination (ms): Min: 0.0, Avg: 0.0, Max: 0.0, Diff: 0.0, Sum: 0.0]
         [Termination Attempts: Min: 1, Avg: 1.0, Max: 1, Diff: 0, Sum: 4]
      [GC Worker Other (ms): Min: 0.0, Avg: 0.0, Max: 0.1, Diff: 0.0, Sum: 0.2]
      [GC Worker Total (ms): Min: 14.9, Avg: 15.0, Max: 15.0, Diff: 0.1, Sum: 59.9]
      [GC Worker End (ms): Min: 40199768.0, Avg: 40199768.0, Max: 40199768.0, Diff: 0.0]
   [Code Root Fixup: 0.0 ms]
   [Code Root Purge: 0.0 ms]
   [Clear CT: 0.1 ms]
   [Other: 0.6 ms]
      [Choose CSet: 0.0 ms]
      [Ref Proc: 0.2 ms]
      [Ref Enq: 0.0 ms]
      [Redirty Cards: 0.0 ms]
      [Humongous Register: 0.1 ms]
      [Humongous Reclaim: 0.0 ms]
      [Free CSet: 0.1 ms]
   [Eden: 46.0M(46.0M)->0.0B(46.0M) Survivors: 5120.0K->5120.0K Heap: 297.8M(1024.0M)->251.8M(1024.0M)]
 [Times: user=0.06 sys=0.00, real=0.02 secs] 
2019-11-03T21:09:34.580+0800: 40209.633: [GC pause (G1 Evacuation Pause) (young), 0.0187310 secs]
   [Parallel Time: 17.9 ms, GC Workers: 4]
      [GC Worker Start (ms): Min: 40209633.2, Avg: 40209634.0, Max: 40209634.8, Diff: 1.6]
      [Ext Root Scanning (ms): Min: 0.0, Avg: 0.8, Max: 1.5, Diff: 1.5, Sum: 3.0]
      [Update RS (ms): Min: 1.3, Avg: 2.7, Max: 3.6, Diff: 2.3, Sum: 11.0]
         [Processed Buffers: Min: 3, Avg: 7.5, Max: 15, Diff: 12, Sum: 30]
      [Scan RS (ms): Min: 3.2, Avg: 3.7, Max: 3.8, Diff: 0.6, Sum: 14.7]
      [Code Root Scanning (ms): Min: 0.0, Avg: 0.0, Max: 0.0, Diff: 0.0, Sum: 0.0]
      [Object Copy (ms): Min: 9.3, Avg: 9.9, Max: 11.2, Diff: 1.9, Sum: 39.4]
      [Termination (ms): Min: 0.0, Avg: 0.0, Max: 0.0, Diff: 0.0, Sum: 0.0]
         [Termination Attempts: Min: 1, Avg: 1.0, Max: 1, Diff: 0, Sum: 4]
      [GC Worker Other (ms): Min: 0.0, Avg: 0.0, Max: 0.0, Diff: 0.0, Sum: 0.1]
      [GC Worker Total (ms): Min: 16.2, Avg: 17.1, Max: 17.9, Diff: 1.6, Sum: 68.3]
      [GC Worker End (ms): Min: 40209651.0, Avg: 40209651.0, Max: 40209651.1, Diff: 0.0]
   [Code Root Fixup: 0.0 ms]
   [Code Root Purge: 0.0 ms]
   [Clear CT: 0.0 ms]
   [Other: 0.7 ms]
      [Choose CSet: 0.0 ms]
      [Ref Proc: 0.2 ms]
      [Ref Enq: 0.0 ms]
      [Redirty Cards: 0.1 ms]
      [Humongous Register: 0.1 ms]
      [Humongous Reclaim: 0.0 ms]
      [Free CSet: 0.1 ms]
   [Eden: 46.0M(46.0M)->0.0B(44.0M) Survivors: 5120.0K->7168.0K Heap: 297.8M(1024.0M)->253.8M(1024.0M)]
 [Times: user=0.06 sys=0.00, real=0.01 secs] 
2019-11-03T21:09:44.071+0800: 40219.124: [GC pause (G1 Evacuation Pause) (young), 0.0178551 secs]
   [Parallel Time: 17.1 ms, GC Workers: 4]
      [GC Worker Start (ms): Min: 40219124.5, Avg: 40219124.5, Max: 40219124.6, Diff: 0.0]
      [Ext Root Scanning (ms): Min: 0.5, Avg: 0.5, Max: 0.5, Diff: 0.1, Sum: 2.0]
      [Update RS (ms): Min: 1.2, Avg: 1.3, Max: 1.5, Diff: 0.3, Sum: 5.3]
         [Processed Buffers: Min: 5, Avg: 7.2, Max: 11, Diff: 6, Sum: 29]
      [Scan RS (ms): Min: 2.6, Avg: 2.8, Max: 2.9, Diff: 0.3, Sum: 11.2]
      [Code Root Scanning (ms): Min: 0.0, Avg: 0.0, Max: 0.0, Diff: 0.0, Sum: 0.0]
      [Object Copy (ms): Min: 12.3, Avg: 12.4, Max: 12.5, Diff: 0.1, Sum: 49.6]
      [Termination (ms): Min: 0.0, Avg: 0.0, Max: 0.0, Diff: 0.0, Sum: 0.0]
         [Termination Attempts: Min: 1, Avg: 1.0, Max: 1, Diff: 0, Sum: 4]
      [GC Worker Other (ms): Min: 0.0, Avg: 0.0, Max: 0.0, Diff: 0.0, Sum: 0.1]
      [GC Worker Total (ms): Min: 17.0, Avg: 17.1, Max: 17.1, Diff: 0.0, Sum: 68.2]
      [GC Worker End (ms): Min: 40219141.6, Avg: 40219141.6, Max: 40219141.6, Diff: 0.0]
   [Code Root Fixup: 0.0 ms]
   [Code Root Purge: 0.0 ms]
   [Clear CT: 0.1 ms]
   [Other: 0.6 ms]
      [Choose CSet: 0.0 ms]
      [Ref Proc: 0.2 ms]
      [Ref Enq: 0.0 ms]
      [Redirty Cards: 0.1 ms]
      [Humongous Register: 0.0 ms]
      [Humongous Reclaim: 0.0 ms]
      [Free CSet: 0.1 ms]
   [Eden: 44.0M(44.0M)->0.0B(116.0M) Survivors: 7168.0K->5120.0K Heap: 297.8M(1024.0M)->252.8M(1024.0M)]
 [Times: user=0.06 sys=0.00, real=0.02 secs] 
2019-11-03T21:09:53.942+0800: 40228.995: [GC pause (G1 Evacuation Pause) (young), 0.0175547 secs]
   [Parallel Time: 16.8 ms, GC Workers: 4]
      [GC Worker Start (ms): Min: 40228995.3, Avg: 40228995.5, Max: 40228995.9, Diff: 0.6]
      [Ext Root Scanning (ms): Min: 0.4, Avg: 0.8, Max: 1.0, Diff: 0.6, Sum: 3.4]
      [Update RS (ms): Min: 2.2, Avg: 2.3, Max: 2.6, Diff: 0.4, Sum: 9.3]
         [Processed Buffers: Min: 1, Avg: 8.2, Max: 12, Diff: 11, Sum: 33]
      [Scan RS (ms): Min: 5.6, Avg: 5.8, Max: 5.9, Diff: 0.3, Sum: 23.3]
      [Code Root Scanning (ms): Min: 0.0, Avg: 0.0, Max: 0.0, Diff: 0.0, Sum: 0.0]
      [Object Copy (ms): Min: 7.5, Avg: 7.5, Max: 7.6, Diff: 0.1, Sum: 30.2]
      [Termination (ms): Min: 0.0, Avg: 0.0, Max: 0.0, Diff: 0.0, Sum: 0.0]
         [Termination Attempts: Min: 1, Avg: 1.2, Max: 2, Diff: 1, Sum: 5]
      [GC Worker Other (ms): Min: 0.0, Avg: 0.0, Max: 0.1, Diff: 0.0, Sum: 0.2]
      [GC Worker Total (ms): Min: 16.1, Avg: 16.6, Max: 16.7, Diff: 0.6, Sum: 66.3]
      [GC Worker End (ms): Min: 40229012.0, Avg: 40229012.0, Max: 40229012.1, Diff: 0.0]
   [Code Root Fixup: 0.0 ms]
   [Code Root Purge: 0.0 ms]
   [Clear CT: 0.1 ms]
   [Other: 0.6 ms]
      [Choose CSet: 0.0 ms]
      [Ref Proc: 0.1 ms]
      [Ref Enq: 0.0 ms]
      [Redirty Cards: 0.1 ms]
      [Humongous Register: 0.0 ms]
      [Humongous Reclaim: 0.0 ms]
      [Free CSet: 0.1 ms]
   [Eden: 46.0M(46.0M)->0.0B(115.0M) Survivors: 5120.0K->5120.0K Heap: 298.8M(1024.0M)->252.8M(1024.0M)]
 [Times: user=0.06 sys=0.01, real=0.02 secs] 
2019-11-03T21:10:05.110+0800: 40240.162: [GC pause (G1 Evacuation Pause) (young), 0.0148568 secs]
   [Parallel Time: 13.7 ms, GC Workers: 4]
      [GC Worker Start (ms): Min: 40240161.9, Avg: 40240161.9, Max: 40240161.9, Diff: 0.0]
      [Ext Root Scanning (ms): Min: 0.6, Avg: 0.6, Max: 0.7, Diff: 0.1, Sum: 2.6]
      [Update RS (ms): Min: 1.0, Avg: 1.3, Max: 1.5, Diff: 0.5, Sum: 5.2]
         [Processed Buffers: Min: 3, Avg: 7.2, Max: 14, Diff: 11, Sum: 29]
      [Scan RS (ms): Min: 2.5, Avg: 2.7, Max: 3.1, Diff: 0.5, Sum: 10.9]
      [Code Root Scanning (ms): Min: 0.0, Avg: 0.0, Max: 0.0, Diff: 0.0, Sum: 0.0]
      [Object Copy (ms): Min: 8.9, Avg: 9.0, Max: 9.1, Diff: 0.2, Sum: 35.9]
      [Termination (ms): Min: 0.0, Avg: 0.0, Max: 0.0, Diff: 0.0, Sum: 0.0]
         [Termination Attempts: Min: 1, Avg: 1.5, Max: 2, Diff: 1, Sum: 6]
      [GC Worker Other (ms): Min: 0.0, Avg: 0.0, Max: 0.0, Diff: 0.0, Sum: 0.1]
      [GC Worker Total (ms): Min: 13.6, Avg: 13.7, Max: 13.7, Diff: 0.0, Sum: 54.7]
      [GC Worker End (ms): Min: 40240175.6, Avg: 40240175.6, Max: 40240175.6, Diff: 0.0]
   [Code Root Fixup: 0.0 ms]
   [Code Root Purge: 0.0 ms]
   [Clear CT: 0.5 ms]
   [Other: 0.6 ms]
      [Choose CSet: 0.0 ms]
      [Ref Proc: 0.2 ms]
      [Ref Enq: 0.0 ms]
      [Redirty Cards: 0.1 ms]
      [Humongous Register: 0.0 ms]
      [Humongous Reclaim: 0.0 ms]
      [Free CSet: 0.1 ms]
   [Eden: 53.0M(46.0M)->0.0B(193.0M) Survivors: 5120.0K->6144.0K Heap: 305.8M(1024.0M)->253.8M(1024.0M)]
 [Times: user=0.05 sys=0.00, real=0.01 secs] 
2019-11-03T21:10:21.376+0800: 40256.428: [GC pause (G1 Evacuation Pause) (young), 0.0230097 secs]
   [Parallel Time: 22.3 ms, GC Workers: 4]
      [GC Worker Start (ms): Min: 40256428.1, Avg: 40256428.2, Max: 40256428.5, Diff: 0.4]
      [Ext Root Scanning (ms): Min: 0.5, Avg: 0.9, Max: 1.0, Diff: 0.5, Sum: 3.5]
      [Update RS (ms): Min: 0.9, Avg: 3.2, Max: 4.3, Diff: 3.4, Sum: 12.7]
         [Processed Buffers: Min: 1, Avg: 8.0, Max: 16, Diff: 15, Sum: 32]
      [Scan RS (ms): Min: 4.7, Avg: 5.5, Max: 6.0, Diff: 1.4, Sum: 22.1]
      [Code Root Scanning (ms): Min: 0.0, Avg: 0.0, Max: 0.0, Diff: 0.0, Sum: 0.0]
      [Object Copy (ms): Min: 11.3, Avg: 12.5, Max: 14.8, Diff: 3.5, Sum: 49.9]
      [Termination (ms): Min: 0.0, Avg: 0.0, Max: 0.0, Diff: 0.0, Sum: 0.0]
         [Termination Attempts: Min: 1, Avg: 1.0, Max: 1, Diff: 0, Sum: 4]
      [GC Worker Other (ms): Min: 0.0, Avg: 0.0, Max: 0.1, Diff: 0.0, Sum: 0.2]
      [GC Worker Total (ms): Min: 21.8, Avg: 22.1, Max: 22.2, Diff: 0.5, Sum: 88.4]
      [GC Worker End (ms): Min: 40256450.3, Avg: 40256450.3, Max: 40256450.3, Diff: 0.0]
   [Code Root Fixup: 0.0 ms]
   [Code Root Purge: 0.0 ms]
   [Clear CT: 0.1 ms]
   [Other: 0.6 ms]
      [Choose CSet: 0.0 ms]
      [Ref Proc: 0.2 ms]
      [Ref Enq: 0.0 ms]
      [Redirty Cards: 0.1 ms]
      [Humongous Register: 0.1 ms]
      [Humongous Reclaim: 0.0 ms]
      [Free CSet: 0.1 ms]
   [Eden: 75.0M(45.0M)->0.0B(91.0M) Survivors: 6144.0K->5120.0K Heap: 328.8M(1024.0M)->253.8M(1024.0M)]
 [Times: user=0.07 sys=0.01, real=0.03 secs] 
2019-11-03T21:10:31.224+0800: 40266.276: [GC pause (G1 Evacuation Pause) (young), 0.0197879 secs]
   [Parallel Time: 19.0 ms, GC Workers: 4]
      [GC Worker Start (ms): Min: 40266275.7, Avg: 40266275.7, Max: 40266275.7, Diff: 0.1]
      [Ext Root Scanning (ms): Min: 0.5, Avg: 0.5, Max: 0.5, Diff: 0.1, Sum: 2.0]
      [Update RS (ms): Min: 1.0, Avg: 1.2, Max: 1.3, Diff: 0.3, Sum: 4.8]
         [Processed Buffers: Min: 5, Avg: 9.0, Max: 18, Diff: 13, Sum: 36]
      [Scan RS (ms): Min: 3.3, Avg: 3.4, Max: 3.6, Diff: 0.3, Sum: 13.6]
      [Code Root Scanning (ms): Min: 0.0, Avg: 0.0, Max: 0.0, Diff: 0.0, Sum: 0.0]
      [Object Copy (ms): Min: 8.8, Avg: 8.8, Max: 8.8, Diff: 0.0, Sum: 35.1]
      [Termination (ms): Min: 0.0, Avg: 1.3, Max: 5.0, Diff: 5.0, Sum: 5.2]
         [Termination Attempts: Min: 1, Avg: 1.0, Max: 1, Diff: 0, Sum: 4]
      [GC Worker Other (ms): Min: 0.0, Avg: 0.0, Max: 0.0, Diff: 0.0, Sum: 0.1]
      [GC Worker Total (ms): Min: 14.0, Avg: 15.2, Max: 18.8, Diff: 4.8, Sum: 60.8]
      [GC Worker End (ms): Min: 40266289.7, Avg: 40266290.9, Max: 40266294.6, Diff: 4.9]
   [Code Root Fixup: 0.0 ms]
   [Code Root Purge: 0.0 ms]
   [Clear CT: 0.1 ms]
   [Other: 0.7 ms]
      [Choose CSet: 0.0 ms]
      [Ref Proc: 0.2 ms]
      [Ref Enq: 0.0 ms]
      [Redirty Cards: 0.1 ms]
      [Humongous Register: 0.1 ms]
      [Humongous Reclaim: 0.0 ms]
      [Free CSet: 0.1 ms]
   [Eden: 46.0M(46.0M)->0.0B(78.0M) Survivors: 5120.0K->5120.0K Heap: 299.8M(1024.0M)->253.8M(1024.0M)]
 [Times: user=0.05 sys=0.00, real=0.02 secs] 
2019-11-03T21:10:41.097+0800: 40276.148: [GC pause (G1 Evacuation Pause) (young), 0.0155023 secs]
   [Parallel Time: 14.3 ms, GC Workers: 4]
      [GC Worker Start (ms): Min: 40276147.8, Avg: 40276147.9, Max: 40276148.0, Diff: 0.2]
      [Ext Root Scanning (ms): Min: 0.4, Avg: 0.6, Max: 0.7, Diff: 0.2, Sum: 2.3]
      [Update RS (ms): Min: 1.1, Avg: 1.3, Max: 1.6, Diff: 0.5, Sum: 5.3]
         [Processed Buffers: Min: 1, Avg: 8.8, Max: 14, Diff: 13, Sum: 35]
      [Scan RS (ms): Min: 2.8, Avg: 3.0, Max: 3.2, Diff: 0.4, Sum: 12.0]
      [Code Root Scanning (ms): Min: 0.0, Avg: 0.0, Max: 0.0, Diff: 0.0, Sum: 0.0]
      [Object Copy (ms): Min: 9.1, Avg: 9.2, Max: 9.2, Diff: 0.1, Sum: 36.7]
      [Termination (ms): Min: 0.0, Avg: 0.0, Max: 0.0, Diff: 0.0, Sum: 0.0]
         [Termination Attempts: Min: 1, Avg: 1.0, Max: 1, Diff: 0, Sum: 4]
      [GC Worker Other (ms): Min: 0.0, Avg: 0.1, Max: 0.1, Diff: 0.0, Sum: 0.2]
      [GC Worker Total (ms): Min: 14.0, Avg: 14.1, Max: 14.2, Diff: 0.2, Sum: 56.6]
      [GC Worker End (ms): Min: 40276162.0, Avg: 40276162.0, Max: 40276162.1, Diff: 0.0]
   [Code Root Fixup: 0.0 ms]
   [Code Root Purge: 0.0 ms]
   [Clear CT: 0.1 ms]
   [Other: 1.1 ms]
      [Choose CSet: 0.0 ms]
      [Ref Proc: 0.6 ms]
      [Ref Enq: 0.0 ms]
      [Redirty Cards: 0.1 ms]
      [Humongous Register: 0.1 ms]
      [Humongous Reclaim: 0.0 ms]
      [Free CSet: 0.1 ms]
   [Eden: 46.0M(46.0M)->0.0B(135.0M) Survivors: 5120.0K->6144.0K Heap: 299.8M(1024.0M)->255.3M(1024.0M)]
 [Times: user=0.06 sys=0.00, real=0.02 secs] 
2019-11-03T21:11:10.250+0800: 40305.300: [GC pause (G1 Evacuation Pause) (young), 0.0207555 secs]
   [Parallel Time: 19.8 ms, GC Workers: 4]
      [GC Worker Start (ms): Min: 40305299.9, Avg: 40305299.9, Max: 40305300.0, Diff: 0.1]
      [Ext Root Scanning (ms): Min: 0.8, Avg: 0.8, Max: 0.9, Diff: 0.1, Sum: 3.4]
      [Update RS (ms): Min: 2.7, Avg: 2.9, Max: 3.3, Diff: 0.6, Sum: 11.5]
         [Processed Buffers: Min: 1, Avg: 8.5, Max: 19, Diff: 18, Sum: 34]
      [Scan RS (ms): Min: 4.4, Avg: 4.8, Max: 4.9, Diff: 0.5, Sum: 19.1]
      [Code Root Scanning (ms): Min: 0.0, Avg: 0.0, Max: 0.0, Diff: 0.0, Sum: 0.0]
      [Object Copy (ms): Min: 11.1, Avg: 11.1, Max: 11.2, Diff: 0.1, Sum: 44.5]
      [Termination (ms): Min: 0.0, Avg: 0.0, Max: 0.0, Diff: 0.0, Sum: 0.0]
         [Termination Attempts: Min: 1, Avg: 1.0, Max: 1, Diff: 0, Sum: 4]
      [GC Worker Other (ms): Min: 0.0, Avg: 0.1, Max: 0.1, Diff: 0.1, Sum: 0.3]
      [GC Worker Total (ms): Min: 19.6, Avg: 19.7, Max: 19.7, Diff: 0.1, Sum: 78.8]
      [GC Worker End (ms): Min: 40305319.6, Avg: 40305319.6, Max: 40305319.6, Diff: 0.1]
   [Code Root Fixup: 0.0 ms]
   [Code Root Purge: 0.0 ms]
   [Clear CT: 0.1 ms]
   [Other: 0.8 ms]
      [Choose CSet: 0.0 ms]
      [Ref Proc: 0.2 ms]
      [Ref Enq: 0.0 ms]
      [Redirty Cards: 0.1 ms]
      [Humongous Register: 0.1 ms]
      [Humongous Reclaim: 0.0 ms]
      [Free CSet: 0.1 ms]
   [Eden: 135.0M(135.0M)->0.0B(116.0M) Survivors: 6144.0K->7168.0K Heap: 390.3M(1024.0M)->255.8M(1024.0M)]
 [Times: user=0.08 sys=0.00, real=0.02 secs] 
2019-11-03T21:11:35.356+0800: 40330.404: [GC pause (G1 Evacuation Pause) (young), 0.0212091 secs]
   [Parallel Time: 20.5 ms, GC Workers: 4]
      [GC Worker Start (ms): Min: 40330404.3, Avg: 40330404.4, Max: 40330404.4, Diff: 0.1]
      [Ext Root Scanning (ms): Min: 0.8, Avg: 0.8, Max: 0.9, Diff: 0.1, Sum: 3.3]
      [Update RS (ms): Min: 2.4, Avg: 2.8, Max: 3.1, Diff: 0.7, Sum: 11.2]
         [Processed Buffers: Min: 3, Avg: 8.5, Max: 11, Diff: 8, Sum: 34]
      [Scan RS (ms): Min: 4.3, Avg: 4.5, Max: 4.7, Diff: 0.4, Sum: 17.9]
      [Code Root Scanning (ms): Min: 0.0, Avg: 0.0, Max: 0.0, Diff: 0.0, Sum: 0.0]
      [Object Copy (ms): Min: 12.1, Avg: 12.2, Max: 12.4, Diff: 0.4, Sum: 48.8]
      [Termination (ms): Min: 0.0, Avg: 0.0, Max: 0.0, Diff: 0.0, Sum: 0.1]
         [Termination Attempts: Min: 1, Avg: 1.0, Max: 1, Diff: 0, Sum: 4]
      [GC Worker Other (ms): Min: 0.0, Avg: 0.0, Max: 0.1, Diff: 0.0, Sum: 0.2]
      [GC Worker Total (ms): Min: 20.3, Avg: 20.4, Max: 20.5, Diff: 0.1, Sum: 81.5]
      [GC Worker End (ms): Min: 40330424.7, Avg: 40330424.7, Max: 40330424.8, Diff: 0.0]
   [Code Root Fixup: 0.0 ms]
   [Code Root Purge: 0.0 ms]
   [Clear CT: 0.1 ms]
   [Other: 0.6 ms]
      [Choose CSet: 0.0 ms]
      [Ref Proc: 0.2 ms]
      [Ref Enq: 0.0 ms]
      [Redirty Cards: 0.1 ms]
      [Humongous Register: 0.0 ms]
      [Humongous Reclaim: 0.0 ms]
      [Free CSet: 0.1 ms]
   [Eden: 116.0M(116.0M)->0.0B(81.0M) Survivors: 7168.0K->7168.0K Heap: 371.8M(1024.0M)->255.8M(1024.0M)]
 [Times: user=0.08 sys=0.00, real=0.02 secs] 
2019-11-03T21:11:52.826+0800: 40347.874: [GC pause (G1 Evacuation Pause) (young), 0.0231152 secs]
   [Parallel Time: 22.5 ms, GC Workers: 4]
      [GC Worker Start (ms): Min: 40347874.1, Avg: 40347874.1, Max: 40347874.2, Diff: 0.1]
      [Ext Root Scanning (ms): Min: 0.7, Avg: 0.8, Max: 0.9, Diff: 0.2, Sum: 3.3]
      [Update RS (ms): Min: 2.2, Avg: 2.5, Max: 2.9, Diff: 0.7, Sum: 10.0]
         [Processed Buffers: Min: 3, Avg: 7.2, Max: 13, Diff: 10, Sum: 29]
      [Scan RS (ms): Min: 3.9, Avg: 4.7, Max: 5.5, Diff: 1.5, Sum: 18.7]
      [Code Root Scanning (ms): Min: 0.0, Avg: 0.0, Max: 0.0, Diff: 0.0, Sum: 0.0]
      [Object Copy (ms): Min: 13.6, Avg: 14.2, Max: 14.4, Diff: 0.9, Sum: 56.7]
      [Termination (ms): Min: 0.0, Avg: 0.1, Max: 0.1, Diff: 0.1, Sum: 0.4]
         [Termination Attempts: Min: 1, Avg: 1.2, Max: 2, Diff: 1, Sum: 5]
      [GC Worker Other (ms): Min: 0.0, Avg: 0.0, Max: 0.0, Diff: 0.0, Sum: 0.1]
      [GC Worker Total (ms): Min: 22.2, Avg: 22.3, Max: 22.3, Diff: 0.1, Sum: 89.1]
      [GC Worker End (ms): Min: 40347896.4, Avg: 40347896.4, Max: 40347896.4, Diff: 0.0]
   [Code Root Fixup: 0.0 ms]
   [Code Root Purge: 0.0 ms]
   [Clear CT: 0.1 ms]
   [Other: 0.6 ms]
      [Choose CSet: 0.0 ms]
      [Ref Proc: 0.1 ms]
      [Ref Enq: 0.0 ms]
      [Redirty Cards: 0.0 ms]
      [Humongous Register: 0.1 ms]
      [Humongous Reclaim: 0.0 ms]
      [Free CSet: 0.1 ms]
   [Eden: 81.0M(81.0M)->0.0B(42.0M) Survivors: 7168.0K->9216.0K Heap: 336.8M(1024.0M)->257.8M(1024.0M)]
 [Times: user=0.09 sys=0.00, real=0.02 secs] 
2019-11-03T21:12:01.843+0800: 40356.891: [GC pause (G1 Evacuation Pause) (young), 0.0271388 secs]
   [Parallel Time: 26.5 ms, GC Workers: 4]
      [GC Worker Start (ms): Min: 40356891.0, Avg: 40356891.0, Max: 40356891.1, Diff: 0.1]
      [Ext Root Scanning (ms): Min: 0.8, Avg: 0.9, Max: 0.9, Diff: 0.1, Sum: 3.5]
      [Update RS (ms): Min: 2.0, Avg: 2.0, Max: 2.2, Diff: 0.3, Sum: 8.2]
         [Processed Buffers: Min: 6, Avg: 8.5, Max: 12, Diff: 6, Sum: 34]
      [Scan RS (ms): Min: 4.6, Avg: 4.8, Max: 4.8, Diff: 0.3, Sum: 19.0]
      [Code Root Scanning (ms): Min: 0.0, Avg: 0.0, Max: 0.0, Diff: 0.0, Sum: 0.0]
      [Object Copy (ms): Min: 18.7, Avg: 18.7, Max: 18.7, Diff: 0.0, Sum: 74.7]
      [Termination (ms): Min: 0.0, Avg: 0.0, Max: 0.0, Diff: 0.0, Sum: 0.0]
         [Termination Attempts: Min: 1, Avg: 1.5, Max: 2, Diff: 1, Sum: 6]
      [GC Worker Other (ms): Min: 0.0, Avg: 0.0, Max: 0.0, Diff: 0.0, Sum: 0.1]
      [GC Worker Total (ms): Min: 26.4, Avg: 26.4, Max: 26.4, Diff: 0.1, Sum: 105.6]
      [GC Worker End (ms): Min: 40356917.4, Avg: 40356917.5, Max: 40356917.5, Diff: 0.0]
   [Code Root Fixup: 0.0 ms]
   [Code Root Purge: 0.0 ms]
   [Clear CT: 0.0 ms]
   [Other: 0.6 ms]
      [Choose CSet: 0.0 ms]
      [Ref Proc: 0.1 ms]
      [Ref Enq: 0.0 ms]
      [Redirty Cards: 0.1 ms]
      [Humongous Register: 0.0 ms]
      [Humongous Reclaim: 0.0 ms]
      [Free CSet: 0.1 ms]
   [Eden: 42.0M(42.0M)->0.0B(46.0M) Survivors: 9216.0K->5120.0K Heap: 299.8M(1024.0M)->256.8M(1024.0M)]
 [Times: user=0.09 sys=0.02, real=0.03 secs] 
2019-11-03T21:12:11.665+0800: 40366.712: [GC pause (G1 Evacuation Pause) (young), 0.0177104 secs]
   [Parallel Time: 17.0 ms, GC Workers: 4]
      [GC Worker Start (ms): Min: 40366712.0, Avg: 40366712.4, Max: 40366713.3, Diff: 1.2]
      [Ext Root Scanning (ms): Min: 0.0, Avg: 0.8, Max: 1.1, Diff: 1.1, Sum: 3.3]
      [Update RS (ms): Min: 2.0, Avg: 2.2, Max: 2.4, Diff: 0.4, Sum: 8.8]
         [Processed Buffers: Min: 5, Avg: 8.5, Max: 13, Diff: 8, Sum: 34]
      [Scan RS (ms): Min: 5.9, Avg: 6.0, Max: 6.1, Diff: 0.2, Sum: 24.0]
      [Code Root Scanning (ms): Min: 0.0, Avg: 0.0, Max: 0.0, Diff: 0.0, Sum: 0.0]
      [Object Copy (ms): Min: 7.4, Avg: 7.5, Max: 7.7, Diff: 0.3, Sum: 30.1]
      [Termination (ms): Min: 0.0, Avg: 0.0, Max: 0.0, Diff: 0.0, Sum: 0.0]
         [Termination Attempts: Min: 1, Avg: 2.5, Max: 4, Diff: 3, Sum: 10]
      [GC Worker Other (ms): Min: 0.0, Avg: 0.0, Max: 0.0, Diff: 0.0, Sum: 0.1]
      [GC Worker Total (ms): Min: 15.7, Avg: 16.6, Max: 16.9, Diff: 1.2, Sum: 66.3]
      [GC Worker End (ms): Min: 40366728.9, Avg: 40366728.9, Max: 40366728.9, Diff: 0.0]
   [Code Root Fixup: 0.0 ms]
   [Code Root Purge: 0.0 ms]
   [Clear CT: 0.1 ms]
   [Other: 0.7 ms]
      [Choose CSet: 0.0 ms]
      [Ref Proc: 0.1 ms]
      [Ref Enq: 0.0 ms]
      [Redirty Cards: 0.1 ms]
      [Humongous Register: 0.0 ms]
      [Humongous Reclaim: 0.0 ms]
      [Free CSet: 0.1 ms]
   [Eden: 46.0M(46.0M)->0.0B(46.0M) Survivors: 5120.0K->5120.0K Heap: 302.8M(1024.0M)->256.8M(1024.0M)]
 [Times: user=0.06 sys=0.00, real=0.02 secs] 
2019-11-03T21:12:21.582+0800: 40376.629: [GC pause (G1 Evacuation Pause) (young), 0.0167873 secs]
   [Parallel Time: 16.1 ms, GC Workers: 4]
      [GC Worker Start (ms): Min: 40376629.0, Avg: 40376629.0, Max: 40376629.1, Diff: 0.1]
      [Ext Root Scanning (ms): Min: 0.5, Avg: 0.5, Max: 0.6, Diff: 0.1, Sum: 2.2]
      [Update RS (ms): Min: 0.9, Avg: 1.0, Max: 1.0, Diff: 0.1, Sum: 3.9]
         [Processed Buffers: Min: 3, Avg: 6.5, Max: 10, Diff: 7, Sum: 26]
      [Scan RS (ms): Min: 2.9, Avg: 3.0, Max: 3.1, Diff: 0.2, Sum: 11.9]
      [Code Root Scanning (ms): Min: 0.0, Avg: 0.0, Max: 0.0, Diff: 0.0, Sum: 0.0]
      [Object Copy (ms): Min: 11.4, Avg: 11.4, Max: 11.4, Diff: 0.0, Sum: 45.5]
      [Termination (ms): Min: 0.0, Avg: 0.1, Max: 0.1, Diff: 0.1, Sum: 0.3]
         [Termination Attempts: Min: 1, Avg: 1.5, Max: 2, Diff: 1, Sum: 6]
      [GC Worker Other (ms): Min: 0.0, Avg: 0.0, Max: 0.0, Diff: 0.0, Sum: 0.1]
      [GC Worker Total (ms): Min: 15.9, Avg: 16.0, Max: 16.0, Diff: 0.1, Sum: 63.8]
      [GC Worker End (ms): Min: 40376645.0, Avg: 40376645.0, Max: 40376645.0, Diff: 0.0]
   [Code Root Fixup: 0.0 ms]
   [Code Root Purge: 0.0 ms]
   [Clear CT: 0.1 ms]
   [Other: 0.6 ms]
      [Choose CSet: 0.0 ms]
      [Ref Proc: 0.3 ms]
      [Ref Enq: 0.0 ms]
      [Redirty Cards: 0.0 ms]
      [Humongous Register: 0.0 ms]
      [Humongous Reclaim: 0.0 ms]
      [Free CSet: 0.1 ms]
   [Eden: 46.0M(46.0M)->0.0B(61.0M) Survivors: 5120.0K->6144.0K Heap: 302.8M(1024.0M)->258.3M(1024.0M)]
 [Times: user=0.05 sys=0.00, real=0.02 secs] 
2019-11-03T21:12:34.696+0800: 40389.742: [GC pause (G1 Evacuation Pause) (young), 0.0171187 secs]
   [Parallel Time: 16.4 ms, GC Workers: 4]
      [GC Worker Start (ms): Min: 40389742.1, Avg: 40389742.1, Max: 40389742.2, Diff: 0.1]
      [Ext Root Scanning (ms): Min: 0.8, Avg: 0.9, Max: 1.0, Diff: 0.2, Sum: 3.6]
      [Update RS (ms): Min: 2.2, Avg: 2.3, Max: 2.5, Diff: 0.3, Sum: 9.0]
         [Processed Buffers: Min: 4, Avg: 8.0, Max: 11, Diff: 7, Sum: 32]
      [Scan RS (ms): Min: 3.5, Avg: 3.6, Max: 3.7, Diff: 0.2, Sum: 14.4]
      [Code Root Scanning (ms): Min: 0.0, Avg: 0.0, Max: 0.0, Diff: 0.0, Sum: 0.0]
      [Object Copy (ms): Min: 9.3, Avg: 9.4, Max: 9.5, Diff: 0.2, Sum: 37.7]
      [Termination (ms): Min: 0.0, Avg: 0.0, Max: 0.0, Diff: 0.0, Sum: 0.0]
         [Termination Attempts: Min: 1, Avg: 1.0, Max: 1, Diff: 0, Sum: 4]
      [GC Worker Other (ms): Min: 0.0, Avg: 0.1, Max: 0.1, Diff: 0.1, Sum: 0.3]
      [GC Worker Total (ms): Min: 16.1, Avg: 16.3, Max: 16.3, Diff: 0.2, Sum: 65.0]
      [GC Worker End (ms): Min: 40389758.3, Avg: 40389758.4, Max: 40389758.4, Diff: 0.1]
   [Code Root Fixup: 0.0 ms]
   [Code Root Purge: 0.0 ms]
   [Clear CT: 0.1 ms]
   [Other: 0.6 ms]
      [Choose CSet: 0.0 ms]
      [Ref Proc: 0.1 ms]
      [Ref Enq: 0.0 ms]
      [Redirty Cards: 0.1 ms]
      [Humongous Register: 0.1 ms]
      [Humongous Reclaim: 0.0 ms]
      [Free CSet: 0.1 ms]
   [Eden: 61.0M(61.0M)->0.0B(119.0M) Survivors: 6144.0K->6144.0K Heap: 319.3M(1024.0M)->258.3M(1024.0M)]
 [Times: user=0.06 sys=0.00, real=0.02 secs] 
2019-11-03T21:12:50.275+0800: 40405.320: [GC pause (G1 Evacuation Pause) (young), 0.0209781 secs]
   [Parallel Time: 20.1 ms, GC Workers: 4]
      [GC Worker Start (ms): Min: 40405320.3, Avg: 40405320.3, Max: 40405320.3, Diff: 0.1]
      [Ext Root Scanning (ms): Min: 0.8, Avg: 0.9, Max: 0.9, Diff: 0.1, Sum: 3.4]
      [Update RS (ms): Min: 1.5, Avg: 2.0, Max: 2.6, Diff: 1.1, Sum: 8.0]
         [Processed Buffers: Min: 3, Avg: 8.5, Max: 13, Diff: 10, Sum: 34]
      [Scan RS (ms): Min: 5.1, Avg: 5.7, Max: 6.1, Diff: 0.9, Sum: 22.6]
      [Code Root Scanning (ms): Min: 0.0, Avg: 0.0, Max: 0.0, Diff: 0.0, Sum: 0.0]
      [Object Copy (ms): Min: 11.3, Avg: 11.4, Max: 11.4, Diff: 0.2, Sum: 45.6]
      [Termination (ms): Min: 0.0, Avg: 0.1, Max: 0.1, Diff: 0.1, Sum: 0.2]
         [Termination Attempts: Min: 1, Avg: 2.0, Max: 4, Diff: 3, Sum: 8]
      [GC Worker Other (ms): Min: 0.0, Avg: 0.0, Max: 0.0, Diff: 0.0, Sum: 0.1]
      [GC Worker Total (ms): Min: 19.9, Avg: 20.0, Max: 20.0, Diff: 0.1, Sum: 79.9]
      [GC Worker End (ms): Min: 40405340.3, Avg: 40405340.3, Max: 40405340.3, Diff: 0.0]
   [Code Root Fixup: 0.0 ms]
   [Code Root Purge: 0.0 ms]
   [Clear CT: 0.1 ms]
   [Other: 0.8 ms]
      [Choose CSet: 0.0 ms]
      [Ref Proc: 0.2 ms]
      [Ref Enq: 0.0 ms]
      [Redirty Cards: 0.1 ms]
      [Humongous Register: 0.0 ms]
      [Humongous Reclaim: 0.0 ms]
      [Free CSet: 0.2 ms]
   [Eden: 73.0M(45.0M)->0.0B(95.0M) Survivors: 6144.0K->5120.0K Heap: 331.3M(1024.0M)->257.9M(1024.0M)]
 [Times: user=0.07 sys=0.01, real=0.02 secs] 
2019-11-03T21:13:00.021+0800: 40415.066: [GC pause (G1 Evacuation Pause) (young), 0.0151545 secs]
   [Parallel Time: 14.4 ms, GC Workers: 4]
      [GC Worker Start (ms): Min: 40415066.3, Avg: 40415066.3, Max: 40415066.4, Diff: 0.1]
      [Ext Root Scanning (ms): Min: 0.7, Avg: 0.7, Max: 0.8, Diff: 0.1, Sum: 2.9]
      [Update RS (ms): Min: 1.3, Avg: 1.6, Max: 1.8, Diff: 0.5, Sum: 6.4]
         [Processed Buffers: Min: 1, Avg: 8.8, Max: 12, Diff: 11, Sum: 35]
      [Scan RS (ms): Min: 3.7, Avg: 3.9, Max: 4.0, Diff: 0.3, Sum: 15.5]
      [Code Root Scanning (ms): Min: 0.0, Avg: 0.0, Max: 0.0, Diff: 0.0, Sum: 0.0]
      [Object Copy (ms): Min: 7.9, Avg: 8.0, Max: 8.2, Diff: 0.3, Sum: 32.0]
      [Termination (ms): Min: 0.0, Avg: 0.0, Max: 0.0, Diff: 0.0, Sum: 0.0]
         [Termination Attempts: Min: 1, Avg: 1.0, Max: 1, Diff: 0, Sum: 4]
      [GC Worker Other (ms): Min: 0.0, Avg: 0.0, Max: 0.1, Diff: 0.0, Sum: 0.1]
      [GC Worker Total (ms): Min: 14.2, Avg: 14.2, Max: 14.3, Diff: 0.0, Sum: 56.9]
      [GC Worker End (ms): Min: 40415080.5, Avg: 40415080.6, Max: 40415080.6, Diff: 0.0]
   [Code Root Fixup: 0.0 ms]
   [Code Root Purge: 0.0 ms]
   [Clear CT: 0.1 ms]
   [Other: 0.7 ms]
      [Choose CSet: 0.0 ms]
      [Ref Proc: 0.2 ms]
      [Ref Enq: 0.0 ms]
      [Redirty Cards: 0.1 ms]
      [Humongous Register: 0.0 ms]
      [Humongous Reclaim: 0.0 ms]
      [Free CSet: 0.1 ms]
   [Eden: 46.0M(46.0M)->0.0B(178.0M) Survivors: 5120.0K->5120.0K Heap: 303.9M(1024.0M)->258.9M(1024.0M)]
 [Times: user=0.05 sys=0.01, real=0.01 secs] 
2019-11-03T21:13:17.579+0800: 40432.624: [GC pause (G1 Evacuation Pause) (young), 0.0151265 secs]
   [Parallel Time: 14.4 ms, GC Workers: 4]
      [GC Worker Start (ms): Min: 40432623.8, Avg: 40432623.8, Max: 40432623.8, Diff: 0.0]
      [Ext Root Scanning (ms): Min: 0.5, Avg: 0.5, Max: 0.5, Diff: 0.0, Sum: 1.9]
      [Update RS (ms): Min: 1.6, Avg: 1.7, Max: 1.7, Diff: 0.1, Sum: 6.6]
         [Processed Buffers: Min: 2, Avg: 7.8, Max: 12, Diff: 10, Sum: 31]
      [Scan RS (ms): Min: 3.2, Avg: 3.2, Max: 3.3, Diff: 0.2, Sum: 13.0]
      [Code Root Scanning (ms): Min: 0.0, Avg: 0.0, Max: 0.0, Diff: 0.0, Sum: 0.0]
      [Object Copy (ms): Min: 8.8, Avg: 8.9, Max: 8.9, Diff: 0.1, Sum: 35.5]
      [Termination (ms): Min: 0.0, Avg: 0.0, Max: 0.0, Diff: 0.0, Sum: 0.0]
         [Termination Attempts: Min: 1, Avg: 1.0, Max: 1, Diff: 0, Sum: 4]
      [GC Worker Other (ms): Min: 0.0, Avg: 0.1, Max: 0.1, Diff: 0.0, Sum: 0.2]
      [GC Worker Total (ms): Min: 14.3, Avg: 14.3, Max: 14.3, Diff: 0.1, Sum: 57.2]
      [GC Worker End (ms): Min: 40432638.1, Avg: 40432638.1, Max: 40432638.1, Diff: 0.0]
   [Code Root Fixup: 0.0 ms]
   [Code Root Purge: 0.0 ms]
   [Clear CT: 0.1 ms]
   [Other: 0.7 ms]
      [Choose CSet: 0.0 ms]
      [Ref Proc: 0.3 ms]
      [Ref Enq: 0.0 ms]
      [Redirty Cards: 0.1 ms]
      [Humongous Register: 0.0 ms]
      [Humongous Reclaim: 0.0 ms]
      [Free CSet: 0.1 ms]
   [Eden: 82.0M(46.0M)->0.0B(175.0M) Survivors: 5120.0K->6144.0K Heap: 340.9M(1024.0M)->259.9M(1024.0M)]
 [Times: user=0.06 sys=0.00, real=0.02 secs] 
2019-11-03T21:13:55.052+0800: 40470.095: [GC pause (G1 Evacuation Pause) (young), 0.0161662 secs]
   [Parallel Time: 15.4 ms, GC Workers: 4]
      [GC Worker Start (ms): Min: 40470094.9, Avg: 40470095.0, Max: 40470095.0, Diff: 0.0]
      [Ext Root Scanning (ms): Min: 0.4, Avg: 0.5, Max: 0.5, Diff: 0.1, Sum: 1.8]
      [Update RS (ms): Min: 1.7, Avg: 2.2, Max: 2.8, Diff: 1.1, Sum: 8.7]
         [Processed Buffers: Min: 2, Avg: 8.8, Max: 21, Diff: 19, Sum: 35]
      [Scan RS (ms): Min: 2.4, Avg: 3.0, Max: 3.6, Diff: 1.1, Sum: 12.1]
      [Code Root Scanning (ms): Min: 0.0, Avg: 0.0, Max: 0.0, Diff: 0.0, Sum: 0.0]
      [Object Copy (ms): Min: 9.5, Avg: 9.6, Max: 9.7, Diff: 0.1, Sum: 38.4]
      [Termination (ms): Min: 0.0, Avg: 0.0, Max: 0.0, Diff: 0.0, Sum: 0.0]
         [Termination Attempts: Min: 1, Avg: 1.0, Max: 1, Diff: 0, Sum: 4]
      [GC Worker Other (ms): Min: 0.0, Avg: 0.0, Max: 0.1, Diff: 0.0, Sum: 0.2]
      [GC Worker Total (ms): Min: 15.3, Avg: 15.3, Max: 15.3, Diff: 0.0, Sum: 61.3]
      [GC Worker End (ms): Min: 40470110.2, Avg: 40470110.3, Max: 40470110.3, Diff: 0.0]
   [Code Root Fixup: 0.0 ms]
   [Code Root Purge: 0.0 ms]
   [Clear CT: 0.1 ms]
   [Other: 0.7 ms]
      [Choose CSet: 0.0 ms]
      [Ref Proc: 0.1 ms]
      [Ref Enq: 0.0 ms]
      [Redirty Cards: 0.1 ms]
      [Humongous Register: 0.0 ms]
      [Humongous Reclaim: 0.0 ms]
      [Free CSet: 0.2 ms]
   [Eden: 175.0M(175.0M)->0.0B(220.0M) Survivors: 6144.0K->6144.0K Heap: 434.9M(1024.0M)->260.4M(1024.0M)]
 [Times: user=0.06 sys=0.00, real=0.01 secs] 
2019-11-03T21:14:41.644+0800: 40516.685: [GC pause (G1 Evacuation Pause) (young), 0.0328089 secs]
   [Parallel Time: 31.1 ms, GC Workers: 4]
      [GC Worker Start (ms): Min: 40516685.8, Avg: 40516685.8, Max: 40516685.8, Diff: 0.0]
      [Ext Root Scanning (ms): Min: 0.6, Avg: 0.7, Max: 0.8, Diff: 0.1, Sum: 2.8]
      [Update RS (ms): Min: 1.2, Avg: 2.2, Max: 2.7, Diff: 1.6, Sum: 8.8]
         [Processed Buffers: Min: 3, Avg: 9.5, Max: 21, Diff: 18, Sum: 38]
      [Scan RS (ms): Min: 2.6, Avg: 2.9, Max: 3.1, Diff: 0.5, Sum: 11.4]
      [Code Root Scanning (ms): Min: 0.0, Avg: 0.0, Max: 0.0, Diff: 0.0, Sum: 0.0]
      [Object Copy (ms): Min: 24.6, Avg: 24.9, Max: 25.8, Diff: 1.2, Sum: 99.7]
      [Termination (ms): Min: 0.0, Avg: 0.0, Max: 0.0, Diff: 0.0, Sum: 0.0]
         [Termination Attempts: Min: 1, Avg: 1.0, Max: 1, Diff: 0, Sum: 4]
      [GC Worker Other (ms): Min: 0.0, Avg: 0.0, Max: 0.0, Diff: 0.0, Sum: 0.1]
      [GC Worker Total (ms): Min: 30.7, Avg: 30.7, Max: 30.8, Diff: 0.1, Sum: 122.9]
      [GC Worker End (ms): Min: 40516716.5, Avg: 40516716.5, Max: 40516716.5, Diff: 0.0]
   [Code Root Fixup: 0.0 ms]
   [Code Root Purge: 0.0 ms]
   [Clear CT: 0.1 ms]
   [Other: 1.6 ms]
      [Choose CSet: 0.0 ms]
      [Ref Proc: 1.0 ms]
      [Ref Enq: 0.0 ms]
      [Redirty Cards: 0.0 ms]
      [Humongous Register: 0.1 ms]
      [Humongous Reclaim: 0.0 ms]
      [Free CSet: 0.2 ms]
   [Eden: 220.0M(220.0M)->0.0B(43.0M) Survivors: 6144.0K->8192.0K Heap: 480.4M(1024.0M)->262.4M(1024.0M)]
 [Times: user=0.08 sys=0.03, real=0.03 secs] 
2019-11-03T21:14:50.824+0800: 40525.865: [GC pause (G1 Evacuation Pause) (young), 0.0281015 secs]
   [Parallel Time: 27.3 ms, GC Workers: 4]
      [GC Worker Start (ms): Min: 40525865.4, Avg: 40525865.6, Max: 40525866.3, Diff: 0.9]
      [Ext Root Scanning (ms): Min: 0.3, Avg: 0.9, Max: 1.2, Diff: 0.9, Sum: 3.6]
      [Update RS (ms): Min: 2.2, Avg: 2.4, Max: 2.6, Diff: 0.4, Sum: 9.5]
         [Processed Buffers: Min: 1, Avg: 8.0, Max: 12, Diff: 11, Sum: 32]
      [Scan RS (ms): Min: 4.4, Avg: 4.5, Max: 4.7, Diff: 0.3, Sum: 18.2]
      [Code Root Scanning (ms): Min: 0.0, Avg: 0.0, Max: 0.0, Diff: 0.0, Sum: 0.0]
      [Object Copy (ms): Min: 19.1, Avg: 19.1, Max: 19.2, Diff: 0.0, Sum: 76.5]
      [Termination (ms): Min: 0.0, Avg: 0.0, Max: 0.0, Diff: 0.0, Sum: 0.0]
         [Termination Attempts: Min: 1, Avg: 1.0, Max: 1, Diff: 0, Sum: 4]
      [GC Worker Other (ms): Min: 0.0, Avg: 0.0, Max: 0.1, Diff: 0.0, Sum: 0.2]
      [GC Worker Total (ms): Min: 26.4, Avg: 27.0, Max: 27.2, Diff: 0.9, Sum: 107.9]
      [GC Worker End (ms): Min: 40525892.6, Avg: 40525892.6, Max: 40525892.6, Diff: 0.0]
   [Code Root Fixup: 0.0 ms]
   [Code Root Purge: 0.0 ms]
   [Clear CT: 0.1 ms]
   [Other: 0.6 ms]
      [Choose CSet: 0.0 ms]
      [Ref Proc: 0.1 ms]
      [Ref Enq: 0.0 ms]
      [Redirty Cards: 0.1 ms]
      [Humongous Register: 0.1 ms]
      [Humongous Reclaim: 0.0 ms]
      [Free CSet: 0.1 ms]
   [Eden: 43.0M(43.0M)->0.0B(48.0M) Survivors: 8192.0K->3072.0K Heap: 305.4M(1024.0M)->261.3M(1024.0M)]
 [Times: user=0.08 sys=0.02, real=0.03 secs] 
2019-11-03T21:15:01.052+0800: 40536.093: [GC pause (G1 Evacuation Pause) (young), 0.0149512 secs]
   [Parallel Time: 14.2 ms, GC Workers: 4]
      [GC Worker Start (ms): Min: 40536092.9, Avg: 40536093.5, Max: 40536094.1, Diff: 1.1]
      [Ext Root Scanning (ms): Min: 0.6, Avg: 1.2, Max: 1.7, Diff: 1.1, Sum: 4.7]
      [Update RS (ms): Min: 1.8, Avg: 2.0, Max: 2.3, Diff: 0.5, Sum: 8.0]
         [Processed Buffers: Min: 5, Avg: 8.8, Max: 15, Diff: 10, Sum: 35]
      [Scan RS (ms): Min: 4.9, Avg: 5.2, Max: 5.4, Diff: 0.5, Sum: 20.7]
      [Code Root Scanning (ms): Min: 0.0, Avg: 0.0, Max: 0.0, Diff: 0.0, Sum: 0.0]
      [Object Copy (ms): Min: 5.1, Avg: 5.1, Max: 5.2, Diff: 0.1, Sum: 20.5]
      [Termination (ms): Min: 0.0, Avg: 0.0, Max: 0.0, Diff: 0.0, Sum: 0.0]
         [Termination Attempts: Min: 1, Avg: 1.8, Max: 3, Diff: 2, Sum: 7]
      [GC Worker Other (ms): Min: 0.0, Avg: 0.0, Max: 0.1, Diff: 0.0, Sum: 0.2]
      [GC Worker Total (ms): Min: 12.9, Avg: 13.5, Max: 14.1, Diff: 1.1, Sum: 54.0]
      [GC Worker End (ms): Min: 40536107.0, Avg: 40536107.0, Max: 40536107.0, Diff: 0.0]
   [Code Root Fixup: 0.0 ms]
   [Code Root Purge: 0.0 ms]
   [Clear CT: 0.1 ms]
   [Other: 0.7 ms]
      [Choose CSet: 0.0 ms]
      [Ref Proc: 0.1 ms]
      [Ref Enq: 0.0 ms]
      [Redirty Cards: 0.1 ms]
      [Humongous Register: 0.1 ms]
      [Humongous Reclaim: 0.0 ms]
      [Free CSet: 0.1 ms]
   [Eden: 48.0M(48.0M)->0.0B(46.0M) Survivors: 3072.0K->5120.0K Heap: 309.3M(1024.0M)->262.8M(1024.0M)]
 [Times: user=0.05 sys=0.00, real=0.01 secs] 
2019-11-03T21:15:10.875+0800: 40545.915: [GC pause (G1 Evacuation Pause) (young), 0.0154338 secs]
   [Parallel Time: 14.7 ms, GC Workers: 4]
      [GC Worker Start (ms): Min: 40545914.9, Avg: 40545914.9, Max: 40545915.0, Diff: 0.0]
      [Ext Root Scanning (ms): Min: 0.8, Avg: 0.8, Max: 0.8, Diff: 0.1, Sum: 3.2]
      [Update RS (ms): Min: 2.4, Avg: 2.8, Max: 3.3, Diff: 0.9, Sum: 11.3]
         [Processed Buffers: Min: 1, Avg: 9.0, Max: 17, Diff: 16, Sum: 36]
      [Scan RS (ms): Min: 4.4, Avg: 4.8, Max: 5.3, Diff: 0.9, Sum: 19.3]
      [Code Root Scanning (ms): Min: 0.0, Avg: 0.0, Max: 0.0, Diff: 0.0, Sum: 0.0]
      [Object Copy (ms): Min: 6.0, Avg: 6.1, Max: 6.2, Diff: 0.1, Sum: 24.4]
      [Termination (ms): Min: 0.0, Avg: 0.0, Max: 0.0, Diff: 0.0, Sum: 0.0]
         [Termination Attempts: Min: 1, Avg: 2.8, Max: 5, Diff: 4, Sum: 11]
      [GC Worker Other (ms): Min: 0.0, Avg: 0.1, Max: 0.1, Diff: 0.0, Sum: 0.2]
      [GC Worker Total (ms): Min: 14.6, Avg: 14.6, Max: 14.6, Diff: 0.0, Sum: 58.5]
      [GC Worker End (ms): Min: 40545929.5, Avg: 40545929.6, Max: 40545929.6, Diff: 0.0]
   [Code Root Fixup: 0.0 ms]
   [Code Root Purge: 0.0 ms]
   [Clear CT: 0.1 ms]
   [Other: 0.6 ms]
      [Choose CSet: 0.0 ms]
      [Ref Proc: 0.2 ms]
      [Ref Enq: 0.0 ms]
      [Redirty Cards: 0.1 ms]
      [Humongous Register: 0.0 ms]
      [Humongous Reclaim: 0.0 ms]
      [Free CSet: 0.1 ms]
   [Eden: 46.0M(46.0M)->0.0B(127.0M) Survivors: 5120.0K->5120.0K Heap: 308.8M(1024.0M)->262.7M(1024.0M)]
 [Times: user=0.06 sys=0.00, real=0.02 secs] 
2019-11-03T21:15:20.627+0800: 40555.666: [GC pause (G1 Evacuation Pause) (young), 0.0169064 secs]
   [Parallel Time: 16.3 ms, GC Workers: 4]
      [GC Worker Start (ms): Min: 40555666.6, Avg: 40555666.6, Max: 40555666.7, Diff: 0.1]
      [Ext Root Scanning (ms): Min: 0.8, Avg: 0.8, Max: 0.9, Diff: 0.1, Sum: 3.3]
      [Update RS (ms): Min: 3.2, Avg: 3.3, Max: 3.3, Diff: 0.2, Sum: 13.1]
         [Processed Buffers: Min: 0, Avg: 7.2, Max: 12, Diff: 12, Sum: 29]
      [Scan RS (ms): Min: 4.2, Avg: 4.3, Max: 4.4, Diff: 0.2, Sum: 17.1]
      [Code Root Scanning (ms): Min: 0.0, Avg: 0.0, Max: 0.0, Diff: 0.0, Sum: 0.0]
      [Object Copy (ms): Min: 7.7, Avg: 7.7, Max: 7.8, Diff: 0.1, Sum: 30.9]
      [Termination (ms): Min: 0.0, Avg: 0.0, Max: 0.0, Diff: 0.0, Sum: 0.0]
         [Termination Attempts: Min: 1, Avg: 2.0, Max: 3, Diff: 2, Sum: 8]
      [GC Worker Other (ms): Min: 0.0, Avg: 0.1, Max: 0.1, Diff: 0.0, Sum: 0.3]
      [GC Worker Total (ms): Min: 16.1, Avg: 16.2, Max: 16.2, Diff: 0.1, Sum: 64.6]
      [GC Worker End (ms): Min: 40555682.8, Avg: 40555682.8, Max: 40555682.8, Diff: 0.0]
   [Code Root Fixup: 0.0 ms]
   [Code Root Purge: 0.0 ms]
   [Clear CT: 0.0 ms]
   [Other: 0.6 ms]
      [Choose CSet: 0.0 ms]
      [Ref Proc: 0.1 ms]
      [Ref Enq: 0.0 ms]
      [Redirty Cards: 0.1 ms]
      [Humongous Register: 0.0 ms]
      [Humongous Reclaim: 0.0 ms]
      [Free CSet: 0.1 ms]
   [Eden: 46.0M(46.0M)->0.0B(117.0M) Survivors: 5120.0K->5120.0K Heap: 308.7M(1024.0M)->262.8M(1024.0M)]
 [Times: user=0.06 sys=0.00, real=0.02 secs] 
2019-11-03T21:15:41.263+0800: 40576.302: [GC pause (G1 Evacuation Pause) (young), 0.0205478 secs]
   [Parallel Time: 19.8 ms, GC Workers: 4]
      [GC Worker Start (ms): Min: 40576301.9, Avg: 40576301.9, Max: 40576302.0, Diff: 0.1]
      [Ext Root Scanning (ms): Min: 0.9, Avg: 0.9, Max: 1.0, Diff: 0.1, Sum: 3.6]
      [Update RS (ms): Min: 1.2, Avg: 2.5, Max: 3.1, Diff: 1.9, Sum: 10.0]
         [Processed Buffers: Min: 4, Avg: 9.8, Max: 13, Diff: 9, Sum: 39]
      [Scan RS (ms): Min: 5.1, Avg: 5.9, Max: 7.0, Diff: 1.9, Sum: 23.6]
      [Code Root Scanning (ms): Min: 0.0, Avg: 0.0, Max: 0.0, Diff: 0.0, Sum: 0.0]
      [Object Copy (ms): Min: 8.6, Avg: 10.3, Max: 11.5, Diff: 2.8, Sum: 41.3]
      [Termination (ms): Min: 0.0, Avg: 0.0, Max: 0.0, Diff: 0.0, Sum: 0.0]
         [Termination Attempts: Min: 1, Avg: 3.8, Max: 8, Diff: 7, Sum: 15]
      [GC Worker Other (ms): Min: 0.0, Avg: 0.1, Max: 0.1, Diff: 0.0, Sum: 0.2]
      [GC Worker Total (ms): Min: 19.6, Avg: 19.7, Max: 19.7, Diff: 0.1, Sum: 78.7]
      [GC Worker End (ms): Min: 40576321.6, Avg: 40576321.6, Max: 40576321.7, Diff: 0.0]
   [Code Root Fixup: 0.0 ms]
   [Code Root Purge: 0.0 ms]
   [Clear CT: 0.1 ms]
   [Other: 0.6 ms]
      [Choose CSet: 0.0 ms]
      [Ref Proc: 0.1 ms]
      [Ref Enq: 0.0 ms]
      [Redirty Cards: 0.1 ms]
      [Humongous Register: 0.0 ms]
      [Humongous Reclaim: 0.0 ms]
      [Free CSet: 0.1 ms]
   [Eden: 96.0M(46.0M)->0.0B(95.0M) Survivors: 5120.0K->5120.0K Heap: 358.8M(1024.0M)->263.3M(1024.0M)]
 [Times: user=0.07 sys=0.00, real=0.02 secs] 
2019-11-03T21:16:01.579+0800: 40596.617: [GC pause (G1 Evacuation Pause) (young), 0.0308635 secs]
   [Parallel Time: 30.0 ms, GC Workers: 4]
      [GC Worker Start (ms): Min: 40596617.3, Avg: 40596620.2, Max: 40596627.3, Diff: 10.0]
      [Ext Root Scanning (ms): Min: 0.0, Avg: 0.5, Max: 1.0, Diff: 0.9, Sum: 1.9]
      [Update RS (ms): Min: 0.0, Avg: 1.2, Max: 1.8, Diff: 1.8, Sum: 4.8]
         [Processed Buffers: Min: 0, Avg: 9.2, Max: 19, Diff: 19, Sum: 37]
      [Scan RS (ms): Min: 0.0, Avg: 3.2, Max: 4.4, Diff: 4.3, Sum: 12.8]
      [Code Root Scanning (ms): Min: 0.0, Avg: 0.0, Max: 0.0, Diff: 0.0, Sum: 0.0]
      [Object Copy (ms): Min: 19.8, Avg: 21.7, Max: 22.7, Diff: 3.0, Sum: 86.9]
      [Termination (ms): Min: 0.0, Avg: 0.4, Max: 1.2, Diff: 1.2, Sum: 1.5]
         [Termination Attempts: Min: 1, Avg: 1.2, Max: 2, Diff: 1, Sum: 5]
      [GC Worker Other (ms): Min: 0.0, Avg: 0.0, Max: 0.0, Diff: 0.0, Sum: 0.1]
      [GC Worker Total (ms): Min: 19.9, Avg: 27.0, Max: 29.9, Diff: 10.1, Sum: 107.9]
      [GC Worker End (ms): Min: 40596647.2, Avg: 40596647.2, Max: 40596647.2, Diff: 0.0]
   [Code Root Fixup: 0.0 ms]
   [Code Root Purge: 0.0 ms]
   [Clear CT: 0.1 ms]
   [Other: 0.8 ms]
      [Choose CSet: 0.0 ms]
      [Ref Proc: 0.2 ms]
      [Ref Enq: 0.0 ms]
      [Redirty Cards: 0.1 ms]
      [Humongous Register: 0.1 ms]
      [Humongous Reclaim: 0.0 ms]
      [Free CSet: 0.1 ms]
   [Eden: 95.0M(95.0M)->0.0B(45.0M) Survivors: 5120.0K->6144.0K Heap: 358.3M(1024.0M)->263.8M(1024.0M)]
 [Times: user=0.05 sys=0.01, real=0.04 secs] 
2019-11-03T21:16:11.290+0800: 40606.327: [GC pause (G1 Evacuation Pause) (young), 0.0229791 secs]
   [Parallel Time: 22.4 ms, GC Workers: 4]
      [GC Worker Start (ms): Min: 40606327.4, Avg: 40606327.5, Max: 40606327.5, Diff: 0.1]
      [Ext Root Scanning (ms): Min: 0.7, Avg: 0.8, Max: 0.8, Diff: 0.1, Sum: 3.0]
      [Update RS (ms): Min: 2.3, Avg: 3.2, Max: 5.2, Diff: 2.9, Sum: 12.8]
         [Processed Buffers: Min: 6, Avg: 7.8, Max: 9, Diff: 3, Sum: 31]
      [Scan RS (ms): Min: 2.0, Avg: 4.1, Max: 4.8, Diff: 2.9, Sum: 16.2]
      [Code Root Scanning (ms): Min: 0.0, Avg: 0.0, Max: 0.0, Diff: 0.0, Sum: 0.0]
      [Object Copy (ms): Min: 14.0, Avg: 14.1, Max: 14.3, Diff: 0.3, Sum: 56.5]
      [Termination (ms): Min: 0.0, Avg: 0.0, Max: 0.0, Diff: 0.0, Sum: 0.0]
         [Termination Attempts: Min: 1, Avg: 1.2, Max: 2, Diff: 1, Sum: 5]
      [GC Worker Other (ms): Min: 0.0, Avg: 0.0, Max: 0.1, Diff: 0.0, Sum: 0.2]
      [GC Worker Total (ms): Min: 22.2, Avg: 22.2, Max: 22.3, Diff: 0.1, Sum: 88.8]
      [GC Worker End (ms): Min: 40606349.7, Avg: 40606349.7, Max: 40606349.7, Diff: 0.0]
   [Code Root Fixup: 0.0 ms]
   [Code Root Purge: 0.0 ms]
   [Clear CT: 0.1 ms]
   [Other: 0.5 ms]
      [Choose CSet: 0.0 ms]
      [Ref Proc: 0.1 ms]
      [Ref Enq: 0.0 ms]
      [Redirty Cards: 0.0 ms]
      [Humongous Register: 0.0 ms]
      [Humongous Reclaim: 0.0 ms]
      [Free CSet: 0.1 ms]
   [Eden: 45.0M(45.0M)->0.0B(46.0M) Survivors: 6144.0K->5120.0K Heap: 308.8M(1024.0M)->264.7M(1024.0M)]
 [Times: user=0.07 sys=0.01, real=0.02 secs] 
2019-11-03T21:16:21.163+0800: 40616.201: [GC pause (G1 Evacuation Pause) (young), 0.0263690 secs]
   [Parallel Time: 25.4 ms, GC Workers: 4]
      [GC Worker Start (ms): Min: 40616200.7, Avg: 40616201.2, Max: 40616202.1, Diff: 1.3]
      [Ext Root Scanning (ms): Min: 0.0, Avg: 0.8, Max: 1.2, Diff: 1.2, Sum: 3.2]
      [Update RS (ms): Min: 0.0, Avg: 3.6, Max: 5.0, Diff: 5.0, Sum: 14.4]
         [Processed Buffers: Min: 0, Avg: 7.5, Max: 13, Diff: 13, Sum: 30]
      [Scan RS (ms): Min: 4.2, Avg: 7.4, Max: 11.3, Diff: 7.1, Sum: 29.8]
      [Code Root Scanning (ms): Min: 0.0, Avg: 0.0, Max: 0.0, Diff: 0.0, Sum: 0.0]
      [Object Copy (ms): Min: 7.7, Avg: 13.0, Max: 19.8, Diff: 12.1, Sum: 51.9]
      [Termination (ms): Min: 0.0, Avg: 0.1, Max: 0.1, Diff: 0.1, Sum: 0.4]
         [Termination Attempts: Min: 1, Avg: 1.2, Max: 2, Diff: 1, Sum: 5]
      [GC Worker Other (ms): Min: 0.0, Avg: 0.0, Max: 0.0, Diff: 0.0, Sum: 0.1]
      [GC Worker Total (ms): Min: 24.0, Avg: 24.9, Max: 25.3, Diff: 1.3, Sum: 99.7]
      [GC Worker End (ms): Min: 40616226.1, Avg: 40616226.1, Max: 40616226.1, Diff: 0.0]
   [Code Root Fixup: 0.0 ms]
   [Code Root Purge: 0.0 ms]
   [Clear CT: 0.1 ms]
   [Other: 0.9 ms]
      [Choose CSet: 0.0 ms]
      [Ref Proc: 0.3 ms]
      [Ref Enq: 0.0 ms]
      [Redirty Cards: 0.1 ms]
      [Humongous Register: 0.0 ms]
      [Humongous Reclaim: 0.0 ms]
      [Free CSet: 0.1 ms]
   [Eden: 46.0M(46.0M)->0.0B(46.0M) Survivors: 5120.0K->5120.0K Heap: 310.7M(1024.0M)->265.2M(1024.0M)]
 [Times: user=0.06 sys=0.01, real=0.03 secs] 
2019-11-03T21:16:31.082+0800: 40626.119: [GC pause (G1 Evacuation Pause) (young), 0.0196728 secs]
   [Parallel Time: 18.9 ms, GC Workers: 4]
      [GC Worker Start (ms): Min: 40626118.9, Avg: 40626118.9, Max: 40626119.2, Diff: 0.3]
      [Ext Root Scanning (ms): Min: 0.6, Avg: 0.9, Max: 1.0, Diff: 0.3, Sum: 3.5]
      [Update RS (ms): Min: 2.2, Avg: 2.3, Max: 2.4, Diff: 0.1, Sum: 9.2]
         [Processed Buffers: Min: 7, Avg: 8.8, Max: 12, Diff: 5, Sum: 35]
      [Scan RS (ms): Min: 6.1, Avg: 6.2, Max: 6.3, Diff: 0.2, Sum: 24.9]
      [Code Root Scanning (ms): Min: 0.0, Avg: 0.0, Max: 0.0, Diff: 0.0, Sum: 0.0]
      [Object Copy (ms): Min: 9.2, Avg: 9.2, Max: 9.3, Diff: 0.1, Sum: 37.0]
      [Termination (ms): Min: 0.0, Avg: 0.0, Max: 0.0, Diff: 0.0, Sum: 0.0]
         [Termination Attempts: Min: 1, Avg: 2.0, Max: 4, Diff: 3, Sum: 8]
      [GC Worker Other (ms): Min: 0.0, Avg: 0.1, Max: 0.1, Diff: 0.0, Sum: 0.3]
      [GC Worker Total (ms): Min: 18.5, Avg: 18.7, Max: 18.8, Diff: 0.3, Sum: 74.8]
      [GC Worker End (ms): Min: 40626137.6, Avg: 40626137.6, Max: 40626137.7, Diff: 0.0]
   [Code Root Fixup: 0.0 ms]
   [Code Root Purge: 0.0 ms]
   [Clear CT: 0.0 ms]
   [Other: 0.7 ms]
      [Choose CSet: 0.0 ms]
      [Ref Proc: 0.2 ms]
      [Ref Enq: 0.0 ms]
      [Redirty Cards: 0.2 ms]
      [Humongous Register: 0.0 ms]
      [Humongous Reclaim: 0.0 ms]
      [Free CSet: 0.1 ms]
   [Eden: 46.0M(46.0M)->0.0B(46.0M) Survivors: 5120.0K->5120.0K Heap: 311.2M(1024.0M)->265.2M(1024.0M)]
 [Times: user=0.06 sys=0.01, real=0.02 secs] 
2019-11-03T21:16:41.053+0800: 40636.089: [GC pause (G1 Evacuation Pause) (young), 0.0146447 secs]
   [Parallel Time: 13.8 ms, GC Workers: 4]
      [GC Worker Start (ms): Min: 40636089.6, Avg: 40636089.7, Max: 40636089.7, Diff: 0.1]
      [Ext Root Scanning (ms): Min: 0.7, Avg: 0.7, Max: 0.8, Diff: 0.1, Sum: 2.9]
      [Update RS (ms): Min: 1.4, Avg: 1.8, Max: 2.1, Diff: 0.7, Sum: 7.1]
         [Processed Buffers: Min: 3, Avg: 8.2, Max: 14, Diff: 11, Sum: 33]
      [Scan RS (ms): Min: 3.6, Avg: 3.8, Max: 4.2, Diff: 0.6, Sum: 15.4]
      [Code Root Scanning (ms): Min: 0.0, Avg: 0.0, Max: 0.0, Diff: 0.0, Sum: 0.0]
      [Object Copy (ms): Min: 7.2, Avg: 7.2, Max: 7.3, Diff: 0.1, Sum: 29.0]
      [Termination (ms): Min: 0.0, Avg: 0.0, Max: 0.0, Diff: 0.0, Sum: 0.0]
         [Termination Attempts: Min: 1, Avg: 1.0, Max: 1, Diff: 0, Sum: 4]
      [GC Worker Other (ms): Min: 0.0, Avg: 0.1, Max: 0.1, Diff: 0.1, Sum: 0.3]
      [GC Worker Total (ms): Min: 13.6, Avg: 13.7, Max: 13.8, Diff: 0.2, Sum: 54.7]
      [GC Worker End (ms): Min: 40636103.3, Avg: 40636103.4, Max: 40636103.4, Diff: 0.1]
   [Code Root Fixup: 0.0 ms]
   [Code Root Purge: 0.0 ms]
   [Clear CT: 0.1 ms]
   [Other: 0.7 ms]
      [Choose CSet: 0.0 ms]
      [Ref Proc: 0.2 ms]
      [Ref Enq: 0.0 ms]
      [Redirty Cards: 0.1 ms]
      [Humongous Register: 0.0 ms]
      [Humongous Reclaim: 0.0 ms]
      [Free CSet: 0.1 ms]
   [Eden: 46.0M(46.0M)->0.0B(46.0M) Survivors: 5120.0K->5120.0K Heap: 311.2M(1024.0M)->265.2M(1024.0M)]
 [Times: user=0.06 sys=0.00, real=0.01 secs] 
2019-11-03T21:16:51.024+0800: 40646.059: [GC pause (G1 Evacuation Pause) (young), 0.0182675 secs]
   [Parallel Time: 17.6 ms, GC Workers: 4]
      [GC Worker Start (ms): Min: 40646059.6, Avg: 40646060.0, Max: 40646060.9, Diff: 1.3]
      [Ext Root Scanning (ms): Min: 0.0, Avg: 0.9, Max: 1.2, Diff: 1.2, Sum: 3.4]
      [Update RS (ms): Min: 2.7, Avg: 2.9, Max: 3.0, Diff: 0.3, Sum: 11.4]
         [Processed Buffers: Min: 6, Avg: 7.8, Max: 10, Diff: 4, Sum: 31]
      [Scan RS (ms): Min: 4.0, Avg: 4.1, Max: 4.2, Diff: 0.2, Sum: 16.5]
      [Code Root Scanning (ms): Min: 0.0, Avg: 0.0, Max: 0.0, Diff: 0.0, Sum: 0.0]
      [Object Copy (ms): Min: 9.3, Avg: 9.3, Max: 9.4, Diff: 0.2, Sum: 37.4]
      [Termination (ms): Min: 0.0, Avg: 0.0, Max: 0.0, Diff: 0.0, Sum: 0.0]
         [Termination Attempts: Min: 1, Avg: 1.0, Max: 1, Diff: 0, Sum: 4]
      [GC Worker Other (ms): Min: 0.0, Avg: 0.0, Max: 0.0, Diff: 0.0, Sum: 0.1]
      [GC Worker Total (ms): Min: 16.3, Avg: 17.2, Max: 17.6, Diff: 1.3, Sum: 68.8]
      [GC Worker End (ms): Min: 40646077.2, Avg: 40646077.2, Max: 40646077.2, Diff: 0.0]
   [Code Root Fixup: 0.0 ms]
   [Code Root Purge: 0.0 ms]
   [Clear CT: 0.1 ms]
   [Other: 0.5 ms]
      [Choose CSet: 0.0 ms]
      [Ref Proc: 0.1 ms]
      [Ref Enq: 0.0 ms]
      [Redirty Cards: 0.1 ms]
      [Humongous Register: 0.0 ms]
      [Humongous Reclaim: 0.0 ms]
      [Free CSet: 0.1 ms]
   [Eden: 46.0M(46.0M)->0.0B(44.0M) Survivors: 5120.0K->7168.0K Heap: 311.2M(1024.0M)->267.2M(1024.0M)]
 [Times: user=0.07 sys=0.00, real=0.02 secs] 
2019-11-03T21:17:00.413+0800: 40655.449: [GC pause (G1 Evacuation Pause) (young), 0.0182610 secs]
   [Parallel Time: 17.6 ms, GC Workers: 4]
      [GC Worker Start (ms): Min: 40655449.0, Avg: 40655449.1, Max: 40655449.1, Diff: 0.0]
      [Ext Root Scanning (ms): Min: 0.5, Avg: 0.5, Max: 0.6, Diff: 0.1, Sum: 2.1]
      [Update RS (ms): Min: 1.4, Avg: 1.5, Max: 1.8, Diff: 0.4, Sum: 6.0]
         [Processed Buffers: Min: 4, Avg: 8.0, Max: 18, Diff: 14, Sum: 32]
      [Scan RS (ms): Min: 3.2, Avg: 3.6, Max: 3.8, Diff: 0.5, Sum: 14.3]
      [Code Root Scanning (ms): Min: 0.0, Avg: 0.0, Max: 0.0, Diff: 0.0, Sum: 0.0]
      [Object Copy (ms): Min: 11.8, Avg: 11.9, Max: 12.0, Diff: 0.2, Sum: 47.7]
      [Termination (ms): Min: 0.0, Avg: 0.0, Max: 0.0, Diff: 0.0, Sum: 0.0]
         [Termination Attempts: Min: 1, Avg: 1.0, Max: 1, Diff: 0, Sum: 4]
      [GC Worker Other (ms): Min: 0.0, Avg: 0.0, Max: 0.1, Diff: 0.0, Sum: 0.2]
      [GC Worker Total (ms): Min: 17.5, Avg: 17.6, Max: 17.6, Diff: 0.0, Sum: 70.2]
      [GC Worker End (ms): Min: 40655466.6, Avg: 40655466.6, Max: 40655466.6, Diff: 0.0]
   [Code Root Fixup: 0.0 ms]
   [Code Root Purge: 0.0 ms]
   [Clear CT: 0.1 ms]
   [Other: 0.5 ms]
      [Choose CSet: 0.0 ms]
      [Ref Proc: 0.1 ms]
      [Ref Enq: 0.0 ms]
      [Redirty Cards: 0.1 ms]
      [Humongous Register: 0.0 ms]
      [Humongous Reclaim: 0.0 ms]
      [Free CSet: 0.1 ms]
   [Eden: 44.0M(44.0M)->0.0B(89.0M) Survivors: 7168.0K->5120.0K Heap: 311.2M(1024.0M)->266.7M(1024.0M)]
 [Times: user=0.06 sys=0.01, real=0.02 secs] 
2019-11-03T21:17:10.188+0800: 40665.223: [GC pause (G1 Evacuation Pause) (young), 0.0125440 secs]
   [Parallel Time: 11.8 ms, GC Workers: 4]
      [GC Worker Start (ms): Min: 40665223.6, Avg: 40665223.6, Max: 40665223.6, Diff: 0.0]
      [Ext Root Scanning (ms): Min: 0.4, Avg: 0.4, Max: 0.5, Diff: 0.1, Sum: 1.8]
      [Update RS (ms): Min: 1.3, Avg: 1.5, Max: 1.6, Diff: 0.3, Sum: 5.9]
         [Processed Buffers: Min: 1, Avg: 8.8, Max: 20, Diff: 19, Sum: 35]
      [Scan RS (ms): Min: 3.4, Avg: 3.6, Max: 3.7, Diff: 0.3, Sum: 14.2]
      [Code Root Scanning (ms): Min: 0.0, Avg: 0.0, Max: 0.0, Diff: 0.0, Sum: 0.0]
      [Object Copy (ms): Min: 6.2, Avg: 6.2, Max: 6.3, Diff: 0.1, Sum: 25.0]
      [Termination (ms): Min: 0.0, Avg: 0.0, Max: 0.0, Diff: 0.0, Sum: 0.0]
         [Termination Attempts: Min: 1, Avg: 1.2, Max: 2, Diff: 1, Sum: 5]
      [GC Worker Other (ms): Min: 0.0, Avg: 0.0, Max: 0.0, Diff: 0.0, Sum: 0.1]
      [GC Worker Total (ms): Min: 11.7, Avg: 11.8, Max: 11.8, Diff: 0.0, Sum: 47.0]
      [GC Worker End (ms): Min: 40665235.3, Avg: 40665235.3, Max: 40665235.3, Diff: 0.0]
   [Code Root Fixup: 0.0 ms]
   [Code Root Purge: 0.0 ms]
   [Clear CT: 0.1 ms]
   [Other: 0.6 ms]
      [Choose CSet: 0.0 ms]
      [Ref Proc: 0.2 ms]
      [Ref Enq: 0.0 ms]
      [Redirty Cards: 0.1 ms]
      [Humongous Register: 0.0 ms]
      [Humongous Reclaim: 0.0 ms]
      [Free CSet: 0.1 ms]
   [Eden: 46.0M(46.0M)->0.0B(221.0M) Survivors: 5120.0K->5120.0K Heap: 312.7M(1024.0M)->266.7M(1024.0M)]
 [Times: user=0.05 sys=0.00, real=0.02 secs] 
2019-11-03T21:17:27.433+0800: 40682.467: [GC pause (G1 Evacuation Pause) (young), 0.0203450 secs]
   [Parallel Time: 19.4 ms, GC Workers: 4]
      [GC Worker Start (ms): Min: 40682467.3, Avg: 40682467.3, Max: 40682467.3, Diff: 0.1]
      [Ext Root Scanning (ms): Min: 0.8, Avg: 0.8, Max: 0.9, Diff: 0.1, Sum: 3.3]
      [Update RS (ms): Min: 2.8, Avg: 3.3, Max: 4.2, Diff: 1.4, Sum: 13.3]
         [Processed Buffers: Min: 7, Avg: 9.0, Max: 12, Diff: 5, Sum: 36]
      [Scan RS (ms): Min: 4.8, Avg: 5.6, Max: 6.1, Diff: 1.2, Sum: 22.4]
      [Code Root Scanning (ms): Min: 0.0, Avg: 0.0, Max: 0.0, Diff: 0.0, Sum: 0.0]
      [Object Copy (ms): Min: 9.3, Avg: 9.4, Max: 9.6, Diff: 0.3, Sum: 37.8]
      [Termination (ms): Min: 0.0, Avg: 0.1, Max: 0.1, Diff: 0.1, Sum: 0.4]
         [Termination Attempts: Min: 1, Avg: 1.0, Max: 1, Diff: 0, Sum: 4]
      [GC Worker Other (ms): Min: 0.0, Avg: 0.0, Max: 0.0, Diff: 0.0, Sum: 0.1]
      [GC Worker Total (ms): Min: 19.3, Avg: 19.3, Max: 19.3, Diff: 0.0, Sum: 77.3]
      [GC Worker End (ms): Min: 40682486.6, Avg: 40682486.6, Max: 40682486.6, Diff: 0.0]
   [Code Root Fixup: 0.0 ms]
   [Code Root Purge: 0.0 ms]
   [Clear CT: 0.1 ms]
   [Other: 0.8 ms]
      [Choose CSet: 0.0 ms]
      [Ref Proc: 0.3 ms]
      [Ref Enq: 0.0 ms]
      [Redirty Cards: 0.1 ms]
      [Humongous Register: 0.0 ms]
      [Humongous Reclaim: 0.0 ms]
      [Free CSet: 0.1 ms]
   [Eden: 80.0M(46.0M)->0.0B(185.0M) Survivors: 5120.0K->6144.0K Heap: 346.7M(1024.0M)->267.6M(1024.0M)]
 [Times: user=0.07 sys=0.00, real=0.02 secs] 
2019-11-03T21:17:59.109+0800: 40714.142: [GC pause (G1 Evacuation Pause) (young), 0.0211563 secs]
   [Parallel Time: 20.4 ms, GC Workers: 4]
      [GC Worker Start (ms): Min: 40714142.4, Avg: 40714142.4, Max: 40714142.5, Diff: 0.1]
      [Ext Root Scanning (ms): Min: 0.7, Avg: 0.8, Max: 0.8, Diff: 0.1, Sum: 3.1]
      [Update RS (ms): Min: 2.8, Avg: 3.0, Max: 3.3, Diff: 0.5, Sum: 11.9]
         [Processed Buffers: Min: 2, Avg: 9.0, Max: 20, Diff: 18, Sum: 36]
      [Scan RS (ms): Min: 5.0, Avg: 5.3, Max: 5.5, Diff: 0.5, Sum: 21.3]
      [Code Root Scanning (ms): Min: 0.0, Avg: 0.0, Max: 0.0, Diff: 0.0, Sum: 0.0]
      [Object Copy (ms): Min: 11.1, Avg: 11.2, Max: 11.2, Diff: 0.1, Sum: 44.6]
      [Termination (ms): Min: 0.0, Avg: 0.0, Max: 0.0, Diff: 0.0, Sum: 0.0]
         [Termination Attempts: Min: 1, Avg: 2.2, Max: 4, Diff: 3, Sum: 9]
      [GC Worker Other (ms): Min: 0.1, Avg: 0.1, Max: 0.1, Diff: 0.0, Sum: 0.2]
      [GC Worker Total (ms): Min: 20.3, Avg: 20.3, Max: 20.3, Diff: 0.1, Sum: 81.2]
      [GC Worker End (ms): Min: 40714162.7, Avg: 40714162.7, Max: 40714162.7, Diff: 0.0]
   [Code Root Fixup: 0.0 ms]
   [Code Root Purge: 0.0 ms]
   [Clear CT: 0.1 ms]
   [Other: 0.7 ms]
      [Choose CSet: 0.0 ms]
      [Ref Proc: 0.2 ms]
      [Ref Enq: 0.0 ms]
      [Redirty Cards: 0.1 ms]
      [Humongous Register: 0.0 ms]
      [Humongous Reclaim: 0.0 ms]
      [Free CSet: 0.1 ms]
   [Eden: 147.0M(45.0M)->0.0B(148.0M) Survivors: 6144.0K->6144.0K Heap: 414.6M(1024.0M)->268.3M(1024.0M)]
 [Times: user=0.07 sys=0.01, real=0.03 secs] 
2019-11-03T21:18:08.779+0800: 40723.812: [GC pause (G1 Evacuation Pause) (young), 0.0197629 secs]
   [Parallel Time: 18.9 ms, GC Workers: 4]
      [GC Worker Start (ms): Min: 40723812.3, Avg: 40723812.7, Max: 40723813.5, Diff: 1.2]
      [Ext Root Scanning (ms): Min: 0.0, Avg: 0.8, Max: 1.1, Diff: 1.1, Sum: 3.2]
      [Update RS (ms): Min: 0.7, Avg: 1.9, Max: 2.3, Diff: 1.6, Sum: 7.5]
         [Processed Buffers: Min: 6, Avg: 8.2, Max: 10, Diff: 4, Sum: 33]
      [Scan RS (ms): Min: 5.0, Avg: 5.4, Max: 5.6, Diff: 0.7, Sum: 21.6]
      [Code Root Scanning (ms): Min: 0.0, Avg: 0.0, Max: 0.0, Diff: 0.0, Sum: 0.0]
      [Object Copy (ms): Min: 9.8, Avg: 10.5, Max: 12.1, Diff: 2.3, Sum: 41.9]
      [Termination (ms): Min: 0.0, Avg: 0.0, Max: 0.0, Diff: 0.0, Sum: 0.0]
         [Termination Attempts: Min: 1, Avg: 1.0, Max: 1, Diff: 0, Sum: 4]
      [GC Worker Other (ms): Min: 0.0, Avg: 0.0, Max: 0.0, Diff: 0.0, Sum: 0.1]
      [GC Worker Total (ms): Min: 17.7, Avg: 18.6, Max: 18.9, Diff: 1.2, Sum: 74.3]
      [GC Worker End (ms): Min: 40723831.2, Avg: 40723831.2, Max: 40723831.2, Diff: 0.0]
   [Code Root Fixup: 0.0 ms]
   [Code Root Purge: 0.0 ms]
   [Clear CT: 0.1 ms]
   [Other: 0.8 ms]
      [Choose CSet: 0.0 ms]
      [Ref Proc: 0.2 ms]
      [Ref Enq: 0.0 ms]
      [Redirty Cards: 0.1 ms]
      [Humongous Register: 0.1 ms]
      [Humongous Reclaim: 0.0 ms]
      [Free CSet: 0.1 ms]
   [Eden: 45.0M(45.0M)->0.0B(77.0M) Survivors: 6144.0K->5120.0K Heap: 313.3M(1024.0M)->268.1M(1024.0M)]
 [Times: user=0.07 sys=0.00, real=0.02 secs] 
2019-11-03T21:18:23.596+0800: 40738.629: [GC pause (G1 Evacuation Pause) (young), 0.0213314 secs]
   [Parallel Time: 20.6 ms, GC Workers: 4]
      [GC Worker Start (ms): Min: 40738628.8, Avg: 40738629.3, Max: 40738631.0, Diff: 2.2]
      [Ext Root Scanning (ms): Min: 0.0, Avg: 0.9, Max: 1.3, Diff: 1.2, Sum: 3.6]
      [Update RS (ms): Min: 2.3, Avg: 2.8, Max: 3.2, Diff: 0.8, Sum: 11.1]
         [Processed Buffers: Min: 1, Avg: 8.5, Max: 18, Diff: 17, Sum: 34]
      [Scan RS (ms): Min: 5.6, Avg: 5.9, Max: 6.2, Diff: 0.6, Sum: 23.5]
      [Code Root Scanning (ms): Min: 0.0, Avg: 0.0, Max: 0.0, Diff: 0.0, Sum: 0.0]
      [Object Copy (ms): Min: 10.3, Avg: 10.3, Max: 10.4, Diff: 0.2, Sum: 41.3]
      [Termination (ms): Min: 0.0, Avg: 0.0, Max: 0.0, Diff: 0.0, Sum: 0.0]
         [Termination Attempts: Min: 1, Avg: 1.0, Max: 1, Diff: 0, Sum: 4]
      [GC Worker Other (ms): Min: 0.0, Avg: 0.0, Max: 0.1, Diff: 0.0, Sum: 0.2]
      [GC Worker Total (ms): Min: 18.3, Avg: 19.9, Max: 20.5, Diff: 2.2, Sum: 79.7]
      [GC Worker End (ms): Min: 40738649.3, Avg: 40738649.3, Max: 40738649.3, Diff: 0.0]
   [Code Root Fixup: 0.0 ms]
   [Code Root Purge: 0.0 ms]
   [Clear CT: 0.1 ms]
   [Other: 0.7 ms]
      [Choose CSet: 0.0 ms]
      [Ref Proc: 0.2 ms]
      [Ref Enq: 0.0 ms]
      [Redirty Cards: 0.1 ms]
      [Humongous Register: 0.0 ms]
      [Humongous Reclaim: 0.0 ms]
      [Free CSet: 0.1 ms]
   [Eden: 69.0M(46.0M)->0.0B(62.0M) Survivors: 5120.0K->6144.0K Heap: 337.1M(1024.0M)->269.6M(1024.0M)]
 [Times: user=0.07 sys=0.01, real=0.02 secs] 
2019-11-03T21:18:33.209+0800: 40748.241: [GC pause (G1 Evacuation Pause) (young), 0.0182540 secs]
   [Parallel Time: 17.4 ms, GC Workers: 4]
      [GC Worker Start (ms): Min: 40748241.4, Avg: 40748241.4, Max: 40748241.4, Diff: 0.0]
      [Ext Root Scanning (ms): Min: 0.8, Avg: 0.8, Max: 0.8, Diff: 0.0, Sum: 3.3]
      [Update RS (ms): Min: 1.5, Avg: 1.7, Max: 2.0, Diff: 0.5, Sum: 7.0]
         [Processed Buffers: Min: 5, Avg: 8.5, Max: 13, Diff: 8, Sum: 34]
      [Scan RS (ms): Min: 4.9, Avg: 5.1, Max: 5.3, Diff: 0.4, Sum: 20.4]
      [Code Root Scanning (ms): Min: 0.0, Avg: 0.0, Max: 0.0, Diff: 0.0, Sum: 0.0]
      [Object Copy (ms): Min: 9.5, Avg: 9.6, Max: 9.7, Diff: 0.2, Sum: 38.3]
      [Termination (ms): Min: 0.0, Avg: 0.0, Max: 0.0, Diff: 0.0, Sum: 0.0]
         [Termination Attempts: Min: 1, Avg: 2.2, Max: 5, Diff: 4, Sum: 9]
      [GC Worker Other (ms): Min: 0.0, Avg: 0.0, Max: 0.1, Diff: 0.0, Sum: 0.2]
      [GC Worker Total (ms): Min: 17.3, Avg: 17.3, Max: 17.3, Diff: 0.0, Sum: 69.2]
      [GC Worker End (ms): Min: 40748258.7, Avg: 40748258.7, Max: 40748258.7, Diff: 0.0]
   [Code Root Fixup: 0.0 ms]
   [Code Root Purge: 0.0 ms]
   [Clear CT: 0.1 ms]
   [Other: 0.7 ms]
      [Choose CSet: 0.0 ms]
      [Ref Proc: 0.3 ms]
      [Ref Enq: 0.0 ms]
      [Redirty Cards: 0.1 ms]
      [Humongous Register: 0.0 ms]
      [Humongous Reclaim: 0.0 ms]
      [Free CSet: 0.1 ms]
   [Eden: 45.0M(45.0M)->0.0B(103.0M) Survivors: 6144.0K->5120.0K Heap: 314.6M(1024.0M)->269.1M(1024.0M)]
 [Times: user=0.06 sys=0.00, real=0.02 secs] 
2019-11-03T21:18:48.804+0800: 40763.835: [GC pause (G1 Evacuation Pause) (young), 0.0195307 secs]
   [Parallel Time: 18.6 ms, GC Workers: 4]
      [GC Worker Start (ms): Min: 40763835.5, Avg: 40763835.8, Max: 40763836.6, Diff: 1.0]
      [Ext Root Scanning (ms): Min: 0.1, Avg: 0.8, Max: 1.1, Diff: 1.0, Sum: 3.1]
      [Update RS (ms): Min: 2.3, Avg: 2.6, Max: 2.8, Diff: 0.6, Sum: 10.5]
         [Processed Buffers: Min: 1, Avg: 10.0, Max: 16, Diff: 15, Sum: 40]
      [Scan RS (ms): Min: 6.2, Avg: 6.5, Max: 7.0, Diff: 0.8, Sum: 25.9]
      [Code Root Scanning (ms): Min: 0.0, Avg: 0.0, Max: 0.0, Diff: 0.0, Sum: 0.0]
      [Object Copy (ms): Min: 8.2, Avg: 8.3, Max: 8.5, Diff: 0.3, Sum: 33.2]
      [Termination (ms): Min: 0.0, Avg: 0.0, Max: 0.0, Diff: 0.0, Sum: 0.0]
         [Termination Attempts: Min: 1, Avg: 1.0, Max: 1, Diff: 0, Sum: 4]
      [GC Worker Other (ms): Min: 0.0, Avg: 0.0, Max: 0.1, Diff: 0.0, Sum: 0.1]
      [GC Worker Total (ms): Min: 17.5, Avg: 18.2, Max: 18.5, Diff: 1.0, Sum: 73.0]
      [GC Worker End (ms): Min: 40763854.0, Avg: 40763854.1, Max: 40763854.1, Diff: 0.0]
   [Code Root Fixup: 0.0 ms]
   [Code Root Purge: 0.0 ms]
   [Clear CT: 0.1 ms]
   [Other: 0.8 ms]
      [Choose CSet: 0.0 ms]
      [Ref Proc: 0.3 ms]
      [Ref Enq: 0.0 ms]
      [Redirty Cards: 0.1 ms]
      [Humongous Register: 0.0 ms]
      [Humongous Reclaim: 0.0 ms]
      [Free CSet: 0.1 ms]
   [Eden: 72.0M(46.0M)->0.0B(89.0M) Survivors: 5120.0K->5120.0K Heap: 341.1M(1024.0M)->269.1M(1024.0M)]
 [Times: user=0.07 sys=0.00, real=0.02 secs] 
2019-11-03T21:18:58.632+0800: 40773.662: [GC pause (G1 Evacuation Pause) (young), 0.0198684 secs]
   [Parallel Time: 19.0 ms, GC Workers: 4]
      [GC Worker Start (ms): Min: 40773662.6, Avg: 40773663.3, Max: 40773664.3, Diff: 1.7]
      [Ext Root Scanning (ms): Min: 0.0, Avg: 0.9, Max: 1.6, Diff: 1.6, Sum: 3.6]
      [Update RS (ms): Min: 1.1, Avg: 2.8, Max: 4.0, Diff: 2.9, Sum: 11.1]
         [Processed Buffers: Min: 4, Avg: 8.2, Max: 12, Diff: 8, Sum: 33]
      [Scan RS (ms): Min: 4.6, Avg: 5.4, Max: 6.2, Diff: 1.7, Sum: 21.6]
      [Code Root Scanning (ms): Min: 0.0, Avg: 0.0, Max: 0.0, Diff: 0.0, Sum: 0.0]
      [Object Copy (ms): Min: 8.7, Avg: 9.1, Max: 10.1, Diff: 1.4, Sum: 36.4]
      [Termination (ms): Min: 0.0, Avg: 0.0, Max: 0.0, Diff: 0.0, Sum: 0.0]
         [Termination Attempts: Min: 1, Avg: 1.0, Max: 1, Diff: 0, Sum: 4]
      [GC Worker Other (ms): Min: 0.0, Avg: 0.0, Max: 0.0, Diff: 0.0, Sum: 0.1]
      [GC Worker Total (ms): Min: 17.2, Avg: 18.2, Max: 18.9, Diff: 1.7, Sum: 72.9]
      [GC Worker End (ms): Min: 40773681.5, Avg: 40773681.5, Max: 40773681.5, Diff: 0.0]
   [Code Root Fixup: 0.0 ms]
   [Code Root Purge: 0.0 ms]
   [Clear CT: 0.1 ms]
   [Other: 0.8 ms]
      [Choose CSet: 0.0 ms]
      [Ref Proc: 0.2 ms]
      [Ref Enq: 0.0 ms]
      [Redirty Cards: 0.1 ms]
      [Humongous Register: 0.1 ms]
      [Humongous Reclaim: 0.0 ms]
      [Free CSet: 0.1 ms]
   [Eden: 46.0M(46.0M)->0.0B(71.0M) Survivors: 5120.0K->5120.0K Heap: 315.1M(1024.0M)->269.4M(1024.0M)]
 [Times: user=0.07 sys=0.01, real=0.02 secs] 
2019-11-03T21:19:08.545+0800: 40783.575: [GC pause (G1 Evacuation Pause) (young), 0.0225485 secs]
   [Parallel Time: 21.9 ms, GC Workers: 4]
      [GC Worker Start (ms): Min: 40783575.4, Avg: 40783575.7, Max: 40783576.6, Diff: 1.2]
      [Ext Root Scanning (ms): Min: 0.0, Avg: 0.8, Max: 1.1, Diff: 1.1, Sum: 3.3]
      [Update RS (ms): Min: 1.3, Avg: 2.3, Max: 2.9, Diff: 1.6, Sum: 9.1]
         [Processed Buffers: Min: 4, Avg: 8.8, Max: 14, Diff: 10, Sum: 35]
      [Scan RS (ms): Min: 7.5, Avg: 7.7, Max: 8.2, Diff: 0.7, Sum: 30.8]
      [Code Root Scanning (ms): Min: 0.0, Avg: 0.0, Max: 0.0, Diff: 0.0, Sum: 0.0]
      [Object Copy (ms): Min: 9.6, Avg: 10.6, Max: 11.9, Diff: 2.3, Sum: 42.5]
      [Termination (ms): Min: 0.0, Avg: 0.0, Max: 0.0, Diff: 0.0, Sum: 0.0]
         [Termination Attempts: Min: 1, Avg: 1.0, Max: 1, Diff: 0, Sum: 4]
      [GC Worker Other (ms): Min: 0.0, Avg: 0.0, Max: 0.1, Diff: 0.0, Sum: 0.2]
      [GC Worker Total (ms): Min: 20.6, Avg: 21.5, Max: 21.8, Diff: 1.2, Sum: 85.9]
      [GC Worker End (ms): Min: 40783597.2, Avg: 40783597.2, Max: 40783597.2, Diff: 0.0]
   [Code Root Fixup: 0.0 ms]
   [Code Root Purge: 0.0 ms]
   [Clear CT: 0.1 ms]
   [Other: 0.6 ms]
      [Choose CSet: 0.0 ms]
      [Ref Proc: 0.1 ms]
      [Ref Enq: 0.0 ms]
      [Redirty Cards: 0.1 ms]
      [Humongous Register: 0.0 ms]
      [Humongous Reclaim: 0.0 ms]
      [Free CSet: 0.1 ms]
   [Eden: 46.0M(46.0M)->0.0B(45.0M) Survivors: 5120.0K->6144.0K Heap: 315.4M(1024.0M)->270.9M(1024.0M)]
 [Times: user=0.08 sys=0.00, real=0.02 secs] 
2019-11-03T21:19:18.356+0800: 40793.386: [GC pause (G1 Evacuation Pause) (young), 0.0212036 secs]
   [Parallel Time: 20.4 ms, GC Workers: 4]
      [GC Worker Start (ms): Min: 40793385.8, Avg: 40793386.0, Max: 40793386.2, Diff: 0.4]
      [Ext Root Scanning (ms): Min: 0.7, Avg: 1.0, Max: 1.1, Diff: 0.5, Sum: 4.1]
      [Update RS (ms): Min: 1.9, Avg: 2.1, Max: 2.2, Diff: 0.3, Sum: 8.2]
         [Processed Buffers: Min: 4, Avg: 8.0, Max: 14, Diff: 10, Sum: 32]
      [Scan RS (ms): Min: 6.1, Avg: 6.2, Max: 6.3, Diff: 0.2, Sum: 24.8]
      [Code Root Scanning (ms): Min: 0.0, Avg: 0.0, Max: 0.0, Diff: 0.0, Sum: 0.0]
      [Object Copy (ms): Min: 10.8, Avg: 10.9, Max: 11.1, Diff: 0.2, Sum: 43.7]
      [Termination (ms): Min: 0.0, Avg: 0.0, Max: 0.0, Diff: 0.0, Sum: 0.0]
         [Termination Attempts: Min: 1, Avg: 1.0, Max: 1, Diff: 0, Sum: 4]
      [GC Worker Other (ms): Min: 0.0, Avg: 0.0, Max: 0.0, Diff: 0.0, Sum: 0.1]
      [GC Worker Total (ms): Min: 20.0, Avg: 20.2, Max: 20.4, Diff: 0.4, Sum: 81.0]
      [GC Worker End (ms): Min: 40793406.2, Avg: 40793406.2, Max: 40793406.2, Diff: 0.0]
   [Code Root Fixup: 0.0 ms]
   [Code Root Purge: 0.0 ms]
   [Clear CT: 0.0 ms]
   [Other: 0.7 ms]
      [Choose CSet: 0.0 ms]
      [Ref Proc: 0.2 ms]
      [Ref Enq: 0.0 ms]
      [Redirty Cards: 0.0 ms]
      [Humongous Register: 0.1 ms]
      [Humongous Reclaim: 0.0 ms]
      [Free CSet: 0.1 ms]
   [Eden: 45.0M(45.0M)->0.0B(48.0M) Survivors: 6144.0K->5120.0K Heap: 315.9M(1024.0M)->270.9M(1024.0M)]
 [Times: user=0.07 sys=0.01, real=0.02 secs] 
2019-11-03T21:19:28.378+0800: 40803.407: [GC pause (G1 Evacuation Pause) (young), 0.0177304 secs]
   [Parallel Time: 17.0 ms, GC Workers: 4]
      [GC Worker Start (ms): Min: 40803407.3, Avg: 40803407.3, Max: 40803407.3, Diff: 0.1]
      [Ext Root Scanning (ms): Min: 0.8, Avg: 0.8, Max: 0.8, Diff: 0.1, Sum: 3.2]
      [Update RS (ms): Min: 2.1, Avg: 2.5, Max: 2.7, Diff: 0.7, Sum: 9.9]
         [Processed Buffers: Min: 5, Avg: 8.8, Max: 11, Diff: 6, Sum: 35]
      [Scan RS (ms): Min: 6.8, Avg: 7.1, Max: 7.5, Diff: 0.6, Sum: 28.4]
      [Code Root Scanning (ms): Min: 0.0, Avg: 0.0, Max: 0.0, Diff: 0.0, Sum: 0.0]
      [Object Copy (ms): Min: 6.5, Avg: 6.5, Max: 6.6, Diff: 0.1, Sum: 26.1]
      [Termination (ms): Min: 0.0, Avg: 0.0, Max: 0.0, Diff: 0.0, Sum: 0.0]
         [Termination Attempts: Min: 1, Avg: 1.5, Max: 2, Diff: 1, Sum: 6]
      [GC Worker Other (ms): Min: 0.0, Avg: 0.0, Max: 0.1, Diff: 0.0, Sum: 0.2]
      [GC Worker Total (ms): Min: 16.9, Avg: 16.9, Max: 17.0, Diff: 0.1, Sum: 67.7]
      [GC Worker End (ms): Min: 40803424.2, Avg: 40803424.2, Max: 40803424.3, Diff: 0.0]
   [Code Root Fixup: 0.0 ms]
   [Code Root Purge: 0.0 ms]
   [Clear CT: 0.1 ms]
   [Other: 0.6 ms]
      [Choose CSet: 0.0 ms]
      [Ref Proc: 0.2 ms]
      [Ref Enq: 0.0 ms]
      [Redirty Cards: 0.0 ms]
      [Humongous Register: 0.0 ms]
      [Humongous Reclaim: 0.0 ms]
      [Free CSet: 0.1 ms]
   [Eden: 46.0M(46.0M)->0.0B(92.0M) Survivors: 5120.0K->5120.0K Heap: 316.9M(1024.0M)->270.9M(1024.0M)]
 [Times: user=0.07 sys=0.00, real=0.02 secs] 
2019-11-03T21:19:38.768+0800: 40813.797: [GC pause (G1 Evacuation Pause) (young), 0.0178529 secs]
   [Parallel Time: 17.1 ms, GC Workers: 4]
      [GC Worker Start (ms): Min: 40813797.1, Avg: 40813797.5, Max: 40813798.5, Diff: 1.5]
      [Ext Root Scanning (ms): Min: 0.0, Avg: 0.8, Max: 1.1, Diff: 1.1, Sum: 3.2]
      [Update RS (ms): Min: 1.8, Avg: 2.4, Max: 2.7, Diff: 0.9, Sum: 9.5]
         [Processed Buffers: Min: 4, Avg: 8.8, Max: 12, Diff: 8, Sum: 35]
      [Scan RS (ms): Min: 5.9, Avg: 6.6, Max: 7.2, Diff: 1.2, Sum: 26.3]
      [Code Root Scanning (ms): Min: 0.0, Avg: 0.0, Max: 0.0, Diff: 0.0, Sum: 0.0]
      [Object Copy (ms): Min: 6.7, Avg: 6.8, Max: 6.9, Diff: 0.3, Sum: 27.4]
      [Termination (ms): Min: 0.0, Avg: 0.0, Max: 0.0, Diff: 0.0, Sum: 0.0]
         [Termination Attempts: Min: 1, Avg: 1.0, Max: 1, Diff: 0, Sum: 4]
      [GC Worker Other (ms): Min: 0.0, Avg: 0.0, Max: 0.1, Diff: 0.0, Sum: 0.1]
      [GC Worker Total (ms): Min: 15.6, Avg: 16.6, Max: 17.0, Diff: 1.5, Sum: 66.6]
      [GC Worker End (ms): Min: 40813814.1, Avg: 40813814.1, Max: 40813814.1, Diff: 0.0]
   [Code Root Fixup: 0.0 ms]
   [Code Root Purge: 0.0 ms]
   [Clear CT: 0.1 ms]
   [Other: 0.6 ms]
      [Choose CSet: 0.0 ms]
      [Ref Proc: 0.2 ms]
      [Ref Enq: 0.0 ms]
      [Redirty Cards: 0.0 ms]
      [Humongous Register: 0.0 ms]
      [Humongous Reclaim: 0.0 ms]
      [Free CSet: 0.1 ms]
   [Eden: 48.0M(46.0M)->0.0B(135.0M) Survivors: 5120.0K->5120.0K Heap: 318.9M(1024.0M)->270.9M(1024.0M)]
 [Times: user=0.07 sys=0.00, real=0.02 secs] 
2019-11-03T21:19:54.666+0800: 40829.695: [GC pause (G1 Evacuation Pause) (young), 0.0206485 secs]
   [Parallel Time: 19.0 ms, GC Workers: 4]
      [GC Worker Start (ms): Min: 40829695.2, Avg: 40829695.4, Max: 40829695.8, Diff: 0.6]
      [Ext Root Scanning (ms): Min: 1.2, Avg: 2.3, Max: 4.8, Diff: 3.7, Sum: 9.1]
      [Update RS (ms): Min: 0.0, Avg: 2.6, Max: 3.8, Diff: 3.8, Sum: 10.3]
         [Processed Buffers: Min: 0, Avg: 8.5, Max: 14, Diff: 14, Sum: 34]
      [Scan RS (ms): Min: 3.9, Avg: 4.4, Max: 4.8, Diff: 0.8, Sum: 17.5]
      [Code Root Scanning (ms): Min: 0.0, Avg: 0.0, Max: 0.0, Diff: 0.0, Sum: 0.0]
      [Object Copy (ms): Min: 9.3, Avg: 9.4, Max: 9.5, Diff: 0.3, Sum: 37.6]
      [Termination (ms): Min: 0.0, Avg: 0.1, Max: 0.1, Diff: 0.1, Sum: 0.4]
         [Termination Attempts: Min: 1, Avg: 1.0, Max: 1, Diff: 0, Sum: 4]
      [GC Worker Other (ms): Min: 0.0, Avg: 0.0, Max: 0.0, Diff: 0.0, Sum: 0.1]
      [GC Worker Total (ms): Min: 18.3, Avg: 18.8, Max: 18.9, Diff: 0.6, Sum: 75.0]
      [GC Worker End (ms): Min: 40829714.1, Avg: 40829714.1, Max: 40829714.2, Diff: 0.0]
   [Code Root Fixup: 0.0 ms]
   [Code Root Purge: 0.0 ms]
   [Clear CT: 0.3 ms]
   [Other: 1.3 ms]
      [Choose CSet: 0.0 ms]
      [Ref Proc: 0.1 ms]
      [Ref Enq: 0.0 ms]
      [Redirty Cards: 0.4 ms]
      [Humongous Register: 0.1 ms]
      [Humongous Reclaim: 0.0 ms]
      [Free CSet: 0.3 ms]
   [Eden: 74.0M(46.0M)->0.0B(70.0M) Survivors: 5120.0K->5120.0K Heap: 344.9M(1024.0M)->270.9M(1024.0M)]
 [Times: user=0.06 sys=0.00, real=0.02 secs] 
2019-11-03T21:20:09.678+0800: 40844.706: [GC pause (G1 Evacuation Pause) (young), 0.0220642 secs]
   [Parallel Time: 21.2 ms, GC Workers: 4]
      [GC Worker Start (ms): Min: 40844706.6, Avg: 40844707.3, Max: 40844707.9, Diff: 1.4]
      [Ext Root Scanning (ms): Min: 0.4, Avg: 1.0, Max: 1.8, Diff: 1.4, Sum: 4.2]
      [Update RS (ms): Min: 2.5, Avg: 2.6, Max: 2.7, Diff: 0.2, Sum: 10.4]
         [Processed Buffers: Min: 9, Avg: 9.2, Max: 10, Diff: 1, Sum: 37]
      [Scan RS (ms): Min: 6.0, Avg: 6.1, Max: 6.3, Diff: 0.3, Sum: 24.6]
      [Code Root Scanning (ms): Min: 0.0, Avg: 0.0, Max: 0.0, Diff: 0.0, Sum: 0.0]
      [Object Copy (ms): Min: 10.5, Avg: 10.5, Max: 10.6, Diff: 0.1, Sum: 42.0]
      [Termination (ms): Min: 0.0, Avg: 0.0, Max: 0.0, Diff: 0.0, Sum: 0.0]
         [Termination Attempts: Min: 1, Avg: 1.8, Max: 3, Diff: 2, Sum: 7]
      [GC Worker Other (ms): Min: 0.0, Avg: 0.0, Max: 0.1, Diff: 0.0, Sum: 0.2]
      [GC Worker Total (ms): Min: 19.8, Avg: 20.4, Max: 21.1, Diff: 1.4, Sum: 81.5]
      [GC Worker End (ms): Min: 40844727.7, Avg: 40844727.7, Max: 40844727.7, Diff: 0.0]
   [Code Root Fixup: 0.0 ms]
   [Code Root Purge: 0.0 ms]
   [Clear CT: 0.1 ms]
   [Other: 0.7 ms]
      [Choose CSet: 0.0 ms]
      [Ref Proc: 0.1 ms]
      [Ref Enq: 0.0 ms]
      [Redirty Cards: 0.2 ms]
      [Humongous Register: 0.1 ms]
      [Humongous Reclaim: 0.0 ms]
      [Free CSet: 0.1 ms]
   [Eden: 70.0M(70.0M)->0.0B(45.0M) Survivors: 5120.0K->6144.0K Heap: 340.9M(1024.0M)->272.4M(1024.0M)]
 [Times: user=0.07 sys=0.00, real=0.03 secs] 
2019-11-03T21:20:19.428+0800: 40854.455: [GC pause (G1 Evacuation Pause) (young), 0.0192563 secs]
   [Parallel Time: 18.5 ms, GC Workers: 4]
      [GC Worker Start (ms): Min: 40854455.3, Avg: 40854455.4, Max: 40854455.7, Diff: 0.4]
      [Ext Root Scanning (ms): Min: 0.2, Avg: 0.5, Max: 0.6, Diff: 0.4, Sum: 2.0]
      [Update RS (ms): Min: 1.2, Avg: 1.4, Max: 1.4, Diff: 0.3, Sum: 5.5]
         [Processed Buffers: Min: 3, Avg: 6.5, Max: 13, Diff: 10, Sum: 26]
      [Scan RS (ms): Min: 4.2, Avg: 4.2, Max: 4.4, Diff: 0.2, Sum: 17.0]
      [Code Root Scanning (ms): Min: 0.0, Avg: 0.0, Max: 0.0, Diff: 0.0, Sum: 0.0]
      [Object Copy (ms): Min: 12.2, Avg: 12.2, Max: 12.3, Diff: 0.1, Sum: 48.9]
      [Termination (ms): Min: 0.0, Avg: 0.0, Max: 0.0, Diff: 0.0, Sum: 0.0]
         [Termination Attempts: Min: 1, Avg: 1.2, Max: 2, Diff: 1, Sum: 5]
      [GC Worker Other (ms): Min: 0.0, Avg: 0.0, Max: 0.0, Diff: 0.0, Sum: 0.1]
      [GC Worker Total (ms): Min: 18.1, Avg: 18.4, Max: 18.5, Diff: 0.4, Sum: 73.5]
      [GC Worker End (ms): Min: 40854473.8, Avg: 40854473.8, Max: 40854473.8, Diff: 0.0]
   [Code Root Fixup: 0.0 ms]
   [Code Root Purge: 0.0 ms]
   [Clear CT: 0.1 ms]
   [Other: 0.6 ms]
      [Choose CSet: 0.0 ms]
      [Ref Proc: 0.2 ms]
      [Ref Enq: 0.0 ms]
      [Redirty Cards: 0.1 ms]
      [Humongous Register: 0.1 ms]
      [Humongous Reclaim: 0.0 ms]
      [Free CSet: 0.1 ms]
   [Eden: 45.0M(45.0M)->0.0B(46.0M) Survivors: 6144.0K->5120.0K Heap: 317.4M(1024.0M)->272.3M(1024.0M)]
 [Times: user=0.06 sys=0.01, real=0.02 secs] 
2019-11-03T21:20:29.231+0800: 40864.259: [GC pause (G1 Evacuation Pause) (young), 0.0143712 secs]
   [Parallel Time: 13.9 ms, GC Workers: 4]
      [GC Worker Start (ms): Min: 40864258.7, Avg: 40864258.7, Max: 40864258.8, Diff: 0.0]
      [Ext Root Scanning (ms): Min: 0.4, Avg: 0.5, Max: 0.5, Diff: 0.1, Sum: 1.9]
      [Update RS (ms): Min: 1.5, Avg: 1.7, Max: 2.2, Diff: 0.7, Sum: 7.0]
         [Processed Buffers: Min: 1, Avg: 8.8, Max: 17, Diff: 16, Sum: 35]
      [Scan RS (ms): Min: 3.9, Avg: 4.5, Max: 4.8, Diff: 0.8, Sum: 17.9]
      [Code Root Scanning (ms): Min: 0.0, Avg: 0.0, Max: 0.0, Diff: 0.0, Sum: 0.0]
      [Object Copy (ms): Min: 7.0, Avg: 7.0, Max: 7.1, Diff: 0.1, Sum: 28.2]
      [Termination (ms): Min: 0.0, Avg: 0.0, Max: 0.0, Diff: 0.0, Sum: 0.0]
         [Termination Attempts: Min: 1, Avg: 1.0, Max: 1, Diff: 0, Sum: 4]
      [GC Worker Other (ms): Min: 0.0, Avg: 0.0, Max: 0.0, Diff: 0.0, Sum: 0.1]
      [GC Worker Total (ms): Min: 13.8, Avg: 13.8, Max: 13.8, Diff: 0.0, Sum: 55.1]
      [GC Worker End (ms): Min: 40864272.5, Avg: 40864272.5, Max: 40864272.5, Diff: 0.0]
   [Code Root Fixup: 0.0 ms]
   [Code Root Purge: 0.0 ms]
   [Clear CT: 0.0 ms]
   [Other: 0.4 ms]
      [Choose CSet: 0.0 ms]
      [Ref Proc: 0.1 ms]
      [Ref Enq: 0.0 ms]
      [Redirty Cards: 0.0 ms]
      [Humongous Register: 0.0 ms]
      [Humongous Reclaim: 0.0 ms]
      [Free CSet: 0.1 ms]
   [Eden: 46.0M(46.0M)->0.0B(117.0M) Survivors: 5120.0K->5120.0K Heap: 318.3M(1024.0M)->272.3M(1024.0M)]
 [Times: user=0.05 sys=0.00, real=0.01 secs] 
2019-11-03T21:20:48.359+0800: 40883.385: [GC pause (G1 Evacuation Pause) (young), 0.0210993 secs]
   [Parallel Time: 20.2 ms, GC Workers: 4]
      [GC Worker Start (ms): Min: 40883385.6, Avg: 40883385.8, Max: 40883386.3, Diff: 0.7]
      [Ext Root Scanning (ms): Min: 0.3, Avg: 0.9, Max: 1.1, Diff: 0.7, Sum: 3.5]
      [Update RS (ms): Min: 2.6, Avg: 3.0, Max: 3.9, Diff: 1.3, Sum: 12.0]
         [Processed Buffers: Min: 1, Avg: 8.8, Max: 21, Diff: 20, Sum: 35]
      [Scan RS (ms): Min: 6.0, Avg: 6.8, Max: 7.2, Diff: 1.2, Sum: 27.1]
      [Code Root Scanning (ms): Min: 0.0, Avg: 0.0, Max: 0.0, Diff: 0.0, Sum: 0.0]
      [Object Copy (ms): Min: 9.1, Avg: 9.2, Max: 9.3, Diff: 0.3, Sum: 36.7]
      [Termination (ms): Min: 0.0, Avg: 0.1, Max: 0.2, Diff: 0.2, Sum: 0.4]
         [Termination Attempts: Min: 1, Avg: 1.0, Max: 1, Diff: 0, Sum: 4]
      [GC Worker Other (ms): Min: 0.0, Avg: 0.0, Max: 0.0, Diff: 0.0, Sum: 0.1]
      [GC Worker Total (ms): Min: 19.5, Avg: 19.9, Max: 20.1, Diff: 0.7, Sum: 79.8]
      [GC Worker End (ms): Min: 40883405.7, Avg: 40883405.8, Max: 40883405.8, Diff: 0.1]
   [Code Root Fixup: 0.0 ms]
   [Code Root Purge: 0.0 ms]
   [Clear CT: 0.1 ms]
   [Other: 0.8 ms]
      [Choose CSet: 0.0 ms]
      [Ref Proc: 0.2 ms]
      [Ref Enq: 0.0 ms]
      [Redirty Cards: 0.1 ms]
      [Humongous Register: 0.0 ms]
      [Humongous Reclaim: 0.0 ms]
      [Free CSet: 0.2 ms]
   [Eden: 89.0M(46.0M)->0.0B(97.0M) Survivors: 5120.0K->6144.0K Heap: 361.3M(1024.0M)->273.3M(1024.0M)]
 [Times: user=0.08 sys=0.00, real=0.03 secs] 
2019-11-03T21:21:09.349+0800: 40904.375: [GC pause (G1 Evacuation Pause) (young), 0.0225599 secs]
   [Parallel Time: 21.8 ms, GC Workers: 4]
      [GC Worker Start (ms): Min: 40904375.0, Avg: 40904375.0, Max: 40904375.1, Diff: 0.1]
      [Ext Root Scanning (ms): Min: 0.8, Avg: 1.2, Max: 2.1, Diff: 1.3, Sum: 4.6]
      [Update RS (ms): Min: 1.8, Avg: 2.7, Max: 3.2, Diff: 1.4, Sum: 10.8]
         [Processed Buffers: Min: 3, Avg: 9.5, Max: 13, Diff: 10, Sum: 38]
      [Scan RS (ms): Min: 6.5, Avg: 6.7, Max: 6.8, Diff: 0.3, Sum: 26.7]
      [Code Root Scanning (ms): Min: 0.0, Avg: 0.0, Max: 0.0, Diff: 0.0, Sum: 0.0]
      [Object Copy (ms): Min: 11.1, Avg: 11.1, Max: 11.2, Diff: 0.0, Sum: 44.5]
      [Termination (ms): Min: 0.0, Avg: 0.0, Max: 0.0, Diff: 0.0, Sum: 0.1]
         [Termination Attempts: Min: 1, Avg: 1.0, Max: 1, Diff: 0, Sum: 4]
      [GC Worker Other (ms): Min: 0.0, Avg: 0.0, Max: 0.0, Diff: 0.0, Sum: 0.1]
      [GC Worker Total (ms): Min: 21.7, Avg: 21.7, Max: 21.8, Diff: 0.1, Sum: 86.8]
      [GC Worker End (ms): Min: 40904396.7, Avg: 40904396.7, Max: 40904396.8, Diff: 0.0]
   [Code Root Fixup: 0.0 ms]
   [Code Root Purge: 0.0 ms]
   [Clear CT: 0.1 ms]
   [Other: 0.7 ms]
      [Choose CSet: 0.0 ms]
      [Ref Proc: 0.2 ms]
      [Ref Enq: 0.0 ms]
      [Redirty Cards: 0.1 ms]
      [Humongous Register: 0.0 ms]
      [Humongous Reclaim: 0.0 ms]
      [Free CSet: 0.1 ms]
   [Eden: 97.0M(97.0M)->0.0B(84.0M) Survivors: 6144.0K->7168.0K Heap: 370.3M(1024.0M)->274.3M(1024.0M)]
 [Times: user=0.07 sys=0.01, real=0.03 secs] 
2019-11-03T21:21:23.533+0800: 40918.558: [GC pause (G1 Evacuation Pause) (young), 0.0261630 secs]
   [Parallel Time: 25.2 ms, GC Workers: 4]
      [GC Worker Start (ms): Min: 40918558.1, Avg: 40918558.3, Max: 40918558.8, Diff: 0.8]
      [Ext Root Scanning (ms): Min: 0.0, Avg: 0.5, Max: 0.7, Diff: 0.7, Sum: 2.1]
      [Update RS (ms): Min: 0.0, Avg: 1.0, Max: 1.5, Diff: 1.5, Sum: 4.1]
         [Processed Buffers: Min: 0, Avg: 9.0, Max: 18, Diff: 18, Sum: 36]
      [Scan RS (ms): Min: 0.0, Avg: 4.1, Max: 5.5, Diff: 5.5, Sum: 16.4]
      [Code Root Scanning (ms): Min: 0.0, Avg: 0.0, Max: 0.0, Diff: 0.0, Sum: 0.0]
      [Object Copy (ms): Min: 17.1, Avg: 18.9, Max: 24.0, Diff: 6.9, Sum: 75.5]
      [Termination (ms): Min: 0.0, Avg: 0.3, Max: 0.5, Diff: 0.5, Sum: 1.3]
         [Termination Attempts: Min: 1, Avg: 1.2, Max: 2, Diff: 1, Sum: 5]
      [GC Worker Other (ms): Min: 0.0, Avg: 0.0, Max: 0.0, Diff: 0.0, Sum: 0.1]
      [GC Worker Total (ms): Min: 24.1, Avg: 24.9, Max: 25.2, Diff: 1.1, Sum: 99.5]
      [GC Worker End (ms): Min: 40918582.9, Avg: 40918583.1, Max: 40918583.3, Diff: 0.3]
   [Code Root Fixup: 0.0 ms]
   [Code Root Purge: 0.0 ms]
   [Clear CT: 0.1 ms]
   [Other: 0.8 ms]
      [Choose CSet: 0.0 ms]
      [Ref Proc: 0.2 ms]
      [Ref Enq: 0.0 ms]
      [Redirty Cards: 0.1 ms]
      [Humongous Register: 0.0 ms]
      [Humongous Reclaim: 0.0 ms]
      [Free CSet: 0.2 ms]
   [Eden: 66.0M(44.0M)->0.0B(45.0M) Survivors: 7168.0K->6144.0K Heap: 340.3M(1024.0M)->274.4M(1024.0M)]
 [Times: user=0.07 sys=0.00, real=0.02 secs] 
2019-11-03T21:21:33.251+0800: 40928.275: [GC pause (G1 Evacuation Pause) (young), 0.0213560 secs]
   [Parallel Time: 20.6 ms, GC Workers: 4]
      [GC Worker Start (ms): Min: 40928275.3, Avg: 40928275.3, Max: 40928275.4, Diff: 0.1]
      [Ext Root Scanning (ms): Min: 0.8, Avg: 0.8, Max: 0.8, Diff: 0.1, Sum: 3.1]
      [Update RS (ms): Min: 2.1, Avg: 2.4, Max: 2.6, Diff: 0.5, Sum: 9.6]
         [Processed Buffers: Min: 1, Avg: 8.0, Max: 16, Diff: 15, Sum: 32]
      [Scan RS (ms): Min: 6.8, Avg: 7.3, Max: 7.8, Diff: 1.0, Sum: 29.0]
      [Code Root Scanning (ms): Min: 0.0, Avg: 0.0, Max: 0.0, Diff: 0.0, Sum: 0.0]
      [Object Copy (ms): Min: 9.6, Avg: 10.0, Max: 10.2, Diff: 0.6, Sum: 39.9]
      [Termination (ms): Min: 0.0, Avg: 0.0, Max: 0.0, Diff: 0.0, Sum: 0.0]
         [Termination Attempts: Min: 1, Avg: 1.0, Max: 1, Diff: 0, Sum: 4]
      [GC Worker Other (ms): Min: 0.0, Avg: 0.0, Max: 0.0, Diff: 0.0, Sum: 0.1]
      [GC Worker Total (ms): Min: 20.4, Avg: 20.5, Max: 20.5, Diff: 0.0, Sum: 81.8]
      [GC Worker End (ms): Min: 40928295.8, Avg: 40928295.8, Max: 40928295.8, Diff: 0.0]
   [Code Root Fixup: 0.0 ms]
   [Code Root Purge: 0.0 ms]
   [Clear CT: 0.1 ms]
   [Other: 0.7 ms]
      [Choose CSet: 0.0 ms]
      [Ref Proc: 0.2 ms]
      [Ref Enq: 0.0 ms]
      [Redirty Cards: 0.1 ms]
      [Humongous Register: 0.0 ms]
      [Humongous Reclaim: 0.0 ms]
      [Free CSet: 0.1 ms]
   [Eden: 45.0M(45.0M)->0.0B(46.0M) Survivors: 6144.0K->5120.0K Heap: 319.4M(1024.0M)->274.7M(1024.0M)]
 [Times: user=0.07 sys=0.00, real=0.02 secs] 
2019-11-03T21:21:43.155+0800: 40938.179: [GC pause (G1 Evacuation Pause) (young), 0.0209323 secs]
   [Parallel Time: 19.7 ms, GC Workers: 4]
      [GC Worker Start (ms): Min: 40938179.4, Avg: 40938180.6, Max: 40938184.3, Diff: 4.9]
      [Ext Root Scanning (ms): Min: 0.0, Avg: 0.9, Max: 1.2, Diff: 1.2, Sum: 3.5]
      [Update RS (ms): Min: 0.6, Avg: 3.3, Max: 4.3, Diff: 3.6, Sum: 13.1]
         [Processed Buffers: Min: 6, Avg: 8.5, Max: 10, Diff: 4, Sum: 34]
      [Scan RS (ms): Min: 5.3, Avg: 5.4, Max: 5.5, Diff: 0.2, Sum: 21.4]
      [Code Root Scanning (ms): Min: 0.0, Avg: 0.0, Max: 0.0, Diff: 0.0, Sum: 0.0]
      [Object Copy (ms): Min: 8.2, Avg: 8.3, Max: 8.5, Diff: 0.3, Sum: 33.2]
      [Termination (ms): Min: 0.0, Avg: 0.3, Max: 0.5, Diff: 0.5, Sum: 1.3]
         [Termination Attempts: Min: 1, Avg: 1.0, Max: 1, Diff: 0, Sum: 4]
      [GC Worker Other (ms): Min: 0.0, Avg: 0.0, Max: 0.0, Diff: 0.0, Sum: 0.1]
      [GC Worker Total (ms): Min: 14.5, Avg: 18.2, Max: 19.5, Diff: 5.1, Sum: 72.7]
      [GC Worker End (ms): Min: 40938198.6, Avg: 40938198.8, Max: 40938199.0, Diff: 0.4]
   [Code Root Fixup: 0.0 ms]
   [Code Root Purge: 0.0 ms]
   [Clear CT: 0.2 ms]
   [Other: 1.1 ms]
      [Choose CSet: 0.0 ms]
      [Ref Proc: 0.5 ms]
      [Ref Enq: 0.0 ms]
      [Redirty Cards: 0.1 ms]
      [Humongous Register: 0.1 ms]
      [Humongous Reclaim: 0.0 ms]
      [Free CSet: 0.1 ms]
   [Eden: 46.0M(46.0M)->0.0B(46.0M) Survivors: 5120.0K->5120.0K Heap: 320.7M(1024.0M)->274.7M(1024.0M)]
 [Times: user=0.06 sys=0.00, real=0.02 secs] 
2019-11-03T21:21:53.107+0800: 40948.130: [GC pause (G1 Evacuation Pause) (young), 0.0178731 secs]
   [Parallel Time: 17.1 ms, GC Workers: 4]
      [GC Worker Start (ms): Min: 40948130.7, Avg: 40948130.7, Max: 40948130.9, Diff: 0.2]
      [Ext Root Scanning (ms): Min: 0.4, Avg: 0.6, Max: 0.6, Diff: 0.2, Sum: 2.3]
      [Update RS (ms): Min: 1.1, Avg: 1.2, Max: 1.4, Diff: 0.4, Sum: 5.0]
         [Processed Buffers: Min: 6, Avg: 6.5, Max: 7, Diff: 1, Sum: 26]
      [Scan RS (ms): Min: 4.7, Avg: 4.9, Max: 5.1, Diff: 0.4, Sum: 19.6]
      [Code Root Scanning (ms): Min: 0.0, Avg: 0.0, Max: 0.0, Diff: 0.0, Sum: 0.0]
      [Object Copy (ms): Min: 10.2, Avg: 10.2, Max: 10.3, Diff: 0.0, Sum: 41.0]
      [Termination (ms): Min: 0.0, Avg: 0.0, Max: 0.0, Diff: 0.0, Sum: 0.0]
         [Termination Attempts: Min: 1, Avg: 1.0, Max: 1, Diff: 0, Sum: 4]
      [GC Worker Other (ms): Min: 0.0, Avg: 0.1, Max: 0.1, Diff: 0.0, Sum: 0.2]
      [GC Worker Total (ms): Min: 16.9, Avg: 17.0, Max: 17.1, Diff: 0.2, Sum: 68.0]
      [GC Worker End (ms): Min: 40948147.7, Avg: 40948147.7, Max: 40948147.7, Diff: 0.0]
   [Code Root Fixup: 0.0 ms]
   [Code Root Purge: 0.0 ms]
   [Clear CT: 0.1 ms]
   [Other: 0.6 ms]
      [Choose CSet: 0.0 ms]
      [Ref Proc: 0.1 ms]
      [Ref Enq: 0.0 ms]
      [Redirty Cards: 0.1 ms]
      [Humongous Register: 0.1 ms]
      [Humongous Reclaim: 0.0 ms]
      [Free CSet: 0.1 ms]
   [Eden: 46.0M(46.0M)->0.0B(44.0M) Survivors: 5120.0K->7168.0K Heap: 320.7M(1024.0M)->276.7M(1024.0M)]
 [Times: user=0.06 sys=0.00, real=0.02 secs] 
2019-11-03T21:22:02.608+0800: 40957.631: [GC pause (G1 Evacuation Pause) (young), 0.0232421 secs]
   [Parallel Time: 22.5 ms, GC Workers: 4]
      [GC Worker Start (ms): Min: 40957631.4, Avg: 40957631.5, Max: 40957631.5, Diff: 0.1]
      [Ext Root Scanning (ms): Min: 0.8, Avg: 0.8, Max: 0.8, Diff: 0.1, Sum: 3.2]
      [Update RS (ms): Min: 2.4, Avg: 2.7, Max: 2.9, Diff: 0.4, Sum: 10.7]
         [Processed Buffers: Min: 1, Avg: 8.2, Max: 13, Diff: 12, Sum: 33]
      [Scan RS (ms): Min: 6.1, Avg: 6.4, Max: 6.6, Diff: 0.5, Sum: 25.6]
      [Code Root Scanning (ms): Min: 0.0, Avg: 0.0, Max: 0.0, Diff: 0.0, Sum: 0.0]
      [Object Copy (ms): Min: 11.6, Avg: 11.8, Max: 12.0, Diff: 0.4, Sum: 47.3]
      [Termination (ms): Min: 0.0, Avg: 0.5, Max: 0.8, Diff: 0.8, Sum: 2.1]
         [Termination Attempts: Min: 1, Avg: 1.0, Max: 1, Diff: 0, Sum: 4]
      [GC Worker Other (ms): Min: 0.0, Avg: 0.0, Max: 0.0, Diff: 0.0, Sum: 0.1]
      [GC Worker Total (ms): Min: 21.9, Avg: 22.3, Max: 22.4, Diff: 0.6, Sum: 89.1]
      [GC Worker End (ms): Min: 40957653.4, Avg: 40957653.8, Max: 40957653.9, Diff: 0.5]
   [Code Root Fixup: 0.0 ms]
   [Code Root Purge: 0.0 ms]
   [Clear CT: 0.1 ms]
   [Other: 0.6 ms]
      [Choose CSet: 0.0 ms]
      [Ref Proc: 0.2 ms]
      [Ref Enq: 0.0 ms]
      [Redirty Cards: 0.1 ms]
      [Humongous Register: 0.0 ms]
      [Humongous Reclaim: 0.0 ms]
      [Free CSet: 0.1 ms]
   [Eden: 44.0M(44.0M)->0.0B(46.0M) Survivors: 7168.0K->5120.0K Heap: 320.7M(1024.0M)->276.2M(1024.0M)]
 [Times: user=0.07 sys=0.00, real=0.03 secs] 
2019-11-03T21:22:12.566+0800: 40967.589: [GC pause (G1 Evacuation Pause) (young), 0.0163762 secs]
   [Parallel Time: 15.7 ms, GC Workers: 4]
      [GC Worker Start (ms): Min: 40967589.1, Avg: 40967589.1, Max: 40967589.2, Diff: 0.0]
      [Ext Root Scanning (ms): Min: 0.7, Avg: 0.7, Max: 0.7, Diff: 0.1, Sum: 2.7]
      [Update RS (ms): Min: 1.5, Avg: 1.9, Max: 2.7, Diff: 1.2, Sum: 7.6]
         [Processed Buffers: Min: 2, Avg: 8.2, Max: 14, Diff: 12, Sum: 33]
      [Scan RS (ms): Min: 4.6, Avg: 5.3, Max: 5.6, Diff: 1.1, Sum: 21.2]
      [Code Root Scanning (ms): Min: 0.0, Avg: 0.0, Max: 0.1, Diff: 0.1, Sum: 0.2]
      [Object Copy (ms): Min: 7.5, Avg: 7.5, Max: 7.6, Diff: 0.1, Sum: 30.2]
      [Termination (ms): Min: 0.0, Avg: 0.1, Max: 0.2, Diff: 0.2, Sum: 0.4]
         [Termination Attempts: Min: 1, Avg: 1.0, Max: 1, Diff: 0, Sum: 4]
      [GC Worker Other (ms): Min: 0.0, Avg: 0.0, Max: 0.0, Diff: 0.0, Sum: 0.1]
      [GC Worker Total (ms): Min: 15.6, Avg: 15.6, Max: 15.6, Diff: 0.1, Sum: 62.4]
      [GC Worker End (ms): Min: 40967604.7, Avg: 40967604.7, Max: 40967604.8, Diff: 0.0]
   [Code Root Fixup: 0.0 ms]
   [Code Root Purge: 0.0 ms]
   [Clear CT: 0.1 ms]
   [Other: 0.6 ms]
      [Choose CSet: 0.0 ms]
      [Ref Proc: 0.2 ms]
      [Ref Enq: 0.0 ms]
      [Redirty Cards: 0.0 ms]
      [Humongous Register: 0.0 ms]
      [Humongous Reclaim: 0.0 ms]
      [Free CSet: 0.1 ms]
   [Eden: 46.0M(46.0M)->0.0B(106.0M) Survivors: 5120.0K->5120.0K Heap: 322.2M(1024.0M)->276.2M(1024.0M)]
 [Times: user=0.05 sys=0.00, real=0.02 secs] 
2019-11-03T21:22:25.172+0800: 40980.194: [GC pause (G1 Evacuation Pause) (young), 0.0239985 secs]
   [Parallel Time: 22.4 ms, GC Workers: 4]
      [GC Worker Start (ms): Min: 40980194.2, Avg: 40980194.3, Max: 40980194.8, Diff: 0.7]
      [Ext Root Scanning (ms): Min: 0.0, Avg: 0.5, Max: 0.6, Diff: 0.6, Sum: 1.8]
      [Update RS (ms): Min: 0.0, Avg: 2.0, Max: 2.8, Diff: 2.8, Sum: 7.9]
         [Processed Buffers: Min: 0, Avg: 8.2, Max: 17, Diff: 17, Sum: 33]
      [Scan RS (ms): Min: 0.0, Avg: 4.1, Max: 5.6, Diff: 5.6, Sum: 16.4]
      [Code Root Scanning (ms): Min: 0.0, Avg: 0.0, Max: 0.0, Diff: 0.0, Sum: 0.0]
      [Object Copy (ms): Min: 13.2, Avg: 15.4, Max: 21.5, Diff: 8.3, Sum: 61.4]
      [Termination (ms): Min: 0.0, Avg: 0.2, Max: 0.4, Diff: 0.4, Sum: 0.8]
         [Termination Attempts: Min: 1, Avg: 1.0, Max: 1, Diff: 0, Sum: 4]
      [GC Worker Other (ms): Min: 0.0, Avg: 0.0, Max: 0.0, Diff: 0.0, Sum: 0.1]
      [GC Worker Total (ms): Min: 21.7, Avg: 22.1, Max: 22.4, Diff: 0.7, Sum: 88.5]
      [GC Worker End (ms): Min: 40980216.3, Avg: 40980216.5, Max: 40980216.6, Diff: 0.2]
   [Code Root Fixup: 0.0 ms]
   [Code Root Purge: 0.0 ms]
   [Clear CT: 0.7 ms]
   [Other: 0.8 ms]
      [Choose CSet: 0.0 ms]
      [Ref Proc: 0.2 ms]
      [Ref Enq: 0.0 ms]
      [Redirty Cards: 0.1 ms]
      [Humongous Register: 0.0 ms]
      [Humongous Reclaim: 0.0 ms]
      [Free CSet: 0.1 ms]
   [Eden: 59.0M(46.0M)->0.0B(47.0M) Survivors: 5120.0K->4096.0K Heap: 335.2M(1024.0M)->275.7M(1024.0M)]
 [Times: user=0.05 sys=0.00, real=0.02 secs] 
2019-11-03T21:22:35.252+0800: 40990.274: [GC pause (G1 Evacuation Pause) (young), 0.0172861 secs]
   [Parallel Time: 16.6 ms, GC Workers: 4]
      [GC Worker Start (ms): Min: 40990274.5, Avg: 40990274.5, Max: 40990274.5, Diff: 0.0]
      [Ext Root Scanning (ms): Min: 0.5, Avg: 0.5, Max: 0.5, Diff: 0.0, Sum: 1.9]
      [Update RS (ms): Min: 1.6, Avg: 1.7, Max: 2.0, Diff: 0.4, Sum: 7.0]
         [Processed Buffers: Min: 1, Avg: 9.8, Max: 17, Diff: 16, Sum: 39]
      [Scan RS (ms): Min: 3.8, Avg: 4.1, Max: 4.2, Diff: 0.4, Sum: 16.5]
      [Code Root Scanning (ms): Min: 0.0, Avg: 0.0, Max: 0.0, Diff: 0.0, Sum: 0.0]
      [Object Copy (ms): Min: 10.1, Avg: 10.2, Max: 10.2, Diff: 0.0, Sum: 40.7]
      [Termination (ms): Min: 0.0, Avg: 0.0, Max: 0.0, Diff: 0.0, Sum: 0.0]
         [Termination Attempts: Min: 1, Avg: 1.8, Max: 3, Diff: 2, Sum: 7]
      [GC Worker Other (ms): Min: 0.0, Avg: 0.0, Max: 0.0, Diff: 0.0, Sum: 0.1]
      [GC Worker Total (ms): Min: 16.5, Avg: 16.5, Max: 16.6, Diff: 0.0, Sum: 66.2]
      [GC Worker End (ms): Min: 40990291.0, Avg: 40990291.0, Max: 40990291.1, Diff: 0.0]
   [Code Root Fixup: 0.0 ms]
   [Code Root Purge: 0.0 ms]
   [Clear CT: 0.1 ms]
   [Other: 0.6 ms]
      [Choose CSet: 0.0 ms]
      [Ref Proc: 0.2 ms]
      [Ref Enq: 0.0 ms]
      [Redirty Cards: 0.1 ms]
      [Humongous Register: 0.0 ms]
      [Humongous Reclaim: 0.0 ms]
      [Free CSet: 0.1 ms]
   [Eden: 47.0M(47.0M)->0.0B(45.0M) Survivors: 4096.0K->6144.0K Heap: 322.7M(1024.0M)->277.2M(1024.0M)]
 [Times: user=0.06 sys=0.00, real=0.02 secs] 
2019-11-03T21:22:44.969+0800: 40999.991: [GC pause (G1 Evacuation Pause) (young), 0.0208666 secs]
   [Parallel Time: 19.8 ms, GC Workers: 4]
      [GC Worker Start (ms): Min: 40999991.0, Avg: 40999991.1, Max: 40999991.6, Diff: 0.6]
      [Ext Root Scanning (ms): Min: 0.2, Avg: 0.7, Max: 0.9, Diff: 0.6, Sum: 2.8]
      [Update RS (ms): Min: 2.0, Avg: 2.3, Max: 2.6, Diff: 0.6, Sum: 9.2]
         [Processed Buffers: Min: 2, Avg: 9.0, Max: 26, Diff: 24, Sum: 36]
      [Scan RS (ms): Min: 4.7, Avg: 5.0, Max: 5.2, Diff: 0.5, Sum: 19.8]
      [Code Root Scanning (ms): Min: 0.0, Avg: 0.0, Max: 0.0, Diff: 0.0, Sum: 0.0]
      [Object Copy (ms): Min: 11.3, Avg: 11.4, Max: 11.5, Diff: 0.2, Sum: 45.6]
      [Termination (ms): Min: 0.0, Avg: 0.1, Max: 0.2, Diff: 0.2, Sum: 0.5]
         [Termination Attempts: Min: 1, Avg: 2.8, Max: 5, Diff: 4, Sum: 11]
      [GC Worker Other (ms): Min: 0.0, Avg: 0.0, Max: 0.1, Diff: 0.0, Sum: 0.1]
      [GC Worker Total (ms): Min: 19.0, Avg: 19.5, Max: 19.7, Diff: 0.7, Sum: 78.1]
      [GC Worker End (ms): Min: 41000010.6, Avg: 41000010.6, Max: 41000010.7, Diff: 0.1]
   [Code Root Fixup: 0.0 ms]
   [Code Root Purge: 0.0 ms]
   [Clear CT: 0.1 ms]
   [Other: 0.9 ms]
      [Choose CSet: 0.0 ms]
      [Ref Proc: 0.2 ms]
      [Ref Enq: 0.0 ms]
      [Redirty Cards: 0.1 ms]
      [Humongous Register: 0.0 ms]
      [Humongous Reclaim: 0.0 ms]
      [Free CSet: 0.2 ms]
   [Eden: 45.0M(45.0M)->0.0B(47.0M) Survivors: 6144.0K->4096.0K Heap: 322.2M(1024.0M)->276.7M(1024.0M)]
 [Times: user=0.07 sys=0.00, real=0.03 secs] 
2019-11-03T21:22:55.077+0800: 41010.099: [GC pause (G1 Evacuation Pause) (young), 0.0150266 secs]
   [Parallel Time: 14.4 ms, GC Workers: 4]
      [GC Worker Start (ms): Min: 41010098.9, Avg: 41010098.9, Max: 41010098.9, Diff: 0.0]
      [Ext Root Scanning (ms): Min: 0.6, Avg: 0.6, Max: 0.6, Diff: 0.0, Sum: 2.3]
      [Update RS (ms): Min: 1.7, Avg: 2.0, Max: 2.2, Diff: 0.5, Sum: 8.1]
         [Processed Buffers: Min: 2, Avg: 8.8, Max: 13, Diff: 11, Sum: 35]
      [Scan RS (ms): Min: 4.3, Avg: 4.5, Max: 4.8, Diff: 0.6, Sum: 18.0]
      [Code Root Scanning (ms): Min: 0.0, Avg: 0.0, Max: 0.0, Diff: 0.0, Sum: 0.0]
      [Object Copy (ms): Min: 7.1, Avg: 7.1, Max: 7.2, Diff: 0.1, Sum: 28.5]
      [Termination (ms): Min: 0.0, Avg: 0.0, Max: 0.0, Diff: 0.0, Sum: 0.0]
         [Termination Attempts: Min: 1, Avg: 1.0, Max: 1, Diff: 0, Sum: 4]
      [GC Worker Other (ms): Min: 0.0, Avg: 0.0, Max: 0.1, Diff: 0.0, Sum: 0.2]
      [GC Worker Total (ms): Min: 14.2, Avg: 14.2, Max: 14.3, Diff: 0.0, Sum: 57.0]
      [GC Worker End (ms): Min: 41010113.1, Avg: 41010113.1, Max: 41010113.2, Diff: 0.0]
   [Code Root Fixup: 0.0 ms]
   [Code Root Purge: 0.0 ms]
   [Clear CT: 0.1 ms]
   [Other: 0.6 ms]
      [Choose CSet: 0.0 ms]
      [Ref Proc: 0.1 ms]
      [Ref Enq: 0.0 ms]
      [Redirty Cards: 0.1 ms]
      [Humongous Register: 0.0 ms]
      [Humongous Reclaim: 0.0 ms]
      [Free CSet: 0.1 ms]
   [Eden: 47.0M(47.0M)->0.0B(63.0M) Survivors: 4096.0K->5120.0K Heap: 323.7M(1024.0M)->277.2M(1024.0M)]
 [Times: user=0.06 sys=0.01, real=0.02 secs] 
2019-11-03T21:23:08.228+0800: 41023.249: [GC pause (G1 Evacuation Pause) (young), 0.0145760 secs]
   [Parallel Time: 13.8 ms, GC Workers: 4]
      [GC Worker Start (ms): Min: 41023248.7, Avg: 41023248.8, Max: 41023248.8, Diff: 0.1]
      [Ext Root Scanning (ms): Min: 0.5, Avg: 0.5, Max: 0.6, Diff: 0.1, Sum: 2.1]
      [Update RS (ms): Min: 1.5, Avg: 1.6, Max: 1.9, Diff: 0.4, Sum: 6.5]
         [Processed Buffers: Min: 2, Avg: 8.8, Max: 14, Diff: 12, Sum: 35]
      [Scan RS (ms): Min: 3.7, Avg: 3.9, Max: 4.0, Diff: 0.4, Sum: 15.7]
      [Code Root Scanning (ms): Min: 0.0, Avg: 0.0, Max: 0.0, Diff: 0.0, Sum: 0.0]
      [Object Copy (ms): Min: 7.5, Avg: 7.6, Max: 7.6, Diff: 0.1, Sum: 30.3]
      [Termination (ms): Min: 0.0, Avg: 0.0, Max: 0.0, Diff: 0.0, Sum: 0.0]
         [Termination Attempts: Min: 1, Avg: 1.0, Max: 1, Diff: 0, Sum: 4]
      [GC Worker Other (ms): Min: 0.0, Avg: 0.0, Max: 0.1, Diff: 0.0, Sum: 0.2]
      [GC Worker Total (ms): Min: 13.7, Avg: 13.7, Max: 13.7, Diff: 0.0, Sum: 54.9]
      [GC Worker End (ms): Min: 41023262.5, Avg: 41023262.5, Max: 41023262.5, Diff: 0.0]
   [Code Root Fixup: 0.0 ms]
   [Code Root Purge: 0.0 ms]
   [Clear CT: 0.1 ms]
   [Other: 0.7 ms]
      [Choose CSet: 0.0 ms]
      [Ref Proc: 0.3 ms]
      [Ref Enq: 0.0 ms]
      [Redirty Cards: 0.0 ms]
      [Humongous Register: 0.0 ms]
      [Humongous Reclaim: 0.0 ms]
      [Free CSet: 0.1 ms]
   [Eden: 63.0M(63.0M)->0.0B(146.0M) Survivors: 5120.0K->5120.0K Heap: 340.2M(1024.0M)->277.2M(1024.0M)]
 [Times: user=0.06 sys=0.01, real=0.02 secs] 
2019-11-03T21:23:33.976+0800: 41048.995: [GC pause (G1 Evacuation Pause) (young), 0.0173030 secs]
   [Parallel Time: 16.5 ms, GC Workers: 4]
      [GC Worker Start (ms): Min: 41048995.5, Avg: 41048995.6, Max: 41048995.8, Diff: 0.3]
      [Ext Root Scanning (ms): Min: 0.4, Avg: 0.6, Max: 0.7, Diff: 0.3, Sum: 2.4]
      [Update RS (ms): Min: 1.5, Avg: 1.6, Max: 1.6, Diff: 0.1, Sum: 6.3]
         [Processed Buffers: Min: 1, Avg: 9.8, Max: 20, Diff: 19, Sum: 39]
      [Scan RS (ms): Min: 4.3, Avg: 4.4, Max: 4.4, Diff: 0.1, Sum: 17.5]
      [Code Root Scanning (ms): Min: 0.0, Avg: 0.0, Max: 0.0, Diff: 0.0, Sum: 0.0]
      [Object Copy (ms): Min: 9.6, Avg: 9.7, Max: 9.8, Diff: 0.2, Sum: 38.7]
      [Termination (ms): Min: 0.0, Avg: 0.0, Max: 0.0, Diff: 0.0, Sum: 0.0]
         [Termination Attempts: Min: 1, Avg: 1.0, Max: 1, Diff: 0, Sum: 4]
      [GC Worker Other (ms): Min: 0.0, Avg: 0.0, Max: 0.0, Diff: 0.0, Sum: 0.1]
      [GC Worker Total (ms): Min: 16.1, Avg: 16.3, Max: 16.4, Diff: 0.3, Sum: 65.1]
      [GC Worker End (ms): Min: 41049011.8, Avg: 41049011.8, Max: 41049011.9, Diff: 0.0]
   [Code Root Fixup: 0.0 ms]
   [Code Root Purge: 0.0 ms]
   [Clear CT: 0.1 ms]
   [Other: 0.8 ms]
      [Choose CSet: 0.0 ms]
      [Ref Proc: 0.2 ms]
      [Ref Enq: 0.0 ms]
      [Redirty Cards: 0.1 ms]
      [Humongous Register: 0.0 ms]
      [Humongous Reclaim: 0.0 ms]
      [Free CSet: 0.2 ms]
   [Eden: 121.0M(46.0M)->0.0B(180.0M) Survivors: 5120.0K->5120.0K Heap: 398.2M(1024.0M)->278.0M(1024.0M)]
 [Times: user=0.06 sys=0.01, real=0.02 secs] 
2019-11-03T21:24:12.493+0800: 41087.511: [GC pause (G1 Evacuation Pause) (young), 0.0285660 secs]
   [Parallel Time: 27.7 ms, GC Workers: 4]
      [GC Worker Start (ms): Min: 41087511.1, Avg: 41087511.2, Max: 41087511.5, Diff: 0.4]
      [Ext Root Scanning (ms): Min: 0.2, Avg: 0.5, Max: 0.6, Diff: 0.5, Sum: 2.0]
      [Update RS (ms): Min: 1.6, Avg: 2.1, Max: 2.3, Diff: 0.7, Sum: 8.4]
         [Processed Buffers: Min: 2, Avg: 10.8, Max: 23, Diff: 21, Sum: 43]
      [Scan RS (ms): Min: 3.7, Avg: 3.9, Max: 4.0, Diff: 0.3, Sum: 15.4]
      [Code Root Scanning (ms): Min: 0.0, Avg: 0.0, Max: 0.0, Diff: 0.0, Sum: 0.0]
      [Object Copy (ms): Min: 20.7, Avg: 21.0, Max: 21.3, Diff: 0.5, Sum: 83.8]
      [Termination (ms): Min: 0.0, Avg: 0.0, Max: 0.0, Diff: 0.0, Sum: 0.0]
         [Termination Attempts: Min: 1, Avg: 1.0, Max: 1, Diff: 0, Sum: 4]
      [GC Worker Other (ms): Min: 0.0, Avg: 0.0, Max: 0.1, Diff: 0.0, Sum: 0.2]
      [GC Worker Total (ms): Min: 27.1, Avg: 27.5, Max: 27.6, Diff: 0.5, Sum: 109.9]
      [GC Worker End (ms): Min: 41087538.7, Avg: 41087538.7, Max: 41087538.7, Diff: 0.0]
   [Code Root Fixup: 0.0 ms]
   [Code Root Purge: 0.0 ms]
   [Clear CT: 0.1 ms]
   [Other: 0.8 ms]
      [Choose CSet: 0.0 ms]
      [Ref Proc: 0.2 ms]
      [Ref Enq: 0.0 ms]
      [Redirty Cards: 0.1 ms]
      [Humongous Register: 0.1 ms]
      [Humongous Reclaim: 0.0 ms]
      [Free CSet: 0.3 ms]
   [Eden: 180.0M(180.0M)->0.0B(44.0M) Survivors: 5120.0K->7168.0K Heap: 458.0M(1024.0M)->279.5M(1024.0M)]
 [Times: user=0.07 sys=0.02, real=0.03 secs] 
2019-11-03T21:24:22.071+0800: 41097.089: [GC pause (G1 Evacuation Pause) (young), 0.0226122 secs]
   [Parallel Time: 22.0 ms, GC Workers: 4]
      [GC Worker Start (ms): Min: 41097089.5, Avg: 41097089.5, Max: 41097089.6, Diff: 0.1]
      [Ext Root Scanning (ms): Min: 0.6, Avg: 0.7, Max: 0.7, Diff: 0.1, Sum: 2.7]
      [Update RS (ms): Min: 1.7, Avg: 1.9, Max: 2.1, Diff: 0.4, Sum: 7.6]
         [Processed Buffers: Min: 2, Avg: 8.5, Max: 19, Diff: 17, Sum: 34]
      [Scan RS (ms): Min: 3.9, Avg: 4.0, Max: 4.1, Diff: 0.2, Sum: 15.9]
      [Code Root Scanning (ms): Min: 0.0, Avg: 0.0, Max: 0.0, Diff: 0.0, Sum: 0.0]
      [Object Copy (ms): Min: 15.2, Avg: 15.3, Max: 15.4, Diff: 0.2, Sum: 61.2]
      [Termination (ms): Min: 0.0, Avg: 0.0, Max: 0.0, Diff: 0.0, Sum: 0.0]
         [Termination Attempts: Min: 1, Avg: 1.0, Max: 1, Diff: 0, Sum: 4]
      [GC Worker Other (ms): Min: 0.0, Avg: 0.0, Max: 0.1, Diff: 0.0, Sum: 0.2]
      [GC Worker Total (ms): Min: 21.8, Avg: 21.9, Max: 22.0, Diff: 0.1, Sum: 87.6]
      [GC Worker End (ms): Min: 41097111.4, Avg: 41097111.4, Max: 41097111.4, Diff: 0.0]
   [Code Root Fixup: 0.0 ms]
   [Code Root Purge: 0.0 ms]
   [Clear CT: 0.0 ms]
   [Other: 0.5 ms]
      [Choose CSet: 0.0 ms]
      [Ref Proc: 0.1 ms]
      [Ref Enq: 0.0 ms]
      [Redirty Cards: 0.1 ms]
      [Humongous Register: 0.1 ms]
      [Humongous Reclaim: 0.0 ms]
      [Free CSet: 0.1 ms]
   [Eden: 44.0M(44.0M)->0.0B(46.0M) Survivors: 7168.0K->5120.0K Heap: 323.5M(1024.0M)->279.8M(1024.0M)]
 [Times: user=0.07 sys=0.00, real=0.02 secs] 
2019-11-03T21:24:31.985+0800: 41107.002: [GC pause (G1 Evacuation Pause) (young), 0.0241574 secs]
   [Parallel Time: 23.4 ms, GC Workers: 4]
      [GC Worker Start (ms): Min: 41107002.6, Avg: 41107002.6, Max: 41107002.7, Diff: 0.1]
      [Ext Root Scanning (ms): Min: 0.4, Avg: 0.5, Max: 0.5, Diff: 0.1, Sum: 1.9]
      [Update RS (ms): Min: 3.0, Avg: 6.7, Max: 10.3, Diff: 7.4, Sum: 26.7]
         [Processed Buffers: Min: 0, Avg: 9.0, Max: 20, Diff: 20, Sum: 36]
      [Scan RS (ms): Min: 0.9, Avg: 6.7, Max: 16.9, Diff: 16.0, Sum: 26.9]
      [Code Root Scanning (ms): Min: 0.0, Avg: 0.0, Max: 0.0, Diff: 0.0, Sum: 0.0]
      [Object Copy (ms): Min: 2.6, Avg: 9.2, Max: 11.5, Diff: 8.8, Sum: 36.7]
      [Termination (ms): Min: 0.0, Avg: 0.1, Max: 0.2, Diff: 0.2, Sum: 0.6]
         [Termination Attempts: Min: 1, Avg: 1.2, Max: 2, Diff: 1, Sum: 5]
      [GC Worker Other (ms): Min: 0.0, Avg: 0.0, Max: 0.0, Diff: 0.0, Sum: 0.1]
      [GC Worker Total (ms): Min: 23.1, Avg: 23.2, Max: 23.3, Diff: 0.1, Sum: 93.0]
      [GC Worker End (ms): Min: 41107025.8, Avg: 41107025.9, Max: 41107025.9, Diff: 0.1]
   [Code Root Fixup: 0.0 ms]
   [Code Root Purge: 0.0 ms]
   [Clear CT: 0.1 ms]
   [Other: 0.7 ms]
      [Choose CSet: 0.0 ms]
      [Ref Proc: 0.2 ms]
      [Ref Enq: 0.0 ms]
      [Redirty Cards: 0.1 ms]
      [Humongous Register: 0.1 ms]
      [Humongous Reclaim: 0.0 ms]
      [Free CSet: 0.1 ms]
   [Eden: 46.0M(46.0M)->0.0B(46.0M) Survivors: 5120.0K->5120.0K Heap: 325.8M(1024.0M)->279.8M(1024.0M)]
 [Times: user=0.06 sys=0.00, real=0.03 secs] 
2019-11-03T21:24:41.950+0800: 41116.967: [GC pause (G1 Evacuation Pause) (young), 0.0190404 secs]
   [Parallel Time: 18.2 ms, GC Workers: 4]
      [GC Worker Start (ms): Min: 41116967.5, Avg: 41116967.6, Max: 41116967.6, Diff: 0.1]
      [Ext Root Scanning (ms): Min: 0.8, Avg: 0.8, Max: 0.9, Diff: 0.1, Sum: 3.3]
      [Update RS (ms): Min: 2.6, Avg: 2.8, Max: 3.0, Diff: 0.4, Sum: 11.1]
         [Processed Buffers: Min: 2, Avg: 9.2, Max: 19, Diff: 17, Sum: 37]
      [Scan RS (ms): Min: 6.0, Avg: 6.2, Max: 6.5, Diff: 0.5, Sum: 25.0]
      [Code Root Scanning (ms): Min: 0.0, Avg: 0.0, Max: 0.0, Diff: 0.0, Sum: 0.0]
      [Object Copy (ms): Min: 8.0, Avg: 8.2, Max: 8.3, Diff: 0.2, Sum: 32.7]
      [Termination (ms): Min: 0.0, Avg: 0.0, Max: 0.0, Diff: 0.0, Sum: 0.0]
         [Termination Attempts: Min: 1, Avg: 1.5, Max: 3, Diff: 2, Sum: 6]
      [GC Worker Other (ms): Min: 0.0, Avg: 0.0, Max: 0.1, Diff: 0.0, Sum: 0.1]
      [GC Worker Total (ms): Min: 18.0, Avg: 18.0, Max: 18.1, Diff: 0.1, Sum: 72.2]
      [GC Worker End (ms): Min: 41116985.6, Avg: 41116985.6, Max: 41116985.6, Diff: 0.0]
   [Code Root Fixup: 0.0 ms]
   [Code Root Purge: 0.0 ms]
   [Clear CT: 0.1 ms]
   [Other: 0.8 ms]
      [Choose CSet: 0.0 ms]
      [Ref Proc: 0.2 ms]
      [Ref Enq: 0.0 ms]
      [Redirty Cards: 0.1 ms]
      [Humongous Register: 0.0 ms]
      [Humongous Reclaim: 0.0 ms]
      [Free CSet: 0.1 ms]
   [Eden: 46.0M(46.0M)->0.0B(46.0M) Survivors: 5120.0K->5120.0K Heap: 325.8M(1024.0M)->279.8M(1024.0M)]
 [Times: user=0.07 sys=0.00, real=0.02 secs] 
2019-11-03T21:24:51.873+0800: 41126.890: [GC pause (G1 Evacuation Pause) (young), 0.0187024 secs]
   [Parallel Time: 17.8 ms, GC Workers: 4]
      [GC Worker Start (ms): Min: 41126890.1, Avg: 41126890.2, Max: 41126890.6, Diff: 0.5]
      [Ext Root Scanning (ms): Min: 0.3, Avg: 0.7, Max: 0.9, Diff: 0.6, Sum: 2.8]
      [Update RS (ms): Min: 1.3, Avg: 1.9, Max: 3.0, Diff: 1.6, Sum: 7.7]
         [Processed Buffers: Min: 1, Avg: 8.2, Max: 17, Diff: 16, Sum: 33]
      [Scan RS (ms): Min: 3.1, Avg: 4.2, Max: 4.8, Diff: 1.7, Sum: 16.9]
      [Code Root Scanning (ms): Min: 0.0, Avg: 0.0, Max: 0.0, Diff: 0.0, Sum: 0.0]
      [Object Copy (ms): Min: 10.6, Avg: 10.7, Max: 10.8, Diff: 0.2, Sum: 42.8]
      [Termination (ms): Min: 0.0, Avg: 0.0, Max: 0.0, Diff: 0.0, Sum: 0.0]
         [Termination Attempts: Min: 1, Avg: 1.2, Max: 2, Diff: 1, Sum: 5]
      [GC Worker Other (ms): Min: 0.0, Avg: 0.0, Max: 0.0, Diff: 0.0, Sum: 0.1]
      [GC Worker Total (ms): Min: 17.2, Avg: 17.6, Max: 17.7, Diff: 0.6, Sum: 70.4]
      [GC Worker End (ms): Min: 41126907.8, Avg: 41126907.8, Max: 41126907.9, Diff: 0.0]
   [Code Root Fixup: 0.0 ms]
   [Code Root Purge: 0.0 ms]
   [Clear CT: 0.1 ms]
   [Other: 0.8 ms]
      [Choose CSet: 0.0 ms]
      [Ref Proc: 0.2 ms]
      [Ref Enq: 0.0 ms]
      [Redirty Cards: 0.1 ms]
      [Humongous Register: 0.2 ms]
      [Humongous Reclaim: 0.0 ms]
      [Free CSet: 0.1 ms]
   [Eden: 46.0M(46.0M)->0.0B(45.0M) Survivors: 5120.0K->6144.0K Heap: 325.8M(1024.0M)->281.3M(1024.0M)]
 [Times: user=0.06 sys=0.01, real=0.02 secs] 
2019-11-03T21:25:01.443+0800: 41136.459: [GC pause (G1 Evacuation Pause) (young), 0.0216280 secs]
   [Parallel Time: 20.8 ms, GC Workers: 4]
      [GC Worker Start (ms): Min: 41136459.2, Avg: 41136459.4, Max: 41136459.7, Diff: 0.4]
      [Ext Root Scanning (ms): Min: 0.6, Avg: 0.9, Max: 1.0, Diff: 0.4, Sum: 3.7]
      [Update RS (ms): Min: 2.7, Avg: 3.0, Max: 3.3, Diff: 0.6, Sum: 11.9]
         [Processed Buffers: Min: 2, Avg: 9.0, Max: 15, Diff: 13, Sum: 36]
      [Scan RS (ms): Min: 5.3, Avg: 5.7, Max: 6.0, Diff: 0.7, Sum: 22.6]
      [Code Root Scanning (ms): Min: 0.0, Avg: 0.0, Max: 0.0, Diff: 0.0, Sum: 0.0]
      [Object Copy (ms): Min: 10.9, Avg: 11.1, Max: 11.2, Diff: 0.2, Sum: 44.3]
      [Termination (ms): Min: 0.0, Avg: 0.0, Max: 0.0, Diff: 0.0, Sum: 0.0]
         [Termination Attempts: Min: 1, Avg: 1.0, Max: 1, Diff: 0, Sum: 4]
      [GC Worker Other (ms): Min: 0.0, Avg: 0.0, Max: 0.0, Diff: 0.0, Sum: 0.2]
      [GC Worker Total (ms): Min: 20.4, Avg: 20.7, Max: 20.8, Diff: 0.4, Sum: 82.7]
      [GC Worker End (ms): Min: 41136480.0, Avg: 41136480.0, Max: 41136480.0, Diff: 0.0]
   [Code Root Fixup: 0.0 ms]
   [Code Root Purge: 0.0 ms]
   [Clear CT: 0.1 ms]
   [Other: 0.7 ms]
      [Choose CSet: 0.0 ms]
      [Ref Proc: 0.2 ms]
      [Ref Enq: 0.0 ms]
      [Redirty Cards: 0.1 ms]
      [Humongous Register: 0.0 ms]
      [Humongous Reclaim: 0.0 ms]
      [Free CSet: 0.1 ms]
   [Eden: 45.0M(45.0M)->0.0B(46.0M) Survivors: 6144.0K->5120.0K Heap: 326.3M(1024.0M)->280.9M(1024.0M)]
 [Times: user=0.08 sys=0.01, real=0.02 secs] 
2019-11-03T21:25:11.402+0800: 41146.418: [GC pause (G1 Evacuation Pause) (young), 0.0186023 secs]
   [Parallel Time: 18.0 ms, GC Workers: 4]
      [GC Worker Start (ms): Min: 41146418.0, Avg: 41146418.1, Max: 41146418.3, Diff: 0.3]
      [Ext Root Scanning (ms): Min: 0.7, Avg: 0.9, Max: 1.0, Diff: 0.3, Sum: 3.4]
      [Update RS (ms): Min: 2.6, Avg: 3.0, Max: 3.5, Diff: 0.9, Sum: 11.9]
         [Processed Buffers: Min: 1, Avg: 8.8, Max: 16, Diff: 15, Sum: 35]
      [Scan RS (ms): Min: 5.8, Avg: 6.3, Max: 6.7, Diff: 0.9, Sum: 25.0]
      [Code Root Scanning (ms): Min: 0.0, Avg: 0.0, Max: 0.0, Diff: 0.0, Sum: 0.0]
      [Object Copy (ms): Min: 7.6, Avg: 7.6, Max: 7.8, Diff: 0.3, Sum: 30.6]
      [Termination (ms): Min: 0.0, Avg: 0.0, Max: 0.0, Diff: 0.0, Sum: 0.0]
         [Termination Attempts: Min: 1, Avg: 2.0, Max: 3, Diff: 2, Sum: 8]
      [GC Worker Other (ms): Min: 0.0, Avg: 0.1, Max: 0.1, Diff: 0.1, Sum: 0.2]
      [GC Worker Total (ms): Min: 17.6, Avg: 17.8, Max: 17.9, Diff: 0.3, Sum: 71.2]
      [GC Worker End (ms): Min: 41146435.9, Avg: 41146435.9, Max: 41146435.9, Diff: 0.1]
   [Code Root Fixup: 0.0 ms]
   [Code Root Purge: 0.0 ms]
   [Clear CT: 0.1 ms]
   [Other: 0.5 ms]
      [Choose CSet: 0.0 ms]
      [Ref Proc: 0.1 ms]
      [Ref Enq: 0.0 ms]
      [Redirty Cards: 0.1 ms]
      [Humongous Register: 0.0 ms]
      [Humongous Reclaim: 0.0 ms]
      [Free CSet: 0.1 ms]
   [Eden: 46.0M(46.0M)->0.0B(46.0M) Survivors: 5120.0K->5120.0K Heap: 326.9M(1024.0M)->280.9M(1024.0M)]
 [Times: user=0.07 sys=0.00, real=0.02 secs] 
2019-11-03T21:25:21.379+0800: 41156.394: [GC pause (G1 Evacuation Pause) (young), 0.0204009 secs]
   [Parallel Time: 19.5 ms, GC Workers: 4]
      [GC Worker Start (ms): Min: 41156394.6, Avg: 41156395.4, Max: 41156398.0, Diff: 3.4]
      [Ext Root Scanning (ms): Min: 0.0, Avg: 0.8, Max: 1.1, Diff: 1.1, Sum: 3.4]
      [Update RS (ms): Min: 0.6, Avg: 2.3, Max: 2.9, Diff: 2.3, Sum: 9.3]
         [Processed Buffers: Min: 2, Avg: 7.8, Max: 13, Diff: 11, Sum: 31]
      [Scan RS (ms): Min: 6.1, Avg: 6.2, Max: 6.3, Diff: 0.3, Sum: 24.7]
      [Code Root Scanning (ms): Min: 0.0, Avg: 0.0, Max: 0.0, Diff: 0.0, Sum: 0.0]
      [Object Copy (ms): Min: 9.2, Avg: 9.2, Max: 9.3, Diff: 0.1, Sum: 36.8]
      [Termination (ms): Min: 0.0, Avg: 0.0, Max: 0.0, Diff: 0.0, Sum: 0.0]
         [Termination Attempts: Min: 1, Avg: 2.0, Max: 3, Diff: 2, Sum: 8]
      [GC Worker Other (ms): Min: 0.0, Avg: 0.0, Max: 0.1, Diff: 0.0, Sum: 0.2]
      [GC Worker Total (ms): Min: 16.1, Avg: 18.6, Max: 19.5, Diff: 3.4, Sum: 74.4]
      [GC Worker End (ms): Min: 41156414.0, Avg: 41156414.0, Max: 41156414.0, Diff: 0.0]
   [Code Root Fixup: 0.0 ms]
   [Code Root Purge: 0.0 ms]
   [Clear CT: 0.1 ms]
   [Other: 0.7 ms]
      [Choose CSet: 0.0 ms]
      [Ref Proc: 0.2 ms]
      [Ref Enq: 0.0 ms]
      [Redirty Cards: 0.1 ms]
      [Humongous Register: 0.0 ms]
      [Humongous Reclaim: 0.0 ms]
      [Free CSet: 0.1 ms]
   [Eden: 46.0M(46.0M)->0.0B(45.0M) Survivors: 5120.0K->6144.0K Heap: 326.9M(1024.0M)->282.4M(1024.0M)]
 [Times: user=0.07 sys=0.01, real=0.03 secs] 
2019-11-03T21:25:31.065+0800: 41166.080: [GC pause (G1 Evacuation Pause) (young), 0.0232027 secs]
   [Parallel Time: 21.3 ms, GC Workers: 4]
      [GC Worker Start (ms): Min: 41166080.3, Avg: 41166081.1, Max: 41166082.1, Diff: 1.8]
      [Ext Root Scanning (ms): Min: 0.2, Avg: 1.2, Max: 2.0, Diff: 1.8, Sum: 4.6]
      [Update RS (ms): Min: 1.8, Avg: 1.9, Max: 2.1, Diff: 0.4, Sum: 7.6]
         [Processed Buffers: Min: 7, Avg: 8.2, Max: 10, Diff: 3, Sum: 33]
      [Scan RS (ms): Min: 6.3, Avg: 6.5, Max: 6.6, Diff: 0.3, Sum: 26.0]
      [Code Root Scanning (ms): Min: 0.0, Avg: 0.0, Max: 0.0, Diff: 0.0, Sum: 0.0]
      [Object Copy (ms): Min: 10.8, Avg: 10.9, Max: 11.0, Diff: 0.2, Sum: 43.4]
      [Termination (ms): Min: 0.0, Avg: 0.0, Max: 0.0, Diff: 0.0, Sum: 0.0]
         [Termination Attempts: Min: 1, Avg: 1.0, Max: 1, Diff: 0, Sum: 4]
      [GC Worker Other (ms): Min: 0.0, Avg: 0.0, Max: 0.0, Diff: 0.0, Sum: 0.1]
      [GC Worker Total (ms): Min: 19.4, Avg: 20.4, Max: 21.2, Diff: 1.8, Sum: 81.7]
      [GC Worker End (ms): Min: 41166101.5, Avg: 41166101.5, Max: 41166101.5, Diff: 0.0]
   [Code Root Fixup: 0.0 ms]
   [Code Root Purge: 0.0 ms]
   [Clear CT: 0.1 ms]
   [Other: 1.8 ms]
      [Choose CSet: 0.0 ms]
      [Ref Proc: 1.2 ms]
      [Ref Enq: 0.0 ms]
      [Redirty Cards: 0.1 ms]
      [Humongous Register: 0.1 ms]
      [Humongous Reclaim: 0.0 ms]
      [Free CSet: 0.1 ms]
   [Eden: 45.0M(45.0M)->0.0B(46.0M) Survivors: 6144.0K->5120.0K Heap: 327.4M(1024.0M)->282.0M(1024.0M)]
 [Times: user=0.08 sys=0.00, real=0.02 secs] 
2019-11-03T21:25:40.996+0800: 41176.011: [GC pause (G1 Evacuation Pause) (young), 0.0156768 secs]
   [Parallel Time: 14.9 ms, GC Workers: 4]
      [GC Worker Start (ms): Min: 41176010.8, Avg: 41176010.8, Max: 41176010.9, Diff: 0.0]
      [Ext Root Scanning (ms): Min: 0.4, Avg: 0.5, Max: 0.5, Diff: 0.1, Sum: 1.9]
      [Update RS (ms): Min: 1.5, Avg: 1.6, Max: 1.8, Diff: 0.3, Sum: 6.5]
         [Processed Buffers: Min: 3, Avg: 8.8, Max: 16, Diff: 13, Sum: 35]
      [Scan RS (ms): Min: 5.4, Avg: 5.6, Max: 5.7, Diff: 0.3, Sum: 22.4]
      [Code Root Scanning (ms): Min: 0.0, Avg: 0.0, Max: 0.0, Diff: 0.0, Sum: 0.0]
      [Object Copy (ms): Min: 7.1, Avg: 7.1, Max: 7.1, Diff: 0.1, Sum: 28.4]
      [Termination (ms): Min: 0.0, Avg: 0.0, Max: 0.0, Diff: 0.0, Sum: 0.0]
         [Termination Attempts: Min: 1, Avg: 3.2, Max: 8, Diff: 7, Sum: 13]
      [GC Worker Other (ms): Min: 0.0, Avg: 0.0, Max: 0.1, Diff: 0.0, Sum: 0.2]
      [GC Worker Total (ms): Min: 14.8, Avg: 14.8, Max: 14.8, Diff: 0.0, Sum: 59.3]
      [GC Worker End (ms): Min: 41176025.6, Avg: 41176025.7, Max: 41176025.7, Diff: 0.0]
   [Code Root Fixup: 0.0 ms]
   [Code Root Purge: 0.0 ms]
   [Clear CT: 0.1 ms]
   [Other: 0.7 ms]
      [Choose CSet: 0.0 ms]
      [Ref Proc: 0.2 ms]
      [Ref Enq: 0.0 ms]
      [Redirty Cards: 0.1 ms]
      [Humongous Register: 0.0 ms]
      [Humongous Reclaim: 0.0 ms]
      [Free CSet: 0.1 ms]
   [Eden: 46.0M(46.0M)->0.0B(48.0M) Survivors: 5120.0K->5120.0K Heap: 328.0M(1024.0M)->282.0M(1024.0M)]
 [Times: user=0.05 sys=0.00, real=0.02 secs] 
2019-11-03T21:25:51.385+0800: 41186.399: [GC pause (G1 Evacuation Pause) (young), 0.0181776 secs]
   [Parallel Time: 17.2 ms, GC Workers: 4]
      [GC Worker Start (ms): Min: 41186399.7, Avg: 41186399.9, Max: 41186400.5, Diff: 0.8]
      [Ext Root Scanning (ms): Min: 0.7, Avg: 1.2, Max: 1.5, Diff: 0.8, Sum: 4.9]
      [Update RS (ms): Min: 2.9, Avg: 3.5, Max: 4.3, Diff: 1.4, Sum: 13.8]
         [Processed Buffers: Min: 1, Avg: 7.8, Max: 14, Diff: 13, Sum: 31]
      [Scan RS (ms): Min: 3.7, Avg: 4.5, Max: 5.2, Diff: 1.5, Sum: 18.0]
      [Code Root Scanning (ms): Min: 0.0, Avg: 0.0, Max: 0.0, Diff: 0.0, Sum: 0.0]
      [Object Copy (ms): Min: 7.5, Avg: 7.7, Max: 7.8, Diff: 0.3, Sum: 30.7]
      [Termination (ms): Min: 0.0, Avg: 0.0, Max: 0.0, Diff: 0.0, Sum: 0.0]
         [Termination Attempts: Min: 1, Avg: 1.0, Max: 1, Diff: 0, Sum: 4]
      [GC Worker Other (ms): Min: 0.0, Avg: 0.0, Max: 0.0, Diff: 0.0, Sum: 0.1]
      [GC Worker Total (ms): Min: 16.3, Avg: 16.9, Max: 17.1, Diff: 0.8, Sum: 67.5]
      [GC Worker End (ms): Min: 41186416.8, Avg: 41186416.8, Max: 41186416.8, Diff: 0.0]
   [Code Root Fixup: 0.0 ms]
   [Code Root Purge: 0.0 ms]
   [Clear CT: 0.1 ms]
   [Other: 0.9 ms]
      [Choose CSet: 0.0 ms]
      [Ref Proc: 0.2 ms]
      [Ref Enq: 0.0 ms]
      [Redirty Cards: 0.1 ms]
      [Humongous Register: 0.1 ms]
      [Humongous Reclaim: 0.0 ms]
      [Free CSet: 0.1 ms]
   [Eden: 48.0M(48.0M)->0.0B(101.0M) Survivors: 5120.0K->5120.0K Heap: 330.0M(1024.0M)->282.0M(1024.0M)]
 [Times: user=0.06 sys=0.00, real=0.02 secs] 
2019-11-03T21:26:01.108+0800: 41196.121: [GC pause (G1 Evacuation Pause) (young), 0.0174047 secs]
   [Parallel Time: 16.6 ms, GC Workers: 4]
      [GC Worker Start (ms): Min: 41196121.7, Avg: 41196121.7, Max: 41196121.8, Diff: 0.1]
      [Ext Root Scanning (ms): Min: 0.6, Avg: 0.7, Max: 0.7, Diff: 0.1, Sum: 2.7]
      [Update RS (ms): Min: 1.6, Avg: 1.7, Max: 1.8, Diff: 0.2, Sum: 6.7]
         [Processed Buffers: Min: 1, Avg: 9.0, Max: 16, Diff: 15, Sum: 36]
      [Scan RS (ms): Min: 3.9, Avg: 4.1, Max: 4.2, Diff: 0.3, Sum: 16.4]
      [Code Root Scanning (ms): Min: 0.0, Avg: 0.0, Max: 0.0, Diff: 0.0, Sum: 0.0]
      [Object Copy (ms): Min: 10.0, Avg: 10.0, Max: 10.1, Diff: 0.1, Sum: 40.2]
      [Termination (ms): Min: 0.0, Avg: 0.0, Max: 0.0, Diff: 0.0, Sum: 0.0]
         [Termination Attempts: Min: 1, Avg: 1.0, Max: 1, Diff: 0, Sum: 4]
      [GC Worker Other (ms): Min: 0.0, Avg: 0.0, Max: 0.0, Diff: 0.0, Sum: 0.1]
      [GC Worker Total (ms): Min: 16.5, Avg: 16.5, Max: 16.5, Diff: 0.1, Sum: 66.0]
      [GC Worker End (ms): Min: 41196138.2, Avg: 41196138.2, Max: 41196138.3, Diff: 0.0]
   [Code Root Fixup: 0.0 ms]
   [Code Root Purge: 0.0 ms]
   [Clear CT: 0.1 ms]
   [Other: 0.7 ms]
      [Choose CSet: 0.0 ms]
      [Ref Proc: 0.1 ms]
      [Ref Enq: 0.0 ms]
      [Redirty Cards: 0.1 ms]
      [Humongous Register: 0.1 ms]
      [Humongous Reclaim: 0.0 ms]
      [Free CSet: 0.1 ms]
   [Eden: 46.0M(46.0M)->0.0B(148.0M) Survivors: 5120.0K->6144.0K Heap: 328.0M(1024.0M)->283.5M(1024.0M)]
 [Times: user=0.06 sys=0.00, real=0.02 secs] 
2019-11-03T21:26:32.000+0800: 41227.013: [GC pause (G1 Evacuation Pause) (young), 0.0262823 secs]
   [Parallel Time: 25.4 ms, GC Workers: 4]
      [GC Worker Start (ms): Min: 41227012.8, Avg: 41227013.1, Max: 41227013.6, Diff: 0.8]
      [Ext Root Scanning (ms): Min: 0.3, Avg: 0.9, Max: 1.2, Diff: 0.8, Sum: 3.6]
      [Update RS (ms): Min: 2.6, Avg: 3.8, Max: 5.9, Diff: 3.3, Sum: 15.2]
         [Processed Buffers: Min: 3, Avg: 9.5, Max: 16, Diff: 13, Sum: 38]
      [Scan RS (ms): Min: 3.0, Avg: 5.1, Max: 6.2, Diff: 3.3, Sum: 20.3]
      [Code Root Scanning (ms): Min: 0.0, Avg: 0.0, Max: 0.0, Diff: 0.0, Sum: 0.0]
      [Object Copy (ms): Min: 15.2, Avg: 15.2, Max: 15.2, Diff: 0.0, Sum: 60.8]
      [Termination (ms): Min: 0.0, Avg: 0.0, Max: 0.0, Diff: 0.0, Sum: 0.0]
         [Termination Attempts: Min: 1, Avg: 2.0, Max: 4, Diff: 3, Sum: 8]
      [GC Worker Other (ms): Min: 0.0, Avg: 0.1, Max: 0.2, Diff: 0.1, Sum: 0.3]
      [GC Worker Total (ms): Min: 24.5, Avg: 25.1, Max: 25.3, Diff: 0.9, Sum: 100.3]
      [GC Worker End (ms): Min: 41227038.1, Avg: 41227038.1, Max: 41227038.1, Diff: 0.0]
   [Code Root Fixup: 0.0 ms]
   [Code Root Purge: 0.0 ms]
   [Clear CT: 0.1 ms]
   [Other: 0.7 ms]
      [Choose CSet: 0.0 ms]
      [Ref Proc: 0.2 ms]
      [Ref Enq: 0.0 ms]
      [Redirty Cards: 0.1 ms]
      [Humongous Register: 0.0 ms]
      [Humongous Reclaim: 0.0 ms]
      [Free CSet: 0.1 ms]
   [Eden: 143.0M(45.0M)->0.0B(46.0M) Survivors: 6144.0K->5120.0K Heap: 426.5M(1024.0M)->283.4M(1024.0M)]
 [Times: user=0.08 sys=0.00, real=0.02 secs] 
2019-11-03T21:26:41.970+0800: 41236.982: [GC pause (G1 Evacuation Pause) (young), 0.0177415 secs]
   [Parallel Time: 17.0 ms, GC Workers: 4]
      [GC Worker Start (ms): Min: 41236982.2, Avg: 41236982.2, Max: 41236982.2, Diff: 0.1]
      [Ext Root Scanning (ms): Min: 0.7, Avg: 0.8, Max: 0.8, Diff: 0.1, Sum: 3.1]
      [Update RS (ms): Min: 2.1, Avg: 2.4, Max: 2.6, Diff: 0.5, Sum: 9.6]
         [Processed Buffers: Min: 1, Avg: 7.8, Max: 14, Diff: 13, Sum: 31]
      [Scan RS (ms): Min: 4.6, Avg: 4.7, Max: 5.0, Diff: 0.4, Sum: 19.0]
      [Code Root Scanning (ms): Min: 0.0, Avg: 0.0, Max: 0.0, Diff: 0.0, Sum: 0.0]
      [Object Copy (ms): Min: 8.8, Avg: 8.9, Max: 9.0, Diff: 0.2, Sum: 35.6]
      [Termination (ms): Min: 0.0, Avg: 0.0, Max: 0.0, Diff: 0.0, Sum: 0.0]
         [Termination Attempts: Min: 1, Avg: 1.2, Max: 2, Diff: 1, Sum: 5]
      [GC Worker Other (ms): Min: 0.0, Avg: 0.0, Max: 0.0, Diff: 0.0, Sum: 0.1]
      [GC Worker Total (ms): Min: 16.8, Avg: 16.8, Max: 16.9, Diff: 0.0, Sum: 67.4]
      [GC Worker End (ms): Min: 41236999.0, Avg: 41236999.0, Max: 41236999.0, Diff: 0.0]
   [Code Root Fixup: 0.0 ms]
   [Code Root Purge: 0.0 ms]
   [Clear CT: 0.1 ms]
   [Other: 0.7 ms]
      [Choose CSet: 0.0 ms]
      [Ref Proc: 0.1 ms]
      [Ref Enq: 0.0 ms]
      [Redirty Cards: 0.1 ms]
      [Humongous Register: 0.0 ms]
      [Humongous Reclaim: 0.0 ms]
      [Free CSet: 0.1 ms]
   [Eden: 46.0M(46.0M)->0.0B(79.0M) Survivors: 5120.0K->5120.0K Heap: 329.4M(1024.0M)->283.5M(1024.0M)]
 [Times: user=0.07 sys=0.00, real=0.01 secs] 
2019-11-03T21:26:51.847+0800: 41246.859: [GC pause (G1 Evacuation Pause) (young), 0.0226910 secs]
   [Parallel Time: 22.0 ms, GC Workers: 4]
      [GC Worker Start (ms): Min: 41246858.7, Avg: 41246859.3, Max: 41246860.0, Diff: 1.3]
      [Ext Root Scanning (ms): Min: 0.2, Avg: 0.9, Max: 1.4, Diff: 1.3, Sum: 3.5]
      [Update RS (ms): Min: 3.1, Avg: 3.3, Max: 3.6, Diff: 0.5, Sum: 13.1]
         [Processed Buffers: Min: 0, Avg: 7.8, Max: 17, Diff: 17, Sum: 31]
      [Scan RS (ms): Min: 4.0, Avg: 4.4, Max: 4.6, Diff: 0.6, Sum: 17.4]
      [Code Root Scanning (ms): Min: 0.0, Avg: 0.0, Max: 0.0, Diff: 0.0, Sum: 0.0]
      [Object Copy (ms): Min: 12.6, Avg: 12.8, Max: 12.9, Diff: 0.3, Sum: 51.2]
      [Termination (ms): Min: 0.0, Avg: 0.0, Max: 0.0, Diff: 0.0, Sum: 0.0]
         [Termination Attempts: Min: 1, Avg: 1.2, Max: 2, Diff: 1, Sum: 5]
      [GC Worker Other (ms): Min: 0.0, Avg: 0.0, Max: 0.0, Diff: 0.0, Sum: 0.1]
      [GC Worker Total (ms): Min: 20.6, Avg: 21.3, Max: 21.9, Diff: 1.3, Sum: 85.3]
      [GC Worker End (ms): Min: 41246880.6, Avg: 41246880.6, Max: 41246880.6, Diff: 0.0]
   [Code Root Fixup: 0.0 ms]
   [Code Root Purge: 0.0 ms]
   [Clear CT: 0.1 ms]
   [Other: 0.6 ms]
      [Choose CSet: 0.0 ms]
      [Ref Proc: 0.1 ms]
      [Ref Enq: 0.0 ms]
      [Redirty Cards: 0.1 ms]
      [Humongous Register: 0.0 ms]
      [Humongous Reclaim: 0.0 ms]
      [Free CSet: 0.1 ms]
   [Eden: 46.0M(46.0M)->0.0B(46.0M) Survivors: 5120.0K->5120.0K Heap: 329.5M(1024.0M)->284.0M(1024.0M)]
 [Times: user=0.05 sys=0.00, real=0.03 secs] 
2019-11-03T21:27:01.679+0800: 41256.691: [GC pause (G1 Evacuation Pause) (young), 0.0194623 secs]
   [Parallel Time: 18.7 ms, GC Workers: 4]
      [GC Worker Start (ms): Min: 41256691.0, Avg: 41256691.1, Max: 41256691.5, Diff: 0.5]
      [Ext Root Scanning (ms): Min: 0.8, Avg: 1.6, Max: 2.8, Diff: 2.0, Sum: 6.2]
      [Update RS (ms): Min: 0.8, Avg: 2.1, Max: 2.8, Diff: 2.0, Sum: 8.5]
         [Processed Buffers: Min: 4, Avg: 8.0, Max: 16, Diff: 12, Sum: 32]
      [Scan RS (ms): Min: 5.4, Avg: 5.5, Max: 5.7, Diff: 0.4, Sum: 22.2]
      [Code Root Scanning (ms): Min: 0.0, Avg: 0.0, Max: 0.0, Diff: 0.0, Sum: 0.0]
      [Object Copy (ms): Min: 9.1, Avg: 9.2, Max: 9.3, Diff: 0.2, Sum: 36.9]
      [Termination (ms): Min: 0.0, Avg: 0.0, Max: 0.0, Diff: 0.0, Sum: 0.0]
         [Termination Attempts: Min: 1, Avg: 1.2, Max: 2, Diff: 1, Sum: 5]
      [GC Worker Other (ms): Min: 0.0, Avg: 0.0, Max: 0.0, Diff: 0.0, Sum: 0.1]
      [GC Worker Total (ms): Min: 18.1, Avg: 18.5, Max: 18.6, Diff: 0.5, Sum: 73.9]
      [GC Worker End (ms): Min: 41256709.6, Avg: 41256709.6, Max: 41256709.6, Diff: 0.0]
   [Code Root Fixup: 0.0 ms]
   [Code Root Purge: 0.0 ms]
   [Clear CT: 0.1 ms]
   [Other: 0.7 ms]
      [Choose CSet: 0.0 ms]
      [Ref Proc: 0.2 ms]
      [Ref Enq: 0.0 ms]
      [Redirty Cards: 0.1 ms]
      [Humongous Register: 0.0 ms]
      [Humongous Reclaim: 0.0 ms]
      [Free CSet: 0.1 ms]
   [Eden: 46.0M(46.0M)->0.0B(45.0M) Survivors: 5120.0K->6144.0K Heap: 330.0M(1024.0M)->285.0M(1024.0M)]
 [Times: user=0.07 sys=0.01, real=0.02 secs] 
2019-11-03T21:27:11.471+0800: 41266.482: [GC pause (G1 Evacuation Pause) (young), 0.0186317 secs]
   [Parallel Time: 17.8 ms, GC Workers: 4]
      [GC Worker Start (ms): Min: 41266482.1, Avg: 41266482.5, Max: 41266482.9, Diff: 0.8]
      [Ext Root Scanning (ms): Min: 0.3, Avg: 0.8, Max: 1.1, Diff: 0.7, Sum: 3.1]
      [Update RS (ms): Min: 1.0, Avg: 1.3, Max: 1.6, Diff: 0.6, Sum: 5.1]
         [Processed Buffers: Min: 4, Avg: 8.0, Max: 15, Diff: 11, Sum: 32]
      [Scan RS (ms): Min: 3.3, Avg: 3.6, Max: 4.0, Diff: 0.7, Sum: 14.5]
      [Code Root Scanning (ms): Min: 0.0, Avg: 0.0, Max: 0.0, Diff: 0.0, Sum: 0.0]
      [Object Copy (ms): Min: 11.6, Avg: 11.7, Max: 11.8, Diff: 0.3, Sum: 46.8]
      [Termination (ms): Min: 0.0, Avg: 0.0, Max: 0.0, Diff: 0.0, Sum: 0.0]
         [Termination Attempts: Min: 1, Avg: 1.2, Max: 2, Diff: 1, Sum: 5]
      [GC Worker Other (ms): Min: 0.0, Avg: 0.0, Max: 0.1, Diff: 0.1, Sum: 0.1]
      [GC Worker Total (ms): Min: 17.0, Avg: 17.4, Max: 17.7, Diff: 0.8, Sum: 69.6]
      [GC Worker End (ms): Min: 41266499.8, Avg: 41266499.8, Max: 41266499.8, Diff: 0.0]
   [Code Root Fixup: 0.0 ms]
   [Code Root Purge: 0.0 ms]
   [Clear CT: 0.1 ms]
   [Other: 0.8 ms]
      [Choose CSet: 0.0 ms]
      [Ref Proc: 0.2 ms]
      [Ref Enq: 0.0 ms]
      [Redirty Cards: 0.1 ms]
      [Humongous Register: 0.1 ms]
      [Humongous Reclaim: 0.0 ms]
      [Free CSet: 0.1 ms]
   [Eden: 45.0M(45.0M)->0.0B(65.0M) Survivors: 6144.0K->5120.0K Heap: 330.0M(1024.0M)->284.6M(1024.0M)]
 [Times: user=0.06 sys=0.01, real=0.02 secs] 
2019-11-03T21:27:21.353+0800: 41276.364: [GC pause (G1 Evacuation Pause) (young), 0.0158727 secs]
   [Parallel Time: 15.0 ms, GC Workers: 4]
      [GC Worker Start (ms): Min: 41276364.0, Avg: 41276364.1, Max: 41276364.1, Diff: 0.1]
      [Ext Root Scanning (ms): Min: 0.7, Avg: 0.7, Max: 0.7, Diff: 0.1, Sum: 2.7]
      [Update RS (ms): Min: 2.2, Avg: 2.3, Max: 2.6, Diff: 0.4, Sum: 9.4]
         [Processed Buffers: Min: 6, Avg: 8.2, Max: 12, Diff: 6, Sum: 33]
      [Scan RS (ms): Min: 4.5, Avg: 4.7, Max: 4.9, Diff: 0.4, Sum: 18.9]
      [Code Root Scanning (ms): Min: 0.0, Avg: 0.0, Max: 0.0, Diff: 0.0, Sum: 0.0]
      [Object Copy (ms): Min: 7.0, Avg: 7.1, Max: 7.2, Diff: 0.1, Sum: 28.4]
      [Termination (ms): Min: 0.0, Avg: 0.0, Max: 0.0, Diff: 0.0, Sum: 0.0]
         [Termination Attempts: Min: 1, Avg: 2.0, Max: 3, Diff: 2, Sum: 8]
      [GC Worker Other (ms): Min: 0.0, Avg: 0.0, Max: 0.0, Diff: 0.0, Sum: 0.1]
      [GC Worker Total (ms): Min: 14.8, Avg: 14.9, Max: 14.9, Diff: 0.1, Sum: 59.5]
      [GC Worker End (ms): Min: 41276378.9, Avg: 41276378.9, Max: 41276379.0, Diff: 0.0]
   [Code Root Fixup: 0.0 ms]
   [Code Root Purge: 0.0 ms]
   [Clear CT: 0.1 ms]
   [Other: 0.8 ms]
      [Choose CSet: 0.0 ms]
      [Ref Proc: 0.2 ms]
      [Ref Enq: 0.0 ms]
      [Redirty Cards: 0.1 ms]
      [Humongous Register: 0.1 ms]
      [Humongous Reclaim: 0.0 ms]
      [Free CSet: 0.1 ms]
   [Eden: 46.0M(46.0M)->0.0B(139.0M) Survivors: 5120.0K->5120.0K Heap: 330.6M(1024.0M)->284.6M(1024.0M)]
 [Times: user=0.06 sys=0.00, real=0.01 secs] 
2019-11-03T21:27:31.079+0800: 41286.089: [GC pause (G1 Evacuation Pause) (young), 0.0219473 secs]
   [Parallel Time: 20.6 ms, GC Workers: 4]
      [GC Worker Start (ms): Min: 41286089.6, Avg: 41286090.4, Max: 41286092.4, Diff: 2.8]
      [Ext Root Scanning (ms): Min: 0.0, Avg: 0.7, Max: 1.1, Diff: 1.1, Sum: 2.8]
      [Update RS (ms): Min: 2.3, Avg: 2.7, Max: 3.5, Diff: 1.2, Sum: 10.9]
         [Processed Buffers: Min: 4, Avg: 8.2, Max: 18, Diff: 14, Sum: 33]
      [Scan RS (ms): Min: 2.4, Avg: 4.4, Max: 5.2, Diff: 2.8, Sum: 17.4]
      [Code Root Scanning (ms): Min: 0.0, Avg: 0.0, Max: 0.0, Diff: 0.0, Sum: 0.0]
      [Object Copy (ms): Min: 11.7, Avg: 11.8, Max: 11.9, Diff: 0.2, Sum: 47.3]
      [Termination (ms): Min: 0.0, Avg: 0.1, Max: 0.1, Diff: 0.1, Sum: 0.4]
         [Termination Attempts: Min: 1, Avg: 1.8, Max: 3, Diff: 2, Sum: 7]
      [GC Worker Other (ms): Min: 0.0, Avg: 0.0, Max: 0.0, Diff: 0.0, Sum: 0.1]
      [GC Worker Total (ms): Min: 17.8, Avg: 19.7, Max: 20.6, Diff: 2.8, Sum: 79.0]
      [GC Worker End (ms): Min: 41286110.1, Avg: 41286110.1, Max: 41286110.2, Diff: 0.0]
   [Code Root Fixup: 0.0 ms]
   [Code Root Purge: 0.0 ms]
   [Clear CT: 0.1 ms]
   [Other: 1.2 ms]
      [Choose CSet: 0.0 ms]
      [Ref Proc: 0.6 ms]
      [Ref Enq: 0.0 ms]
      [Redirty Cards: 0.1 ms]
      [Humongous Register: 0.1 ms]
      [Humongous Reclaim: 0.1 ms]
      [Free CSet: 0.1 ms]
   [Eden: 46.0M(46.0M)->0.0B(73.0M) Survivors: 5120.0K->6144.0K Heap: 330.6M(1024.0M)->285.6M(1024.0M)]
 [Times: user=0.06 sys=0.00, real=0.03 secs] 
2019-11-03T21:27:40.743+0800: 41295.753: [GC pause (G1 Evacuation Pause) (young), 0.0225602 secs]
   [Parallel Time: 21.7 ms, GC Workers: 4]
      [GC Worker Start (ms): Min: 41295752.7, Avg: 41295752.7, Max: 41295752.8, Diff: 0.1]
      [Ext Root Scanning (ms): Min: 0.7, Avg: 0.8, Max: 0.8, Diff: 0.1, Sum: 3.1]
      [Update RS (ms): Min: 2.0, Avg: 2.1, Max: 2.2, Diff: 0.3, Sum: 8.4]
         [Processed Buffers: Min: 5, Avg: 8.2, Max: 11, Diff: 6, Sum: 33]
      [Scan RS (ms): Min: 7.0, Avg: 7.2, Max: 7.3, Diff: 0.3, Sum: 28.7]
      [Code Root Scanning (ms): Min: 0.0, Avg: 0.0, Max: 0.0, Diff: 0.0, Sum: 0.0]
      [Object Copy (ms): Min: 11.3, Avg: 11.4, Max: 11.5, Diff: 0.2, Sum: 45.6]
      [Termination (ms): Min: 0.0, Avg: 0.1, Max: 0.1, Diff: 0.1, Sum: 0.4]
         [Termination Attempts: Min: 1, Avg: 1.0, Max: 1, Diff: 0, Sum: 4]
      [GC Worker Other (ms): Min: 0.0, Avg: 0.0, Max: 0.0, Diff: 0.0, Sum: 0.1]
      [GC Worker Total (ms): Min: 21.5, Avg: 21.6, Max: 21.6, Diff: 0.1, Sum: 86.2]
      [GC Worker End (ms): Min: 41295774.3, Avg: 41295774.3, Max: 41295774.3, Diff: 0.0]
   [Code Root Fixup: 0.0 ms]
   [Code Root Purge: 0.0 ms]
   [Clear CT: 0.1 ms]
   [Other: 0.8 ms]
      [Choose CSet: 0.0 ms]
      [Ref Proc: 0.3 ms]
      [Ref Enq: 0.0 ms]
      [Redirty Cards: 0.1 ms]
      [Humongous Register: 0.0 ms]
      [Humongous Reclaim: 0.0 ms]
      [Free CSet: 0.1 ms]
   [Eden: 45.0M(45.0M)->0.0B(46.0M) Survivors: 6144.0K->5120.0K Heap: 330.6M(1024.0M)->286.1M(1024.0M)]
 [Times: user=0.08 sys=0.00, real=0.02 secs] 
2019-11-03T21:27:50.665+0800: 41305.675: [GC pause (G1 Evacuation Pause) (young), 0.0187048 secs]
   [Parallel Time: 17.5 ms, GC Workers: 4]
      [GC Worker Start (ms): Min: 41305675.2, Avg: 41305675.3, Max: 41305675.7, Diff: 0.5]
      [Ext Root Scanning (ms): Min: 0.5, Avg: 0.8, Max: 1.0, Diff: 0.5, Sum: 3.3]
      [Update RS (ms): Min: 2.1, Avg: 2.3, Max: 2.5, Diff: 0.4, Sum: 9.3]
         [Processed Buffers: Min: 4, Avg: 8.0, Max: 12, Diff: 8, Sum: 32]
      [Scan RS (ms): Min: 7.0, Avg: 7.3, Max: 7.9, Diff: 1.0, Sum: 29.1]
      [Code Root Scanning (ms): Min: 0.0, Avg: 0.0, Max: 0.0, Diff: 0.0, Sum: 0.0]
      [Object Copy (ms): Min: 6.3, Avg: 6.7, Max: 6.9, Diff: 0.6, Sum: 27.0]
      [Termination (ms): Min: 0.0, Avg: 0.1, Max: 0.2, Diff: 0.2, Sum: 0.5]
         [Termination Attempts: Min: 1, Avg: 1.0, Max: 1, Diff: 0, Sum: 4]
      [GC Worker Other (ms): Min: 0.0, Avg: 0.0, Max: 0.0, Diff: 0.0, Sum: 0.1]
      [GC Worker Total (ms): Min: 17.0, Avg: 17.3, Max: 17.5, Diff: 0.5, Sum: 69.3]
      [GC Worker End (ms): Min: 41305692.6, Avg: 41305692.7, Max: 41305692.7, Diff: 0.0]
   [Code Root Fixup: 0.0 ms]
   [Code Root Purge: 0.0 ms]
   [Clear CT: 0.1 ms]
   [Other: 1.1 ms]
      [Choose CSet: 0.0 ms]
      [Ref Proc: 0.2 ms]
      [Ref Enq: 0.0 ms]
      [Redirty Cards: 0.3 ms]
      [Humongous Register: 0.1 ms]
      [Humongous Reclaim: 0.0 ms]
      [Free CSet: 0.1 ms]
   [Eden: 46.0M(46.0M)->0.0B(69.0M) Survivors: 5120.0K->5120.0K Heap: 332.1M(1024.0M)->286.0M(1024.0M)]
 [Times: user=0.06 sys=0.00, real=0.02 secs] 
2019-11-03T21:28:00.708+0800: 41315.717: [GC pause (G1 Evacuation Pause) (young), 0.0203739 secs]
   [Parallel Time: 15.3 ms, GC Workers: 4]
      [GC Worker Start (ms): Min: 41315716.8, Avg: 41315717.2, Max: 41315717.9, Diff: 1.1]
      [Ext Root Scanning (ms): Min: 0.0, Avg: 0.5, Max: 0.9, Diff: 0.9, Sum: 2.1]
      [Update RS (ms): Min: 0.0, Avg: 1.0, Max: 1.6, Diff: 1.6, Sum: 4.2]
         [Processed Buffers: Min: 0, Avg: 8.8, Max: 17, Diff: 17, Sum: 35]
      [Scan RS (ms): Min: 2.5, Avg: 5.1, Max: 7.3, Diff: 4.9, Sum: 20.2]
      [Code Root Scanning (ms): Min: 0.0, Avg: 0.1, Max: 0.5, Diff: 0.5, Sum: 0.6]
      [Object Copy (ms): Min: 5.3, Avg: 7.9, Max: 11.7, Diff: 6.5, Sum: 31.7]
      [Termination (ms): Min: 0.0, Avg: 0.0, Max: 0.0, Diff: 0.0, Sum: 0.0]
         [Termination Attempts: Min: 1, Avg: 1.0, Max: 1, Diff: 0, Sum: 4]
      [GC Worker Other (ms): Min: 0.0, Avg: 0.0, Max: 0.1, Diff: 0.0, Sum: 0.2]
      [GC Worker Total (ms): Min: 14.1, Avg: 14.7, Max: 15.2, Diff: 1.1, Sum: 58.9]
      [GC Worker End (ms): Min: 41315731.9, Avg: 41315732.0, Max: 41315732.0, Diff: 0.0]
   [Code Root Fixup: 0.0 ms]
   [Code Root Purge: 0.0 ms]
   [Clear CT: 0.1 ms]
   [Other: 5.0 ms]
      [Choose CSet: 0.0 ms]
      [Ref Proc: 4.4 ms]
      [Ref Enq: 0.0 ms]
      [Redirty Cards: 0.1 ms]
      [Humongous Register: 0.1 ms]
      [Humongous Reclaim: 0.0 ms]
      [Free CSet: 0.1 ms]
   [Eden: 47.0M(46.0M)->0.0B(50.0M) Survivors: 5120.0K->6144.0K Heap: 333.0M(1024.0M)->286.9M(1024.0M)]
 [Times: user=0.04 sys=0.00, real=0.02 secs] 
2019-11-03T21:28:11.586+0800: 41326.595: [GC pause (G1 Evacuation Pause) (young), 0.0205286 secs]
   [Parallel Time: 19.8 ms, GC Workers: 4]
      [GC Worker Start (ms): Min: 41326595.2, Avg: 41326596.3, Max: 41326598.1, Diff: 2.8]
      [Ext Root Scanning (ms): Min: 0.0, Avg: 1.1, Max: 1.9, Diff: 1.9, Sum: 4.3]
      [Update RS (ms): Min: 2.0, Avg: 2.7, Max: 3.2, Diff: 1.2, Sum: 10.7]
         [Processed Buffers: Min: 4, Avg: 8.8, Max: 15, Diff: 11, Sum: 35]
      [Scan RS (ms): Min: 6.1, Avg: 6.4, Max: 6.6, Diff: 0.5, Sum: 25.7]
      [Code Root Scanning (ms): Min: 0.0, Avg: 0.0, Max: 0.0, Diff: 0.0, Sum: 0.0]
      [Object Copy (ms): Min: 8.4, Avg: 8.5, Max: 8.5, Diff: 0.1, Sum: 33.8]
      [Termination (ms): Min: 0.0, Avg: 0.0, Max: 0.0, Diff: 0.0, Sum: 0.0]
         [Termination Attempts: Min: 1, Avg: 2.5, Max: 4, Diff: 3, Sum: 10]
      [GC Worker Other (ms): Min: 0.0, Avg: 0.1, Max: 0.1, Diff: 0.1, Sum: 0.2]
      [GC Worker Total (ms): Min: 16.9, Avg: 18.7, Max: 19.8, Diff: 2.9, Sum: 74.8]
      [GC Worker End (ms): Min: 41326615.0, Avg: 41326615.0, Max: 41326615.0, Diff: 0.1]
   [Code Root Fixup: 0.0 ms]
   [Code Root Purge: 0.0 ms]
   [Clear CT: 0.1 ms]
   [Other: 0.6 ms]
      [Choose CSet: 0.0 ms]
      [Ref Proc: 0.1 ms]
      [Ref Enq: 0.0 ms]
      [Redirty Cards: 0.1 ms]
      [Humongous Register: 0.0 ms]
      [Humongous Reclaim: 0.0 ms]
      [Free CSet: 0.1 ms]
   [Eden: 50.0M(50.0M)->0.0B(46.0M) Survivors: 6144.0K->5120.0K Heap: 336.9M(1024.0M)->286.1M(1024.0M)]
 [Times: user=0.06 sys=0.00, real=0.02 secs] 
2019-11-03T21:28:21.533+0800: 41336.541: [GC pause (G1 Evacuation Pause) (young), 0.0196618 secs]
   [Parallel Time: 19.0 ms, GC Workers: 4]
      [GC Worker Start (ms): Min: 41336541.1, Avg: 41336541.3, Max: 41336542.1, Diff: 1.0]
      [Ext Root Scanning (ms): Min: 0.1, Avg: 0.8, Max: 1.1, Diff: 1.0, Sum: 3.2]
      [Update RS (ms): Min: 2.2, Avg: 2.5, Max: 3.0, Diff: 0.7, Sum: 10.0]
         [Processed Buffers: Min: 5, Avg: 7.8, Max: 13, Diff: 8, Sum: 31]
      [Scan RS (ms): Min: 5.8, Avg: 6.3, Max: 6.5, Diff: 0.8, Sum: 25.1]
      [Code Root Scanning (ms): Min: 0.0, Avg: 0.0, Max: 0.0, Diff: 0.0, Sum: 0.0]
      [Object Copy (ms): Min: 8.9, Avg: 9.0, Max: 9.1, Diff: 0.2, Sum: 36.1]
      [Termination (ms): Min: 0.0, Avg: 0.0, Max: 0.0, Diff: 0.0, Sum: 0.0]
         [Termination Attempts: Min: 1, Avg: 1.0, Max: 1, Diff: 0, Sum: 4]
      [GC Worker Other (ms): Min: 0.0, Avg: 0.1, Max: 0.1, Diff: 0.1, Sum: 0.2]
      [GC Worker Total (ms): Min: 18.0, Avg: 18.7, Max: 18.9, Diff: 1.0, Sum: 74.7]
      [GC Worker End (ms): Min: 41336560.0, Avg: 41336560.0, Max: 41336560.0, Diff: 0.1]
   [Code Root Fixup: 0.0 ms]
   [Code Root Purge: 0.0 ms]
   [Clear CT: 0.0 ms]
   [Other: 0.6 ms]
      [Choose CSet: 0.0 ms]
      [Ref Proc: 0.1 ms]
      [Ref Enq: 0.0 ms]
      [Redirty Cards: 0.1 ms]
      [Humongous Register: 0.0 ms]
      [Humongous Reclaim: 0.0 ms]
      [Free CSet: 0.1 ms]
   [Eden: 46.0M(46.0M)->0.0B(50.0M) Survivors: 5120.0K->7168.0K Heap: 332.1M(1024.0M)->288.1M(1024.0M)]
 [Times: user=0.08 sys=0.00, real=0.02 secs] 
2019-11-03T21:28:32.375+0800: 41347.383: [GC pause (G1 Evacuation Pause) (young), 0.0186594 secs]
   [Parallel Time: 18.0 ms, GC Workers: 4]
      [GC Worker Start (ms): Min: 41347383.1, Avg: 41347383.2, Max: 41347383.2, Diff: 0.1]
      [Ext Root Scanning (ms): Min: 0.8, Avg: 0.8, Max: 0.8, Diff: 0.1, Sum: 3.2]
      [Update RS (ms): Min: 2.0, Avg: 2.1, Max: 2.2, Diff: 0.3, Sum: 8.3]
         [Processed Buffers: Min: 6, Avg: 9.2, Max: 16, Diff: 10, Sum: 37]
      [Scan RS (ms): Min: 6.1, Avg: 6.2, Max: 6.4, Diff: 0.3, Sum: 24.9]
      [Code Root Scanning (ms): Min: 0.0, Avg: 0.0, Max: 0.0, Diff: 0.0, Sum: 0.0]
      [Object Copy (ms): Min: 8.8, Avg: 8.8, Max: 8.9, Diff: 0.1, Sum: 35.3]
      [Termination (ms): Min: 0.0, Avg: 0.0, Max: 0.0, Diff: 0.0, Sum: 0.0]
         [Termination Attempts: Min: 1, Avg: 1.0, Max: 1, Diff: 0, Sum: 4]
      [GC Worker Other (ms): Min: 0.0, Avg: 0.0, Max: 0.0, Diff: 0.0, Sum: 0.1]
      [GC Worker Total (ms): Min: 17.9, Avg: 17.9, Max: 18.0, Diff: 0.1, Sum: 71.8]
      [GC Worker End (ms): Min: 41347401.1, Avg: 41347401.1, Max: 41347401.1, Diff: 0.0]
   [Code Root Fixup: 0.0 ms]
   [Code Root Purge: 0.0 ms]
   [Clear CT: 0.1 ms]
   [Other: 0.6 ms]
      [Choose CSet: 0.0 ms]
      [Ref Proc: 0.1 ms]
      [Ref Enq: 0.0 ms]
      [Redirty Cards: 0.0 ms]
      [Humongous Register: 0.0 ms]
      [Humongous Reclaim: 0.0 ms]
      [Free CSet: 0.1 ms]
   [Eden: 50.0M(50.0M)->0.0B(91.0M) Survivors: 7168.0K->5120.0K Heap: 338.1M(1024.0M)->286.6M(1024.0M)]
 [Times: user=0.07 sys=0.00, real=0.02 secs] 
2019-11-03T21:28:47.620+0800: 41362.627: [GC pause (G1 Evacuation Pause) (young), 0.0171604 secs]
   [Parallel Time: 16.3 ms, GC Workers: 4]
      [GC Worker Start (ms): Min: 41362627.2, Avg: 41362627.2, Max: 41362627.3, Diff: 0.1]
      [Ext Root Scanning (ms): Min: 0.5, Avg: 0.5, Max: 0.6, Diff: 0.1, Sum: 2.0]
      [Update RS (ms): Min: 1.4, Avg: 1.5, Max: 1.6, Diff: 0.2, Sum: 5.9]
         [Processed Buffers: Min: 7, Avg: 9.2, Max: 13, Diff: 6, Sum: 37]
      [Scan RS (ms): Min: 4.8, Avg: 5.0, Max: 5.2, Diff: 0.3, Sum: 19.9]
      [Code Root Scanning (ms): Min: 0.0, Avg: 0.0, Max: 0.0, Diff: 0.0, Sum: 0.0]
      [Object Copy (ms): Min: 9.1, Avg: 9.2, Max: 9.2, Diff: 0.2, Sum: 36.7]
      [Termination (ms): Min: 0.0, Avg: 0.0, Max: 0.0, Diff: 0.0, Sum: 0.0]
         [Termination Attempts: Min: 1, Avg: 2.8, Max: 5, Diff: 4, Sum: 11]
      [GC Worker Other (ms): Min: 0.0, Avg: 0.0, Max: 0.1, Diff: 0.1, Sum: 0.2]
      [GC Worker Total (ms): Min: 16.2, Avg: 16.2, Max: 16.2, Diff: 0.1, Sum: 64.8]
      [GC Worker End (ms): Min: 41362643.4, Avg: 41362643.4, Max: 41362643.4, Diff: 0.0]
   [Code Root Fixup: 0.0 ms]
   [Code Root Purge: 0.0 ms]
   [Clear CT: 0.1 ms]
   [Other: 0.8 ms]
      [Choose CSet: 0.0 ms]
      [Ref Proc: 0.2 ms]
      [Ref Enq: 0.0 ms]
      [Redirty Cards: 0.1 ms]
      [Humongous Register: 0.1 ms]
      [Humongous Reclaim: 0.0 ms]
      [Free CSet: 0.2 ms]
   [Eden: 71.0M(46.0M)->0.0B(154.0M) Survivors: 5120.0K->7168.0K Heap: 357.6M(1024.0M)->288.6M(1024.0M)]
 [Times: user=0.06 sys=0.01, real=0.01 secs] 
2019-11-03T21:29:14.203+0800: 41389.210: [GC pause (G1 Evacuation Pause) (young), 0.0421100 secs]
   [Parallel Time: 41.2 ms, GC Workers: 4]
      [GC Worker Start (ms): Min: 41389209.9, Avg: 41389217.9, Max: 41389228.4, Diff: 18.5]
      [Ext Root Scanning (ms): Min: 0.0, Avg: 0.7, Max: 2.6, Diff: 2.6, Sum: 2.6]
      [Update RS (ms): Min: 0.0, Avg: 3.1, Max: 7.0, Diff: 7.0, Sum: 12.6]
         [Processed Buffers: Min: 0, Avg: 9.2, Max: 19, Diff: 19, Sum: 37]
      [Scan RS (ms): Min: 0.0, Avg: 6.3, Max: 8.6, Diff: 8.6, Sum: 25.3]
      [Code Root Scanning (ms): Min: 0.0, Avg: 0.0, Max: 0.1, Diff: 0.1, Sum: 0.1]
      [Object Copy (ms): Min: 22.4, Avg: 22.8, Max: 23.1, Diff: 0.7, Sum: 91.0]
      [Termination (ms): Min: 0.0, Avg: 0.1, Max: 0.2, Diff: 0.2, Sum: 0.6]
         [Termination Attempts: Min: 1, Avg: 1.0, Max: 1, Diff: 0, Sum: 4]
      [GC Worker Other (ms): Min: 0.0, Avg: 0.0, Max: 0.0, Diff: 0.0, Sum: 0.1]
      [GC Worker Total (ms): Min: 22.6, Avg: 33.1, Max: 41.1, Diff: 18.5, Sum: 132.3]
      [GC Worker End (ms): Min: 41389251.0, Avg: 41389251.0, Max: 41389251.1, Diff: 0.1]
   [Code Root Fixup: 0.0 ms]
   [Code Root Purge: 0.0 ms]
   [Clear CT: 0.1 ms]
   [Other: 0.8 ms]
      [Choose CSet: 0.0 ms]
      [Ref Proc: 0.2 ms]
      [Ref Enq: 0.0 ms]
      [Redirty Cards: 0.1 ms]
      [Humongous Register: 0.1 ms]
      [Humongous Reclaim: 0.0 ms]
      [Free CSet: 0.1 ms]
   [Eden: 124.0M(44.0M)->0.0B(46.0M) Survivors: 7168.0K->5120.0K Heap: 412.6M(1024.0M)->288.0M(1024.0M)]
 [Times: user=0.07 sys=0.01, real=0.04 secs] 
2019-11-03T21:29:24.171+0800: 41399.177: [GC pause (G1 Evacuation Pause) (young), 0.0203353 secs]
   [Parallel Time: 19.7 ms, GC Workers: 4]
      [GC Worker Start (ms): Min: 41399177.2, Avg: 41399177.3, Max: 41399177.6, Diff: 0.4]
      [Ext Root Scanning (ms): Min: 0.7, Avg: 1.0, Max: 1.2, Diff: 0.5, Sum: 4.2]
      [Update RS (ms): Min: 1.8, Avg: 2.3, Max: 2.7, Diff: 0.9, Sum: 9.1]
         [Processed Buffers: Min: 4, Avg: 8.2, Max: 12, Diff: 8, Sum: 33]
      [Scan RS (ms): Min: 5.6, Avg: 5.9, Max: 6.0, Diff: 0.4, Sum: 23.4]
      [Code Root Scanning (ms): Min: 0.0, Avg: 0.0, Max: 0.0, Diff: 0.0, Sum: 0.0]
      [Object Copy (ms): Min: 10.0, Avg: 10.2, Max: 10.6, Diff: 0.6, Sum: 40.8]
      [Termination (ms): Min: 0.0, Avg: 0.1, Max: 0.1, Diff: 0.1, Sum: 0.4]
         [Termination Attempts: Min: 1, Avg: 1.2, Max: 2, Diff: 1, Sum: 5]
      [GC Worker Other (ms): Min: 0.0, Avg: 0.0, Max: 0.0, Diff: 0.0, Sum: 0.1]
      [GC Worker Total (ms): Min: 19.2, Avg: 19.5, Max: 19.6, Diff: 0.5, Sum: 77.9]
      [GC Worker End (ms): Min: 41399196.8, Avg: 41399196.8, Max: 41399196.8, Diff: 0.0]
   [Code Root Fixup: 0.0 ms]
   [Code Root Purge: 0.0 ms]
   [Clear CT: 0.1 ms]
   [Other: 0.5 ms]
      [Choose CSet: 0.0 ms]
      [Ref Proc: 0.1 ms]
      [Ref Enq: 0.0 ms]
      [Redirty Cards: 0.1 ms]
      [Humongous Register: 0.0 ms]
      [Humongous Reclaim: 0.0 ms]
      [Free CSet: 0.1 ms]
   [Eden: 46.0M(46.0M)->0.0B(46.0M) Survivors: 5120.0K->5120.0K Heap: 334.0M(1024.0M)->288.8M(1024.0M)]
 [Times: user=0.07 sys=0.01, real=0.02 secs] 
2019-11-03T21:29:34.105+0800: 41409.110: [GC pause (G1 Evacuation Pause) (young), 0.0177361 secs]
   [Parallel Time: 17.1 ms, GC Workers: 4]
      [GC Worker Start (ms): Min: 41409110.2, Avg: 41409110.4, Max: 41409110.7, Diff: 0.5]
      [Ext Root Scanning (ms): Min: 0.4, Avg: 0.8, Max: 1.0, Diff: 0.6, Sum: 3.2]
      [Update RS (ms): Min: 1.9, Avg: 2.7, Max: 4.8, Diff: 2.9, Sum: 10.7]
         [Processed Buffers: Min: 3, Avg: 8.0, Max: 12, Diff: 9, Sum: 32]
      [Scan RS (ms): Min: 2.8, Avg: 4.9, Max: 5.7, Diff: 2.9, Sum: 19.7]
      [Code Root Scanning (ms): Min: 0.0, Avg: 0.0, Max: 0.0, Diff: 0.0, Sum: 0.0]
      [Object Copy (ms): Min: 8.5, Avg: 8.5, Max: 8.5, Diff: 0.0, Sum: 33.9]
      [Termination (ms): Min: 0.0, Avg: 0.0, Max: 0.0, Diff: 0.0, Sum: 0.0]
         [Termination Attempts: Min: 1, Avg: 1.0, Max: 1, Diff: 0, Sum: 4]
      [GC Worker Other (ms): Min: 0.0, Avg: 0.0, Max: 0.0, Diff: 0.0, Sum: 0.1]
      [GC Worker Total (ms): Min: 16.5, Avg: 16.9, Max: 17.0, Diff: 0.5, Sum: 67.6]
      [GC Worker End (ms): Min: 41409127.3, Avg: 41409127.3, Max: 41409127.3, Diff: 0.0]
   [Code Root Fixup: 0.0 ms]
   [Code Root Purge: 0.0 ms]
   [Clear CT: 0.1 ms]
   [Other: 0.5 ms]
      [Choose CSet: 0.0 ms]
      [Ref Proc: 0.1 ms]
      [Ref Enq: 0.0 ms]
      [Redirty Cards: 0.0 ms]
      [Humongous Register: 0.0 ms]
      [Humongous Reclaim: 0.0 ms]
      [Free CSet: 0.1 ms]
   [Eden: 46.0M(46.0M)->0.0B(46.0M) Survivors: 5120.0K->5120.0K Heap: 334.8M(1024.0M)->288.8M(1024.0M)]
 [Times: user=0.06 sys=0.00, real=0.02 secs] 
2019-11-03T21:29:44.103+0800: 41419.108: [GC pause (G1 Evacuation Pause) (young), 0.0198235 secs]
   [Parallel Time: 19.2 ms, GC Workers: 4]
      [GC Worker Start (ms): Min: 41419108.3, Avg: 41419108.6, Max: 41419109.5, Diff: 1.3]
      [Ext Root Scanning (ms): Min: 0.0, Avg: 0.8, Max: 1.1, Diff: 1.1, Sum: 3.4]
      [Update RS (ms): Min: 1.7, Avg: 2.2, Max: 2.5, Diff: 0.8, Sum: 8.8]
         [Processed Buffers: Min: 5, Avg: 8.2, Max: 13, Diff: 8, Sum: 33]
      [Scan RS (ms): Min: 6.9, Avg: 7.3, Max: 7.7, Diff: 0.8, Sum: 29.2]
      [Code Root Scanning (ms): Min: 0.0, Avg: 0.0, Max: 0.0, Diff: 0.0, Sum: 0.0]
      [Object Copy (ms): Min: 7.6, Avg: 8.3, Max: 9.2, Diff: 1.6, Sum: 33.4]
      [Termination (ms): Min: 0.0, Avg: 0.0, Max: 0.0, Diff: 0.0, Sum: 0.0]
         [Termination Attempts: Min: 1, Avg: 1.0, Max: 1, Diff: 0, Sum: 4]
      [GC Worker Other (ms): Min: 0.0, Avg: 0.0, Max: 0.1, Diff: 0.0, Sum: 0.2]
      [GC Worker Total (ms): Min: 17.8, Avg: 18.7, Max: 19.1, Diff: 1.3, Sum: 74.9]
      [GC Worker End (ms): Min: 41419127.3, Avg: 41419127.3, Max: 41419127.3, Diff: 0.0]
   [Code Root Fixup: 0.0 ms]
   [Code Root Purge: 0.0 ms]
   [Clear CT: 0.1 ms]
   [Other: 0.6 ms]
      [Choose CSet: 0.0 ms]
      [Ref Proc: 0.1 ms]
      [Ref Enq: 0.0 ms]
      [Redirty Cards: 0.1 ms]
      [Humongous Register: 0.0 ms]
      [Humongous Reclaim: 0.0 ms]
      [Free CSet: 0.1 ms]
   [Eden: 46.0M(46.0M)->0.0B(46.0M) Survivors: 5120.0K->5120.0K Heap: 334.8M(1024.0M)->288.8M(1024.0M)]
 [Times: user=0.06 sys=0.00, real=0.02 secs] 
2019-11-03T21:29:54.152+0800: 41429.157: [GC pause (G1 Evacuation Pause) (young), 0.0325001 secs]
   [Parallel Time: 20.8 ms, GC Workers: 4]
      [GC Worker Start (ms): Min: 41429157.2, Avg: 41429157.4, Max: 41429158.0, Diff: 0.8]
      [Ext Root Scanning (ms): Min: 0.0, Avg: 0.6, Max: 0.8, Diff: 0.8, Sum: 2.2]
      [Update RS (ms): Min: 0.6, Avg: 1.4, Max: 2.0, Diff: 1.4, Sum: 5.7]
         [Processed Buffers: Min: 4, Avg: 8.0, Max: 12, Diff: 8, Sum: 32]
      [Scan RS (ms): Min: 4.0, Avg: 4.2, Max: 4.4, Diff: 0.4, Sum: 16.9]
      [Code Root Scanning (ms): Min: 0.0, Avg: 0.0, Max: 0.0, Diff: 0.0, Sum: 0.0]
      [Object Copy (ms): Min: 13.9, Avg: 14.3, Max: 15.1, Diff: 1.1, Sum: 57.1]
      [Termination (ms): Min: 0.0, Avg: 0.0, Max: 0.0, Diff: 0.0, Sum: 0.0]
         [Termination Attempts: Min: 1, Avg: 2.2, Max: 3, Diff: 2, Sum: 9]
      [GC Worker Other (ms): Min: 0.0, Avg: 0.0, Max: 0.0, Diff: 0.0, Sum: 0.1]
      [GC Worker Total (ms): Min: 19.9, Avg: 20.5, Max: 20.7, Diff: 0.8, Sum: 82.0]
      [GC Worker End (ms): Min: 41429177.9, Avg: 41429177.9, Max: 41429177.9, Diff: 0.0]
   [Code Root Fixup: 0.0 ms]
   [Code Root Purge: 0.0 ms]
   [Clear CT: 0.2 ms]
   [Other: 11.6 ms]
      [Choose CSet: 0.0 ms]
      [Ref Proc: 10.9 ms]
      [Ref Enq: 0.0 ms]
      [Redirty Cards: 0.2 ms]
      [Humongous Register: 0.0 ms]
      [Humongous Reclaim: 0.0 ms]
      [Free CSet: 0.1 ms]
   [Eden: 46.0M(46.0M)->0.0B(44.0M) Survivors: 5120.0K->7168.0K Heap: 334.8M(1024.0M)->290.8M(1024.0M)]
 [Times: user=0.07 sys=0.00, real=0.03 secs] 
2019-11-03T21:30:03.645+0800: 41438.649: [GC pause (G1 Evacuation Pause) (young), 0.0279049 secs]
   [Parallel Time: 26.8 ms, GC Workers: 4]
      [GC Worker Start (ms): Min: 41438649.2, Avg: 41438649.9, Max: 41438650.6, Diff: 1.4]
      [Ext Root Scanning (ms): Min: 0.0, Avg: 0.7, Max: 1.4, Diff: 1.4, Sum: 2.9]
      [Update RS (ms): Min: 1.5, Avg: 3.5, Max: 9.3, Diff: 7.9, Sum: 14.1]
         [Processed Buffers: Min: 1, Avg: 9.5, Max: 17, Diff: 16, Sum: 38]
      [Scan RS (ms): Min: 0.0, Avg: 5.4, Max: 7.4, Diff: 7.4, Sum: 21.6]
      [Code Root Scanning (ms): Min: 0.0, Avg: 0.0, Max: 0.0, Diff: 0.0, Sum: 0.0]
      [Object Copy (ms): Min: 15.8, Avg: 16.2, Max: 16.6, Diff: 0.8, Sum: 65.0]
      [Termination (ms): Min: 0.0, Avg: 0.1, Max: 0.2, Diff: 0.2, Sum: 0.5]
         [Termination Attempts: Min: 1, Avg: 1.2, Max: 2, Diff: 1, Sum: 5]
      [GC Worker Other (ms): Min: 0.0, Avg: 0.0, Max: 0.0, Diff: 0.0, Sum: 0.1]
      [GC Worker Total (ms): Min: 25.3, Avg: 26.0, Max: 26.7, Diff: 1.4, Sum: 104.2]
      [GC Worker End (ms): Min: 41438675.9, Avg: 41438675.9, Max: 41438675.9, Diff: 0.1]
   [Code Root Fixup: 0.0 ms]
   [Code Root Purge: 0.0 ms]
   [Clear CT: 0.1 ms]
   [Other: 1.0 ms]
      [Choose CSet: 0.0 ms]
      [Ref Proc: 0.2 ms]
      [Ref Enq: 0.0 ms]
      [Redirty Cards: 0.1 ms]
      [Humongous Register: 0.1 ms]
      [Humongous Reclaim: 0.3 ms]
      [Free CSet: 0.1 ms]
   [Eden: 44.0M(44.0M)->0.0B(46.0M) Survivors: 7168.0K->5120.0K Heap: 334.8M(1024.0M)->290.0M(1024.0M)]
 [Times: user=0.06 sys=0.00, real=0.03 secs] 
2019-11-03T21:30:13.845+0800: 41448.848: [GC pause (G1 Evacuation Pause) (young), 0.0236447 secs]
   [Parallel Time: 22.7 ms, GC Workers: 4]
      [GC Worker Start (ms): Min: 41448848.6, Avg: 41448848.6, Max: 41448848.7, Diff: 0.1]
      [Ext Root Scanning (ms): Min: 0.9, Avg: 0.9, Max: 0.9, Diff: 0.1, Sum: 3.6]
      [Update RS (ms): Min: 2.5, Avg: 4.5, Max: 9.0, Diff: 6.5, Sum: 18.0]
         [Processed Buffers: Min: 1, Avg: 8.0, Max: 16, Diff: 15, Sum: 32]
      [Scan RS (ms): Min: 2.9, Avg: 7.3, Max: 9.2, Diff: 6.3, Sum: 29.0]
      [Code Root Scanning (ms): Min: 0.0, Avg: 0.0, Max: 0.0, Diff: 0.0, Sum: 0.0]
      [Object Copy (ms): Min: 9.8, Avg: 9.9, Max: 10.0, Diff: 0.2, Sum: 39.5]
      [Termination (ms): Min: 0.0, Avg: 0.0, Max: 0.0, Diff: 0.0, Sum: 0.0]
         [Termination Attempts: Min: 1, Avg: 1.5, Max: 3, Diff: 2, Sum: 6]
      [GC Worker Other (ms): Min: 0.0, Avg: 0.1, Max: 0.1, Diff: 0.0, Sum: 0.2]
      [GC Worker Total (ms): Min: 22.6, Avg: 22.6, Max: 22.6, Diff: 0.1, Sum: 90.4]
      [GC Worker End (ms): Min: 41448871.2, Avg: 41448871.2, Max: 41448871.2, Diff: 0.0]
   [Code Root Fixup: 0.0 ms]
   [Code Root Purge: 0.0 ms]
   [Clear CT: 0.1 ms]
   [Other: 0.8 ms]
      [Choose CSet: 0.0 ms]
      [Ref Proc: 0.2 ms]
      [Ref Enq: 0.0 ms]
      [Redirty Cards: 0.1 ms]
      [Humongous Register: 0.0 ms]
      [Humongous Reclaim: 0.0 ms]
      [Free CSet: 0.1 ms]
   [Eden: 46.0M(46.0M)->0.0B(46.0M) Survivors: 5120.0K->5120.0K Heap: 336.0M(1024.0M)->290.5M(1024.0M)]
 [Times: user=0.07 sys=0.01, real=0.02 secs] 
2019-11-03T21:30:23.761+0800: 41458.764: [GC pause (G1 Evacuation Pause) (young), 0.0264615 secs]
   [Parallel Time: 25.3 ms, GC Workers: 4]
      [GC Worker Start (ms): Min: 41458764.2, Avg: 41458764.4, Max: 41458764.9, Diff: 0.7]
      [Ext Root Scanning (ms): Min: 0.0, Avg: 0.5, Max: 0.6, Diff: 0.6, Sum: 1.8]
      [Update RS (ms): Min: 0.0, Avg: 1.7, Max: 2.4, Diff: 2.4, Sum: 6.7]
         [Processed Buffers: Min: 0, Avg: 7.2, Max: 12, Diff: 12, Sum: 29]
      [Scan RS (ms): Min: 0.0, Avg: 4.1, Max: 5.6, Diff: 5.6, Sum: 16.3]
      [Code Root Scanning (ms): Min: 0.0, Avg: 0.0, Max: 0.0, Diff: 0.0, Sum: 0.0]
      [Object Copy (ms): Min: 15.2, Avg: 17.2, Max: 23.0, Diff: 7.8, Sum: 68.7]
      [Termination (ms): Min: 0.0, Avg: 0.5, Max: 1.7, Diff: 1.7, Sum: 2.1]
         [Termination Attempts: Min: 1, Avg: 1.2, Max: 2, Diff: 1, Sum: 5]
      [GC Worker Other (ms): Min: 0.0, Avg: 0.0, Max: 0.0, Diff: 0.0, Sum: 0.1]
      [GC Worker Total (ms): Min: 23.2, Avg: 23.9, Max: 25.2, Diff: 2.0, Sum: 95.7]
      [GC Worker End (ms): Min: 41458787.9, Avg: 41458788.3, Max: 41458789.4, Diff: 1.5]
   [Code Root Fixup: 0.0 ms]
   [Code Root Purge: 0.0 ms]
   [Clear CT: 0.1 ms]
   [Other: 1.0 ms]
      [Choose CSet: 0.0 ms]
      [Ref Proc: 0.4 ms]
      [Ref Enq: 0.0 ms]
      [Redirty Cards: 0.1 ms]
      [Humongous Register: 0.0 ms]
      [Humongous Reclaim: 0.0 ms]
      [Free CSet: 0.2 ms]
   [Eden: 46.0M(46.0M)->0.0B(44.0M) Survivors: 5120.0K->7168.0K Heap: 336.5M(1024.0M)->292.0M(1024.0M)]
 [Times: user=0.06 sys=0.00, real=0.02 secs] 
2019-11-03T21:30:33.328+0800: 41468.331: [GC pause (G1 Evacuation Pause) (young), 0.0224215 secs]
   [Parallel Time: 21.7 ms, GC Workers: 4]
      [GC Worker Start (ms): Min: 41468331.5, Avg: 41468331.5, Max: 41468331.6, Diff: 0.1]
      [Ext Root Scanning (ms): Min: 0.7, Avg: 0.8, Max: 0.8, Diff: 0.1, Sum: 3.1]
      [Update RS (ms): Min: 2.1, Avg: 3.1, Max: 4.8, Diff: 2.6, Sum: 12.5]
         [Processed Buffers: Min: 1, Avg: 9.0, Max: 14, Diff: 13, Sum: 36]
      [Scan RS (ms): Min: 5.4, Avg: 7.1, Max: 8.0, Diff: 2.7, Sum: 28.4]
      [Code Root Scanning (ms): Min: 0.0, Avg: 0.0, Max: 0.0, Diff: 0.0, Sum: 0.0]
      [Object Copy (ms): Min: 10.3, Avg: 10.5, Max: 10.7, Diff: 0.4, Sum: 42.2]
      [Termination (ms): Min: 0.0, Avg: 0.0, Max: 0.0, Diff: 0.0, Sum: 0.0]
         [Termination Attempts: Min: 1, Avg: 1.0, Max: 1, Diff: 0, Sum: 4]
      [GC Worker Other (ms): Min: 0.0, Avg: 0.0, Max: 0.0, Diff: 0.0, Sum: 0.2]
      [GC Worker Total (ms): Min: 21.6, Avg: 21.6, Max: 21.6, Diff: 0.0, Sum: 86.4]
      [GC Worker End (ms): Min: 41468353.1, Avg: 41468353.1, Max: 41468353.2, Diff: 0.0]
   [Code Root Fixup: 0.0 ms]
   [Code Root Purge: 0.0 ms]
   [Clear CT: 0.1 ms]
   [Other: 0.6 ms]
      [Choose CSet: 0.0 ms]
      [Ref Proc: 0.2 ms]
      [Ref Enq: 0.0 ms]
      [Redirty Cards: 0.1 ms]
      [Humongous Register: 0.0 ms]
      [Humongous Reclaim: 0.0 ms]
      [Free CSet: 0.1 ms]
   [Eden: 44.0M(44.0M)->0.0B(46.0M) Survivors: 7168.0K->5120.0K Heap: 336.0M(1024.0M)->291.2M(1024.0M)]
 [Times: user=0.08 sys=0.00, real=0.03 secs] 
2019-11-03T21:30:43.213+0800: 41478.216: [GC pause (G1 Evacuation Pause) (young), 0.0141281 secs]
   [Parallel Time: 13.4 ms, GC Workers: 4]
      [GC Worker Start (ms): Min: 41478215.9, Avg: 41478215.9, Max: 41478215.9, Diff: 0.0]
      [Ext Root Scanning (ms): Min: 0.4, Avg: 0.5, Max: 0.5, Diff: 0.1, Sum: 1.8]
      [Update RS (ms): Min: 1.1, Avg: 1.2, Max: 1.3, Diff: 0.2, Sum: 4.7]
         [Processed Buffers: Min: 6, Avg: 8.8, Max: 15, Diff: 9, Sum: 35]
      [Scan RS (ms): Min: 4.5, Avg: 4.7, Max: 4.8, Diff: 0.3, Sum: 18.8]
      [Code Root Scanning (ms): Min: 0.0, Avg: 0.0, Max: 0.0, Diff: 0.0, Sum: 0.0]
      [Object Copy (ms): Min: 6.9, Avg: 7.0, Max: 7.0, Diff: 0.2, Sum: 27.9]
      [Termination (ms): Min: 0.0, Avg: 0.0, Max: 0.0, Diff: 0.0, Sum: 0.0]
         [Termination Attempts: Min: 1, Avg: 1.0, Max: 1, Diff: 0, Sum: 4]
      [GC Worker Other (ms): Min: 0.0, Avg: 0.0, Max: 0.0, Diff: 0.0, Sum: 0.1]
      [GC Worker Total (ms): Min: 13.3, Avg: 13.4, Max: 13.4, Diff: 0.0, Sum: 53.4]
      [GC Worker End (ms): Min: 41478229.3, Avg: 41478229.3, Max: 41478229.3, Diff: 0.0]
   [Code Root Fixup: 0.0 ms]
   [Code Root Purge: 0.0 ms]
   [Clear CT: 0.1 ms]
   [Other: 0.6 ms]
      [Choose CSet: 0.0 ms]
      [Ref Proc: 0.2 ms]
      [Ref Enq: 0.0 ms]
      [Redirty Cards: 0.1 ms]
      [Humongous Register: 0.0 ms]
      [Humongous Reclaim: 0.0 ms]
      [Free CSet: 0.1 ms]
   [Eden: 46.0M(46.0M)->0.0B(46.0M) Survivors: 5120.0K->5120.0K Heap: 337.2M(1024.0M)->291.2M(1024.0M)]
 [Times: user=0.05 sys=0.00, real=0.01 secs] 
2019-11-03T21:30:53.084+0800: 41488.086: [GC pause (G1 Evacuation Pause) (young), 0.0192655 secs]
   [Parallel Time: 18.5 ms, GC Workers: 4]
      [GC Worker Start (ms): Min: 41488086.7, Avg: 41488086.8, Max: 41488087.2, Diff: 0.5]
      [Ext Root Scanning (ms): Min: 0.5, Avg: 0.9, Max: 1.0, Diff: 0.5, Sum: 3.5]
      [Update RS (ms): Min: 2.7, Avg: 2.8, Max: 3.3, Diff: 0.6, Sum: 11.4]
         [Processed Buffers: Min: 7, Avg: 8.2, Max: 10, Diff: 3, Sum: 33]
      [Scan RS (ms): Min: 6.2, Avg: 6.6, Max: 6.7, Diff: 0.5, Sum: 26.3]
      [Code Root Scanning (ms): Min: 0.0, Avg: 0.0, Max: 0.0, Diff: 0.0, Sum: 0.0]
      [Object Copy (ms): Min: 7.9, Avg: 8.0, Max: 8.0, Diff: 0.1, Sum: 31.9]
      [Termination (ms): Min: 0.0, Avg: 0.0, Max: 0.0, Diff: 0.0, Sum: 0.0]
         [Termination Attempts: Min: 1, Avg: 1.0, Max: 1, Diff: 0, Sum: 4]
      [GC Worker Other (ms): Min: 0.0, Avg: 0.0, Max: 0.0, Diff: 0.0, Sum: 0.1]
      [GC Worker Total (ms): Min: 17.9, Avg: 18.3, Max: 18.5, Diff: 0.5, Sum: 73.2]
      [GC Worker End (ms): Min: 41488105.1, Avg: 41488105.1, Max: 41488105.1, Diff: 0.0]
   [Code Root Fixup: 0.0 ms]
   [Code Root Purge: 0.0 ms]
   [Clear CT: 0.1 ms]
   [Other: 0.6 ms]
      [Choose CSet: 0.0 ms]
      [Ref Proc: 0.2 ms]
      [Ref Enq: 0.0 ms]
      [Redirty Cards: 0.1 ms]
      [Humongous Register: 0.0 ms]
      [Humongous Reclaim: 0.0 ms]
      [Free CSet: 0.1 ms]
   [Eden: 46.0M(46.0M)->0.0B(47.0M) Survivors: 5120.0K->4096.0K Heap: 337.2M(1024.0M)->290.7M(1024.0M)]
 [Times: user=0.07 sys=0.00, real=0.02 secs] 
2019-11-03T21:31:03.156+0800: 41498.158: [GC pause (G1 Evacuation Pause) (young), 0.0200568 secs]
   [Parallel Time: 19.3 ms, GC Workers: 4]
      [GC Worker Start (ms): Min: 41498158.4, Avg: 41498158.5, Max: 41498158.8, Diff: 0.4]
      [Ext Root Scanning (ms): Min: 0.5, Avg: 0.8, Max: 1.0, Diff: 0.4, Sum: 3.4]
      [Update RS (ms): Min: 2.2, Avg: 2.4, Max: 2.5, Diff: 0.3, Sum: 9.5]
         [Processed Buffers: Min: 5, Avg: 9.2, Max: 17, Diff: 12, Sum: 37]
      [Scan RS (ms): Min: 6.8, Avg: 6.9, Max: 7.0, Diff: 0.3, Sum: 27.7]
      [Code Root Scanning (ms): Min: 0.0, Avg: 0.0, Max: 0.0, Diff: 0.0, Sum: 0.0]
      [Object Copy (ms): Min: 8.9, Avg: 8.9, Max: 8.9, Diff: 0.1, Sum: 35.7]
      [Termination (ms): Min: 0.0, Avg: 0.0, Max: 0.0, Diff: 0.0, Sum: 0.0]
         [Termination Attempts: Min: 1, Avg: 1.0, Max: 1, Diff: 0, Sum: 4]
      [GC Worker Other (ms): Min: 0.0, Avg: 0.1, Max: 0.1, Diff: 0.1, Sum: 0.2]
      [GC Worker Total (ms): Min: 18.8, Avg: 19.1, Max: 19.2, Diff: 0.4, Sum: 76.4]
      [GC Worker End (ms): Min: 41498177.6, Avg: 41498177.6, Max: 41498177.7, Diff: 0.1]
   [Code Root Fixup: 0.0 ms]
   [Code Root Purge: 0.0 ms]
   [Clear CT: 0.1 ms]
   [Other: 0.7 ms]
      [Choose CSet: 0.0 ms]
      [Ref Proc: 0.2 ms]
      [Ref Enq: 0.0 ms]
      [Redirty Cards: 0.1 ms]
      [Humongous Register: 0.1 ms]
      [Humongous Reclaim: 0.0 ms]
      [Free CSet: 0.1 ms]
   [Eden: 47.0M(47.0M)->0.0B(45.0M) Survivors: 4096.0K->6144.0K Heap: 337.7M(1024.0M)->292.7M(1024.0M)]
 [Times: user=0.08 sys=0.01, real=0.02 secs] 
2019-11-03T21:31:12.911+0800: 41507.913: [GC pause (G1 Evacuation Pause) (young), 0.0166381 secs]
   [Parallel Time: 16.0 ms, GC Workers: 4]
      [GC Worker Start (ms): Min: 41507912.8, Avg: 41507912.8, Max: 41507912.8, Diff: 0.0]
      [Ext Root Scanning (ms): Min: 0.5, Avg: 0.5, Max: 0.6, Diff: 0.1, Sum: 2.1]
      [Update RS (ms): Min: 1.1, Avg: 1.1, Max: 1.3, Diff: 0.2, Sum: 4.5]
         [Processed Buffers: Min: 6, Avg: 8.8, Max: 10, Diff: 4, Sum: 35]
      [Scan RS (ms): Min: 4.1, Avg: 4.3, Max: 4.4, Diff: 0.3, Sum: 17.1]
      [Code Root Scanning (ms): Min: 0.0, Avg: 0.0, Max: 0.0, Diff: 0.0, Sum: 0.0]
      [Object Copy (ms): Min: 9.9, Avg: 10.0, Max: 10.1, Diff: 0.2, Sum: 39.9]
      [Termination (ms): Min: 0.0, Avg: 0.0, Max: 0.0, Diff: 0.0, Sum: 0.0]
         [Termination Attempts: Min: 1, Avg: 1.0, Max: 1, Diff: 0, Sum: 4]
      [GC Worker Other (ms): Min: 0.0, Avg: 0.0, Max: 0.1, Diff: 0.0, Sum: 0.2]
      [GC Worker Total (ms): Min: 15.9, Avg: 15.9, Max: 16.0, Diff: 0.0, Sum: 63.8]
      [GC Worker End (ms): Min: 41507928.7, Avg: 41507928.7, Max: 41507928.7, Diff: 0.0]
   [Code Root Fixup: 0.0 ms]
   [Code Root Purge: 0.0 ms]
   [Clear CT: 0.1 ms]
   [Other: 0.5 ms]
      [Choose CSet: 0.0 ms]
      [Ref Proc: 0.1 ms]
      [Ref Enq: 0.0 ms]
      [Redirty Cards: 0.1 ms]
      [Humongous Register: 0.0 ms]
      [Humongous Reclaim: 0.0 ms]
      [Free CSet: 0.1 ms]
   [Eden: 45.0M(45.0M)->0.0B(55.0M) Survivors: 6144.0K->5120.0K Heap: 337.7M(1024.0M)->292.0M(1024.0M)]
 [Times: user=0.06 sys=0.00, real=0.01 secs] 
2019-11-03T21:31:24.673+0800: 41519.674: [GC pause (G1 Evacuation Pause) (young), 0.0179497 secs]
   [Parallel Time: 17.2 ms, GC Workers: 4]
      [GC Worker Start (ms): Min: 41519673.8, Avg: 41519673.8, Max: 41519673.8, Diff: 0.1]
      [Ext Root Scanning (ms): Min: 0.8, Avg: 0.8, Max: 0.9, Diff: 0.1, Sum: 3.4]
      [Update RS (ms): Min: 1.7, Avg: 2.1, Max: 2.3, Diff: 0.6, Sum: 8.4]
         [Processed Buffers: Min: 1, Avg: 9.2, Max: 17, Diff: 16, Sum: 37]
      [Scan RS (ms): Min: 5.3, Avg: 5.6, Max: 5.9, Diff: 0.6, Sum: 22.3]
      [Code Root Scanning (ms): Min: 0.0, Avg: 0.0, Max: 0.0, Diff: 0.0, Sum: 0.0]
      [Object Copy (ms): Min: 8.5, Avg: 8.6, Max: 8.7, Diff: 0.2, Sum: 34.4]
      [Termination (ms): Min: 0.0, Avg: 0.0, Max: 0.0, Diff: 0.0, Sum: 0.0]
         [Termination Attempts: Min: 1, Avg: 1.0, Max: 1, Diff: 0, Sum: 4]
      [GC Worker Other (ms): Min: 0.0, Avg: 0.0, Max: 0.1, Diff: 0.0, Sum: 0.2]
      [GC Worker Total (ms): Min: 17.1, Avg: 17.1, Max: 17.2, Diff: 0.0, Sum: 68.6]
      [GC Worker End (ms): Min: 41519690.9, Avg: 41519690.9, Max: 41519690.9, Diff: 0.0]
   [Code Root Fixup: 0.0 ms]
   [Code Root Purge: 0.0 ms]
   [Clear CT: 0.1 ms]
   [Other: 0.6 ms]
      [Choose CSet: 0.0 ms]
      [Ref Proc: 0.2 ms]
      [Ref Enq: 0.0 ms]
      [Redirty Cards: 0.1 ms]
      [Humongous Register: 0.0 ms]
      [Humongous Reclaim: 0.0 ms]
      [Free CSet: 0.1 ms]
   [Eden: 55.0M(46.0M)->0.0B(89.0M) Survivors: 5120.0K->6144.0K Heap: 347.0M(1024.0M)->293.0M(1024.0M)]
 [Times: user=0.07 sys=0.00, real=0.02 secs] 
2019-11-03T21:31:39.725+0800: 41534.725: [GC pause (G1 Evacuation Pause) (young), 0.0177303 secs]
   [Parallel Time: 16.7 ms, GC Workers: 4]
      [GC Worker Start (ms): Min: 41534725.5, Avg: 41534725.6, Max: 41534725.8, Diff: 0.3]
      [Ext Root Scanning (ms): Min: 0.5, Avg: 0.7, Max: 1.0, Diff: 0.6, Sum: 3.0]
      [Update RS (ms): Min: 0.9, Avg: 1.4, Max: 1.6, Diff: 0.7, Sum: 5.4]
         [Processed Buffers: Min: 5, Avg: 8.2, Max: 12, Diff: 7, Sum: 33]
      [Scan RS (ms): Min: 4.5, Avg: 4.6, Max: 4.9, Diff: 0.4, Sum: 18.5]
      [Code Root Scanning (ms): Min: 0.0, Avg: 0.0, Max: 0.0, Diff: 0.0, Sum: 0.0]
      [Object Copy (ms): Min: 9.8, Avg: 9.8, Max: 9.9, Diff: 0.1, Sum: 39.3]
      [Termination (ms): Min: 0.0, Avg: 0.0, Max: 0.0, Diff: 0.0, Sum: 0.0]
         [Termination Attempts: Min: 1, Avg: 1.0, Max: 1, Diff: 0, Sum: 4]
      [GC Worker Other (ms): Min: 0.0, Avg: 0.0, Max: 0.0, Diff: 0.0, Sum: 0.1]
      [GC Worker Total (ms): Min: 16.4, Avg: 16.6, Max: 16.7, Diff: 0.3, Sum: 66.4]
      [GC Worker End (ms): Min: 41534742.2, Avg: 41534742.2, Max: 41534742.2, Diff: 0.0]
   [Code Root Fixup: 0.0 ms]
   [Code Root Purge: 0.0 ms]
   [Clear CT: 0.1 ms]
   [Other: 0.9 ms]
      [Choose CSet: 0.0 ms]
      [Ref Proc: 0.2 ms]
      [Ref Enq: 0.0 ms]
      [Redirty Cards: 0.1 ms]
      [Humongous Register: 0.1 ms]
      [Humongous Reclaim: 0.1 ms]
      [Free CSet: 0.2 ms]
   [Eden: 70.0M(45.0M)->0.0B(152.0M) Survivors: 6144.0K->5120.0K Heap: 363.0M(1024.0M)->293.5M(1024.0M)]
 [Times: user=0.06 sys=0.00, real=0.02 secs] 
2019-11-03T21:31:54.063+0800: 41549.062: [GC pause (G1 Evacuation Pause) (young), 0.0161157 secs]
   [Parallel Time: 15.5 ms, GC Workers: 4]
      [GC Worker Start (ms): Min: 41549062.5, Avg: 41549062.5, Max: 41549062.5, Diff: 0.1]
      [Ext Root Scanning (ms): Min: 0.7, Avg: 0.8, Max: 0.8, Diff: 0.1, Sum: 3.0]
      [Update RS (ms): Min: 1.8, Avg: 2.2, Max: 2.5, Diff: 0.6, Sum: 9.0]
         [Processed Buffers: Min: 1, Avg: 8.0, Max: 14, Diff: 13, Sum: 32]
      [Scan RS (ms): Min: 5.1, Avg: 5.4, Max: 5.8, Diff: 0.7, Sum: 21.5]
      [Code Root Scanning (ms): Min: 0.0, Avg: 0.0, Max: 0.0, Diff: 0.0, Sum: 0.0]
      [Object Copy (ms): Min: 6.8, Avg: 6.9, Max: 7.0, Diff: 0.2, Sum: 27.7]
      [Termination (ms): Min: 0.0, Avg: 0.0, Max: 0.0, Diff: 0.0, Sum: 0.0]
         [Termination Attempts: Min: 1, Avg: 2.8, Max: 5, Diff: 4, Sum: 11]
      [GC Worker Other (ms): Min: 0.0, Avg: 0.0, Max: 0.1, Diff: 0.0, Sum: 0.1]
      [GC Worker Total (ms): Min: 15.3, Avg: 15.3, Max: 15.4, Diff: 0.1, Sum: 61.4]
      [GC Worker End (ms): Min: 41549077.8, Avg: 41549077.9, Max: 41549077.9, Diff: 0.0]
   [Code Root Fixup: 0.0 ms]
   [Code Root Purge: 0.0 ms]
   [Clear CT: 0.1 ms]
   [Other: 0.6 ms]
      [Choose CSet: 0.0 ms]
      [Ref Proc: 0.1 ms]
      [Ref Enq: 0.0 ms]
      [Redirty Cards: 0.1 ms]
      [Humongous Register: 0.0 ms]
      [Humongous Reclaim: 0.0 ms]
      [Free CSet: 0.1 ms]
   [Eden: 67.0M(46.0M)->0.0B(228.0M) Survivors: 5120.0K->5120.0K Heap: 360.5M(1024.0M)->293.0M(1024.0M)]
 [Times: user=0.06 sys=0.00, real=0.01 secs] 
2019-11-03T21:32:06.357+0800: 41561.357: [GC pause (G1 Evacuation Pause) (young), 0.0155606 secs]
   [Parallel Time: 14.9 ms, GC Workers: 4]
      [GC Worker Start (ms): Min: 41561356.7, Avg: 41561356.7, Max: 41561356.7, Diff: 0.0]
      [Ext Root Scanning (ms): Min: 0.4, Avg: 0.5, Max: 0.5, Diff: 0.1, Sum: 1.9]
      [Update RS (ms): Min: 1.0, Avg: 1.2, Max: 1.5, Diff: 0.5, Sum: 4.9]
         [Processed Buffers: Min: 3, Avg: 8.5, Max: 11, Diff: 8, Sum: 34]
      [Scan RS (ms): Min: 4.1, Avg: 4.4, Max: 4.6, Diff: 0.4, Sum: 17.4]
      [Code Root Scanning (ms): Min: 0.0, Avg: 0.0, Max: 0.0, Diff: 0.0, Sum: 0.0]
      [Object Copy (ms): Min: 8.7, Avg: 8.7, Max: 8.8, Diff: 0.1, Sum: 34.9]
      [Termination (ms): Min: 0.0, Avg: 0.0, Max: 0.0, Diff: 0.0, Sum: 0.0]
         [Termination Attempts: Min: 1, Avg: 1.0, Max: 1, Diff: 0, Sum: 4]
      [GC Worker Other (ms): Min: 0.0, Avg: 0.0, Max: 0.1, Diff: 0.1, Sum: 0.1]
      [GC Worker Total (ms): Min: 14.8, Avg: 14.8, Max: 14.9, Diff: 0.1, Sum: 59.3]
      [GC Worker End (ms): Min: 41561371.5, Avg: 41561371.5, Max: 41561371.6, Diff: 0.1]
   [Code Root Fixup: 0.0 ms]
   [Code Root Purge: 0.0 ms]
   [Clear CT: 0.1 ms]
   [Other: 0.6 ms]
      [Choose CSet: 0.0 ms]
      [Ref Proc: 0.1 ms]
      [Ref Enq: 0.0 ms]
      [Redirty Cards: 0.0 ms]
      [Humongous Register: 0.0 ms]
      [Humongous Reclaim: 0.0 ms]
      [Free CSet: 0.1 ms]
   [Eden: 58.0M(46.0M)->0.0B(286.0M) Survivors: 5120.0K->6144.0K Heap: 351.0M(1024.0M)->294.0M(1024.0M)]
 [Times: user=0.06 sys=0.00, real=0.02 secs] 
2019-11-03T21:32:30.033+0800: 41585.032: [GC pause (G1 Evacuation Pause) (young), 0.0231209 secs]
   [Parallel Time: 22.2 ms, GC Workers: 4]
      [GC Worker Start (ms): Min: 41585031.8, Avg: 41585031.9, Max: 41585032.1, Diff: 0.3]
      [Ext Root Scanning (ms): Min: 0.3, Avg: 2.6, Max: 9.0, Diff: 8.7, Sum: 10.5]
      [Update RS (ms): Min: 0.0, Avg: 1.2, Max: 1.8, Diff: 1.8, Sum: 5.0]
         [Processed Buffers: Min: 0, Avg: 10.0, Max: 21, Diff: 21, Sum: 40]
      [Scan RS (ms): Min: 0.0, Avg: 4.3, Max: 6.0, Diff: 6.0, Sum: 17.3]
      [Code Root Scanning (ms): Min: 0.0, Avg: 0.0, Max: 0.0, Diff: 0.0, Sum: 0.0]
      [Object Copy (ms): Min: 13.0, Avg: 13.7, Max: 14.0, Diff: 1.0, Sum: 54.7]
      [Termination (ms): Min: 0.0, Avg: 0.1, Max: 0.2, Diff: 0.2, Sum: 0.6]
         [Termination Attempts: Min: 1, Avg: 1.0, Max: 1, Diff: 0, Sum: 4]
      [GC Worker Other (ms): Min: 0.0, Avg: 0.0, Max: 0.0, Diff: 0.0, Sum: 0.1]
      [GC Worker Total (ms): Min: 21.8, Avg: 22.0, Max: 22.2, Diff: 0.4, Sum: 88.1]
      [GC Worker End (ms): Min: 41585053.8, Avg: 41585053.9, Max: 41585053.9, Diff: 0.1]
   [Code Root Fixup: 0.0 ms]
   [Code Root Purge: 0.0 ms]
   [Clear CT: 0.1 ms]
   [Other: 0.8 ms]
      [Choose CSet: 0.0 ms]
      [Ref Proc: 0.2 ms]
      [Ref Enq: 0.0 ms]
      [Redirty Cards: 0.1 ms]
      [Humongous Register: 0.0 ms]
      [Humongous Reclaim: 0.0 ms]
      [Free CSet: 0.1 ms]
   [Eden: 110.0M(45.0M)->0.0B(144.0M) Survivors: 6144.0K->5120.0K Heap: 404.0M(1024.0M)->294.3M(1024.0M)]
 [Times: user=0.07 sys=0.01, real=0.02 secs] 
2019-11-03T21:33:01.078+0800: 41616.075: [GC pause (G1 Evacuation Pause) (young), 0.0181083 secs]
   [Parallel Time: 17.2 ms, GC Workers: 4]
      [GC Worker Start (ms): Min: 41616074.9, Avg: 41616074.9, Max: 41616074.9, Diff: 0.0]
      [Ext Root Scanning (ms): Min: 0.5, Avg: 0.6, Max: 0.6, Diff: 0.1, Sum: 2.2]
      [Update RS (ms): Min: 1.8, Avg: 2.0, Max: 2.2, Diff: 0.4, Sum: 8.0]
         [Processed Buffers: Min: 2, Avg: 10.0, Max: 16, Diff: 14, Sum: 40]
      [Scan RS (ms): Min: 4.7, Avg: 5.0, Max: 5.6, Diff: 0.8, Sum: 20.1]
      [Code Root Scanning (ms): Min: 0.0, Avg: 0.0, Max: 0.0, Diff: 0.0, Sum: 0.0]
      [Object Copy (ms): Min: 9.2, Avg: 9.5, Max: 9.7, Diff: 0.5, Sum: 38.1]
      [Termination (ms): Min: 0.0, Avg: 0.0, Max: 0.0, Diff: 0.0, Sum: 0.0]
         [Termination Attempts: Min: 1, Avg: 1.0, Max: 1, Diff: 0, Sum: 4]
      [GC Worker Other (ms): Min: 0.0, Avg: 0.0, Max: 0.1, Diff: 0.0, Sum: 0.2]
      [GC Worker Total (ms): Min: 17.1, Avg: 17.1, Max: 17.2, Diff: 0.1, Sum: 68.5]
      [GC Worker End (ms): Min: 41616092.0, Avg: 41616092.0, Max: 41616092.1, Diff: 0.0]
   [Code Root Fixup: 0.0 ms]
   [Code Root Purge: 0.0 ms]
   [Clear CT: 0.1 ms]
   [Other: 0.8 ms]
      [Choose CSet: 0.0 ms]
      [Ref Proc: 0.2 ms]
      [Ref Enq: 0.0 ms]
      [Redirty Cards: 0.1 ms]
      [Humongous Register: 0.0 ms]
      [Humongous Reclaim: 0.0 ms]
      [Free CSet: 0.1 ms]
   [Eden: 144.0M(144.0M)->0.0B(184.0M) Survivors: 5120.0K->7168.0K Heap: 438.3M(1024.0M)->295.8M(1024.0M)]
 [Times: user=0.07 sys=0.00, real=0.02 secs] 
2019-11-03T21:33:40.952+0800: 41655.947: [GC pause (G1 Evacuation Pause) (young), 0.0295572 secs]
   [Parallel Time: 28.6 ms, GC Workers: 4]
      [GC Worker Start (ms): Min: 41655947.6, Avg: 41655948.1, Max: 41655948.9, Diff: 1.3]
      [Ext Root Scanning (ms): Min: 0.2, Avg: 0.9, Max: 1.5, Diff: 1.3, Sum: 3.8]
      [Update RS (ms): Min: 2.2, Avg: 2.3, Max: 2.4, Diff: 0.3, Sum: 9.2]
         [Processed Buffers: Min: 2, Avg: 9.2, Max: 26, Diff: 24, Sum: 37]
      [Scan RS (ms): Min: 4.0, Avg: 4.1, Max: 4.3, Diff: 0.3, Sum: 16.3]
      [Code Root Scanning (ms): Min: 0.0, Avg: 0.0, Max: 0.0, Diff: 0.0, Sum: 0.0]
      [Object Copy (ms): Min: 20.4, Avg: 20.5, Max: 20.8, Diff: 0.4, Sum: 82.0]
      [Termination (ms): Min: 0.0, Avg: 0.1, Max: 0.1, Diff: 0.1, Sum: 0.4]
         [Termination Attempts: Min: 1, Avg: 1.0, Max: 1, Diff: 0, Sum: 4]
      [GC Worker Other (ms): Min: 0.0, Avg: 0.0, Max: 0.0, Diff: 0.0, Sum: 0.1]
      [GC Worker Total (ms): Min: 27.2, Avg: 28.0, Max: 28.5, Diff: 1.3, Sum: 111.8]
      [GC Worker End (ms): Min: 41655976.0, Avg: 41655976.1, Max: 41655976.1, Diff: 0.0]
   [Code Root Fixup: 0.0 ms]
   [Code Root Purge: 0.0 ms]
   [Clear CT: 0.2 ms]
   [Other: 0.8 ms]
      [Choose CSet: 0.0 ms]
      [Ref Proc: 0.2 ms]
      [Ref Enq: 0.0 ms]
      [Redirty Cards: 0.1 ms]
      [Humongous Register: 0.0 ms]
      [Humongous Reclaim: 0.0 ms]
      [Free CSet: 0.2 ms]
   [Eden: 184.0M(184.0M)->0.0B(44.0M) Survivors: 7168.0K->7168.0K Heap: 479.8M(1024.0M)->295.8M(1024.0M)]
 [Times: user=0.08 sys=0.02, real=0.03 secs] 
2019-11-03T21:33:50.518+0800: 41665.513: [GC pause (G1 Evacuation Pause) (young), 0.0267200 secs]
   [Parallel Time: 26.1 ms, GC Workers: 4]
      [GC Worker Start (ms): Min: 41665513.6, Avg: 41665514.2, Max: 41665514.9, Diff: 1.4]
      [Ext Root Scanning (ms): Min: 0.2, Avg: 0.9, Max: 1.5, Diff: 1.4, Sum: 3.4]
      [Update RS (ms): Min: 1.3, Avg: 1.4, Max: 1.6, Diff: 0.2, Sum: 5.6]
         [Processed Buffers: Min: 3, Avg: 6.8, Max: 10, Diff: 7, Sum: 27]
      [Scan RS (ms): Min: 3.6, Avg: 3.8, Max: 3.9, Diff: 0.3, Sum: 15.1]
      [Code Root Scanning (ms): Min: 0.0, Avg: 0.0, Max: 0.0, Diff: 0.0, Sum: 0.0]
      [Object Copy (ms): Min: 19.2, Avg: 19.3, Max: 19.4, Diff: 0.1, Sum: 77.2]
      [Termination (ms): Min: 0.0, Avg: 0.0, Max: 0.0, Diff: 0.0, Sum: 0.0]
         [Termination Attempts: Min: 1, Avg: 1.0, Max: 1, Diff: 0, Sum: 4]
      [GC Worker Other (ms): Min: 0.0, Avg: 0.0, Max: 0.0, Diff: 0.0, Sum: 0.1]
      [GC Worker Total (ms): Min: 24.7, Avg: 25.3, Max: 26.0, Diff: 1.4, Sum: 101.4]
      [GC Worker End (ms): Min: 41665539.6, Avg: 41665539.6, Max: 41665539.6, Diff: 0.0]
   [Code Root Fixup: 0.0 ms]
   [Code Root Purge: 0.0 ms]
   [Clear CT: 0.1 ms]
   [Other: 0.6 ms]
      [Choose CSet: 0.0 ms]
      [Ref Proc: 0.1 ms]
      [Ref Enq: 0.0 ms]
      [Redirty Cards: 0.1 ms]
      [Humongous Register: 0.1 ms]
      [Humongous Reclaim: 0.0 ms]
      [Free CSet: 0.1 ms]
   [Eden: 44.0M(44.0M)->0.0B(46.0M) Survivors: 7168.0K->5120.0K Heap: 339.8M(1024.0M)->296.2M(1024.0M)]
 [Times: user=0.07 sys=0.01, real=0.03 secs] 
2019-11-03T21:34:00.418+0800: 41675.413: [GC pause (G1 Evacuation Pause) (young), 0.0241610 secs]
   [Parallel Time: 22.5 ms, GC Workers: 4]
      [GC Worker Start (ms): Min: 41675413.0, Avg: 41675413.0, Max: 41675413.1, Diff: 0.1]
      [Ext Root Scanning (ms): Min: 0.7, Avg: 0.8, Max: 0.9, Diff: 0.2, Sum: 3.2]
      [Update RS (ms): Min: 3.0, Avg: 3.5, Max: 3.9, Diff: 0.9, Sum: 13.8]
         [Processed Buffers: Min: 2, Avg: 9.2, Max: 28, Diff: 26, Sum: 37]
      [Scan RS (ms): Min: 7.0, Avg: 7.4, Max: 7.9, Diff: 0.9, Sum: 29.8]
      [Code Root Scanning (ms): Min: 0.0, Avg: 0.0, Max: 0.0, Diff: 0.0, Sum: 0.0]
      [Object Copy (ms): Min: 9.8, Avg: 9.9, Max: 10.1, Diff: 0.3, Sum: 39.7]
      [Termination (ms): Min: 0.0, Avg: 0.5, Max: 0.8, Diff: 0.8, Sum: 1.8]
         [Termination Attempts: Min: 1, Avg: 1.0, Max: 1, Diff: 0, Sum: 4]
      [GC Worker Other (ms): Min: 0.0, Avg: 0.0, Max: 0.0, Diff: 0.0, Sum: 0.1]
      [GC Worker Total (ms): Min: 21.8, Avg: 22.1, Max: 22.4, Diff: 0.6, Sum: 88.5]
      [GC Worker End (ms): Min: 41675434.8, Avg: 41675435.1, Max: 41675435.4, Diff: 0.6]
   [Code Root Fixup: 0.0 ms]
   [Code Root Purge: 0.0 ms]
   [Clear CT: 0.4 ms]
   [Other: 1.2 ms]
      [Choose CSet: 0.0 ms]
      [Ref Proc: 0.3 ms]
      [Ref Enq: 0.0 ms]
      [Redirty Cards: 0.1 ms]
      [Humongous Register: 0.1 ms]
      [Humongous Reclaim: 0.0 ms]
      [Free CSet: 0.1 ms]
   [Eden: 46.0M(46.0M)->0.0B(45.0M) Survivors: 5120.0K->6144.0K Heap: 342.2M(1024.0M)->297.7M(1024.0M)]
 [Times: user=0.08 sys=0.00, real=0.03 secs] 
2019-11-03T21:34:10.216+0800: 41685.211: [GC pause (G1 Evacuation Pause) (young), 0.0243313 secs]
   [Parallel Time: 23.7 ms, GC Workers: 4]
      [GC Worker Start (ms): Min: 41685211.0, Avg: 41685212.9, Max: 41685218.3, Diff: 7.3]
      [Ext Root Scanning (ms): Min: 0.0, Avg: 0.8, Max: 1.0, Diff: 1.0, Sum: 3.0]
      [Update RS (ms): Min: 0.0, Avg: 2.5, Max: 3.6, Diff: 3.6, Sum: 9.9]
         [Processed Buffers: Min: 0, Avg: 8.0, Max: 29, Diff: 29, Sum: 32]
      [Scan RS (ms): Min: 3.8, Avg: 6.0, Max: 6.9, Diff: 3.1, Sum: 23.9]
      [Code Root Scanning (ms): Min: 0.0, Avg: 0.0, Max: 0.0, Diff: 0.0, Sum: 0.0]
      [Object Copy (ms): Min: 12.4, Avg: 12.5, Max: 12.6, Diff: 0.2, Sum: 50.0]
      [Termination (ms): Min: 0.0, Avg: 0.0, Max: 0.0, Diff: 0.0, Sum: 0.0]
         [Termination Attempts: Min: 1, Avg: 1.8, Max: 3, Diff: 2, Sum: 7]
      [GC Worker Other (ms): Min: 0.0, Avg: 0.0, Max: 0.1, Diff: 0.0, Sum: 0.1]
      [GC Worker Total (ms): Min: 16.3, Avg: 21.7, Max: 23.6, Diff: 7.3, Sum: 87.0]
      [GC Worker End (ms): Min: 41685234.6, Avg: 41685234.6, Max: 41685234.6, Diff: 0.0]
   [Code Root Fixup: 0.0 ms]
   [Code Root Purge: 0.0 ms]
   [Clear CT: 0.1 ms]
   [Other: 0.6 ms]
      [Choose CSet: 0.0 ms]
      [Ref Proc: 0.1 ms]
      [Ref Enq: 0.0 ms]
      [Redirty Cards: 0.1 ms]
      [Humongous Register: 0.0 ms]
      [Humongous Reclaim: 0.0 ms]
      [Free CSet: 0.1 ms]
   [Eden: 45.0M(45.0M)->0.0B(46.0M) Survivors: 6144.0K->5120.0K Heap: 342.7M(1024.0M)->297.9M(1024.0M)]
 [Times: user=0.08 sys=0.00, real=0.03 secs] 
2019-11-03T21:34:20.100+0800: 41695.094: [GC pause (G1 Evacuation Pause) (young), 0.0132966 secs]
   [Parallel Time: 12.7 ms, GC Workers: 4]
      [GC Worker Start (ms): Min: 41695094.3, Avg: 41695094.3, Max: 41695094.3, Diff: 0.0]
      [Ext Root Scanning (ms): Min: 0.5, Avg: 0.5, Max: 0.6, Diff: 0.1, Sum: 2.2]
      [Update RS (ms): Min: 1.5, Avg: 1.7, Max: 1.9, Diff: 0.5, Sum: 6.7]
         [Processed Buffers: Min: 1, Avg: 8.2, Max: 12, Diff: 11, Sum: 33]
      [Scan RS (ms): Min: 3.7, Avg: 4.4, Max: 5.6, Diff: 1.9, Sum: 17.7]
      [Code Root Scanning (ms): Min: 0.0, Avg: 0.0, Max: 0.0, Diff: 0.0, Sum: 0.0]
      [Object Copy (ms): Min: 4.6, Avg: 5.9, Max: 6.4, Diff: 1.8, Sum: 23.7]
      [Termination (ms): Min: 0.0, Avg: 0.0, Max: 0.0, Diff: 0.0, Sum: 0.0]
         [Termination Attempts: Min: 1, Avg: 1.0, Max: 1, Diff: 0, Sum: 4]
      [GC Worker Other (ms): Min: 0.0, Avg: 0.0, Max: 0.1, Diff: 0.0, Sum: 0.2]
      [GC Worker Total (ms): Min: 12.6, Avg: 12.6, Max: 12.6, Diff: 0.0, Sum: 50.4]
      [GC Worker End (ms): Min: 41695106.9, Avg: 41695106.9, Max: 41695106.9, Diff: 0.0]
   [Code Root Fixup: 0.0 ms]
   [Code Root Purge: 0.0 ms]
   [Clear CT: 0.1 ms]
   [Other: 0.5 ms]
      [Choose CSet: 0.0 ms]
      [Ref Proc: 0.1 ms]
      [Ref Enq: 0.0 ms]
      [Redirty Cards: 0.0 ms]
      [Humongous Register: 0.0 ms]
      [Humongous Reclaim: 0.0 ms]
      [Free CSet: 0.1 ms]
   [Eden: 46.0M(46.0M)->0.0B(47.0M) Survivors: 5120.0K->4096.0K Heap: 343.9M(1024.0M)->297.4M(1024.0M)]
 [Times: user=0.05 sys=0.00, real=0.01 secs] 
2019-11-03T21:34:30.373+0800: 41705.367: [GC pause (G1 Evacuation Pause) (young), 0.0172294 secs]
   [Parallel Time: 16.4 ms, GC Workers: 4]
      [GC Worker Start (ms): Min: 41705366.8, Avg: 41705366.9, Max: 41705367.1, Diff: 0.3]
      [Ext Root Scanning (ms): Min: 0.6, Avg: 0.8, Max: 0.9, Diff: 0.3, Sum: 3.2]
      [Update RS (ms): Min: 2.7, Avg: 3.2, Max: 3.5, Diff: 0.8, Sum: 12.6]
         [Processed Buffers: Min: 2, Avg: 8.5, Max: 13, Diff: 11, Sum: 34]
      [Scan RS (ms): Min: 5.4, Avg: 5.7, Max: 6.0, Diff: 0.7, Sum: 22.7]
      [Code Root Scanning (ms): Min: 0.0, Avg: 0.0, Max: 0.0, Diff: 0.0, Sum: 0.0]
      [Object Copy (ms): Min: 6.5, Avg: 6.5, Max: 6.6, Diff: 0.1, Sum: 26.2]
      [Termination (ms): Min: 0.0, Avg: 0.0, Max: 0.0, Diff: 0.0, Sum: 0.0]
         [Termination Attempts: Min: 1, Avg: 1.0, Max: 1, Diff: 0, Sum: 4]
      [GC Worker Other (ms): Min: 0.0, Avg: 0.0, Max: 0.0, Diff: 0.0, Sum: 0.2]
      [GC Worker Total (ms): Min: 16.0, Avg: 16.2, Max: 16.3, Diff: 0.3, Sum: 64.8]
      [GC Worker End (ms): Min: 41705383.1, Avg: 41705383.1, Max: 41705383.1, Diff: 0.0]
   [Code Root Fixup: 0.0 ms]
   [Code Root Purge: 0.0 ms]
   [Clear CT: 0.1 ms]
   [Other: 0.8 ms]
      [Choose CSet: 0.0 ms]
      [Ref Proc: 0.3 ms]
      [Ref Enq: 0.0 ms]
      [Redirty Cards: 0.1 ms]
      [Humongous Register: 0.0 ms]
      [Humongous Reclaim: 0.0 ms]
      [Free CSet: 0.1 ms]
   [Eden: 47.0M(47.0M)->0.0B(87.0M) Survivors: 4096.0K->5120.0K Heap: 344.4M(1024.0M)->297.9M(1024.0M)]
 [Times: user=0.06 sys=0.01, real=0.02 secs] 
2019-11-03T21:34:49.286+0800: 41724.279: [GC pause (G1 Evacuation Pause) (young), 0.0242562 secs]
   [Parallel Time: 15.5 ms, GC Workers: 4]
      [GC Worker Start (ms): Min: 41724279.1, Avg: 41724279.4, Max: 41724280.0, Diff: 0.8]
      [Ext Root Scanning (ms): Min: 0.0, Avg: 0.5, Max: 0.8, Diff: 0.8, Sum: 2.0]
      [Update RS (ms): Min: 1.6, Avg: 1.7, Max: 1.7, Diff: 0.1, Sum: 6.6]
         [Processed Buffers: Min: 7, Avg: 8.8, Max: 11, Diff: 4, Sum: 35]
      [Scan RS (ms): Min: 3.6, Avg: 3.7, Max: 3.8, Diff: 0.2, Sum: 14.6]
      [Code Root Scanning (ms): Min: 0.0, Avg: 0.0, Max: 0.0, Diff: 0.0, Sum: 0.0]
      [Object Copy (ms): Min: 9.2, Avg: 9.3, Max: 9.4, Diff: 0.2, Sum: 37.2]
      [Termination (ms): Min: 0.0, Avg: 0.0, Max: 0.0, Diff: 0.0, Sum: 0.0]
         [Termination Attempts: Min: 1, Avg: 1.0, Max: 1, Diff: 0, Sum: 4]
      [GC Worker Other (ms): Min: 0.0, Avg: 0.0, Max: 0.1, Diff: 0.0, Sum: 0.1]
      [GC Worker Total (ms): Min: 14.6, Avg: 15.1, Max: 15.4, Diff: 0.8, Sum: 60.5]
      [GC Worker End (ms): Min: 41724294.5, Avg: 41724294.5, Max: 41724294.6, Diff: 0.0]
   [Code Root Fixup: 0.0 ms]
   [Code Root Purge: 0.0 ms]
   [Clear CT: 0.1 ms]
   [Other: 8.6 ms]
      [Choose CSet: 0.0 ms]
      [Ref Proc: 8.0 ms]
      [Ref Enq: 0.0 ms]
      [Redirty Cards: 0.1 ms]
      [Humongous Register: 0.1 ms]
      [Humongous Reclaim: 0.0 ms]
      [Free CSet: 0.2 ms]
   [Eden: 87.0M(87.0M)->0.0B(45.0M) Survivors: 5120.0K->6144.0K Heap: 384.9M(1024.0M)->298.8M(1024.0M)]
 [Times: user=0.05 sys=0.00, real=0.03 secs] 
2019-11-03T21:34:58.945+0800: 41733.937: [GC pause (G1 Evacuation Pause) (young), 0.0191000 secs]
   [Parallel Time: 18.1 ms, GC Workers: 4]
      [GC Worker Start (ms): Min: 41733937.5, Avg: 41733938.4, Max: 41733941.0, Diff: 3.5]
      [Ext Root Scanning (ms): Min: 0.0, Avg: 0.8, Max: 1.0, Diff: 1.0, Sum: 3.1]
      [Update RS (ms): Min: 0.0, Avg: 1.6, Max: 2.3, Diff: 2.3, Sum: 6.5]
         [Processed Buffers: Min: 0, Avg: 7.0, Max: 14, Diff: 14, Sum: 28]
      [Scan RS (ms): Min: 3.1, Avg: 3.3, Max: 3.5, Diff: 0.4, Sum: 13.4]
      [Code Root Scanning (ms): Min: 0.0, Avg: 0.0, Max: 0.0, Diff: 0.0, Sum: 0.0]
      [Object Copy (ms): Min: 9.5, Avg: 9.6, Max: 9.7, Diff: 0.2, Sum: 38.5]
      [Termination (ms): Min: 0.0, Avg: 0.9, Max: 1.8, Diff: 1.8, Sum: 3.7]
         [Termination Attempts: Min: 1, Avg: 1.0, Max: 1, Diff: 0, Sum: 4]
      [GC Worker Other (ms): Min: 0.0, Avg: 0.0, Max: 0.0, Diff: 0.0, Sum: 0.1]
      [GC Worker Total (ms): Min: 12.9, Avg: 16.3, Max: 18.0, Diff: 5.1, Sum: 65.2]
      [GC Worker End (ms): Min: 41733953.8, Avg: 41733954.7, Max: 41733955.5, Diff: 1.7]
   [Code Root Fixup: 0.0 ms]
   [Code Root Purge: 0.0 ms]
   [Clear CT: 0.1 ms]
   [Other: 0.9 ms]
      [Choose CSet: 0.0 ms]
      [Ref Proc: 0.2 ms]
      [Ref Enq: 0.0 ms]
      [Redirty Cards: 0.2 ms]
      [Humongous Register: 0.1 ms]
      [Humongous Reclaim: 0.0 ms]
      [Free CSet: 0.2 ms]
   [Eden: 45.0M(45.0M)->0.0B(45.0M) Survivors: 6144.0K->6144.0K Heap: 343.8M(1024.0M)->299.4M(1024.0M)]
 [Times: user=0.06 sys=0.00, real=0.02 secs] 
2019-11-03T21:35:08.673+0800: 41743.665: [GC pause (G1 Evacuation Pause) (young), 0.0182707 secs]
   [Parallel Time: 17.5 ms, GC Workers: 4]
      [GC Worker Start (ms): Min: 41743665.0, Avg: 41743665.0, Max: 41743665.0, Diff: 0.0]
      [Ext Root Scanning (ms): Min: 0.4, Avg: 0.7, Max: 1.1, Diff: 0.7, Sum: 2.7]
      [Update RS (ms): Min: 1.9, Avg: 2.1, Max: 2.4, Diff: 0.5, Sum: 8.6]
         [Processed Buffers: Min: 3, Avg: 8.5, Max: 19, Diff: 16, Sum: 34]
      [Scan RS (ms): Min: 3.0, Avg: 3.3, Max: 3.5, Diff: 0.6, Sum: 13.1]
      [Code Root Scanning (ms): Min: 0.0, Avg: 0.0, Max: 0.0, Diff: 0.0, Sum: 0.0]
      [Object Copy (ms): Min: 10.8, Avg: 10.9, Max: 10.9, Diff: 0.1, Sum: 43.5]
      [Termination (ms): Min: 0.0, Avg: 0.0, Max: 0.0, Diff: 0.0, Sum: 0.0]
         [Termination Attempts: Min: 1, Avg: 1.0, Max: 1, Diff: 0, Sum: 4]
      [GC Worker Other (ms): Min: 0.0, Avg: 0.4, Max: 0.7, Diff: 0.6, Sum: 1.7]
      [GC Worker Total (ms): Min: 17.4, Avg: 17.4, Max: 17.4, Diff: 0.0, Sum: 69.6]
      [GC Worker End (ms): Min: 41743682.4, Avg: 41743682.4, Max: 41743682.4, Diff: 0.0]
   [Code Root Fixup: 0.0 ms]
   [Code Root Purge: 0.0 ms]
   [Clear CT: 0.1 ms]
   [Other: 0.7 ms]
      [Choose CSet: 0.0 ms]
      [Ref Proc: 0.2 ms]
      [Ref Enq: 0.0 ms]
      [Redirty Cards: 0.1 ms]
      [Humongous Register: 0.0 ms]
      [Humongous Reclaim: 0.0 ms]
      [Free CSet: 0.1 ms]
   [Eden: 45.0M(45.0M)->0.0B(46.0M) Survivors: 6144.0K->5120.0K Heap: 344.4M(1024.0M)->299.1M(1024.0M)]
 [Times: user=0.07 sys=0.00, real=0.02 secs] 
2019-11-03T21:35:18.587+0800: 41753.578: [GC pause (G1 Evacuation Pause) (young), 0.0171359 secs]
   [Parallel Time: 16.4 ms, GC Workers: 4]
      [GC Worker Start (ms): Min: 41753578.5, Avg: 41753578.5, Max: 41753578.6, Diff: 0.1]
      [Ext Root Scanning (ms): Min: 0.7, Avg: 0.8, Max: 0.8, Diff: 0.1, Sum: 3.1]
      [Update RS (ms): Min: 2.7, Avg: 3.0, Max: 3.3, Diff: 0.6, Sum: 12.0]
         [Processed Buffers: Min: 2, Avg: 8.2, Max: 20, Diff: 18, Sum: 33]
      [Scan RS (ms): Min: 4.6, Avg: 5.3, Max: 6.3, Diff: 1.7, Sum: 21.3]
      [Code Root Scanning (ms): Min: 0.0, Avg: 0.0, Max: 0.0, Diff: 0.0, Sum: 0.0]
      [Object Copy (ms): Min: 5.9, Avg: 7.1, Max: 7.5, Diff: 1.6, Sum: 28.4]
      [Termination (ms): Min: 0.0, Avg: 0.0, Max: 0.0, Diff: 0.0, Sum: 0.0]
         [Termination Attempts: Min: 1, Avg: 1.0, Max: 1, Diff: 0, Sum: 4]
      [GC Worker Other (ms): Min: 0.0, Avg: 0.1, Max: 0.1, Diff: 0.0, Sum: 0.2]
      [GC Worker Total (ms): Min: 16.2, Avg: 16.3, Max: 16.3, Diff: 0.1, Sum: 65.1]
      [GC Worker End (ms): Min: 41753594.8, Avg: 41753594.8, Max: 41753594.8, Diff: 0.0]
   [Code Root Fixup: 0.0 ms]
   [Code Root Purge: 0.0 ms]
   [Clear CT: 0.1 ms]
   [Other: 0.7 ms]
      [Choose CSet: 0.0 ms]
      [Ref Proc: 0.2 ms]
      [Ref Enq: 0.0 ms]
      [Redirty Cards: 0.1 ms]
      [Humongous Register: 0.0 ms]
      [Humongous Reclaim: 0.0 ms]
      [Free CSet: 0.1 ms]
   [Eden: 46.0M(46.0M)->0.0B(74.0M) Survivors: 5120.0K->5120.0K Heap: 345.1M(1024.0M)->299.1M(1024.0M)]
 [Times: user=0.07 sys=0.00, real=0.02 secs] 
2019-11-03T21:35:28.470+0800: 41763.461: [GC pause (G1 Evacuation Pause) (young), 0.0175692 secs]
   [Parallel Time: 16.4 ms, GC Workers: 4]
      [GC Worker Start (ms): Min: 41763461.2, Avg: 41763461.4, Max: 41763461.7, Diff: 0.5]
      [Ext Root Scanning (ms): Min: 0.6, Avg: 0.8, Max: 1.1, Diff: 0.5, Sum: 3.4]
      [Update RS (ms): Min: 2.2, Avg: 2.4, Max: 2.7, Diff: 0.5, Sum: 9.8]
         [Processed Buffers: Min: 1, Avg: 9.0, Max: 18, Diff: 17, Sum: 36]
      [Scan RS (ms): Min: 4.9, Avg: 5.1, Max: 5.3, Diff: 0.5, Sum: 20.5]
      [Code Root Scanning (ms): Min: 0.0, Avg: 0.0, Max: 0.0, Diff: 0.0, Sum: 0.0]
      [Object Copy (ms): Min: 7.3, Avg: 7.4, Max: 7.5, Diff: 0.2, Sum: 29.7]
      [Termination (ms): Min: 0.0, Avg: 0.2, Max: 0.3, Diff: 0.3, Sum: 0.7]
         [Termination Attempts: Min: 1, Avg: 1.0, Max: 1, Diff: 0, Sum: 4]
      [GC Worker Other (ms): Min: 0.0, Avg: 0.0, Max: 0.0, Diff: 0.0, Sum: 0.1]
      [GC Worker Total (ms): Min: 15.8, Avg: 16.1, Max: 16.3, Diff: 0.6, Sum: 64.2]
      [GC Worker End (ms): Min: 41763477.4, Avg: 41763477.5, Max: 41763477.5, Diff: 0.1]
   [Code Root Fixup: 0.0 ms]
   [Code Root Purge: 0.0 ms]
   [Clear CT: 0.1 ms]
   [Other: 1.0 ms]
      [Choose CSet: 0.0 ms]
      [Ref Proc: 0.5 ms]
      [Ref Enq: 0.0 ms]
      [Redirty Cards: 0.1 ms]
      [Humongous Register: 0.1 ms]
      [Humongous Reclaim: 0.0 ms]
      [Free CSet: 0.1 ms]
   [Eden: 46.0M(46.0M)->0.0B(99.0M) Survivors: 5120.0K->5120.0K Heap: 345.1M(1024.0M)->299.1M(1024.0M)]
 [Times: user=0.06 sys=0.00, real=0.01 secs] 
2019-11-03T21:35:38.373+0800: 41773.364: [GC pause (G1 Evacuation Pause) (young), 0.0187247 secs]
   [Parallel Time: 17.8 ms, GC Workers: 4]
      [GC Worker Start (ms): Min: 41773364.3, Avg: 41773364.5, Max: 41773365.1, Diff: 0.7]
      [Ext Root Scanning (ms): Min: 0.1, Avg: 0.6, Max: 0.8, Diff: 0.7, Sum: 2.4]
      [Update RS (ms): Min: 1.2, Avg: 1.3, Max: 1.5, Diff: 0.3, Sum: 5.3]
         [Processed Buffers: Min: 3, Avg: 7.5, Max: 14, Diff: 11, Sum: 30]
      [Scan RS (ms): Min: 4.4, Avg: 4.6, Max: 4.8, Diff: 0.4, Sum: 18.5]
      [Code Root Scanning (ms): Min: 0.0, Avg: 0.0, Max: 0.0, Diff: 0.0, Sum: 0.0]
      [Object Copy (ms): Min: 10.9, Avg: 10.9, Max: 11.0, Diff: 0.1, Sum: 43.7]
      [Termination (ms): Min: 0.0, Avg: 0.0, Max: 0.0, Diff: 0.0, Sum: 0.0]
         [Termination Attempts: Min: 1, Avg: 2.2, Max: 5, Diff: 4, Sum: 9]
      [GC Worker Other (ms): Min: 0.1, Avg: 0.1, Max: 0.1, Diff: 0.0, Sum: 0.3]
      [GC Worker Total (ms): Min: 17.0, Avg: 17.5, Max: 17.7, Diff: 0.7, Sum: 70.2]
      [GC Worker End (ms): Min: 41773382.1, Avg: 41773382.1, Max: 41773382.1, Diff: 0.0]
   [Code Root Fixup: 0.0 ms]
   [Code Root Purge: 0.0 ms]
   [Clear CT: 0.1 ms]
   [Other: 0.8 ms]
      [Choose CSet: 0.0 ms]
      [Ref Proc: 0.3 ms]
      [Ref Enq: 0.0 ms]
      [Redirty Cards: 0.1 ms]
      [Humongous Register: 0.0 ms]
      [Humongous Reclaim: 0.0 ms]
      [Free CSet: 0.1 ms]
   [Eden: 46.0M(46.0M)->0.0B(106.0M) Survivors: 5120.0K->6144.0K Heap: 345.1M(1024.0M)->300.6M(1024.0M)]
 [Times: user=0.06 sys=0.00, real=0.02 secs] 
2019-11-03T21:36:01.244+0800: 41796.233: [GC pause (G1 Evacuation Pause) (young), 0.0234889 secs]
   [Parallel Time: 22.6 ms, GC Workers: 4]
      [GC Worker Start (ms): Min: 41796233.6, Avg: 41796234.0, Max: 41796234.7, Diff: 1.1]
      [Ext Root Scanning (ms): Min: 0.0, Avg: 0.5, Max: 1.0, Diff: 1.0, Sum: 2.1]
      [Update RS (ms): Min: 0.0, Avg: 1.5, Max: 2.3, Diff: 2.3, Sum: 6.1]
         [Processed Buffers: Min: 0, Avg: 9.5, Max: 18, Diff: 18, Sum: 38]
      [Scan RS (ms): Min: 0.0, Avg: 3.4, Max: 4.8, Diff: 4.8, Sum: 13.7]
      [Code Root Scanning (ms): Min: 0.0, Avg: 0.0, Max: 0.0, Diff: 0.0, Sum: 0.0]
      [Object Copy (ms): Min: 13.8, Avg: 15.7, Max: 20.7, Diff: 6.9, Sum: 62.6]
      [Termination (ms): Min: 0.0, Avg: 0.3, Max: 1.0, Diff: 1.0, Sum: 1.3]
         [Termination Attempts: Min: 1, Avg: 1.0, Max: 1, Diff: 0, Sum: 4]
      [GC Worker Other (ms): Min: 0.0, Avg: 0.1, Max: 0.5, Diff: 0.5, Sum: 0.6]
      [GC Worker Total (ms): Min: 20.7, Avg: 21.6, Max: 22.2, Diff: 1.5, Sum: 86.3]
      [GC Worker End (ms): Min: 41796255.3, Avg: 41796255.6, Max: 41796256.2, Diff: 0.8]
   [Code Root Fixup: 0.0 ms]
   [Code Root Purge: 0.0 ms]
   [Clear CT: 0.1 ms]
   [Other: 0.7 ms]
      [Choose CSet: 0.0 ms]
      [Ref Proc: 0.2 ms]
      [Ref Enq: 0.0 ms]
      [Redirty Cards: 0.1 ms]
      [Humongous Register: 0.1 ms]
      [Humongous Reclaim: 0.0 ms]
      [Free CSet: 0.1 ms]
   [Eden: 106.0M(106.0M)->0.0B(45.0M) Survivors: 6144.0K->6144.0K Heap: 406.6M(1024.0M)->300.1M(1024.0M)]
 [Times: user=0.06 sys=0.00, real=0.02 secs] 
2019-11-03T21:36:10.961+0800: 41805.950: [GC pause (G1 Evacuation Pause) (young), 0.0329414 secs]
   [Parallel Time: 31.6 ms, GC Workers: 4]
      [GC Worker Start (ms): Min: 41805950.2, Avg: 41805950.2, Max: 41805950.2, Diff: 0.0]
      [Ext Root Scanning (ms): Min: 0.4, Avg: 0.5, Max: 0.5, Diff: 0.1, Sum: 1.9]
      [Update RS (ms): Min: 2.6, Avg: 2.7, Max: 2.8, Diff: 0.2, Sum: 10.7]
         [Processed Buffers: Min: 2, Avg: 9.0, Max: 22, Diff: 20, Sum: 36]
      [Scan RS (ms): Min: 3.0, Avg: 3.1, Max: 3.1, Diff: 0.1, Sum: 12.3]
      [Code Root Scanning (ms): Min: 0.0, Avg: 0.0, Max: 0.0, Diff: 0.0, Sum: 0.0]
      [Object Copy (ms): Min: 24.8, Avg: 25.0, Max: 25.1, Diff: 0.3, Sum: 100.0]
      [Termination (ms): Min: 0.0, Avg: 0.3, Max: 0.4, Diff: 0.4, Sum: 1.0]
         [Termination Attempts: Min: 1, Avg: 1.0, Max: 1, Diff: 0, Sum: 4]
      [GC Worker Other (ms): Min: 0.0, Avg: 0.0, Max: 0.0, Diff: 0.0, Sum: 0.1]
      [GC Worker Total (ms): Min: 31.3, Avg: 31.5, Max: 31.6, Diff: 0.2, Sum: 126.0]
      [GC Worker End (ms): Min: 41805981.5, Avg: 41805981.7, Max: 41805981.8, Diff: 0.2]
   [Code Root Fixup: 0.0 ms]
   [Code Root Purge: 0.0 ms]
   [Clear CT: 0.1 ms]
   [Other: 1.2 ms]
      [Choose CSet: 0.0 ms]
      [Ref Proc: 0.4 ms]
      [Ref Enq: 0.0 ms]
      [Redirty Cards: 0.1 ms]
      [Humongous Register: 0.0 ms]
      [Humongous Reclaim: 0.1 ms]
      [Free CSet: 0.2 ms]
   [Eden: 45.0M(45.0M)->0.0B(46.0M) Survivors: 6144.0K->5120.0K Heap: 345.1M(1024.0M)->300.7M(1024.0M)]
 [Times: user=0.06 sys=0.01, real=0.03 secs] 
2019-11-03T21:36:20.996+0800: 41815.985: [GC pause (G1 Evacuation Pause) (young), 0.0257272 secs]
   [Parallel Time: 24.8 ms, GC Workers: 4]
      [GC Worker Start (ms): Min: 41815985.4, Avg: 41815985.7, Max: 41815986.4, Diff: 1.0]
      [Ext Root Scanning (ms): Min: 0.1, Avg: 0.8, Max: 1.1, Diff: 1.0, Sum: 3.4]
      [Update RS (ms): Min: 2.1, Avg: 2.4, Max: 2.7, Diff: 0.6, Sum: 9.5]
         [Processed Buffers: Min: 1, Avg: 8.5, Max: 13, Diff: 12, Sum: 34]
      [Scan RS (ms): Min: 6.3, Avg: 6.8, Max: 7.6, Diff: 1.3, Sum: 27.2]
      [Code Root Scanning (ms): Min: 0.0, Avg: 0.0, Max: 0.0, Diff: 0.0, Sum: 0.0]
      [Object Copy (ms): Min: 12.2, Avg: 12.8, Max: 13.2, Diff: 1.0, Sum: 51.2]
      [Termination (ms): Min: 0.0, Avg: 0.5, Max: 1.6, Diff: 1.6, Sum: 1.9]
         [Termination Attempts: Min: 1, Avg: 1.2, Max: 2, Diff: 1, Sum: 5]
      [GC Worker Other (ms): Min: 0.0, Avg: 0.0, Max: 0.1, Diff: 0.0, Sum: 0.1]
      [GC Worker Total (ms): Min: 23.2, Avg: 23.3, Max: 23.7, Diff: 0.5, Sum: 93.2]
      [GC Worker End (ms): Min: 41816008.6, Avg: 41816009.0, Max: 41816010.1, Diff: 1.5]
   [Code Root Fixup: 0.0 ms]
   [Code Root Purge: 0.0 ms]
   [Clear CT: 0.1 ms]
   [Other: 0.8 ms]
      [Choose CSet: 0.0 ms]
      [Ref Proc: 0.2 ms]
      [Ref Enq: 0.0 ms]
      [Redirty Cards: 0.1 ms]
      [Humongous Register: 0.0 ms]
      [Humongous Reclaim: 0.0 ms]
      [Free CSet: 0.1 ms]
   [Eden: 46.0M(46.0M)->0.0B(45.0M) Survivors: 5120.0K->6144.0K Heap: 346.7M(1024.0M)->301.7M(1024.0M)]
 [Times: user=0.07 sys=0.00, real=0.03 secs] 
2019-11-03T21:36:30.716+0800: 41825.705: [GC pause (G1 Evacuation Pause) (young), 0.0180015 secs]
   [Parallel Time: 17.4 ms, GC Workers: 4]
      [GC Worker Start (ms): Min: 41825704.8, Avg: 41825704.8, Max: 41825704.9, Diff: 0.0]
      [Ext Root Scanning (ms): Min: 0.6, Avg: 0.7, Max: 0.7, Diff: 0.1, Sum: 2.6]
      [Update RS (ms): Min: 1.8, Avg: 2.0, Max: 2.4, Diff: 0.5, Sum: 8.2]
         [Processed Buffers: Min: 2, Avg: 8.2, Max: 14, Diff: 12, Sum: 33]
      [Scan RS (ms): Min: 3.6, Avg: 4.0, Max: 4.2, Diff: 0.6, Sum: 15.8]
      [Code Root Scanning (ms): Min: 0.0, Avg: 0.0, Max: 0.0, Diff: 0.0, Sum: 0.0]
      [Object Copy (ms): Min: 10.6, Avg: 10.6, Max: 10.6, Diff: 0.0, Sum: 42.5]
      [Termination (ms): Min: 0.0, Avg: 0.0, Max: 0.0, Diff: 0.0, Sum: 0.0]
         [Termination Attempts: Min: 1, Avg: 1.0, Max: 1, Diff: 0, Sum: 4]
      [GC Worker Other (ms): Min: 0.0, Avg: 0.0, Max: 0.0, Diff: 0.0, Sum: 0.1]
      [GC Worker Total (ms): Min: 17.3, Avg: 17.3, Max: 17.3, Diff: 0.0, Sum: 69.2]
      [GC Worker End (ms): Min: 41825722.1, Avg: 41825722.1, Max: 41825722.2, Diff: 0.0]
   [Code Root Fixup: 0.0 ms]
   [Code Root Purge: 0.0 ms]
   [Clear CT: 0.1 ms]
   [Other: 0.5 ms]
      [Choose CSet: 0.0 ms]
      [Ref Proc: 0.1 ms]
      [Ref Enq: 0.0 ms]
      [Redirty Cards: 0.1 ms]
      [Humongous Register: 0.0 ms]
      [Humongous Reclaim: 0.0 ms]
      [Free CSet: 0.1 ms]
   [Eden: 45.0M(45.0M)->0.0B(46.0M) Survivors: 6144.0K->5120.0K Heap: 346.7M(1024.0M)->301.9M(1024.0M)]
 [Times: user=0.06 sys=0.01, real=0.02 secs] 
2019-11-03T21:36:40.620+0800: 41835.609: [GC pause (G1 Evacuation Pause) (young), 0.0174047 secs]
   [Parallel Time: 16.7 ms, GC Workers: 4]
      [GC Worker Start (ms): Min: 41835609.0, Avg: 41835609.2, Max: 41835609.7, Diff: 0.7]
      [Ext Root Scanning (ms): Min: 0.3, Avg: 0.9, Max: 1.1, Diff: 0.8, Sum: 3.6]
      [Update RS (ms): Min: 2.4, Avg: 2.7, Max: 3.2, Diff: 0.8, Sum: 10.9]
         [Processed Buffers: Min: 2, Avg: 8.0, Max: 11, Diff: 9, Sum: 32]
      [Scan RS (ms): Min: 4.9, Avg: 5.5, Max: 5.8, Diff: 0.9, Sum: 21.9]
      [Code Root Scanning (ms): Min: 0.0, Avg: 0.0, Max: 0.0, Diff: 0.0, Sum: 0.0]
      [Object Copy (ms): Min: 7.2, Avg: 7.3, Max: 7.3, Diff: 0.1, Sum: 29.2]
      [Termination (ms): Min: 0.0, Avg: 0.0, Max: 0.0, Diff: 0.0, Sum: 0.0]
         [Termination Attempts: Min: 1, Avg: 1.0, Max: 1, Diff: 0, Sum: 4]
      [GC Worker Other (ms): Min: 0.0, Avg: 0.1, Max: 0.1, Diff: 0.0, Sum: 0.2]
      [GC Worker Total (ms): Min: 15.9, Avg: 16.4, Max: 16.6, Diff: 0.8, Sum: 65.7]
      [GC Worker End (ms): Min: 41835625.6, Avg: 41835625.6, Max: 41835625.6, Diff: 0.0]
   [Code Root Fixup: 0.0 ms]
   [Code Root Purge: 0.0 ms]
   [Clear CT: 0.1 ms]
   [Other: 0.6 ms]
      [Choose CSet: 0.0 ms]
      [Ref Proc: 0.1 ms]
      [Ref Enq: 0.0 ms]
      [Redirty Cards: 0.1 ms]
      [Humongous Register: 0.0 ms]
      [Humongous Reclaim: 0.0 ms]
      [Free CSet: 0.1 ms]
   [Eden: 46.0M(46.0M)->0.0B(46.0M) Survivors: 5120.0K->5120.0K Heap: 347.9M(1024.0M)->301.4M(1024.0M)]
 [Times: user=0.07 sys=0.00, real=0.01 secs] 
2019-11-03T21:36:50.544+0800: 41845.532: [GC pause (G1 Evacuation Pause) (young), 0.0163239 secs]
   [Parallel Time: 15.6 ms, GC Workers: 4]
      [GC Worker Start (ms): Min: 41845532.4, Avg: 41845532.7, Max: 41845533.5, Diff: 1.2]
      [Ext Root Scanning (ms): Min: 0.0, Avg: 0.8, Max: 1.2, Diff: 1.2, Sum: 3.4]
      [Update RS (ms): Min: 1.4, Avg: 1.5, Max: 1.6, Diff: 0.2, Sum: 5.8]
         [Processed Buffers: Min: 3, Avg: 8.0, Max: 16, Diff: 13, Sum: 32]
      [Scan RS (ms): Min: 3.7, Avg: 3.8, Max: 3.8, Diff: 0.1, Sum: 15.1]
      [Code Root Scanning (ms): Min: 0.0, Avg: 0.0, Max: 0.0, Diff: 0.0, Sum: 0.0]
      [Object Copy (ms): Min: 9.0, Avg: 9.1, Max: 9.2, Diff: 0.2, Sum: 36.2]
      [Termination (ms): Min: 0.0, Avg: 0.0, Max: 0.0, Diff: 0.0, Sum: 0.0]
         [Termination Attempts: Min: 1, Avg: 2.2, Max: 4, Diff: 3, Sum: 9]
      [GC Worker Other (ms): Min: 0.0, Avg: 0.0, Max: 0.0, Diff: 0.0, Sum: 0.1]
      [GC Worker Total (ms): Min: 14.3, Avg: 15.2, Max: 15.5, Diff: 1.2, Sum: 60.7]
      [GC Worker End (ms): Min: 41845547.8, Avg: 41845547.8, Max: 41845547.9, Diff: 0.0]
   [Code Root Fixup: 0.0 ms]
   [Code Root Purge: 0.0 ms]
   [Clear CT: 0.1 ms]
   [Other: 0.6 ms]
      [Choose CSet: 0.0 ms]
      [Ref Proc: 0.2 ms]
      [Ref Enq: 0.0 ms]
      [Redirty Cards: 0.1 ms]
      [Humongous Register: 0.0 ms]
      [Humongous Reclaim: 0.0 ms]
      [Free CSet: 0.1 ms]
   [Eden: 46.0M(46.0M)->0.0B(45.0M) Survivors: 5120.0K->6144.0K Heap: 347.4M(1024.0M)->302.9M(1024.0M)]
 [Times: user=0.06 sys=0.00, real=0.02 secs] 
2019-11-03T21:37:00.175+0800: 41855.163: [GC pause (G1 Evacuation Pause) (young), 0.0199258 secs]
   [Parallel Time: 19.2 ms, GC Workers: 4]
      [GC Worker Start (ms): Min: 41855162.9, Avg: 41855164.3, Max: 41855165.7, Diff: 2.7]
      [Ext Root Scanning (ms): Min: 0.0, Avg: 0.8, Max: 1.8, Diff: 1.7, Sum: 3.2]
      [Update RS (ms): Min: 2.3, Avg: 2.5, Max: 2.8, Diff: 0.5, Sum: 10.2]
         [Processed Buffers: Min: 5, Avg: 7.2, Max: 8, Diff: 3, Sum: 29]
      [Scan RS (ms): Min: 3.9, Avg: 4.2, Max: 4.4, Diff: 0.5, Sum: 16.9]
      [Code Root Scanning (ms): Min: 0.0, Avg: 0.0, Max: 0.0, Diff: 0.0, Sum: 0.0]
      [Object Copy (ms): Min: 10.1, Avg: 10.1, Max: 10.3, Diff: 0.2, Sum: 40.6]
      [Termination (ms): Min: 0.0, Avg: 0.0, Max: 0.0, Diff: 0.0, Sum: 0.0]
         [Termination Attempts: Min: 1, Avg: 1.0, Max: 1, Diff: 0, Sum: 4]
      [GC Worker Other (ms): Min: 0.0, Avg: 0.0, Max: 0.0, Diff: 0.0, Sum: 0.1]
      [GC Worker Total (ms): Min: 16.4, Avg: 17.7, Max: 19.1, Diff: 2.7, Sum: 70.9]
      [GC Worker End (ms): Min: 41855182.0, Avg: 41855182.0, Max: 41855182.0, Diff: 0.0]
   [Code Root Fixup: 0.0 ms]
   [Code Root Purge: 0.0 ms]
   [Clear CT: 0.1 ms]
   [Other: 0.7 ms]
      [Choose CSet: 0.0 ms]
      [Ref Proc: 0.1 ms]
      [Ref Enq: 0.0 ms]
      [Redirty Cards: 0.1 ms]
      [Humongous Register: 0.1 ms]
      [Humongous Reclaim: 0.0 ms]
      [Free CSet: 0.1 ms]
   [Eden: 45.0M(45.0M)->0.0B(46.0M) Survivors: 6144.0K->5120.0K Heap: 347.9M(1024.0M)->302.5M(1024.0M)]
 [Times: user=0.07 sys=0.00, real=0.02 secs] 
2019-11-03T21:37:10.110+0800: 41865.097: [GC pause (G1 Evacuation Pause) (young), 0.0142274 secs]
   [Parallel Time: 13.5 ms, GC Workers: 4]
      [GC Worker Start (ms): Min: 41865097.6, Avg: 41865097.7, Max: 41865097.7, Diff: 0.1]
      [Ext Root Scanning (ms): Min: 0.7, Avg: 0.7, Max: 0.7, Diff: 0.1, Sum: 2.9]
      [Update RS (ms): Min: 1.2, Avg: 1.7, Max: 2.1, Diff: 0.8, Sum: 6.8]
         [Processed Buffers: Min: 7, Avg: 8.5, Max: 12, Diff: 5, Sum: 34]
      [Scan RS (ms): Min: 3.8, Avg: 4.1, Max: 4.5, Diff: 0.8, Sum: 16.5]
      [Code Root Scanning (ms): Min: 0.0, Avg: 0.0, Max: 0.0, Diff: 0.0, Sum: 0.0]
      [Object Copy (ms): Min: 6.8, Avg: 6.8, Max: 6.9, Diff: 0.1, Sum: 27.3]
      [Termination (ms): Min: 0.0, Avg: 0.0, Max: 0.0, Diff: 0.0, Sum: 0.0]
         [Termination Attempts: Min: 1, Avg: 1.8, Max: 2, Diff: 1, Sum: 7]
      [GC Worker Other (ms): Min: 0.0, Avg: 0.0, Max: 0.1, Diff: 0.0, Sum: 0.1]
      [GC Worker Total (ms): Min: 13.4, Avg: 13.4, Max: 13.5, Diff: 0.1, Sum: 53.7]
      [GC Worker End (ms): Min: 41865111.1, Avg: 41865111.1, Max: 41865111.1, Diff: 0.0]
   [Code Root Fixup: 0.0 ms]
   [Code Root Purge: 0.0 ms]
   [Clear CT: 0.1 ms]
   [Other: 0.6 ms]
      [Choose CSet: 0.0 ms]
      [Ref Proc: 0.1 ms]
      [Ref Enq: 0.0 ms]
      [Redirty Cards: 0.1 ms]
      [Humongous Register: 0.1 ms]
      [Humongous Reclaim: 0.0 ms]
      [Free CSet: 0.1 ms]
   [Eden: 46.0M(46.0M)->0.0B(168.0M) Survivors: 5120.0K->5120.0K Heap: 348.5M(1024.0M)->302.5M(1024.0M)]
 [Times: user=0.05 sys=0.00, real=0.01 secs] 
2019-11-03T21:37:23.688+0800: 41878.675: [GC pause (G1 Evacuation Pause) (young), 0.0210734 secs]
   [Parallel Time: 20.1 ms, GC Workers: 4]
      [GC Worker Start (ms): Min: 41878674.7, Avg: 41878677.6, Max: 41878685.4, Diff: 10.6]
      [Ext Root Scanning (ms): Min: 0.0, Avg: 0.4, Max: 0.8, Diff: 0.8, Sum: 1.6]
      [Update RS (ms): Min: 0.0, Avg: 1.8, Max: 3.6, Diff: 3.6, Sum: 7.1]
         [Processed Buffers: Min: 0, Avg: 8.2, Max: 18, Diff: 18, Sum: 33]
      [Scan RS (ms): Min: 0.0, Avg: 3.7, Max: 5.1, Diff: 5.1, Sum: 14.6]
      [Code Root Scanning (ms): Min: 0.0, Avg: 0.0, Max: 0.0, Diff: 0.0, Sum: 0.0]
      [Object Copy (ms): Min: 9.2, Avg: 11.1, Max: 13.5, Diff: 4.3, Sum: 44.5]
      [Termination (ms): Min: 0.0, Avg: 0.1, Max: 0.2, Diff: 0.2, Sum: 0.6]
         [Termination Attempts: Min: 1, Avg: 1.0, Max: 1, Diff: 0, Sum: 4]
      [GC Worker Other (ms): Min: 0.0, Avg: 0.0, Max: 0.0, Diff: 0.0, Sum: 0.1]
      [GC Worker Total (ms): Min: 9.4, Avg: 17.1, Max: 20.0, Diff: 10.6, Sum: 68.4]
      [GC Worker End (ms): Min: 41878694.7, Avg: 41878694.7, Max: 41878694.8, Diff: 0.1]
   [Code Root Fixup: 0.0 ms]
   [Code Root Purge: 0.0 ms]
   [Clear CT: 0.1 ms]
   [Other: 0.9 ms]
      [Choose CSet: 0.0 ms]
      [Ref Proc: 0.3 ms]
      [Ref Enq: 0.0 ms]
      [Redirty Cards: 0.1 ms]
      [Humongous Register: 0.1 ms]
      [Humongous Reclaim: 0.0 ms]
      [Free CSet: 0.1 ms]
   [Eden: 63.0M(46.0M)->0.0B(127.0M) Survivors: 5120.0K->6144.0K Heap: 365.5M(1024.0M)->303.5M(1024.0M)]
 [Times: user=0.05 sys=0.00, real=0.03 secs] 
2019-11-03T21:37:45.829+0800: 41900.815: [GC pause (G1 Evacuation Pause) (young), 0.0216168 secs]
   [Parallel Time: 21.0 ms, GC Workers: 4]
      [GC Worker Start (ms): Min: 41900814.9, Avg: 41900814.9, Max: 41900815.0, Diff: 0.1]
      [Ext Root Scanning (ms): Min: 1.1, Avg: 1.2, Max: 1.3, Diff: 0.2, Sum: 4.6]
      [Update RS (ms): Min: 2.1, Avg: 3.3, Max: 4.0, Diff: 1.9, Sum: 13.1]
         [Processed Buffers: Min: 2, Avg: 10.0, Max: 18, Diff: 16, Sum: 40]
      [Scan RS (ms): Min: 4.8, Avg: 5.0, Max: 5.4, Diff: 0.7, Sum: 20.2]
      [Code Root Scanning (ms): Min: 0.0, Avg: 0.0, Max: 0.0, Diff: 0.0, Sum: 0.0]
      [Object Copy (ms): Min: 10.7, Avg: 11.3, Max: 12.8, Diff: 2.0, Sum: 45.2]
      [Termination (ms): Min: 0.0, Avg: 0.0, Max: 0.0, Diff: 0.0, Sum: 0.0]
         [Termination Attempts: Min: 1, Avg: 1.0, Max: 1, Diff: 0, Sum: 4]
      [GC Worker Other (ms): Min: 0.0, Avg: 0.0, Max: 0.1, Diff: 0.1, Sum: 0.2]
      [GC Worker Total (ms): Min: 20.8, Avg: 20.8, Max: 20.9, Diff: 0.1, Sum: 83.3]
      [GC Worker End (ms): Min: 41900835.7, Avg: 41900835.7, Max: 41900835.7, Diff: 0.0]
   [Code Root Fixup: 0.0 ms]
   [Code Root Purge: 0.0 ms]
   [Clear CT: 0.1 ms]
   [Other: 0.6 ms]
      [Choose CSet: 0.0 ms]
      [Ref Proc: 0.1 ms]
      [Ref Enq: 0.0 ms]
      [Redirty Cards: 0.0 ms]
      [Humongous Register: 0.0 ms]
      [Humongous Reclaim: 0.0 ms]
      [Free CSet: 0.1 ms]
   [Eden: 103.0M(45.0M)->0.0B(89.0M) Survivors: 6144.0K->6144.0K Heap: 406.5M(1024.0M)->304.2M(1024.0M)]
 [Times: user=0.08 sys=0.00, real=0.03 secs] 
2019-11-03T21:38:04.884+0800: 41919.869: [GC pause (G1 Evacuation Pause) (young), 0.0195174 secs]
   [Parallel Time: 18.8 ms, GC Workers: 4]
      [GC Worker Start (ms): Min: 41919868.8, Avg: 41919869.8, Max: 41919871.1, Diff: 2.3]
      [Ext Root Scanning (ms): Min: 0.0, Avg: 0.8, Max: 1.7, Diff: 1.7, Sum: 3.3]
      [Update RS (ms): Min: 0.8, Avg: 1.4, Max: 1.9, Diff: 1.1, Sum: 5.5]
         [Processed Buffers: Min: 1, Avg: 9.2, Max: 18, Diff: 17, Sum: 37]
      [Scan RS (ms): Min: 3.8, Avg: 4.1, Max: 4.5, Diff: 0.7, Sum: 16.5]
      [Code Root Scanning (ms): Min: 0.0, Avg: 0.0, Max: 0.0, Diff: 0.0, Sum: 0.0]
      [Object Copy (ms): Min: 11.1, Avg: 11.3, Max: 11.7, Diff: 0.6, Sum: 45.1]
      [Termination (ms): Min: 0.0, Avg: 0.0, Max: 0.0, Diff: 0.0, Sum: 0.0]
         [Termination Attempts: Min: 1, Avg: 1.0, Max: 1, Diff: 0, Sum: 4]
      [GC Worker Other (ms): Min: 0.0, Avg: 0.0, Max: 0.1, Diff: 0.1, Sum: 0.1]
      [GC Worker Total (ms): Min: 16.3, Avg: 17.6, Max: 18.7, Diff: 2.3, Sum: 70.5]
      [GC Worker End (ms): Min: 41919887.4, Avg: 41919887.4, Max: 41919887.4, Diff: 0.0]
   [Code Root Fixup: 0.0 ms]
   [Code Root Purge: 0.0 ms]
   [Clear CT: 0.1 ms]
   [Other: 0.7 ms]
      [Choose CSet: 0.0 ms]
      [Ref Proc: 0.3 ms]
      [Ref Enq: 0.0 ms]
      [Redirty Cards: 0.0 ms]
      [Humongous Register: 0.0 ms]
      [Humongous Reclaim: 0.0 ms]
      [Free CSet: 0.1 ms]
   [Eden: 89.0M(45.0M)->0.0B(120.0M) Survivors: 6144.0K->5120.0K Heap: 393.2M(1024.0M)->304.0M(1024.0M)]
 [Times: user=0.05 sys=0.00, real=0.02 secs] 
2019-11-03T21:38:24.800+0800: 41939.785: [GC pause (G1 Evacuation Pause) (young), 0.0165926 secs]
   [Parallel Time: 15.5 ms, GC Workers: 4]
      [GC Worker Start (ms): Min: 41939784.8, Avg: 41939784.9, Max: 41939785.4, Diff: 0.6]
      [Ext Root Scanning (ms): Min: 0.1, Avg: 0.5, Max: 0.7, Diff: 0.6, Sum: 2.1]
      [Update RS (ms): Min: 1.5, Avg: 1.5, Max: 1.6, Diff: 0.1, Sum: 6.1]
         [Processed Buffers: Min: 2, Avg: 9.8, Max: 19, Diff: 17, Sum: 39]
      [Scan RS (ms): Min: 3.9, Avg: 4.0, Max: 4.3, Diff: 0.4, Sum: 16.0]
      [Code Root Scanning (ms): Min: 0.0, Avg: 0.0, Max: 0.0, Diff: 0.0, Sum: 0.0]
      [Object Copy (ms): Min: 8.9, Avg: 9.2, Max: 9.3, Diff: 0.4, Sum: 36.7]
      [Termination (ms): Min: 0.0, Avg: 0.0, Max: 0.0, Diff: 0.0, Sum: 0.0]
         [Termination Attempts: Min: 1, Avg: 1.0, Max: 1, Diff: 0, Sum: 4]
      [GC Worker Other (ms): Min: 0.0, Avg: 0.0, Max: 0.0, Diff: 0.0, Sum: 0.1]
      [GC Worker Total (ms): Min: 14.8, Avg: 15.3, Max: 15.4, Diff: 0.6, Sum: 61.1]
      [GC Worker End (ms): Min: 41939800.2, Avg: 41939800.2, Max: 41939800.2, Diff: 0.0]
   [Code Root Fixup: 0.0 ms]
   [Code Root Purge: 0.0 ms]
   [Clear CT: 0.2 ms]
   [Other: 0.9 ms]
      [Choose CSet: 0.0 ms]
      [Ref Proc: 0.3 ms]
      [Ref Enq: 0.0 ms]
      [Redirty Cards: 0.2 ms]
      [Humongous Register: 0.0 ms]
      [Humongous Reclaim: 0.0 ms]
      [Free CSet: 0.2 ms]
   [Eden: 93.0M(46.0M)->0.0B(163.0M) Survivors: 5120.0K->7168.0K Heap: 397.0M(1024.0M)->306.0M(1024.0M)]
 [Times: user=0.06 sys=0.01, real=0.01 secs] 
2019-11-03T21:38:59.786+0800: 41974.769: [GC pause (G1 Evacuation Pause) (young), 0.0249847 secs]
   [Parallel Time: 24.0 ms, GC Workers: 4]
      [GC Worker Start (ms): Min: 41974769.2, Avg: 41974769.5, Max: 41974770.2, Diff: 1.0]
      [Ext Root Scanning (ms): Min: 0.0, Avg: 0.7, Max: 1.0, Diff: 1.0, Sum: 2.8]
      [Update RS (ms): Min: 0.0, Avg: 3.1, Max: 4.2, Diff: 4.1, Sum: 12.4]
         [Processed Buffers: Min: 1, Avg: 10.0, Max: 25, Diff: 24, Sum: 40]
      [Scan RS (ms): Min: 3.7, Avg: 3.8, Max: 3.8, Diff: 0.1, Sum: 15.0]
      [Code Root Scanning (ms): Min: 0.0, Avg: 0.0, Max: 0.0, Diff: 0.0, Sum: 0.0]
      [Object Copy (ms): Min: 15.0, Avg: 16.1, Max: 19.1, Diff: 4.2, Sum: 64.2]
      [Termination (ms): Min: 0.0, Avg: 0.0, Max: 0.0, Diff: 0.0, Sum: 0.0]
         [Termination Attempts: Min: 1, Avg: 1.0, Max: 1, Diff: 0, Sum: 4]
      [GC Worker Other (ms): Min: 0.0, Avg: 0.1, Max: 0.1, Diff: 0.0, Sum: 0.2]
      [GC Worker Total (ms): Min: 22.9, Avg: 23.7, Max: 24.0, Diff: 1.1, Sum: 94.7]
      [GC Worker End (ms): Min: 41974793.1, Avg: 41974793.2, Max: 41974793.2, Diff: 0.0]
   [Code Root Fixup: 0.0 ms]
   [Code Root Purge: 0.0 ms]
   [Clear CT: 0.1 ms]
   [Other: 0.8 ms]
      [Choose CSet: 0.0 ms]
      [Ref Proc: 0.2 ms]
      [Ref Enq: 0.0 ms]
      [Redirty Cards: 0.1 ms]
      [Humongous Register: 0.1 ms]
      [Humongous Reclaim: 0.0 ms]
      [Free CSet: 0.1 ms]
   [Eden: 163.0M(163.0M)->0.0B(92.0M) Survivors: 7168.0K->7168.0K Heap: 469.0M(1024.0M)->306.5M(1024.0M)]
 [Times: user=0.08 sys=0.00, real=0.03 secs] 
2019-11-03T21:39:19.693+0800: 41994.675: [GC pause (G1 Evacuation Pause) (young), 0.0222757 secs]
   [Parallel Time: 21.7 ms, GC Workers: 4]
      [GC Worker Start (ms): Min: 41994675.0, Avg: 41994675.1, Max: 41994675.4, Diff: 0.5]
      [Ext Root Scanning (ms): Min: 0.6, Avg: 0.9, Max: 1.1, Diff: 0.5, Sum: 3.8]
      [Update RS (ms): Min: 2.7, Avg: 2.9, Max: 3.0, Diff: 0.3, Sum: 11.6]
         [Processed Buffers: Min: 4, Avg: 9.5, Max: 13, Diff: 9, Sum: 38]
      [Scan RS (ms): Min: 5.4, Avg: 5.5, Max: 5.6, Diff: 0.2, Sum: 22.0]
      [Code Root Scanning (ms): Min: 0.0, Avg: 0.0, Max: 0.0, Diff: 0.0, Sum: 0.0]
      [Object Copy (ms): Min: 12.0, Avg: 12.1, Max: 12.1, Diff: 0.1, Sum: 48.3]
      [Termination (ms): Min: 0.0, Avg: 0.0, Max: 0.0, Diff: 0.0, Sum: 0.0]
         [Termination Attempts: Min: 1, Avg: 1.0, Max: 1, Diff: 0, Sum: 4]
      [GC Worker Other (ms): Min: 0.0, Avg: 0.0, Max: 0.0, Diff: 0.0, Sum: 0.1]
      [GC Worker Total (ms): Min: 21.1, Avg: 21.4, Max: 21.6, Diff: 0.5, Sum: 85.7]
      [GC Worker End (ms): Min: 41994696.5, Avg: 41994696.5, Max: 41994696.5, Diff: 0.0]
   [Code Root Fixup: 0.0 ms]
   [Code Root Purge: 0.0 ms]
   [Clear CT: 0.1 ms]
   [Other: 0.5 ms]
      [Choose CSet: 0.0 ms]
      [Ref Proc: 0.1 ms]
      [Ref Enq: 0.0 ms]
      [Redirty Cards: 0.0 ms]
      [Humongous Register: 0.0 ms]
      [Humongous Reclaim: 0.0 ms]
      [Free CSet: 0.1 ms]
   [Eden: 92.0M(92.0M)->0.0B(44.0M) Survivors: 7168.0K->7168.0K Heap: 398.5M(1024.0M)->306.0M(1024.0M)]
 [Times: user=0.09 sys=0.00, real=0.02 secs] 
2019-11-03T21:39:29.206+0800: 42004.187: [GC pause (G1 Evacuation Pause) (young), 0.0278660 secs]
   [Parallel Time: 27.0 ms, GC Workers: 4]
      [GC Worker Start (ms): Min: 42004187.6, Avg: 42004188.3, Max: 42004189.0, Diff: 1.4]
      [Ext Root Scanning (ms): Min: 0.1, Avg: 0.9, Max: 1.7, Diff: 1.6, Sum: 3.5]
      [Update RS (ms): Min: 2.7, Avg: 2.8, Max: 3.1, Diff: 0.4, Sum: 11.3]
         [Processed Buffers: Min: 4, Avg: 9.0, Max: 13, Diff: 9, Sum: 36]
      [Scan RS (ms): Min: 5.1, Avg: 5.5, Max: 5.7, Diff: 0.6, Sum: 22.1]
      [Code Root Scanning (ms): Min: 0.0, Avg: 0.0, Max: 0.0, Diff: 0.0, Sum: 0.0]
      [Object Copy (ms): Min: 16.9, Avg: 17.0, Max: 17.1, Diff: 0.2, Sum: 68.0]
      [Termination (ms): Min: 0.0, Avg: 0.0, Max: 0.0, Diff: 0.0, Sum: 0.0]
         [Termination Attempts: Min: 1, Avg: 1.0, Max: 1, Diff: 0, Sum: 4]
      [GC Worker Other (ms): Min: 0.0, Avg: 0.0, Max: 0.1, Diff: 0.0, Sum: 0.2]
      [GC Worker Total (ms): Min: 25.6, Avg: 26.3, Max: 26.9, Diff: 1.3, Sum: 105.1]
      [GC Worker End (ms): Min: 42004214.6, Avg: 42004214.6, Max: 42004214.6, Diff: 0.0]
   [Code Root Fixup: 0.0 ms]
   [Code Root Purge: 0.0 ms]
   [Clear CT: 0.2 ms]
   [Other: 0.6 ms]
      [Choose CSet: 0.0 ms]
      [Ref Proc: 0.2 ms]
      [Ref Enq: 0.0 ms]
      [Redirty Cards: 0.1 ms]
      [Humongous Register: 0.0 ms]
      [Humongous Reclaim: 0.0 ms]
      [Free CSet: 0.1 ms]
   [Eden: 44.0M(44.0M)->0.0B(45.0M) Survivors: 7168.0K->6144.0K Heap: 350.0M(1024.0M)->307.4M(1024.0M)]
 [Times: user=0.09 sys=0.01, real=0.03 secs] 
2019-11-03T21:39:38.974+0800: 42013.956: [GC pause (G1 Evacuation Pause) (young), 0.0199411 secs]
   [Parallel Time: 19.4 ms, GC Workers: 4]
      [GC Worker Start (ms): Min: 42013955.8, Avg: 42013955.8, Max: 42013955.8, Diff: 0.1]
      [Ext Root Scanning (ms): Min: 0.7, Avg: 0.8, Max: 0.8, Diff: 0.1, Sum: 3.0]
      [Update RS (ms): Min: 2.0, Avg: 2.2, Max: 2.5, Diff: 0.5, Sum: 8.8]
         [Processed Buffers: Min: 5, Avg: 8.5, Max: 14, Diff: 9, Sum: 34]
      [Scan RS (ms): Min: 6.1, Avg: 6.4, Max: 6.6, Diff: 0.5, Sum: 25.7]
      [Code Root Scanning (ms): Min: 0.0, Avg: 0.0, Max: 0.0, Diff: 0.0, Sum: 0.0]
      [Object Copy (ms): Min: 9.8, Avg: 9.8, Max: 9.8, Diff: 0.0, Sum: 39.3]
      [Termination (ms): Min: 0.0, Avg: 0.0, Max: 0.0, Diff: 0.0, Sum: 0.0]
         [Termination Attempts: Min: 1, Avg: 2.0, Max: 3, Diff: 2, Sum: 8]
      [GC Worker Other (ms): Min: 0.0, Avg: 0.0, Max: 0.1, Diff: 0.0, Sum: 0.1]
      [GC Worker Total (ms): Min: 19.2, Avg: 19.2, Max: 19.3, Diff: 0.1, Sum: 77.0]
      [GC Worker End (ms): Min: 42013975.0, Avg: 42013975.0, Max: 42013975.0, Diff: 0.0]
   [Code Root Fixup: 0.0 ms]
   [Code Root Purge: 0.0 ms]
   [Clear CT: 0.0 ms]
   [Other: 0.5 ms]
      [Choose CSet: 0.0 ms]
      [Ref Proc: 0.1 ms]
      [Ref Enq: 0.0 ms]
      [Redirty Cards: 0.0 ms]
      [Humongous Register: 0.0 ms]
      [Humongous Reclaim: 0.0 ms]
      [Free CSet: 0.1 ms]
   [Eden: 45.0M(45.0M)->0.0B(46.0M) Survivors: 6144.0K->5120.0K Heap: 352.4M(1024.0M)->308.4M(1024.0M)]
 [Times: user=0.07 sys=0.00, real=0.02 secs] 
2019-11-03T21:39:49.034+0800: 42024.015: [GC pause (G1 Evacuation Pause) (young), 0.0170014 secs]
   [Parallel Time: 16.2 ms, GC Workers: 4]
      [GC Worker Start (ms): Min: 42024015.2, Avg: 42024015.2, Max: 42024015.2, Diff: 0.0]
      [Ext Root Scanning (ms): Min: 0.7, Avg: 0.8, Max: 0.8, Diff: 0.1, Sum: 3.1]
      [Update RS (ms): Min: 1.5, Avg: 2.3, Max: 4.2, Diff: 2.7, Sum: 9.3]
         [Processed Buffers: Min: 3, Avg: 8.0, Max: 12, Diff: 9, Sum: 32]
      [Scan RS (ms): Min: 3.2, Avg: 5.0, Max: 5.8, Diff: 2.6, Sum: 20.1]
      [Code Root Scanning (ms): Min: 0.0, Avg: 0.0, Max: 0.0, Diff: 0.0, Sum: 0.0]
      [Object Copy (ms): Min: 7.9, Avg: 7.9, Max: 8.0, Diff: 0.1, Sum: 31.8]
      [Termination (ms): Min: 0.0, Avg: 0.0, Max: 0.0, Diff: 0.0, Sum: 0.0]
         [Termination Attempts: Min: 1, Avg: 1.0, Max: 1, Diff: 0, Sum: 4]
      [GC Worker Other (ms): Min: 0.0, Avg: 0.0, Max: 0.0, Diff: 0.0, Sum: 0.2]
      [GC Worker Total (ms): Min: 16.1, Avg: 16.1, Max: 16.1, Diff: 0.0, Sum: 64.4]
      [GC Worker End (ms): Min: 42024031.3, Avg: 42024031.3, Max: 42024031.3, Diff: 0.0]
   [Code Root Fixup: 0.0 ms]
   [Code Root Purge: 0.0 ms]
   [Clear CT: 0.1 ms]
   [Other: 0.7 ms]
      [Choose CSet: 0.0 ms]
      [Ref Proc: 0.2 ms]
      [Ref Enq: 0.0 ms]
      [Redirty Cards: 0.1 ms]
      [Humongous Register: 0.1 ms]
      [Humongous Reclaim: 0.0 ms]
      [Free CSet: 0.1 ms]
   [Eden: 46.0M(46.0M)->0.0B(46.0M) Survivors: 5120.0K->5120.0K Heap: 354.4M(1024.0M)->308.4M(1024.0M)]
 [Times: user=0.05 sys=0.00, real=0.02 secs] 
2019-11-03T21:39:59.017+0800: 42033.998: [GC pause (G1 Evacuation Pause) (young), 0.0164751 secs]
   [Parallel Time: 15.7 ms, GC Workers: 4]
      [GC Worker Start (ms): Min: 42033997.8, Avg: 42033997.9, Max: 42033998.1, Diff: 0.3]
      [Ext Root Scanning (ms): Min: 0.6, Avg: 0.8, Max: 0.9, Diff: 0.3, Sum: 3.3]
      [Update RS (ms): Min: 2.3, Avg: 2.5, Max: 2.7, Diff: 0.4, Sum: 10.0]
         [Processed Buffers: Min: 4, Avg: 8.5, Max: 20, Diff: 16, Sum: 34]
      [Scan RS (ms): Min: 5.5, Avg: 5.6, Max: 5.7, Diff: 0.2, Sum: 22.5]
      [Code Root Scanning (ms): Min: 0.0, Avg: 0.0, Max: 0.0, Diff: 0.0, Sum: 0.0]
      [Object Copy (ms): Min: 6.4, Avg: 6.6, Max: 6.6, Diff: 0.2, Sum: 26.3]
      [Termination (ms): Min: 0.0, Avg: 0.0, Max: 0.0, Diff: 0.0, Sum: 0.0]
         [Termination Attempts: Min: 1, Avg: 1.0, Max: 1, Diff: 0, Sum: 4]
      [GC Worker Other (ms): Min: 0.0, Avg: 0.0, Max: 0.1, Diff: 0.0, Sum: 0.2]
      [GC Worker Total (ms): Min: 15.4, Avg: 15.6, Max: 15.7, Diff: 0.3, Sum: 62.2]
      [GC Worker End (ms): Min: 42034013.4, Avg: 42034013.5, Max: 42034013.5, Diff: 0.0]
   [Code Root Fixup: 0.0 ms]
   [Code Root Purge: 0.0 ms]
   [Clear CT: 0.1 ms]
   [Other: 0.6 ms]
      [Choose CSet: 0.0 ms]
      [Ref Proc: 0.1 ms]
      [Ref Enq: 0.0 ms]
      [Redirty Cards: 0.1 ms]
      [Humongous Register: 0.0 ms]
      [Humongous Reclaim: 0.0 ms]
      [Free CSet: 0.1 ms]
   [Eden: 46.0M(46.0M)->0.0B(123.0M) Survivors: 5120.0K->5120.0K Heap: 354.4M(1024.0M)->308.4M(1024.0M)]
 [Times: user=0.06 sys=0.00, real=0.02 secs] 
2019-11-03T21:40:15.932+0800: 42050.911: [GC pause (G1 Evacuation Pause) (young), 0.0197029 secs]
   [Parallel Time: 19.0 ms, GC Workers: 4]
      [GC Worker Start (ms): Min: 42050911.5, Avg: 42050911.6, Max: 42050911.8, Diff: 0.2]
      [Ext Root Scanning (ms): Min: 1.0, Avg: 1.1, Max: 1.3, Diff: 0.3, Sum: 4.6]
      [Update RS (ms): Min: 2.5, Avg: 2.7, Max: 2.8, Diff: 0.3, Sum: 10.7]
         [Processed Buffers: Min: 4, Avg: 9.2, Max: 14, Diff: 10, Sum: 37]
      [Scan RS (ms): Min: 6.4, Avg: 6.5, Max: 6.7, Diff: 0.4, Sum: 26.0]
      [Code Root Scanning (ms): Min: 0.0, Avg: 0.0, Max: 0.0, Diff: 0.0, Sum: 0.0]
      [Object Copy (ms): Min: 8.4, Avg: 8.5, Max: 8.5, Diff: 0.1, Sum: 33.9]
      [Termination (ms): Min: 0.0, Avg: 0.0, Max: 0.0, Diff: 0.0, Sum: 0.0]
         [Termination Attempts: Min: 1, Avg: 1.8, Max: 3, Diff: 2, Sum: 7]
      [GC Worker Other (ms): Min: 0.0, Avg: 0.0, Max: 0.1, Diff: 0.0, Sum: 0.2]
      [GC Worker Total (ms): Min: 18.7, Avg: 18.8, Max: 18.9, Diff: 0.3, Sum: 75.4]
      [GC Worker End (ms): Min: 42050930.4, Avg: 42050930.4, Max: 42050930.5, Diff: 0.0]
   [Code Root Fixup: 0.0 ms]
   [Code Root Purge: 0.0 ms]
   [Clear CT: 0.1 ms]
   [Other: 0.6 ms]
      [Choose CSet: 0.0 ms]
      [Ref Proc: 0.2 ms]
      [Ref Enq: 0.0 ms]
      [Redirty Cards: 0.1 ms]
      [Humongous Register: 0.0 ms]
      [Humongous Reclaim: 0.0 ms]
      [Free CSet: 0.1 ms]
   [Eden: 78.0M(46.0M)->0.0B(115.0M) Survivors: 5120.0K->5120.0K Heap: 386.4M(1024.0M)->308.9M(1024.0M)]
 [Times: user=0.07 sys=0.00, real=0.02 secs] 
2019-11-03T21:40:40.644+0800: 42075.623: [GC pause (G1 Evacuation Pause) (young), 0.0237692 secs]
   [Parallel Time: 23.0 ms, GC Workers: 4]
      [GC Worker Start (ms): Min: 42075623.3, Avg: 42075623.4, Max: 42075623.7, Diff: 0.5]
      [Ext Root Scanning (ms): Min: 0.6, Avg: 1.0, Max: 1.1, Diff: 0.6, Sum: 3.9]
      [Update RS (ms): Min: 2.5, Avg: 3.2, Max: 4.9, Diff: 2.4, Sum: 12.9]
         [Processed Buffers: Min: 3, Avg: 10.0, Max: 21, Diff: 18, Sum: 40]
      [Scan RS (ms): Min: 4.5, Avg: 6.1, Max: 6.8, Diff: 2.3, Sum: 24.5]
      [Code Root Scanning (ms): Min: 0.0, Avg: 0.0, Max: 0.0, Diff: 0.0, Sum: 0.0]
      [Object Copy (ms): Min: 12.2, Avg: 12.3, Max: 12.4, Diff: 0.1, Sum: 49.2]
      [Termination (ms): Min: 0.0, Avg: 0.0, Max: 0.0, Diff: 0.0, Sum: 0.0]
         [Termination Attempts: Min: 1, Avg: 1.0, Max: 1, Diff: 0, Sum: 4]
      [GC Worker Other (ms): Min: 0.0, Avg: 0.1, Max: 0.1, Diff: 0.1, Sum: 0.3]
      [GC Worker Total (ms): Min: 22.4, Avg: 22.7, Max: 22.8, Diff: 0.4, Sum: 90.9]
      [GC Worker End (ms): Min: 42075646.1, Avg: 42075646.1, Max: 42075646.1, Diff: 0.1]
   [Code Root Fixup: 0.0 ms]
   [Code Root Purge: 0.0 ms]
   [Clear CT: 0.1 ms]
   [Other: 0.6 ms]
      [Choose CSet: 0.0 ms]
      [Ref Proc: 0.2 ms]
      [Ref Enq: 0.0 ms]
      [Redirty Cards: 0.1 ms]
      [Humongous Register: 0.0 ms]
      [Humongous Reclaim: 0.0 ms]
      [Free CSet: 0.1 ms]
   [Eden: 115.0M(115.0M)->0.0B(44.0M) Survivors: 5120.0K->7168.0K Heap: 423.9M(1024.0M)->310.4M(1024.0M)]
 [Times: user=0.08 sys=0.00, real=0.02 secs] 
2019-11-03T21:40:50.137+0800: 42085.116: [GC pause (G1 Evacuation Pause) (young), 0.0225232 secs]
   [Parallel Time: 21.8 ms, GC Workers: 4]
      [GC Worker Start (ms): Min: 42085116.0, Avg: 42085116.4, Max: 42085117.5, Diff: 1.5]
      [Ext Root Scanning (ms): Min: 0.0, Avg: 0.8, Max: 1.0, Diff: 1.0, Sum: 3.0]
      [Update RS (ms): Min: 2.2, Avg: 3.0, Max: 4.7, Diff: 2.5, Sum: 12.0]
         [Processed Buffers: Min: 3, Avg: 7.8, Max: 15, Diff: 12, Sum: 31]
      [Scan RS (ms): Min: 3.4, Avg: 5.1, Max: 5.8, Diff: 2.3, Sum: 20.3]
      [Code Root Scanning (ms): Min: 0.0, Avg: 0.0, Max: 0.0, Diff: 0.0, Sum: 0.0]
      [Object Copy (ms): Min: 12.4, Avg: 12.5, Max: 12.7, Diff: 0.2, Sum: 50.1]
      [Termination (ms): Min: 0.0, Avg: 0.0, Max: 0.0, Diff: 0.0, Sum: 0.0]
         [Termination Attempts: Min: 1, Avg: 1.0, Max: 1, Diff: 0, Sum: 4]
      [GC Worker Other (ms): Min: 0.0, Avg: 0.0, Max: 0.0, Diff: 0.0, Sum: 0.1]
      [GC Worker Total (ms): Min: 20.3, Avg: 21.4, Max: 21.8, Diff: 1.5, Sum: 85.6]
      [GC Worker End (ms): Min: 42085137.8, Avg: 42085137.8, Max: 42085137.8, Diff: 0.0]
   [Code Root Fixup: 0.0 ms]
   [Code Root Purge: 0.0 ms]
   [Clear CT: 0.1 ms]
   [Other: 0.6 ms]
      [Choose CSet: 0.0 ms]
      [Ref Proc: 0.1 ms]
      [Ref Enq: 0.0 ms]
      [Redirty Cards: 0.1 ms]
      [Humongous Register: 0.0 ms]
      [Humongous Reclaim: 0.0 ms]
      [Free CSet: 0.1 ms]
   [Eden: 44.0M(44.0M)->0.0B(46.0M) Survivors: 7168.0K->5120.0K Heap: 354.4M(1024.0M)->309.9M(1024.0M)]
 [Times: user=0.08 sys=0.00, real=0.03 secs] 
2019-11-03T21:41:00.055+0800: 42095.033: [GC pause (G1 Evacuation Pause) (young), 0.0334756 secs]
   [Parallel Time: 32.4 ms, GC Workers: 4]
      [GC Worker Start (ms): Min: 42095032.8, Avg: 42095038.4, Max: 42095054.4, Diff: 21.5]
      [Ext Root Scanning (ms): Min: 0.0, Avg: 0.4, Max: 0.8, Diff: 0.8, Sum: 1.6]
      [Update RS (ms): Min: 0.0, Avg: 4.9, Max: 11.7, Diff: 11.7, Sum: 19.4]
         [Processed Buffers: Min: 0, Avg: 7.8, Max: 14, Diff: 14, Sum: 31]
      [Scan RS (ms): Min: 0.0, Avg: 6.6, Max: 14.8, Diff: 14.8, Sum: 26.5]
      [Code Root Scanning (ms): Min: 0.0, Avg: 0.0, Max: 0.0, Diff: 0.0, Sum: 0.0]
      [Object Copy (ms): Min: 10.5, Avg: 14.6, Max: 19.1, Diff: 8.7, Sum: 58.3]
      [Termination (ms): Min: 0.0, Avg: 0.2, Max: 0.3, Diff: 0.3, Sum: 0.7]
         [Termination Attempts: Min: 1, Avg: 1.0, Max: 1, Diff: 0, Sum: 4]
      [GC Worker Other (ms): Min: 0.0, Avg: 0.0, Max: 0.0, Diff: 0.0, Sum: 0.1]
      [GC Worker Total (ms): Min: 10.8, Avg: 26.7, Max: 32.3, Diff: 21.5, Sum: 106.6]
      [GC Worker End (ms): Min: 42095065.0, Avg: 42095065.1, Max: 42095065.2, Diff: 0.2]
   [Code Root Fixup: 0.0 ms]
   [Code Root Purge: 0.0 ms]
   [Clear CT: 0.1 ms]
   [Other: 0.9 ms]
      [Choose CSet: 0.0 ms]
      [Ref Proc: 0.3 ms]
      [Ref Enq: 0.0 ms]
      [Redirty Cards: 0.2 ms]
      [Humongous Register: 0.1 ms]
      [Humongous Reclaim: 0.0 ms]
      [Free CSet: 0.1 ms]
   [Eden: 46.0M(46.0M)->0.0B(46.0M) Survivors: 5120.0K->5120.0K Heap: 355.9M(1024.0M)->310.4M(1024.0M)]
 [Times: user=0.05 sys=0.00, real=0.04 secs] 
2019-11-03T21:41:10.073+0800: 42105.050: [GC pause (G1 Evacuation Pause) (young), 0.0244611 secs]
   [Parallel Time: 23.6 ms, GC Workers: 4]
      [GC Worker Start (ms): Min: 42105050.6, Avg: 42105050.8, Max: 42105051.3, Diff: 0.7]
      [Ext Root Scanning (ms): Min: 0.0, Avg: 0.5, Max: 0.6, Diff: 0.6, Sum: 1.9]
      [Update RS (ms): Min: 0.0, Avg: 1.4, Max: 2.1, Diff: 2.1, Sum: 5.6]
         [Processed Buffers: Min: 0, Avg: 9.0, Max: 16, Diff: 16, Sum: 36]
      [Scan RS (ms): Min: 0.0, Avg: 4.4, Max: 6.0, Diff: 6.0, Sum: 17.4]
      [Code Root Scanning (ms): Min: 0.0, Avg: 0.0, Max: 0.0, Diff: 0.0, Sum: 0.0]
      [Object Copy (ms): Min: 15.0, Avg: 17.0, Max: 22.7, Diff: 7.7, Sum: 68.0]
      [Termination (ms): Min: 0.0, Avg: 0.1, Max: 0.2, Diff: 0.2, Sum: 0.4]
         [Termination Attempts: Min: 1, Avg: 2.8, Max: 6, Diff: 5, Sum: 11]
      [GC Worker Other (ms): Min: 0.0, Avg: 0.0, Max: 0.0, Diff: 0.0, Sum: 0.1]
      [GC Worker Total (ms): Min: 22.8, Avg: 23.3, Max: 23.5, Diff: 0.7, Sum: 93.3]
      [GC Worker End (ms): Min: 42105074.1, Avg: 42105074.1, Max: 42105074.2, Diff: 0.0]
   [Code Root Fixup: 0.0 ms]
   [Code Root Purge: 0.0 ms]
   [Clear CT: 0.1 ms]
   [Other: 0.8 ms]
      [Choose CSet: 0.0 ms]
      [Ref Proc: 0.3 ms]
      [Ref Enq: 0.0 ms]
      [Redirty Cards: 0.1 ms]
      [Humongous Register: 0.0 ms]
      [Humongous Reclaim: 0.0 ms]
      [Free CSet: 0.1 ms]
   [Eden: 46.0M(46.0M)->0.0B(45.0M) Survivors: 5120.0K->6144.0K Heap: 356.4M(1024.0M)->310.9M(1024.0M)]
 [Times: user=0.06 sys=0.00, real=0.02 secs] 
2019-11-03T21:41:19.804+0800: 42114.781: [GC pause (G1 Evacuation Pause) (young), 0.0203167 secs]
   [Parallel Time: 19.6 ms, GC Workers: 4]
      [GC Worker Start (ms): Min: 42114781.6, Avg: 42114781.8, Max: 42114782.5, Diff: 0.9]
      [Ext Root Scanning (ms): Min: 0.2, Avg: 0.9, Max: 1.1, Diff: 0.9, Sum: 3.5]
      [Update RS (ms): Min: 1.8, Avg: 2.1, Max: 2.6, Diff: 0.8, Sum: 8.5]
         [Processed Buffers: Min: 1, Avg: 9.2, Max: 16, Diff: 15, Sum: 37]
      [Scan RS (ms): Min: 5.5, Avg: 5.9, Max: 6.1, Diff: 0.7, Sum: 23.4]
      [Code Root Scanning (ms): Min: 0.0, Avg: 0.0, Max: 0.0, Diff: 0.0, Sum: 0.0]
      [Object Copy (ms): Min: 10.3, Avg: 10.4, Max: 10.5, Diff: 0.2, Sum: 41.7]
      [Termination (ms): Min: 0.0, Avg: 0.0, Max: 0.0, Diff: 0.0, Sum: 0.0]
         [Termination Attempts: Min: 1, Avg: 1.0, Max: 1, Diff: 0, Sum: 4]
      [GC Worker Other (ms): Min: 0.0, Avg: 0.0, Max: 0.0, Diff: 0.0, Sum: 0.1]
      [GC Worker Total (ms): Min: 18.6, Avg: 19.3, Max: 19.5, Diff: 0.9, Sum: 77.2]
      [GC Worker End (ms): Min: 42114801.1, Avg: 42114801.1, Max: 42114801.2, Diff: 0.0]
   [Code Root Fixup: 0.0 ms]
   [Code Root Purge: 0.0 ms]
   [Clear CT: 0.1 ms]
   [Other: 0.6 ms]
      [Choose CSet: 0.0 ms]
      [Ref Proc: 0.1 ms]
      [Ref Enq: 0.0 ms]
      [Redirty Cards: 0.1 ms]
      [Humongous Register: 0.0 ms]
      [Humongous Reclaim: 0.0 ms]
      [Free CSet: 0.1 ms]
   [Eden: 45.0M(45.0M)->0.0B(46.0M) Survivors: 6144.0K->5120.0K Heap: 355.9M(1024.0M)->311.1M(1024.0M)]
 [Times: user=0.07 sys=0.01, real=0.02 secs] 
2019-11-03T21:41:29.751+0800: 42124.727: [GC pause (G1 Evacuation Pause) (young), 0.0221466 secs]
   [Parallel Time: 21.2 ms, GC Workers: 4]
      [GC Worker Start (ms): Min: 42124727.6, Avg: 42124730.2, Max: 42124737.9, Diff: 10.3]
      [Ext Root Scanning (ms): Min: 0.0, Avg: 0.5, Max: 0.8, Diff: 0.8, Sum: 2.1]
      [Update RS (ms): Min: 0.0, Avg: 1.4, Max: 2.1, Diff: 2.1, Sum: 5.8]
         [Processed Buffers: Min: 0, Avg: 8.0, Max: 16, Diff: 16, Sum: 32]
      [Scan RS (ms): Min: 0.3, Avg: 6.1, Max: 9.2, Diff: 8.9, Sum: 24.5]
      [Code Root Scanning (ms): Min: 0.0, Avg: 0.0, Max: 0.0, Diff: 0.0, Sum: 0.0]
      [Object Copy (ms): Min: 8.7, Avg: 10.2, Max: 11.3, Diff: 2.6, Sum: 40.8]
      [Termination (ms): Min: 0.0, Avg: 0.2, Max: 0.3, Diff: 0.3, Sum: 0.6]
         [Termination Attempts: Min: 1, Avg: 1.0, Max: 1, Diff: 0, Sum: 4]
      [GC Worker Other (ms): Min: 0.0, Avg: 0.0, Max: 0.0, Diff: 0.0, Sum: 0.1]
      [GC Worker Total (ms): Min: 10.6, Avg: 18.4, Max: 21.1, Diff: 10.5, Sum: 73.8]
      [GC Worker End (ms): Min: 42124748.6, Avg: 42124748.7, Max: 42124748.8, Diff: 0.2]
   [Code Root Fixup: 0.0 ms]
   [Code Root Purge: 0.0 ms]
   [Clear CT: 0.1 ms]
   [Other: 0.9 ms]
      [Choose CSet: 0.0 ms]
      [Ref Proc: 0.4 ms]
      [Ref Enq: 0.0 ms]
      [Redirty Cards: 0.1 ms]
      [Humongous Register: 0.1 ms]
      [Humongous Reclaim: 0.0 ms]
      [Free CSet: 0.1 ms]
   [Eden: 46.0M(46.0M)->0.0B(46.0M) Survivors: 5120.0K->5120.0K Heap: 357.1M(1024.0M)->311.1M(1024.0M)]
 [Times: user=0.06 sys=0.00, real=0.02 secs] 
2019-11-03T21:41:39.745+0800: 42134.721: [GC pause (G1 Evacuation Pause) (young), 0.0215410 secs]
   [Parallel Time: 20.8 ms, GC Workers: 4]
      [GC Worker Start (ms): Min: 42134721.2, Avg: 42134721.3, Max: 42134721.5, Diff: 0.3]
      [Ext Root Scanning (ms): Min: 1.3, Avg: 2.6, Max: 3.5, Diff: 2.2, Sum: 10.4]
      [Update RS (ms): Min: 2.1, Avg: 3.0, Max: 3.9, Diff: 1.7, Sum: 12.0]
         [Processed Buffers: Min: 4, Avg: 9.0, Max: 11, Diff: 7, Sum: 36]
      [Scan RS (ms): Min: 5.5, Avg: 6.4, Max: 8.5, Diff: 2.9, Sum: 25.7]
      [Code Root Scanning (ms): Min: 0.0, Avg: 0.0, Max: 0.0, Diff: 0.0, Sum: 0.0]
      [Object Copy (ms): Min: 7.0, Avg: 8.6, Max: 9.2, Diff: 2.2, Sum: 34.4]
      [Termination (ms): Min: 0.0, Avg: 0.0, Max: 0.0, Diff: 0.0, Sum: 0.0]
         [Termination Attempts: Min: 1, Avg: 1.0, Max: 1, Diff: 0, Sum: 4]
      [GC Worker Other (ms): Min: 0.0, Avg: 0.0, Max: 0.0, Diff: 0.0, Sum: 0.1]
      [GC Worker Total (ms): Min: 20.4, Avg: 20.7, Max: 20.8, Diff: 0.3, Sum: 82.7]
      [GC Worker End (ms): Min: 42134742.0, Avg: 42134742.0, Max: 42134742.0, Diff: 0.0]
   [Code Root Fixup: 0.0 ms]
   [Code Root Purge: 0.0 ms]
   [Clear CT: 0.1 ms]
   [Other: 0.6 ms]
      [Choose CSet: 0.0 ms]
      [Ref Proc: 0.1 ms]
      [Ref Enq: 0.0 ms]
      [Redirty Cards: 0.1 ms]
      [Humongous Register: 0.0 ms]
      [Humongous Reclaim: 0.0 ms]
      [Free CSet: 0.1 ms]
   [Eden: 46.0M(46.0M)->0.0B(46.0M) Survivors: 5120.0K->5120.0K Heap: 357.1M(1024.0M)->311.1M(1024.0M)]
 [Times: user=0.06 sys=0.00, real=0.02 secs] 
2019-11-03T21:41:49.807+0800: 42144.783: [GC pause (G1 Evacuation Pause) (young), 0.0195720 secs]
   [Parallel Time: 16.0 ms, GC Workers: 4]
      [GC Worker Start (ms): Min: 42144782.9, Avg: 42144782.9, Max: 42144783.0, Diff: 0.0]
      [Ext Root Scanning (ms): Min: 0.5, Avg: 0.5, Max: 0.5, Diff: 0.1, Sum: 2.0]
      [Update RS (ms): Min: 1.1, Avg: 1.2, Max: 1.3, Diff: 0.2, Sum: 4.7]
         [Processed Buffers: Min: 4, Avg: 8.0, Max: 13, Diff: 9, Sum: 32]
      [Scan RS (ms): Min: 3.8, Avg: 4.2, Max: 5.0, Diff: 1.2, Sum: 16.7]
      [Code Root Scanning (ms): Min: 0.0, Avg: 0.0, Max: 0.0, Diff: 0.0, Sum: 0.0]
      [Object Copy (ms): Min: 9.3, Avg: 10.0, Max: 10.3, Diff: 1.1, Sum: 40.1]
      [Termination (ms): Min: 0.0, Avg: 0.0, Max: 0.0, Diff: 0.0, Sum: 0.0]
         [Termination Attempts: Min: 1, Avg: 1.0, Max: 1, Diff: 0, Sum: 4]
      [GC Worker Other (ms): Min: 0.0, Avg: 0.0, Max: 0.1, Diff: 0.0, Sum: 0.2]
      [GC Worker Total (ms): Min: 15.9, Avg: 15.9, Max: 16.0, Diff: 0.1, Sum: 63.7]
      [GC Worker End (ms): Min: 42144798.9, Avg: 42144798.9, Max: 42144798.9, Diff: 0.0]
   [Code Root Fixup: 0.0 ms]
   [Code Root Purge: 0.0 ms]
   [Clear CT: 2.8 ms]
   [Other: 0.8 ms]
      [Choose CSet: 0.0 ms]
      [Ref Proc: 0.3 ms]
      [Ref Enq: 0.0 ms]
      [Redirty Cards: 0.1 ms]
      [Humongous Register: 0.0 ms]
      [Humongous Reclaim: 0.0 ms]
      [Free CSet: 0.1 ms]
   [Eden: 46.0M(46.0M)->0.0B(45.0M) Survivors: 5120.0K->6144.0K Heap: 357.1M(1024.0M)->312.6M(1024.0M)]
 [Times: user=0.05 sys=0.00, real=0.02 secs] 
2019-11-03T21:41:59.515+0800: 42154.491: [GC pause (G1 Evacuation Pause) (young), 0.0227173 secs]
   [Parallel Time: 22.0 ms, GC Workers: 4]
      [GC Worker Start (ms): Min: 42154491.1, Avg: 42154491.2, Max: 42154491.3, Diff: 0.1]
      [Ext Root Scanning (ms): Min: 1.1, Avg: 2.0, Max: 4.5, Diff: 3.4, Sum: 7.9]
      [Update RS (ms): Min: 0.5, Avg: 3.2, Max: 4.4, Diff: 3.9, Sum: 12.7]
         [Processed Buffers: Min: 1, Avg: 9.5, Max: 14, Diff: 13, Sum: 38]
      [Scan RS (ms): Min: 5.6, Avg: 6.0, Max: 6.3, Diff: 0.7, Sum: 24.2]
      [Code Root Scanning (ms): Min: 0.0, Avg: 0.0, Max: 0.0, Diff: 0.0, Sum: 0.0]
      [Object Copy (ms): Min: 10.5, Avg: 10.6, Max: 10.7, Diff: 0.1, Sum: 42.4]
      [Termination (ms): Min: 0.0, Avg: 0.0, Max: 0.0, Diff: 0.0, Sum: 0.0]
         [Termination Attempts: Min: 1, Avg: 1.2, Max: 2, Diff: 1, Sum: 5]
      [GC Worker Other (ms): Min: 0.0, Avg: 0.0, Max: 0.1, Diff: 0.0, Sum: 0.2]
      [GC Worker Total (ms): Min: 21.8, Avg: 21.9, Max: 21.9, Diff: 0.1, Sum: 87.4]
      [GC Worker End (ms): Min: 42154513.0, Avg: 42154513.1, Max: 42154513.1, Diff: 0.0]
   [Code Root Fixup: 0.0 ms]
   [Code Root Purge: 0.0 ms]
   [Clear CT: 0.1 ms]
   [Other: 0.6 ms]
      [Choose CSet: 0.0 ms]
      [Ref Proc: 0.2 ms]
      [Ref Enq: 0.0 ms]
      [Redirty Cards: 0.0 ms]
      [Humongous Register: 0.0 ms]
      [Humongous Reclaim: 0.0 ms]
      [Free CSet: 0.1 ms]
   [Eden: 45.0M(45.0M)->0.0B(46.0M) Survivors: 6144.0K->5120.0K Heap: 357.6M(1024.0M)->312.2M(1024.0M)]
 [Times: user=0.08 sys=0.01, real=0.02 secs] 
2019-11-03T21:42:09.479+0800: 42164.454: [GC pause (G1 Evacuation Pause) (young), 0.0184797 secs]
   [Parallel Time: 17.9 ms, GC Workers: 4]
      [GC Worker Start (ms): Min: 42164454.4, Avg: 42164454.6, Max: 42164455.1, Diff: 0.7]
      [Ext Root Scanning (ms): Min: 0.0, Avg: 0.5, Max: 0.7, Diff: 0.7, Sum: 1.9]
      [Update RS (ms): Min: 0.0, Avg: 1.6, Max: 2.4, Diff: 2.4, Sum: 6.6]
         [Processed Buffers: Min: 0, Avg: 7.5, Max: 12, Diff: 12, Sum: 30]
      [Scan RS (ms): Min: 0.0, Avg: 3.6, Max: 5.0, Diff: 5.0, Sum: 14.4]
      [Code Root Scanning (ms): Min: 0.0, Avg: 0.0, Max: 0.0, Diff: 0.0, Sum: 0.0]
      [Object Copy (ms): Min: 9.9, Avg: 11.7, Max: 16.9, Diff: 7.0, Sum: 46.9]
      [Termination (ms): Min: 0.0, Avg: 0.1, Max: 0.2, Diff: 0.2, Sum: 0.5]
         [Termination Attempts: Min: 1, Avg: 2.8, Max: 5, Diff: 4, Sum: 11]
      [GC Worker Other (ms): Min: 0.0, Avg: 0.0, Max: 0.0, Diff: 0.0, Sum: 0.1]
      [GC Worker Total (ms): Min: 17.1, Avg: 17.6, Max: 17.8, Diff: 0.7, Sum: 70.4]
      [GC Worker End (ms): Min: 42164472.1, Avg: 42164472.2, Max: 42164472.2, Diff: 0.1]
   [Code Root Fixup: 0.0 ms]
   [Code Root Purge: 0.0 ms]
   [Clear CT: 0.1 ms]
   [Other: 0.5 ms]
      [Choose CSet: 0.0 ms]
      [Ref Proc: 0.2 ms]
      [Ref Enq: 0.0 ms]
      [Redirty Cards: 0.1 ms]
      [Humongous Register: 0.0 ms]
      [Humongous Reclaim: 0.0 ms]
      [Free CSet: 0.1 ms]
   [Eden: 46.0M(46.0M)->0.0B(47.0M) Survivors: 5120.0K->4096.0K Heap: 358.2M(1024.0M)->311.7M(1024.0M)]
 [Times: user=0.05 sys=0.00, real=0.02 secs] 
